
============================================================
Processing video: living_room_04
============================================================
Downloading 1 video(s) to data/videos...

✓ living_room_04.mp4 already exists, skipping...

============================================================
Download Summary:
  Successful: 1/1
============================================================

============================================================
[1/1] Processing: living_room_04
============================================================
Video: data/videos/living_room_04.mp4
Subtitles: data/subtitles/robot/living_room_04.srt
Output: data/frames/living_room_04
============================================================

Parsing subtitle file: data/subtitles/robot/living_room_04.srt
Found 457 subtitle entries
Video: 1280x720, 30.00 FPS, 80325 frames, 2677.50s duration

Extracting frames with subtitles...
Grouping frames into folders of 30 frames each
  Saved 10 frames (up to 9s, folder 1)
  Saved 20 frames (up to 19s, folder 1)
  Saved 30 frames (up to 29s, folder 1)
  Saved 40 frames (up to 39s, folder 2)
  Saved 50 frames (up to 49s, folder 2)
  Saved 60 frames (up to 59s, folder 2)
  Saved 70 frames (up to 69s, folder 3)
  Saved 80 frames (up to 79s, folder 3)
  Saved 90 frames (up to 89s, folder 3)
  Saved 100 frames (up to 99s, folder 4)
  Saved 110 frames (up to 109s, folder 4)
  Saved 120 frames (up to 119s, folder 4)
  Saved 130 frames (up to 129s, folder 5)
  Saved 140 frames (up to 139s, folder 5)
  Saved 150 frames (up to 149s, folder 5)
  Saved 160 frames (up to 159s, folder 6)
  Saved 170 frames (up to 169s, folder 6)
  Saved 180 frames (up to 179s, folder 6)
  Saved 190 frames (up to 189s, folder 7)
  Saved 200 frames (up to 199s, folder 7)
  Saved 210 frames (up to 209s, folder 7)
  Saved 220 frames (up to 219s, folder 8)
  Saved 230 frames (up to 229s, folder 8)
  Saved 240 frames (up to 239s, folder 8)
  Saved 250 frames (up to 249s, folder 9)
  Saved 260 frames (up to 259s, folder 9)
  Saved 270 frames (up to 269s, folder 9)
  Saved 280 frames (up to 279s, folder 10)
  Saved 290 frames (up to 289s, folder 10)
  Saved 300 frames (up to 299s, folder 10)
  Saved 310 frames (up to 309s, folder 11)
  Saved 320 frames (up to 319s, folder 11)
  Saved 330 frames (up to 329s, folder 11)
  Saved 340 frames (up to 339s, folder 12)
  Saved 350 frames (up to 349s, folder 12)
  Saved 360 frames (up to 359s, folder 12)
  Saved 370 frames (up to 369s, folder 13)
  Saved 380 frames (up to 379s, folder 13)
  Saved 390 frames (up to 389s, folder 13)
  Saved 400 frames (up to 399s, folder 14)
  Saved 410 frames (up to 409s, folder 14)
  Saved 420 frames (up to 419s, folder 14)
  Saved 430 frames (up to 429s, folder 15)
  Saved 440 frames (up to 439s, folder 15)
  Saved 450 frames (up to 449s, folder 15)
  Saved 460 frames (up to 459s, folder 16)
  Saved 470 frames (up to 469s, folder 16)
  Saved 480 frames (up to 479s, folder 16)
  Saved 490 frames (up to 489s, folder 17)
  Saved 500 frames (up to 499s, folder 17)
  Saved 510 frames (up to 509s, folder 17)
  Saved 520 frames (up to 519s, folder 18)
  Saved 530 frames (up to 529s, folder 18)
  Saved 540 frames (up to 539s, folder 18)
  Saved 550 frames (up to 549s, folder 19)
  Saved 560 frames (up to 559s, folder 19)
  Saved 570 frames (up to 569s, folder 19)
  Saved 580 frames (up to 579s, folder 20)
  Saved 590 frames (up to 589s, folder 20)
  Saved 600 frames (up to 599s, folder 20)
  Saved 610 frames (up to 609s, folder 21)
  Saved 620 frames (up to 619s, folder 21)
  Saved 630 frames (up to 629s, folder 21)
  Saved 640 frames (up to 639s, folder 22)
  Saved 650 frames (up to 649s, folder 22)
  Saved 660 frames (up to 659s, folder 22)
  Saved 670 frames (up to 669s, folder 23)
  Saved 680 frames (up to 679s, folder 23)
  Saved 690 frames (up to 689s, folder 23)
  Saved 700 frames (up to 699s, folder 24)
  Saved 710 frames (up to 709s, folder 24)
  Saved 720 frames (up to 719s, folder 24)
  Saved 730 frames (up to 729s, folder 25)
  Saved 740 frames (up to 739s, folder 25)
  Saved 750 frames (up to 749s, folder 25)
  Saved 760 frames (up to 759s, folder 26)
  Saved 770 frames (up to 769s, folder 26)
  Saved 780 frames (up to 779s, folder 26)
  Saved 790 frames (up to 789s, folder 27)
  Saved 800 frames (up to 799s, folder 27)
  Saved 810 frames (up to 809s, folder 27)
  Saved 820 frames (up to 819s, folder 28)
  Saved 830 frames (up to 829s, folder 28)
  Saved 840 frames (up to 839s, folder 28)
  Saved 850 frames (up to 849s, folder 29)
  Saved 860 frames (up to 859s, folder 29)
  Saved 870 frames (up to 869s, folder 29)
  Saved 880 frames (up to 879s, folder 30)
  Saved 890 frames (up to 889s, folder 30)
  Saved 900 frames (up to 899s, folder 30)
  Saved 910 frames (up to 909s, folder 31)
  Saved 920 frames (up to 919s, folder 31)
  Saved 930 frames (up to 929s, folder 31)
  Saved 940 frames (up to 939s, folder 32)
  Saved 950 frames (up to 949s, folder 32)
  Saved 960 frames (up to 959s, folder 32)
  Saved 970 frames (up to 969s, folder 33)
  Saved 980 frames (up to 979s, folder 33)
  Saved 990 frames (up to 989s, folder 33)
  Saved 1000 frames (up to 999s, folder 34)
  Saved 1010 frames (up to 1009s, folder 34)
  Saved 1020 frames (up to 1019s, folder 34)
  Saved 1030 frames (up to 1029s, folder 35)
  Saved 1040 frames (up to 1039s, folder 35)
  Saved 1050 frames (up to 1049s, folder 35)
  Saved 1060 frames (up to 1059s, folder 36)
  Saved 1070 frames (up to 1069s, folder 36)
  Saved 1080 frames (up to 1079s, folder 36)
  Saved 1090 frames (up to 1089s, folder 37)
  Saved 1100 frames (up to 1099s, folder 37)
  Saved 1110 frames (up to 1109s, folder 37)
  Saved 1120 frames (up to 1119s, folder 38)
  Saved 1130 frames (up to 1129s, folder 38)
  Saved 1140 frames (up to 1139s, folder 38)
  Saved 1150 frames (up to 1149s, folder 39)
  Saved 1160 frames (up to 1159s, folder 39)
  Saved 1170 frames (up to 1169s, folder 39)
  Saved 1180 frames (up to 1179s, folder 40)
  Saved 1190 frames (up to 1189s, folder 40)
  Saved 1200 frames (up to 1199s, folder 40)
  Saved 1210 frames (up to 1209s, folder 41)
  Saved 1220 frames (up to 1219s, folder 41)
  Saved 1230 frames (up to 1229s, folder 41)
  Saved 1240 frames (up to 1239s, folder 42)
  Saved 1250 frames (up to 1249s, folder 42)
  Saved 1260 frames (up to 1259s, folder 42)
  Saved 1270 frames (up to 1269s, folder 43)
  Saved 1280 frames (up to 1279s, folder 43)
  Saved 1290 frames (up to 1289s, folder 43)
  Saved 1300 frames (up to 1299s, folder 44)
  Saved 1310 frames (up to 1309s, folder 44)
  Saved 1320 frames (up to 1319s, folder 44)
  Saved 1330 frames (up to 1329s, folder 45)
  Saved 1340 frames (up to 1339s, folder 45)
  Saved 1350 frames (up to 1349s, folder 45)
  Saved 1360 frames (up to 1359s, folder 46)
  Saved 1370 frames (up to 1369s, folder 46)
  Saved 1380 frames (up to 1379s, folder 46)
  Saved 1390 frames (up to 1389s, folder 47)
  Saved 1400 frames (up to 1399s, folder 47)
  Saved 1410 frames (up to 1409s, folder 47)
  Saved 1420 frames (up to 1419s, folder 48)
  Saved 1430 frames (up to 1429s, folder 48)
  Saved 1440 frames (up to 1439s, folder 48)
  Saved 1450 frames (up to 1449s, folder 49)
  Saved 1460 frames (up to 1459s, folder 49)
  Saved 1470 frames (up to 1469s, folder 49)
  Saved 1480 frames (up to 1479s, folder 50)
  Saved 1490 frames (up to 1489s, folder 50)
  Saved 1500 frames (up to 1499s, folder 50)
  Saved 1510 frames (up to 1509s, folder 51)
  Saved 1520 frames (up to 1519s, folder 51)
  Saved 1530 frames (up to 1529s, folder 51)
  Saved 1540 frames (up to 1539s, folder 52)
  Saved 1550 frames (up to 1549s, folder 52)
  Saved 1560 frames (up to 1559s, folder 52)
  Saved 1570 frames (up to 1569s, folder 53)
  Saved 1580 frames (up to 1579s, folder 53)
  Saved 1590 frames (up to 1589s, folder 53)
  Saved 1600 frames (up to 1599s, folder 54)
  Saved 1610 frames (up to 1609s, folder 54)
  Saved 1620 frames (up to 1619s, folder 54)
  Saved 1630 frames (up to 1629s, folder 55)
  Saved 1640 frames (up to 1639s, folder 55)
  Saved 1650 frames (up to 1649s, folder 55)
  Saved 1660 frames (up to 1659s, folder 56)
  Saved 1670 frames (up to 1669s, folder 56)
  Saved 1680 frames (up to 1679s, folder 56)
  Saved 1690 frames (up to 1689s, folder 57)
  Saved 1700 frames (up to 1699s, folder 57)
  Saved 1710 frames (up to 1709s, folder 57)
  Saved 1720 frames (up to 1719s, folder 58)
  Saved 1730 frames (up to 1729s, folder 58)
  Saved 1740 frames (up to 1739s, folder 58)
  Saved 1750 frames (up to 1749s, folder 59)
  Saved 1760 frames (up to 1759s, folder 59)
  Saved 1770 frames (up to 1769s, folder 59)
  Saved 1780 frames (up to 1779s, folder 60)
  Saved 1790 frames (up to 1789s, folder 60)
  Saved 1800 frames (up to 1799s, folder 60)
  Saved 1810 frames (up to 1809s, folder 61)
  Saved 1820 frames (up to 1819s, folder 61)
  Saved 1830 frames (up to 1829s, folder 61)
  Saved 1840 frames (up to 1839s, folder 62)
  Saved 1850 frames (up to 1849s, folder 62)
  Saved 1860 frames (up to 1859s, folder 62)
  Saved 1870 frames (up to 1869s, folder 63)
  Saved 1880 frames (up to 1879s, folder 63)
  Saved 1890 frames (up to 1889s, folder 63)
  Saved 1900 frames (up to 1899s, folder 64)
  Saved 1910 frames (up to 1909s, folder 64)
  Saved 1920 frames (up to 1919s, folder 64)
  Saved 1930 frames (up to 1929s, folder 65)
  Saved 1940 frames (up to 1939s, folder 65)
  Saved 1950 frames (up to 1949s, folder 65)
  Saved 1960 frames (up to 1959s, folder 66)
  Saved 1970 frames (up to 1969s, folder 66)
  Saved 1980 frames (up to 1979s, folder 66)
  Saved 1990 frames (up to 1989s, folder 67)
  Saved 2000 frames (up to 1999s, folder 67)
  Saved 2010 frames (up to 2009s, folder 67)
  Saved 2020 frames (up to 2019s, folder 68)
  Saved 2030 frames (up to 2029s, folder 68)
  Saved 2040 frames (up to 2039s, folder 68)
  Saved 2050 frames (up to 2049s, folder 69)
  Saved 2060 frames (up to 2059s, folder 69)
  Saved 2070 frames (up to 2069s, folder 69)
  Saved 2080 frames (up to 2079s, folder 70)
  Saved 2090 frames (up to 2089s, folder 70)
  Saved 2100 frames (up to 2099s, folder 70)
  Saved 2110 frames (up to 2109s, folder 71)
  Saved 2120 frames (up to 2119s, folder 71)
  Saved 2130 frames (up to 2129s, folder 71)
  Saved 2140 frames (up to 2139s, folder 72)
  Saved 2150 frames (up to 2149s, folder 72)
  Saved 2160 frames (up to 2159s, folder 72)
  Saved 2170 frames (up to 2169s, folder 73)
  Saved 2180 frames (up to 2179s, folder 73)
  Saved 2190 frames (up to 2189s, folder 73)
  Saved 2200 frames (up to 2199s, folder 74)
  Saved 2210 frames (up to 2209s, folder 74)
  Saved 2220 frames (up to 2219s, folder 74)
  Saved 2230 frames (up to 2229s, folder 75)
  Saved 2240 frames (up to 2239s, folder 75)
  Saved 2250 frames (up to 2249s, folder 75)
  Saved 2260 frames (up to 2259s, folder 76)
  Saved 2270 frames (up to 2269s, folder 76)
  Saved 2280 frames (up to 2279s, folder 76)
  Saved 2290 frames (up to 2289s, folder 77)
  Saved 2300 frames (up to 2299s, folder 77)
  Saved 2310 frames (up to 2309s, folder 77)
  Saved 2320 frames (up to 2319s, folder 78)
  Saved 2330 frames (up to 2329s, folder 78)
  Saved 2340 frames (up to 2339s, folder 78)
  Saved 2350 frames (up to 2349s, folder 79)
  Saved 2360 frames (up to 2359s, folder 79)
  Saved 2370 frames (up to 2369s, folder 79)
  Saved 2380 frames (up to 2379s, folder 80)
  Saved 2390 frames (up to 2389s, folder 80)
  Saved 2400 frames (up to 2399s, folder 80)
  Saved 2410 frames (up to 2409s, folder 81)
  Saved 2420 frames (up to 2419s, folder 81)
  Saved 2430 frames (up to 2429s, folder 81)
  Saved 2440 frames (up to 2439s, folder 82)
  Saved 2450 frames (up to 2449s, folder 82)
  Saved 2460 frames (up to 2459s, folder 82)
  Saved 2470 frames (up to 2469s, folder 83)
  Saved 2480 frames (up to 2479s, folder 83)
  Saved 2490 frames (up to 2489s, folder 83)
  Saved 2500 frames (up to 2499s, folder 84)
  Saved 2510 frames (up to 2509s, folder 84)
  Saved 2520 frames (up to 2519s, folder 84)
  Saved 2530 frames (up to 2529s, folder 85)
  Saved 2540 frames (up to 2539s, folder 85)
  Saved 2550 frames (up to 2549s, folder 85)
  Saved 2560 frames (up to 2559s, folder 86)
  Saved 2570 frames (up to 2569s, folder 86)
  Saved 2580 frames (up to 2579s, folder 86)
  Saved 2590 frames (up to 2589s, folder 87)
  Saved 2600 frames (up to 2599s, folder 87)
  Saved 2610 frames (up to 2609s, folder 87)
  Saved 2620 frames (up to 2619s, folder 88)
  Saved 2630 frames (up to 2629s, folder 88)
  Saved 2640 frames (up to 2639s, folder 88)
  Saved 2650 frames (up to 2649s, folder 89)
  Saved 2660 frames (up to 2659s, folder 89)
  Saved 2670 frames (up to 2669s, folder 89)

✓ Extracted 2678 frames to data/frames/living_room_04

✓ Successfully processed living_room_04: 2678 frames saved
--------------------------------
Processing folder:  data/frames/living_room_04/1
Inserted 18 triples into graph for clip 1
--------------------------------
Processing folder:  data/frames/living_room_04/2
Inserted 23 triples into graph for clip 2
--------------------------------
Processing folder:  data/frames/living_room_04/3
Inserted 17 triples into graph for clip 3
--------------------------------
Processing folder:  data/frames/living_room_04/4
Inserted 31 triples into graph for clip 4
--------------------------------
Processing folder:  data/frames/living_room_04/5
Extracting summary for completed conversation 1...
✓ Conversation summary extracted. Attributes: 5, Relationships: 2
Inserted 26 triples into graph for clip 5
--------------------------------
Processing folder:  data/frames/living_room_04/6
Inserted 29 triples into graph for clip 6
--------------------------------
Processing folder:  data/frames/living_room_04/7
Inserted 11 triples into graph for clip 7
--------------------------------
Processing folder:  data/frames/living_room_04/8
Extracting summary for completed conversation 2...
✓ Conversation summary extracted. Attributes: 3, Relationships: 0
Inserted 25 triples into graph for clip 8
--------------------------------
Processing folder:  data/frames/living_room_04/9
Inserted 15 triples into graph for clip 9
--------------------------------
Processing folder:  data/frames/living_room_04/10
Inserted 15 triples into graph for clip 10
--------------------------------
Processing folder:  data/frames/living_room_04/11
Inserted 15 triples into graph for clip 11
--------------------------------
Processing folder:  data/frames/living_room_04/12
LLM call failed, retrying... Error: Error code: 400 - {'error': {'message': 'code: content_policy_violation; message: Image processing blocked due to content policy violation.', 'type': 'invalid_request_error', 'param': 'input', 'code': '-4315'}}
Inserted 20 triples into graph for clip 12
--------------------------------
Processing folder:  data/frames/living_room_04/13
Inserted 26 triples into graph for clip 13
--------------------------------
Processing folder:  data/frames/living_room_04/14
Inserted 13 triples into graph for clip 14
--------------------------------
Processing folder:  data/frames/living_room_04/15
Inserted 20 triples into graph for clip 15
--------------------------------
Processing folder:  data/frames/living_room_04/16
Inserted 39 triples into graph for clip 16
--------------------------------
Processing folder:  data/frames/living_room_04/17
Inserted 28 triples into graph for clip 17
--------------------------------
Processing folder:  data/frames/living_room_04/18
Inserted 20 triples into graph for clip 18
--------------------------------
Processing folder:  data/frames/living_room_04/19
Inserted 37 triples into graph for clip 19
--------------------------------
Processing folder:  data/frames/living_room_04/20
Inserted 23 triples into graph for clip 20
--------------------------------
Processing folder:  data/frames/living_room_04/21
Inserted 24 triples into graph for clip 21
--------------------------------
Processing folder:  data/frames/living_room_04/22
Inserted 33 triples into graph for clip 22
--------------------------------
Processing folder:  data/frames/living_room_04/23
Inserted 14 triples into graph for clip 23
--------------------------------
Processing folder:  data/frames/living_room_04/24
Extracting summary for completed conversation 3...
Warning: Character '<Cindy>' not found in graph, skipping attribute: birthday celebrant
Warning: Character '<Cindy>' not found in graph, skipping relationship
Warning: Character '<Cindy>' not found in graph, skipping relationship
✓ Conversation summary extracted. Attributes: 8, Relationships: 5
Inserted 27 triples into graph for clip 24
--------------------------------
Processing folder:  data/frames/living_room_04/25
Inserted 43 triples into graph for clip 25
--------------------------------
Processing folder:  data/frames/living_room_04/26
Extracting summary for completed conversation 4...
✓ Conversation summary extracted. Attributes: 1, Relationships: 1
Inserted 19 triples into graph for clip 26
--------------------------------
Processing folder:  data/frames/living_room_04/27
Inserted 17 triples into graph for clip 27
--------------------------------
Processing folder:  data/frames/living_room_04/28
Inserted 32 triples into graph for clip 28
--------------------------------
Processing folder:  data/frames/living_room_04/29
Extracting summary for completed conversation 5...
✓ Conversation summary extracted. Attributes: 4, Relationships: 2
Inserted 61 triples into graph for clip 29
--------------------------------
Processing folder:  data/frames/living_room_04/30
Inserted 48 triples into graph for clip 30
--------------------------------
Processing folder:  data/frames/living_room_04/31
Inserted 22 triples into graph for clip 31
--------------------------------
Processing folder:  data/frames/living_room_04/32
Inserted 38 triples into graph for clip 32
--------------------------------
Processing folder:  data/frames/living_room_04/33
Extracting summary for completed conversation 6...
✓ Conversation summary extracted. Attributes: 5, Relationships: 2
Inserted 33 triples into graph for clip 33
--------------------------------
Processing folder:  data/frames/living_room_04/34
Inserted 31 triples into graph for clip 34
--------------------------------
Processing folder:  data/frames/living_room_04/35
Inserted 17 triples into graph for clip 35
--------------------------------
Processing folder:  data/frames/living_room_04/36
Inserted 40 triples into graph for clip 36
--------------------------------
Processing folder:  data/frames/living_room_04/37
Inserted 29 triples into graph for clip 37
--------------------------------
Processing folder:  data/frames/living_room_04/38
Inserted 39 triples into graph for clip 38
--------------------------------
Processing folder:  data/frames/living_room_04/39
Inserted 36 triples into graph for clip 39
--------------------------------
Processing folder:  data/frames/living_room_04/40
Inserted 26 triples into graph for clip 40
--------------------------------
Processing folder:  data/frames/living_room_04/41
Inserted 30 triples into graph for clip 41
--------------------------------
Processing folder:  data/frames/living_room_04/42
Inserted 14 triples into graph for clip 42
--------------------------------
Processing folder:  data/frames/living_room_04/43
Inserted 18 triples into graph for clip 43
--------------------------------
Processing folder:  data/frames/living_room_04/44
Inserted 22 triples into graph for clip 44
--------------------------------
Processing folder:  data/frames/living_room_04/45
Inserted 22 triples into graph for clip 45
--------------------------------
Processing folder:  data/frames/living_room_04/46
Inserted 36 triples into graph for clip 46
--------------------------------
Processing folder:  data/frames/living_room_04/47
Inserted 29 triples into graph for clip 47
--------------------------------
Processing folder:  data/frames/living_room_04/48
Inserted 24 triples into graph for clip 48
--------------------------------
Processing folder:  data/frames/living_room_04/49
Inserted 19 triples into graph for clip 49
--------------------------------
Processing folder:  data/frames/living_room_04/50
Extracting summary for completed conversation 7...
Warning: Character '<Cindy>' not found in graph, skipping attribute: prefers fast food
Warning: Character '<Cindy>' not found in graph, skipping relationship
Warning: Character '<Cindy>' not found in graph, skipping relationship
Warning: Character '<Cindy>' not found in graph, skipping relationship
✓ Conversation summary extracted. Attributes: 8, Relationships: 6
Inserted 27 triples into graph for clip 50
--------------------------------
Processing folder:  data/frames/living_room_04/51
Inserted 16 triples into graph for clip 51
--------------------------------
Processing folder:  data/frames/living_room_04/52
Inserted 23 triples into graph for clip 52
--------------------------------
Processing folder:  data/frames/living_room_04/53
Inserted 14 triples into graph for clip 53
--------------------------------
Processing folder:  data/frames/living_room_04/54
Inserted 35 triples into graph for clip 54
--------------------------------
Processing folder:  data/frames/living_room_04/55
Inserted 36 triples into graph for clip 55
--------------------------------
Processing folder:  data/frames/living_room_04/56
Inserted 20 triples into graph for clip 56
--------------------------------
Processing folder:  data/frames/living_room_04/57
Inserted 31 triples into graph for clip 57
--------------------------------
Processing folder:  data/frames/living_room_04/58
Extracting summary for completed conversation 8...
✓ Conversation summary extracted. Attributes: 6, Relationships: 6
Inserted 13 triples into graph for clip 58
--------------------------------
Processing folder:  data/frames/living_room_04/59
Inserted 21 triples into graph for clip 59
--------------------------------
Processing folder:  data/frames/living_room_04/60
Inserted 34 triples into graph for clip 60
--------------------------------
Processing folder:  data/frames/living_room_04/61
Inserted 37 triples into graph for clip 61
--------------------------------
Processing folder:  data/frames/living_room_04/62
Inserted 27 triples into graph for clip 62
--------------------------------
Processing folder:  data/frames/living_room_04/63
Inserted 20 triples into graph for clip 63
--------------------------------
Processing folder:  data/frames/living_room_04/64
Inserted 37 triples into graph for clip 64
--------------------------------
Processing folder:  data/frames/living_room_04/65
Extracting summary for completed conversation 9...
✓ Conversation summary extracted. Attributes: 7, Relationships: 4
Inserted 31 triples into graph for clip 65
--------------------------------
Processing folder:  data/frames/living_room_04/66
Inserted 28 triples into graph for clip 66
--------------------------------
Processing folder:  data/frames/living_room_04/67
Inserted 20 triples into graph for clip 67
--------------------------------
Processing folder:  data/frames/living_room_04/68
Inserted 23 triples into graph for clip 68
--------------------------------
Processing folder:  data/frames/living_room_04/69
Inserted 23 triples into graph for clip 69
--------------------------------
Processing folder:  data/frames/living_room_04/70
Extracting summary for completed conversation 10...
✓ Conversation summary extracted. Attributes: 5, Relationships: 3
Inserted 32 triples into graph for clip 70
--------------------------------
Processing folder:  data/frames/living_room_04/71
Inserted 23 triples into graph for clip 71
--------------------------------
Processing folder:  data/frames/living_room_04/72
Inserted 26 triples into graph for clip 72
--------------------------------
Processing folder:  data/frames/living_room_04/73
Inserted 31 triples into graph for clip 73
--------------------------------
Processing folder:  data/frames/living_room_04/74
Inserted 32 triples into graph for clip 74
--------------------------------
Processing folder:  data/frames/living_room_04/75
Inserted 25 triples into graph for clip 75
--------------------------------
Processing folder:  data/frames/living_room_04/76
Inserted 20 triples into graph for clip 76
--------------------------------
Processing folder:  data/frames/living_room_04/77
Inserted 22 triples into graph for clip 77
--------------------------------
Processing folder:  data/frames/living_room_04/78
Inserted 26 triples into graph for clip 78
--------------------------------
Processing folder:  data/frames/living_room_04/79
Inserted 22 triples into graph for clip 79
--------------------------------
Processing folder:  data/frames/living_room_04/80
Inserted 29 triples into graph for clip 80
--------------------------------
Processing folder:  data/frames/living_room_04/81
Inserted 25 triples into graph for clip 81
--------------------------------
Processing folder:  data/frames/living_room_04/82
Inserted 33 triples into graph for clip 82
--------------------------------
Processing folder:  data/frames/living_room_04/83
Inserted 25 triples into graph for clip 83
--------------------------------
Processing folder:  data/frames/living_room_04/84
Inserted 31 triples into graph for clip 84
--------------------------------
Processing folder:  data/frames/living_room_04/85
Inserted 36 triples into graph for clip 85
--------------------------------
Processing folder:  data/frames/living_room_04/86
Extracting summary for completed conversation 11...
✓ Conversation summary extracted. Attributes: 11, Relationships: 6
Inserted 23 triples into graph for clip 86
--------------------------------
Processing folder:  data/frames/living_room_04/87
Inserted 19 triples into graph for clip 87
--------------------------------
Processing folder:  data/frames/living_room_04/88
Extracting summary for completed conversation 12...
✓ Conversation summary extracted. Attributes: 2, Relationships: 2
Inserted 36 triples into graph for clip 88
--------------------------------
Processing folder:  data/frames/living_room_04/89
Inserted 17 triples into graph for clip 89
--------------------------------
Processing folder:  data/frames/living_room_04/90
Inserted 8 triples into graph for clip 90
Inserting character appearances for 5 characters...
✓ Character appearances inserted: 27 appearance edges created
523 node embeddings inserted (5 characters, 518 objects)
✗ Error inserting embeddings: Error code: 400 - {'error': {'message': "code: ; message: '$.input' is invalid. Please check the API reference: https://platform.openai.com/docs/api-reference.", 'type': 'invalid_request_error', 'code': '-4003'}}
Generating character attributes...
Number of edges:  2399
Character attributes generated.
Number of edges:  2433
Character relationships generated.
Number of edges:  2484
✓ Graph memory built for living_room_04
Question: Did Betty buy a lot of snacks for Cindy?

[Step 1] Searching the graph...
Parse Query Output:
{
  "query_triple": ["<Betty>", "buys snacks for", "<Cindy>", 0.95, 0.35, 0.95],
  "spatial_constraint": null,
  "speaker_strict": null,
  "allocation": {
    "k_high_level": 6,
    "k_low_level": 36,
    "k_conversations": 8,
    "total_k": 50,
    "reasoning": "Action/quantity query about a purchase; prioritize low-level edges to capture concrete actions and amounts, with some high-level edges for relationship context and limited conversations for any verbal mentions of buying 'a lot of snacks.'"
  }
}

Graph Search Results:
**High-Level Information (Character Attributes and Relationships): **

Character Relationships:
- Betty close friends with Cindy (90)
- Betty is close friend of Cindy (90)
- Betty cares for Cindy (85)
- Betty plans a surprise for Cindy (80)
- Cindy is friend of Betty (80)
- Betty cooperates with Cindy (80)

**Low-Level Information (Actions and Events): **

[2] Betty calls out Daisy. (living room)
[15] Betty mentions Cindy coming back. (living room)
[17] Betty looks at <Linda>'s screen. (living room)
[28] Betty examines closely Linda's balloon. (living room)
[31] Betty asks about plan after movie Cindy. (living room)
[45] Betty calls out Daisy. (living room)
[46] Betty wants to make Cindy. (living room)
[51] Betty mentions surprise is for Cindy. (living room)
[56] Betty invites to come inside Cindy. (apartment entryway)
[56] Cindy asks for help Daisy. (apartment entryway)
[57] Cindy faces Betty. (living room)
[59] Betty looks toward Cindy. (living room)
[59] Betty speaks to Cindy. (living room)
[59] Cindy answers Betty. (living room)
[59] Betty offers drink to Cindy. (living room)
[61] Cindy thanks Betty. (living room)
[61] Cindy faces Betty. (living room)
[64] Cindy watches Betty. (living room)
[66] Betty looks toward Cindy. (living room)
[66] Betty asks Cindy. (living room)
[67] Cindy watches Betty. (living room)
[67] Cindy warns Betty. (living room)
[67] Betty acknowledges warning Cindy. (living room)
[68] Cindy sits between Betty. (living room)
[68] Betty finishes song directed to Cindy. (living room)
[69] Cindy responds while facing Betty. (living room party)
[69] Cindy looks at Cindy's friend. (living room party)
[78] Betty looks toward Cindy. (living room)
[79] Betty gestures toward Cindy. (living room party)
[80] Betty watches Cindy. (living room)
[83] Cindy gestures with left hand toward Betty. (living room)
[84] Cindy addresses Betty. (living room)
[84] Betty responds briefly to Cindy. (living room)
[84] Cindy thanks Betty. (living room)
[84] Cindy says to Betty. (living room)
[85] Cindy walks behind Betty. (living room)

**Conversations: **

Conversation 9: The group chats casually about drinks and snacks, with Cindy choosing cola and expressing enthusiasm for the snacks and a strawberry cake. Betty offers to buy items Cindy likes and emphasizes their close friendship. Linda facilitates the cake moment, encouraging wishes and moving to cut and eat the cake. Overall, the tone is friendly and supportive, centered on sharing treats together.
[59] Betty: Are you thirsty Cindy?
[59] Cindy: Yes a little bit thirsty.
[59] Betty: Would you want to have a Coke?
[61] Betty: as long as it's to your liking I will buy for you first
[61] Betty: we are best friend
[61] Cindy: thank you so much Betty
[61] Cindy: I like it very much
[61] Linda: alright

Conversation 2: Betty gives instructions for decorating, asking Daisy to hang something and blow up balloons. She specifies that red and pink should go first, followed by other colors, and notes it will look more beautiful at night when turned on. She also mentions that Cindy would like the result.
[6] Betty: thank you
[7] Betty: it will be looked more beautiful at night when turn on
[7] Betty: Cindy would like it
[7] Betty: Daisy please blow the balloon for me
[7] Betty: and

Conversation 7: Betty and Linda coordinated decorating a room for a surprise welcome, placing balloons and a banner on the photo wall and adjusting lighting. They asked Daisy to help with tasks like hanging decorations, organizing tools, and adjusting the air conditioner temperature to 27°C. Linda expressed health concerns about snacks and suggested healthier options, while Betty prioritized Cindy’s preferences. They prepared the space and awaited Cindy’s return to surprise her, considering party poppers and missing streamers.
[46] Linda: these snacks all chips and coke
[46] Linda: eat too many these snacks is not good for health
[46] Betty: oh I know but Cindy like this
[46] Betty: I just want to make her happy
[46] Linda: why don't you buy some fruit milk and so on

Conversation 10: The group is preparing a birthday celebration for Cindy, organizing a lighter and turning off the lights before singing. Cindy keeps her birthday wish secret, while Linda expresses confidence that wishes can be realized and proceeds to cut the cake. The conversation reflects cooperative planning and a friendly celebratory atmosphere.
[68] Linda: yeah
[68] Betty: Happy birthday to you
[68] Betty: Happy birthday to Cindy
[68] Cindy: thank you
[69] Betty: what's your birthday wishes

Conversation 11: The group shares cake and snacks late at night, discussing whether they are full and whether to prepare more food. Cindy offers to cook but is persuaded not to; she decides two pieces of cake are enough and asks Daisy to store the cake and snacks. Betty and Linda opt for simple snacks and plan to rest soon, while Cindy offers to tidy up and watch videos afterward.
[78] Linda: snacks
[78] Betty: yes
[78] Cindy: oh there's still a lot of snacks
[78] Cindy: you can have it
[78] Linda: no this this is for you

Conversation 3: Linda and Betty are preparing a surprise birthday setup for Cindy while she is at the cinema, organizing balloons, cake, flowers, and decorations. They decide to move items to make space, stick balloons on the wall, and write messages/draw on balloons using markers. Linda coordinates tasks and searches for cake designs while Betty requests tape and notes forgetting specific 'happy birthday' balloons. Daisy is briefly involved to help with supplies.
[14] Betty: cindy come back
[14] Betty: Linda it's you
[14] Betty: oh I think Cindy come back
[15] Linda: oh just me Betty
[15] Linda: Cindy is still at the cinema she'll be back around 8

Conversation 8: Linda and Betty prepared confetti poppers to surprise Cindy for her birthday. They coordinated a practice run and executed the surprise when Cindy arrived. Cindy appreciated the decorations and asked Daisy to handle a key while Linda directed Daisy to clean up the confetti and locate the trash bin.
[51] Betty: oh
[51] Betty: I put it there in advance
[51] Betty: so we can give to Cindy a surprise
[51] Linda: alright
[52] Linda: come here both of you

[Step 2] Evaluating semantic answer...
Action: [Answer]
Content: Yes, Betty bought a lot of snacks for Cindy.
FINAL ANSWER (from graph):
Yes, Betty bought a lot of snacks for Cindy.
Question: Is Linda good at planning?

[Step 1] Searching the graph...
Parse Query Output:
{
  "query_triple": ["<Linda>", "good at", "planning", 0.95, 0.3, 0.6],
  "spatial_constraint": null,
  "speaker_strict": null,
  "allocation": {
    "k_high_level": 9,
    "k_low_level": 11,
    "k_conversations": 30,
    "total_k": 50,
    "reasoning": "Trait/ability query. Use high-level edges for character attributes. Conversations to capture dialogue stating competence. Some low-level edges for evidence of planning actions."
  }
}

Graph Search Results:
**High-Level Information (Character Attributes and Relationships): **

Character Relationships:
- robot is cooperative with Linda (90)
- robot is helper/assistant to Linda (85)
- Linda has cooperative rapport with robot (85)
- Betty collaborates with Linda (95)
- Linda is friend with Cindy (90)
- Linda shows appreciation toward robot (80)
- Linda collaborates with Betty (90)
- Betty is friend with Linda (90)
- Betty shows cooperative attitude toward Linda (90)

**Low-Level Information (Actions and Events): **

[19] Linda suggests drawing. (living room)
[19] Linda needs to search idea. (living room)
[34] Linda examines writing. (living room)
[34] Linda checks content. (living room)
[36] Linda organizes decoration. (living room)
[38] Linda praises setup. (living room)
[40] Linda compliments decoration. (living room)
[54] Linda confirms positioning. (entryway)
[64] Linda takes tool. (living room)
[65] Linda uses tool. (living room)
[66] Linda places decoration. (living room)

**Conversations: **

Conversation 7: Betty and Linda coordinated decorating a room for a surprise welcome, placing balloons and a banner on the photo wall and adjusting lighting. They asked Daisy to help with tasks like hanging decorations, organizing tools, and adjusting the air conditioner temperature to 27°C. Linda expressed health concerns about snacks and suggested healthier options, while Betty prioritized Cindy’s preferences. They prepared the space and awaited Cindy’s return to surprise her, considering party poppers and missing streamers.
[35] Linda: oh my gosh
[35] Linda: sticky
[35] Linda: okay
[36] Linda: you need to you need to find the place to
[36] Linda: hang it this banner
[36] Betty: hang this
[36] Linda: yes
[36] Linda: give you
[36] Linda: to find a place in the wall
[36] Betty: this is
[37] Linda: like this
[37] Linda: good
[37] Betty: Daisy please hang it for me
[37] Betty: thank you
[38] Linda: balloons we can
[38] Linda: put it on the photo wall
[38] Linda: here
[39] Betty: Linda? Stick them on the photo wall.
[39] Linda: Stick on this.
[39] Linda: It's alright.
[40] Unknown: Linda? alright
[40] Unknown: Linda? it's so beautiful
[40] Betty: good job
[40] Betty: to about
[40] Betty: 27 temperature degree
[41] Linda: so
[41] Linda: Cindy come home
[41] Betty: no
[43] Betty: oh
[43] Betty: let's see
[43] Linda: alright
[43] Linda: let's
[43] Betty: oh I remember I I forget buy the
[43] Linda: what
[43] Linda: by some streamers right
[44] Betty: oh yes yes
[47] Linda: Betty everything is ready
[48] Betty: Daisy please take this decoration and the tools back
[49] Linda: oh
[49] Linda: Daisy put the markers and tape back

Conversation 3: Linda and Betty are preparing a surprise birthday setup for Cindy while she is at the cinema, organizing balloons, cake, flowers, and decorations. They decide to move items to make space, stick balloons on the wall, and write messages/draw on balloons using markers. Linda coordinates tasks and searches for cake designs while Betty requests tape and notes forgetting specific 'happy birthday' balloons. Daisy is briefly involved to help with supplies.
[15] Linda: that's enough balloons
[15] Linda: let's stick them on the wall and before they pop
[16] Linda: alright
[16] Linda: Daisy that's enough
[16] Linda: let's move these to the sofa
[17] Linda: so
[17] Linda: how can we do next
[17] Betty: here
[17] Linda: watch some videos
[18] Linda: pictures on them
[18] Betty: good idea
[18] Linda: yeah
[18] Linda: get the markers from the TV stand drawer
[19] Linda: thanks
[19] Linda: okay
[19] Linda: we can
[19] Linda: draw some interesting
[20] Betty: thank you
[20] Linda: write some message
[21] Linda: Cindy
[21] Linda: Is it beautiful?
[21] Betty: Yes.

Conversation 8: Linda and Betty prepared confetti poppers to surprise Cindy for her birthday. They coordinated a practice run and executed the surprise when Cindy arrived. Cindy appreciated the decorations and asked Daisy to handle a key while Linda directed Daisy to clean up the confetti and locate the trash bin.
[51] Linda: oh
[51] Linda: it's confetti poppers
[51] Betty: oh yeah
[51] Betty: I put it there in advance
[51] Betty: so we can give to Cindy a surprise
[51] Linda: alright
[52] Linda: come here both of you
[52] Betty: okay
[52] Linda: take it
[52] Linda: and
[53] Linda: let me think of
[53] Linda: I stand in the middle
[53] Linda: you and you
[54] Linda: yes just like this
[54] Betty: she'll come back
[54] Linda: really
[55] Betty: yes I I heard some sounds
[55] Linda: maybe she will come back
[55] Linda: just wait a moment
[55] Linda: yeah
[55] Betty: happy birthday
[55] Linda: surprise
[57] Cindy: oh there is a banner on the wall
[57] Cindy: it's very nice
[57] Cindy: Linda? right
[57] Linda: Daisy clean up the confetti
[57] Linda: and trash bin's by the shoe cabinet

Conversation 10: The group is preparing a birthday celebration for Cindy, organizing a lighter and turning off the lights before singing. Cindy keeps her birthday wish secret, while Linda expresses confidence that wishes can be realized and proceeds to cut the cake. The conversation reflects cooperative planning and a friendly celebratory atmosphere.
[66] Linda: alright
[66] Betty: where's the lighter
[66] Betty: Daisy take a lighter for me
[67] Linda: Daisy turn off the light
[68] Betty: let's started to wish
[68] Linda: yeah
[68] Betty: Happy birthday to you
[68] Betty: Happy birthday to Cindy
[69] Cindy: if I tell you maybe
[69] Cindy: the dream will not come true
[69] Linda: I can definitely can be realized
[69] Linda: I'm going to start cutting the cake

Conversation 9: The group chats casually about drinks and snacks, with Cindy choosing cola and expressing enthusiasm for the snacks and a strawberry cake. Betty offers to buy items Cindy likes and emphasizes their close friendship. Linda facilitates the cake moment, encouraging wishes and moving to cut and eat the cake. Overall, the tone is friendly and supportive, centered on sharing treats together.
[60] Cindy: that's all my favorite
[60] Linda: these are all bought for Betty do you like them
[61] Linda: do you like it
[61] Cindy: yes
[61] Betty: as long as it's to your liking I will buy for you first
[61] Cindy: thank you so much Betty
[61] Cindy: I like it very much
[61] Linda: alright
[62] Linda: it's a cake
[62] Linda: help me

Conversation 11: The group shares cake and snacks late at night, discussing whether they are full and whether to prepare more food. Cindy offers to cook but is persuaded not to; she decides two pieces of cake are enough and asks Daisy to store the cake and snacks. Betty and Linda opt for simple snacks and plan to rest soon, while Cindy offers to tidy up and watch videos afterward.
[71] Cindy: Thank you.
[72] Betty: oh thank you
[73] Linda: do you like it
[73] Cindy: yeah so delicious
[74] Cindy: hmm
[77] Betty: yes I think just one piece of
[77] Betty: it's okay
[77] Linda: alright
[77] Cindy: the time is so late you guys
[77] Cindy: didn't have dinner

Conversation 6: Linda and Betty are preparing decorations for a birthday, focusing on balloons and a banner, and trying to hurry before Cindy arrives back early. They coordinate tasks like taping the banner and acknowledge that a friend had to leave, deciding to finish the decorations quickly.
[30] Betty: thank you
[30] Linda: oh
[30] Linda: alright
[30] Linda: oh look in here
[30] Linda: oh look in here

[Step 2] Evaluating semantic answer...
Action: [Answer]
Content: Yes, Linda is good at planning.
FINAL ANSWER (from graph):
Yes, Linda is good at planning.
Question: Who prepared the birthday party decorations?

[Step 1] Searching the graph...
Parse Query Output:
{
  "query_triple": [null, "prepares", "birthday party decorations", 0.2, 0.6, 0.6],
  "spatial_constraint": null,
  "speaker_strict": null,
  "allocation": {
    "k_high_level": 5,
    "k_low_level": 38,
    "k_conversations": 7,
    "total_k": 50,
    "reasoning": "Action-focused 'who' query about a specific task; prioritize low-level edges to find preparation actions, keep some high-level for roles/traits, minimal conversations for incidental mentions."
  }
}

Graph Search Results:
**High-Level Information (Character Attributes and Relationships): **

Character Attributes:
- Cindy is: female (100), average build (100)
- robot is: camera holder (100), no visible face (100), black gloves (100)

**Low-Level Information (Actions and Events): **

[4] it looks better. (living room)
[8] red balloon is from packet. (living room)
[8] balloon is in packet. (living room)
[13] TV shows program menu. (living room)
[16] robot tilts toward table item. (living room)
[16] Betty looks at arranged item. (living room)
[29] Linda gathers supply. (living room)
[29] pink balloon displays writing. (living room)
[31] Linda urges to hurry team. (living room)
[32] Linda looks at supply. (living room)
[32] supply is on tabletop. (living room)
[32] folded banner is from table item. (living room)
[32] Linda reaches for supply. (living room)
[32] supply is on table. (living room)
[33] Linda secures wrap. (living room)
[33] Linda tightens wrap. (living room)
[33] Linda applies to wrap. (living room)
[34] Linda examines writing. (living room)
[38] Linda praises setup. (living room)
[39] Linda picks up supply. (living room)
[40] Betty praises work. (living room)
[48] robot points at tool. (living room)
[48] tool is on coffee table. (living room)
[52] Linda walks in entry area. (living room)
[56] Cindy looks around entry area. (apartment entryway)
[59] robot walks from entry. (living room)
[62] Cindy asks for help. (living room)
[64] Betty opens package. (living room)
[64] Betty hands tool. (living room)
[64] Linda takes tool. (living room)
[65] Linda uses tool. (living room)
[65] tool shapes topping. (living room)
[74] fresh slice is onto tray. (living room)
[74] tray is near cake. (living room)
[82] robot returns to container. (living room)
[82] snack pack is from container. (living room)
[84] Cindy thanks for preparation. (living room)
[87] Cindy gives instruction. (living room and dining area)

**Conversations: **

Conversation 3: Linda and Betty are preparing a surprise birthday setup for Cindy while she is at the cinema, organizing balloons, cake, flowers, and decorations. They decide to move items to make space, stick balloons on the wall, and write messages/draw on balloons using markers. Linda coordinates tasks and searches for cake designs while Betty requests tape and notes forgetting specific 'happy birthday' balloons. Daisy is briefly involved to help with supplies.
[15] Linda: Cindy is still at the cinema she'll be back around 8
[15] Linda: move these to the sofa
[15] Linda: we need space for cake and flowers
[15] Linda: that's enough balloons
[15] Linda: let's stick them on the wall and before they pop
[17] Betty: oh
[17] Betty: I forget to buy the
[18] Betty: happy birthday balloons
[18] Betty: of these two place
[18] Linda: to place
[18] Linda: we can write some message
[18] Linda: on the balloons
[18] Linda: and draw some interesting
[18] Linda: pictures on them

Conversation 7: Betty and Linda coordinated decorating a room for a surprise welcome, placing balloons and a banner on the photo wall and adjusting lighting. They asked Daisy to help with tasks like hanging decorations, organizing tools, and adjusting the air conditioner temperature to 27°C. Linda expressed health concerns about snacks and suggested healthier options, while Betty prioritized Cindy’s preferences. They prepared the space and awaited Cindy’s return to surprise her, considering party poppers and missing streamers.
[42] Betty: yes
[42] Linda: use we need to have a special
[42] Linda: party poppers to
[42] Linda: welcome him
[43] Betty: oh

Conversation 8: Linda and Betty prepared confetti poppers to surprise Cindy for her birthday. They coordinated a practice run and executed the surprise when Cindy arrived. Cindy appreciated the decorations and asked Daisy to handle a key while Linda directed Daisy to clean up the confetti and locate the trash bin.
[51] Linda: oh
[51] Linda: it's confetti poppers
[51] Betty: oh yeah
[51] Linda: why are these here
[55] Linda: surprise
[55] Cindy: I'm glad to see you prepare the surprise for me
[56] Cindy: the I'm glad to see you prepare the surprise for me
[56] Linda: it's for you
[56] Cindy: thank you
[57] Cindy: it's very nice
[57] Cindy: Linda? right
[57] Linda: Daisy clean up the confetti
[57] Linda: and trash bin's by the shoe cabinet

[Step 2] Evaluating semantic answer...
Action: [Answer]
Content: Linda and Betty prepared the birthday party decorations.
FINAL ANSWER (from graph):
Linda and Betty prepared the birthday party decorations.
Question: Where are the markers?

[Step 1] Searching the graph...
Parse Query Output:
{
  "query_triple": ["markers", "is at", "?", 0.6, 0.5, 0.15],
  "spatial_constraint": null,
  "speaker_strict": null,
  "allocation": {
    "k_high_level": 2,
    "k_low_level": 42,
    "k_conversations": 6,
    "total_k": 50,
    "reasoning": "Spatial location query about generic objects; prioritize low-level edges for whereabouts, minimal need for high-level or conversations."
  }
}

Graph Search Results:
**High-Level Information (Character Attributes and Relationships): **

Character Attributes:
- robot is: camera holder (100), no visible face (100)

**Low-Level Information (Actions and Events): **

[18] marker is from TV stand drawer. (living room)
[18] robot picks up assorted marker. (living room)
[18] assorted marker is from drawer. (living room)
[19] robot picks up colored marker. (living room)
[19] robot holds colored marker. (living room)
[19] Linda accepts colored marker. (living room)
[19] Linda prepares colored marker. (living room)
[19] Linda gestures with marker. (living room)
[20] Linda hands marker. (living room)
[20] Betty accepts marker. (living room)
[20] Betty starts writing with marker. (living room)
[21] Betty uses marker. (living room)
[22] Linda uses marker. (living room)
[24] Linda writes with marker. (living room)
[25] Linda uses marker. (living room)
[27] Linda uses marker. (living room)
[27] Betty uses marker. (living room)
[29] Linda uses marker. (living room)
[32] Linda reads banner. (living room)
[32] Linda unfolds banner. (living room)
[32] Linda hands banner. (living room)
[32] banner is to Betty. (living room)
[34] Linda sets down banner. (living room)
[36] Betty attaches banner. (living room)
[36] banner is near TV. (living room)
[36] Linda points banner. (living room)
[36] Betty adjusts position banner. (living room)
[36] Linda says goes to middle banner. (living room)
[36] Betty fixes banner. (living room)
[36] banner is at indicated spot. (living room)
[37] Linda adjusts position of banner. (living room)
[37] banner is for level placement. (living room)
[37] Betty holds banner. (living room)
[37] banner is secure. (living room)
[37] robot finishes smoothing banner. (living room)
[37] banner is flat. (living room)
[50] robot places marker. (living room)
[50] marker is on coffee table. (living room)
[50] robot picks up marker. (living room)
[50] robot holds marker. (living room)
[50] robot puts marker. (living room)
[50] marker is in TV cabinet drawer. (living room)

**Conversations: **

Conversation 3: Linda and Betty are preparing a surprise birthday setup for Cindy while she is at the cinema, organizing balloons, cake, flowers, and decorations. They decide to move items to make space, stick balloons on the wall, and write messages/draw on balloons using markers. Linda coordinates tasks and searches for cake designs while Betty requests tape and notes forgetting specific 'happy birthday' balloons. Daisy is briefly involved to help with supplies.
[18] Betty: good idea
[18] Linda: yeah
[18] Linda: get the markers from the TV stand drawer
[19] Linda: thanks
[19] Linda: okay

Conversation 7: Betty and Linda coordinated decorating a room for a surprise welcome, placing balloons and a banner on the photo wall and adjusting lighting. They asked Daisy to help with tasks like hanging decorations, organizing tools, and adjusting the air conditioner temperature to 27°C. Linda expressed health concerns about snacks and suggested healthier options, while Betty prioritized Cindy’s preferences. They prepared the space and awaited Cindy’s return to surprise her, considering party poppers and missing streamers.
[43] Linda: by some streamers right
[44] Betty: oh yes yes
[44] Linda: where's the
[44] Linda: sticker
[44] Linda: oh here
[48] Betty: Daisy please take this decoration and the tools back
[49] Linda: oh
[49] Linda: Daisy put the markers and tape back

Conversation 8: Linda and Betty prepared confetti poppers to surprise Cindy for her birthday. They coordinated a practice run and executed the surprise when Cindy arrived. Cindy appreciated the decorations and asked Daisy to handle a key while Linda directed Daisy to clean up the confetti and locate the trash bin.
[51] Linda: it's confetti poppers
[51] Betty: oh yeah
[51] Linda: why are these here
[51] Betty: oh
[51] Betty: I put it there in advance

Conversation 1: Betty and Daisy discuss dealing with the heat and trying to turn on the air conditioner but cannot locate the remote. Betty suggests checking places like the drawer, then decides to prioritize a business matter. She later directs Daisy to handle an item in a red plastic bag and indicates where to place it, concluding that the new arrangement is better.
[2] Betty: no
[2] Betty: strange
[2] Betty: where is it
[2] Betty: it's six p.m.
[2] Betty: never mind

Conversation 5: Betty and Linda discuss placing items on a wall, with Linda agreeing to stick them up. Linda asks about tape, and Betty redirects her to use the TV wall instead. The conversation centers on coordinating where to place items and locating supplies.
[27] Linda: alright I can
[27] Linda: stick them on the wall
[28] Linda: where's the tape tape
[28] Betty: is this
[28] Betty: and

[Step 2] Evaluating semantic answer...
Action: [Answer]
Content: In the TV cabinet drawer in the living room.
FINAL ANSWER (from graph):
In the TV cabinet drawer in the living room.
Question: Should the balloons be put up first?

[Step 1] Searching the graph...
Parse Query Output:
{
  "query_triple": [null, "order_of_actions", "balloons#setup_first?", 0.1, 0.3, 0.6],
  "spatial_constraint": null,
  "speaker_strict": null,
  "allocation": {
    "k_high_level": 5,
    "k_low_level": 35,
    "k_conversations": 10,
    "total_k": 50,
    "reasoning": "This is an ordering/planning question about setting up balloons first. Emphasize low-level edges to find sequences like 'puts up balloons' relative to other setup actions; include some conversations for explicit instructions; minimal high-level edges."
  }
}

Graph Search Results:
**High-Level Information (Character Attributes and Relationships): **

Character Attributes:
- Daisy is: female (100), average build (100)
- robot is: camera holder (100), no visible face (100), black gloves (100)

**Low-Level Information (Actions and Events): **

[2] robot looks through item in drawer. (living room)
[2] Betty says business matter goes first. (living room)
[2] Betty repeats business matter goes first. (living room)
[4] Betty checks another item. (living room)
[6] Betty checks placement of card. (living room)
[6] placement of card is under garland. (living room)
[13] TV shows program menu. (living room)
[16] robot tilts toward table item. (living room)
[16] Betty looks at arranged item. (living room)
[29] pink balloon displays writing. (living room)
[29] Betty finishes placement. (living room)
[30] Betty looks at placement. (living room)
[32] folded banner is from table item. (living room)
[34] Linda examines writing. (living room)
[37] banner is for level placement. (living room)
[38] Linda praises setup. (living room)
[39] Betty checks arrangement of nearby card. (living room)
[44] Linda prepare to stick item onto window. (living room)
[44] Betty prepare to stick item onto window. (living room)
[52] Linda speaks toward others off-screen. (living room)
[54] Betty signals okay to start. (entryway)
[55] Linda turns toward opening door. (apartment hallway)
[59] robot walks from entry. (living room)
[61] Linda faces other. (living room)
[63] Cindy talks to the others. (living room)
[64] Linda talks to other. (living room)
[68] Cindy thanks other. (living room)
[69] Cindy looks toward others. (living room party)
[75] robot serves toward seated group. (living room)
[75] plate with cake moves toward seated group. (living room)
[79] Cindy speaks to others. (living room party)
[82] Cindy looks toward others. (living room)
[84] Betty speaks to other. (living room)
[84] Cindy thanks for preparation. (living room)
[87] Cindy gives instruction. (living room and dining area)

**Conversations: **

Conversation 7: Betty and Linda coordinated decorating a room for a surprise welcome, placing balloons and a banner on the photo wall and adjusting lighting. They asked Daisy to help with tasks like hanging decorations, organizing tools, and adjusting the air conditioner temperature to 27°C. Linda expressed health concerns about snacks and suggested healthier options, while Betty prioritized Cindy’s preferences. They prepared the space and awaited Cindy’s return to surprise her, considering party poppers and missing streamers.
[34] Betty: there are no place on the wall
[34] Betty: how about we put these balloons on the photo wall
[35] Linda: hold on please
[35] Betty: okay
[38] Linda: it can open it
[38] Linda: this is so nice
[38] Linda: balloons we can
[38] Linda: put it on the photo wall
[38] Linda: here

Conversation 6: Linda and Betty are preparing decorations for a birthday, focusing on balloons and a banner, and trying to hurry before Cindy arrives back early. They coordinate tasks like taping the banner and acknowledge that a friend had to leave, deciding to finish the decorations quickly.
[30] Betty: and
[31] Linda: where time did you come home
[31] Betty: balloons are there okay
[31] Linda: we need to hurry up
[31] Linda: Cindy's come back early
[31] Betty: does she shopping after movie
[32] Linda: her friend had to leave
[32] Linda: let's just finish these balloons
[32] Betty: okay okay
[32] Betty: hurry up hurry up

Conversation 3: Linda and Betty are preparing a surprise birthday setup for Cindy while she is at the cinema, organizing balloons, cake, flowers, and decorations. They decide to move items to make space, stick balloons on the wall, and write messages/draw on balloons using markers. Linda coordinates tasks and searches for cake designs while Betty requests tape and notes forgetting specific 'happy birthday' balloons. Daisy is briefly involved to help with supplies.
[15] Linda: Cindy is still at the cinema she'll be back around 8
[15] Linda: move these to the sofa
[15] Linda: we need space for cake and flowers
[15] Linda: that's enough balloons
[15] Linda: let's stick them on the wall and before they pop
[16] Linda: alright
[16] Linda: Daisy that's enough
[18] Linda: to place
[18] Linda: we can write some message
[18] Linda: on the balloons
[18] Linda: and draw some interesting
[18] Linda: pictures on them

Conversation 5: Betty and Linda discuss placing items on a wall, with Linda agreeing to stick them up. Linda asks about tape, and Betty redirects her to use the TV wall instead. The conversation centers on coordinating where to place items and locating supplies.
[27] Betty: in there
[27] Linda: alright I can
[27] Linda: stick them on the wall
[28] Linda: where's the tape tape
[28] Betty: is this

Conversation 2: Betty gives instructions for decorating, asking Daisy to hang something and blow up balloons. She specifies that red and pink should go first, followed by other colors, and notes it will look more beautiful at night when turned on. She also mentions that Cindy would like the result.
[7] Betty: Daisy please blow the balloon for me
[7] Betty: and
[7] Betty: the red and the pink go first
[7] Betty: another color next

[Step 2] Evaluating semantic answer...
Action: [Answer]
Content: Yes, Betty instructed to put up the red and pink balloons first.
FINAL ANSWER (from graph):
Yes, Betty instructed to put up the red and pink balloons first.
Question: What help the robot need to offer?

[Step 1] Searching the graph...
Parse Query Output:
{
  "query_triple": ["<robot>", "offers help about", "?", 0.95, 0.25, 0.15],
  "spatial_constraint": null,
  "speaker_strict": null,
  "allocation": {
    "k_high_level": 6,
    "k_low_level": 34,
    "k_conversations": 10,
    "total_k": 50,
    "reasoning": "Action/content-of-help query; prioritize low-level edges to capture what the robot offers or does, some conversations for spoken offers, and a few high-level traits if the robot's general role is described."
  }
}

Graph Search Results:
**High-Level Information (Character Attributes and Relationships): **

Character Attributes:
- robot is: camera holder (100), no visible face (100), black gloves (100), helpful (90)

Character Relationships:
- robot cooperates with Betty (90)
- robot is cooperative with Linda (90)

**Low-Level Information (Actions and Events): **

[1] robot enters living room. (living room)
[1] robot faces sofa. (living room)
[2] robot opens drawer under TV cabinet. (living room)
[2] robot looks through item in drawer. (living room)
[2] robot closes drawer. (living room)
[2] robot tilts camera to TV screen. (living room)
[2] robot walks away from TV. (living room)
[2] robot walks toward living room area. (living room)
[3] robot moves closer to coffee table. (living room)
[3] robot picks up red plastic bag. (living room)
[3] robot looks through item inside red plastic bag. (living room)
[3] Betty tells robot. (living room)
[3] robot places small packet. (living room)
[3] robot unloads item from red plastic bag. (living room)
[4] robot walks from hallway into living room. (living room)
[4] robot films. (living room)
[6] Betty asks for help from robot. (living room)
[6] robot approaches. (living room)
[6] robot takes hold of garland. (living room)
[6] robot uses gloved hand. (living room)
[6] robot secures other end of garland. (living room)
[6] Betty thanks robot. (living room)
[6] robot fastens garland. (living room)
[6] robot straightens garland. (living room)
[6] robot turns. (living room)
[6] robot moves away toward doorway. (living room)
[8] robot places gloved hand near table. (living room)
[8] robot films. (living room)
[8] robot hands over red pump. (living room)
[8] robot positions toward Betty. (living room)
[8] robot inflates red balloon. (living room)
[9] robot places red balloon. (living room)
[9] robot ties neck with small red clip. (living room)
[9] robot fastens near balloon. (living room)

**Conversations: **

Conversation 7: Betty and Linda coordinated decorating a room for a surprise welcome, placing balloons and a banner on the photo wall and adjusting lighting. They asked Daisy to help with tasks like hanging decorations, organizing tools, and adjusting the air conditioner temperature to 27°C. Linda expressed health concerns about snacks and suggested healthier options, while Betty prioritized Cindy’s preferences. They prepared the space and awaited Cindy’s return to surprise her, considering party poppers and missing streamers.
[37] Betty: thank you
[37] Linda: oh the light it's so beautiful
[38] robot: Linda??? oh the light it's so beautiful
[38] Betty: yeah
[38] Linda: when did you have it
[42] Linda: then we can give her a surprise
[42] Betty: yes
[42] Linda: use we need to have a special
[42] Linda: party poppers to
[42] Linda: welcome him
[45] Linda: um
[45] Betty: Daisy
[45] Betty: please help me stick this
[45] Betty: paster on the air condition
[46] Linda: Betty

Conversation 9: The group chats casually about drinks and snacks, with Cindy choosing cola and expressing enthusiasm for the snacks and a strawberry cake. Betty offers to buy items Cindy likes and emphasizes their close friendship. Linda facilitates the cake moment, encouraging wishes and moving to cut and eat the cake. Overall, the tone is friendly and supportive, centered on sharing treats together.
[61] Linda: alright
[62] Linda: it's a cake
[62] Linda: help me
[63] Betty: oh it's difficult
[63] Betty: okay

Conversation 5: Betty and Linda discuss placing items on a wall, with Linda agreeing to stick them up. Linda asks about tape, and Betty redirects her to use the TV wall instead. The conversation centers on coordinating where to place items and locating supplies.
[28] Betty: is this
[28] Betty: and
[28] Betty: help me
[28] Betty: oh no no
[28] Betty: not here go to the TV wall

Conversation 3: Linda and Betty are preparing a surprise birthday setup for Cindy while she is at the cinema, organizing balloons, cake, flowers, and decorations. They decide to move items to make space, stick balloons on the wall, and write messages/draw on balloons using markers. Linda coordinates tasks and searches for cake designs while Betty requests tape and notes forgetting specific 'happy birthday' balloons. Daisy is briefly involved to help with supplies.
[16] Linda: let's move these to the sofa
[17] Linda: so
[17] Linda: how can we do next
[17] Betty: here
[17] Linda: watch some videos
[19] Betty: yeah
[19] Linda: here you are
[19] Linda: I need to search some
[19] Linda: beautiful cake or
[19] Linda: shape in this

Conversation 6: Linda and Betty are preparing decorations for a birthday, focusing on balloons and a banner, and trying to hurry before Cindy arrives back early. They coordinate tasks like taping the banner and acknowledge that a friend had to leave, deciding to finish the decorations quickly.
[30] Linda: oh look in here
[30] Linda: oh look in here
[30] Linda: Daisy to help me
[30] Betty: and
[31] Linda: where time did you come home

Conversation 12: Cindy delegates the task of cleaning the table to Daisy and indicates she will rest in the bedroom. The exchange suggests a simple division of responsibilities without further discussion.
[87] Cindy: and Daisy please help me wipe up the table
[87] Cindy: and I will go to the bedroom to have a rest

Conversation 1: Betty and Daisy discuss dealing with the heat and trying to turn on the air conditioner but cannot locate the remote. Betty suggests checking places like the drawer, then decides to prioritize a business matter. She later directs Daisy to handle an item in a red plastic bag and indicates where to place it, concluding that the new arrangement is better.
[1] Betty: take this on the coffee table and
[1] Betty: turn on the air condition
[1] Daisy: where's the remote control
[1] Betty: oh
[1] Betty: I don't remember it

[Step 2] Evaluating semantic answer...
Action: [Answer]
Content: The robot needs to help decorate by securing and adjusting the garland and inflating and placing balloons.
FINAL ANSWER (from graph):
The robot needs to help decorate by securing and adjusting the garland and inflating and placing balloons.
Question: where is the tape now?

[Step 1] Searching the graph...
Parse Query Output:
{
  "query_triple": ["tape", "is at", "?", 0.6, 0.5, 0.15],
  "spatial_constraint": null,
  "speaker_strict": null,
  "allocation": {
    "k_high_level": 2,
    "k_low_level": 40,
    "k_conversations": 8,
    "total_k": 50,
    "reasoning": "Spatial location query for an object; prioritize low-level edges that track object locations. Minimal high-level and some conversations in case dialogue mentions tape's placement."
  }
}

Graph Search Results:
**High-Level Information (Character Attributes and Relationships): **

Character Attributes:
- robot is: camera holder (100), no visible face (100)

**Low-Level Information (Actions and Events): **

[5] Betty grabs tape. (living room)
[21] Linda gets tape. (living room)
[21] tape is from cabinet. (living room)
[22] robot picks up roll of tape. (living room)
[22] roll of tape is from cabinet shelf. (living room)
[22] robot carries tape. (living room)
[22] tape is toward sofa. (living room)
[22] robot hands tape roll. (living room)
[22] tape roll is to Betty. (living room)
[22] Betty accepts tape roll. (living room)
[22] tape roll is from robot. (living room)
[22] Betty begins pulling piece of tape. (living room)
[22] Betty begins cutting piece of tape. (living room)
[22] Betty works with tape. (living room)
[22] Betty shows taped item. (living room)
[22] taped item is to Linda. (living room)
[22] Betty resumes working with tape. (living room)
[28] Betty prepares tape for red balloon. (living room)
[28] Linda asks about tape. (living room)
[28] Betty hands tape. (living room)
[29] Linda keeps adjusting tape. (living room)
[32] robot places onto small tape piece. (living room)
[32] small tape piece is on orange balloon. (living room)
[32] Linda prepares tape. (living room)
[32] Betty gets ready to help with taping. (living room)
[33] Linda secures wrap. (living room)
[33] Linda secures with tape. (living room)
[33] Betty smooths paper. (living room)
[33] Linda presses taped edge. (living room)
[33] Linda presses firmly taped edge. (living room)
[33] Linda tightens wrap. (living room)
[33] Linda applies tape. (living room)
[33] Linda applies to wrap. (living room)
[34] Linda ties ribbon. (living room)
[34] ribbon is on gift box. (living room)
[50] robot picks up roll of clear tape. (living room)
[50] robot picks up roll of clear tape from table. (living room)
[50] robot carries roll of clear tape. (living room)
[50] robot sets down roll of clear tape. (living room)
[50] roll of clear tape is on shelf near door. (living room)

**Conversations: **

Conversation 5: Betty and Linda discuss placing items on a wall, with Linda agreeing to stick them up. Linda asks about tape, and Betty redirects her to use the TV wall instead. The conversation centers on coordinating where to place items and locating supplies.
[27] Linda: alright I can
[27] Linda: stick them on the wall
[28] Linda: where's the tape tape
[28] Betty: is this
[28] Betty: and

Conversation 6: Linda and Betty are preparing decorations for a birthday, focusing on balloons and a banner, and trying to hurry before Cindy arrives back early. They coordinate tasks like taping the banner and acknowledge that a friend had to leave, deciding to finish the decorations quickly.
[32] Betty: yeah
[32] Linda: I will threat it
[32] Linda: stick the banner tape tape

Conversation 7: Betty and Linda coordinated decorating a room for a surprise welcome, placing balloons and a banner on the photo wall and adjusting lighting. They asked Daisy to help with tasks like hanging decorations, organizing tools, and adjusting the air conditioner temperature to 27°C. Linda expressed health concerns about snacks and suggested healthier options, while Betty prioritized Cindy’s preferences. They prepared the space and awaited Cindy’s return to surprise her, considering party poppers and missing streamers.
[44] Linda: we can stick them on the windows
[45] Linda: like this you can see me
[45] Betty: there are some pasters still here
[45] Linda: um
[45] Betty: Daisy
[48] Betty: Daisy please take this decoration and the tools back
[49] Linda: oh
[49] Linda: Daisy put the markers and tape back

Conversation 3: Linda and Betty are preparing a surprise birthday setup for Cindy while she is at the cinema, organizing balloons, cake, flowers, and decorations. They decide to move items to make space, stick balloons on the wall, and write messages/draw on balloons using markers. Linda coordinates tasks and searches for cake designs while Betty requests tape and notes forgetting specific 'happy birthday' balloons. Daisy is briefly involved to help with supplies.
[21] Linda: Oh it's so beautiful.
[21] Betty: Thank you.
[21] Betty: Daisy please take a tape in the cabinet for me.
[22] Linda: it's okay
[23] Betty: Linda? do you know what's this

Conversation 1: Betty and Daisy discuss dealing with the heat and trying to turn on the air conditioner but cannot locate the remote. Betty suggests checking places like the drawer, then decides to prioritize a business matter. She later directs Daisy to handle an item in a red plastic bag and indicates where to place it, concluding that the new arrangement is better.
[1] Betty: take this on the coffee table and
[1] Betty: turn on the air condition
[1] Daisy: where's the remote control
[1] Betty: oh
[1] Betty: I don't remember it
[1] Betty: um I can't recall where I put this last night
[1] Betty: maybe you can go to the drawer and find it
[2] Betty: no
[2] Betty: strange
[2] Betty: where is it
[2] Betty: it's six p.m.
[2] Betty: never mind

[Step 2] Evaluating semantic answer...
Action: [Answer]
Content: On the shelf near the door in the living room.
FINAL ANSWER (from graph):
On the shelf near the door in the living room.
Question: How many pieces of cake were cut in total?

[Step 1] Searching the graph...
Parse Query Output:
{
  "query_triple": [null, "number of pieces of cake cut", "?", 0.1, 0.3, 0.15],
  "spatial_constraint": null,
  "speaker_strict": null,
  "allocation": {
    "k_high_level": 3,
    "k_low_level": 40,
    "k_conversations": 7,
    "total_k": 50,
    "reasoning": "Counting action-focused query about cutting cake; prioritize low-level edges to aggregate cut actions and resulting pieces. Minimal high-level and some conversations in case dialogue mentions counts."
  }
}

Graph Search Results:
**High-Level Information (Character Attributes and Relationships): **

Character Attributes:
- robot is: camera holder (100), no visible face (100), black gloves (100)

**Low-Level Information (Actions and Events): **

[15] Linda says space is needed for cake on table. (living room)
[15] cake is on table. (living room)
[62] Cindy says cake. (living room)
[64] Linda inspects cake. (living room)
[64] Betty arranges cake item. (living room)
[64] Betty prepares cake. (living room)
[64] Betty handles cake. (living room)
[64] cake is on table. (living room)
[64] Linda looks at closely cake. (living room)
[64] Linda assists with cutting cake. (living room)
[64] Betty slices cake. (living room)
[64] Linda slices cake. (living room)
[65] item is near cake. (living room)
[65] Linda squeezes cream onto cake. (living room)
[65] topping is on cake. (living room)
[65] Linda decorates cake. (living room)
[65] small decoration is onto cake. (living room)
[66] Linda arranges on cake. (living room)
[66] decoration is on top of cake. (living room)
[66] Linda decorates cake. (living room)
[66] Cindy reaches toward cake. (living room)
[68] Betty gestures toward small birthday cake. (living room)
[68] small birthday cake is on coffee table. (living room)
[70] Linda uses cake knife. (living room)
[70] Linda slices piece of cake. (living room)
[71] Linda cuts small cake. (living room)
[72] Betty accepts plate with cake. (living room)
[72] plate with cake is from Linda. (living room)
[72] Cindy takes plate of cake. (living room)
[72] plate of cake is from table. (living room)
[73] Linda picks up cake slice. (living room)
[73] cake slice is on coffee table. (living room)
[73] Linda takes forkful of cake. (living room)
[74] robot uses cake server. (living room)
[75] robot transfers slice of cake. (living room)
[75] slice of cake is on paper plate. (living room)
[75] plate with cake moves toward seated group. (living room)
[75] Linda holds plate of cake. (living room)
[76] Cindy cuts small piece of cake. (living room)
[77] plate of cake is with Betty. (living room)

**Conversations: **

Conversation 11: The group shares cake and snacks late at night, discussing whether they are full and whether to prepare more food. Cindy offers to cook but is persuaded not to; she decides two pieces of cake are enough and asks Daisy to store the cake and snacks. Betty and Linda opt for simple snacks and plan to rest soon, while Cindy offers to tidy up and watch videos afterward.
[74] Cindy: hmm
[74] Cindy: so yummy
[74] Cindy: Daisy please cut a piece of cake for me
[75] Cindy: thank you
[75] Cindy: I want drink some
[76] Betty: and
[76] Betty: is enough for you Linda
[76] Betty: just one piece of cake for dinner
[77] Linda: I'm still a little hungry
[77] Linda: you're not full are you
[79] Linda: no
[79] Cindy: I think
[79] Cindy: 2 piece of cake is enough for me
[80] Cindy: and Daisy please take the
[80] Cindy: cake back to the
[80] Cindy: fridge
[81] Betty: by the way
[82] Linda: thanks
[82] Cindy: um maybe
[83] Cindy: the two piece of cake is
[83] Cindy: enough and I before I go back to home
[83] Cindy: I eat something others

Conversation 9: The group chats casually about drinks and snacks, with Cindy choosing cola and expressing enthusiasm for the snacks and a strawberry cake. Betty offers to buy items Cindy likes and emphasizes their close friendship. Linda facilitates the cake moment, encouraging wishes and moving to cut and eat the cake. Overall, the tone is friendly and supportive, centered on sharing treats together.
[64] Linda: making wishes
[64] Linda: and I start cutting this
[64] Linda: eating the cake

Conversation 10: The group is preparing a birthday celebration for Cindy, organizing a lighter and turning off the lights before singing. Cindy keeps her birthday wish secret, while Linda expresses confidence that wishes can be realized and proceeds to cut the cake. The conversation reflects cooperative planning and a friendly celebratory atmosphere.
[69] Cindy: the dream will not come true
[69] Linda: I can definitely can be realized
[69] Linda: I'm going to start cutting the cake

[Step 2] Evaluating semantic answer...
Action: [Answer]
Content: At least two pieces of cake were cut in total.
FINAL ANSWER (from graph):
At least two pieces of cake were cut in total.
Question: Is Betty a considerate person?

[Step 1] Searching the graph...
Parse Query Output:
{
  "query_triple": ["<Betty>", "considerate", null, 0.95, 0.25, 0.1],
  "spatial_constraint": null,
  "speaker_strict": null,
  "allocation": {
    "k_high_level": 8,
    "k_low_level": 7,
    "k_conversations": 35,
    "total_k": 50,
    "reasoning": "Trait/character assessment. Use high-level edges for attributes; conversations to find evidence of considerate behavior; a small number of low-level edges to capture concrete considerate actions."
  }
}

Graph Search Results:
**High-Level Information (Character Attributes and Relationships): **

Character Attributes:
- Betty is: female (100), average build (100), long dark hair down (100), glasses (100), red sleeveless dress (100), light green slippers (100), directive (90)

Character Relationships:
- Betty collaborates with Linda (95)

**Low-Level Information (Actions and Events): **

[1] Betty walks in from right. (living room)
[1] Betty holds plastic bag. (living room)
[1] Betty says. (living room)
[1] Betty looks at Betty's phone. (living room)
[1] Betty stands near sofa. (living room)
[1] Betty places shopping bag. (living room)
[1] Betty asks to take item. (living room)

**Conversations: **

Conversation 7: Betty and Linda coordinated decorating a room for a surprise welcome, placing balloons and a banner on the photo wall and adjusting lighting. They asked Daisy to help with tasks like hanging decorations, organizing tools, and adjusting the air conditioner temperature to 27°C. Linda expressed health concerns about snacks and suggested healthier options, while Betty prioritized Cindy’s preferences. They prepared the space and awaited Cindy’s return to surprise her, considering party poppers and missing streamers.
[34] Betty: how about we put these balloons on the photo wall
[35] Linda: hold on please
[35] Betty: okay
[35] Linda: oh my gosh
[35] Linda: sticky
[37] Linda: good
[37] Betty: Daisy please hang it for me
[37] Betty: thank you
[37] Linda: oh the light it's so beautiful
[38] robot: Linda??? oh the light it's so beautiful
[38] Betty: yeah
[38] Linda: when did you have it
[38] Betty: before you back home I let Daisy for me do it for me
[40] Betty: Daisy please
[40] Betty: um turn up the temperature um
[40] Betty: to about
[40] Betty: 27 temperature degree
[41] Linda: so
[41] Linda: Cindy come home
[41] Betty: no
[42] Linda: we are waiting him
[42] Linda: waiting her come home come home and
[42] Linda: then we can give her a surprise
[42] Betty: yes
[42] Linda: use we need to have a special
[42] Linda: party poppers to
[42] Linda: welcome him
[43] Betty: oh
[43] Betty: let's see
[43] Linda: alright
[46] Betty: oh you know she just like fast food
[46] Linda: maybe she will come back soon
[46] Betty: yeah maybe
[47] Betty: Daisy please untie this rubbish in the rubbish bin
[47] Linda: Betty everything is ready

Conversation 11: The group shares cake and snacks late at night, discussing whether they are full and whether to prepare more food. Cindy offers to cook but is persuaded not to; she decides two pieces of cake are enough and asks Daisy to store the cake and snacks. Betty and Linda opt for simple snacks and plan to rest soon, while Cindy offers to tidy up and watch videos afterward.
[77] Linda: you're not full are you
[77] Betty: yes I think just one piece of
[77] Betty: it's okay
[77] Linda: alright
[77] Cindy: the time is so late you guys
[78] Linda: we just eat something
[78] Linda: snacks
[78] Betty: yes
[78] Cindy: oh there's still a lot of snacks
[78] Cindy: you can have it
[80] Cindy: cake back to the
[80] Cindy: fridge
[81] Betty: by the way
[81] Betty: Daisy this takes some
[81] Betty: breads and milk for us
[81] Betty: yeah
[81] Linda: alright three
[82] Betty: thank you
[82] Linda: thanks
[82] Cindy: um maybe
[83] Cindy: enough and I before I go back to home
[83] Cindy: I eat something others
[83] Betty: oh
[83] Cindy: just enjoy the snack
[83] Betty: okay
[84] Betty: I think so.
[84] Cindy: maybe I will take it next time
[84] Betty: hmm
[84] Betty: times late hmm
[84] Betty: we need to take shower and have rest

Conversation 3: Linda and Betty are preparing a surprise birthday setup for Cindy while she is at the cinema, organizing balloons, cake, flowers, and decorations. They decide to move items to make space, stick balloons on the wall, and write messages/draw on balloons using markers. Linda coordinates tasks and searches for cake designs while Betty requests tape and notes forgetting specific 'happy birthday' balloons. Daisy is briefly involved to help with supplies.
[17] Linda: so
[17] Linda: how can we do next
[17] Betty: here
[17] Linda: watch some videos
[17] Linda: look this
[17] Betty: oh
[17] Betty: I forget to buy the
[18] Betty: happy birthday balloons
[19] Linda: we can
[19] Linda: draw some interesting
[19] Betty: yeah
[19] Linda: here you are
[19] Linda: I need to search some
[19] Linda: beautiful cake or
[19] Linda: shape in this
[20] Betty: thank you
[20] Linda: write some message
[21] Linda: Cindy
[21] Linda: Is it beautiful?
[21] Betty: Yes.
[21] Linda: Happy birthday, Cindy.
[21] Betty: Look this one.
[21] Linda: Oh it's so beautiful.
[21] Betty: Thank you.
[21] Betty: Daisy please take a tape in the cabinet for me.
[22] Linda: it's okay

Conversation 1: Betty and Daisy discuss dealing with the heat and trying to turn on the air conditioner but cannot locate the remote. Betty suggests checking places like the drawer, then decides to prioritize a business matter. She later directs Daisy to handle an item in a red plastic bag and indicates where to place it, concluding that the new arrangement is better.
[1] Betty: turn on the air condition
[1] Daisy: where's the remote control
[1] Betty: oh
[1] Betty: I don't remember it
[1] Betty: um I can't recall where I put this last night
[1] Betty: maybe you can go to the drawer and find it
[2] Betty: no
[2] Betty: strange
[2] Betty: where is it
[2] Betty: never mind
[2] Betty: um the business matter go first
[2] Betty: um
[2] Betty: Daisy
[3] Betty: oh take the thing in the red plastic take out
[3] Betty: there are no place you can put it on the sofa
[4] Betty: oh here
[4] Betty: it's better

Conversation 5: Betty and Linda discuss placing items on a wall, with Linda agreeing to stick them up. Linda asks about tape, and Betty redirects her to use the TV wall instead. The conversation centers on coordinating where to place items and locating supplies.
[27] Linda: stick them on the wall
[28] Linda: where's the tape tape
[28] Betty: is this
[28] Betty: and
[28] Betty: help me

Conversation 2: Betty gives instructions for decorating, asking Daisy to hang something and blow up balloons. She specifies that red and pink should go first, followed by other colors, and notes it will look more beautiful at night when turned on. She also mentions that Cindy would like the result.
[6] Betty: Daisy and please hang it hang it
[6] Betty: thank you
[7] Betty: it will be looked more beautiful at night when turn on
[7] Betty: Cindy would like it

Conversation 6: Linda and Betty are preparing decorations for a birthday, focusing on balloons and a banner, and trying to hurry before Cindy arrives back early. They coordinate tasks like taping the banner and acknowledge that a friend had to leave, deciding to finish the decorations quickly.
[30] Betty: thank you
[30] Linda: oh
[30] Linda: alright
[32] Linda: we forgot the banner yeah
[32] Linda: happy birthday
[32] Betty: yeah
[32] Linda: I will threat it
[32] Linda: stick the banner tape tape

Conversation 10: The group is preparing a birthday celebration for Cindy, organizing a lighter and turning off the lights before singing. Cindy keeps her birthday wish secret, while Linda expresses confidence that wishes can be realized and proceeds to cut the cake. The conversation reflects cooperative planning and a friendly celebratory atmosphere.
[66] Betty: where's the lighter
[66] Betty: Daisy take a lighter for me
[67] Betty: thank you
[67] Cindy: be careful
[67] Betty: okay
[67] Betty: wu
[67] Linda: Daisy turn off the light

Conversation 8: Linda and Betty prepared confetti poppers to surprise Cindy for her birthday. They coordinated a practice run and executed the surprise when Cindy arrived. Cindy appreciated the decorations and asked Daisy to handle a key while Linda directed Daisy to clean up the confetti and locate the trash bin.
[51] Betty: oh yeah
[51] Linda: why are these here
[51] Betty: oh
[51] Betty: I put it there in advance
[51] Betty: so we can give to Cindy a surprise
[51] Linda: alright
[52] Linda: come here both of you
[52] Betty: okay
[52] Linda: take it
[52] Linda: and

Conversation 9: The group chats casually about drinks and snacks, with Cindy choosing cola and expressing enthusiasm for the snacks and a strawberry cake. Betty offers to buy items Cindy likes and emphasizes their close friendship. Linda facilitates the cake moment, encouraging wishes and moving to cut and eat the cake. Overall, the tone is friendly and supportive, centered on sharing treats together.
[62] Linda: help me
[63] Betty: oh it's difficult
[63] Betty: okay
[63] Cindy: take it easy
[63] Betty: oh good job

[Step 2] Evaluating semantic answer...
Action: [Answer]
Content: Yes, Betty appears considerate, coordinating decorations, accommodating Cindy’s preferences, and thoughtfully directing tasks for the surprise celebration.
FINAL ANSWER (from graph):
Yes, Betty appears considerate, coordinating decorations, accommodating Cindy’s preferences, and thoughtfully directing tasks for the surprise celebration.
✓ Updated results.json for living_room_04 (9 questions)
✓ Cleaned up video and frames for living_room_04

============================================================
Processing video: living_room_03
============================================================
Downloading 1 video(s) to data/videos...

Downloading living_room_03.mp4...
✓ Successfully downloaded living_room_03.mp4 to data/videos/living_room_03.mp4

============================================================
Download Summary:
  Successful: 1/1
============================================================

============================================================
[1/1] Processing: living_room_03
============================================================
Video: data/videos/living_room_03.mp4
Subtitles: data/subtitles/robot/living_room_03.srt
Output: data/frames/living_room_03
============================================================

Parsing subtitle file: data/subtitles/robot/living_room_03.srt
Found 323 subtitle entries
Video: 1280x720, 30.00 FPS, 64519 frames, 2150.63s duration

Extracting frames with subtitles...
Grouping frames into folders of 30 frames each
  Saved 10 frames (up to 9s, folder 1)
  Saved 20 frames (up to 19s, folder 1)
  Saved 30 frames (up to 29s, folder 1)
  Saved 40 frames (up to 39s, folder 2)
  Saved 50 frames (up to 49s, folder 2)
  Saved 60 frames (up to 59s, folder 2)
  Saved 70 frames (up to 69s, folder 3)
  Saved 80 frames (up to 79s, folder 3)
  Saved 90 frames (up to 89s, folder 3)
  Saved 100 frames (up to 99s, folder 4)
  Saved 110 frames (up to 109s, folder 4)
  Saved 120 frames (up to 119s, folder 4)
  Saved 130 frames (up to 129s, folder 5)
  Saved 140 frames (up to 139s, folder 5)
  Saved 150 frames (up to 149s, folder 5)
  Saved 160 frames (up to 159s, folder 6)
  Saved 170 frames (up to 169s, folder 6)
  Saved 180 frames (up to 179s, folder 6)
  Saved 190 frames (up to 189s, folder 7)
  Saved 200 frames (up to 199s, folder 7)
  Saved 210 frames (up to 209s, folder 7)
  Saved 220 frames (up to 219s, folder 8)
  Saved 230 frames (up to 229s, folder 8)
  Saved 240 frames (up to 239s, folder 8)
  Saved 250 frames (up to 249s, folder 9)
  Saved 260 frames (up to 259s, folder 9)
  Saved 270 frames (up to 269s, folder 9)
  Saved 280 frames (up to 279s, folder 10)
  Saved 290 frames (up to 289s, folder 10)
  Saved 300 frames (up to 299s, folder 10)
  Saved 310 frames (up to 309s, folder 11)
  Saved 320 frames (up to 319s, folder 11)
  Saved 330 frames (up to 329s, folder 11)
  Saved 340 frames (up to 339s, folder 12)
  Saved 350 frames (up to 349s, folder 12)
  Saved 360 frames (up to 359s, folder 12)
  Saved 370 frames (up to 369s, folder 13)
  Saved 380 frames (up to 379s, folder 13)
  Saved 390 frames (up to 389s, folder 13)
  Saved 400 frames (up to 399s, folder 14)
  Saved 410 frames (up to 409s, folder 14)
  Saved 420 frames (up to 419s, folder 14)
  Saved 430 frames (up to 429s, folder 15)
  Saved 440 frames (up to 439s, folder 15)
  Saved 450 frames (up to 449s, folder 15)
  Saved 460 frames (up to 459s, folder 16)
  Saved 470 frames (up to 469s, folder 16)
  Saved 480 frames (up to 479s, folder 16)
  Saved 490 frames (up to 489s, folder 17)
  Saved 500 frames (up to 499s, folder 17)
  Saved 510 frames (up to 509s, folder 17)
  Saved 520 frames (up to 519s, folder 18)
  Saved 530 frames (up to 529s, folder 18)
  Saved 540 frames (up to 539s, folder 18)
  Saved 550 frames (up to 549s, folder 19)
  Saved 560 frames (up to 559s, folder 19)
  Saved 570 frames (up to 569s, folder 19)
  Saved 580 frames (up to 579s, folder 20)
  Saved 590 frames (up to 589s, folder 20)
  Saved 600 frames (up to 599s, folder 20)
  Saved 610 frames (up to 609s, folder 21)
  Saved 620 frames (up to 619s, folder 21)
  Saved 630 frames (up to 629s, folder 21)
  Saved 640 frames (up to 639s, folder 22)
  Saved 650 frames (up to 649s, folder 22)
  Saved 660 frames (up to 659s, folder 22)
  Saved 670 frames (up to 669s, folder 23)
  Saved 680 frames (up to 679s, folder 23)
  Saved 690 frames (up to 689s, folder 23)
  Saved 700 frames (up to 699s, folder 24)
  Saved 710 frames (up to 709s, folder 24)
  Saved 720 frames (up to 719s, folder 24)
  Saved 730 frames (up to 729s, folder 25)
  Saved 740 frames (up to 739s, folder 25)
  Saved 750 frames (up to 749s, folder 25)
  Saved 760 frames (up to 759s, folder 26)
  Saved 770 frames (up to 769s, folder 26)
  Saved 780 frames (up to 779s, folder 26)
  Saved 790 frames (up to 789s, folder 27)
  Saved 800 frames (up to 799s, folder 27)
  Saved 810 frames (up to 809s, folder 27)
  Saved 820 frames (up to 819s, folder 28)
  Saved 830 frames (up to 829s, folder 28)
  Saved 840 frames (up to 839s, folder 28)
  Saved 850 frames (up to 849s, folder 29)
  Saved 860 frames (up to 859s, folder 29)
  Saved 870 frames (up to 869s, folder 29)
  Saved 880 frames (up to 879s, folder 30)
  Saved 890 frames (up to 889s, folder 30)
  Saved 900 frames (up to 899s, folder 30)
  Saved 910 frames (up to 909s, folder 31)
  Saved 920 frames (up to 919s, folder 31)
  Saved 930 frames (up to 929s, folder 31)
  Saved 940 frames (up to 939s, folder 32)
  Saved 950 frames (up to 949s, folder 32)
  Saved 960 frames (up to 959s, folder 32)
  Saved 970 frames (up to 969s, folder 33)
  Saved 980 frames (up to 979s, folder 33)
  Saved 990 frames (up to 989s, folder 33)
  Saved 1000 frames (up to 999s, folder 34)
  Saved 1010 frames (up to 1009s, folder 34)
  Saved 1020 frames (up to 1019s, folder 34)
  Saved 1030 frames (up to 1029s, folder 35)
  Saved 1040 frames (up to 1039s, folder 35)
  Saved 1050 frames (up to 1049s, folder 35)
  Saved 1060 frames (up to 1059s, folder 36)
  Saved 1070 frames (up to 1069s, folder 36)
  Saved 1080 frames (up to 1079s, folder 36)
  Saved 1090 frames (up to 1089s, folder 37)
  Saved 1100 frames (up to 1099s, folder 37)
  Saved 1110 frames (up to 1109s, folder 37)
  Saved 1120 frames (up to 1119s, folder 38)
  Saved 1130 frames (up to 1129s, folder 38)
  Saved 1140 frames (up to 1139s, folder 38)
  Saved 1150 frames (up to 1149s, folder 39)
  Saved 1160 frames (up to 1159s, folder 39)
  Saved 1170 frames (up to 1169s, folder 39)
  Saved 1180 frames (up to 1179s, folder 40)
  Saved 1190 frames (up to 1189s, folder 40)
  Saved 1200 frames (up to 1199s, folder 40)
  Saved 1210 frames (up to 1209s, folder 41)
  Saved 1220 frames (up to 1219s, folder 41)
  Saved 1230 frames (up to 1229s, folder 41)
  Saved 1240 frames (up to 1239s, folder 42)
  Saved 1250 frames (up to 1249s, folder 42)
  Saved 1260 frames (up to 1259s, folder 42)
  Saved 1270 frames (up to 1269s, folder 43)
  Saved 1280 frames (up to 1279s, folder 43)
  Saved 1290 frames (up to 1289s, folder 43)
  Saved 1300 frames (up to 1299s, folder 44)
  Saved 1310 frames (up to 1309s, folder 44)
  Saved 1320 frames (up to 1319s, folder 44)
  Saved 1330 frames (up to 1329s, folder 45)
  Saved 1340 frames (up to 1339s, folder 45)
  Saved 1350 frames (up to 1349s, folder 45)
  Saved 1360 frames (up to 1359s, folder 46)
  Saved 1370 frames (up to 1369s, folder 46)
  Saved 1380 frames (up to 1379s, folder 46)
  Saved 1390 frames (up to 1389s, folder 47)
  Saved 1400 frames (up to 1399s, folder 47)
  Saved 1410 frames (up to 1409s, folder 47)
  Saved 1420 frames (up to 1419s, folder 48)
  Saved 1430 frames (up to 1429s, folder 48)
  Saved 1440 frames (up to 1439s, folder 48)
  Saved 1450 frames (up to 1449s, folder 49)
  Saved 1460 frames (up to 1459s, folder 49)
  Saved 1470 frames (up to 1469s, folder 49)
  Saved 1480 frames (up to 1479s, folder 50)
  Saved 1490 frames (up to 1489s, folder 50)
  Saved 1500 frames (up to 1499s, folder 50)
  Saved 1510 frames (up to 1509s, folder 51)
  Saved 1520 frames (up to 1519s, folder 51)
  Saved 1530 frames (up to 1529s, folder 51)
  Saved 1540 frames (up to 1539s, folder 52)
  Saved 1550 frames (up to 1549s, folder 52)
  Saved 1560 frames (up to 1559s, folder 52)
  Saved 1570 frames (up to 1569s, folder 53)
  Saved 1580 frames (up to 1579s, folder 53)
  Saved 1590 frames (up to 1589s, folder 53)
  Saved 1600 frames (up to 1599s, folder 54)
  Saved 1610 frames (up to 1609s, folder 54)
  Saved 1620 frames (up to 1619s, folder 54)
  Saved 1630 frames (up to 1629s, folder 55)
  Saved 1640 frames (up to 1639s, folder 55)
  Saved 1650 frames (up to 1649s, folder 55)
  Saved 1660 frames (up to 1659s, folder 56)
  Saved 1670 frames (up to 1669s, folder 56)
  Saved 1680 frames (up to 1679s, folder 56)
  Saved 1690 frames (up to 1689s, folder 57)
  Saved 1700 frames (up to 1699s, folder 57)
  Saved 1710 frames (up to 1709s, folder 57)
  Saved 1720 frames (up to 1719s, folder 58)
  Saved 1730 frames (up to 1729s, folder 58)
  Saved 1740 frames (up to 1739s, folder 58)
  Saved 1750 frames (up to 1749s, folder 59)
  Saved 1760 frames (up to 1759s, folder 59)
  Saved 1770 frames (up to 1769s, folder 59)
  Saved 1780 frames (up to 1779s, folder 60)
  Saved 1790 frames (up to 1789s, folder 60)
  Saved 1800 frames (up to 1799s, folder 60)
  Saved 1810 frames (up to 1809s, folder 61)
  Saved 1820 frames (up to 1819s, folder 61)
  Saved 1830 frames (up to 1829s, folder 61)
  Saved 1840 frames (up to 1839s, folder 62)
  Saved 1850 frames (up to 1849s, folder 62)
  Saved 1860 frames (up to 1859s, folder 62)
  Saved 1870 frames (up to 1869s, folder 63)
  Saved 1880 frames (up to 1879s, folder 63)
  Saved 1890 frames (up to 1889s, folder 63)
  Saved 1900 frames (up to 1899s, folder 64)
  Saved 1910 frames (up to 1909s, folder 64)
  Saved 1920 frames (up to 1919s, folder 64)
  Saved 1930 frames (up to 1929s, folder 65)
  Saved 1940 frames (up to 1939s, folder 65)
  Saved 1950 frames (up to 1949s, folder 65)
  Saved 1960 frames (up to 1959s, folder 66)
  Saved 1970 frames (up to 1969s, folder 66)
  Saved 1980 frames (up to 1979s, folder 66)
  Saved 1990 frames (up to 1989s, folder 67)
  Saved 2000 frames (up to 1999s, folder 67)
  Saved 2010 frames (up to 2009s, folder 67)
  Saved 2020 frames (up to 2019s, folder 68)
  Saved 2030 frames (up to 2029s, folder 68)
  Saved 2040 frames (up to 2039s, folder 68)
  Saved 2050 frames (up to 2049s, folder 69)
  Saved 2060 frames (up to 2059s, folder 69)
  Saved 2070 frames (up to 2069s, folder 69)
  Saved 2080 frames (up to 2079s, folder 70)
  Saved 2090 frames (up to 2089s, folder 70)
  Saved 2100 frames (up to 2099s, folder 70)
  Saved 2110 frames (up to 2109s, folder 71)
  Saved 2120 frames (up to 2119s, folder 71)
  Saved 2130 frames (up to 2129s, folder 71)
  Saved 2140 frames (up to 2139s, folder 72)
  Saved 2150 frames (up to 2149s, folder 72)

✓ Extracted 2151 frames to data/frames/living_room_03

✓ Successfully processed living_room_03: 2151 frames saved
--------------------------------
Processing folder:  data/frames/living_room_03/1
Inserted 24 triples into graph for clip 1
--------------------------------
Processing folder:  data/frames/living_room_03/2
Inserted 24 triples into graph for clip 2
--------------------------------
Processing folder:  data/frames/living_room_03/3
Inserted 26 triples into graph for clip 3
--------------------------------
Processing folder:  data/frames/living_room_03/4
Inserted 23 triples into graph for clip 4
--------------------------------
Processing folder:  data/frames/living_room_03/5
Inserted 26 triples into graph for clip 5
--------------------------------
Processing folder:  data/frames/living_room_03/6
Extracting summary for completed conversation 1...
Warning: Character '<Tara>' not found in graph, skipping attribute: supportive
Warning: Character '<Tara>' not found in graph, skipping attribute: coordinative
Warning: Character '<Robot>' not found in graph, skipping attribute: obedient
Warning: Character '<Robot>' not found in graph, skipping attribute: service-oriented
Warning: Character '<Robot>' not found in graph, skipping relationship
Warning: Character '<Tara>' not found in graph, skipping relationship
Warning: Character '<Tara>' not found in graph, skipping relationship
✓ Conversation summary extracted. Attributes: 9, Relationships: 4
Inserted 23 triples into graph for clip 6
--------------------------------
Processing folder:  data/frames/living_room_03/7
Inserted 24 triples into graph for clip 7
--------------------------------
Processing folder:  data/frames/living_room_03/8
Inserted 14 triples into graph for clip 8
--------------------------------
Processing folder:  data/frames/living_room_03/9
Inserted 23 triples into graph for clip 9
--------------------------------
Processing folder:  data/frames/living_room_03/10
Inserted 14 triples into graph for clip 10
--------------------------------
Processing folder:  data/frames/living_room_03/11
Inserted 26 triples into graph for clip 11
--------------------------------
Processing folder:  data/frames/living_room_03/12
Inserted 20 triples into graph for clip 12
--------------------------------
Processing folder:  data/frames/living_room_03/13
Inserted 14 triples into graph for clip 13
--------------------------------
Processing folder:  data/frames/living_room_03/14
Inserted 33 triples into graph for clip 14
--------------------------------
Processing folder:  data/frames/living_room_03/15
Inserted 22 triples into graph for clip 15
--------------------------------
Processing folder:  data/frames/living_room_03/16
Inserted 20 triples into graph for clip 16
--------------------------------
Processing folder:  data/frames/living_room_03/17
Inserted 27 triples into graph for clip 17
--------------------------------
Processing folder:  data/frames/living_room_03/18
Inserted 22 triples into graph for clip 18
--------------------------------
Processing folder:  data/frames/living_room_03/19
Inserted 24 triples into graph for clip 19
--------------------------------
Processing folder:  data/frames/living_room_03/20
Inserted 14 triples into graph for clip 20
--------------------------------
Processing folder:  data/frames/living_room_03/21
Inserted 24 triples into graph for clip 21
--------------------------------
Processing folder:  data/frames/living_room_03/22
Inserted 19 triples into graph for clip 22
--------------------------------
Processing folder:  data/frames/living_room_03/23
Inserted 18 triples into graph for clip 23
--------------------------------
Processing folder:  data/frames/living_room_03/24
Inserted 33 triples into graph for clip 24
--------------------------------
Processing folder:  data/frames/living_room_03/25
Inserted 19 triples into graph for clip 25
--------------------------------
Processing folder:  data/frames/living_room_03/26
Inserted 9 triples into graph for clip 26
--------------------------------
Processing folder:  data/frames/living_room_03/27
Inserted 17 triples into graph for clip 27
--------------------------------
Processing folder:  data/frames/living_room_03/28
Inserted 16 triples into graph for clip 28
--------------------------------
Processing folder:  data/frames/living_room_03/29
Inserted 17 triples into graph for clip 29
--------------------------------
Processing folder:  data/frames/living_room_03/30
Inserted 17 triples into graph for clip 30
--------------------------------
Processing folder:  data/frames/living_room_03/31
Inserted 22 triples into graph for clip 31
--------------------------------
Processing folder:  data/frames/living_room_03/32
Inserted 10 triples into graph for clip 32
--------------------------------
Processing folder:  data/frames/living_room_03/33
Inserted 11 triples into graph for clip 33
--------------------------------
Processing folder:  data/frames/living_room_03/34
Inserted 19 triples into graph for clip 34
--------------------------------
Processing folder:  data/frames/living_room_03/35
Inserted 18 triples into graph for clip 35
--------------------------------
Processing folder:  data/frames/living_room_03/36
Inserted 19 triples into graph for clip 36
--------------------------------
Processing folder:  data/frames/living_room_03/37
Inserted 31 triples into graph for clip 37
--------------------------------
Processing folder:  data/frames/living_room_03/38
Inserted 14 triples into graph for clip 38
--------------------------------
Processing folder:  data/frames/living_room_03/39
Inserted 19 triples into graph for clip 39
--------------------------------
Processing folder:  data/frames/living_room_03/40
Extracting summary for completed conversation 2...
✓ Conversation summary extracted. Attributes: 9, Relationships: 5
Inserted 22 triples into graph for clip 40
--------------------------------
Processing folder:  data/frames/living_room_03/41
Inserted 21 triples into graph for clip 41
--------------------------------
Processing folder:  data/frames/living_room_03/42
Inserted 16 triples into graph for clip 42
--------------------------------
Processing folder:  data/frames/living_room_03/43
Inserted 11 triples into graph for clip 43
--------------------------------
Processing folder:  data/frames/living_room_03/44
Inserted 26 triples into graph for clip 44
--------------------------------
Processing folder:  data/frames/living_room_03/45
Inserted 15 triples into graph for clip 45
--------------------------------
Processing folder:  data/frames/living_room_03/46
Inserted 14 triples into graph for clip 46
--------------------------------
Processing folder:  data/frames/living_room_03/47
Inserted 22 triples into graph for clip 47
--------------------------------
Processing folder:  data/frames/living_room_03/48
Inserted 25 triples into graph for clip 48
--------------------------------
Processing folder:  data/frames/living_room_03/49
Inserted 26 triples into graph for clip 49
--------------------------------
Processing folder:  data/frames/living_room_03/50
Inserted 17 triples into graph for clip 50
--------------------------------
Processing folder:  data/frames/living_room_03/51
Inserted 16 triples into graph for clip 51
--------------------------------
Processing folder:  data/frames/living_room_03/52
Inserted 19 triples into graph for clip 52
--------------------------------
Processing folder:  data/frames/living_room_03/53
Inserted 24 triples into graph for clip 53
--------------------------------
Processing folder:  data/frames/living_room_03/54
Inserted 25 triples into graph for clip 54
--------------------------------
Processing folder:  data/frames/living_room_03/55
Inserted 21 triples into graph for clip 55
--------------------------------
Processing folder:  data/frames/living_room_03/56
Inserted 17 triples into graph for clip 56
--------------------------------
Processing folder:  data/frames/living_room_03/57
Inserted 15 triples into graph for clip 57
--------------------------------
Processing folder:  data/frames/living_room_03/58
Inserted 15 triples into graph for clip 58
--------------------------------
Processing folder:  data/frames/living_room_03/59
Inserted 21 triples into graph for clip 59
--------------------------------
Processing folder:  data/frames/living_room_03/60
Inserted 15 triples into graph for clip 60
--------------------------------
Processing folder:  data/frames/living_room_03/61
Inserted 20 triples into graph for clip 61
--------------------------------
Processing folder:  data/frames/living_room_03/62
Inserted 16 triples into graph for clip 62
--------------------------------
Processing folder:  data/frames/living_room_03/63
Inserted 17 triples into graph for clip 63
--------------------------------
Processing folder:  data/frames/living_room_03/64
Inserted 25 triples into graph for clip 64
--------------------------------
Processing folder:  data/frames/living_room_03/65
Inserted 21 triples into graph for clip 65
--------------------------------
Processing folder:  data/frames/living_room_03/66
Inserted 25 triples into graph for clip 66
--------------------------------
Processing folder:  data/frames/living_room_03/67
Inserted 30 triples into graph for clip 67
--------------------------------
Processing folder:  data/frames/living_room_03/68
Inserted 23 triples into graph for clip 68
--------------------------------
Processing folder:  data/frames/living_room_03/69
Inserted 28 triples into graph for clip 69
--------------------------------
Processing folder:  data/frames/living_room_03/70
Inserted 31 triples into graph for clip 70
--------------------------------
Processing folder:  data/frames/living_room_03/71
Inserted 18 triples into graph for clip 71
--------------------------------
Processing folder:  data/frames/living_room_03/72
Inserted 24 triples into graph for clip 72
Extracting summary for final conversation 3...
✓ Final conversation summary extracted. Attributes: 7, Relationships: 5
Inserting character appearances for 4 characters...
✓ Character appearances inserted: 21 appearance edges created
343 node embeddings inserted (4 characters, 339 objects)
1507 edge embeddings inserted
Generating character attributes...
Number of edges:  1507
Character attributes generated.
Number of edges:  1552
Character relationships generated.
Number of edges:  1574
✓ Graph memory built for living_room_03
Question: Which place is the last time that robot can get the towel?

[Step 1] Searching the graph...
Parse Query Output:
{
  "query_triple": ["<robot>", "gets towel last at", "?", 0.95, 0.25, 0.15],
  "spatial_constraint": null,
  "speaker_strict": null,
  "allocation": {
    "k_high_level": 5,
    "k_low_level": 40,
    "k_conversations": 5,
    "total_k": 50,
    "reasoning": "Temporal-spatial action query about the robot’s last successful towel retrieval; prioritize low-level edges for actions and locations, minimal high-level and conversations."
  }
}

Graph Search Results:
**High-Level Information (Character Attributes and Relationships): **

Character Attributes:
- robot is: black gloves (100), no visible face (100), first-person view (100), camera operator (100)

Character Relationships:
- Betty relies on assistance from robot (88)

**Low-Level Information (Actions and Events): **

[1] robot arrives at bathroom doorway. (living room)
[2] robot carries out of room white plush towel. (living room)
[2] robot walks down hallway toward living room. (living room)
[2] Betty takes from robot. (living room)
[5] robot looks at item on fridge shelf. (living room and kitchen)
[6] robot picks up red apple. (kitchen)
[6] robot rinses red apple. (kitchen)
[9] robot picks up sliced apple piece. (kitchen countertop)
[11] robot picks up bowl of sliced apple. (living room)
[11] robot walks from kitchen. (living room)
[28] robot picks up from round table. (living room)
[28] robot picks up folded towel. (living room)
[28] robot hangs onto hook on bathroom rack. (living room)
[36] robot picks up paper labeled fitness plan. (living room)
[39] robot walks from living room. (living room and kitchen)
[39] robot picks up glass. (living room and kitchen)
[39] robot picks up near sink. (living room and kitchen)
[40] robot picks up black container. (kitchen counter)
[42] robot lowers toward black CLITON grinder. (kitchen counter)
[42] robot removes hand from black CLITON grinder. (kitchen counter)
[43] robot wears black glove. (kitchen countertop)
[44] robot scrubs small metal cup. (kitchen)
[44] robot scrubs with sponge. (kitchen)
[44] robot rinses small metal cup. (kitchen)
[44] robot walks back toward espresso machine. (kitchen)
[44] robot picks up black cylindrical grinder labeled CLITON. (kitchen)
[44] robot lifts portafilter. (kitchen)
[45] robot finishes tamping. (kitchen countertop)
[45] robot sets down near portafilter. (kitchen countertop)
[47] robot picks up white mug. (home kitchen and living room)
[47] robot walks to sink area. (home kitchen and living room)
[48] robot sets back under espresso machine. (kitchen)
[48] robot picks up plastic water bottle. (kitchen)
[48] robot picks up mug of coffee. (kitchen)
[48] robot walks from kitchen. (kitchen)
[53] robot grabs glass of pink juice. (living room)
[53] robot walks from kitchen. (living room)
[66] robot picks up rolled gray exercise mat. (living room)
[72] robot picks up fruit plate. (living room and kitchen)
[72] robot picks up from table. (living room and kitchen)

**Conversations: **

Conversation 1: Betty feels overwhelmed by her fitness plans and experiences wrist pain that makes push-ups difficult. She requests help from a robot for towels and fruit, preferring apples over strawberries. Another character (character_1) offers fruit, and Tara coordinates by asking the robot to prepare fruit and then checks if there are any problems.
[1] Betty: Oh, so tired of me, I'm exhausted.
[1] Betty: And maybe hello robot could you please fetch the towels in the bathroom for me?
[1] robot: Okay.
[2] Betty: Oh thank you robot.
[3] Betty: Oh. Where's my fitness plan?
[4] character_1: Well hi robot prepare some fruit for Betty.
[5] Tara: Well hi robot prepare some fruit for Betty.
[5] Robot: Okay.
[5] Tara: Oh what's wrong with you?
[5] Tara: Did you encounter some problems?

Conversation 3: Betty proposes an overly intense daily fitness plan, and Tara advises scaling it back by moderating intensity, using sets, and rotating body parts by day. Tara emphasizes reasonable, structured training and suggests basic equipment like a yoga mat, which they already have. The robot assists with small tasks while Betty adopts the revised plan and begins practicing with Tara’s guidance.
[71] Betty: Hmm, okay.
[71] Betty: Well it's a little bit dirty and messy hmm...
[71] Betty: Well hello robot please just tidy up the table for me.
[72] Betty: Okay let me have another try.

Conversation 2: Betty experiences wrist pain during push-ups and seeks advice from Tara, who suggests posture alignment and proper breathing. Betty tries to adjust, feels some improvement, but decides to rest due to persistent wrist ache and plans a gradual approach to fitness. Tara emphasizes not overloading at the start and reviews Betty's ambitious fitness plan. They also touch on Tara's busy design work schedule and Betty's motivation to exercise, inspired by someone she likes.
[27] Betty: Maybe I can lie on the sofa to relax myself.
[27] Betty: But I have a little sweaty so hmm maybe...
[28] Betty: Hello robot please put the...
[28] Betty: Just put the towels back into the original place.
[28] robot: Okay.

[Step 2] Evaluating semantic answer...
Action: [Answer]
Content: At the bathroom rack (bathroom hook).
FINAL ANSWER (from graph):
At the bathroom rack (bathroom hook).
Question: What key points should be paid attention to when keeping fit?

[Step 1] Searching the graph...
Parse Query Output:
{
  "query_triple": [null, "key points for keeping fit", null, 0.1, 0.25, 0.1],
  "spatial_constraint": null,
  "speaker_strict": null,
  "allocation": {
    "k_high_level": 5,
    "k_low_level": 10,
    "k_conversations": 35,
    "total_k": 50,
    "reasoning": "General 'what key points' guidance query; likely derived from dialogue/explanations rather than specific actions. Prioritize conversations for advice; small high-level for overarching themes; some low-level for any actionable tips."
  }
}

Graph Search Results:
**High-Level Information (Character Attributes and Relationships): **

Character Attributes:
- character_1 is: unknown gender (100), only hands visible (100), black nitrile gloves (100), long-sleeve dark top (100)
- robot is: camera operator (100)

**Low-Level Information (Actions and Events): **

[34] Betty talks about fitness. (living room)
[36] robot picks up paper labeled fitness plan. (living room)
[36] paper labeled fitness plan is from console. (living room)
[37] robot holds printed sheet labeled 'Fitness Plan'. (living room)
[37] robot hands 'Fitness Plan' sheet. (living room)
[37] 'Fitness Plan' sheet is to Tara. (living room)
[37] Tara takes 'Fitness Plan' sheet. (living room)
[50] Betty explains Betty's fitness plan. (living room)
[59] Betty reflects on Betty's fitness plan. (living room)
[62] Betty requests new fitness plan. (living room)

**Conversations: **

Conversation 3: Betty proposes an overly intense daily fitness plan, and Tara advises scaling it back by moderating intensity, using sets, and rotating body parts by day. Tara emphasizes reasonable, structured training and suggests basic equipment like a yoga mat, which they already have. The robot assists with small tasks while Betty adopts the revised plan and begins practicing with Tara’s guidance.
[49] Betty: Well done.
[49] Tara: Oh.
[49] Tara: Are you sure your fitness plan isn't too much?
[49] Betty: My fitness plan?
[49] Tara: Yes. For one day...
[49] Tara: A hundred push-ups.
[51] Tara: If you could finish all this exercise in one day then you're really talented.
[51] Tara: No mention the others after that.
[51] Betty: So what should I do to adjust my fitness plan?
[52] Tara: Before I start talking...
[52] Tara: Hmm I need a drink just a glass of juice will do.
[53] Tara: Hmm it's so fresh and delicious.
[53] Tara: Well hmm I'll talk to you some reasonable plans.
[53] Tara: First and the most basic one you should avoid the intensity of your exercise to be too uh to be excessive...
[54] Betty: What do you wanna say?
[54] Betty: Excessive?
[54] Tara: Uh you should control it in a tangible quality or you will not only do harm to yourself but also uh have some bad effects of your exercise.
[54] Betty: Hmm...
[55] Tara: And your... your fitness plan is really a classical counterexample.
[55] Betty: Okay, the awesome one.
[55] Betty: Okay.
[55] Tara: For example maybe you can do thirty to forty push-ups and you can divide them into sets in three or four sets.
[55] Tara: That means you can do ten a time.
[55] Tara: Hmm and for squats and sit-ups...
[56] Tara: As well as the plank, they can be also planned simply according to the...
[56] Tara: According to the...
[56] Betty: Intensity of my exercise? Okay.
[56] Betty: Okay I got it.
[56] Tara: Like uh sit-ups is more intense.
[57] Betty: Hmm I got it.
[57] Tara: To be simple is to be reasonable.
[57] Tara: And second of course for better exercise effective... effective... effect.
[57] Tara: You should do different exercise for your different part of your body.
[57] Betty: Oh... Is there really so much to it?
[57] Tara: Yes of course.
[58] Tara: It's best to train one body part a day.
[58] Tara: Such as practicing arms today and abs tomorrow and legs the day after tomorrow.
[58] Betty: Oh I got.
[58] Betty: I got hmm these tips because uh I should do the exercise for one body part a day.
[58] Betty: So by doing so I can not only uh to fully exercise this body body part and also...
[58] Betty: I can let the other body parts have a... have a rest.
[59] Tara: Yeah.
[59] Tara: That's exactly the point.
[59] Tara: Rotating like this will make your body exercise better.
[59] Tara: Simply put, it is about alternating exercise.
[59] Betty: Oh I know what you mean.
[59] Betty: It seems that my fitness plan made before it looks so unreasonable.
[59] Tara: Of course, no beginner would do so much exercise in one day.
[60] Tara: Moreover you must be prepared for exercise.
[60] Tara: For example you were just exercising directly on the floor this material is not only inconvenient.
[60] Tara: But also sweaty. And... But sweat and movements will also mess up the floor.
[64] Tara: Okay.
[64] Betty: They are rotten we can't eat so hmm...
[64] Betty: Let me exercise now.
[64] Betty: I'm fully prepared.
[65] Betty: Ah let me see my tips hmm I should do this posture ah okay.
[67] Betty: I think I need a rest.
[67] Betty: Hmm let me see ah...
[67] Betty: My tips for the posture.
[68] Tara: Robot??? There was a message on your phone.
[68] Tara: Oh thank you robot, my phone is ringing.
[70] Betty: It seems that she can do everything hmm properly.
[70] Betty: Ah...
[70] Betty: Let me see the fitness plan...
[70] Betty: Hmm let me have a look.
[70] Betty: Oh I have to admit Tara, Tara is much more better than me in fitness.

Conversation 2: Betty experiences wrist pain during push-ups and seeks advice from Tara, who suggests posture alignment and proper breathing. Betty tries to adjust, feels some improvement, but decides to rest due to persistent wrist ache and plans a gradual approach to fitness. Tara emphasizes not overloading at the start and reviews Betty's ambitious fitness plan. They also touch on Tara's busy design work schedule and Betty's motivation to exercise, inspired by someone she likes.
[21] Tara: Uh actually you're teasing me, don't tease me anymore.
[21] Betty: I just know your talent for fitness, just like guru.
[22] Tara: Did you prepare anything to drink for your exercise?
[22] Betty: Oh I almost forgot it.
[22] Betty: Uh this one hmm...
[22] Betty: I just poured myself a cup of coffee and...
[22] Betty: Ah and now I have drunk all of them.
[22] Tara: Hmm you are really serious about working out.
[22] Betty: Yeah.
[23] Betty: Hmm I need to have a rest.
[31] Tara: Hmm recently I'll know I'll be busy again when hearing my phone's ring.
[31] Tara: And by the way, Betty Betty...
[31] Tara: Why did you finally start to exercise?
[32] Tara: Is there any special reason?
[32] Tara: Hmm... I remember you often go to play games or enjoy your foods when you're free.
[32] Betty: Ah okay, fine it's just I met a a girl.
[33] Betty: A beautiful girl when I... when I'm working recently.
[33] Tara: So why...why you choose to exercise?
[33] Tara: There are many solutions.
[33] Betty: Hmm because you know...
[33] Betty: Doing the fitness exercises can make me looks better.
[33] Betty: And you know ah doing the fitness is the only thing that once you pay some at first and you work hard...
[34] Betty: And then you will get the uh a good shape and a spiritual shape.
[34] Betty: Okay?
[34] Tara: Okay.
[34] Betty: Hmm and you know...
[34] Betty: Hmm the most important thing is that she also loves exercising, the beautiful girl.
[34] Tara: Really? A girl who, who likes exercising?
[35] Tara: That's really rare.
[35] Tara: Hmm ah that's why.
[35] Tara: I just know there must be some... girl who is pushing behind you.
[35] Tara: Hmm see the motivation to exercise is not only for health.
[35] Tara: Maybe sometimes for the people who makes your heart flutter.
[35] Tara: But to be honest exercising is really a good habit.
[35] Tara: And whatever you'll be healthy and maybe you would obtain more confidence.
[36] Betty: Hmm yes.
[36] Tara: So what's your fitness list or plan with it?
[36] Betty: Oh my fitness plan.
[36] Betty: Hello robot hmm could you please fetch me my fitness plan?
[37] Betty: Well robot just give it to Tara.
[37] Tara: I'll look it...
[37] Betty: Oh there are so many...
[37] Tara: Betty exercising is not achieved overnight.
[37] Tara: The plan should not be too much at the beginning you should be... gradually add your items.
[37] Betty: Oh well...
[38] Betty: But... Ah I just know that if I do too much exercises a day, I'm exhausted from my... from the bottom of my heart.
[38] Betty: And I just feeling that my body choose to collapse.
[38] Betty: Just look through my fitness plan.
[38] Tara: Hmm.
[38] Tara: I'm reading, carefully.

Conversation 1: Betty feels overwhelmed by her fitness plans and experiences wrist pain that makes push-ups difficult. She requests help from a robot for towels and fruit, preferring apples over strawberries. Another character (character_1) offers fruit, and Tara coordinates by asking the robot to prepare fruit and then checks if there are any problems.
[1] robot: Okay.
[2] Betty: Oh thank you robot.
[3] Betty: Oh. Where's my fitness plan?
[3] Betty: Oh I see. Hmm...
[3] Betty: Why...

[Step 2] Evaluating semantic answer...
Action: [Answer]
Content: Avoid excessive intensity, structure exercises with sets, rotate training by body part each day, prepare properly with basic equipment, align posture and breathe correctly, and start gradually without overloading.
FINAL ANSWER (from graph):
Avoid excessive intensity, structure exercises with sets, rotate training by body part each day, prepare properly with basic equipment, align posture and breathe correctly, and start gradually without overloading.
Question: Does Tara have a habit of keeping fit?

[Step 1] Searching the graph...
Parse Query Output:
{
  "query_triple": ["<Tara>", "habit of keeping fit", null, 0.95, 0.3, 0.1],
  "spatial_constraint": null,
  "speaker_strict": null,
  "allocation": {
    "k_high_level": 8,
    "k_low_level": 12,
    "k_conversations": 30,
    "total_k": 50,
    "reasoning": "Trait/habit query: use high-level edges for character attributes; conversations to find mentions like routines, gym, workouts, running; some low-level edges to capture recurring actions (exercises, jogging) indicating a habit."
  }
}

Graph Search Results:
**High-Level Information (Character Attributes and Relationships): **

Character Attributes:
- Tara is: petite build (100), dark loose pants (100), light gray hoodie (100), slippers (100), female (100), holds phone (100), long hair in ponytail with lighter ends (100), supportive (95)

**Low-Level Information (Actions and Events): **

[12] Tara keeps looking at Tara's phone. (living room)
[17] Tara practices. (living room)
[22] Tara asks about preparing drinks for exercise Betty. (living room)
[22] Tara remarks on dedication to working out Betty. (living room)
[25] Tara adjusts posture. (living room)
[30] Betty keeps looking at Tara. (living room)
[31] Tara keeps gaze on phone. (living room)
[31] Tara asks why started exercising Betty. (living room)
[33] Tara keeps in hand Tara's phone. (living room)
[37] Tara says exercising is not achieved overnight. (living room)
[67] Tara watches posture Betty. (living room)
[68] Tara keeps attention on <Tara>'s phone. (living room)

**Conversations: **

Conversation 2: Betty experiences wrist pain during push-ups and seeks advice from Tara, who suggests posture alignment and proper breathing. Betty tries to adjust, feels some improvement, but decides to rest due to persistent wrist ache and plans a gradual approach to fitness. Tara emphasizes not overloading at the start and reviews Betty's ambitious fitness plan. They also touch on Tara's busy design work schedule and Betty's motivation to exercise, inspired by someone she likes.
[19] Betty: Okay got it let me try... uh let me show you my progress, uh another one.
[19] Betty: Is it better?
[19] Tara: Yeah.
[20] Betty: Hmm let me see my tips, ah is this posture.
[20] Betty: Hmm and you know Tara I just feel that ah I'm feeling more and more easy to do the push-ups.
[21] Tara: Uh actually you're teasing me, don't tease me anymore.
[21] Betty: I just know your talent for fitness, just like guru.
[22] Tara: Did you prepare anything to drink for your exercise?
[22] Betty: Oh I almost forgot it.
[22] Betty: Uh this one hmm...
[22] Betty: I just poured myself a cup of coffee and...
[22] Betty: Ah and now I have drunk all of them.
[22] Tara: Hmm you are really serious about working out.
[22] Betty: Yeah.
[23] Betty: Hmm I need to have a rest.
[25] Betty: Maybe I will still feel the aching pain even if I'm applying the right posture now.
[26] Betty: Do you agree with me?
[26] Tara: Yeah of course.
[26] Betty: Oh I need to reply a wechat message now let me see.
[27] Tara: Uh...
[31] Tara: Hmm recently I'll know I'll be busy again when hearing my phone's ring.
[31] Tara: And by the way, Betty Betty...
[31] Tara: Why did you finally start to exercise?
[32] Tara: Is there any special reason?
[32] Tara: Hmm... I remember you often go to play games or enjoy your foods when you're free.
[32] Tara: So why are you changing?
[32] Betty: Ah okay, fine it's just I met a a girl.
[33] Betty: A beautiful girl when I... when I'm working recently.
[33] Tara: So why...why you choose to exercise?
[33] Tara: There are many solutions.
[33] Betty: Hmm because you know...
[34] Betty: Hmm and you know...
[34] Betty: Hmm the most important thing is that she also loves exercising, the beautiful girl.
[34] Tara: Really? A girl who, who likes exercising?
[35] Tara: That's really rare.
[35] Tara: Hmm ah that's why.
[35] Tara: I just know there must be some... girl who is pushing behind you.
[35] Tara: Hmm see the motivation to exercise is not only for health.
[35] Tara: Maybe sometimes for the people who makes your heart flutter.
[35] Tara: But to be honest exercising is really a good habit.
[35] Tara: And whatever you'll be healthy and maybe you would obtain more confidence.
[36] Betty: Hmm yes.
[36] Tara: So what's your fitness list or plan with it?
[36] Betty: Oh my fitness plan.
[36] Betty: Hello robot hmm could you please fetch me my fitness plan?
[37] Tara: I'll look it...
[37] Betty: Oh there are so many...
[37] Tara: Betty exercising is not achieved overnight.
[37] Tara: The plan should not be too much at the beginning you should be... gradually add your items.
[37] Betty: Oh well...
[38] Betty: And I just feeling that my body choose to collapse.
[38] Betty: Just look through my fitness plan.
[38] Tara: Hmm.
[38] Tara: I'm reading, carefully.
[39] Betty: Hello robot please make me a cup of coffee so I can drink it after I exercised.

Conversation 3: Betty proposes an overly intense daily fitness plan, and Tara advises scaling it back by moderating intensity, using sets, and rotating body parts by day. Tara emphasizes reasonable, structured training and suggests basic equipment like a yoga mat, which they already have. The robot assists with small tasks while Betty adopts the revised plan and begins practicing with Tara’s guidance.
[49] Betty: Oh thank you robot wow.
[49] Betty: Look how intelligent our robot is.
[49] Tara: Yes.
[49] Betty: Well done.
[49] Tara: Oh.
[49] Tara: Are you sure your fitness plan isn't too much?
[49] Betty: My fitness plan?
[49] Tara: Yes. For one day...
[49] Tara: A hundred push-ups.
[49] Tara: A hundred squats.
[49] Tara: A hundred sit-ups.
[49] Tara: And even a ten minutes plank.
[50] Betty: Hmm so what? It sounds great.
[54] Tara: Uh you should control it in a tangible quality or you will not only do harm to yourself but also uh have some bad effects of your exercise.
[54] Betty: Hmm...
[55] Tara: And your... your fitness plan is really a classical counterexample.
[55] Betty: Okay, the awesome one.
[55] Betty: Okay.
[55] Tara: For example maybe you can do thirty to forty push-ups and you can divide them into sets in three or four sets.
[55] Tara: That means you can do ten a time.
[55] Tara: Hmm and for squats and sit-ups...
[56] Tara: As well as the plank, they can be also planned simply according to the...
[56] Tara: According to the...
[56] Tara: Like uh sit-ups is more intense.
[56] Tara: So you can lower...
[56] Tara: You exercise a lower quantity.
[56] Tara: And squats is more easier, it is much easier, so you can do more.
[57] Betty: Hmm I got it.
[57] Tara: To be simple is to be reasonable.
[57] Tara: And second of course for better exercise effective... effective... effect.
[57] Tara: You should do different exercise for your different part of your body.
[57] Betty: Oh... Is there really so much to it?
[57] Tara: Yes of course.
[58] Tara: It's best to train one body part a day.
[58] Tara: Such as practicing arms today and abs tomorrow and legs the day after tomorrow.
[58] Betty: Oh I got.
[58] Betty: I got hmm these tips because uh I should do the exercise for one body part a day.
[58] Betty: I can let the other body parts have a... have a rest.
[59] Betty: Right?
[59] Tara: Yeah.
[59] Tara: That's exactly the point.
[59] Tara: Rotating like this will make your body exercise better.
[59] Tara: Simply put, it is about alternating exercise.
[59] Betty: Oh I know what you mean.
[59] Betty: It seems that my fitness plan made before it looks so unreasonable.
[59] Tara: Of course, no beginner would do so much exercise in one day.
[60] Tara: Moreover you must be prepared for exercise.
[60] Tara: For example you were just exercising directly on the floor this material is not only inconvenient.
[60] Tara: But also sweaty. And... But sweat and movements will also mess up the floor.
[65] Betty: Uh I don't know just give me.
[66] Betty: Okay, thank you robot.
[66] Tara: Oh just start your exercise.
[66] Betty: Yes.
[66] Betty: I'll continue.
[70] Betty: Let me see the fitness plan...
[70] Betty: Hmm let me have a look.
[70] Betty: Oh I have to admit Tara, Tara is much more better than me in fitness.
[71] Betty: Very good.
[71] Betty: Hmm, okay.

[Step 2] Evaluating semantic answer...
Action: [Answer]
Content: Yes, Tara has a habit of keeping fit.
FINAL ANSWER (from graph):
Yes, Tara has a habit of keeping fit.
Question: Is TARa used to finishing her drinks in one gulp?

[Step 1] Searching the graph...
Parse Query Output:
{
  "query_triple": ["<TARa>", "habit: finishes drinks in one gulp", null, 0.95, 0.3, 0.1],
  "spatial_constraint": null,
  "speaker_strict": null,
  "allocation": {
    "k_high_level": 9,
    "k_low_level": 18,
    "k_conversations": 23,
    "total_k": 50,
    "reasoning": "Trait/habit query about a character. Use some high-level edges for habitual attributes, low-level edges to scan repeated specific drink-finishing actions, and conversations for mentions or confirmations of the habit."
  }
}

Graph Search Results:
**High-Level Information (Character Attributes and Relationships): **

Character Attributes:
- Betty is: medium build (100), black zip-up top (100)
- Tara is: holds phone (100), slippers (100), petite build (100)
- character_1 is: only hands visible (100), long-sleeve dark top (100)
- robot is: black gloves (100), first-person view (100)

**Low-Level Information (Actions and Events): **

[15] Tara looks at <Tara>'s phone. (living room)
[16] Tara looks at briefly Tara's phone. (living room)
[18] Tara looks at Tara's phone. (living room)
[21] Tara looks down at Tara's phone. (living room)
[23] Tara looks at Tara's phone. (living room)
[27] Tara looks at Tara's phone. (living room)
[28] Tara looks at <Tara>'s phone. (living room)
[29] Tara looks at Tara's phone. (living room)
[30] Betty recalls <Tara>'s recent program. (living room)
[32] Tara looks at Tara's phone. (living room)
[33] Tara looks at Tara's phone. (living room)
[34] Tara looks at Tara's phone. (living room)
[35] Tara looks at Tara's phone. (living room)
[50] Tara glances at Tara's phone. (living room)
[59] Tara gestures slightly Tara's hand. (living room)
[65] Tara gestures with Tara's hand. (living room)
[68] Tara picks up <Tara>'s phone. (living room)
[68] Tara looks at <Tara>'s phone. (living room)

**Conversations: **

Conversation 2: Betty experiences wrist pain during push-ups and seeks advice from Tara, who suggests posture alignment and proper breathing. Betty tries to adjust, feels some improvement, but decides to rest due to persistent wrist ache and plans a gradual approach to fitness. Tara emphasizes not overloading at the start and reviews Betty's ambitious fitness plan. They also touch on Tara's busy design work schedule and Betty's motivation to exercise, inspired by someone she likes.
[14] Betty: Oh your experience.
[14] Tara: Ah oh.
[14] Tara: Like this.
[15] Betty: Hmm...
[15] Betty: Maybe I just don't know did I push so many pressure on my wrist?
[15] Betty: But hmm... but I'm just feeling my wrist is aching and I just don't... don't know why.
[16] Tara: Hmm maybe you can have a rest first.
[16] Tara: Taste apples.
[16] Betty: Okay I'll have one bite.
[16] Betty: I will try the posture you tell me.
[19] Betty: Okay got it let me try... uh let me show you my progress, uh another one.
[19] Betty: Is it better?
[19] Tara: Yeah.
[20] Betty: Hmm let me see my tips, ah is this posture.
[20] Betty: Hmm and you know Tara I just feel that ah I'm feeling more and more easy to do the push-ups.
[21] Tara: Uh actually you're teasing me, don't tease me anymore.
[21] Betty: I just know your talent for fitness, just like guru.
[22] Tara: Did you prepare anything to drink for your exercise?
[22] Betty: Oh I almost forgot it.
[22] Betty: Uh this one hmm...
[25] Betty: Maybe I will still feel the aching pain even if I'm applying the right posture now.
[26] Betty: Do you agree with me?
[26] Tara: Yeah of course.
[26] Betty: Oh I need to reply a wechat message now let me see.
[27] Tara: Uh...
[27] Tara: Maybe we should be more relaxed, maybe lie on the sofa?
[27] Betty: Okay.
[31] Tara: And by the way, Betty Betty...
[31] Tara: Why did you finally start to exercise?
[32] Tara: Is there any special reason?
[32] Tara: Hmm... I remember you often go to play games or enjoy your foods when you're free.
[32] Tara: So why are you changing?
[34] Betty: Hmm and you know...
[34] Betty: Hmm the most important thing is that she also loves exercising, the beautiful girl.
[34] Tara: Really? A girl who, who likes exercising?
[35] Tara: That's really rare.
[35] Tara: Hmm ah that's why.
[38] Betty: And I just feeling that my body choose to collapse.
[38] Betty: Just look through my fitness plan.
[38] Tara: Hmm.
[38] Tara: I'm reading, carefully.
[39] Betty: Hello robot please make me a cup of coffee so I can drink it after I exercised.

Conversation 3: Betty proposes an overly intense daily fitness plan, and Tara advises scaling it back by moderating intensity, using sets, and rotating body parts by day. Tara emphasizes reasonable, structured training and suggests basic equipment like a yoga mat, which they already have. The robot assists with small tasks while Betty adopts the revised plan and begins practicing with Tara’s guidance.
[49] Betty: Oh thank you robot wow.
[49] Betty: Look how intelligent our robot is.
[49] Tara: Yes.
[49] Betty: Well done.
[49] Tara: Oh.
[49] Tara: Are you sure your fitness plan isn't too much?
[49] Betty: My fitness plan?
[49] Tara: Yes. For one day...
[49] Tara: A hundred push-ups.
[49] Tara: A hundred squats.
[50] Betty: Hmm so what? It sounds great.
[50] Betty: Um I think a normal person can do all of them.
[50] Tara: Oh are you...
[50] Tara: Do you have some misunderstandings about your ability?
[50] Tara: Can... can a normal person do that in one day?
[50] Betty: I didn't know, when I made our fitness plan at the beginning I just felt that maybe it sounds a little bit hard.
[51] Betty: But uh I could do that. But now I just find it harder and harder.
[51] Tara: If you could finish all this exercise in one day then you're really talented.
[51] Tara: No mention the others after that.
[51] Betty: So what should I do to adjust my fitness plan?
[52] Tara: Before I start talking...
[52] Tara: Hmm I need a drink just a glass of juice will do.
[52] Betty: Oh you...
[52] Betty: So hello robot please give Tara a glass of juice.
[52] robot: Okay.
[53] Tara: Oh thank you robot.
[53] Tara: Hmm it's so fresh and delicious.
[53] Tara: Well hmm I'll talk to you some reasonable plans.
[53] Tara: First and the most basic one you should avoid the intensity of your exercise to be too uh to be excessive...
[55] Tara: Hmm and for squats and sit-ups...
[56] Tara: As well as the plank, they can be also planned simply according to the...
[56] Tara: According to the...
[56] Betty: Intensity of my exercise? Okay.
[56] Betty: Okay I got it.
[57] Tara: You should do different exercise for your different part of your body.
[57] Betty: Oh... Is there really so much to it?
[57] Tara: Yes of course.
[58] Tara: It's best to train one body part a day.
[58] Tara: Such as practicing arms today and abs tomorrow and legs the day after tomorrow.
[58] Betty: I can let the other body parts have a... have a rest.
[59] Betty: Right?
[59] Tara: Yeah.
[59] Tara: That's exactly the point.
[59] Tara: Rotating like this will make your body exercise better.
[61] Betty: Uh...
[61] Betty: Do you mean my storeroom has some equipment?
[61] Tara: Yes do you forget them?
[61] Tara: I have... I have bought it before. I have exercise equipment for your current basic stage...
[61] Tara: Your... you need just a yoga mat.
[69] Betty: I have learned that how to do all the postures.
[69] Tara: Okay I'll go back to the study and start my work.
[69] Tara: I'll finish it after my work.
[69] Betty: The juice?
[70] Betty: Well you know Tara just seems like hmm being efficient all the time.
[70] Betty: It seems that she can do everything hmm properly.
[70] Betty: Ah...

Conversation 1: Betty feels overwhelmed by her fitness plans and experiences wrist pain that makes push-ups difficult. She requests help from a robot for towels and fruit, preferring apples over strawberries. Another character (character_1) offers fruit, and Tara coordinates by asking the robot to prepare fruit and then checks if there are any problems.
[5] Robot: Okay.
[5] Tara: Oh what's wrong with you?
[5] Tara: Did you encounter some problems?

[Step 2] Evaluating semantic answer...
Action: [Answer]
Content: No, Tara is not used to finishing her drinks in one gulp.
FINAL ANSWER (from graph):
No, Tara is not used to finishing her drinks in one gulp.
Question: What items need to be tidied up on the table?

[Step 1] Searching the graph...
Parse Query Output:
{
  "query_triple": ["table", "has untidy", "?", 0.6, 0.25, 0.15],
  "spatial_constraint": "table",
  "speaker_strict": null,
  "allocation": {
    "k_high_level": 3,
    "k_low_level": 40,
    "k_conversations": 7,
    "total_k": 50,
    "reasoning": "Action/spatial inventory query focused on objects on the table; prioritize low-level edges describing items located on or cluttering the table. Minimal high-level and conversations as traits/dialogue are less relevant."
  }
}

Graph Search Results:
**High-Level Information (Character Attributes and Relationships): **

Character Attributes:
- character_1 is: unknown gender (100), only hands visible (100), long-sleeve dark top (100)

**Low-Level Information (Actions and Events): **

[4] Betty stands beside table. (living room)
[4] character_1 stands by table. (living room)
[12] mug is on table. (living room)
[15] bowl is on table. (living room)
[15] mug is on table. (living room)
[16] fruit bowl is on table. (living room)
[18] white cloth is on table. (living room)
[18] table is beside bowl of fruit. (living room)
[18] Tara steps to front of table. (living room)
[21] plate of fruit is on table. (living room)
[23] Betty reaches toward table. (living room)
[23] folded towel is on table. (living room)
[23] Betty picks up from table. (living room)
[25] Tara sits beside table. (living room)
[25] Betty's phone is on or near table. (living room)
[25] bowl of food is on table. (living room)
[25] Betty leans over table. (living room)
[27] bowl is on table. (living room)
[30] Tara leans forward over table. (living room)
[31] two bowl of food are on table. (living room)
[31] Betty leans slightly toward table. (living room)
[33] bowl of food is on table. (living room)
[34] Betty leans across table. (living room)
[34] bowl is on table. (living room)
[35] snack bowl is on table. (living room)
[49] mug is on table. (living room)
[49] table is near plate of fruit. (living room)
[52] paper is on table. (living room)
[53] paper is on table. (living room)
[54] plate is on table. (living room)
[54] cup is on table. (living room)
[55] paper is on table. (living room)
[59] paper is on table. (living room)
[60] document is on table. (living room)
[61] paper is on table. (living room)
[62] paperwork is on table. (living room)
[63] sheet of paper is from table. (living room)
[64] plate of fruit is on table. (living room)
[64] Betty gestures toward table. (living room)
[65] paper is on table. (living room)

**Conversations: **

Conversation 3: Betty proposes an overly intense daily fitness plan, and Tara advises scaling it back by moderating intensity, using sets, and rotating body parts by day. Tara emphasizes reasonable, structured training and suggests basic equipment like a yoga mat, which they already have. The robot assists with small tasks while Betty adopts the revised plan and begins practicing with Tara’s guidance.
[61] Tara: Yeah. You didn't buy it, but we also... but we already have it at home.
[61] Betty: Uh...
[61] Betty: Do you mean my storeroom has some equipment?
[61] Tara: Yes do you forget them?
[61] Tara: I have... I have bought it before. I have exercise equipment for your current basic stage...
[64] Betty: Uh it seems that our fruit looks a little bit rotten.
[64] Betty: Maybe we cannot eat all of them.
[64] Betty: Okay we can just um leave it... leave them all in our rubbish bin.
[64] Betty: Okay?
[64] Tara: Okay.
[71] Betty: Very good.
[71] Betty: Hmm, okay.
[71] Betty: Well it's a little bit dirty and messy hmm...
[71] Betty: Well hello robot please just tidy up the table for me.
[72] Betty: Okay let me have another try.

Conversation 2: Betty experiences wrist pain during push-ups and seeks advice from Tara, who suggests posture alignment and proper breathing. Betty tries to adjust, feels some improvement, but decides to rest due to persistent wrist ache and plans a gradual approach to fitness. Tara emphasizes not overloading at the start and reviews Betty's ambitious fitness plan. They also touch on Tara's busy design work schedule and Betty's motivation to exercise, inspired by someone she likes.
[23] Tara: Okay I'll wait for you.
[23] Betty: Hmm let me try.
[23] Betty: I just put the cups here.
[24] Betty: Let me get prepared.
[24] Betty: Ah I will do it slowly to feel my muscles.
[27] Betty: But I have a little sweaty so hmm maybe...
[28] Betty: Hello robot please put the...
[28] Betty: Just put the towels back into the original place.
[28] robot: Okay.
[29] Betty: Hmm let me have another piece of apple.
[37] Betty: Oh there are so many...
[37] Tara: Betty exercising is not achieved overnight.
[37] Tara: The plan should not be too much at the beginning you should be... gradually add your items.
[37] Betty: Oh well...
[37] Betty: I know uh...

[Step 2] Evaluating semantic answer...
Action: [Answer]
Content: The table has fruit (some rotten), papers/documents, cups/mugs, a plate, a folded towel, and a phone that need tidying.
FINAL ANSWER (from graph):
The table has fruit (some rotten), papers/documents, cups/mugs, a plate, a folded towel, and a phone that need tidying.
Question: Where does Betty's towel need to be placed back?

[Step 1] Searching the graph...
Parse Query Output:
{
  "query_triple": ["towel#Betty", "needs to be placed back at", "?", 0.9, 0.3, 0.15],
  "spatial_constraint": null,
  "speaker_strict": null,
  "allocation": {
    "k_high_level": 3,
    "k_low_level": 40,
    "k_conversations": 7,
    "total_k": 50,
    "reasoning": "Spatial/action requirement about an object's return location; prioritize low-level edges to find placement instructions or locations, with minimal high-level and some conversations for any verbal instructions."
  }
}

Graph Search Results:
**High-Level Information (Character Attributes and Relationships): **

Character Attributes:
- Betty is: long dark hair tied back (100), female (100), black zip-up top (100)

**Low-Level Information (Actions and Events): **

[2] Betty places on white plush towel. (living room)
[3] Betty places item. (living room)
[12] Betty sits on couch. (living room)
[14] Betty sits on center sofa. (living room)
[15] Betty places controller. (living room)
[15] Betty places phone. (living room)
[17] Betty adjusts hand placement on mat. (living room)
[17] Betty walks back toward table. (living room)
[19] Betty walks back toward table. (living room)
[23] Betty places cup. (living room)
[24] Betty places Betty's phone. (living room)
[24] Betty moves into plank position. (living room)
[24] Betty sits back on Betty's knee. (living room)
[25] Betty places Betty's phone. (living room)
[27] Betty leans back onto ottoman. (living room)
[30] Betty sits at small round table. (living room)
[31] Betty sits at small round table. (living room)
[49] Betty sits on sofa. (living room)
[49] Betty places mug. (living room)
[50] Betty rests hand near Betty's face. (living room)
[52] Betty sits on couch. (living room)
[53] Betty sits on sofa. (living room)
[54] Betty sits on sofa. (living room)
[55] Betty sits on couch. (living room)
[55] Betty places paper. (living room)
[56] Betty sits at small round table. (living room)
[57] Betty sits at small round table. (living room)
[59] Betty looks back at tablet. (living room)
[62] Betty sits at small round table. (living room)
[64] Betty places down slightly paper. (living room)
[67] Betty places Betty's phone. (living room)
[67] Betty shifts into plank position. (living room)
[67] Betty returns to Betty's knee. (living room)
[68] Betty shifts to seated position on mat. (living room)
[70] folded towel is laid out behind Betty. (living room)
[70] pillow is laid out behind Betty. (living room)
[70] Betty shifts position. (living room)
[71] Betty sets aside on exercise mat. (living room)
[72] Betty moves into all-fours position. (living room and kitchen)
[72] Betty moves into plank-like pose. (living room and kitchen)

**Conversations: **

Conversation 2: Betty experiences wrist pain during push-ups and seeks advice from Tara, who suggests posture alignment and proper breathing. Betty tries to adjust, feels some improvement, but decides to rest due to persistent wrist ache and plans a gradual approach to fitness. Tara emphasizes not overloading at the start and reviews Betty's ambitious fitness plan. They also touch on Tara's busy design work schedule and Betty's motivation to exercise, inspired by someone she likes.
[17] Betty: Is it matter?
[17] Tara: Your hands should be more close... uh should be closer.
[17] Betty: Uh maybe you just let me... uh let me wipe my hmm... wipe my head.
[18] Tara: It's okay.
[18] Betty: Let me see but you know Tara...
[23] Tara: Okay I'll wait for you.
[23] Betty: Hmm let me try.
[23] Betty: I just put the cups here.
[24] Betty: Let me get prepared.
[24] Betty: Ah I will do it slowly to feel my muscles.
[27] Betty: But I have a little sweaty so hmm maybe...
[28] Betty: Hello robot please put the...
[28] Betty: Just put the towels back into the original place.
[28] robot: Okay.
[29] Betty: Hmm let me have another piece of apple.

Conversation 3: Betty proposes an overly intense daily fitness plan, and Tara advises scaling it back by moderating intensity, using sets, and rotating body parts by day. Tara emphasizes reasonable, structured training and suggests basic equipment like a yoga mat, which they already have. The robot assists with small tasks while Betty adopts the revised plan and begins practicing with Tara’s guidance.
[65] Betty: Ah let me see my tips hmm I should do this posture ah okay.
[65] Betty: So hello robot please give me my yoga uh yoga equipment for me and then...
[65] Betty: Hmm where is it?
[65] Betty: Uh I don't know just give me.
[66] Betty: Okay, thank you robot.
[67] Tara: Yes that's enough move.
[67] Betty: Okay, let me revise.
[67] Betty: It looks better?
[67] Tara: Much better than before.
[67] Betty: I think I need a rest.
[71] Betty: Very good.
[71] Betty: Hmm, okay.
[71] Betty: Well it's a little bit dirty and messy hmm...
[71] Betty: Well hello robot please just tidy up the table for me.
[72] Betty: Okay let me have another try.

Conversation 1: Betty feels overwhelmed by her fitness plans and experiences wrist pain that makes push-ups difficult. She requests help from a robot for towels and fruit, preferring apples over strawberries. Another character (character_1) offers fruit, and Tara coordinates by asking the robot to prepare fruit and then checks if there are any problems.
[1] Betty: Oh, so tired of me, I'm exhausted.
[1] Betty: And maybe hello robot could you please fetch the towels in the bathroom for me?
[1] robot: Okay.
[2] Betty: Oh thank you robot.

[Step 2] Evaluating semantic answer...
Action: [Answer]
Content: Back into the original place.
FINAL ANSWER (from graph):
Back into the original place.
Question: Does Betty work out just to be fit?

[Step 1] Searching the graph...
Parse Query Output:
{
  "query_triple": ["<Betty>", "motivation for working out", "be fit", 0.95, 0.3, 0.7],
  "spatial_constraint": null,
  "speaker_strict": null,
  "allocation": {
    "k_high_level": 6,
    "k_low_level": 9,
    "k_conversations": 35,
    "total_k": 50,
    "reasoning": "Why/motivation query about Betty's workouts. Use conversations to capture stated reasons; some high-level traits/relationships may hint at lifestyle goals; a few low-level edges to confirm workout actions."
  }
}

Graph Search Results:
**High-Level Information (Character Attributes and Relationships): **

Character Attributes:
- Betty is: motivated to improve fitness (90)

Character Relationships:
- Betty seeks guidance from Tara (92)
- Betty relies on assistance from robot (88)
- Tara encourages Betty (85)
- robot assistant to Betty (92)
- Betty trusts advice from Tara (90)

**Low-Level Information (Actions and Events): **

[19] Betty gets into push-up position on exercise mat. (living room)
[23] Betty prepares for exercise. (living room)
[24] Betty continues exercise. (living room)
[34] Betty talks about fitness. (living room)
[50] Betty explains Betty's fitness plan. (living room)
[59] Betty reflects on Betty's fitness plan. (living room)
[62] Betty requests new fitness plan. (living room)
[70] Betty admits Tara's fitness is better. (living room)
[72] Betty starts exercise. (living room and kitchen)

**Conversations: **

Conversation 3: Betty proposes an overly intense daily fitness plan, and Tara advises scaling it back by moderating intensity, using sets, and rotating body parts by day. Tara emphasizes reasonable, structured training and suggests basic equipment like a yoga mat, which they already have. The robot assists with small tasks while Betty adopts the revised plan and begins practicing with Tara’s guidance.
[49] Tara: Oh.
[49] Tara: Are you sure your fitness plan isn't too much?
[49] Betty: My fitness plan?
[49] Tara: Yes. For one day...
[49] Tara: A hundred push-ups.
[50] Tara: Do you have some misunderstandings about your ability?
[50] Tara: Can... can a normal person do that in one day?
[50] Betty: I didn't know, when I made our fitness plan at the beginning I just felt that maybe it sounds a little bit hard.
[51] Betty: But uh I could do that. But now I just find it harder and harder.
[51] Tara: If you could finish all this exercise in one day then you're really talented.
[51] Tara: No mention the others after that.
[51] Betty: So what should I do to adjust my fitness plan?
[52] Tara: Before I start talking...
[52] Tara: Hmm I need a drink just a glass of juice will do.
[53] Tara: First and the most basic one you should avoid the intensity of your exercise to be too uh to be excessive...
[54] Betty: What do you wanna say?
[54] Betty: Excessive?
[54] Tara: Uh you should control it in a tangible quality or you will not only do harm to yourself but also uh have some bad effects of your exercise.
[54] Betty: Hmm...
[56] Tara: As well as the plank, they can be also planned simply according to the...
[56] Tara: According to the...
[56] Betty: Intensity of my exercise? Okay.
[56] Betty: Okay I got it.
[56] Tara: Like uh sit-ups is more intense.
[58] Tara: Such as practicing arms today and abs tomorrow and legs the day after tomorrow.
[58] Betty: Oh I got.
[58] Betty: I got hmm these tips because uh I should do the exercise for one body part a day.
[58] Betty: So by doing so I can not only uh to fully exercise this body body part and also...
[58] Betty: I can let the other body parts have a... have a rest.
[59] Betty: Right?
[59] Tara: Simply put, it is about alternating exercise.
[59] Betty: Oh I know what you mean.
[59] Betty: It seems that my fitness plan made before it looks so unreasonable.
[59] Tara: Of course, no beginner would do so much exercise in one day.
[60] Tara: Moreover you must be prepared for exercise.
[60] Tara: For example you were just exercising directly on the floor this material is not only inconvenient.
[60] Tara: But also sweaty. And... But sweat and movements will also mess up the floor.
[60] Betty: That's it, so... but the fact is that I didn't buy any equipment for exercising.
[61] Betty: Because you know I'm just a starter.
[61] Tara: Yeah. You didn't buy it, but we also... but we already have it at home.
[61] Tara: Your... you need just a yoga mat.
[62] Betty: Oh you got it. I just think...
[62] Betty: Why... why I have some uh equipment for exercising before.
[62] Betty: Uh so okay okay I got it.
[62] Betty: Uh hello robot please give me a relatively new fitness plan according what... according to what Tara has said.
[63] Betty: Oh thank you robot let me see my new fitness plan, hmm...
[63] Betty: It looks great.
[64] Betty: Let me have a look.
[64] Tara: Okay.
[64] Betty: They are rotten we can't eat so hmm...
[64] Betty: Let me exercise now.
[64] Betty: I'm fully prepared.
[65] Betty: Ah let me see my tips hmm I should do this posture ah okay.
[68] Tara: Robot??? There was a message on your phone.
[68] Tara: Oh thank you robot, my phone is ringing.
[68] Betty: Oh it seems that our fitness guru will become a busy man.
[69] Tara: Ah you're right.
[69] Betty: Okay just to work your... just to work Tara.
[69] Betty: The juice?
[70] Betty: Well you know Tara just seems like hmm being efficient all the time.
[70] Betty: It seems that she can do everything hmm properly.
[70] Betty: Ah...
[70] Betty: Let me see the fitness plan...
[70] Betty: Hmm let me have a look.
[70] Betty: Oh I have to admit Tara, Tara is much more better than me in fitness.
[71] Betty: Very good.
[71] Betty: Hmm, okay.

Conversation 2: Betty experiences wrist pain during push-ups and seeks advice from Tara, who suggests posture alignment and proper breathing. Betty tries to adjust, feels some improvement, but decides to rest due to persistent wrist ache and plans a gradual approach to fitness. Tara emphasizes not overloading at the start and reviews Betty's ambitious fitness plan. They also touch on Tara's busy design work schedule and Betty's motivation to exercise, inspired by someone she likes.
[11] Tara: Hmm... Betty, do you encounter some problems?
[11] Betty: Oh well you know...
[11] Betty: I just finished a couple of push ups and I feel that my hmm... maybe my wrist is aching so...
[12] Betty: I just cannot continue.
[12] Tara: Hmm wrist pain is caused by the incorrect posture or too much pressure on the wrist.
[12] Betty: And you just know that?
[12] Betty: When I was doing the push-ups...
[12] Betty: Hmm it seems that my wrist has been under too many pressure.
[12] Betty: And I don't know whether I am posturing a right posture or not and you know...
[18] Betty: I just feel that my wrist still hurts.
[18] Betty: But hmm the point is that why?
[18] Betty: Why just I'm feeling tired, and exhausted when doing the push-ups.
[19] Tara: Because maybe you are using the wrong breathing method.
[19] Tara: The correct method is when you go down you should breathe in.
[19] Tara: That will make your push-ups more effective.
[19] Betty: Okay got it let me try... uh let me show you my progress, uh another one.
[19] Betty: Is it better?
[19] Tara: Yeah.
[20] Betty: Hmm let me see my tips, ah is this posture.
[20] Betty: Hmm and you know Tara I just feel that ah I'm feeling more and more easy to do the push-ups.
[20] Betty: It's for me hmm... for me more relax when I'm do the push-ups.
[21] Betty: So Tara I think...
[21] Betty: Oh, I just didn't think that I understand and know a "fitness sura"!
[21] Betty: Yes...
[21] Tara: Uh actually you're teasing me, don't tease me anymore.
[21] Betty: I just know your talent for fitness, just like guru.
[22] Tara: Did you prepare anything to drink for your exercise?
[22] Betty: Oh I almost forgot it.
[23] Betty: Hmm I need to have a rest.
[23] Betty: Okay time's up.
[23] Betty: I will going on my push-ups okay?
[23] Tara: Okay I'll wait for you.
[23] Betty: Hmm let me try.
[23] Betty: I just put the cups here.
[24] Betty: Let me get prepared.
[24] Betty: Ah I will do it slowly to feel my muscles.
[24] Betty: Hmm maybe I still need to have a rest.
[24] Tara: Hmm maybe you can have a rest with me on sofa and eat things.
[33] Tara: There are many solutions.
[33] Betty: Hmm because you know...
[33] Betty: Doing the fitness exercises can make me looks better.
[33] Betty: And you know ah doing the fitness is the only thing that once you pay some at first and you work hard...
[34] Betty: And then you will get the uh a good shape and a spiritual shape.
[34] Betty: Okay?
[34] Tara: Okay.
[34] Betty: Hmm and you know...
[34] Betty: Hmm the most important thing is that she also loves exercising, the beautiful girl.
[34] Tara: Really? A girl who, who likes exercising?
[35] Tara: That's really rare.
[36] Betty: Hmm yes.
[36] Tara: So what's your fitness list or plan with it?
[36] Betty: Oh my fitness plan.
[36] Betty: Hello robot hmm could you please fetch me my fitness plan?
[37] Betty: Well robot just give it to Tara.
[37] Tara: I'll look it...
[37] Betty: Oh there are so many...
[37] Tara: Betty exercising is not achieved overnight.
[37] Tara: The plan should not be too much at the beginning you should be... gradually add your items.
[37] Betty: Oh well...
[37] Betty: I know uh...
[38] Betty: But... Ah I just know that if I do too much exercises a day, I'm exhausted from my... from the bottom of my heart.
[38] Betty: And I just feeling that my body choose to collapse.
[38] Betty: Just look through my fitness plan.
[38] Tara: Hmm.
[38] Tara: I'm reading, carefully.

Conversation 1: Betty feels overwhelmed by her fitness plans and experiences wrist pain that makes push-ups difficult. She requests help from a robot for towels and fruit, preferring apples over strawberries. Another character (character_1) offers fruit, and Tara coordinates by asking the robot to prepare fruit and then checks if there are any problems.
[1] robot: Okay.
[2] Betty: Oh thank you robot.
[3] Betty: Oh. Where's my fitness plan?
[3] Betty: Oh I see. Hmm...
[3] Betty: Why...
[3] Betty: That's a burden for me.
[3] Betty: But I just wondering hmm why my wrist so hurts.
[4] Betty: Well it's so hard for me to do the push ups.
[4] Betty: Oh. That's hurts.
[4] character_1: Do you want some strawberries?

[Step 2] Evaluating semantic answer...
Action: [Answer]
Content: No, she also works out to improve her appearance and because a girl she likes enjoys exercising.
FINAL ANSWER (from graph):
No, she also works out to improve her appearance and because a girl she likes enjoys exercising.
Question: Where is Betty's fitness plan sheet?

[Step 1] Searching the graph...
Parse Query Output:
{
  "query_triple": ["fitness plan sheet#Betty", "is at", "?", 0.95, 0.5, 0.15],
  "spatial_constraint": null,
  "speaker_strict": null,
  "allocation": {
    "k_high_level": 3,
    "k_low_level": 40,
    "k_conversations": 7,
    "total_k": 50,
    "reasoning": "Spatial/location query for a specific object tied to Betty. Prioritize low-level edges to track object locations and placements; minimal high-level edges in case of ownership/context; a few conversations in case someone mentions where it is."
  }
}

Graph Search Results:
**High-Level Information (Character Attributes and Relationships): **

Character Attributes:
- Betty is: female (100), black zip-up top (100), white socks (100)

**Low-Level Information (Actions and Events): **

[2] Betty is near plant. (living room)
[3] Betty is in discomfort. (living room)
[4] fruit is for Betty. (living room)
[13] Betty sits ottoman by coffee table. (living room)
[14] Betty sits. (living room)
[15] Betty sits on sofa. (living room)
[16] Betty sits on sofa. (living room)
[17] Betty sits on sofa. (living room)
[19] Betty sits on sofa. (living room)
[20] Betty sits on sofa. (living room)
[24] Betty's phone is on cushion. (living room)
[24] cushion is in front of Betty. (living room)
[24] Betty stands near sofa. (living room)
[29] Betty sits near small round table. (living room)
[30] Betty sits at small round table. (living room)
[31] Betty sits at small round table. (living room)
[35] laptop is on Betty's lap. (living room)
[36] robot picks up paper labeled fitness plan. (living room)
[36] paper labeled fitness plan is from console. (living room)
[37] robot holds printed sheet labeled 'Fitness Plan'. (living room)
[37] Betty sits sofa. (living room)
[37] robot hands 'Fitness Plan' sheet. (living room)
[37] 'Fitness Plan' sheet is to Tara. (living room)
[37] Tara takes 'Fitness Plan' sheet. (living room)
[38] Betty points at paper. (living room)
[50] Betty points at plan on paper. (living room)
[50] Betty explains Betty's fitness plan. (living room)
[51] Betty points at sheet on table. (living room)
[55] paper is on Betty's lap. (living room)
[56] Betty sits at small round table. (living room)
[57] Betty sits at small round table. (living room)
[58] Betty points at paper. (living room)
[59] Betty reflects on Betty's fitness plan. (living room)
[61] Betty is near small round table. (living room)
[62] Betty sits at small round table. (living room)
[62] Betty requests new fitness plan. (living room)
[65] Betty points at paper. (living room)
[67] Betty's phone is on mat. (living room)
[69] Betty is on workout mat. (living room)
[70] Betty points at Betty's phone. (living room)

**Conversations: **

Conversation 1: Betty feels overwhelmed by her fitness plans and experiences wrist pain that makes push-ups difficult. She requests help from a robot for towels and fruit, preferring apples over strawberries. Another character (character_1) offers fruit, and Tara coordinates by asking the robot to prepare fruit and then checks if there are any problems.
[1] robot: Okay.
[2] Betty: Oh thank you robot.
[3] Betty: Oh. Where's my fitness plan?
[3] Betty: Oh I see. Hmm...
[3] Betty: Why...

Conversation 3: Betty proposes an overly intense daily fitness plan, and Tara advises scaling it back by moderating intensity, using sets, and rotating body parts by day. Tara emphasizes reasonable, structured training and suggests basic equipment like a yoga mat, which they already have. The robot assists with small tasks while Betty adopts the revised plan and begins practicing with Tara’s guidance.
[49] Tara: Oh.
[49] Tara: Are you sure your fitness plan isn't too much?
[49] Betty: My fitness plan?
[49] Tara: Yes. For one day...
[49] Tara: A hundred push-ups.
[51] Tara: If you could finish all this exercise in one day then you're really talented.
[51] Tara: No mention the others after that.
[51] Betty: So what should I do to adjust my fitness plan?
[52] Tara: Before I start talking...
[52] Tara: Hmm I need a drink just a glass of juice will do.
[59] Tara: Simply put, it is about alternating exercise.
[59] Betty: Oh I know what you mean.
[59] Betty: It seems that my fitness plan made before it looks so unreasonable.
[59] Tara: Of course, no beginner would do so much exercise in one day.
[60] Tara: Moreover you must be prepared for exercise.
[70] Betty: It seems that she can do everything hmm properly.
[70] Betty: Ah...
[70] Betty: Let me see the fitness plan...
[70] Betty: Hmm let me have a look.
[70] Betty: Oh I have to admit Tara, Tara is much more better than me in fitness.

Conversation 2: Betty experiences wrist pain during push-ups and seeks advice from Tara, who suggests posture alignment and proper breathing. Betty tries to adjust, feels some improvement, but decides to rest due to persistent wrist ache and plans a gradual approach to fitness. Tara emphasizes not overloading at the start and reviews Betty's ambitious fitness plan. They also touch on Tara's busy design work schedule and Betty's motivation to exercise, inspired by someone she likes.
[36] Betty: Hmm yes.
[36] Tara: So what's your fitness list or plan with it?
[36] Betty: Oh my fitness plan.
[36] Betty: Hello robot hmm could you please fetch me my fitness plan?
[37] Betty: Well robot just give it to Tara.
[38] Betty: But... Ah I just know that if I do too much exercises a day, I'm exhausted from my... from the bottom of my heart.
[38] Betty: And I just feeling that my body choose to collapse.
[38] Betty: Just look through my fitness plan.
[38] Tara: Hmm.
[38] Tara: I'm reading, carefully.

[Step 2] Evaluating semantic answer...
Action: [Answer]
Content: On the table in the living room.
FINAL ANSWER (from graph):
On the table in the living room.
Question: Where is Betty's cup?

[Step 1] Searching the graph...
Parse Query Output:
{
  "query_triple": ["cup#Betty", "is at", "?", 0.9, 0.5, 0.2],
  "spatial_constraint": null,
  "speaker_strict": null,
  "allocation": {
    "k_high_level": 3,
    "k_low_level": 40,
    "k_conversations": 7,
    "total_k": 50,
    "reasoning": "Spatial location query about a specific object owned by Betty; prioritize low-level edges for placement and containment relations. Minimal high-level edges may capture ownership links; limited conversations in case dialogue mentions where the cup was placed."
  }
}

Graph Search Results:
**High-Level Information (Character Attributes and Relationships): **

Character Attributes:
- Betty is: female (100), black zip-up top (100), white socks (100)

**Low-Level Information (Actions and Events): **

[2] Betty is near plant. (living room)
[3] Betty is in discomfort. (living room)
[4] fruit is for Betty. (living room)
[13] Betty sits ottoman by coffee table. (living room)
[14] Betty sits. (living room)
[15] Betty sits on sofa. (living room)
[16] Betty sits on sofa. (living room)
[17] Betty sits on sofa. (living room)
[19] Betty sits on sofa. (living room)
[20] Betty sits on sofa. (living room)
[21] Betty sits on sofa. (living room)
[22] Betty sits on sofa. (living room)
[23] Betty sits on floor mat. (living room)
[24] Betty's phone is on cushion. (living room)
[24] cushion is in front of Betty. (living room)
[24] Betty stands near sofa. (living room)
[26] Betty sits on sofa edge. (living room)
[27] Betty sits on sofa. (living room)
[29] Betty sits near small round table. (living room)
[30] Betty sits at small round table. (living room)
[31] Betty sits at small round table. (living room)
[32] Betty sits on right side of couch. (living room)
[33] Betty sits on small round table. (living room)
[35] laptop is on Betty's lap. (living room)
[37] Betty sits sofa. (living room)
[38] Betty points at paper. (living room)
[50] Betty points at plan on paper. (living room)
[51] Betty points at sheet on table. (living room)
[55] paper is on Betty's lap. (living room)
[56] Betty sits at small round table. (living room)
[57] Betty sits at small round table. (living room)
[58] Betty points at paper. (living room)
[61] Betty is near small round table. (living room)
[62] Betty sits at small round table. (living room)
[65] Betty points at paper. (living room)
[67] Betty's phone is on mat. (living room)
[69] Betty is on workout mat. (living room)
[69] Betty sits on workout mat. (living room)
[70] Betty points at Betty's phone. (living room)
[72] Betty sits on sofa's edge. (living room and kitchen)

**Conversations: **

Conversation 3: Betty proposes an overly intense daily fitness plan, and Tara advises scaling it back by moderating intensity, using sets, and rotating body parts by day. Tara emphasizes reasonable, structured training and suggests basic equipment like a yoga mat, which they already have. The robot assists with small tasks while Betty adopts the revised plan and begins practicing with Tara’s guidance.
[54] Betty: Excessive?
[54] Tara: Uh you should control it in a tangible quality or you will not only do harm to yourself but also uh have some bad effects of your exercise.
[54] Betty: Hmm...
[55] Tara: And your... your fitness plan is really a classical counterexample.
[55] Betty: Okay, the awesome one.
[61] Betty: Because you know I'm just a starter.
[61] Tara: Yeah. You didn't buy it, but we also... but we already have it at home.
[61] Betty: Uh...
[61] Betty: Do you mean my storeroom has some equipment?
[61] Tara: Yes do you forget them?
[65] Betty: Ah let me see my tips hmm I should do this posture ah okay.
[65] Betty: So hello robot please give me my yoga uh yoga equipment for me and then...
[65] Betty: Hmm where is it?
[65] Betty: Uh I don't know just give me.
[66] Betty: Okay, thank you robot.
[69] Tara: Okay I'll go back to the study and start my work.
[69] Tara: I'll finish it after my work.
[69] Betty: The juice?
[70] Betty: Well you know Tara just seems like hmm being efficient all the time.
[70] Betty: It seems that she can do everything hmm properly.

Conversation 2: Betty experiences wrist pain during push-ups and seeks advice from Tara, who suggests posture alignment and proper breathing. Betty tries to adjust, feels some improvement, but decides to rest due to persistent wrist ache and plans a gradual approach to fitness. Tara emphasizes not overloading at the start and reviews Betty's ambitious fitness plan. They also touch on Tara's busy design work schedule and Betty's motivation to exercise, inspired by someone she likes.
[14] Tara: Ah oh.
[14] Tara: Like this.
[15] Betty: Hmm...
[15] Betty: Maybe I just don't know did I push so many pressure on my wrist?
[15] Betty: So I don't know.
[22] Betty: Uh this one hmm...
[22] Betty: You can see that...
[22] Betty: I just poured myself a cup of coffee and...
[22] Betty: Ah and now I have drunk all of them.
[22] Tara: Hmm you are really serious about working out.
[23] Tara: Okay I'll wait for you.
[23] Betty: Hmm let me try.
[23] Betty: I just put the cups here.
[24] Betty: Let me get prepared.
[24] Betty: Ah I will do it slowly to feel my muscles.

[Step 2] Evaluating semantic answer...
Action: [Answer]
Content: On the floor mat near Betty.
FINAL ANSWER (from graph):
On the floor mat near Betty.
Question: Where is Tara's yoga mat?

[Step 1] Searching the graph...
Parse Query Output:
{
  "query_triple": ["yoga mat#Tara", "is at", "?", 0.95, 0.5, 0.15],
  "spatial_constraint": null,
  "speaker_strict": null,
  "allocation": {
    "k_high_level": 2,
    "k_low_level": 40,
    "k_conversations": 8,
    "total_k": 50,
    "reasoning": "Spatial location query for a specific object; prioritize low-level edges that track object locations. Minimal need for high-level edges or conversations."
  }
}

Graph Search Results:
**High-Level Information (Character Attributes and Relationships): **

Character Attributes:
- Tara is: holds phone (100), female (100)

**Low-Level Information (Actions and Events): **

[3] exercise mat is on floor. (living room)
[4] Betty pauses near yoga mat. (living room)
[4] yoga mat is on floor. (living room)
[12] exercise mat is on floor. (living room)
[13] Tara sits left end of couch. (living room)
[14] Tara's hand is on floor. (living room)
[15] Tara sits on sofa. (living room)
[16] Tara sits on floor. (living room)
[18] Tara stands near plant. (living room)
[18] Tara sits on couch. (living room)
[19] Tara sits on sofa. (living room)
[19] exercise mat is on floor. (living room)
[20] Tara sits on sofa. (living room)
[21] Tara sits at small round table. (living room)
[21] Tara points at bowl of apple. (living room)
[24] Tara sits sofa. (living room)
[24] pink cushion is on exercise mat. (living room)
[24] plank position is on exercise mat. (living room)
[37] Tara sits sofa. (living room)
[37] paper is for Tara. (living room)
[37] 'Fitness Plan' sheet is to Tara. (living room)
[49] Tara points at section. (living room)
[52] Tara sits. (living room)
[56] Tara points at phone. (living room)
[56] Tara points at paper. (living room)
[57] Tara points at paper. (living room)
[57] Tara sits. (living room)
[58] exercise mat is on floor. (living room)
[61] Tara points at paper. (living room)
[61] Tara gestures toward yoga mat. (living room)
[61] yoga mat is on floor. (living room)
[64] paper is in Tara's hand. (living room)
[64] Tara is seated. (living room)
[64] exercise mat is on floor. (living room)
[68] Tara is on sofa. (living room)
[69] Betty is on workout mat. (living room)
[71] notebook is on exercise mat. (living room)
[72] Betty kneels on yoga mat. (living room and kitchen)
[72] yoga mat is in living room. (living room and kitchen)
[72] forearm plank is on yoga mat. (living room and kitchen)

**Conversations: **

Conversation 3: Betty proposes an overly intense daily fitness plan, and Tara advises scaling it back by moderating intensity, using sets, and rotating body parts by day. Tara emphasizes reasonable, structured training and suggests basic equipment like a yoga mat, which they already have. The robot assists with small tasks while Betty adopts the revised plan and begins practicing with Tara’s guidance.
[49] Betty: Oh thank you robot wow.
[49] Betty: Look how intelligent our robot is.
[49] Tara: Yes.
[49] Betty: Well done.
[49] Tara: Oh.
[49] Tara: A hundred push-ups.
[49] Tara: A hundred squats.
[49] Tara: A hundred sit-ups.
[49] Tara: And even a ten minutes plank.
[50] Betty: Hmm so what? It sounds great.
[55] Tara: For example maybe you can do thirty to forty push-ups and you can divide them into sets in three or four sets.
[55] Tara: That means you can do ten a time.
[55] Tara: Hmm and for squats and sit-ups...
[56] Tara: As well as the plank, they can be also planned simply according to the...
[56] Tara: According to the...
[59] Tara: Of course, no beginner would do so much exercise in one day.
[60] Tara: Moreover you must be prepared for exercise.
[60] Tara: For example you were just exercising directly on the floor this material is not only inconvenient.
[60] Tara: But also sweaty. And... But sweat and movements will also mess up the floor.
[60] Betty: That's it, so... but the fact is that I didn't buy any equipment for exercising.
[61] Tara: Yes do you forget them?
[61] Tara: I have... I have bought it before. I have exercise equipment for your current basic stage...
[61] Tara: Your... you need just a yoga mat.
[62] Betty: Oh you got it. I just think...
[62] Betty: Why... why I have some uh equipment for exercising before.

Conversation 2: Betty experiences wrist pain during push-ups and seeks advice from Tara, who suggests posture alignment and proper breathing. Betty tries to adjust, feels some improvement, but decides to rest due to persistent wrist ache and plans a gradual approach to fitness. Tara emphasizes not overloading at the start and reviews Betty's ambitious fitness plan. They also touch on Tara's busy design work schedule and Betty's motivation to exercise, inspired by someone she likes.
[26] Tara: Yeah of course.
[26] Betty: Oh I need to reply a wechat message now let me see.
[27] Tara: Uh...
[27] Tara: Maybe we should be more relaxed, maybe lie on the sofa?
[27] Betty: Okay.
[35] Tara: And whatever you'll be healthy and maybe you would obtain more confidence.
[36] Betty: Hmm yes.
[36] Tara: So what's your fitness list or plan with it?
[36] Betty: Oh my fitness plan.
[36] Betty: Hello robot hmm could you please fetch me my fitness plan?
[38] Betty: And I just feeling that my body choose to collapse.
[38] Betty: Just look through my fitness plan.
[38] Tara: Hmm.
[38] Tara: I'm reading, carefully.
[39] Betty: Hello robot please make me a cup of coffee so I can drink it after I exercised.

[Step 2] Evaluating semantic answer...
Action: [Answer]
Content: In the living room.
FINAL ANSWER (from graph):
In the living room.
Question: What kind of fruit does Betty like。strawberries or apples？

[Step 1] Searching the graph...
Parse Query Output:
{
  "query_triple": ["<Betty>", "likes", "fruit=?", 0.95, 0.35, 0.25],
  "spatial_constraint": null,
  "speaker_strict": null,
  "allocation": {
    "k_high_level": 8,
    "k_low_level": 12,
    "k_conversations": 30,
    "total_k": 50,
    "reasoning": "Preference query about what Betty likes; use some high-level traits/relationships for stable preferences, but prioritize conversations to catch explicit statements like 'I like strawberries/apples', and some low-level for actions showing her choosing/eating one."
  }
}

Graph Search Results:
**High-Level Information (Character Attributes and Relationships): **

Character Attributes:
- Betty is: female (100), white socks (100), black zip-up top (100), medium build (100), long dark hair tied back (100)

Character Relationships:
- Betty friends with Tara (85)
- Tara encourages Betty (85)
- Betty trusts advice from Tara (90)

**Low-Level Information (Actions and Events): **

[3] Betty places item. (living room)
[4] fruit is for Betty. (living room)
[5] Betty faces character_1. (living room and kitchen)
[16] Betty looks toward fruit bowl. (living room)
[16] Betty picks up piece of apple. (living room)
[16] Betty eats apple. (living room)
[21] Betty looks at plate of fruit. (living room)
[29] Betty takes food. (living room)
[49] Betty looks at fruit plate. (living room)
[64] Betty glances at plate of fruit. (living room)
[64] Betty looks at fruit. (living room)
[69] Betty asks about juice. (living room)

**Conversations: **

Conversation 1: Betty feels overwhelmed by her fitness plans and experiences wrist pain that makes push-ups difficult. She requests help from a robot for towels and fruit, preferring apples over strawberries. Another character (character_1) offers fruit, and Tara coordinates by asking the robot to prepare fruit and then checks if there are any problems.
[3] Betty: Oh. Where's my fitness plan?
[3] Betty: Oh I see. Hmm...
[3] Betty: Why...
[3] Betty: Hmm there are so many things to do I have seen I still have some practice plans.
[3] Betty: Oh my god.
[4] Betty: Well it's so hard for me to do the push ups.
[4] Betty: Oh. That's hurts.
[4] character_1: Do you want some strawberries?
[4] Betty: Okay.
[4] Betty: Hmm strawberries...
[4] character_1: Yes.
[4] Betty: You know my hands is hurting now.
[4] Betty: And I just think that strawberries maybe too sweet for me I think maybe apples are better.
[4] character_1: Well hi robot prepare some fruit for Betty.
[5] Tara: Well hi robot prepare some fruit for Betty.
[5] Robot: Okay.
[5] Tara: Oh what's wrong with you?

Conversation 2: Betty experiences wrist pain during push-ups and seeks advice from Tara, who suggests posture alignment and proper breathing. Betty tries to adjust, feels some improvement, but decides to rest due to persistent wrist ache and plans a gradual approach to fitness. Tara emphasizes not overloading at the start and reviews Betty's ambitious fitness plan. They also touch on Tara's busy design work schedule and Betty's motivation to exercise, inspired by someone she likes.
[14] Tara: Ah oh.
[14] Tara: Like this.
[15] Betty: Hmm...
[15] Betty: Maybe I just don't know did I push so many pressure on my wrist?
[15] Betty: So I don't know.
[16] Betty: I will try the posture you tell me.
[16] Betty: Let me think about what you have said hmm okay...
[17] Betty: Let me have a try.
[17] Betty: You know I just write some tips on my phone, let me see them hmm okay.
[17] Betty: Let me try.
[19] Tara: That will make your push-ups more effective.
[19] Betty: Okay got it let me try... uh let me show you my progress, uh another one.
[19] Betty: Is it better?
[19] Tara: Yeah.
[20] Betty: Hmm let me see my tips, ah is this posture.
[21] Betty: So Tara I think...
[21] Betty: Oh, I just didn't think that I understand and know a "fitness sura"!
[21] Betty: Yes...
[21] Tara: Uh actually you're teasing me, don't tease me anymore.
[21] Betty: I just know your talent for fitness, just like guru.
[22] Tara: Did you prepare anything to drink for your exercise?
[22] Betty: Oh I almost forgot it.
[22] Betty: Uh this one hmm...
[22] Betty: You can see that...
[22] Betty: I just poured myself a cup of coffee and...
[22] Betty: Ah and now I have drunk all of them.
[22] Tara: Hmm you are really serious about working out.
[22] Betty: Yeah.
[23] Betty: Hmm I need to have a rest.
[23] Betty: Okay time's up.
[24] Tara: Hmm maybe you can have a rest with me on sofa and eat things.
[24] Tara: Your wrist is still in pain.
[24] Betty: Yes.
[24] Betty: You know my wrist just keeps aching. I'm a little regretful, you know.
[25] Betty: You know my wrist just keeps aching hmm I'm a little regretful you know.
[25] Betty: Hmm if I just do not act in this way.
[25] Betty: Maybe I will still feel the aching pain even if I'm applying the right posture now.
[26] Betty: Do you agree with me?
[26] Tara: Yeah of course.
[26] Betty: Oh I need to reply a wechat message now let me see.
[28] Betty: Just put the towels back into the original place.
[28] robot: Okay.
[29] Betty: Hmm let me have another piece of apple.
[29] Betty: Hmm well Tom ah not Tom you're not Tom ah.
[29] Betty: I just mix you and Tom you know?
[32] Betty: You know...
[32] Tara: Oh... why you be shy don't disgust me.
[32] Betty: Hmm let me think.
[32] Betty: Ah okay, fine it's just I met a a girl.
[33] Betty: A beautiful girl when I... when I'm working recently.
[34] Tara: Okay.
[34] Betty: Hmm and you know...
[34] Betty: Hmm the most important thing is that she also loves exercising, the beautiful girl.
[34] Tara: Really? A girl who, who likes exercising?
[35] Tara: That's really rare.
[35] Tara: But to be honest exercising is really a good habit.
[35] Tara: And whatever you'll be healthy and maybe you would obtain more confidence.
[36] Betty: Hmm yes.
[36] Tara: So what's your fitness list or plan with it?
[36] Betty: Oh my fitness plan.
[37] Betty: Well robot just give it to Tara.
[37] Tara: Thank you robot.
[37] Betty: Thank you.
[37] Tara: I'll look it...
[37] Betty: Oh there are so many...
[37] Tara: Betty exercising is not achieved overnight.
[37] Tara: The plan should not be too much at the beginning you should be... gradually add your items.

Conversation 3: Betty proposes an overly intense daily fitness plan, and Tara advises scaling it back by moderating intensity, using sets, and rotating body parts by day. Tara emphasizes reasonable, structured training and suggests basic equipment like a yoga mat, which they already have. The robot assists with small tasks while Betty adopts the revised plan and begins practicing with Tara’s guidance.
[53] Tara: Well hmm I'll talk to you some reasonable plans.
[53] Tara: First and the most basic one you should avoid the intensity of your exercise to be too uh to be excessive...
[54] Betty: What do you wanna say?
[54] Betty: Excessive?
[54] Tara: Uh you should control it in a tangible quality or you will not only do harm to yourself but also uh have some bad effects of your exercise.
[54] Betty: Hmm...
[55] Tara: And your... your fitness plan is really a classical counterexample.
[55] Betty: Okay, the awesome one.
[61] Betty: Because you know I'm just a starter.
[61] Tara: Yeah. You didn't buy it, but we also... but we already have it at home.
[61] Betty: Uh...
[61] Betty: Do you mean my storeroom has some equipment?
[61] Tara: Yes do you forget them?
[64] Betty: Let me have a look.
[64] Betty: Oh well Tara you know...
[64] Betty: Uh it seems that our fruit looks a little bit rotten.
[64] Betty: Maybe we cannot eat all of them.
[64] Betty: Okay we can just um leave it... leave them all in our rubbish bin.
[64] Betty: Okay?
[64] Tara: Okay.
[64] Betty: They are rotten we can't eat so hmm...
[64] Betty: Let me exercise now.
[64] Betty: I'm fully prepared.
[65] Betty: Ah let me see my tips hmm I should do this posture ah okay.
[65] Betty: So hello robot please give me my yoga uh yoga equipment for me and then...
[65] Betty: Hmm where is it?
[65] Betty: Uh I don't know just give me.
[66] Betty: Okay, thank you robot.
[66] Tara: Oh just start your exercise.
[66] Betty: Yes.
[66] Betty: I'll continue.
[67] Tara: Hmm maybe I can give you some instructions.
[69] Tara: Okay I'll go back to the study and start my work.
[69] Tara: I'll finish it after my work.
[69] Betty: The juice?
[70] Betty: Well you know Tara just seems like hmm being efficient all the time.
[70] Betty: It seems that she can do everything hmm properly.
[70] Betty: Ah...
[70] Betty: Let me see the fitness plan...
[70] Betty: Hmm let me have a look.
[70] Betty: Oh I have to admit Tara, Tara is much more better than me in fitness.
[71] Betty: Very good.
[71] Betty: Hmm, okay.
[71] Betty: Well it's a little bit dirty and messy hmm...

[Step 2] Evaluating semantic answer...
Action: [Answer]
Content: Apples.
FINAL ANSWER (from graph):
Apples.
Question: What is Tara's profession?

[Step 1] Searching the graph...
Parse Query Output:
{
  "query_triple": ["<Tara>", "profession", null, 0.95, 0.25, 0.1],
  "spatial_constraint": null,
  "speaker_strict": null,
  "allocation": {
    "k_high_level": 9,
    "k_low_level": 6,
    "k_conversations": 35,
    "total_k": 50,
    "reasoning": "Profession is a high-level attribute; use high-level edges for roles, conversations for explicit mentions, and a small number of low-level edges to catch indicative actions tied to jobs."
  }
}

Graph Search Results:
**High-Level Information (Character Attributes and Relationships): **

Character Attributes:
- Tara is: female (100), holds phone (100), petite build (100), slippers (100), dark loose pants (100), light gray hoodie (100), long hair in ponytail with lighter ends (100), supportive (95)

Character Relationships:
- Betty seeks guidance from Tara (92)

**Low-Level Information (Actions and Events): **

[17] Tara practices. (living room)
[19] Betty asks Tara. (living room)
[29] Betty asks Tara. (living room)
[31] Tara asks Betty. (living room)
[36] Tara asks Betty. (living room)
[54] Betty asks Tara. (living room)

**Conversations: **

Conversation 3: Betty proposes an overly intense daily fitness plan, and Tara advises scaling it back by moderating intensity, using sets, and rotating body parts by day. Tara emphasizes reasonable, structured training and suggests basic equipment like a yoga mat, which they already have. The robot assists with small tasks while Betty adopts the revised plan and begins practicing with Tara’s guidance.
[49] Betty: Oh thank you robot wow.
[49] Betty: Look how intelligent our robot is.
[49] Tara: Yes.
[49] Betty: Well done.
[49] Tara: Oh.
[49] Tara: Are you sure your fitness plan isn't too much?
[49] Betty: My fitness plan?
[49] Tara: Yes. For one day...
[49] Tara: A hundred push-ups.
[49] Tara: A hundred squats.
[50] Betty: Hmm so what? It sounds great.
[50] Betty: Um I think a normal person can do all of them.
[50] Tara: Oh are you...
[50] Tara: Do you have some misunderstandings about your ability?
[50] Tara: Can... can a normal person do that in one day?
[51] Tara: No mention the others after that.
[51] Betty: So what should I do to adjust my fitness plan?
[52] Tara: Before I start talking...
[52] Tara: Hmm I need a drink just a glass of juice will do.
[52] Betty: Oh you...
[55] Tara: Hmm and for squats and sit-ups...
[56] Tara: As well as the plank, they can be also planned simply according to the...
[56] Tara: According to the...
[56] Betty: Intensity of my exercise? Okay.
[56] Betty: Okay I got it.
[57] Tara: You should do different exercise for your different part of your body.
[57] Betty: Oh... Is there really so much to it?
[57] Tara: Yes of course.
[58] Tara: It's best to train one body part a day.
[58] Tara: Such as practicing arms today and abs tomorrow and legs the day after tomorrow.
[58] Betty: I can let the other body parts have a... have a rest.
[59] Betty: Right?
[59] Tara: Yeah.
[59] Tara: That's exactly the point.
[59] Tara: Rotating like this will make your body exercise better.
[64] Betty: Okay we can just um leave it... leave them all in our rubbish bin.
[64] Betty: Okay?
[64] Tara: Okay.
[64] Betty: They are rotten we can't eat so hmm...
[64] Betty: Let me exercise now.
[68] Betty: Oh it seems that our fitness guru will become a busy man.
[69] Tara: Ah you're right.
[69] Betty: Okay just to work your... just to work Tara.
[69] Betty: Leave me alone.
[69] Betty: I have learned that how to do all the postures.

Conversation 2: Betty experiences wrist pain during push-ups and seeks advice from Tara, who suggests posture alignment and proper breathing. Betty tries to adjust, feels some improvement, but decides to rest due to persistent wrist ache and plans a gradual approach to fitness. Tara emphasizes not overloading at the start and reviews Betty's ambitious fitness plan. They also touch on Tara's busy design work schedule and Betty's motivation to exercise, inspired by someone she likes.
[14] Tara: Hmm like... I will show for you.
[14] Betty: Oh your experience.
[14] Tara: Ah oh.
[14] Tara: Like this.
[15] Betty: Hmm...
[15] Betty: Maybe I just don't know did I push so many pressure on my wrist?
[17] Betty: You know I just write some tips on my phone, let me see them hmm okay.
[17] Betty: Let me try.
[17] Tara: Your hands...
[17] Betty: Is it matter?
[17] Tara: Your hands should be more close... uh should be closer.
[17] Betty: Uh maybe you just let me... uh let me wipe my hmm... wipe my head.
[18] Tara: It's okay.
[18] Betty: Let me see but you know Tara...
[18] Betty: I just feel that my wrist still hurts.
[19] Betty: Okay got it let me try... uh let me show you my progress, uh another one.
[19] Betty: Is it better?
[19] Tara: Yeah.
[20] Betty: Hmm let me see my tips, ah is this posture.
[20] Betty: Hmm and you know Tara I just feel that ah I'm feeling more and more easy to do the push-ups.
[20] Betty: It's for me hmm... for me more relax when I'm do the push-ups.
[21] Betty: So Tara I think...
[21] Betty: Oh, I just didn't think that I understand and know a "fitness sura"!
[21] Betty: Yes...
[25] Betty: Maybe I will still feel the aching pain even if I'm applying the right posture now.
[26] Betty: Do you agree with me?
[26] Tara: Yeah of course.
[26] Betty: Oh I need to reply a wechat message now let me see.
[27] Tara: Uh...
[27] Tara: Maybe we should be more relaxed, maybe lie on the sofa?
[27] Betty: Okay.
[29] Betty: Hmm well Tom ah not Tom you're not Tom ah.
[29] Betty: I just mix you and Tom you know?
[29] Tara: I know many people mix up...
[29] Tara: Our name...
[29] Betty: I know it's so close so Tara do you have anything to do this afternoon?
[30] Tara: Our name..
[30] Tara: Oh well I've been very busy with my work recently.
[30] Tara: And this afternoon I'm waiting for a meeting notice from my clients.
[30] Tara: That's why I'm always checking my phone.
[30] Betty: Hmm I remember that you just finished a hmm a advertisement design programe.
[30] Betty: You're just getting into another program now?
[31] Tara: Yes recently, it's the peak of my career so I take on every project that comes my way.
[31] Tara: Striving to increase my achievements.
[31] Tara: Hmm recently I'll know I'll be busy again when hearing my phone's ring.
[31] Tara: And by the way, Betty Betty...
[31] Tara: Why did you finally start to exercise?
[32] Tara: Is there any special reason?
[32] Tara: Hmm... I remember you often go to play games or enjoy your foods when you're free.
[32] Tara: So why are you changing?
[32] Betty: You know...
[32] Tara: Oh... why you be shy don't disgust me.
[33] Betty: A beautiful girl when I... when I'm working recently.
[33] Tara: So why...why you choose to exercise?
[33] Tara: There are many solutions.
[33] Betty: Hmm because you know...
[33] Betty: Doing the fitness exercises can make me looks better.
[34] Betty: And then you will get the uh a good shape and a spiritual shape.
[34] Betty: Okay?
[34] Tara: Okay.
[34] Betty: Hmm and you know...
[34] Betty: Hmm the most important thing is that she also loves exercising, the beautiful girl.
[34] Tara: Really? A girl who, who likes exercising?
[35] Tara: That's really rare.
[35] Tara: Hmm ah that's why.
[35] Tara: I just know there must be some... girl who is pushing behind you.
[37] Tara: Thank you robot.
[37] Betty: Thank you.
[37] Tara: I'll look it...
[37] Betty: Oh there are so many...
[37] Tara: Betty exercising is not achieved overnight.
[38] Betty: And I just feeling that my body choose to collapse.
[38] Betty: Just look through my fitness plan.
[38] Tara: Hmm.
[38] Tara: I'm reading, carefully.
[39] Betty: Hello robot please make me a cup of coffee so I can drink it after I exercised.

Conversation 1: Betty feels overwhelmed by her fitness plans and experiences wrist pain that makes push-ups difficult. She requests help from a robot for towels and fruit, preferring apples over strawberries. Another character (character_1) offers fruit, and Tara coordinates by asking the robot to prepare fruit and then checks if there are any problems.
[5] Tara: Well hi robot prepare some fruit for Betty.
[5] Robot: Okay.
[5] Tara: Oh what's wrong with you?
[5] Tara: Did you encounter some problems?

[Step 2] Evaluating semantic answer...
Action: [Answer]
Content: Tara is a designer working on advertisement design projects.
FINAL ANSWER (from graph):
Tara is a designer working on advertisement design projects.
Question: Does Betty like  black coffee ?

[Step 1] Searching the graph...
Parse Query Output:
{
  "query_triple": ["<Betty>", "likes", "black coffee", 0.95, 0.3, 0.8],
  "spatial_constraint": null,
  "speaker_strict": null,
  "allocation": {
    "k_high_level": 8,
    "k_low_level": 12,
    "k_conversations": 30,
    "total_k": 50,
    "reasoning": "Preference query about a character and an object. Use some high-level edges for stable likes/dislikes, conversations to catch explicit statements, and a smaller portion of low-level edges for actions implying preference (ordering, drinking, refusing)."
  }
}

Graph Search Results:
**High-Level Information (Character Attributes and Relationships): **

Character Relationships:
- Betty friends with Tara (85)
- Tara encourages Betty (85)
- Betty trusts advice from Tara (90)
- Betty seeks guidance from Tara (92)
- Betty relies on assistance from robot (88)
- Tara mentors Betty (85)
- character_1 is helpful toward Betty (80)
- robot assistant to Betty (92)

**Low-Level Information (Actions and Events): **

[12] Betty sets mug. (living room)
[13] Betty sits ottoman by coffee table. (living room)
[14] Betty faces coffee table. (living room)
[22] Betty shows mug. (living room)
[22] Betty finishes drink. (living room)
[23] Betty places cup. (living room)
[49] Betty places mug. (living room)
[63] Betty reaches toward drink. (living room)
[69] Betty asks about juice. (living room)
[70] Betty faces small table. (living room)
[71] Betty surveys toward coffee table. (living room)
[71] Betty walks to coffee table. (living room)

**Conversations: **

Conversation 2: Betty experiences wrist pain during push-ups and seeks advice from Tara, who suggests posture alignment and proper breathing. Betty tries to adjust, feels some improvement, but decides to rest due to persistent wrist ache and plans a gradual approach to fitness. Tara emphasizes not overloading at the start and reviews Betty's ambitious fitness plan. They also touch on Tara's busy design work schedule and Betty's motivation to exercise, inspired by someone she likes.
[14] Tara: Ah oh.
[14] Tara: Like this.
[15] Betty: Hmm...
[15] Betty: Maybe I just don't know did I push so many pressure on my wrist?
[15] Betty: So I don't know.
[15] Betty: Hmm what's wrong with my posture.
[15] Betty: I just find that I'm really... I'm putting a lot of effort.
[17] Betty: Let me try.
[17] Tara: Your hands...
[17] Betty: Is it matter?
[17] Tara: Your hands should be more close... uh should be closer.
[17] Betty: Uh maybe you just let me... uh let me wipe my hmm... wipe my head.
[19] Tara: That will make your push-ups more effective.
[19] Betty: Okay got it let me try... uh let me show you my progress, uh another one.
[19] Betty: Is it better?
[19] Tara: Yeah.
[20] Betty: Hmm let me see my tips, ah is this posture.
[21] Betty: So Tara I think...
[21] Betty: Oh, I just didn't think that I understand and know a "fitness sura"!
[21] Betty: Yes...
[21] Tara: Uh actually you're teasing me, don't tease me anymore.
[21] Betty: I just know your talent for fitness, just like guru.
[22] Tara: Did you prepare anything to drink for your exercise?
[22] Betty: Oh I almost forgot it.
[22] Betty: Uh this one hmm...
[22] Betty: You can see that...
[22] Betty: I just poured myself a cup of coffee and...
[22] Betty: Ah and now I have drunk all of them.
[22] Tara: Hmm you are really serious about working out.
[22] Betty: Yeah.
[23] Betty: Hmm I need to have a rest.
[23] Betty: Okay time's up.
[24] Tara: Hmm maybe you can have a rest with me on sofa and eat things.
[24] Tara: Your wrist is still in pain.
[24] Betty: Yes.
[24] Betty: You know my wrist just keeps aching. I'm a little regretful, you know.
[25] Betty: You know my wrist just keeps aching hmm I'm a little regretful you know.
[25] Betty: Hmm if I just do not act in this way.
[25] Betty: Maybe I will still feel the aching pain even if I'm applying the right posture now.
[26] Betty: Do you agree with me?
[26] Tara: Yeah of course.
[26] Betty: Oh I need to reply a wechat message now let me see.
[27] Tara: Uh...
[27] Tara: Maybe we should be more relaxed, maybe lie on the sofa?
[27] Betty: Okay.
[27] Tara: I think you're too exhausted.
[27] Betty: Maybe I can lie on the sofa to relax myself.
[32] Tara: Hmm... I remember you often go to play games or enjoy your foods when you're free.
[32] Tara: So why are you changing?
[32] Betty: You know...
[32] Tara: Oh... why you be shy don't disgust me.
[32] Betty: Hmm let me think.
[33] Betty: And you know ah doing the fitness is the only thing that once you pay some at first and you work hard...
[34] Betty: And then you will get the uh a good shape and a spiritual shape.
[34] Betty: Okay?
[34] Tara: Okay.
[34] Betty: Hmm and you know...
[35] Tara: But to be honest exercising is really a good habit.
[35] Tara: And whatever you'll be healthy and maybe you would obtain more confidence.
[36] Betty: Hmm yes.
[36] Tara: So what's your fitness list or plan with it?
[36] Betty: Oh my fitness plan.
[37] Betty: Well robot just give it to Tara.
[37] Tara: Thank you robot.
[37] Betty: Thank you.
[37] Tara: I'll look it...
[37] Betty: Oh there are so many...
[37] Tara: The plan should not be too much at the beginning you should be... gradually add your items.
[37] Betty: Oh well...
[37] Betty: I know uh...
[38] Betty: But... Ah I just know that if I do too much exercises a day, I'm exhausted from my... from the bottom of my heart.
[38] Betty: And I just feeling that my body choose to collapse.
[38] Tara: Hmm.
[38] Tara: I'm reading, carefully.
[39] Betty: Hello robot please make me a cup of coffee so I can drink it after I exercised.

Conversation 3: Betty proposes an overly intense daily fitness plan, and Tara advises scaling it back by moderating intensity, using sets, and rotating body parts by day. Tara emphasizes reasonable, structured training and suggests basic equipment like a yoga mat, which they already have. The robot assists with small tasks while Betty adopts the revised plan and begins practicing with Tara’s guidance.
[53] Tara: First and the most basic one you should avoid the intensity of your exercise to be too uh to be excessive...
[54] Betty: What do you wanna say?
[54] Betty: Excessive?
[54] Tara: Uh you should control it in a tangible quality or you will not only do harm to yourself but also uh have some bad effects of your exercise.
[54] Betty: Hmm...
[55] Tara: And your... your fitness plan is really a classical counterexample.
[55] Betty: Okay, the awesome one.
[55] Betty: Okay.
[55] Tara: For example maybe you can do thirty to forty push-ups and you can divide them into sets in three or four sets.
[55] Tara: That means you can do ten a time.
[58] Betty: So by doing so I can not only uh to fully exercise this body body part and also...
[58] Betty: I can let the other body parts have a... have a rest.
[59] Betty: Right?
[59] Tara: Yeah.
[59] Tara: That's exactly the point.
[61] Betty: Because you know I'm just a starter.
[61] Tara: Yeah. You didn't buy it, but we also... but we already have it at home.
[61] Betty: Uh...
[61] Betty: Do you mean my storeroom has some equipment?
[61] Tara: Yes do you forget them?
[64] Betty: Maybe we cannot eat all of them.
[64] Betty: Okay we can just um leave it... leave them all in our rubbish bin.
[64] Betty: Okay?
[64] Tara: Okay.
[64] Betty: They are rotten we can't eat so hmm...
[66] Betty: Okay, thank you robot.
[66] Tara: Oh just start your exercise.
[66] Betty: Yes.
[66] Betty: I'll continue.
[67] Tara: Hmm maybe I can give you some instructions.
[69] Tara: Okay I'll go back to the study and start my work.
[69] Tara: I'll finish it after my work.
[69] Betty: The juice?
[70] Betty: Well you know Tara just seems like hmm being efficient all the time.
[70] Betty: It seems that she can do everything hmm properly.
[70] Betty: Ah...
[70] Betty: Let me see the fitness plan...
[70] Betty: Hmm let me have a look.
[70] Betty: Oh I have to admit Tara, Tara is much more better than me in fitness.
[71] Betty: Very good.
[71] Betty: Hmm, okay.
[71] Betty: Well it's a little bit dirty and messy hmm...
[71] Betty: Well hello robot please just tidy up the table for me.

Conversation 1: Betty feels overwhelmed by her fitness plans and experiences wrist pain that makes push-ups difficult. She requests help from a robot for towels and fruit, preferring apples over strawberries. Another character (character_1) offers fruit, and Tara coordinates by asking the robot to prepare fruit and then checks if there are any problems.
[3] Betty: Oh. Where's my fitness plan?
[3] Betty: Oh I see. Hmm...
[3] Betty: Why...
[3] Betty: Hmm there are so many things to do I have seen I still have some practice plans.
[3] Betty: Oh my god.
[4] Betty: Oh. That's hurts.
[4] character_1: Do you want some strawberries?
[4] Betty: Okay.
[4] Betty: Hmm strawberries...
[4] character_1: Yes.

[Step 2] Evaluating semantic answer...
Action: [Answer]
Content: Yes, Betty likes black coffee.
FINAL ANSWER (from graph):
Yes, Betty likes black coffee.
✓ Updated results.json for living_room_03 (13 questions)
✓ Cleaned up video and frames for living_room_03

============================================================
Processing video: study_15
============================================================
Downloading 1 video(s) to data/videos...

Downloading study_15.mp4...
✓ Successfully downloaded study_15.mp4 to data/videos/study_15.mp4

============================================================
Download Summary:
  Successful: 1/1
============================================================

============================================================
[1/1] Processing: study_15
============================================================
Video: data/videos/study_15.mp4
Subtitles: data/subtitles/robot/study_15.srt
Output: data/frames/study_15
============================================================

Parsing subtitle file: data/subtitles/robot/study_15.srt
Found 363 subtitle entries
Video: 1280x720, 30.00 FPS, 61277 frames, 2042.57s duration

Extracting frames with subtitles...
Grouping frames into folders of 30 frames each
  Saved 10 frames (up to 9s, folder 1)
  Saved 20 frames (up to 19s, folder 1)
  Saved 30 frames (up to 29s, folder 1)
  Saved 40 frames (up to 39s, folder 2)
  Saved 50 frames (up to 49s, folder 2)
  Saved 60 frames (up to 59s, folder 2)
  Saved 70 frames (up to 69s, folder 3)
  Saved 80 frames (up to 79s, folder 3)
  Saved 90 frames (up to 89s, folder 3)
  Saved 100 frames (up to 99s, folder 4)
  Saved 110 frames (up to 109s, folder 4)
  Saved 120 frames (up to 119s, folder 4)
  Saved 130 frames (up to 129s, folder 5)
  Saved 140 frames (up to 139s, folder 5)
  Saved 150 frames (up to 149s, folder 5)
  Saved 160 frames (up to 159s, folder 6)
  Saved 170 frames (up to 169s, folder 6)
  Saved 180 frames (up to 179s, folder 6)
  Saved 190 frames (up to 189s, folder 7)
  Saved 200 frames (up to 199s, folder 7)
  Saved 210 frames (up to 209s, folder 7)
  Saved 220 frames (up to 219s, folder 8)
  Saved 230 frames (up to 229s, folder 8)
  Saved 240 frames (up to 239s, folder 8)
  Saved 250 frames (up to 249s, folder 9)
  Saved 260 frames (up to 259s, folder 9)
  Saved 270 frames (up to 269s, folder 9)
  Saved 280 frames (up to 279s, folder 10)
  Saved 290 frames (up to 289s, folder 10)
  Saved 300 frames (up to 299s, folder 10)
  Saved 310 frames (up to 309s, folder 11)
  Saved 320 frames (up to 319s, folder 11)
  Saved 330 frames (up to 329s, folder 11)
  Saved 340 frames (up to 339s, folder 12)
  Saved 350 frames (up to 349s, folder 12)
  Saved 360 frames (up to 359s, folder 12)
  Saved 370 frames (up to 369s, folder 13)
  Saved 380 frames (up to 379s, folder 13)
  Saved 390 frames (up to 389s, folder 13)
  Saved 400 frames (up to 399s, folder 14)
  Saved 410 frames (up to 409s, folder 14)
  Saved 420 frames (up to 419s, folder 14)
  Saved 430 frames (up to 429s, folder 15)
  Saved 440 frames (up to 439s, folder 15)
  Saved 450 frames (up to 449s, folder 15)
  Saved 460 frames (up to 459s, folder 16)
  Saved 470 frames (up to 469s, folder 16)
  Saved 480 frames (up to 479s, folder 16)
  Saved 490 frames (up to 489s, folder 17)
  Saved 500 frames (up to 499s, folder 17)
  Saved 510 frames (up to 509s, folder 17)
  Saved 520 frames (up to 519s, folder 18)
  Saved 530 frames (up to 529s, folder 18)
  Saved 540 frames (up to 539s, folder 18)
  Saved 550 frames (up to 549s, folder 19)
  Saved 560 frames (up to 559s, folder 19)
  Saved 570 frames (up to 569s, folder 19)
  Saved 580 frames (up to 579s, folder 20)
  Saved 590 frames (up to 589s, folder 20)
  Saved 600 frames (up to 599s, folder 20)
  Saved 610 frames (up to 609s, folder 21)
  Saved 620 frames (up to 619s, folder 21)
  Saved 630 frames (up to 629s, folder 21)
  Saved 640 frames (up to 639s, folder 22)
  Saved 650 frames (up to 649s, folder 22)
  Saved 660 frames (up to 659s, folder 22)
  Saved 670 frames (up to 669s, folder 23)
  Saved 680 frames (up to 679s, folder 23)
  Saved 690 frames (up to 689s, folder 23)
  Saved 700 frames (up to 699s, folder 24)
  Saved 710 frames (up to 709s, folder 24)
  Saved 720 frames (up to 719s, folder 24)
  Saved 730 frames (up to 729s, folder 25)
  Saved 740 frames (up to 739s, folder 25)
  Saved 750 frames (up to 749s, folder 25)
  Saved 760 frames (up to 759s, folder 26)
  Saved 770 frames (up to 769s, folder 26)
  Saved 780 frames (up to 779s, folder 26)
  Saved 790 frames (up to 789s, folder 27)
  Saved 800 frames (up to 799s, folder 27)
  Saved 810 frames (up to 809s, folder 27)
  Saved 820 frames (up to 819s, folder 28)
  Saved 830 frames (up to 829s, folder 28)
  Saved 840 frames (up to 839s, folder 28)
  Saved 850 frames (up to 849s, folder 29)
  Saved 860 frames (up to 859s, folder 29)
  Saved 870 frames (up to 869s, folder 29)
  Saved 880 frames (up to 879s, folder 30)
  Saved 890 frames (up to 889s, folder 30)
  Saved 900 frames (up to 899s, folder 30)
  Saved 910 frames (up to 909s, folder 31)
  Saved 920 frames (up to 919s, folder 31)
  Saved 930 frames (up to 929s, folder 31)
  Saved 940 frames (up to 939s, folder 32)
  Saved 950 frames (up to 949s, folder 32)
  Saved 960 frames (up to 959s, folder 32)
  Saved 970 frames (up to 969s, folder 33)
  Saved 980 frames (up to 979s, folder 33)
  Saved 990 frames (up to 989s, folder 33)
  Saved 1000 frames (up to 999s, folder 34)
  Saved 1010 frames (up to 1009s, folder 34)
  Saved 1020 frames (up to 1019s, folder 34)
  Saved 1030 frames (up to 1029s, folder 35)
  Saved 1040 frames (up to 1039s, folder 35)
  Saved 1050 frames (up to 1049s, folder 35)
  Saved 1060 frames (up to 1059s, folder 36)
  Saved 1070 frames (up to 1069s, folder 36)
  Saved 1080 frames (up to 1079s, folder 36)
  Saved 1090 frames (up to 1089s, folder 37)
  Saved 1100 frames (up to 1099s, folder 37)
  Saved 1110 frames (up to 1109s, folder 37)
  Saved 1120 frames (up to 1119s, folder 38)
  Saved 1130 frames (up to 1129s, folder 38)
  Saved 1140 frames (up to 1139s, folder 38)
  Saved 1150 frames (up to 1149s, folder 39)
  Saved 1160 frames (up to 1159s, folder 39)
  Saved 1170 frames (up to 1169s, folder 39)
  Saved 1180 frames (up to 1179s, folder 40)
  Saved 1190 frames (up to 1189s, folder 40)
  Saved 1200 frames (up to 1199s, folder 40)
  Saved 1210 frames (up to 1209s, folder 41)
  Saved 1220 frames (up to 1219s, folder 41)
  Saved 1230 frames (up to 1229s, folder 41)
  Saved 1240 frames (up to 1239s, folder 42)
  Saved 1250 frames (up to 1249s, folder 42)
  Saved 1260 frames (up to 1259s, folder 42)
  Saved 1270 frames (up to 1269s, folder 43)
  Saved 1280 frames (up to 1279s, folder 43)
  Saved 1290 frames (up to 1289s, folder 43)
  Saved 1300 frames (up to 1299s, folder 44)
  Saved 1310 frames (up to 1309s, folder 44)
  Saved 1320 frames (up to 1319s, folder 44)
  Saved 1330 frames (up to 1329s, folder 45)
  Saved 1340 frames (up to 1339s, folder 45)
  Saved 1350 frames (up to 1349s, folder 45)
  Saved 1360 frames (up to 1359s, folder 46)
  Saved 1370 frames (up to 1369s, folder 46)
  Saved 1380 frames (up to 1379s, folder 46)
  Saved 1390 frames (up to 1389s, folder 47)
  Saved 1400 frames (up to 1399s, folder 47)
  Saved 1410 frames (up to 1409s, folder 47)
  Saved 1420 frames (up to 1419s, folder 48)
  Saved 1430 frames (up to 1429s, folder 48)
  Saved 1440 frames (up to 1439s, folder 48)
  Saved 1450 frames (up to 1449s, folder 49)
  Saved 1460 frames (up to 1459s, folder 49)
  Saved 1470 frames (up to 1469s, folder 49)
  Saved 1480 frames (up to 1479s, folder 50)
  Saved 1490 frames (up to 1489s, folder 50)
  Saved 1500 frames (up to 1499s, folder 50)
  Saved 1510 frames (up to 1509s, folder 51)
  Saved 1520 frames (up to 1519s, folder 51)
  Saved 1530 frames (up to 1529s, folder 51)
  Saved 1540 frames (up to 1539s, folder 52)
  Saved 1550 frames (up to 1549s, folder 52)
  Saved 1560 frames (up to 1559s, folder 52)
  Saved 1570 frames (up to 1569s, folder 53)
  Saved 1580 frames (up to 1579s, folder 53)
  Saved 1590 frames (up to 1589s, folder 53)
  Saved 1600 frames (up to 1599s, folder 54)
  Saved 1610 frames (up to 1609s, folder 54)
  Saved 1620 frames (up to 1619s, folder 54)
  Saved 1630 frames (up to 1629s, folder 55)
  Saved 1640 frames (up to 1639s, folder 55)
  Saved 1650 frames (up to 1649s, folder 55)
  Saved 1660 frames (up to 1659s, folder 56)
  Saved 1670 frames (up to 1669s, folder 56)
  Saved 1680 frames (up to 1679s, folder 56)
  Saved 1690 frames (up to 1689s, folder 57)
  Saved 1700 frames (up to 1699s, folder 57)
  Saved 1710 frames (up to 1709s, folder 57)
  Saved 1720 frames (up to 1719s, folder 58)
  Saved 1730 frames (up to 1729s, folder 58)
  Saved 1740 frames (up to 1739s, folder 58)
  Saved 1750 frames (up to 1749s, folder 59)
  Saved 1760 frames (up to 1759s, folder 59)
  Saved 1770 frames (up to 1769s, folder 59)
  Saved 1780 frames (up to 1779s, folder 60)
  Saved 1790 frames (up to 1789s, folder 60)
  Saved 1800 frames (up to 1799s, folder 60)
  Saved 1810 frames (up to 1809s, folder 61)
  Saved 1820 frames (up to 1819s, folder 61)
  Saved 1830 frames (up to 1829s, folder 61)
  Saved 1840 frames (up to 1839s, folder 62)
  Saved 1850 frames (up to 1849s, folder 62)
  Saved 1860 frames (up to 1859s, folder 62)
  Saved 1870 frames (up to 1869s, folder 63)
  Saved 1880 frames (up to 1879s, folder 63)
  Saved 1890 frames (up to 1889s, folder 63)
  Saved 1900 frames (up to 1899s, folder 64)
  Saved 1910 frames (up to 1909s, folder 64)
  Saved 1920 frames (up to 1919s, folder 64)
  Saved 1930 frames (up to 1929s, folder 65)
  Saved 1940 frames (up to 1939s, folder 65)
  Saved 1950 frames (up to 1949s, folder 65)
  Saved 1960 frames (up to 1959s, folder 66)
  Saved 1970 frames (up to 1969s, folder 66)
  Saved 1980 frames (up to 1979s, folder 66)
  Saved 1990 frames (up to 1989s, folder 67)
  Saved 2000 frames (up to 1999s, folder 67)
  Saved 2010 frames (up to 2009s, folder 67)
  Saved 2020 frames (up to 2019s, folder 68)
  Saved 2030 frames (up to 2029s, folder 68)
  Saved 2040 frames (up to 2039s, folder 68)

✓ Extracted 2043 frames to data/frames/study_15

✓ Successfully processed study_15: 2043 frames saved
--------------------------------
Processing folder:  data/frames/study_15/1
Inserted 10 triples into graph for clip 1
--------------------------------
Processing folder:  data/frames/study_15/2
Inserted 12 triples into graph for clip 2
--------------------------------
Processing folder:  data/frames/study_15/3
Inserted 17 triples into graph for clip 3
--------------------------------
Processing folder:  data/frames/study_15/4
Extracting summary for completed conversation 1...
Warning: Character '<Vivian>' not found in graph, skipping attribute: supportive
Warning: Character '<Vivian>' not found in graph, skipping attribute: assistant or helper role
Warning: Character '<Vivian>' not found in graph, skipping relationship
Warning: Character '<Vivian>' not found in graph, skipping relationship
Warning: Character '<publisher>' not found in graph, skipping relationship
✓ Conversation summary extracted. Attributes: 5, Relationships: 3
Inserted 27 triples into graph for clip 4
--------------------------------
Processing folder:  data/frames/study_15/5
Inserted 20 triples into graph for clip 5
--------------------------------
Processing folder:  data/frames/study_15/6
Inserted 12 triples into graph for clip 6
--------------------------------
Processing folder:  data/frames/study_15/7
Inserted 14 triples into graph for clip 7
--------------------------------
Processing folder:  data/frames/study_15/8
Inserted 19 triples into graph for clip 8
--------------------------------
Processing folder:  data/frames/study_15/9
Inserted 12 triples into graph for clip 9
--------------------------------
Processing folder:  data/frames/study_15/10
Inserted 24 triples into graph for clip 10
--------------------------------
Processing folder:  data/frames/study_15/11
Inserted 10 triples into graph for clip 11
--------------------------------
Processing folder:  data/frames/study_15/12
Inserted 8 triples into graph for clip 12
--------------------------------
Processing folder:  data/frames/study_15/13
Inserted 12 triples into graph for clip 13
--------------------------------
Processing folder:  data/frames/study_15/14
Inserted 13 triples into graph for clip 14
--------------------------------
Processing folder:  data/frames/study_15/15
Inserted 10 triples into graph for clip 15
--------------------------------
Processing folder:  data/frames/study_15/16
Inserted 11 triples into graph for clip 16
--------------------------------
Processing folder:  data/frames/study_15/17
Inserted 14 triples into graph for clip 17
--------------------------------
Processing folder:  data/frames/study_15/18
Inserted 22 triples into graph for clip 18
--------------------------------
Processing folder:  data/frames/study_15/19
Inserted 20 triples into graph for clip 19
--------------------------------
Processing folder:  data/frames/study_15/20
Inserted 17 triples into graph for clip 20
--------------------------------
Processing folder:  data/frames/study_15/21
Inserted 23 triples into graph for clip 21
--------------------------------
Processing folder:  data/frames/study_15/22
Inserted 20 triples into graph for clip 22
--------------------------------
Processing folder:  data/frames/study_15/23
Inserted 22 triples into graph for clip 23
--------------------------------
Processing folder:  data/frames/study_15/24
Inserted 10 triples into graph for clip 24
--------------------------------
Processing folder:  data/frames/study_15/25
Inserted 17 triples into graph for clip 25
--------------------------------
Processing folder:  data/frames/study_15/26
Inserted 17 triples into graph for clip 26
--------------------------------
Processing folder:  data/frames/study_15/27
Inserted 11 triples into graph for clip 27
--------------------------------
Processing folder:  data/frames/study_15/28
Inserted 10 triples into graph for clip 28
--------------------------------
Processing folder:  data/frames/study_15/29
Inserted 10 triples into graph for clip 29
--------------------------------
Processing folder:  data/frames/study_15/30
Inserted 19 triples into graph for clip 30
--------------------------------
Processing folder:  data/frames/study_15/31
Inserted 19 triples into graph for clip 31
--------------------------------
Processing folder:  data/frames/study_15/32
Inserted 19 triples into graph for clip 32
--------------------------------
Processing folder:  data/frames/study_15/33
Inserted 26 triples into graph for clip 33
--------------------------------
Processing folder:  data/frames/study_15/34
Inserted 12 triples into graph for clip 34
--------------------------------
Processing folder:  data/frames/study_15/35
Inserted 13 triples into graph for clip 35
--------------------------------
Processing folder:  data/frames/study_15/36
Inserted 22 triples into graph for clip 36
--------------------------------
Processing folder:  data/frames/study_15/37
Inserted 9 triples into graph for clip 37
--------------------------------
Processing folder:  data/frames/study_15/38
Inserted 11 triples into graph for clip 38
--------------------------------
Processing folder:  data/frames/study_15/39
Inserted 19 triples into graph for clip 39
--------------------------------
Processing folder:  data/frames/study_15/40
Inserted 10 triples into graph for clip 40
--------------------------------
Processing folder:  data/frames/study_15/41
Inserted 19 triples into graph for clip 41
--------------------------------
Processing folder:  data/frames/study_15/42
Inserted 16 triples into graph for clip 42
--------------------------------
Processing folder:  data/frames/study_15/43
Inserted 17 triples into graph for clip 43
--------------------------------
Processing folder:  data/frames/study_15/44
Inserted 15 triples into graph for clip 44
--------------------------------
Processing folder:  data/frames/study_15/45
Inserted 15 triples into graph for clip 45
--------------------------------
Processing folder:  data/frames/study_15/46
Inserted 20 triples into graph for clip 46
--------------------------------
Processing folder:  data/frames/study_15/47
Extracting summary for completed conversation 2...
✓ Conversation summary extracted. Attributes: 11, Relationships: 6
Inserted 19 triples into graph for clip 47
--------------------------------
Processing folder:  data/frames/study_15/48
Inserted 20 triples into graph for clip 48
--------------------------------
Processing folder:  data/frames/study_15/49
Inserted 18 triples into graph for clip 49
--------------------------------
Processing folder:  data/frames/study_15/50
Inserted 28 triples into graph for clip 50
--------------------------------
Processing folder:  data/frames/study_15/51
Inserted 16 triples into graph for clip 51
--------------------------------
Processing folder:  data/frames/study_15/52
Extracting summary for completed conversation 3...
✓ Conversation summary extracted. Attributes: 7, Relationships: 2
Inserted 18 triples into graph for clip 52
--------------------------------
Processing folder:  data/frames/study_15/53
Inserted 16 triples into graph for clip 53
--------------------------------
Processing folder:  data/frames/study_15/54
Extracting summary for completed conversation 4...
✓ Conversation summary extracted. Attributes: 3, Relationships: 2
Inserted 13 triples into graph for clip 54
--------------------------------
Processing folder:  data/frames/study_15/55
Inserted 14 triples into graph for clip 55
--------------------------------
Processing folder:  data/frames/study_15/56
Inserted 15 triples into graph for clip 56
--------------------------------
Processing folder:  data/frames/study_15/57
Inserted 20 triples into graph for clip 57
--------------------------------
Processing folder:  data/frames/study_15/58
Inserted 31 triples into graph for clip 58
--------------------------------
Processing folder:  data/frames/study_15/59
Extracting summary for completed conversation 5...
✓ Conversation summary extracted. Attributes: 6, Relationships: 4
Inserted 14 triples into graph for clip 59
--------------------------------
Processing folder:  data/frames/study_15/60
Inserted 24 triples into graph for clip 60
--------------------------------
Processing folder:  data/frames/study_15/61
Inserted 18 triples into graph for clip 61
--------------------------------
Processing folder:  data/frames/study_15/62
Inserted 16 triples into graph for clip 62
--------------------------------
Processing folder:  data/frames/study_15/63
Inserted 9 triples into graph for clip 63
--------------------------------
Processing folder:  data/frames/study_15/64
Inserted 14 triples into graph for clip 64
--------------------------------
Processing folder:  data/frames/study_15/65
Inserted 11 triples into graph for clip 65
--------------------------------
Processing folder:  data/frames/study_15/66
Inserted 9 triples into graph for clip 66
--------------------------------
Processing folder:  data/frames/study_15/67
Inserted 13 triples into graph for clip 67
--------------------------------
Processing folder:  data/frames/study_15/68
Inserted 15 triples into graph for clip 68
--------------------------------
Processing folder:  data/frames/study_15/69
Inserted 13 triples into graph for clip 69
Inserting character appearances for 6 characters...
✓ Character appearances inserted: 34 appearance edges created
215 node embeddings inserted (6 characters, 209 objects)
1175 edge embeddings inserted
Generating character attributes...
Number of edges:  1175
Character attributes generated.
Number of edges:  1221
Character relationships generated.
Number of edges:  1257
✓ Graph memory built for study_15
Question: Why did Jennie want to drink black coffee?

[Step 1] Searching the graph...
Parse Query Output:
{
  "query_triple": ["<Jennie>", "wants to drink", "black coffee", 0.95, 0.35, 0.9],
  "spatial_constraint": null,
  "speaker_strict": null,
  "allocation": {
    "k_high_level": 6,
    "k_low_level": 8,
    "k_conversations": 36,
    "total_k": 50,
    "reasoning": "Why question about motivation—prioritize conversations for stated reasons; include some low-level edges for actions/states around coffee; a few high-level edges for traits/preferences that might explain intent."
  }
}

Graph Search Results:
**High-Level Information (Character Attributes and Relationships): **

Character Relationships:
- Jennie close friends with Lucy (90)
- Jennie appreciates Lucy (85)
- Jennie supports lifestyle goals of Lucy (80)
- Jennie is close friends with Lucy (95)
- Lucy supports Jennie (80)
- Lucy collaborates with Jennie (80)

**Low-Level Information (Actions and Events): **

[3] Jennie sips from glass mug. (home office)
[3] Jennie comments about drink. (home office)
[3] Jennie looks at glass mug. (home office)
[5] glass of tea is to Jennie. (kitchen and desk area)
[5] Jennie takes sip of tea. (kitchen and desk area)
[21] Jennie tastes dessert. (home office)
[62] Jennie takes a sip cup. (home office)
[69] Jennie takes a sip glass cup. (home office)

**Conversations: **

Conversation 1: Jennie is struggling with her writing, debating taking a break but ultimately deciding to continue due to publisher pressure. She asks Vivian to replace her cold coffee, and Vivian agrees.
[3] Jennie: I'd better keep writing
[3] Jennie: or the publisher will start urging me again
[3] Jennie: oh the coffee is cold
[3] Jennie: Vivian, please pour it and replace a new black coffee
[3] Vivian: okay

Conversation 2: Jennie and Lucy share afternoon tea while discussing Jennie’s writer’s block and contractual pressure to submit an outline for a second book; Lucy encourages her and offers feedback to add personal feelings. Lucy reveals she’s dieting to regain confidence but struggles with sweets, and Jennie advises reducing sugar and choosing healthier routines and drinks. Vivian occasionally chimes in with factual corrections about Jennie’s situation and calories, and helps fetch items. The group ends aligned on healthier habits for Lucy and supportive steps for Jennie’s writing.
[6] Jennie: oh thank you, sorry for losing my composure just now
[7] Lucy: Jennie it's time for afternoon tea
[7] Jennie: oh thank you for preparing the afternoon tea for me
[7] Lucy: the only dessert at home is strawberry cake
[8] Lucy: you know I never like strawberries
[11] Lucy: you can try anything about you like
[11] Jennie: okay
[12] Jennie: do you want to have a try
[12] Lucy: yes can I
[12] Jennie: yes
[18] Lucy: I think this is exploiting you
[18] Jennie: I don't want to start the second book so soon either
[19] Jennie: but
[19] Jennie: these are just the contract terms
[19] Lucy: oh
[20] Lucy: ourselves for not reading it carefully
[20] Jennie: let's do not mention that
[20] Jennie: let's just have the afternoon tea
[20] Lucy: you can try this
[20] Jennie: oh that's lovely
[20] Lucy: it's yummy
[20] Jennie: that tastes good
[21] Jennie: where did you buy it
[21] Lucy: hmm I I know you very like
[21] Jennie: wow that's very caring of you
[21] Lucy: you can eat more
[21] Jennie: do you want some
[21] Lucy: no you know I reject everything about strawberries
[21] Jennie: hmm
[22] Lucy: it tastes sweet
[22] Jennie: after
[22] Jennie: eating it I feel much better
[22] Lucy: after eating it you can continue your working
[22] Jennie: how about some cookies
[22] Lucy: no I must obey my rules
[22] Lucy: I must lose weight
[23] Jennie: yes strawberry is my favorite
[24] Lucy: but I don't like strawberries
[24] Jennie: why
[24] Lucy: because I think
[24] Lucy: it tastes
[24] Lucy: too sweet
[24] Lucy: I don't like sweet food
[24] Jennie: really I think strawberry tastes a bit sour
[24] Lucy: hmm but I really like grapes and mango and watermelon
[25] Jennie: well I think you should really try this cookie
[26] Lucy: Yes.
[26] Jennie: Lucy you should really try these strawberries.
[26] Jennie: They taste good.
[26] Lucy: No.
[27] Lucy: I really don't like strawberries.
[27] Lucy: and I lose weight.
[27] Jennie: if you don't want to eat strawberries,
[27] Jennie: how about some snacks.
[27] Jennie: we have chocolate popcorn chips.
[27] Jennie: and guess what
[27] Jennie: caramel candy.
[27] Lucy: oh really milk candy.
[27] Jennie: yes.
[28] Lucy: hmm I especially remember I finished eating it before I
[28] Lucy: starting my diet
[28] Jennie: I bought it I saw there were no milk candies left
[28] Jennie: so I went to the supermarket
[28] Jennie: and bought a whole bunch
[30] Jennie: Vivian please get some snacks for Lucy.
[31] Lucy: thank you
[31] Jennie: why are you eating so fast
[31] Jennie: there's no one competing with you
[31] Lucy: I haven't eaten for a long time
[34] Jennie: plum tomato
[34] Jennie: garlic crayfish
[34] Jennie: chocolate pudding
[34] Jennie: lemon tea Lucy
[34] Jennie: I think your calorie intake control failed today
[34] Lucy: no it's tomato it's lose weight
[35] Jennie: you sure
[35] Jennie: but you have dessert and drink
[35] Lucy: I have no long time to eat it
[35] Jennie: well I don't believe you
[35] Lucy: no
[35] Lucy: alright I know it's a failure
[35] Jennie: why do you suddenly decide to lose weight
[36] Jennie: you like living carefree isn't it
[36] Lucy: oh well not suddenly
[39] Lucy: confused it's not just for others
[39] Lucy: but for me to make myself feel better
[39] Jennie: the most important thing is what you truly want
[39] Jennie: being yourself is the most comfortable
[39] Lucy: oh thank you Jennie
[40] Jennie: losing weight is a process
[40] Jennie: but the most important thing is to make your life
[40] Jennie: healthier
[40] Lucy: I need to adjust myself and have more healthier
[41] Lucy: I need to adjust myself and have more healthier.
[41] Jennie: In my opinion.
[41] Jennie: You can start by going to bed early.
[41] Jennie: Waking up early.
[41] Jennie: Keeping a healthy diet.
[41] Jennie: Also you can adjust your life rhythm.
[41] Lucy: Hmm.
[43] Lucy: suggestion for me to lose weight
[43] Jennie: well I think you should really
[43] Jennie: eat less sugar
[43] Jennie: they will cause you to gain weight
[43] Lucy: you can see this
[44] Jennie: more comfortable for you
[44] Lucy: how about drink drinks
[45] Jennie: tea is okay but
[45] Jennie: bubble tea is not okay
[45] Lucy: hmm it's has
[45] Lucy: more sugar in it
[45] Jennie: indeed hmm
[45] Jennie: Lucy if you don't want to eat snacks
[45] Jennie: how about some drinks
[45] Lucy: oh drinks
[45] Jennie: what do you like
[45] Lucy: hmm maybe milk
[46] Jennie: Vivian please pour a drink for Lucy.
[46] robot: okay

Conversation 5: Lucy and Jennie briefly compliment each other's stories. Lucy decides to exercise and asks Vivian to prepare steak and broccoli for dinner, while Jennie chooses to avoid high-calorie food and align her eating with Lucy's choice. Jennie also asks Vivian to tidy up, and Vivian agrees.
[56] Lucy: Vivian please
[57] Lucy: prepare a steak and broccoli for me tonight
[57] Lucy: hmm what do you want to eat Jennie
[57] Jennie: hmm to encourage you I will not eat high calorie food
[57] Jennie: hmm I think I'll be just like you
[57] Lucy: oh just like you okay

Conversation 3: Lucy and Jennie discuss enjoying milk and segue into writing. Jennie asks Lucy to continue her writing, and Lucy agrees, proposing to add some stories. Jennie approves and encourages Lucy to proceed.
[49] Lucy: hmm it tastes so good
[49] Lucy: I like milk flavor
[49] Jennie: yes a milk a day is good for your losing weight
[49] Lucy: hmm I like it
[49] Lucy: okay let's see you're writing

[Step 2] Evaluating semantic answer...
Action: [Answer]
Content: Because her coffee had gone cold and she needed to keep writing under publisher pressure, so she asked for a fresh black coffee.
FINAL ANSWER (from graph):
Because her coffee had gone cold and she needed to keep writing under publisher pressure, so she asked for a fresh black coffee.
Question: What will Jennie have for dinner tonight?

[Step 1] Searching the graph...
Parse Query Output:
{
  "query_triple": ["<Jennie>", "will have for dinner", "?", 0.95, 0.3, 0.15],
  "spatial_constraint": null,
  "speaker_strict": null,
  "allocation": {
    "k_high_level": 5,
    "k_low_level": 35,
    "k_conversations": 10,
    "total_k": 50,
    "reasoning": "Predictive/plan query about a specific meal; prioritize low-level edges to find actions or mentions of dinner/food, with some conversations for stated plans, and minimal high-level edges."
  }
}

Graph Search Results:
**High-Level Information (Character Attributes and Relationships): **

Character Attributes:
- Jennie is: medium build (100), white short-sleeve top (100), female (100), dark hair in a single braid (100), no visible glasses (100)

**Low-Level Information (Actions and Events): **

[5] Jennie takes sip of tea. (kitchen and desk area)
[5] Jennie sits down at desk. (kitchen and desk area)
[6] Jennie speaks. (home office desk)
[9] Lucy sits across from Jennie. (home office)
[11] Jennie sit side by side at desk. (home office)
[12] Jennie sit side by side at desk. (home office)
[14] Jennie sit side by side at desk. (home office desk)
[18] Jennie says soon. (home office)
[21] Jennie tastes dessert. (home office)
[21] strawberry cake is for Jennie. (home office)
[21] Lucy invites Jennie. (home office)
[21] Jennie offers dessert. (home office)
[22] Lucy suggests continuing work after eating Jennie. (home office)
[22] Jennie proposes having cookie Lucy. (home office)
[23] Jennie sets down near Jennie's notebook. (home office)
[23] Jennie chats with Lucy. (home office)
[25] Jennie offers Lucy. (study room)
[25] Jennie tastes cookie. (study room)
[25] Lucy chats with Jennie. (study room)
[26] Jennie offers strawberry. (study room)
[30] Jennie eats from small dessert plate. (home office desk)
[31] Lucy sits with Jennie. (home office desk)
[31] Jennie eats by laptop. (home office desk)
[31] Jennie asks about eating quickly Lucy. (home office desk)
[33] Jennie requests healthy meal plan. (home office)
[33] Jennie receives menu. (home office)
[39] Jennie has open on document. (home office)
[39] Jennie has open on laptop. (home office)
[53] Jennie drinks. (home office)
[62] Jennie sets down pen. (home office)
[62] Jennie reaches for cup. (home office)
[67] Jennie reaches for glass. (home office desk)
[67] Jennie sets down glass. (home office desk)
[69] Jennie sets down pen. (home office)
[69] Jennie reaches for glass cup. (home office)

**Conversations: **

Conversation 5: Lucy and Jennie briefly compliment each other's stories. Lucy decides to exercise and asks Vivian to prepare steak and broccoli for dinner, while Jennie chooses to avoid high-calorie food and align her eating with Lucy's choice. Jennie also asks Vivian to tidy up, and Vivian agrees.
[56] Lucy: Vivian please
[57] Lucy: prepare a steak and broccoli for me tonight
[57] Lucy: hmm what do you want to eat Jennie
[57] Jennie: hmm to encourage you I will not eat high calorie food
[57] Jennie: hmm I think I'll be just like you
[57] Lucy: oh just like you okay

Conversation 2: Jennie and Lucy share afternoon tea while discussing Jennie’s writer’s block and contractual pressure to submit an outline for a second book; Lucy encourages her and offers feedback to add personal feelings. Lucy reveals she’s dieting to regain confidence but struggles with sweets, and Jennie advises reducing sugar and choosing healthier routines and drinks. Vivian occasionally chimes in with factual corrections about Jennie’s situation and calories, and helps fetch items. The group ends aligned on healthier habits for Lucy and supportive steps for Jennie’s writing.
[8] Lucy: you know I never like strawberries
[8] Jennie: but we don't have to eat dessert
[8] Jennie: we can have fries instead
[8] Lucy: actually I've gained a bit of weight recently
[8] Lucy: so I plan to lose weight
[21] Jennie: wow that's very caring of you
[21] Lucy: you can eat more
[21] Jennie: do you want some
[21] Lucy: no you know I reject everything about strawberries
[21] Jennie: hmm
[22] Lucy: it tastes sweet
[22] Jennie: after
[27] Lucy: and I lose weight.
[27] Jennie: if you don't want to eat strawberries,
[27] Jennie: how about some snacks.
[27] Jennie: we have chocolate popcorn chips.
[27] Jennie: and guess what
[34] Jennie: let's see
[34] Jennie: plum tomato
[34] Jennie: garlic crayfish
[34] Jennie: chocolate pudding
[34] Jennie: lemon tea Lucy
[34] Jennie: I think your calorie intake control failed today
[41] Jennie: You can start by going to bed early.
[41] Jennie: Waking up early.
[41] Jennie: Keeping a healthy diet.
[41] Jennie: Also you can adjust your life rhythm.
[41] Lucy: Hmm.
[45] Jennie: how about some drinks
[45] Lucy: oh drinks
[45] Jennie: what do you like
[45] Lucy: hmm maybe milk
[46] Jennie: Vivian please pour a drink for Lucy.

[Step 2] Evaluating semantic answer...
Action: [Answer]
Content: Jennie plans to have steak and broccoli for dinner tonight, the same as Lucy.
FINAL ANSWER (from graph):
Jennie plans to have steak and broccoli for dinner tonight, the same as Lucy.
Question: Did Lucy treat Jennie WELL?

[Step 1] Searching the graph...
Parse Query Output:
{
  "query_triple": ["<Lucy>", "treats", "<Jennie>", 0.95, 0.3, 0.95],
  "spatial_constraint": null,
  "speaker_strict": null,
  "allocation": {
    "k_high_level": 8,
    "k_low_level": 22,
    "k_conversations": 20,
    "total_k": 50,
    "reasoning": "Assessing whether treatment was 'well' blends actions and tone. Use high-level edges for relational attitudes, low-level edges for concrete treatment actions, and conversations to gauge sentiment and politeness."
  }
}

Graph Search Results:
**High-Level Information (Character Attributes and Relationships): **

Character Relationships:
- Jennie appreciates Lucy (85)
- Jennie close friends with Lucy (90)
- Lucy supports Jennie (80)
- Jennie is close friends with Lucy (95)
- Lucy collaborates with Jennie (80)
- Jennie encourages Lucy (75)
- Jennie supports lifestyle goals of Lucy (80)
- Lucy mentors creatively Jennie (85)

**Low-Level Information (Actions and Events): **

[7] Lucy replies to Jennie. (home study room)
[8] Jennie asks Lucy. (home office)
[9] Lucy looks at Jennie. (home office)
[9] Jennie replies to Lucy. (home office)
[12] Jennie asks Lucy. (home office)
[16] Lucy asks Jennie. (home office)
[17] Lucy reacts to Jennie. (home office)
[17] Lucy asks Jennie. (home office)
[18] Lucy responds to Jennie. (home office)
[21] Lucy responds to Jennie. (home office)
[22] Lucy looks at Jennie. (home office)
[25] Jennie offers Lucy. (study room)
[29] Lucy looks at Jennie. (home office)
[36] Jennie asks Lucy. (home office)
[36] Lucy replies Jennie. (home office)
[36] Lucy adds Jennie. (home office)
[37] Lucy looks at Jennie. (home office desk)
[38] Lucy looks at Jennie. (home office)
[39] Lucy looks at Jennie. (home office)
[39] Jennie responds to Lucy. (home office)
[40] Lucy looks at Jennie. (home office)
[43] Lucy asks Jennie. (office)

**Conversations: **

Conversation 2: Jennie and Lucy share afternoon tea while discussing Jennie’s writer’s block and contractual pressure to submit an outline for a second book; Lucy encourages her and offers feedback to add personal feelings. Lucy reveals she’s dieting to regain confidence but struggles with sweets, and Jennie advises reducing sugar and choosing healthier routines and drinks. Vivian occasionally chimes in with factual corrections about Jennie’s situation and calories, and helps fetch items. The group ends aligned on healthier habits for Lucy and supportive steps for Jennie’s writing.
[6] Jennie: oh thank you, sorry for losing my composure just now
[7] Lucy: Jennie it's time for afternoon tea
[7] Jennie: oh thank you for preparing the afternoon tea for me
[7] Lucy: the only dessert at home is strawberry cake
[8] Lucy: actually I've gained a bit of weight recently
[8] Lucy: so I plan to lose weight
[8] Jennie: so Lucy do you have a weight loss plan
[8] Lucy: yes of course
[8] Lucy: I have made a healthy meal
[9] Lucy: really
[9] Vivian: Her actual situation is not good
[9] Lucy: Jennie there's no need to lie to me
[9] Lucy: I heard the commotion in the study just now
[9] Jennie: yes Lucy sorry
[10] Jennie: I just didn't want you to worry
[10] Jennie: my recent work—writing hasn't been very good
[12] Jennie: do you want to have a try
[12] Lucy: yes can I
[12] Jennie: yes
[13] Jennie: well I think you will also be a good writer
[13] Jennie: you have the talent
[22] Lucy: no I must obey my rules
[22] Lucy: I must lose weight
[22] Jennie: wow Lucy you are so determined
[23] Jennie: Vivian please take some cookies for me
[23] Vivian: okay
[26] Jennie: I wish you will succeed.
[26] Lucy: Yes.
[26] Jennie: Lucy you should really try these strawberries.
[26] Jennie: They taste good.
[26] Lucy: No.
[27] Jennie: caramel candy.
[27] Lucy: oh really milk candy.
[27] Jennie: yes.
[27] Lucy: where.
[27] Jennie: it's in the snack box.
[29] Lucy: hmm okay if you do it this way
[29] Lucy: then I can only try a little
[30] Jennie: Vivian please get some snacks for Lucy.
[31] Lucy: thank you
[31] Jennie: why are you eating so fast
[34] Jennie: garlic crayfish
[34] Jennie: chocolate pudding
[34] Jennie: lemon tea Lucy
[34] Jennie: I think your calorie intake control failed today
[34] Lucy: no it's tomato it's lose weight
[36] Lucy: I feel a bit of stress recently
[36] Lucy: feeling like I've gotten a bit out of shape
[36] Jennie: Lucy you should change for yourself
[37] Jennie: not because of what others say right
[37] Lucy: yes actually I don't really want to do this
[38] Jennie: but remember whether you change or not
[38] Jennie: we love you
[38] Lucy: oh it's very nice of you Jenny
[39] Lucy: to be honest hmm I'm a bit of
[39] Lucy: confused it's not just for others
[39] Jennie: the most important thing is what you truly want
[39] Jennie: being yourself is the most comfortable
[39] Lucy: oh thank you Jennie
[40] Lucy: it's not just about losing weight
[40] Lucy: it's about hmm
[41] Lucy: I think I agree with you.
[41] Lucy: Um okay.
[41] Lucy: Thank you Jennie I understand.
[42] Lucy: thank you Jennie I understand
[42] Lucy: hmm I will be patient more in the future
[42] Jennie: Lucy you have already taken your first step
[42] Jennie: just believe in yourself
[42] Jennie: give yourself some time
[42] Jennie: remember don't push yourself too hard
[42] Jennie: enjoy this process and take it slow
[42] Lucy: oh you are so nice Jennie
[42] Lucy: do you have any
[43] Lucy: suggestion for me to lose weight
[45] Jennie: what do you like
[45] Lucy: hmm maybe milk
[46] Jennie: Vivian please pour a drink for Lucy.
[46] robot: okay

Conversation 5: Lucy and Jennie briefly compliment each other's stories. Lucy decides to exercise and asks Vivian to prepare steak and broccoli for dinner, while Jennie chooses to avoid high-calorie food and align her eating with Lucy's choice. Jennie also asks Vivian to tidy up, and Vivian agrees.
[56] Lucy: Vivian please
[57] Lucy: prepare a steak and broccoli for me tonight
[57] Lucy: hmm what do you want to eat Jennie
[57] Jennie: hmm to encourage you I will not eat high calorie food
[57] Jennie: hmm I think I'll be just like you

Conversation 3: Lucy and Jennie discuss enjoying milk and segue into writing. Jennie asks Lucy to continue her writing, and Lucy agrees, proposing to add some stories. Jennie approves and encourages Lucy to proceed.
[51] Lucy: i want to
[51] Lucy: add some stories in it okay
[51] Jennie: yes

[Step 2] Evaluating semantic answer...
Action: [Answer]
Content: Yes, Lucy treated Jennie well.
FINAL ANSWER (from graph):
Yes, Lucy treated Jennie well.
Question: What is Jennie's job?

[Step 1] Searching the graph...
Parse Query Output:
{
  "query_triple": ["<Jennie>", "job", null, 0.95, 0.25, 0.1],
  "spatial_constraint": null,
  "speaker_strict": null,
  "allocation": {
    "k_high_level": 10,
    "k_low_level": 10,
    "k_conversations": 30,
    "total_k": 50,
    "reasoning": "Occupation is a high-level attribute; use high-level edges for traits, and conversations to capture mentions like 'I work as...'. Low-level edges minimally for any explicit work actions."
  }
}

Graph Search Results:
**High-Level Information (Character Attributes and Relationships): **

Character Attributes:
- Jennie is: female (100), white short-sleeve top (100), medium build (100), dark hair in a single braid (100), light gray long skirt (100), no visible glasses (100), professional writer/author (95), appreciative (85)

Character Relationships:
- Jennie is close friends with Lucy (95)
- Jennie close friends with Lucy (90)

**Low-Level Information (Actions and Events): **

[6] Jennie works. (home office desk)
[23] Jennie works. (home office)
[33] Jennie works on laptop. (home office)
[54] Jennie moves mouse. (home office)
[58] Jennie keeps working. (home office)
[60] Jennie works. (home office and adjoining kitchen)
[67] Jennie moves mouse. (home office desk)
[67] Jennie continues working. (home office desk)
[68] Jennie moves mouse. (home office)
[68] Jennie works on laptop. (home office)

**Conversations: **

Conversation 2: Jennie and Lucy share afternoon tea while discussing Jennie’s writer’s block and contractual pressure to submit an outline for a second book; Lucy encourages her and offers feedback to add personal feelings. Lucy reveals she’s dieting to regain confidence but struggles with sweets, and Jennie advises reducing sugar and choosing healthier routines and drinks. Vivian occasionally chimes in with factual corrections about Jennie’s situation and calories, and helps fetch items. The group ends aligned on healthier habits for Lucy and supportive steps for Jennie’s writing.
[10] Jennie: would you please check this for me
[10] Lucy: okay
[11] Jennie: oh
[11] Jennie: how about this
[11] Lucy: I think it's very great
[11] Lucy: I think it's so good
[11] Lucy: you can try anything about you like
[11] Jennie: okay
[12] Jennie: do you want to have a try
[12] Lucy: yes can I
[12] Jennie: yes
[13] Jennie: well I think you will also be a good writer
[13] Jennie: you have the talent
[13] Jennie: don't you
[13] Lucy: oh thank you
[13] Lucy: I think you can do this better about this
[13] Jennie: can you give me some advice
[13] Lucy: hmm
[13] Lucy: I think you can add some
[15] Lucy: to get upset why do you upset and anxious
[15] Jennie: well if that's the case it's fine
[15] Jennie: but recently
[15] Jennie: the publishing house
[15] Jennie: has been urging me to submit the manuscript
[16] Lucy: why did you finish the first book and meet the target
[16] Jennie: yes but
[16] Jennie: I didn't expect there to be a loophole
[16] Jennie: in the contract I signed earlier
[16] Jennie: I need to complete the
[16] Jennie: outline draft for the second book
[18] Lucy: I think this is exploiting you
[18] Jennie: I don't want to start the second book so soon either
[19] Jennie: but
[19] Jennie: these are just the contract terms
[19] Lucy: oh
[19] Lucy: this is really too much
[19] Lucy: can we sue the publisher
[19] Jennie: sue the publisher
[19] Jennie: do you think that's possible
[19] Jennie: everything states clearly on the contract
[20] Jennie: let's just have the afternoon tea
[20] Lucy: you can try this
[20] Jennie: oh that's lovely
[20] Lucy: it's yummy
[20] Jennie: that tastes good
[21] Jennie: wow that's very caring of you
[21] Lucy: you can eat more
[21] Jennie: do you want some
[21] Lucy: no you know I reject everything about strawberries
[21] Jennie: hmm
[22] Lucy: it tastes sweet
[22] Jennie: after
[22] Jennie: eating it I feel much better
[22] Lucy: after eating it you can continue your working
[23] Jennie: Vivian please take some cookies for me
[23] Vivian: okay
[23] Jennie: thank you
[23] Lucy: oh it's about strawberry cookie
[23] Jennie: yes strawberry is my favorite
[24] Lucy: but I don't like strawberries
[24] Jennie: why
[24] Lucy: because I think
[24] Lucy: it tastes
[26] Lucy: I only eat one.
[26] Lucy: I must obey my rules to lose weight.
[26] Jennie: Wow.
[26] Jennie: I wish you will succeed.
[26] Lucy: Yes.
[27] Jennie: caramel candy.
[27] Lucy: oh really milk candy.
[27] Jennie: yes.
[27] Lucy: where.
[27] Jennie: it's in the snack box.
[28] Lucy: why didn't you tell me I'm usually
[29] Lucy: prepare the food and drinks at home
[29] Jennie: generally I would be very busy
[29] Jennie: but if I see something missing or lacking at home
[29] Jennie: I would not just sit by and do nothing
[33] Lucy: oh really
[33] Jennie: Vivian please get the healthy meal plan for me
[34] Jennie: let's see
[34] Jennie: plum tomato
[34] Jennie: garlic crayfish
[38] Jennie: I understand losing weight is a challenge
[38] Jennie: but remember whether you change or not
[38] Jennie: we love you
[38] Lucy: oh it's very nice of you Jenny
[39] Lucy: to be honest hmm I'm a bit of
[41] Jennie: You can start by going to bed early.
[41] Jennie: Waking up early.
[41] Jennie: Keeping a healthy diet.
[41] Jennie: Also you can adjust your life rhythm.
[41] Lucy: Hmm.
[45] Lucy: hmm it's has
[45] Lucy: more sugar in it
[45] Jennie: indeed hmm
[45] Jennie: Lucy if you don't want to eat snacks
[45] Jennie: how about some drinks
[45] Lucy: oh drinks
[45] Jennie: what do you like
[45] Lucy: hmm maybe milk
[46] Jennie: Vivian please pour a drink for Lucy.

Conversation 3: Lucy and Jennie discuss enjoying milk and segue into writing. Jennie asks Lucy to continue her writing, and Lucy agrees, proposing to add some stories. Jennie approves and encourages Lucy to proceed.
[51] Lucy: i want to
[51] Lucy: add some stories in it okay
[51] Jennie: yes

Conversation 5: Lucy and Jennie briefly compliment each other's stories. Lucy decides to exercise and asks Vivian to prepare steak and broccoli for dinner, while Jennie chooses to avoid high-calorie food and align her eating with Lucy's choice. Jennie also asks Vivian to tidy up, and Vivian agrees.
[57] Lucy: oh just like you okay
[58] Lucy: I go
[58] Jennie: bye bye
[58] Jennie: Vivian please tidy up the clutter
[58] Vivian: okay

Conversation 4: Lucy expresses a desire to help Jennie find more inspiration. Jennie affirms that Lucy has already provided significant inspiration, indicating a positive outcome of support.
[53] Lucy: okay
[53] Jennie: that's good
[53] Lucy: hmm I hope I can
[53] Lucy: help you find more inspirations

[Step 2] Evaluating semantic answer...
Action: [Answer]
Content: Jennie is a professional writer/author.
FINAL ANSWER (from graph):
Jennie is a professional writer/author.
Question: How was Jennie's actual working state recently?

[Step 1] Searching the graph...
Parse Query Output:
{
  "query_triple": ["<Jennie>", "working state", "recently", 0.95, 0.3, 0.5],
  "spatial_constraint": null,
  "speaker_strict": null,
  "allocation": {
    "k_high_level": 8,
    "k_low_level": 20,
    "k_conversations": 22,
    "total_k": 50,
    "reasoning": "Assessing current/ongoing work status blends traits and recent actions; include conversations for qualitative context about how she's been working recently."
  }
}

Graph Search Results:
**High-Level Information (Character Attributes and Relationships): **

Character Attributes:
- Jennie is: medium build (100), white short-sleeve top (100), female (100)

Character Relationships:
- Jennie close friends with Lucy (90)
- Lucy supports Jennie (80)
- Jennie appreciates Lucy (85)
- Jennie is close friends with Lucy (95)
- Lucy collaborates with Jennie (80)

**Low-Level Information (Actions and Events): **

[3] Jennie stands at desk. (home office)
[5] Jennie stands at desk. (kitchen and desk area)
[5] Jennie starts typing on laptop. (kitchen and desk area)
[6] Jennie resumes typing on laptop. (home office desk)
[15] Jennie resumes typing on laptop. (home office)
[30] Jennie speaks request. (home office desk)
[32] Jennie rests hand on table. (home office desk)
[33] Jennie works on laptop. (home office)
[38] Jennie keeps open laptop. (home office)
[39] Jennie has open on document. (home office)
[39] Jennie has open on laptop. (home office)
[51] Jennie resumes typing on laptop. (home office)
[51] Jennie keeps working on document. (home office)
[58] Jennie continues typing on laptop. (home office)
[58] Jennie resumes typing on laptop. (home office)
[60] robot holds near Jennie. (home office and adjoining kitchen)
[61] robot stands behind Jennie. (study room)
[62] Jennie continues typing on laptop. (home office)
[68] Jennie works on laptop. (home office)
[69] Jennie resumes typing on laptop. (home office)

**Conversations: **

Conversation 2: Jennie and Lucy share afternoon tea while discussing Jennie’s writer’s block and contractual pressure to submit an outline for a second book; Lucy encourages her and offers feedback to add personal feelings. Lucy reveals she’s dieting to regain confidence but struggles with sweets, and Jennie advises reducing sugar and choosing healthier routines and drinks. Vivian occasionally chimes in with factual corrections about Jennie’s situation and calories, and helps fetch items. The group ends aligned on healthier habits for Lucy and supportive steps for Jennie’s writing.
[8] Jennie: wow that's very good
[9] Lucy: hmm how's your work going recently
[9] Jennie: it's okay my recent work—writing is just—so—so
[9] Jennie: no big issues
[9] Lucy: really
[9] Vivian: Her actual situation is not good
[9] Jennie: yes Lucy sorry
[10] Jennie: I just didn't want you to worry
[10] Jennie: my recent work—writing hasn't been very good
[10] Jennie: because I no longer have much inspiration
[10] Lucy: okay don't worry
[10] Jennie: would you please check this for me
[10] Lucy: okay
[11] Jennie: oh
[11] Jennie: how about this
[11] Lucy: I think it's very great
[11] Lucy: I think it's so good
[11] Lucy: you can try anything about you like
[11] Jennie: okay
[12] Jennie: do you want to have a try
[12] Lucy: yes can I
[12] Jennie: yes
[13] Jennie: well I think you will also be a good writer
[13] Jennie: you have the talent
[13] Lucy: oh thank you
[13] Lucy: I think you can do this better about this
[13] Jennie: can you give me some advice
[13] Lucy: hmm
[13] Lucy: I think you can add some
[15] Lucy: to get upset why do you upset and anxious
[15] Jennie: well if that's the case it's fine
[15] Jennie: but recently
[15] Jennie: the publishing house
[15] Jennie: has been urging me to submit the manuscript
[18] Jennie: my mind is filled with the content of that book
[18] Jennie: and for the second book
[18] Jennie: my mind is totally blank now
[18] Lucy: this is too much
[18] Lucy: you work so hard to finish your first book
[18] Lucy: I think this is exploiting you
[18] Jennie: I don't want to start the second book so soon either
[19] Jennie: but
[19] Jennie: these are just the contract terms
[19] Lucy: oh
[21] Jennie: do you want some
[21] Lucy: no you know I reject everything about strawberries
[21] Jennie: hmm
[22] Lucy: it tastes sweet
[22] Jennie: after
[22] Jennie: eating it I feel much better
[22] Lucy: after eating it you can continue your working
[23] Jennie: yes strawberry is my favorite
[24] Lucy: but I don't like strawberries
[24] Jennie: why
[24] Lucy: because I think
[24] Lucy: it tastes
[27] Jennie: caramel candy.
[27] Lucy: oh really milk candy.
[27] Jennie: yes.
[27] Lucy: where.
[27] Jennie: it's in the snack box.
[28] Lucy: why didn't you tell me I'm usually
[29] Lucy: prepare the food and drinks at home
[29] Jennie: generally I would be very busy
[29] Jennie: but if I see something missing or lacking at home
[29] Jennie: I would not just sit by and do nothing
[40] Jennie: losing weight is a process
[40] Jennie: but the most important thing is to make your life
[40] Jennie: healthier
[40] Lucy: I need to adjust myself and have more healthier
[41] Lucy: I need to adjust myself and have more healthier.
[41] Jennie: You can start by going to bed early.
[41] Jennie: Waking up early.
[41] Jennie: Keeping a healthy diet.
[41] Jennie: Also you can adjust your life rhythm.
[41] Lucy: Hmm.
[42] Jennie: just believe in yourself
[42] Jennie: give yourself some time
[42] Jennie: remember don't push yourself too hard
[42] Jennie: enjoy this process and take it slow
[42] Lucy: oh you are so nice Jennie
[45] Lucy: hmm it's has
[45] Lucy: more sugar in it
[45] Jennie: indeed hmm
[45] Jennie: Lucy if you don't want to eat snacks
[45] Jennie: how about some drinks

Conversation 3: Lucy and Jennie discuss enjoying milk and segue into writing. Jennie asks Lucy to continue her writing, and Lucy agrees, proposing to add some stories. Jennie approves and encourages Lucy to proceed.
[51] Lucy: i want to
[51] Lucy: add some stories in it okay
[51] Jennie: yes

Conversation 4: Lucy expresses a desire to help Jennie find more inspiration. Jennie affirms that Lucy has already provided significant inspiration, indicating a positive outcome of support.
[53] Lucy: okay
[53] Jennie: that's good
[53] Lucy: hmm I hope I can
[53] Lucy: help you find more inspirations

Conversation 1: Jennie is struggling with her writing, debating taking a break but ultimately deciding to continue due to publisher pressure. She asks Vivian to replace her cold coffee, and Vivian agrees.
[2] Jennie: my brain is already tied in knots
[2] Jennie: how about leave it there for today
[2] Jennie: take a break first
[2] Jennie: inspiration comes when you're well rested
[3] Jennie: ah forget it

[Step 2] Evaluating semantic answer...
Action: [Answer]
Content: Jennie’s actual working state has not been good recently.
FINAL ANSWER (from graph):
Jennie’s actual working state has not been good recently.
Question: Was Jennie a little careless?

[Step 1] Searching the graph...
Parse Query Output:
{
  "query_triple": ["<Jennie>", "careless", null, 0.95, 0.25, 0.1],
  "spatial_constraint": null,
  "speaker_strict": null,
  "allocation": {
    "k_high_level": 8,
    "k_low_level": 10,
    "k_conversations": 32,
    "total_k": 50,
    "reasoning": "Trait/character judgment query. Use high-level edges for attributes, and conversations to capture dialogue indicating carelessness. Some low-level edges to find specific careless actions."
  }
}

Graph Search Results:
**High-Level Information (Character Attributes and Relationships): **

Character Attributes:
- Jennie is: no visible glasses (100), female (100), medium build (100), white short-sleeve top (100), dark hair in a single braid (100), light gray long skirt (100), professional writer/author (95)

Character Relationships:
- Jennie is close friends with Lucy (95)

**Low-Level Information (Actions and Events): **

[17] Jennie thinks. (home office)
[19] Jennie admits fault. (home office)
[36] Jennie mentions living carefree. (home office)
[45] Jennie thinks. (home office)
[54] Jennie moves mouse. (home office)
[56] Jennie moves mouse. (home office)
[58] Jennie does not react. (home office)
[64] Jennie moves sheet of paper. (home office)
[67] Jennie moves mouse. (home office desk)
[68] Jennie moves mouse. (home office)

**Conversations: **

Conversation 2: Jennie and Lucy share afternoon tea while discussing Jennie’s writer’s block and contractual pressure to submit an outline for a second book; Lucy encourages her and offers feedback to add personal feelings. Lucy reveals she’s dieting to regain confidence but struggles with sweets, and Jennie advises reducing sugar and choosing healthier routines and drinks. Vivian occasionally chimes in with factual corrections about Jennie’s situation and calories, and helps fetch items. The group ends aligned on healthier habits for Lucy and supportive steps for Jennie’s writing.
[9] Lucy: hmm how's your work going recently
[9] Jennie: it's okay my recent work—writing is just—so—so
[9] Jennie: no big issues
[9] Lucy: really
[9] Vivian: Her actual situation is not good
[9] Lucy: Jennie there's no need to lie to me
[9] Lucy: I heard the commotion in the study just now
[9] Jennie: yes Lucy sorry
[10] Jennie: I just didn't want you to worry
[10] Jennie: my recent work—writing hasn't been very good
[10] Jennie: because I no longer have much inspiration
[10] Lucy: you don't need to be upset and anxious
[10] Lucy: hmm what can I do for you
[10] Jennie: would you please check this for me
[10] Lucy: okay
[11] Jennie: oh
[11] Jennie: how about this
[11] Lucy: I think it's very great
[11] Lucy: I think it's so good
[11] Lucy: you can try anything about you like
[11] Jennie: okay
[12] Jennie: do you want to have a try
[12] Lucy: yes can I
[12] Jennie: yes
[13] Jennie: well I think you will also be a good writer
[13] Jennie: you have the talent
[13] Jennie: don't you
[13] Lucy: oh thank you
[13] Lucy: I think you can do this better about this
[13] Jennie: can you give me some advice
[13] Lucy: hmm
[13] Lucy: I think you can add some
[14] Jennie: my own feelings
[14] Lucy: yes
[14] Jennie: not this way
[15] Lucy: wow I can see you can do better
[15] Lucy: um what about you
[15] Lucy: to get upset why do you upset and anxious
[15] Jennie: well if that's the case it's fine
[15] Jennie: but recently
[15] Jennie: the publishing house
[15] Jennie: has been urging me to submit the manuscript
[16] Lucy: why did you finish the first book and meet the target
[16] Jennie: yes but
[16] Jennie: I didn't expect there to be a loophole
[16] Jennie: in the contract I signed earlier
[16] Jennie: I need to complete the
[18] Lucy: I think this is exploiting you
[18] Jennie: I don't want to start the second book so soon either
[19] Jennie: but
[19] Jennie: these are just the contract terms
[19] Lucy: oh
[19] Lucy: this is really too much
[19] Lucy: can we sue the publisher
[19] Jennie: sue the publisher
[19] Jennie: do you think that's possible
[19] Jennie: everything states clearly on the contract
[19] Jennie: and the fault is mine
[19] Jennie: I didn't read the contract carefully
[20] Lucy: all right that's indeed the case
[20] Lucy: we can only blame
[20] Lucy: ourselves for not reading it carefully
[20] Jennie: let's do not mention that
[20] Jennie: let's just have the afternoon tea
[20] Lucy: you can try this
[21] Lucy: hmm I I know you very like
[21] Lucy: strawberry cake so I bought for you
[21] Jennie: wow that's very caring of you
[21] Lucy: you can eat more
[21] Jennie: do you want some
[21] Lucy: no you know I reject everything about strawberries
[21] Jennie: hmm
[22] Lucy: it tastes sweet
[22] Jennie: after
[22] Jennie: eating it I feel much better
[22] Lucy: after eating it you can continue your working
[23] Jennie: yes strawberry is my favorite
[24] Lucy: but I don't like strawberries
[24] Jennie: why
[24] Lucy: because I think
[24] Lucy: it tastes
[27] Jennie: caramel candy.
[27] Lucy: oh really milk candy.
[27] Jennie: yes.
[27] Lucy: where.
[27] Jennie: it's in the snack box.
[34] Jennie: I think your calorie intake control failed today
[34] Lucy: no it's tomato it's lose weight
[35] Jennie: you sure
[35] Jennie: but you have dessert and drink
[35] Lucy: I have no long time to eat it
[35] Lucy: alright I know it's a failure
[35] Jennie: why do you suddenly decide to lose weight
[36] Jennie: you like living carefree isn't it
[36] Lucy: oh well not suddenly
[36] Lucy: just I feel a little bit
[40] Jennie: losing weight is a process
[40] Jennie: but the most important thing is to make your life
[40] Jennie: healthier
[40] Lucy: I need to adjust myself and have more healthier
[41] Lucy: I need to adjust myself and have more healthier.
[42] Jennie: just believe in yourself
[42] Jennie: give yourself some time
[42] Jennie: remember don't push yourself too hard
[42] Jennie: enjoy this process and take it slow
[42] Lucy: oh you are so nice Jennie
[45] Lucy: hmm it's has
[45] Lucy: more sugar in it
[45] Jennie: indeed hmm
[45] Jennie: Lucy if you don't want to eat snacks
[45] Jennie: how about some drinks

Conversation 1: Jennie is struggling with her writing, debating taking a break but ultimately deciding to continue due to publisher pressure. She asks Vivian to replace her cold coffee, and Vivian agrees.
[2] Jennie: take a break first
[2] Jennie: inspiration comes when you're well rested
[3] Jennie: ah forget it
[3] Jennie: I'd better keep writing
[3] Jennie: or the publisher will start urging me again

Conversation 3: Lucy and Jennie discuss enjoying milk and segue into writing. Jennie asks Lucy to continue her writing, and Lucy agrees, proposing to add some stories. Jennie approves and encourages Lucy to proceed.
[51] Lucy: i want to
[51] Lucy: add some stories in it okay
[51] Jennie: yes

[Step 2] Evaluating semantic answer...
Action: [Answer]
Content: Yes, Jennie admitted she was careless for not reading the contract carefully.
FINAL ANSWER (from graph):
Yes, Jennie admitted she was careless for not reading the contract carefully.
Question: Does Lucy like strawberries?

[Step 1] Searching the graph...
Parse Query Output:
{
  "query_triple": ["<Lucy>", "likes", "strawberries", 0.95, 0.4, 0.6],
  "spatial_constraint": null,
  "speaker_strict": null,
  "allocation": {
    "k_high_level": 8,
    "k_low_level": 12,
    "k_conversations": 30,
    "total_k": 50,
    "reasoning": "Preference/affinity question can be captured by high-level trait/relationship edges (likes), but often evidenced in dialogue; allocate more to conversations, some to low-level for actions like eating/choosing strawberries."
  }
}

Graph Search Results:
**High-Level Information (Character Attributes and Relationships): **

Character Attributes:
- Lucy is: female (100), black pants (100)

Character Relationships:
- Jennie appreciates Lucy (85)
- Jennie close friends with Lucy (90)
- Lucy supports Jennie (80)
- Jennie encourages Lucy (75)
- Lucy collaborates with Jennie (80)
- Jennie supports lifestyle goals of Lucy (80)

**Low-Level Information (Actions and Events): **

[7] Lucy replies about dessert. (home study room)
[8] Lucy talks about dessert at home. (home office)
[8] Lucy states Lucy never likes strawberry. (home office)
[21] Lucy buys strawberry cake. (home office)
[21] Lucy invites to eat more of dessert. (home office)
[21] dessert is to Lucy. (home office)
[21] Lucy avoids strawberry. (home office)
[25] Lucy takes cookie. (study room)
[25] Lucy tastes cookie. (study room)
[26] strawberry is toward Lucy. (study room)
[26] Lucy looks at strawberry. (study room)
[33] Lucy mentions cheat meal. (home office)

**Conversations: **

Conversation 2: Jennie and Lucy share afternoon tea while discussing Jennie’s writer’s block and contractual pressure to submit an outline for a second book; Lucy encourages her and offers feedback to add personal feelings. Lucy reveals she’s dieting to regain confidence but struggles with sweets, and Jennie advises reducing sugar and choosing healthier routines and drinks. Vivian occasionally chimes in with factual corrections about Jennie’s situation and calories, and helps fetch items. The group ends aligned on healthier habits for Lucy and supportive steps for Jennie’s writing.
[7] Lucy: Jennie it's time for afternoon tea
[7] Jennie: oh thank you for preparing the afternoon tea for me
[7] Lucy: the only dessert at home is strawberry cake
[8] Lucy: you know I never like strawberries
[8] Jennie: but we don't have to eat dessert
[8] Jennie: we can have fries instead
[8] Lucy: so I plan to lose weight
[8] Jennie: so Lucy do you have a weight loss plan
[8] Lucy: yes of course
[8] Lucy: I have made a healthy meal
[8] Lucy: it's on the shelf
[9] Jennie: it's okay my recent work—writing is just—so—so
[9] Jennie: no big issues
[9] Lucy: really
[9] Vivian: Her actual situation is not good
[9] Lucy: Jennie there's no need to lie to me
[13] Lucy: I think you can do this better about this
[13] Jennie: can you give me some advice
[13] Lucy: hmm
[13] Lucy: I think you can add some
[14] Lucy: own feelings into it
[14] Jennie: my own feelings
[14] Lucy: yes
[14] Jennie: not this way
[15] Lucy: wow I can see you can do better
[20] Lucy: you can try this
[20] Jennie: oh that's lovely
[20] Lucy: it's yummy
[20] Jennie: that tastes good
[21] Jennie: where did you buy it
[21] Lucy: hmm I I know you very like
[21] Lucy: strawberry cake so I bought for you
[21] Jennie: wow that's very caring of you
[21] Lucy: you can eat more
[21] Jennie: do you want some
[21] Lucy: no you know I reject everything about strawberries
[21] Jennie: hmm
[22] Lucy: it tastes sweet
[22] Jennie: after
[22] Jennie: eating it I feel much better
[23] Vivian: okay
[23] Jennie: thank you
[23] Lucy: oh it's about strawberry cookie
[23] Jennie: yes strawberry is my favorite
[24] Lucy: but I don't like strawberries
[24] Jennie: why
[24] Lucy: because I think
[24] Lucy: it tastes
[24] Lucy: too sweet
[24] Lucy: I don't like sweet food
[24] Jennie: really I think strawberry tastes a bit sour
[24] Lucy: hmm but I really like grapes and mango and watermelon
[25] Jennie: well I think you should really try this cookie
[25] Jennie: this is very good
[25] Lucy: I can just
[25] Lucy: taste these cookies not strawberry
[25] Lucy: hmm it's so creepy
[25] Lucy: but
[26] Jennie: Wow.
[26] Jennie: I wish you will succeed.
[26] Lucy: Yes.
[26] Jennie: Lucy you should really try these strawberries.
[26] Jennie: They taste good.
[26] Lucy: No.
[27] Lucy: I really don't like strawberries.
[27] Lucy: and I lose weight.
[27] Jennie: if you don't want to eat strawberries,
[27] Jennie: and guess what
[27] Jennie: caramel candy.
[27] Lucy: oh really milk candy.
[27] Jennie: yes.
[27] Lucy: where.
[31] Lucy: I've been dieting recently
[31] Lucy: sometimes I want to eat something but
[32] Lucy: I don't eat milk candy
[32] Lucy: I really love eat milk candy
[32] Jennie: oh Lucy if you don't want to lose weight
[32] Jennie: then let's not do it
[35] Lucy: I have no long time to eat it
[35] Jennie: well I don't believe you
[35] Lucy: no
[35] Lucy: alright I know it's a failure
[35] Jennie: why do you suddenly decide to lose weight
[41] Jennie: Keeping a healthy diet.
[41] Jennie: Also you can adjust your life rhythm.
[41] Lucy: Hmm.
[41] Lucy: I think I agree with you.
[41] Lucy: Um okay.
[42] Jennie: enjoy this process and take it slow
[42] Lucy: oh you are so nice Jennie
[42] Lucy: do you have any
[43] Lucy: suggestion for me to lose weight
[43] Jennie: well I think you should really
[45] Lucy: oh drinks
[45] Jennie: what do you like
[45] Lucy: hmm maybe milk
[46] Jennie: Vivian please pour a drink for Lucy.
[46] robot: okay

Conversation 3: Lucy and Jennie discuss enjoying milk and segue into writing. Jennie asks Lucy to continue her writing, and Lucy agrees, proposing to add some stories. Jennie approves and encourages Lucy to proceed.
[48] Lucy: oh thank you
[49] Lucy: hmm it tastes so good
[49] Lucy: I like milk flavor
[49] Jennie: yes a milk a day is good for your losing weight
[49] Lucy: hmm I like it
[49] Lucy: okay let's see you're writing
[49] Lucy: what can I do for you

[Step 2] Evaluating semantic answer...
Action: [Answer]
Content: No, Lucy does not like strawberries.
FINAL ANSWER (from graph):
No, Lucy does not like strawberries.
Question: why did Lucy refuse to eat afternoon tea?

[Step 1] Searching the graph...
Parse Query Output:
{
  "query_triple": ["<Lucy>", "refuses to eat", "afternoon tea", 0.95, 0.35, 0.8],
  "spatial_constraint": null,
  "speaker_strict": null,
  "allocation": {
    "k_high_level": 6,
    "k_low_level": 9,
    "k_conversations": 35,
    "total_k": 50,
    "reasoning": "Why query focused on motivation—prioritize conversations for causal explanations; include some low-level edges for the refusal action context and limited high-level edges for traits/relationships influencing the reason."
  }
}

Graph Search Results:
**High-Level Information (Character Attributes and Relationships): **

Character Relationships:
- Jennie close friends with Lucy (90)
- Jennie is close friends with Lucy (95)
- Jennie appreciates Lucy (85)
- Lucy directs tasks to Vivian (80)
- Vivian is a pragmatic helper for Lucy (85)
- Jennie supports lifestyle goals of Lucy (80)

**Low-Level Information (Actions and Events): **

[7] Lucy carries small plate. (home study room)
[7] Lucy replies about dessert. (home study room)
[8] Lucy talks about dessert at home. (home office)
[21] Lucy buys strawberry cake. (home office)
[21] Lucy invites to eat more of dessert. (home office)
[21] dessert is to Lucy. (home office)
[21] Lucy avoids strawberry. (home office)
[31] Lucy has not eaten for long time. (home office desk)
[54] Lucy drinks from white cup. (home office)

**Conversations: **

Conversation 2: Jennie and Lucy share afternoon tea while discussing Jennie’s writer’s block and contractual pressure to submit an outline for a second book; Lucy encourages her and offers feedback to add personal feelings. Lucy reveals she’s dieting to regain confidence but struggles with sweets, and Jennie advises reducing sugar and choosing healthier routines and drinks. Vivian occasionally chimes in with factual corrections about Jennie’s situation and calories, and helps fetch items. The group ends aligned on healthier habits for Lucy and supportive steps for Jennie’s writing.
[6] Jennie: oh thank you, sorry for losing my composure just now
[7] Lucy: Jennie it's time for afternoon tea
[7] Jennie: oh thank you for preparing the afternoon tea for me
[7] Lucy: the only dessert at home is strawberry cake
[8] Lucy: you know I never like strawberries
[8] Jennie: but we don't have to eat dessert
[8] Jennie: we can have fries instead
[8] Jennie: so Lucy do you have a weight loss plan
[8] Lucy: yes of course
[8] Lucy: I have made a healthy meal
[8] Lucy: it's on the shelf
[8] Jennie: wow that's very good
[20] Lucy: you can try this
[20] Jennie: oh that's lovely
[20] Lucy: it's yummy
[20] Jennie: that tastes good
[21] Jennie: where did you buy it
[21] Lucy: strawberry cake so I bought for you
[21] Jennie: wow that's very caring of you
[21] Lucy: you can eat more
[21] Jennie: do you want some
[21] Lucy: no you know I reject everything about strawberries
[21] Jennie: hmm
[22] Lucy: it tastes sweet
[22] Jennie: after
[22] Jennie: eating it I feel much better
[22] Lucy: after eating it you can continue your working
[22] Jennie: how about some cookies
[22] Lucy: no I must obey my rules
[22] Lucy: I must lose weight
[22] Jennie: wow Lucy you are so determined
[23] Lucy: oh it's about strawberry cookie
[23] Jennie: yes strawberry is my favorite
[24] Lucy: but I don't like strawberries
[24] Jennie: why
[24] Lucy: because I think
[24] Lucy: it tastes
[24] Lucy: too sweet
[24] Lucy: I don't like sweet food
[24] Jennie: really I think strawberry tastes a bit sour
[24] Lucy: hmm but I really like grapes and mango and watermelon
[25] Lucy: taste these cookies not strawberry
[25] Lucy: hmm it's so creepy
[25] Lucy: but
[25] Lucy: I only eat one
[26] Lucy: I only eat one.
[26] Lucy: I must obey my rules to lose weight.
[26] Jennie: Wow.
[26] Jennie: Lucy you should really try these strawberries.
[26] Jennie: They taste good.
[26] Lucy: No.
[27] Lucy: I really don't like strawberries.
[27] Lucy: and I lose weight.
[27] Jennie: if you don't want to eat strawberries,
[28] Jennie: and bought a whole bunch
[28] Lucy: why didn't you tell me I'm usually
[29] Lucy: prepare the food and drinks at home
[29] Jennie: generally I would be very busy
[29] Jennie: but if I see something missing or lacking at home
[31] Jennie: why are you eating so fast
[31] Jennie: there's no one competing with you
[31] Lucy: I haven't eaten for a long time
[31] Lucy: have the no time to eat it
[31] Lucy: I've been dieting recently
[31] Lucy: sometimes I want to eat something but
[32] Lucy: I don't eat milk candy
[32] Lucy: I really love eat milk candy
[32] Jennie: oh Lucy if you don't want to lose weight
[32] Lucy: no I must lose weight
[32] Lucy: it's just
[32] Lucy: a cheat meal for me
[33] Vivian: Lucy???
[33] Vivian: the calories in your snack
[34] Jennie: garlic crayfish
[34] Jennie: chocolate pudding
[34] Jennie: lemon tea Lucy
[34] Jennie: I think your calorie intake control failed today
[34] Lucy: no it's tomato it's lose weight
[35] Jennie: you sure
[35] Jennie: but you have dessert and drink
[35] Lucy: I have no long time to eat it
[35] Jennie: well I don't believe you
[35] Lucy: no
[35] Lucy: alright I know it's a failure
[35] Jennie: why do you suddenly decide to lose weight
[36] Jennie: Lucy you should change for yourself
[37] Jennie: not because of what others say right
[37] Lucy: yes actually I don't really want to do this
[37] Lucy: that I look at my photos recently and I feel
[37] Lucy: I've become a little
[44] Jennie: this diet will be much
[44] Jennie: more comfortable for you
[44] Lucy: how about drink drinks
[45] Jennie: tea is okay but
[45] Jennie: bubble tea is not okay
[45] Lucy: hmm it's has
[45] Lucy: more sugar in it
[45] Jennie: indeed hmm
[45] Jennie: Lucy if you don't want to eat snacks
[45] Jennie: how about some drinks
[45] Lucy: oh drinks
[45] Jennie: what do you like
[45] Lucy: hmm maybe milk
[46] Jennie: Vivian please pour a drink for Lucy.
[46] robot: okay

[Step 2] Evaluating semantic answer...
Action: [Answer]
Content: Because she’s dieting and avoids sweet foods like strawberries to lose weight.
FINAL ANSWER (from graph):
Because she’s dieting and avoids sweet foods like strawberries to lose weight.
Question: What did Jennie have for afternoon tea?

[Step 1] Searching the graph...
Parse Query Output:
{
  "query_triple": ["<Jennie>", "has", "afternoon tea", 0.95, 0.35, 0.6],
  "spatial_constraint": null,
  "speaker_strict": null,
  "allocation": {
    "k_high_level": 5,
    "k_low_level": 38,
    "k_conversations": 7,
    "total_k": 50,
    "reasoning": "Action/content query focusing on what Jennie consumed; prioritize low-level edges for specific items and actions, with minimal high-level/context and a small conversation budget for any mentions in dialogue."
  }
}

Graph Search Results:
**High-Level Information (Character Attributes and Relationships): **

Character Attributes:
- Jennie is: female (100)

Character Relationships:
- Jennie close friends with Lucy (90)
- Lucy supports Jennie (80)
- Jennie appreciates Lucy (85)
- Lucy collaborates with Jennie (80)

**Low-Level Information (Actions and Events): **

[3] Jennie faces laptop. (home office)
[3] Jennie looks at glass mug. (home office)
[3] Jennie extends glass mug. (home office)
[5] glass of tea is to Jennie. (kitchen and desk area)
[5] Jennie takes sip of tea. (kitchen and desk area)
[8] Jennie suggests they can skip dessert. (home office)
[8] Jennie asks Lucy. (home office)
[12] Jennie asks Lucy. (home office)
[16] Lucy asks Jennie. (home office)
[17] Lucy asks Jennie. (home office)
[21] Jennie tastes dessert. (home office)
[21] strawberry cake is for Jennie. (home office)
[21] Jennie offers dessert. (home office)
[23] biscuit pack is in front of Jennie. (home office)
[23] Jennie picks up biscuit pack. (home office)
[26] Jennie offers strawberry. (study room)
[27] Jennie mentions snack. (study room)
[30] Jennie eats from small dessert plate. (home office desk)
[31] Jennie holds dessert cup. (home office desk)
[33] Jennie requests healthy meal plan. (home office)
[33] Jennie receives menu. (home office)
[33] Jennie looks at menu. (home office)
[33] Jennie shows menu. (home office)
[35] Jennie faces laptop. (home office desk)
[35] Jennie holds printed sheet. (home office desk)
[36] Jennie faces laptop. (home office)
[36] Jennie asks Lucy. (home office)
[40] Jennie faces laptop. (home office)
[43] Jennie says eat less sugar. (office)
[43] printed sheet is to Jennie. (office)
[43] Lucy asks Jennie. (office)
[44] Jennie faces laptop. (home office desk)
[44] Jennie holds printed sheet. (home office desk)
[45] Jennie faces laptop. (home office)
[45] Jennie holds printed flyer. (home office)
[58] Jennie asks Vivian. (home office)
[60] Jennie references handwritten note. (home office and adjoining kitchen)
[62] Jennie places cup. (home office)

**Conversations: **

Conversation 2: Jennie and Lucy share afternoon tea while discussing Jennie’s writer’s block and contractual pressure to submit an outline for a second book; Lucy encourages her and offers feedback to add personal feelings. Lucy reveals she’s dieting to regain confidence but struggles with sweets, and Jennie advises reducing sugar and choosing healthier routines and drinks. Vivian occasionally chimes in with factual corrections about Jennie’s situation and calories, and helps fetch items. The group ends aligned on healthier habits for Lucy and supportive steps for Jennie’s writing.
[6] Jennie: oh thank you, sorry for losing my composure just now
[7] Lucy: Jennie it's time for afternoon tea
[7] Jennie: oh thank you for preparing the afternoon tea for me
[7] Lucy: the only dessert at home is strawberry cake
[8] Lucy: you know I never like strawberries
[20] Lucy: ourselves for not reading it carefully
[20] Jennie: let's do not mention that
[20] Jennie: let's just have the afternoon tea
[20] Lucy: you can try this
[20] Jennie: oh that's lovely
[22] Jennie: eating it I feel much better
[22] Lucy: after eating it you can continue your working
[22] Jennie: how about some cookies
[22] Lucy: no I must obey my rules
[22] Lucy: I must lose weight
[34] Jennie: plum tomato
[34] Jennie: garlic crayfish
[34] Jennie: chocolate pudding
[34] Jennie: lemon tea Lucy
[34] Jennie: I think your calorie intake control failed today
[34] Lucy: no it's tomato it's lose weight
[35] Jennie: you sure
[35] Jennie: but you have dessert and drink
[35] Lucy: I have no long time to eat it
[35] Jennie: well I don't believe you

[Step 2] Evaluating semantic answer...
Action: [Answer]
Content: Strawberry cake and tea.
FINAL ANSWER (from graph):
Strawberry cake and tea.
Question: What snack should the robot bring to Lucy

[Step 1] Searching the graph...
Parse Query Output:
{
  "query_triple": ["<robot>", "should bring", "<Lucy>", 0.9, 0.3, 0.95],
  "spatial_constraint": null,
  "speaker_strict": null,
  "allocation": {
    "k_high_level": 6,
    "k_low_level": 12,
    "k_conversations": 32,
    "total_k": 50,
    "reasoning": "Recommendation/intent question likely depends on dialogue where Lucy states preferences or requests; allocate more to conversations, some high-level for preference traits, and some low-level for prior instances of the robot bringing snacks."
  }
}

Graph Search Results:
**High-Level Information (Character Attributes and Relationships): **

Character Relationships:
- robot serves Lucy (70)
- robot is server/assistant to Lucy (85)
- Lucy is recipient of assistance from robot (85)
- robot cooperates with Lucy (80)
- robot is deferential toward Lucy (70)
- robot has lower situational authority than Lucy (65)

**Low-Level Information (Actions and Events): **

[7] Lucy enters room. (home study room)
[19] Lucy looks at contract. (home office)
[25] Lucy takes cookie. (study room)
[25] Lucy examines cookie. (study room)
[25] Lucy tastes cookie. (study room)
[48] Lucy takes from robot. (kitchen and dining area)
[50] Lucy picks up from desk. (home office)
[52] Lucy reaches toward calculator. (home office desk)
[57] Lucy approaches chair. (home office)
[57] Lucy stands near chair. (home office)
[59] robot watches Lucy. (home office and kitchen)
[59] Lucy types on keyboard. (home office and kitchen)

**Conversations: **

Conversation 2: Jennie and Lucy share afternoon tea while discussing Jennie’s writer’s block and contractual pressure to submit an outline for a second book; Lucy encourages her and offers feedback to add personal feelings. Lucy reveals she’s dieting to regain confidence but struggles with sweets, and Jennie advises reducing sugar and choosing healthier routines and drinks. Vivian occasionally chimes in with factual corrections about Jennie’s situation and calories, and helps fetch items. The group ends aligned on healthier habits for Lucy and supportive steps for Jennie’s writing.
[7] Lucy: Jennie it's time for afternoon tea
[7] Jennie: oh thank you for preparing the afternoon tea for me
[7] Lucy: the only dessert at home is strawberry cake
[8] Lucy: you know I never like strawberries
[8] Jennie: but we don't have to eat dessert
[8] Jennie: so Lucy do you have a weight loss plan
[8] Lucy: yes of course
[8] Lucy: I have made a healthy meal
[8] Lucy: it's on the shelf
[8] Jennie: wow that's very good
[10] Lucy: everyone has his own lows
[10] Lucy: you don't need to be upset and anxious
[10] Lucy: hmm what can I do for you
[10] Jennie: would you please check this for me
[10] Lucy: okay
[20] Lucy: you can try this
[20] Jennie: oh that's lovely
[20] Lucy: it's yummy
[20] Jennie: that tastes good
[21] Jennie: where did you buy it
[21] Lucy: hmm I I know you very like
[21] Lucy: strawberry cake so I bought for you
[21] Jennie: wow that's very caring of you
[21] Lucy: you can eat more
[21] Jennie: do you want some
[21] Lucy: no you know I reject everything about strawberries
[21] Jennie: hmm
[22] Lucy: it tastes sweet
[22] Jennie: after
[22] Jennie: eating it I feel much better
[22] Lucy: after eating it you can continue your working
[22] Jennie: how about some cookies
[22] Lucy: no I must obey my rules
[23] Vivian: okay
[23] Jennie: thank you
[23] Lucy: oh it's about strawberry cookie
[23] Jennie: yes strawberry is my favorite
[24] Lucy: but I don't like strawberries
[24] Lucy: because I think
[24] Lucy: it tastes
[24] Lucy: too sweet
[24] Lucy: I don't like sweet food
[24] Jennie: really I think strawberry tastes a bit sour
[24] Lucy: hmm but I really like grapes and mango and watermelon
[25] Jennie: this is very good
[25] Lucy: I can just
[25] Lucy: taste these cookies not strawberry
[25] Lucy: hmm it's so creepy
[25] Lucy: but
[25] Lucy: I only eat one
[26] Lucy: I only eat one.
[26] Lucy: I must obey my rules to lose weight.
[26] Jennie: Wow.
[27] Jennie: and guess what
[27] Jennie: caramel candy.
[27] Lucy: oh really milk candy.
[27] Jennie: yes.
[27] Lucy: where.
[28] Jennie: and bought a whole bunch
[28] Lucy: why didn't you tell me I'm usually
[29] Lucy: prepare the food and drinks at home
[29] Jennie: generally I would be very busy
[29] Jennie: but if I see something missing or lacking at home
[29] Lucy: hmm okay if you do it this way
[29] Lucy: then I can only try a little
[30] Jennie: Vivian please get some snacks for Lucy.
[31] Lucy: thank you
[31] Jennie: why are you eating so fast
[31] Jennie: there's no one competing with you
[31] Lucy: I haven't eaten for a long time
[31] Lucy: have the no time to eat it
[31] Lucy: I've been dieting recently
[31] Lucy: sometimes I want to eat something but
[32] Lucy: I don't eat milk candy
[32] Lucy: I really love eat milk candy
[32] Jennie: oh Lucy if you don't want to lose weight
[32] Jennie: then let's not do it
[32] Lucy: no I must lose weight
[32] Lucy: it's just
[32] Lucy: a cheat meal for me
[33] Vivian: Lucy???
[33] Vivian: the calories in your snack
[35] Jennie: you sure
[35] Jennie: but you have dessert and drink
[35] Lucy: I have no long time to eat it
[35] Jennie: well I don't believe you
[35] Lucy: no
[40] Lucy: I need to adjust myself and have more healthier
[41] Lucy: I need to adjust myself and have more healthier.
[41] Lucy: Diet in the future.
[41] Jennie: In my opinion.
[41] Jennie: You can start by going to bed early.
[42] Jennie: enjoy this process and take it slow
[42] Lucy: oh you are so nice Jennie
[42] Lucy: do you have any
[43] Lucy: suggestion for me to lose weight
[43] Jennie: well I think you should really
[44] Jennie: this diet will be much
[44] Jennie: more comfortable for you
[44] Lucy: how about drink drinks
[45] Jennie: tea is okay but
[45] Jennie: bubble tea is not okay
[45] Lucy: hmm it's has
[45] Lucy: more sugar in it
[45] Jennie: indeed hmm
[45] Jennie: Lucy if you don't want to eat snacks
[45] Jennie: how about some drinks
[45] Lucy: oh drinks
[45] Jennie: what do you like
[45] Lucy: hmm maybe milk
[46] Jennie: Vivian please pour a drink for Lucy.
[46] robot: okay

Conversation 5: Lucy and Jennie briefly compliment each other's stories. Lucy decides to exercise and asks Vivian to prepare steak and broccoli for dinner, while Jennie chooses to avoid high-calorie food and align her eating with Lucy's choice. Jennie also asks Vivian to tidy up, and Vivian agrees.
[56] Lucy: oh
[56] Lucy: Vivian please
[57] Lucy: prepare a steak and broccoli for me tonight
[57] Lucy: hmm what do you want to eat Jennie
[57] Jennie: hmm to encourage you I will not eat high calorie food
[57] Jennie: hmm I think I'll be just like you

Conversation 3: Lucy and Jennie discuss enjoying milk and segue into writing. Jennie asks Lucy to continue her writing, and Lucy agrees, proposing to add some stories. Jennie approves and encourages Lucy to proceed.
[48] Lucy: oh thank you
[49] Lucy: hmm it tastes so good
[49] Lucy: I like milk flavor
[49] Jennie: yes a milk a day is good for your losing weight
[49] Lucy: hmm I like it

[Step 2] Evaluating semantic answer...
Action: [Answer]
Content: Snacks are not recommended; instead, the robot should bring milk.
FINAL ANSWER (from graph):
Snacks are not recommended; instead, the robot should bring milk.
Question: Why did Lucy want to have healthy meals?

[Step 1] Searching the graph...
Parse Query Output:
{
  "query_triple": ["<Lucy>", "wants healthy meals", null, 0.95, 0.35, 0.1],
  "spatial_constraint": null,
  "speaker_strict": null,
  "allocation": {
    "k_high_level": 6,
    "k_low_level": 9,
    "k_conversations": 35,
    "total_k": 50,
    "reasoning": "Why motivation query—use conversations to capture reasons, supplement with a few high-level traits/goals and some low-level actions mentioning healthy meals."
  }
}

Graph Search Results:
**High-Level Information (Character Attributes and Relationships): **

Character Attributes:
- Lucy is: black pants (100), female (100), white and black sneakers (100), purple oversized T-shirt (100), smartwatch on right wrist (100), long dark hair worn loose (100)

**Low-Level Information (Actions and Events): **

[21] Lucy invites to eat more of dessert. (home office)
[22] Lucy suggests continuing work after eating Jennie. (home office)
[22] Lucy states she must lose weight. (home office)
[31] Jennie asks about eating quickly Lucy. (home office desk)
[31] Lucy has not eaten for long time. (home office desk)
[31] Lucy has no time to eat. (home office desk)
[31] Lucy has been dieting recently. (home office desk)
[31] Lucy sometimes wants to eat something but hesitates. (home office desk)
[48] Lucy drinks. (kitchen and dining area)

**Conversations: **

Conversation 2: Jennie and Lucy share afternoon tea while discussing Jennie’s writer’s block and contractual pressure to submit an outline for a second book; Lucy encourages her and offers feedback to add personal feelings. Lucy reveals she’s dieting to regain confidence but struggles with sweets, and Jennie advises reducing sugar and choosing healthier routines and drinks. Vivian occasionally chimes in with factual corrections about Jennie’s situation and calories, and helps fetch items. The group ends aligned on healthier habits for Lucy and supportive steps for Jennie’s writing.
[8] Jennie: we can have fries instead
[8] Lucy: actually I've gained a bit of weight recently
[8] Lucy: so I plan to lose weight
[8] Jennie: so Lucy do you have a weight loss plan
[8] Lucy: yes of course
[8] Lucy: I have made a healthy meal
[8] Lucy: it's on the shelf
[8] Jennie: wow that's very good
[20] Lucy: you can try this
[20] Jennie: oh that's lovely
[20] Lucy: it's yummy
[20] Jennie: that tastes good
[21] Jennie: where did you buy it
[21] Lucy: strawberry cake so I bought for you
[21] Jennie: wow that's very caring of you
[21] Lucy: you can eat more
[21] Jennie: do you want some
[21] Lucy: no you know I reject everything about strawberries
[22] Jennie: after
[22] Jennie: eating it I feel much better
[22] Lucy: after eating it you can continue your working
[22] Jennie: how about some cookies
[22] Lucy: no I must obey my rules
[22] Lucy: I must lose weight
[22] Jennie: wow Lucy you are so determined
[23] Jennie: Vivian please take some cookies for me
[25] Lucy: hmm it's so creepy
[25] Lucy: but
[25] Lucy: I only eat one
[26] Lucy: I only eat one.
[26] Lucy: I must obey my rules to lose weight.
[26] Jennie: Wow.
[26] Jennie: I wish you will succeed.
[26] Lucy: No.
[27] Lucy: I really don't like strawberries.
[27] Lucy: and I lose weight.
[27] Jennie: if you don't want to eat strawberries,
[27] Jennie: how about some snacks.
[28] Lucy: milk candy how can there be milk candy
[28] Lucy: hmm I especially remember I finished eating it before I
[28] Lucy: starting my diet
[28] Jennie: I bought it I saw there were no milk candies left
[28] Jennie: so I went to the supermarket
[28] Jennie: and bought a whole bunch
[28] Lucy: why didn't you tell me I'm usually
[29] Lucy: prepare the food and drinks at home
[29] Jennie: generally I would be very busy
[29] Jennie: but if I see something missing or lacking at home
[31] Jennie: why are you eating so fast
[31] Jennie: there's no one competing with you
[31] Lucy: I haven't eaten for a long time
[31] Lucy: have the no time to eat it
[31] Lucy: I've been dieting recently
[31] Lucy: sometimes I want to eat something but
[32] Lucy: I don't eat milk candy
[32] Lucy: I really love eat milk candy
[32] Jennie: oh Lucy if you don't want to lose weight
[32] Jennie: then let's not do it
[32] Lucy: no I must lose weight
[32] Lucy: it's just
[32] Lucy: a cheat meal for me
[33] Vivian: Lucy???
[33] Vivian: the calories in your snack
[33] Vivian: could equal a large bowl of rice
[33] Lucy: oh really
[33] Jennie: Vivian please get the healthy meal plan for me
[34] Jennie: let's see
[34] Jennie: plum tomato
[35] Jennie: you sure
[35] Jennie: but you have dessert and drink
[35] Lucy: I have no long time to eat it
[35] Jennie: well I don't believe you
[35] Lucy: no
[39] Lucy: to be honest hmm I'm a bit of
[39] Lucy: confused it's not just for others
[39] Lucy: but for me to make myself feel better
[39] Jennie: the most important thing is what you truly want
[39] Jennie: being yourself is the most comfortable
[39] Lucy: oh thank you Jennie
[40] Lucy: it's not just about losing weight
[40] Lucy: it's about hmm
[40] Lucy: rediscovering my confidence
[40] Jennie: but the most important thing is to make your life
[40] Jennie: healthier
[40] Lucy: I need to adjust myself and have more healthier
[41] Lucy: I need to adjust myself and have more healthier.
[41] Lucy: Diet in the future.
[41] Jennie: In my opinion.
[41] Jennie: You can start by going to bed early.
[41] Jennie: Waking up early.
[41] Jennie: Keeping a healthy diet.
[41] Jennie: Also you can adjust your life rhythm.
[41] Lucy: Hmm.
[42] Lucy: oh you are so nice Jennie
[42] Lucy: do you have any
[43] Lucy: suggestion for me to lose weight
[43] Jennie: well I think you should really
[43] Jennie: eat less sugar
[43] Lucy: uh
[43] Lucy: uh do you think it's
[43] Lucy: fit for me
[44] Jennie: let me see
[44] Jennie: if you can remove the dessert
[45] Lucy: more sugar in it
[45] Jennie: indeed hmm
[45] Jennie: Lucy if you don't want to eat snacks
[45] Jennie: how about some drinks
[45] Lucy: oh drinks

Conversation 5: Lucy and Jennie briefly compliment each other's stories. Lucy decides to exercise and asks Vivian to prepare steak and broccoli for dinner, while Jennie chooses to avoid high-calorie food and align her eating with Lucy's choice. Jennie also asks Vivian to tidy up, and Vivian agrees.
[56] Lucy: hmm oh
[56] Lucy: it is time for me
[56] Lucy: to do exercise
[56] Lucy: oh
[56] Lucy: Vivian please
[57] Lucy: prepare a steak and broccoli for me tonight
[57] Lucy: hmm what do you want to eat Jennie
[57] Jennie: hmm to encourage you I will not eat high calorie food
[57] Jennie: hmm I think I'll be just like you

Conversation 3: Lucy and Jennie discuss enjoying milk and segue into writing. Jennie asks Lucy to continue her writing, and Lucy agrees, proposing to add some stories. Jennie approves and encourages Lucy to proceed.
[48] Lucy: oh thank you
[49] Lucy: hmm it tastes so good
[49] Lucy: I like milk flavor
[49] Jennie: yes a milk a day is good for your losing weight
[51] Jennie: I think that's nice
[51] Jennie: you can continue
[51] Lucy: i want to
[51] Lucy: add some stories in it okay
[51] Jennie: yes

[Step 2] Evaluating semantic answer...
Action: [Answer]
Content: To lose weight and regain her confidence.
FINAL ANSWER (from graph):
To lose weight and regain her confidence.
✓ Updated results.json for study_15 (11 questions)
✓ Cleaned up video and frames for study_15

============================================================
Processing video: bedroom_10
============================================================
Downloading 1 video(s) to data/videos...

✓ bedroom_10.mp4 already exists, skipping...

============================================================
Download Summary:
  Successful: 1/1
============================================================

============================================================
[1/1] Processing: bedroom_10
============================================================
Video: data/videos/bedroom_10.mp4
Subtitles: data/subtitles/robot/bedroom_10.srt
Output: data/frames/bedroom_10
============================================================

Parsing subtitle file: data/subtitles/robot/bedroom_10.srt
Found 476 subtitle entries
Video: 1280x720, 30.00 FPS, 57454 frames, 1915.13s duration

Extracting frames with subtitles...
Grouping frames into folders of 30 frames each
  Saved 10 frames (up to 9s, folder 1)
  Saved 20 frames (up to 19s, folder 1)
  Saved 30 frames (up to 29s, folder 1)
  Saved 40 frames (up to 39s, folder 2)
  Saved 50 frames (up to 49s, folder 2)
  Saved 60 frames (up to 59s, folder 2)
  Saved 70 frames (up to 69s, folder 3)
  Saved 80 frames (up to 79s, folder 3)
  Saved 90 frames (up to 89s, folder 3)
  Saved 100 frames (up to 99s, folder 4)
  Saved 110 frames (up to 109s, folder 4)
  Saved 120 frames (up to 119s, folder 4)
  Saved 130 frames (up to 129s, folder 5)
  Saved 140 frames (up to 139s, folder 5)
  Saved 150 frames (up to 149s, folder 5)
  Saved 160 frames (up to 159s, folder 6)
  Saved 170 frames (up to 169s, folder 6)
  Saved 180 frames (up to 179s, folder 6)
  Saved 190 frames (up to 189s, folder 7)
  Saved 200 frames (up to 199s, folder 7)
  Saved 210 frames (up to 209s, folder 7)
  Saved 220 frames (up to 219s, folder 8)
  Saved 230 frames (up to 229s, folder 8)
  Saved 240 frames (up to 239s, folder 8)
  Saved 250 frames (up to 249s, folder 9)
  Saved 260 frames (up to 259s, folder 9)
  Saved 270 frames (up to 269s, folder 9)
  Saved 280 frames (up to 279s, folder 10)
  Saved 290 frames (up to 289s, folder 10)
  Saved 300 frames (up to 299s, folder 10)
  Saved 310 frames (up to 309s, folder 11)
  Saved 320 frames (up to 319s, folder 11)
  Saved 330 frames (up to 329s, folder 11)
  Saved 340 frames (up to 339s, folder 12)
  Saved 350 frames (up to 349s, folder 12)
  Saved 360 frames (up to 359s, folder 12)
  Saved 370 frames (up to 369s, folder 13)
  Saved 380 frames (up to 379s, folder 13)
  Saved 390 frames (up to 389s, folder 13)
  Saved 400 frames (up to 399s, folder 14)
  Saved 410 frames (up to 409s, folder 14)
  Saved 420 frames (up to 419s, folder 14)
  Saved 430 frames (up to 429s, folder 15)
  Saved 440 frames (up to 439s, folder 15)
  Saved 450 frames (up to 449s, folder 15)
  Saved 460 frames (up to 459s, folder 16)
  Saved 470 frames (up to 469s, folder 16)
  Saved 480 frames (up to 479s, folder 16)
  Saved 490 frames (up to 489s, folder 17)
  Saved 500 frames (up to 499s, folder 17)
  Saved 510 frames (up to 509s, folder 17)
  Saved 520 frames (up to 519s, folder 18)
  Saved 530 frames (up to 529s, folder 18)
  Saved 540 frames (up to 539s, folder 18)
  Saved 550 frames (up to 549s, folder 19)
  Saved 560 frames (up to 559s, folder 19)
  Saved 570 frames (up to 569s, folder 19)
  Saved 580 frames (up to 579s, folder 20)
  Saved 590 frames (up to 589s, folder 20)
  Saved 600 frames (up to 599s, folder 20)
  Saved 610 frames (up to 609s, folder 21)
  Saved 620 frames (up to 619s, folder 21)
  Saved 630 frames (up to 629s, folder 21)
  Saved 640 frames (up to 639s, folder 22)
  Saved 650 frames (up to 649s, folder 22)
  Saved 660 frames (up to 659s, folder 22)
  Saved 670 frames (up to 669s, folder 23)
  Saved 680 frames (up to 679s, folder 23)
  Saved 690 frames (up to 689s, folder 23)
  Saved 700 frames (up to 699s, folder 24)
  Saved 710 frames (up to 709s, folder 24)
  Saved 720 frames (up to 719s, folder 24)
  Saved 730 frames (up to 729s, folder 25)
  Saved 740 frames (up to 739s, folder 25)
  Saved 750 frames (up to 749s, folder 25)
  Saved 760 frames (up to 759s, folder 26)
  Saved 770 frames (up to 769s, folder 26)
  Saved 780 frames (up to 779s, folder 26)
  Saved 790 frames (up to 789s, folder 27)
  Saved 800 frames (up to 799s, folder 27)
  Saved 810 frames (up to 809s, folder 27)
  Saved 820 frames (up to 819s, folder 28)
  Saved 830 frames (up to 829s, folder 28)
  Saved 840 frames (up to 839s, folder 28)
  Saved 850 frames (up to 849s, folder 29)
  Saved 860 frames (up to 859s, folder 29)
  Saved 870 frames (up to 869s, folder 29)
  Saved 880 frames (up to 879s, folder 30)
  Saved 890 frames (up to 889s, folder 30)
  Saved 900 frames (up to 899s, folder 30)
  Saved 910 frames (up to 909s, folder 31)
  Saved 920 frames (up to 919s, folder 31)
  Saved 930 frames (up to 929s, folder 31)
  Saved 940 frames (up to 939s, folder 32)
  Saved 950 frames (up to 949s, folder 32)
  Saved 960 frames (up to 959s, folder 32)
  Saved 970 frames (up to 969s, folder 33)
  Saved 980 frames (up to 979s, folder 33)
  Saved 990 frames (up to 989s, folder 33)
  Saved 1000 frames (up to 999s, folder 34)
  Saved 1010 frames (up to 1009s, folder 34)
  Saved 1020 frames (up to 1019s, folder 34)
  Saved 1030 frames (up to 1029s, folder 35)
  Saved 1040 frames (up to 1039s, folder 35)
  Saved 1050 frames (up to 1049s, folder 35)
  Saved 1060 frames (up to 1059s, folder 36)
  Saved 1070 frames (up to 1069s, folder 36)
  Saved 1080 frames (up to 1079s, folder 36)
  Saved 1090 frames (up to 1089s, folder 37)
  Saved 1100 frames (up to 1099s, folder 37)
  Saved 1110 frames (up to 1109s, folder 37)
  Saved 1120 frames (up to 1119s, folder 38)
  Saved 1130 frames (up to 1129s, folder 38)
  Saved 1140 frames (up to 1139s, folder 38)
  Saved 1150 frames (up to 1149s, folder 39)
  Saved 1160 frames (up to 1159s, folder 39)
  Saved 1170 frames (up to 1169s, folder 39)
  Saved 1180 frames (up to 1179s, folder 40)
  Saved 1190 frames (up to 1189s, folder 40)
  Saved 1200 frames (up to 1199s, folder 40)
  Saved 1210 frames (up to 1209s, folder 41)
  Saved 1220 frames (up to 1219s, folder 41)
  Saved 1230 frames (up to 1229s, folder 41)
  Saved 1240 frames (up to 1239s, folder 42)
  Saved 1250 frames (up to 1249s, folder 42)
  Saved 1260 frames (up to 1259s, folder 42)
  Saved 1270 frames (up to 1269s, folder 43)
  Saved 1280 frames (up to 1279s, folder 43)
  Saved 1290 frames (up to 1289s, folder 43)
  Saved 1300 frames (up to 1299s, folder 44)
  Saved 1310 frames (up to 1309s, folder 44)
  Saved 1320 frames (up to 1319s, folder 44)
  Saved 1330 frames (up to 1329s, folder 45)
  Saved 1340 frames (up to 1339s, folder 45)
  Saved 1350 frames (up to 1349s, folder 45)
  Saved 1360 frames (up to 1359s, folder 46)
  Saved 1370 frames (up to 1369s, folder 46)
  Saved 1380 frames (up to 1379s, folder 46)
  Saved 1390 frames (up to 1389s, folder 47)
  Saved 1400 frames (up to 1399s, folder 47)
  Saved 1410 frames (up to 1409s, folder 47)
  Saved 1420 frames (up to 1419s, folder 48)
  Saved 1430 frames (up to 1429s, folder 48)
  Saved 1440 frames (up to 1439s, folder 48)
  Saved 1450 frames (up to 1449s, folder 49)
  Saved 1460 frames (up to 1459s, folder 49)
  Saved 1470 frames (up to 1469s, folder 49)
  Saved 1480 frames (up to 1479s, folder 50)
  Saved 1490 frames (up to 1489s, folder 50)
  Saved 1500 frames (up to 1499s, folder 50)
  Saved 1510 frames (up to 1509s, folder 51)
  Saved 1520 frames (up to 1519s, folder 51)
  Saved 1530 frames (up to 1529s, folder 51)
  Saved 1540 frames (up to 1539s, folder 52)
  Saved 1550 frames (up to 1549s, folder 52)
  Saved 1560 frames (up to 1559s, folder 52)
  Saved 1570 frames (up to 1569s, folder 53)
  Saved 1580 frames (up to 1579s, folder 53)
  Saved 1590 frames (up to 1589s, folder 53)
  Saved 1600 frames (up to 1599s, folder 54)
  Saved 1610 frames (up to 1609s, folder 54)
  Saved 1620 frames (up to 1619s, folder 54)
  Saved 1630 frames (up to 1629s, folder 55)
  Saved 1640 frames (up to 1639s, folder 55)
  Saved 1650 frames (up to 1649s, folder 55)
  Saved 1660 frames (up to 1659s, folder 56)
  Saved 1670 frames (up to 1669s, folder 56)
  Saved 1680 frames (up to 1679s, folder 56)
  Saved 1690 frames (up to 1689s, folder 57)
  Saved 1700 frames (up to 1699s, folder 57)
  Saved 1710 frames (up to 1709s, folder 57)
  Saved 1720 frames (up to 1719s, folder 58)
  Saved 1730 frames (up to 1729s, folder 58)
  Saved 1740 frames (up to 1739s, folder 58)
  Saved 1750 frames (up to 1749s, folder 59)
  Saved 1760 frames (up to 1759s, folder 59)
  Saved 1770 frames (up to 1769s, folder 59)
  Saved 1780 frames (up to 1779s, folder 60)
  Saved 1790 frames (up to 1789s, folder 60)
  Saved 1800 frames (up to 1799s, folder 60)
  Saved 1810 frames (up to 1809s, folder 61)
  Saved 1820 frames (up to 1819s, folder 61)
  Saved 1830 frames (up to 1829s, folder 61)
  Saved 1840 frames (up to 1839s, folder 62)
  Saved 1850 frames (up to 1849s, folder 62)
  Saved 1860 frames (up to 1859s, folder 62)
  Saved 1870 frames (up to 1869s, folder 63)
  Saved 1880 frames (up to 1879s, folder 63)
  Saved 1890 frames (up to 1889s, folder 63)
  Saved 1900 frames (up to 1899s, folder 64)
  Saved 1910 frames (up to 1909s, folder 64)

✓ Extracted 1916 frames to data/frames/bedroom_10

✓ Successfully processed bedroom_10: 1916 frames saved
--------------------------------
Processing folder:  data/frames/bedroom_10/1
Inserted 24 triples into graph for clip 1
--------------------------------
Processing folder:  data/frames/bedroom_10/2
Inserted 31 triples into graph for clip 2
--------------------------------
Processing folder:  data/frames/bedroom_10/3
Inserted 24 triples into graph for clip 3
--------------------------------
Processing folder:  data/frames/bedroom_10/4
Inserted 17 triples into graph for clip 4
--------------------------------
Processing folder:  data/frames/bedroom_10/5
Inserted 26 triples into graph for clip 5
--------------------------------
Processing folder:  data/frames/bedroom_10/6
Inserted 33 triples into graph for clip 6
--------------------------------
Processing folder:  data/frames/bedroom_10/7
Inserted 42 triples into graph for clip 7
--------------------------------
Processing folder:  data/frames/bedroom_10/8
Inserted 30 triples into graph for clip 8
--------------------------------
Processing folder:  data/frames/bedroom_10/9
Inserted 26 triples into graph for clip 9
--------------------------------
Processing folder:  data/frames/bedroom_10/10
Inserted 42 triples into graph for clip 10
--------------------------------
Processing folder:  data/frames/bedroom_10/11
Extracting summary for completed conversation 1...
✓ Conversation summary extracted. Attributes: 8, Relationships: 4
Inserted 21 triples into graph for clip 11
--------------------------------
Processing folder:  data/frames/bedroom_10/12
Inserted 24 triples into graph for clip 12
--------------------------------
Processing folder:  data/frames/bedroom_10/13
Inserted 21 triples into graph for clip 13
--------------------------------
Processing folder:  data/frames/bedroom_10/14
Inserted 34 triples into graph for clip 14
--------------------------------
Processing folder:  data/frames/bedroom_10/15
Inserted 28 triples into graph for clip 15
--------------------------------
Processing folder:  data/frames/bedroom_10/16
Inserted 23 triples into graph for clip 16
--------------------------------
Processing folder:  data/frames/bedroom_10/17
Inserted 35 triples into graph for clip 17
--------------------------------
Processing folder:  data/frames/bedroom_10/18
Inserted 24 triples into graph for clip 18
--------------------------------
Processing folder:  data/frames/bedroom_10/19
Inserted 25 triples into graph for clip 19
--------------------------------
Processing folder:  data/frames/bedroom_10/20
Inserted 36 triples into graph for clip 20
--------------------------------
Processing folder:  data/frames/bedroom_10/21
Inserted 20 triples into graph for clip 21
--------------------------------
Processing folder:  data/frames/bedroom_10/22
Extracting summary for completed conversation 2...
✓ Conversation summary extracted. Attributes: 6, Relationships: 4
Inserted 15 triples into graph for clip 22
--------------------------------
Processing folder:  data/frames/bedroom_10/23
Inserted 19 triples into graph for clip 23
--------------------------------
Processing folder:  data/frames/bedroom_10/24
Inserted 18 triples into graph for clip 24
--------------------------------
Processing folder:  data/frames/bedroom_10/25
Inserted 22 triples into graph for clip 25
--------------------------------
Processing folder:  data/frames/bedroom_10/26
Inserted 25 triples into graph for clip 26
--------------------------------
Processing folder:  data/frames/bedroom_10/27
Inserted 17 triples into graph for clip 27
--------------------------------
Processing folder:  data/frames/bedroom_10/28
Inserted 12 triples into graph for clip 28
--------------------------------
Processing folder:  data/frames/bedroom_10/29
Inserted 20 triples into graph for clip 29
--------------------------------
Processing folder:  data/frames/bedroom_10/30
Inserted 27 triples into graph for clip 30
--------------------------------
Processing folder:  data/frames/bedroom_10/31
Inserted 15 triples into graph for clip 31
--------------------------------
Processing folder:  data/frames/bedroom_10/32
Inserted 26 triples into graph for clip 32
--------------------------------
Processing folder:  data/frames/bedroom_10/33
Inserted 22 triples into graph for clip 33
--------------------------------
Processing folder:  data/frames/bedroom_10/34
Inserted 21 triples into graph for clip 34
--------------------------------
Processing folder:  data/frames/bedroom_10/35
Inserted 24 triples into graph for clip 35
--------------------------------
Processing folder:  data/frames/bedroom_10/36
Inserted 42 triples into graph for clip 36
--------------------------------
Processing folder:  data/frames/bedroom_10/37
Inserted 34 triples into graph for clip 37
--------------------------------
Processing folder:  data/frames/bedroom_10/38
Inserted 25 triples into graph for clip 38
--------------------------------
Processing folder:  data/frames/bedroom_10/39
Inserted 37 triples into graph for clip 39
--------------------------------
Processing folder:  data/frames/bedroom_10/40
Inserted 23 triples into graph for clip 40
--------------------------------
Processing folder:  data/frames/bedroom_10/41
Inserted 20 triples into graph for clip 41
--------------------------------
Processing folder:  data/frames/bedroom_10/42
Inserted 38 triples into graph for clip 42
--------------------------------
Processing folder:  data/frames/bedroom_10/43
Inserted 39 triples into graph for clip 43
--------------------------------
Processing folder:  data/frames/bedroom_10/44
Inserted 39 triples into graph for clip 44
--------------------------------
Processing folder:  data/frames/bedroom_10/45
LLM call failed, retrying... Error: Error code: 400 - {'error': {'message': 'code: content_policy_violation; message: Image processing blocked due to content policy violation.', 'type': 'invalid_request_error', 'param': 'input', 'code': '-4315'}}
✗ Error processing folder data/frames/bedroom_10/45: Error code: 400 - {'error': {'message': 'code: content_policy_violation; message: Image processing blocked due to content policy violation.', 'type': 'invalid_request_error', 'param': 'input', 'code': '-4315'}}
Continuing to next folder...
--------------------------------
Processing folder:  data/frames/bedroom_10/46
Inserted 25 triples into graph for clip 46
--------------------------------
Processing folder:  data/frames/bedroom_10/47
Inserted 32 triples into graph for clip 47
--------------------------------
Processing folder:  data/frames/bedroom_10/48
Inserted 22 triples into graph for clip 48
--------------------------------
Processing folder:  data/frames/bedroom_10/49
Inserted 13 triples into graph for clip 49
--------------------------------
Processing folder:  data/frames/bedroom_10/50
Extracting summary for completed conversation 3...
✓ Conversation summary extracted. Attributes: 10, Relationships: 4
Inserted 19 triples into graph for clip 50
--------------------------------
Processing folder:  data/frames/bedroom_10/51
Inserted 14 triples into graph for clip 51
--------------------------------
Processing folder:  data/frames/bedroom_10/52
Inserted 22 triples into graph for clip 52
--------------------------------
Processing folder:  data/frames/bedroom_10/53
Inserted 24 triples into graph for clip 53
--------------------------------
Processing folder:  data/frames/bedroom_10/54
Inserted 13 triples into graph for clip 54
--------------------------------
Processing folder:  data/frames/bedroom_10/55
Inserted 18 triples into graph for clip 55
--------------------------------
Processing folder:  data/frames/bedroom_10/56
Inserted 30 triples into graph for clip 56
--------------------------------
Processing folder:  data/frames/bedroom_10/57
Inserted 22 triples into graph for clip 57
--------------------------------
Processing folder:  data/frames/bedroom_10/58
Inserted 35 triples into graph for clip 58
--------------------------------
Processing folder:  data/frames/bedroom_10/59
Inserted 32 triples into graph for clip 59
--------------------------------
Processing folder:  data/frames/bedroom_10/60
Inserted 30 triples into graph for clip 60
--------------------------------
Processing folder:  data/frames/bedroom_10/61
Inserted 34 triples into graph for clip 61
--------------------------------
Processing folder:  data/frames/bedroom_10/62
Inserted 28 triples into graph for clip 62
--------------------------------
Processing folder:  data/frames/bedroom_10/63
Inserted 31 triples into graph for clip 63
--------------------------------
Processing folder:  data/frames/bedroom_10/64
Inserted 22 triples into graph for clip 64
Extracting summary for final conversation 4...
✓ Final conversation summary extracted. Attributes: 10, Relationships: 5
Inserting character appearances for 5 characters...
Warning: Character '<<Sarah>:>' not found in graph, skipping appearance
✓ Character appearances inserted: 21 appearance edges created
355 node embeddings inserted (7 characters, 348 objects)
1677 edge embeddings inserted
Generating character attributes...
Number of edges:  1677
Character attributes generated.
Number of edges:  1712
Character relationships generated.
Number of edges:  1730
✓ Graph memory built for bedroom_10
Question: Is the air conditioner currently heating up?

[Step 1] Searching the graph...
Parse Query Output:
{
  "query_triple": ["air conditioner", "is heating", "?", 0.6, 0.3, 0.15],
  "spatial_constraint": null,
  "speaker_strict": null,
  "allocation": {
    "k_high_level": 3,
    "k_low_level": 40,
    "k_conversations": 7,
    "total_k": 50,
    "reasoning": "State/action query about a device's current mode; prioritize low-level edges for specific actions/states, minimal high-level, limited conversations for any verbal confirmations."
  }
}

Graph Search Results:
**High-Level Information (Character Attributes and Relationships): **

Character Attributes:
- robot is: black gloves (100), camera holder (100), no visible face (100)

**Low-Level Information (Actions and Events): **

[10] clothes are on bed. (bedroom)
[11] cream-colored shirt is near window. (bedroom window desk)
[11] jacket is on desk. (bedroom window desk)
[12] robot adjusts clothes. (bedroom)
[12] clothes is on windowsill. (bedroom)
[14] Sarah holds clothes iron. (bedroom)
[14] desk is near window. (bedroom)
[14] camera turns back to room. (bedroom)
[21] robot pans camera. (bedroom)
[21] camera is toward window. (bedroom)
[22] robot reaches toward steam iron. (bedroom desk by window)
[23] robot holds over camera. (bedroom)
[23] camera is over desk. (bedroom)
[25] robot holds over camera. (window-side desk)
[25] camera is over window-side desk. (window-side desk)
[25] steamer is on left chest panel. (window-side desk)
[25] steamer is on left sleeve. (window-side desk)
[25] robot lifts steamer. (window-side desk)
[26] robot uses handheld steamer. (bedroom)
[26] robot uses iron. (bedroom)
[26] handheld steamer is on pink hooded jacket sleeve. (bedroom)
[27] camera is toward doorway. (bedroom)
[27] camera is toward shelf. (bedroom)
[37] new piece is into device. (bedroom)
[37] Lucky shows toward camera. (bedroom)
[38] small item is toward camera. (bedroom)
[48] robot turns camera. (bedroom)
[52] Sarah picks up electric iron. (bedroom)
[52] electric iron is from desk. (bedroom)
[52] electric iron is in box. (bedroom)
[55] robot turns toward window. (bedroom)
[56] robot holds camera. (bedroom)
[56] camera is by window. (bedroom)
[56] robot turns from window. (bedroom)
[58] Sarah points toward air conditioner. (bedroom)
[58] robot turns camera. (bedroom)
[58] robot moves toward air conditioner. (bedroom)
[58] robot switches off air conditioner. (bedroom)
[58] air conditioner is off. (bedroom)
[58] Sarah points out location of air conditioner. (bedroom)

**Conversations: **

Conversation 4: Sarah and Lucky prepared for a presentation and a party the next day, organizing books, outfits, and key quotes, notably 'A man can be destroyed but never defeated.' They coordinated tasks with help from a robot, discussed dancing and music, and adjusted the environment for comfort. They affirmed their close friendship and planned to refine the presentation content together.
[57] Lucky: Yeah it has been so long time we never dance together.
[57] Lucky: Yeah.
[57] Lucky: But I think it is a little bit warm or hot.
[57] Lucky: That's hot.
[57] Sarah: Yeah I'm so shy.
[58] Sarah: Or two years?
[58] Sarah: I think we should spend more time together.
[58] Lucky: A little hot.
[58] Lucky: Why a little hot?
[58] Sarah: Because our air conditioning is open.
[58] Lucky: Yeah so...
[58] Sarah: Hey robot close the air conditioning.
[58] Sarah: It's here.
[59] Lucky: Okay.

Conversation 1: Sarah and Lucky coordinated an outfit, settling on a pink jacket with blue jeans and adding a necklace for more style while deciding against a black cap. They used a robot to fetch and put back items, and Sarah planned to iron and wear the outfit tomorrow. Lucky mentioned preparing to share a book with others the next day, which Sarah looked forward to.
[8] Lucky: Why?
[8] Sarah: Hey robot put the black hat back.
[8] Sarah: Hey baby, what are you doing?
[8] Sarah: Reading books?
[8] Lucky: Oh yeah.
[10] Sarah: I'm looking forward to hearing what you are talking about tomorrow.
[10] Lucky: Okay just look forward to it.
[10] Sarah: Okay I want to iron the clothes firstly.
[10] Lucky: Iron them.
[10] Sarah: Hey robot put this clothes on dressing table.

[Step 2] Evaluating semantic answer...
Action: [Answer]
Content: No, the air conditioner is turned off.
FINAL ANSWER (from graph):
No, the air conditioner is turned off.
Question: Which color does Lucky like?

[Step 1] Searching the graph...
Parse Query Output:
{
  "query_triple": ["<Lucky>", "likes color", "?", 0.95, 0.3, 0.2],
  "spatial_constraint": null,
  "speaker_strict": null,
  "allocation": {
    "k_high_level": 8,
    "k_low_level": 12,
    "k_conversations": 30,
    "total_k": 50,
    "reasoning": "Preference/trait query. Use high-level edges for character attributes (likes), conversations to capture explicit statements like 'I like blue,' and some low-level edges in case preference is shown via actions with colored objects."
  }
}

Graph Search Results:
**High-Level Information (Character Attributes and Relationships): **

Character Attributes:
- Lucky is: wears glasses (100), blue jeans (100), light yellow cardigan over white top (100), female (100), long straight dark hair (100), fashion-aware (95), slim build (100)

Character Relationships:
- Lucky best friends with Sarah (95)

**Low-Level Information (Actions and Events): **

[6] Lucky describes as shiny small item. (bedroom)
[15] Sarah asks to choose Lucky. (bedroom)
[15] Lucky chooses book. (bedroom)
[36] Lucky accepts small object. (bedroom)
[40] Lucky asks if likes Sarah. (bedroom)
[40] Lucky asks to choose for robot. (bedroom)
[42] Lucky asks about color of cap. (bedroom)
[43] Lucky chooses. (bedroom)
[48] Lucky touches hair Sarah. (bedroom)
[48] Lucky thinks. (bedroom)
[58] Lucky touches hair Lucky. (bedroom)
[64] Lucky touches hair Sarah. (bedroom)

**Conversations: **

Conversation 3: Lucky and Sarah reminisce about meeting at a reading party years ago and reaffirm their long-standing friendship. They discuss books they love, including The Old Man and the Sea and A Midsummer Night's Dream, exchange and upgrade a bookmark, and coordinate outfits, deciding on a yellow cap to match. They plan to go shopping together for caps and summer T-shirts, organize their closet space, and continue reading afterward.
[28] Sarah: And I want to share with you the book The Old Man and the Sea.
[28] Sarah: I read it many times.
[28] Lucky: Yeah.
[28] Sarah: Actually so I want to share with you The Old Man and the Sea tells the story of an old fisherman.
[28] Sarah: After eighty four days of bad luck without catching any fish, he finally hook a huge marlin.
[31] Sarah: And when it comes to the reading party...
[31] Sarah: Have you remember the first time you attending a reading party?
[31] Lucky: yeah
[32] Lucky: First time we met each other, right?
[32] Sarah: Yeah yeah.
[36] Sarah: It's a new bookmark. I want to give it to you.
[36] Lucky: Thank you!
[36] Lucky: I like it.
[36] Lucky: Oh what is this?
[36] Sarah: It's a flower.
[37] Lucky: Flower yeah.
[39] Sarah: It's so lovely.
[39] Lucky: So lovely, yeah.
[40] Lucky: What about this black color?
[40] Lucky: You like it?
[40] Lucky: Hey robot choose a top for me please.
[40] robot: Okay.
[41] Lucky: Wow do you like this shirt?
[41] Sarah: Yeah I like it.
[41] Lucky: I think it matches with your clothes style.
[41] Lucky: Is it suitable?
[41] Sarah: It's suitable.
[41] Lucky: Okay, oh hey, what color.
[42] Sarah: I love this combination the yellow shirt with the black white pants.
[42] Sarah: So cool.
[42] Lucky: Really?
[42] Sarah: So cool. I love them.
[42] Lucky: But I think I need to buy a cap.
[42] Sarah: You don't have a cap already?
[42] Sarah: So what kind of cap?
[42] Lucky: Color?
[42] Sarah: Color. Yeah, what color are you...
[43] Lucky: No black cap. I didn't like black cap.
[43] Lucky: Yeah too dark.
[43] Sarah: Hmm you want a yellow?
[43] Lucky: Oh a yellow one.
[43] Sarah: Yeah it's super for you.
[43] Lucky: It's bright color.
[43] Lucky: And it's super for this outfit.
[43] Sarah: That's it, that's really good.
[43] Sarah: And we can buy them together.
[43] Lucky: A yellow cap?
[43] Sarah: Let me imagine that yellow cap on our hand.
[43] Sarah: Oh it's so cute, it's so cute.
[44] Lucky: All of these are fit.
[44] Sarah: Yeah so cute.
[44] Lucky: Yellow cap.
[44] Lucky: So we can buy some more caps.
[44] Lucky: Maybe next week next month.

Conversation 1: Sarah and Lucky coordinated an outfit, settling on a pink jacket with blue jeans and adding a necklace for more style while deciding against a black cap. They used a robot to fetch and put back items, and Sarah planned to iron and wear the outfit tomorrow. Lucky mentioned preparing to share a book with others the next day, which Sarah looked forward to.
[1] Sarah: I'll choose some clothes.
[2] Sarah: Do you like these coats?
[2] Lucky: Oh white one.
[2] Sarah: And this beautiful one.
[2] Sarah: And look at this trousers.
[2] Lucky: Maybe I think this sweater, I don't like it.
[2] Sarah: Yeah yeah...
[2] Lucky: And I think you can choose a pink jacket.
[2] Lucky: Do you like pink?
[2] Lucky: Yeah.
[2] Lucky: I think pink jacket and blue jeans are better ones.
[3] Sarah: Pink and blue.
[3] Sarah: Sounds great you have a good appetite.
[7] Lucky: Yeah it's so good.
[7] Sarah: You love it?
[7] Lucky: I love it.
[7] Lucky: I love it, too.
[7] Sarah: Okay that's great.
[7] Sarah: So tomorrow I will wear this necklace.
[7] Sarah: And without this cap okay?
[7] Lucky: Black cap.
[7] Lucky: I don't wear this.
[8] Lucky: Why?
[8] Sarah: Hey robot put the black hat back.
[8] Sarah: Hey baby, what are you doing?
[9] Sarah: Okay that's all.
[9] Lucky: First sharing.
[9] Lucky: Do you like it?
[10] Sarah: Yeah but I haven't read it before.
[10] Lucky: Never read it before? Never?

Conversation 4: Sarah and Lucky prepared for a presentation and a party the next day, organizing books, outfits, and key quotes, notably 'A man can be destroyed but never defeated.' They coordinated tasks with help from a robot, discussed dancing and music, and adjusted the environment for comfort. They affirmed their close friendship and planned to refine the presentation content together.
[57] Sarah: Yeah have you ever danced before?
[57] Lucky: Yeah it has been so long time we never dance together.
[57] Lucky: Yeah.
[57] Lucky: But I think it is a little bit warm or hot.
[57] Lucky: That's hot.
[62] Lucky: Because we are the best friend.
[62] Sarah: Yeah and we wear the same bright color.
[62] Lucky: Bright color, brilliant color.
[62] Sarah: Brilliant color.
[62] Lucky: Both color yeah...
[62] Lucky: That's fine.
[62] Sarah: That's okay.

Conversation 2: Lucky and Sarah discuss books for an upcoming reading party. Sarah wants to try a new author beyond her favorite, Victor Hugo, and considers Shakespeare and The Old Man and the Sea. Lucky plans to share a book he’s reading and encourages Sarah’s choice. They use a robot assistant to fetch items and books during their planning.
[15] Lucky: Oh do you like this book?
[15] Sarah: This book?
[15] Lucky: Yeah.
[15] Sarah: How to read this?
[15] Lucky: The Belgium profile?
[18] Sarah: Give me a book.
[19] Sarah: Thank you.
[19] Lucky: Which one?
[19] Lucky: The old man and the sea.
[19] Sarah: It's so famous.
[19] Sarah: Have you ever read it?
[19] Lucky: Yes.
[20] Lucky: And the character in it, the old man is very daring.
[20] Sarah: Old man and a fish shark?

[Step 2] Evaluating semantic answer...
Action: [Answer]
Content: Yellow.
FINAL ANSWER (from graph):
Yellow.
Question: Is Sarah outgoing?

[Step 1] Searching the graph...
Parse Query Output:
{
  "query_triple": ["<Sarah>", "outgoing", null, 0.95, 0.3, 0.1],
  "spatial_constraint": null,
  "speaker_strict": null,
  "allocation": {
    "k_high_level": 8,
    "k_low_level": 7,
    "k_conversations": 35,
    "total_k": 50,
    "reasoning": "Trait query about a character. Use high-level edges for attributes, and conversations to infer personality; a small portion of low-level edges to capture behavior indicating outgoingness."
  }
}

Graph Search Results:
**High-Level Information (Character Attributes and Relationships): **

Character Attributes:
- Sarah is: female (100), medium build (100), seated at desk with tablet (100), black pants (100), long dark hair tied in ponytail with clip (100), light pink hooded jacket over blue top (100), fan of Victor Hugo (95)

Character Relationships:
- Lucky best friends with Sarah (95)

**Low-Level Information (Actions and Events): **

[2] Sarah enters room. (bedroom)
[4] Sarah accepts jacket. (bedroom)
[15] Lucky smiles toward Sarah. (bedroom)
[19] Sarah reaches out to receive book. (bedroom)
[36] Sarah reaches out Lucky. (bedroom)
[61] Sarah receives pink jacket. (bedroom)
[63] Sarah looks out window. (bedroom)

**Conversations: **

Conversation 3: Lucky and Sarah reminisce about meeting at a reading party years ago and reaffirm their long-standing friendship. They discuss books they love, including The Old Man and the Sea and A Midsummer Night's Dream, exchange and upgrade a bookmark, and coordinate outfits, deciding on a yellow cap to match. They plan to go shopping together for caps and summer T-shirts, organize their closet space, and continue reading afterward.
[28] Sarah: What's this leopard or cat?
[28] Lucky: Secret.
[28] Sarah: Okay.
[28] Sarah: And I want to share with you the book The Old Man and the Sea.
[28] Sarah: I read it many times.
[30] Sarah: So he just left with skeleton.
[30] Lucky: Skeleton?
[30] Sarah: Yeah.
[31] Sarah: But this book has shown the old man's you know courage and perseverance and resilience in the face of nature.
[31] Lucky: Strong spirit.
[31] Lucky: Strong spirit world, yeah that's why.
[31] Sarah: That's a really cool right?
[31] Lucky: Yeah really cool.
[31] Sarah: And when it comes to the reading party...
[31] Lucky: yeah
[32] Lucky: First time we met each other, right?
[32] Sarah: Yeah yeah.
[32] Lucky: I think of course I remember it, at that time I share my favorite book.
[32] Lucky: That's right? Do you remember it?
[32] Sarah: I know the name of the writer is... Okay.
[32] Lucky: That's okay, and it's my first time sharing my favorite book in front of so many people.
[33] Sarah: Are you so...
[33] Lucky: Nervous.
[33] Sarah: Scared?
[33] Lucky: Oh scared, and nervous.
[33] Lucky: Fortunately I met you and we sit together share together and more.
[34] Sarah: Right ten years, even more.
[34] Lucky: Not only ten years.
[34] Sarah: Oh yeah.
[34] Lucky: Twelve?
[34] Sarah: Yeah twelve years.
[37] Sarah: It's a petal.
[37] Lucky: Wow.
[37] Sarah: So cute so beautiful.
[37] Lucky: Yeah do you know where...
[37] Sarah: Oh where did you reading?
[37] Lucky: Yeah let me have a check, one hundred and thirty two.
[37] Sarah: Yeah okay.
[37] Sarah: So you can use the new one.
[37] Lucky: Yeah I can use the new one but what about this one.
[38] Lucky: Hey robot, put the old one away.
[38] Lucky: Oh thank you.
[38] Sarah: OK.
[38] Sarah: Oh Lucky, you didn't prepare your clothes for tomorrow.
[38] Lucky: Yeah, but I can wear anything, I want to wear something that matches you better.
[41] Lucky: Okay, oh hey, what color.
[42] Sarah: I love this combination the yellow shirt with the black white pants.
[42] Sarah: So cool.
[42] Lucky: Really?
[42] Sarah: So cool. I love them.
[43] Sarah: Oh it's so cute, it's so cute.
[44] Lucky: All of these are fit.
[44] Sarah: Yeah so cute.
[44] Lucky: Yellow cap.
[44] Lucky: So we can buy some more caps.
[44] Lucky: Maybe next week next month.
[44] Sarah: Hmm okay.
[44] Sarah: And I remember that there is a shelf in our room.
[44] Lucky: Shelf?
[46] Sarah: We can buy some T-shirts in summer.
[47] Sarah: Okay can you accompany with me to buy some new clothes?
[47] Sarah: We'll go shopping together?
[47] Lucky: Sure my pleasure.
[47] Sarah: Oh wow.
[48] Sarah: You want to choose some clothes?
[48] Lucky: It's so heavy.
[48] Sarah: It's...
[48] Lucky: So we can choose another place.
[48] Sarah: Okay if we put it here, the wardrobe can't open.

Conversation 4: Sarah and Lucky prepared for a presentation and a party the next day, organizing books, outfits, and key quotes, notably 'A man can be destroyed but never defeated.' They coordinated tasks with help from a robot, discussed dancing and music, and adjusted the environment for comfort. They affirmed their close friendship and planned to refine the presentation content together.
[52] Sarah: Wait a minute.
[52] Sarah: I will put the iron back.
[53] Sarah: Okay.
[53] Sarah: We're doing...
[53] Sarah: Yeah.
[53] Lucky: I cannot wait to share with you tomorrow.
[54] Sarah: Don't forget it, get it ready.
[54] Sarah: Will you share...
[54] Sarah: And I also want to share with you some, also the old man to see. I want to see more you know.
[54] Lucky: Yeah so we can prepare it.
[54] Lucky: And well just like last time.
[55] Lucky: Last party?
[55] Sarah: Hmm.
[55] Sarah: You know that in this book.
[55] Sarah: There is a very famous quotation that a man can be destroyed but never can be defeat.
[55] Lucky: So...Hey Robot, place the books we're going to share tomorrow on the dressing table please.
[55] robot: Okay.
[55] Sarah: Wow.
[55] Lucky: That sentence I have read it before.
[56] Sarah: A man can be destroyed but never can be defeated.
[56] Sarah: Music, have you heard it.
[57] Lucky: Yeah I hear it.
[57] Sarah: Sounds so pleasant.
[57] Sarah: Hey Lucky, wanna dance with me?
[57] Lucky: Yeah dance.
[57] Lucky: But I think it is a little bit warm or hot.
[57] Lucky: That's hot.
[57] Sarah: Yeah I'm so shy.
[57] Lucky: So shy, really?
[58] Sarah: And I think we should spend more time to dance together next time.
[59] Lucky: I love it, new bookmark.
[59] Lucky: This flower.
[59] Sarah: So cute.
[59] Lucky: Wow.
[60] Sarah: Okay I'm really looking forward to tomorrow's party.
[62] Lucky: Necklace, where? Okay here.
[62] Lucky: And did you think other people will think we're the best friends with this matching clothes?
[62] Sarah: Yeah I think so.
[62] Lucky: Because we are the best friend.
[62] Sarah: Yeah and we wear the same bright color.

Conversation 1: Sarah and Lucky coordinated an outfit, settling on a pink jacket with blue jeans and adding a necklace for more style while deciding against a black cap. They used a robot to fetch and put back items, and Sarah planned to iron and wear the outfit tomorrow. Lucky mentioned preparing to share a book with others the next day, which Sarah looked forward to.
[2] Sarah: Look, are these two clothes are suitable together?
[2] Lucky: Maybe I think this sweater, I don't like it.
[2] Sarah: Yeah yeah...
[2] Lucky: And I think you can choose a pink jacket.
[2] Lucky: Do you like pink?
[5] Sarah: Oh here is a black cap.
[5] Lucky: Wow black cap.
[5] Sarah: Do you think this is...
[5] Sarah: Oh.
[5] Sarah: That's okay?
[5] Lucky: You can see from the mirror.
[6] Lucky: Such as?
[6] Sarah: There is a little empty in my neck.
[6] Sarah: Okay.
[6] Sarah: I think there is a necklace.
[6] Lucky: I can help you.
[8] Sarah: Hey robot put the black hat back.
[8] Sarah: Hey baby, what are you doing?
[8] Sarah: Reading books?
[8] Lucky: Oh yeah.
[8] Lucky: But I don't like this one.
[10] Sarah: Yeah but I haven't read it before.
[10] Lucky: Never read it before? Never?
[10] Sarah: Yeah.
[10] Sarah: I'm looking forward to hearing what you are talking about tomorrow.
[10] Lucky: Okay just look forward to it.

Conversation 2: Lucky and Sarah discuss books for an upcoming reading party. Sarah wants to try a new author beyond her favorite, Victor Hugo, and considers Shakespeare and The Old Man and the Sea. Lucky plans to share a book he’s reading and encourages Sarah’s choice. They use a robot assistant to fetch items and books during their planning.
[12] Lucky: Oh baby I'm cool.
[12] Sarah: Yeah.
[13] Sarah: And uh I wanna say something about tomorrow's reading party.
[13] Sarah: Hmm.
[13] Sarah: Actually I haven't decided which book should I choose because I'm so busy these days I haven't time to reading.
[14] Lucky: Yeah I know a lot of people right.
[15] Sarah: I haven't read it before.
[15] Lucky: Yeah but tomorrow I will share with us.
[15] Sarah: Okay.
[15] Sarah: So I'm looking forward to hearing your saying tomorrow.
[15] Lucky: Yeah, just looking forward to it.
[15] Sarah: Have you got some books to choose for me?
[15] Lucky: To share?
[16] Sarah: Share yeah.
[16] Lucky: Let me have a check, what about this one?
[16] Sarah: Oh...
[18] Sarah: I think we should try a new book.
[18] Lucky: Try a new book? Which one?
[18] Sarah: I don't know.
[18] Lucky: Ask the robot.
[18] Sarah: Okay, hey robot.

[Step 2] Evaluating semantic answer...
Action: [Answer]
Content: Yes, Sarah appears outgoing.
FINAL ANSWER (from graph):
Yes, Sarah appears outgoing.
Question: What's the relationship between Sarah and Lucky?

[Step 1] Searching the graph...
Parse Query Output:
{
  "query_triple": ["<Sarah>", "relationship", "<Lucky>", 0.95, 0.25, 0.95],
  "spatial_constraint": null,
  "speaker_strict": null,
  "allocation": {
    "k_high_level": 10,
    "k_low_level": 10,
    "k_conversations": 30,
    "total_k": 50,
    "reasoning": "Relationship query between two specific entities; prioritize high-level attributes/relationships and use conversations for supporting evidence."
  }
}

Graph Search Results:
**High-Level Information (Character Attributes and Relationships): **

Character Relationships:
- Lucky best friends with Sarah (95)
- Sarah collaborates with Lucky (90)
- Sarah best friends with Lucky (85)
- Lucky collaborates with Sarah (85)
- Lucky friends with Sarah (80)
- Lucky is best friends with Sarah (95)
- Lucky respects Sarah (80)
- Lucky trusts Sarah (80)
- Sarah collaborates with on daily decisions Lucky (80)
- Sarah trusts fashion advice from Lucky (90)

**Low-Level Information (Actions and Events): **

[5] Sarah faces Lucky. (bedroom)
[16] Sarah faces Lucky. (bedroom)
[17] Lucky faces Sarah. (bedroom)
[19] Sarah talks Lucky. (bedroom)
[29] Sarah faces Lucky. (bedroom)
[30] Sarah faces Lucky. (bedroom)
[32] Lucky faces Sarah. (bedroom)
[32] Sarah responds Lucky. (bedroom)
[57] Lucky hold hand Sarah. (bedroom)
[57] Sarah hold hand Lucky. (bedroom)

**Conversations: **

Conversation 4: Sarah and Lucky prepared for a presentation and a party the next day, organizing books, outfits, and key quotes, notably 'A man can be destroyed but never defeated.' They coordinated tasks with help from a robot, discussed dancing and music, and adjusted the environment for comfort. They affirmed their close friendship and planned to refine the presentation content together.
[56] Sarah: A man can be destroyed but never can be defeated.
[56] Lucky: Never be defeated.
[56] Lucky: Yeah, so what about this book?
[56] Lucky: Let me have a check.
[56] Sarah: Listen.
[56] Lucky: Oh.
[56] Lucky: Music right?
[56] Sarah: Music, have you heard it.
[57] Lucky: Yeah I hear it.
[57] Sarah: Sounds so pleasant.
[57] Sarah: Hey Lucky, wanna dance with me?
[57] Lucky: Yeah dance.
[57] Sarah: We can dance together.
[57] Sarah: Yeah have you ever danced before?
[57] Lucky: Yeah it has been so long time we never dance together.
[57] Lucky: Yeah.
[57] Lucky: But I think it is a little bit warm or hot.
[57] Lucky: That's hot.
[58] Lucky: Why a little hot?
[58] Sarah: Because our air conditioning is open.
[58] Lucky: Yeah so...
[58] Sarah: Hey robot close the air conditioning.
[58] Sarah: It's here.
[59] Lucky: Okay.
[59] Sarah: Thank you.
[59] Lucky: Thank you robot.
[59] Sarah: Okay let's continue to prepare for tomorrow.
[59] Lucky: Yeah alright Sarah let's continue preparing for tomorrow's presentation okay?
[59] Lucky: Look at this.
[59] Lucky: I love it, new bookmark.
[63] Lucky: Over there.
[63] Sarah: This is so cool.
[63] Lucky: About this one?
[63] Sarah: Okay wait.
[64] Lucky: You can add the sentence I think the most important a man will never be...

Conversation 1: Sarah and Lucky coordinated an outfit, settling on a pink jacket with blue jeans and adding a necklace for more style while deciding against a black cap. They used a robot to fetch and put back items, and Sarah planned to iron and wear the outfit tomorrow. Lucky mentioned preparing to share a book with others the next day, which Sarah looked forward to.
[2] Lucky: And I think you can choose a pink jacket.
[2] Lucky: Do you like pink?
[2] Lucky: Yeah.
[2] Lucky: I think pink jacket and blue jeans are better ones.
[3] Sarah: Pink and blue.
[4] Sarah: Thank you.
[4] Sarah: Okay well, I will try it on.
[4] Lucky: Okay.
[4] Sarah: Wow I like this pink jacket.
[4] Sarah: Yeah it's suitable for me right?
[6] Sarah: Hmm looks great.
[6] Sarah: But I still think that there are something lack of.
[6] Lucky: Such as?
[6] Sarah: There is a little empty in my neck.
[6] Sarah: Okay.
[7] Lucky: Black cap.
[7] Lucky: I don't wear this.
[8] Lucky: Why?
[8] Sarah: Hey robot put the black hat back.
[8] Sarah: Hey baby, what are you doing?
[8] Sarah: Reading books?
[8] Lucky: Oh yeah.
[8] Lucky: But I don't like this one.
[9] Sarah: What's this?

Conversation 2: Lucky and Sarah discuss books for an upcoming reading party. Sarah wants to try a new author beyond her favorite, Victor Hugo, and considers Shakespeare and The Old Man and the Sea. Lucky plans to share a book he’s reading and encourages Sarah’s choice. They use a robot assistant to fetch items and books during their planning.
[14] Lucky: Yeah I know a lot of people right.
[14] Sarah: So can you help me to choose some books?
[14] Lucky: Okay so...
[14] Lucky: Hey robot.
[14] Lucky: Please bring me the book I was just reading.
[15] Lucky: Oh do you like this book?
[15] Sarah: This book?
[15] Lucky: Yeah.
[15] Sarah: How to read this?
[15] Lucky: The Belgium profile?
[15] Sarah: And about me,
[15] Sarah: Have you got some books to choose for me?
[15] Lucky: To share?
[16] Sarah: Share yeah.
[16] Lucky: Let me have a check, what about this one?
[18] Sarah: Give me a book.
[19] Sarah: Thank you.
[19] Lucky: Which one?
[19] Lucky: The old man and the sea.
[19] Sarah: It's so famous.
[19] Sarah: Have you ever read it?
[19] Lucky: Yes.
[20] Lucky: And the character in it, the old man is very daring.
[20] Sarah: Old man and a fish shark?
[21] Lucky: Mind your fingers don't hurt you.
[21] Lucky: Wait for me.
[21] Lucky: Okay.
[21] Sarah: I'll put it back firstly.
[21] Sarah: Hey robot.

Conversation 3: Lucky and Sarah reminisce about meeting at a reading party years ago and reaffirm their long-standing friendship. They discuss books they love, including The Old Man and the Sea and A Midsummer Night's Dream, exchange and upgrade a bookmark, and coordinate outfits, deciding on a yellow cap to match. They plan to go shopping together for caps and summer T-shirts, organize their closet space, and continue reading afterward.
[28] Lucky: Oh look at this picture.
[28] Sarah: What's this leopard or cat?
[28] Lucky: Secret.
[28] Sarah: Okay.
[28] Sarah: And I want to share with you the book The Old Man and the Sea.
[28] Sarah: I read it many times.
[28] Lucky: Yeah.
[28] Sarah: Actually so I want to share with you The Old Man and the Sea tells the story of an old fisherman.
[28] Sarah: After eighty four days of bad luck without catching any fish, he finally hook a huge marlin.
[29] Sarah: And they struggle with the Marlin for three days and nights without sleep you know.
[30] Sarah: Without sleeping, and without eating anything.
[30] Lucky: Hmm yeah and then?
[30] Sarah: And then he uses all his skills and strength to defeat...
[30] Sarah: In the end you know he returns to the shore with only a skeleton of the fish.
[31] Sarah: And when it comes to the reading party...
[31] Sarah: Have you remember the first time you attending a reading party?
[31] Lucky: yeah
[32] Lucky: First time we met each other, right?
[32] Sarah: Yeah yeah.
[32] Lucky: I think of course I remember it, at that time I share my favorite book.
[33] Lucky: And I look into your eyes.
[33] Lucky: I look so confident.
[34] Lucky: Yeah and it's our first time we met each other.
[34] Sarah: Okay actually I feel very pleasure to meet you at that time and if I didn't attend this party I will regret now.
[34] Sarah: And after that we became best friend and we have played together for many years since that time.
[38] Lucky: Oh thank you.
[38] Sarah: OK.
[38] Sarah: Oh Lucky, you didn't prepare your clothes for tomorrow.
[38] Lucky: Yeah, but I can wear anything, I want to wear something that matches you better.
[39] Lucky: Yeah but but I can wear anything, I want to wear something that matches you better.
[39] Lucky: That is the most important.
[39] Sarah: To choose it from the closet now.
[39] Lucky: Okay.
[39] Sarah: And I can have a look.
[39] Sarah: And give some advice for you.
[39] Lucky: Look at this, how about this one?
[39] Sarah: It's so lovely.
[39] Lucky: So lovely, yeah.
[40] Lucky: What about this black color?
[40] Lucky: You like it?
[41] Sarah: Yeah I like it.
[41] Lucky: I think it matches with your clothes style.
[41] Lucky: Is it suitable?
[41] Sarah: It's suitable.
[41] Lucky: Okay, oh hey, what color.
[42] Sarah: I love this combination the yellow shirt with the black white pants.
[42] Sarah: So cool.
[42] Lucky: Really?
[42] Sarah: So cool. I love them.
[42] Lucky: But I think I need to buy a cap.

[Step 2] Evaluating semantic answer...
Action: [Answer]
Content: Sarah and Lucky are best friends.
FINAL ANSWER (from graph):
Sarah and Lucky are best friends.
Question: Which writer does Sarah like?

[Step 1] Searching the graph...
Parse Query Output:
{
  "query_triple": ["<Sarah>", "likes", "writer", 0.95, 0.3, 0.6],
  "spatial_constraint": null,
  "speaker_strict": null,
  "allocation": {
    "k_high_level": 9,
    "k_low_level": 11,
    "k_conversations": 30,
    "total_k": 50,
    "reasoning": "Preference/relationship query; use high-level edges for traits/likes, and conversations to capture mentions of favorite writers; some low-level for any explicit actions (e.g., reading, praising) tied to a writer."
  }
}

Graph Search Results:
**High-Level Information (Character Attributes and Relationships): **

Character Relationships:
- Lucky best friends with Sarah (95)
- Sarah directs robot (80)
- Sarah collaborates with Lucky (90)
- Sarah relies on services from robot (90)
- robot is service assistant to Sarah (90)
- Sarah best friends with Lucky (85)
- Lucky respects Sarah (80)
- Lucky friends with Sarah (80)
- Lucky collaborates with Sarah (85)

**Low-Level Information (Actions and Events): **

[16] Sarah claims <Sarah> is biggest fan of author. (bedroom)
[17] Sarah shows book. (bedroom)
[17] Sarah places book. (bedroom)
[19] Sarah watches book. (bedroom)
[19] Sarah takes book. (bedroom)
[19] Sarah looks at book. (bedroom)
[31] Sarah reads book. (bedroom)
[31] Sarah looks at book. (bedroom)
[37] Sarah looks at book. (bedroom)
[40] Sarah reads book. (bedroom)
[59] Sarah takes book. (bedroom)

**Conversations: **

Conversation 2: Lucky and Sarah discuss books for an upcoming reading party. Sarah wants to try a new author beyond her favorite, Victor Hugo, and considers Shakespeare and The Old Man and the Sea. Lucky plans to share a book he’s reading and encourages Sarah’s choice. They use a robot assistant to fetch items and books during their planning.
[12] Sarah: Yeah.
[13] Sarah: And uh I wanna say something about tomorrow's reading party.
[13] Sarah: Hmm.
[13] Sarah: Actually I haven't decided which book should I choose because I'm so busy these days I haven't time to reading.
[14] Lucky: Yeah I know a lot of people right.
[14] Sarah: So can you help me to choose some books?
[14] Lucky: Okay so...
[14] Lucky: Hey robot.
[14] Lucky: Thank you robot.
[15] Lucky: Oh do you like this book?
[15] Sarah: This book?
[15] Lucky: Yeah.
[15] Sarah: How to read this?
[15] Lucky: The Belgium profile?
[15] Sarah: I haven't read it before.
[15] Lucky: Yeah but tomorrow I will share with us.
[15] Sarah: Okay.
[15] Lucky: Yeah, just looking forward to it.
[15] Sarah: And about me,
[15] Sarah: Have you got some books to choose for me?
[15] Lucky: To share?
[16] Sarah: Share yeah.
[16] Lucky: Let me have a check, what about this one?
[16] Sarah: Oh...
[16] Sarah: I have read it for thousand times, I love it.
[16] Sarah: You know the writer is Hugo?
[16] Lucky: Yeah Hugo.
[16] Lucky: I think I remember that you read it before.
[16] Sarah: Yeah I read it before several times.
[16] Sarah: I told you that yeah.
[16] Sarah: I'm biggest fan of Hugo.
[16] Lucky: Oh I forgot you're the biggest fan of Hugo.
[17] Sarah: Have a look but I don't think I want to share this book because I want to try something new like other writers.
[17] Sarah: Hmm yeah such as Shakespeare.
[17] Lucky: Shakespeare? Hamlet!
[17] Sarah: Hamlet yeah, you know him.
[18] Lucky: Ask the robot.
[18] Sarah: Okay, hey robot.
[18] Sarah: Give me a book.
[19] Sarah: Thank you.
[19] Lucky: Which one?
[19] Lucky: The old man and the sea.
[19] Sarah: It's so famous.
[19] Sarah: Have you ever read it?
[19] Lucky: Yes.
[20] Lucky: And the character in it, the old man is very daring.

Conversation 3: Lucky and Sarah reminisce about meeting at a reading party years ago and reaffirm their long-standing friendship. They discuss books they love, including The Old Man and the Sea and A Midsummer Night's Dream, exchange and upgrade a bookmark, and coordinate outfits, deciding on a yellow cap to match. They plan to go shopping together for caps and summer T-shirts, organize their closet space, and continue reading afterward.
[28] Sarah: Okay.
[28] Sarah: And I want to share with you the book The Old Man and the Sea.
[28] Sarah: I read it many times.
[28] Lucky: Yeah.
[28] Sarah: Actually so I want to share with you The Old Man and the Sea tells the story of an old fisherman.
[32] Lucky: I know the writer is Shakespeare.
[32] Sarah: But I don't know the title of the book.
[32] Lucky: My favorite writer.
[32] Lucky: A mid summer night dream.
[32] Sarah: Oh it's a mid summer night dream.
[32] Lucky: You forgot it?
[32] Sarah: I know the name of the writer is... Okay.
[32] Lucky: That's okay, and it's my first time sharing my favorite book in front of so many people.
[33] Sarah: Are you so...
[37] Sarah: So cute so beautiful.
[37] Lucky: Yeah do you know where...
[37] Sarah: Oh where did you reading?
[37] Lucky: Yeah let me have a check, one hundred and thirty two.
[37] Sarah: Yeah okay.
[40] robot: Okay.
[41] Lucky: Wow do you like this shirt?
[41] Sarah: Yeah I like it.
[41] Lucky: I think it matches with your clothes style.
[41] Lucky: Is it suitable?
[41] Lucky: Okay, oh hey, what color.
[42] Sarah: I love this combination the yellow shirt with the black white pants.
[42] Sarah: So cool.
[42] Lucky: Really?
[42] Sarah: So cool. I love them.
[42] Lucky: But I think I need to buy a cap.
[42] Sarah: Cap?
[47] Sarah: Oh wow.
[47] Lucky: Let me continue with my books.
[47] Sarah: I'll continue reading.
[48] Lucky: So... Hey robot empty it and put it away.
[48] Sarah: You want to choose some clothes?

Conversation 1: Sarah and Lucky coordinated an outfit, settling on a pink jacket with blue jeans and adding a necklace for more style while deciding against a black cap. They used a robot to fetch and put back items, and Sarah planned to iron and wear the outfit tomorrow. Lucky mentioned preparing to share a book with others the next day, which Sarah looked forward to.
[3] Sarah: Hey robot.
[3] Sarah: Give me the pink jacket.
[4] Sarah: Thank you.
[4] Sarah: Okay well, I will try it on.
[4] Lucky: Okay.
[7] Sarah: Let me have a try, is it good?
[7] Lucky: Yeah it's so good.
[7] Sarah: You love it?
[7] Lucky: I love it.
[7] Lucky: I love it, too.
[8] Sarah: Hey robot put the black hat back.
[8] Sarah: Hey baby, what are you doing?
[8] Sarah: Reading books?
[8] Lucky: Oh yeah.
[8] Lucky: But I don't like this one.

Conversation 4: Sarah and Lucky prepared for a presentation and a party the next day, organizing books, outfits, and key quotes, notably 'A man can be destroyed but never defeated.' They coordinated tasks with help from a robot, discussed dancing and music, and adjusted the environment for comfort. They affirmed their close friendship and planned to refine the presentation content together.
[53] Lucky: I cannot wait to share with you tomorrow.
[54] Sarah: Don't forget it, get it ready.
[54] Sarah: Will you share...
[54] Sarah: And I also want to share with you some, also the old man to see. I want to see more you know.
[54] Lucky: Yeah so we can prepare it.
[54] Lucky: And well just like last time.
[55] Lucky: Last party?
[55] Sarah: Hmm.
[55] Sarah: You know that in this book.
[55] Sarah: There is a very famous quotation that a man can be destroyed but never can be defeat.
[55] Lucky: This sentence.
[59] Lucky: I love it, new bookmark.
[59] Lucky: This flower.
[59] Sarah: So cute.
[59] Lucky: Wow.
[60] Sarah: Okay I'm really looking forward to tomorrow's party.
[62] Sarah: That's okay.
[62] Lucky: Okay so let's continue our presentation over there.
[63] Sarah: Which is my book?
[63] Lucky: Over there.
[63] Sarah: This is so cool.

[Step 2] Evaluating semantic answer...
Action: [Answer]
Content: Sarah likes Victor Hugo.
FINAL ANSWER (from graph):
Sarah likes Victor Hugo.
Question: Where should the cap be placed?

[Step 1] Searching the graph...
Parse Query Output:
{
  "query_triple": [null, "placement location", "cap", 0.1, 0.25, 0.6],
  "spatial_constraint": null,
  "speaker_strict": null,
  "allocation": {
    "k_high_level": 3,
    "k_low_level": 37,
    "k_conversations": 10,
    "total_k": 50,
    "reasoning": "Vague spatial/action query about where an object should go. Prioritize low-level edges to find states like 'cap is on/placed at' or directives about placement; include some conversations for instructions; minimal high-level since no character traits/relationships are implicated."
  }
}

Graph Search Results:
**High-Level Information (Character Attributes and Relationships): **

Character Attributes:
- character_1 is: female (100)
- robot is: black gloves (100), camera holder (100)

**Low-Level Information (Actions and Events): **

[1] character_2 faces wardrobe. (bedroom)
[5] Sarah faces Lucky. (bedroom)
[8] Sarah faces Lucky. (bedroom)
[9] Sarah faces Lucky. (bedroom)
[10] Sarah faces Lucky. (bedroom)
[16] Sarah faces Lucky. (bedroom)
[17] Lucky faces Sarah. (bedroom)
[21] Sarah faces camera. (bedroom)
[29] Sarah faces Lucky. (bedroom)
[30] Sarah faces Lucky. (bedroom)
[32] Lucky faces Sarah. (bedroom)
[32] Sarah faces Lucky. (bedroom)
[33] Lucky faces Sarah. (bedroom)
[34] Lucky faces Sarah. (bedroom)
[34] Sarah faces Lucky. (bedroom)
[35] Lucky faces Sarah. (bedroom)
[35] Sarah faces Lucky. (bedroom)
[37] Sarah handles item. (bedroom)
[39] Sarah faces Lucky. (bedroom)
[41] Lucky faces window. (bedroom)
[42] Lucky faces Sarah. (bedroom)
[43] Lucky faces Sarah. (bedroom)
[44] Sarah faces Lucky. (bedroom)
[47] Lucky faces Sarah. (bedroom)
[55] Sarah faces Lucky. (bedroom)
[56] Sarah faces Lucky. (bedroom)
[56] Lucky faces Sarah. (bedroom)
[57] Sarah faces Lucky. (bedroom)
[58] Lucky faces Sarah. (bedroom)
[59] Sarah faces Lucky. (bedroom)
[59] small device faces robot. (bedroom)
[60] Sarah faces Lucky. (bedroom)
[60] Lucky faces Sarah. (bedroom)
[61] Sarah faces Lucky. (bedroom)
[61] Lucky faces wardrobe. (bedroom)
[62] Sarah faces Lucky. (bedroom)
[64] Lucky faces Sarah. (bedroom)

**Conversations: **

Conversation 3: Lucky and Sarah reminisce about meeting at a reading party years ago and reaffirm their long-standing friendship. They discuss books they love, including The Old Man and the Sea and A Midsummer Night's Dream, exchange and upgrade a bookmark, and coordinate outfits, deciding on a yellow cap to match. They plan to go shopping together for caps and summer T-shirts, organize their closet space, and continue reading afterward.
[42] Lucky: Really?
[42] Sarah: So cool. I love them.
[42] Lucky: But I think I need to buy a cap.
[42] Sarah: Cap?
[42] Lucky: And then we can match each other best.
[42] Sarah: You don't have a cap already?
[42] Sarah: So what kind of cap?
[42] Lucky: Color?
[42] Sarah: Color. Yeah, what color are you...
[43] Sarah: That's it, that's really good.
[43] Sarah: And we can buy them together.
[43] Lucky: A yellow cap?
[43] Sarah: Let me imagine that yellow cap on our hand.
[43] Sarah: Oh it's so cute, it's so cute.
[44] Lucky: All of these are fit.
[44] Sarah: Yeah so cute.
[44] Lucky: Yellow cap.
[44] Lucky: So we can buy some more caps.
[44] Lucky: Maybe next week next month.

Conversation 4: Sarah and Lucky prepared for a presentation and a party the next day, organizing books, outfits, and key quotes, notably 'A man can be destroyed but never defeated.' They coordinated tasks with help from a robot, discussed dancing and music, and adjusted the environment for comfort. They affirmed their close friendship and planned to refine the presentation content together.
[61] Lucky: One more time.
[61] Sarah: What's this?
[61] Lucky: What about this black cap?
[61] Sarah: No I think this is okay.
[62] Sarah: And with my necklace.

Conversation 1: Sarah and Lucky coordinated an outfit, settling on a pink jacket with blue jeans and adding a necklace for more style while deciding against a black cap. They used a robot to fetch and put back items, and Sarah planned to iron and wear the outfit tomorrow. Lucky mentioned preparing to share a book with others the next day, which Sarah looked forward to.
[4] Lucky: Yeah but I think if you can add more accessories, it will definitely be more stylish.
[5] Sarah: Accessory.
[5] Sarah: Oh here is a black cap.
[5] Lucky: Wow black cap.
[5] Sarah: Do you think this is...
[7] Sarah: Okay that's great.
[7] Sarah: So tomorrow I will wear this necklace.
[7] Sarah: And without this cap okay?
[7] Lucky: Black cap.
[7] Lucky: I don't wear this.
[8] Lucky: Why?

[Step 2] Evaluating semantic answer...
Action: [Answer]
Content: Put the cap back in the wardrobe.
FINAL ANSWER (from graph):
Put the cap back in the wardrobe.
Question: Where is the book Lucky read just now?

[Step 1] Searching the graph...
Parse Query Output:
{
  "query_triple": ["book#Lucky_read_just_now", "is at", "?", 0.9, 0.5, 0.15],
  "spatial_constraint": null,
  "speaker_strict": null,
  "allocation": {
    "k_high_level": 3,
    "k_low_level": 40,
    "k_conversations": 7,
    "total_k": 50,
    "reasoning": "Spatial query about an object tied to a recent action; prioritize low-level edges to track object location and recent interactions, minimal high-level and some conversations for temporal clues."
  }
}

Graph Search Results:
**High-Level Information (Character Attributes and Relationships): **

Character Attributes:
- Lucky is: wears glasses (100), female (100)

Character Relationships:
- Lucky best friends with Sarah (95)

**Low-Level Information (Actions and Events): **

[2] Lucky points at white coat. (bedroom)
[2] Sarah's clothe is near Lucky. (bedroom)
[5] black cap is to Lucky. (bedroom)
[7] Lucky sits bed. (bedroom)
[7] black cap is with Lucky. (bedroom)
[7] paper is on <Lucky>'s lap. (bedroom)
[7] box is on <Lucky>'s lap. (bedroom)
[7] Lucky sits. (bedroom)
[10] book is in front of Lucky. (bedroom)
[10] item is in front of Lucky. (bedroom)
[13] iron power cord is in <Lucky>'s hand. (bedroom)
[14] spine of book is at bedside. (bedroom)
[15] Sarah examines book in Lucky's hand. (bedroom)
[16] book are around Lucky. (bedroom)
[18] Lucky looks at Lucky's book. (bedroom)
[19] open notebook is near Lucky. (bedroom)
[19] Lucky points at book. (bedroom)
[20] Lucky is on bed. (bedroom)
[35] Lucky points at bookmark. (bedroom)
[36] book is on <Lucky>'s lap. (bedroom)
[36] Lucky sits bed. (bedroom)
[36] small object is into <Lucky>'s hand. (bedroom)
[37] Lucky sits on bed. (bedroom)
[37] book is on <Lucky>'s lap. (bedroom)
[37] Lucky points at book. (bedroom)
[38] booklet is on <Lucky>'s lap. (bedroom)
[42] yellow hoodie is in front of Lucky. (bedroom)
[44] Lucky stands near desk. (bedroom)
[47] Lucky stands near wardrobe. (bedroom)
[47] Lucky sits on bed. (bedroom)
[47] book is in front of Lucky. (bedroom)
[53] Lucky points at tablet. (bedroom)
[57] Lucky is near open tablet. (bedroom)
[57] Lucky is near magazine. (bedroom)
[59] book is from Lucky. (bedroom)
[60] Lucky is near headboard. (bedroom)
[60] cloth are for Lucky. (bedroom)
[61] Lucky stands at wardrobe. (bedroom)
[62] Lucky stands near wardrobe. (bedroom)
[64] Lucky is near headboard. (bedroom)

**Conversations: **

Conversation 3: Lucky and Sarah reminisce about meeting at a reading party years ago and reaffirm their long-standing friendship. They discuss books they love, including The Old Man and the Sea and A Midsummer Night's Dream, exchange and upgrade a bookmark, and coordinate outfits, deciding on a yellow cap to match. They plan to go shopping together for caps and summer T-shirts, organize their closet space, and continue reading afterward.
[34] Sarah: Yeah twelve years.
[35] Sarah: It's a long time, such a long time.
[35] Lucky: Yeah and I still remember that book.
[35] Lucky: Oh look at this.
[35] Lucky: This is a... Do you remember it?
[36] Sarah: Wait a minute.
[36] Sarah: I'll give you something new.
[36] Lucky: So do you want to know where I have read it?
[36] Sarah: Look at this, surprise!
[36] Sarah: It's a new bookmark. I want to give it to you.

Conversation 4: Sarah and Lucky prepared for a presentation and a party the next day, organizing books, outfits, and key quotes, notably 'A man can be destroyed but never defeated.' They coordinated tasks with help from a robot, discussed dancing and music, and adjusted the environment for comfort. They affirmed their close friendship and planned to refine the presentation content together.
[56] Sarah: A man can be destroyed but never can be defeated.
[56] Lucky: Never be defeated.
[56] Lucky: Yeah, so what about this book?
[56] Lucky: Let me have a check.
[56] Sarah: Listen.

Conversation 2: Lucky and Sarah discuss books for an upcoming reading party. Sarah wants to try a new author beyond her favorite, Victor Hugo, and considers Shakespeare and The Old Man and the Sea. Lucky plans to share a book he’s reading and encourages Sarah’s choice. They use a robot assistant to fetch items and books during their planning.
[14] Lucky: Okay so...
[14] Lucky: Hey robot.
[14] Lucky: Please bring me the book I was just reading.
[14] robot: Okay.
[14] Lucky: Thank you.
[14] Lucky: Thank you robot.
[15] Lucky: Oh do you like this book?
[15] Sarah: This book?
[15] Lucky: Yeah.
[18] Lucky: I'll just continue.
[18] Sarah: I think we should try a new book.
[18] Lucky: Try a new book? Which one?
[18] Sarah: I don't know.
[18] Lucky: Ask the robot.

Conversation 1: Sarah and Lucky coordinated an outfit, settling on a pink jacket with blue jeans and adding a necklace for more style while deciding against a black cap. They used a robot to fetch and put back items, and Sarah planned to iron and wear the outfit tomorrow. Lucky mentioned preparing to share a book with others the next day, which Sarah looked forward to.
[9] Lucky: Do you like it?
[10] Sarah: Yeah but I haven't read it before.
[10] Lucky: Never read it before? Never?
[10] Sarah: Yeah.
[10] Sarah: I'm looking forward to hearing what you are talking about tomorrow.

[Step 2] Evaluating semantic answer...
Action: [Answer]
Content: On Lucky’s lap in the bedroom.
FINAL ANSWER (from graph):
On Lucky’s lap in the bedroom.
Question: Which clothes should Sarah wear tomorrow?

[Step 1] Searching the graph...
Parse Query Output:
{
  "query_triple": ["<Sarah>", "should wear", "clothes", 0.95, 0.3, 0.6],
  "spatial_constraint": null,
  "speaker_strict": null,
  "allocation": {
    "k_high_level": 6,
    "k_low_level": 12,
    "k_conversations": 32,
    "total_k": 50,
    "reasoning": "This is a recommendation/intent query likely informed by dialogue (plans, preferences, weather mentions). Use some high-level for preferences/traits, prioritize conversations for stated plans or guidance, and some low-level for past clothing actions."
  }
}

Graph Search Results:
**High-Level Information (Character Attributes and Relationships): **

Character Attributes:
- Sarah is: black pants (100)

Character Relationships:
- Lucky best friends with Sarah (95)
- Sarah collaborates with Lucky (90)
- Lucky advises on style for Sarah (80)
- Sarah directs robot (80)
- Lucky collaborates with Sarah (85)

**Low-Level Information (Actions and Events): **

[3] Sarah holds clothing. (bedroom)
[4] Sarah holds pile of clothes. (bedroom)
[4] Sarah will try on jacket. (bedroom)
[5] Sarah walks to wardrobe. (bedroom)
[14] Sarah holds clothes iron. (bedroom)
[39] Sarah watches closet. (bedroom)
[44] Sarah steps toward wardrobe. (bedroom)
[47] Sarah stands by wardrobe. (bedroom)
[48] Sarah watches clothes handling. (bedroom)
[53] Sarah walks toward wardrobe. (bedroom)
[53] Sarah closes wardrobe. (bedroom)
[60] Sarah looks at cloth. (bedroom)

**Conversations: **

Conversation 4: Sarah and Lucky prepared for a presentation and a party the next day, organizing books, outfits, and key quotes, notably 'A man can be destroyed but never defeated.' They coordinated tasks with help from a robot, discussed dancing and music, and adjusted the environment for comfort. They affirmed their close friendship and planned to refine the presentation content together.
[59] Sarah: Thank you.
[59] Lucky: Thank you robot.
[59] Sarah: Okay let's continue to prepare for tomorrow.
[59] Lucky: Yeah alright Sarah let's continue preparing for tomorrow's presentation okay?
[59] Lucky: Look at this.
[59] Lucky: I love it, new bookmark.
[59] Sarah: So cute.
[59] Lucky: Wow.
[60] Sarah: Okay I'm really looking forward to tomorrow's party.
[60] Sarah: Tomorrow's party okay, let us check the clothes together.
[60] Sarah: I'm lying here and you open the wardrobe.
[60] Lucky: This one?
[60] Lucky: And this one.
[60] Sarah: It's for you too.
[61] Sarah: How about mine? the pink jacket.
[61] Sarah: The pink jacket and the jeans.
[61] Lucky: You can try it now.
[61] Sarah: Okay try it again.

Conversation 1: Sarah and Lucky coordinated an outfit, settling on a pink jacket with blue jeans and adding a necklace for more style while deciding against a black cap. They used a robot to fetch and put back items, and Sarah planned to iron and wear the outfit tomorrow. Lucky mentioned preparing to share a book with others the next day, which Sarah looked forward to.
[1] Sarah: I'll choose some clothes.
[2] Sarah: Do you like these coats?
[2] Lucky: Oh white one.
[2] Sarah: And this beautiful one.
[2] Sarah: And look at this trousers.
[2] Sarah: Jean trousers.
[2] Sarah: Look, are these two clothes are suitable together?
[2] Lucky: Maybe I think this sweater, I don't like it.
[2] Sarah: Yeah yeah...
[2] Lucky: Yeah.
[2] Lucky: I think pink jacket and blue jeans are better ones.
[3] Sarah: Pink and blue.
[3] Sarah: Sounds great you have a good appetite.
[3] Sarah: Hey robot.
[3] Sarah: Give me the pink jacket.
[4] Sarah: Thank you.
[4] Sarah: Okay well, I will try it on.
[6] Lucky: Bling bling right?
[6] Sarah: Bling bling yeah.
[6] Sarah: Can you help me to wear it on?
[6] Lucky: Sure, sit here.
[7] Lucky: Okay fine.
[7] Lucky: I love it, too.
[7] Sarah: Okay that's great.
[7] Sarah: So tomorrow I will wear this necklace.
[7] Sarah: And without this cap okay?
[7] Lucky: Black cap.
[9] Lucky: This one is better.
[9] Lucky: And I have just finished reading it and I want to share it with all the people tomorrow.
[9] Sarah: Tomorrow, yeah.
[9] Sarah: Okay that's all.
[9] Lucky: First sharing.
[10] Lucky: Never read it before? Never?
[10] Sarah: Yeah.
[10] Sarah: I'm looking forward to hearing what you are talking about tomorrow.
[10] Lucky: Okay just look forward to it.
[10] Sarah: Okay I want to iron the clothes firstly.
[10] Lucky: Iron them.
[10] Sarah: Hey robot put this clothes on dressing table.

Conversation 3: Lucky and Sarah reminisce about meeting at a reading party years ago and reaffirm their long-standing friendship. They discuss books they love, including The Old Man and the Sea and A Midsummer Night's Dream, exchange and upgrade a bookmark, and coordinate outfits, deciding on a yellow cap to match. They plan to go shopping together for caps and summer T-shirts, organize their closet space, and continue reading afterward.
[38] Lucky: Oh thank you.
[38] Sarah: OK.
[38] Sarah: Oh Lucky, you didn't prepare your clothes for tomorrow.
[38] Lucky: Yeah, but I can wear anything, I want to wear something that matches you better.
[39] Lucky: Yeah but but I can wear anything, I want to wear something that matches you better.
[39] Lucky: That is the most important.
[39] Sarah: To choose it from the closet now.
[39] Lucky: Okay.
[39] Sarah: And I can have a look.
[41] Lucky: I think it matches with your clothes style.
[41] Lucky: Is it suitable?
[41] Sarah: It's suitable.
[41] Lucky: Okay, oh hey, what color.
[42] Sarah: I love this combination the yellow shirt with the black white pants.
[42] Sarah: So cool.
[42] Lucky: Really?
[42] Lucky: And then we can match each other best.
[42] Sarah: You don't have a cap already?
[42] Sarah: So what kind of cap?
[42] Lucky: Color?
[42] Sarah: Color. Yeah, what color are you...
[44] Sarah: And I remember that there is a shelf in our room.
[44] Lucky: Shelf?
[44] Sarah: We can put our hats and our clothes on it.
[44] Lucky: Many caps.
[44] Lucky: Okay, so let's start it.
[44] Sarah: So could you please tell me...?
[46] Sarah: The green the black, I don't have clothes to wear, I don't have clothes to wear!
[46] Lucky: Don't buy more clothes.
[46] Sarah: I know that there is a quotation right.
[46] Sarah: It is saying that every woman always lack of one clothing or last clothing in your closet.
[46] Lucky: Yeah, so someone buy more clothes right?
[46] Lucky: Maybe next week or next month we can buy another.
[46] Sarah: We can buy some T-shirts in summer.
[47] Sarah: Okay can you accompany with me to buy some new clothes?
[47] Sarah: We'll go shopping together?
[47] Lucky: Sure my pleasure.
[47] Sarah: Oh wow.
[47] Sarah: I'll continue reading.
[48] Lucky: So... Hey robot empty it and put it away.
[48] Sarah: You want to choose some clothes?
[48] Lucky: It's so heavy.
[48] Sarah: It's...

Conversation 2: Lucky and Sarah discuss books for an upcoming reading party. Sarah wants to try a new author beyond her favorite, Victor Hugo, and considers Shakespeare and The Old Man and the Sea. Lucky plans to share a book he’s reading and encourages Sarah’s choice. They use a robot assistant to fetch items and books during their planning.
[15] Lucky: Yeah but tomorrow I will share with us.
[15] Sarah: Okay.
[15] Sarah: So I'm looking forward to hearing your saying tomorrow.
[15] Lucky: Yeah, just looking forward to it.
[15] Sarah: And about me,
[21] Sarah: I'll put it back firstly.
[21] Sarah: Hey robot.
[21] Sarah: I really like the clothes and put them into the closet.

[Step 2] Evaluating semantic answer...
Action: [Answer]
Content: The pink jacket with blue jeans.
FINAL ANSWER (from graph):
The pink jacket with blue jeans.
Question: What clothes did Lucky decide to wear for tomorrow?

[Step 1] Searching the graph...
Parse Query Output:
{
  "query_triple": ["<Lucky>", "decides to wear", "clothes#tomorrow", 0.95, 0.35, 0.8],
  "spatial_constraint": null,
  "speaker_strict": null,
  "allocation": {
    "k_high_level": 5,
    "k_low_level": 30,
    "k_conversations": 15,
    "total_k": 50,
    "reasoning": "Action with decision and temporal aspect (tomorrow). Use low-level edges for specific chosen clothing and decision action; some conversations to capture explicit decision statements; minimal high-level."
  }
}

Graph Search Results:
**High-Level Information (Character Attributes and Relationships): **

Character Attributes:
- Lucky is: wears glasses (100)

Character Relationships:
- Lucky best friends with Sarah (95)
- Sarah collaborates with Lucky (90)
- Sarah collaborates with on daily decisions Lucky (80)
- Lucky advises on style for Sarah (80)

**Low-Level Information (Actions and Events): **

[10] Lucky points toward clothes. (bedroom)
[12] Lucky stands by wardrobe. (bedroom)
[15] Lucky proposes sharing about book tomorrow. (bedroom)
[39] Lucky flips through clothing piece. (bedroom)
[39] Lucky moves toward closet. (bedroom)
[39] Lucky displays against torso black garment. (bedroom)
[39] Lucky turns back to closet. (bedroom)
[40] Lucky closes wardrobe door. (bedroom)
[40] Lucky takes from wardrobe area. (bedroom)
[41] Lucky picks up yellow sweater. (bedroom)
[43] Lucky adjusts yellow hoodie. (bedroom)
[43] Lucky compares with outfit yellow hoodie. (bedroom)
[44] Lucky organizes cloth. (bedroom)
[46] Lucky walks toward open wardrobe. (bedroom)
[46] Lucky looks at clothes. (bedroom)
[47] Lucky stands near wardrobe. (bedroom)
[48] Lucky examines yellow hoodie. (bedroom)
[49] Lucky agrees wardrobe cannot open. (bedroom windowsill workspace)
[51] Lucky picks up from yellow sweater. (bedroom)
[51] Lucky walks toward wardrobe. (bedroom)
[60] Lucky walks to wardrobe. (bedroom)
[60] Lucky slides door open wardrobe. (bedroom)
[60] Lucky picks up black garment. (bedroom)
[60] cloth are for Lucky. (bedroom)
[60] Lucky holds selected cloth. (bedroom)
[61] Lucky stands at wardrobe. (bedroom)
[61] Lucky closes wardrobe door. (bedroom)
[61] Lucky faces wardrobe. (bedroom)
[62] Lucky stands near wardrobe. (bedroom)
[62] Lucky talks about matching clothes. (bedroom)

**Conversations: **

Conversation 3: Lucky and Sarah reminisce about meeting at a reading party years ago and reaffirm their long-standing friendship. They discuss books they love, including The Old Man and the Sea and A Midsummer Night's Dream, exchange and upgrade a bookmark, and coordinate outfits, deciding on a yellow cap to match. They plan to go shopping together for caps and summer T-shirts, organize their closet space, and continue reading afterward.
[38] Lucky: Oh thank you.
[38] Sarah: OK.
[38] Sarah: Oh Lucky, you didn't prepare your clothes for tomorrow.
[38] Lucky: Yeah, but I can wear anything, I want to wear something that matches you better.
[39] Lucky: Yeah but but I can wear anything, I want to wear something that matches you better.
[39] Lucky: That is the most important.
[39] Sarah: To choose it from the closet now.
[40] Lucky: What about this black color?
[40] Lucky: You like it?
[40] Lucky: Hey robot choose a top for me please.
[40] robot: Okay.
[41] Lucky: Wow do you like this shirt?
[41] Sarah: Yeah I like it.
[41] Lucky: I think it matches with your clothes style.
[41] Lucky: Is it suitable?
[41] Sarah: It's suitable.
[41] Lucky: Okay, oh hey, what color.
[42] Sarah: You don't have a cap already?
[42] Sarah: So what kind of cap?
[42] Lucky: Color?
[42] Sarah: Color. Yeah, what color are you...
[43] Lucky: No black cap. I didn't like black cap.
[43] Sarah: Yeah it's super for you.
[43] Lucky: It's bright color.
[43] Lucky: And it's super for this outfit.
[43] Sarah: That's it, that's really good.
[43] Sarah: And we can buy them together.
[44] Sarah: So could you please tell me...?
[46] Sarah: The green the black, I don't have clothes to wear, I don't have clothes to wear!
[46] Lucky: Don't buy more clothes.
[46] Sarah: I know that there is a quotation right.
[46] Sarah: It is saying that every woman always lack of one clothing or last clothing in your closet.
[46] Lucky: Yeah, so someone buy more clothes right?
[46] Lucky: Maybe next week or next month we can buy another.
[46] Sarah: We can buy some T-shirts in summer.

Conversation 1: Sarah and Lucky coordinated an outfit, settling on a pink jacket with blue jeans and adding a necklace for more style while deciding against a black cap. They used a robot to fetch and put back items, and Sarah planned to iron and wear the outfit tomorrow. Lucky mentioned preparing to share a book with others the next day, which Sarah looked forward to.
[2] Lucky: Maybe I think this sweater, I don't like it.
[2] Sarah: Yeah yeah...
[2] Lucky: And I think you can choose a pink jacket.
[2] Lucky: Do you like pink?
[2] Lucky: Yeah.
[2] Lucky: I think pink jacket and blue jeans are better ones.
[3] Sarah: Pink and blue.
[3] Sarah: Sounds great you have a good appetite.

Conversation 2: Lucky and Sarah discuss books for an upcoming reading party. Sarah wants to try a new author beyond her favorite, Victor Hugo, and considers Shakespeare and The Old Man and the Sea. Lucky plans to share a book he’s reading and encourages Sarah’s choice. They use a robot assistant to fetch items and books during their planning.
[15] Lucky: The Belgium profile?
[15] Sarah: I haven't read it before.
[15] Lucky: Yeah but tomorrow I will share with us.
[15] Sarah: Okay.
[15] Sarah: So I'm looking forward to hearing your saying tomorrow.

Conversation 4: Sarah and Lucky prepared for a presentation and a party the next day, organizing books, outfits, and key quotes, notably 'A man can be destroyed but never defeated.' They coordinated tasks with help from a robot, discussed dancing and music, and adjusted the environment for comfort. They affirmed their close friendship and planned to refine the presentation content together.
[55] Sarah: Yeah, you know this quotation?
[55] Sarah: It's very famous.
[55] Lucky: So...Hey Robot, place the books we're going to share tomorrow on the dressing table please.
[55] robot: Okay.
[55] Sarah: Wow.

[Step 2] Evaluating semantic answer...
Action: [Answer]
Content: Lucky decided to wear a pink jacket with blue jeans tomorrow.
FINAL ANSWER (from graph):
Lucky decided to wear a pink jacket with blue jeans tomorrow.
Question: Where should the clothes be placed?

[Step 1] Searching the graph...
Parse Query Output:
{
  "query_triple": [null, "place clothes", "?", 0.1, 0.25, 0.15],
  "spatial_constraint": null,
  "speaker_strict": null,
  "allocation": {
    "k_high_level": 4,
    "k_low_level": 38,
    "k_conversations": 8,
    "total_k": 50,
    "reasoning": "Spatial/action query about appropriate location for clothes; prioritize low-level edges capturing where clothes are put/placed/stored (e.g., closet, drawer, hamper). Limited need for high-level traits; some conversations may mention instructions."
  }
}

Graph Search Results:
**High-Level Information (Character Attributes and Relationships): **

Character Attributes:
- character_1 is: female (100), long straight dark hair (100), light yellow or beige sweater (100), partially visible face (100)

**Low-Level Information (Actions and Events): **

[1] character_2 walks toward wardrobe. (bedroom)
[1] character_2 faces wardrobe. (bedroom)
[1] character_2 checks inside wardrobe. (bedroom)
[1] character_2 speaks toward wardrobe. (bedroom)
[1] folded cloth is from wardrobe. (bedroom)
[1] character_2 closes wardrobe. (bedroom)
[3] Sarah holds clothing. (bedroom)
[3] robot walks to wardrobe. (bedroom)
[3] robot searches among folded clothing. (bedroom)
[3] robot closes wardrobe. (bedroom)
[4] Sarah holds pile of clothes. (bedroom)
[5] Sarah walks to wardrobe. (bedroom)
[5] black cap is in wardrobe. (bedroom)
[6] shelf is beside wardrobe. (bedroom)
[8] robot walks to wardrobe. (bedroom)
[10] Lucky points toward clothes. (bedroom)
[10] clothes are on bed. (bedroom)
[12] robot adjusts clothes. (bedroom)
[12] clothes is on windowsill. (bedroom)
[12] Lucky stands by wardrobe. (bedroom)
[26] robot sets on folded clothing. (bedroom)
[26] folded clothing is on bed. (bedroom)
[27] robot points camera at wardrobe. (bedroom)
[39] Lucky flips through clothing piece. (bedroom)
[44] Lucky organizes cloth. (bedroom)
[44] Sarah steps toward wardrobe. (bedroom)
[46] Lucky walks toward open wardrobe. (bedroom)
[46] Sarah points at clothing hanging inside wardrobe. (bedroom)
[46] Lucky looks at clothes. (bedroom)
[46] Sarah sorts through item in wardrobe. (bedroom)
[47] Sarah stands by wardrobe. (bedroom)
[47] Lucky stands near wardrobe. (bedroom)
[48] Sarah watches clothes handling. (bedroom)
[51] Lucky walks toward wardrobe. (bedroom)
[60] Sarah looks at cloth. (bedroom)
[60] cloth are for Lucky. (bedroom)
[60] Lucky holds selected cloth. (bedroom)
[62] Lucky talks about matching clothes. (bedroom)

**Conversations: **

Conversation 2: Lucky and Sarah discuss books for an upcoming reading party. Sarah wants to try a new author beyond her favorite, Victor Hugo, and considers Shakespeare and The Old Man and the Sea. Lucky plans to share a book he’s reading and encourages Sarah’s choice. They use a robot assistant to fetch items and books during their planning.
[21] Sarah: I'll put it back firstly.
[21] Sarah: Hey robot.
[21] Sarah: I really like the clothes and put them into the closet.

Conversation 3: Lucky and Sarah reminisce about meeting at a reading party years ago and reaffirm their long-standing friendship. They discuss books they love, including The Old Man and the Sea and A Midsummer Night's Dream, exchange and upgrade a bookmark, and coordinate outfits, deciding on a yellow cap to match. They plan to go shopping together for caps and summer T-shirts, organize their closet space, and continue reading afterward.
[39] Lucky: Yeah but but I can wear anything, I want to wear something that matches you better.
[39] Lucky: That is the most important.
[39] Sarah: To choose it from the closet now.
[39] Lucky: Okay.
[39] Sarah: And I can have a look.
[44] Sarah: And I remember that there is a shelf in our room.
[44] Lucky: Shelf?
[44] Sarah: We can put our hats and our clothes on it.
[44] Lucky: Many caps.
[44] Lucky: Okay, so let's start it.
[47] Sarah: I'll continue reading.
[48] Lucky: So... Hey robot empty it and put it away.
[48] Sarah: You want to choose some clothes?
[48] Lucky: It's so heavy.
[48] Sarah: It's...
[48] Lucky: So we can choose another place.
[48] Sarah: Okay if we put it here, the wardrobe can't open.
[49] Lucky: Yeah I cannot open.
[49] Sarah: I will move it that all of you...

Conversation 1: Sarah and Lucky coordinated an outfit, settling on a pink jacket with blue jeans and adding a necklace for more style while deciding against a black cap. They used a robot to fetch and put back items, and Sarah planned to iron and wear the outfit tomorrow. Lucky mentioned preparing to share a book with others the next day, which Sarah looked forward to.
[1] Sarah: I'll choose some clothes.
[2] Sarah: Do you like these coats?
[2] Lucky: Oh white one.
[10] Sarah: I'm looking forward to hearing what you are talking about tomorrow.
[10] Lucky: Okay just look forward to it.
[10] Sarah: Okay I want to iron the clothes firstly.
[10] Lucky: Iron them.
[10] Sarah: Hey robot put this clothes on dressing table.

[Step 2] Evaluating semantic answer...
Action: [Answer]
Content: On the shelf in their room to put hats and clothes.
FINAL ANSWER (from graph):
On the shelf in their room to put hats and clothes.
Question: How did Sarch and Lucky meet?

[Step 1] Searching the graph...
Parse Query Output:
{
  "query_triple": ["<Sarch>", "meets", "<Lucky>", 0.95, 0.3, 0.95],
  "spatial_constraint": null,
  "speaker_strict": ["<Sarch>", "<Lucky>"],
  "allocation": {
    "k_high_level": 8,
    "k_low_level": 12,
    "k_conversations": 30,
    "total_k": 50,
    "reasoning": "Origin/meeting query often referenced in dialogue; use high-level for relationship context, some low-level for specific meeting actions or scenes, and prioritize conversations for narrative details on how they met."
  }
}

Graph Search Results:
**High-Level Information (Character Attributes and Relationships): **

Character Attributes:
- Lucky is: wears glasses (100), female (100), blue jeans (100), seated on bed (100), slim build (100), long straight dark hair (100)

Character Relationships:
- Lucky best friends with Sarah (95)
- Sarah collaborates with Lucky (90)

**Low-Level Information (Actions and Events): **

[2] Lucky looks at option. (bedroom)
[2] Sarah's clothe is near Lucky. (bedroom)
[7] Lucky looks at <Sarah>'s neck. (bedroom)
[10] Lucky looks at book. (bedroom)
[16] Lucky looks at book. (bedroom)
[19] Lucky looks at book. (bedroom)
[42] Lucky reaches to desk. (bedroom)
[47] Lucky arranges book. (bedroom)
[60] Lucky searches shelf. (bedroom)
[61] Lucky searches shelf. (bedroom)
[62] Lucky looks for Sarah's necklace. (bedroom)
[63] Lucky looks at book. (bedroom)


[Step 2] Evaluating semantic answer...
Action: [Search]
Content: [2, 7, 60, 61, 62]
Summary: The graph shows Lucky and Sarah as best friends who collaborate, with various actions in a bedroom including Lucky looking at Sarah’s neck and searching for Sarah’s necklace, but it provides no information on how they originally met.

[Step 3] Watching video clips: [2, 7, 60, 61, 62]

   Processing clip 2 (1/5)...
Question: What's the common interest of Lucky and Sarah？

[Step 1] Searching the graph...
Parse Query Output:
{
  "query_triple": ["<Lucky>", "common interest", "<Sarah>", 0.95, 0.25, 0.95],
  "spatial_constraint": null,
  "speaker_strict": ["<Lucky>", "<Sarah>"],
  "allocation": {
    "k_high_level": 8,
    "k_low_level": 7,
    "k_conversations": 35,
    "total_k": 50,
    "reasoning": "Common interest is a relationship/trait inferred from dialogue or profiles. Use some high-level edges for interests/traits and prioritize conversations where they mention hobbies/interests together."
  }
}

Graph Search Results:
**High-Level Information (Character Attributes and Relationships): **

Character Relationships:
- Lucky best friends with Sarah (95)
- Sarah collaborates with Lucky (90)
- Lucky collaborates with Sarah (85)
- Sarah best friends with Lucky (85)
- Lucky trusts Sarah (80)
- Lucky is best friends with Sarah (95)
- Lucky friends with Sarah (80)
- Lucky respects Sarah (80)

**Low-Level Information (Actions and Events): **

[2] Sarah holds up together for Lucky. (bedroom)
[19] Sarah talks Lucky. (bedroom)
[46] Sarah agrees with Lucky. (bedroom)
[57] Lucky hold hand Sarah. (bedroom)
[57] Sarah hold hand Lucky. (bedroom)
[59] Lucky agrees with Sarah. (bedroom)
[61] Sarah encourages Lucky. (bedroom)

**Conversations: **

Conversation 4: Sarah and Lucky prepared for a presentation and a party the next day, organizing books, outfits, and key quotes, notably 'A man can be destroyed but never defeated.' They coordinated tasks with help from a robot, discussed dancing and music, and adjusted the environment for comfort. They affirmed their close friendship and planned to refine the presentation content together.
[56] Sarah: A man can be destroyed but never can be defeated.
[56] Lucky: Never be defeated.
[56] Lucky: Yeah, so what about this book?
[56] Lucky: Let me have a check.
[56] Sarah: Listen.
[56] Lucky: Oh.
[56] Lucky: Music right?
[56] Sarah: Music, have you heard it.
[57] Lucky: Yeah I hear it.
[57] Sarah: Sounds so pleasant.
[57] Sarah: Hey Lucky, wanna dance with me?
[57] Lucky: Yeah dance.
[57] Sarah: We can dance together.
[57] Sarah: Yeah have you ever danced before?
[57] Lucky: Yeah it has been so long time we never dance together.
[57] Lucky: Yeah.
[57] Lucky: But I think it is a little bit warm or hot.
[57] Lucky: That's hot.
[58] Sarah: I think we should spend more time together.
[58] Lucky: A little hot.
[58] Lucky: Why a little hot?
[58] Sarah: Because our air conditioning is open.
[58] Lucky: Yeah so...
[58] Sarah: Hey robot close the air conditioning.
[58] Sarah: It's here.
[59] Lucky: Okay.
[59] Sarah: Thank you.
[59] Lucky: Thank you robot.
[59] Sarah: Okay let's continue to prepare for tomorrow.
[59] Lucky: Yeah alright Sarah let's continue preparing for tomorrow's presentation okay?
[59] Lucky: Look at this.
[59] Lucky: I love it, new bookmark.
[62] Sarah: And with my necklace.
[62] Lucky: Necklace, where? Okay here.
[62] Lucky: And did you think other people will think we're the best friends with this matching clothes?
[62] Sarah: Yeah I think so.
[62] Lucky: Because we are the best friend.
[63] Lucky: Over there.
[63] Sarah: This is so cool.
[63] Lucky: About this one?
[63] Sarah: Okay wait.
[64] Lucky: You can add the sentence I think the most important a man will never be...

Conversation 1: Sarah and Lucky coordinated an outfit, settling on a pink jacket with blue jeans and adding a necklace for more style while deciding against a black cap. They used a robot to fetch and put back items, and Sarah planned to iron and wear the outfit tomorrow. Lucky mentioned preparing to share a book with others the next day, which Sarah looked forward to.
[2] Lucky: And I think you can choose a pink jacket.
[2] Lucky: Do you like pink?
[2] Lucky: Yeah.
[2] Lucky: I think pink jacket and blue jeans are better ones.
[3] Sarah: Pink and blue.
[4] Sarah: Thank you.
[4] Sarah: Okay well, I will try it on.
[4] Lucky: Okay.
[4] Sarah: Wow I like this pink jacket.
[4] Sarah: Yeah it's suitable for me right?
[6] Sarah: Hmm looks great.
[6] Sarah: But I still think that there are something lack of.
[6] Lucky: Such as?
[6] Sarah: There is a little empty in my neck.
[6] Sarah: Okay.
[7] Sarah: You love it?
[7] Lucky: I love it.
[7] Lucky: I love it, too.
[7] Sarah: Okay that's great.
[7] Sarah: So tomorrow I will wear this necklace.
[7] Lucky: Black cap.
[7] Lucky: I don't wear this.
[8] Lucky: Why?
[8] Sarah: Hey robot put the black hat back.
[8] Sarah: Hey baby, what are you doing?
[8] Sarah: Reading books?
[8] Lucky: Oh yeah.
[8] Lucky: But I don't like this one.
[9] Sarah: What's this?
[9] Sarah: Okay that's all.
[9] Lucky: First sharing.
[9] Lucky: Do you like it?
[10] Sarah: Yeah but I haven't read it before.
[10] Lucky: Never read it before? Never?

Conversation 2: Lucky and Sarah discuss books for an upcoming reading party. Sarah wants to try a new author beyond her favorite, Victor Hugo, and considers Shakespeare and The Old Man and the Sea. Lucky plans to share a book he’s reading and encourages Sarah’s choice. They use a robot assistant to fetch items and books during their planning.
[15] Lucky: Oh do you like this book?
[15] Sarah: This book?
[15] Lucky: Yeah.
[15] Sarah: How to read this?
[15] Lucky: The Belgium profile?
[15] Sarah: And about me,
[15] Sarah: Have you got some books to choose for me?
[15] Lucky: To share?
[16] Sarah: Share yeah.
[16] Lucky: Let me have a check, what about this one?
[18] Sarah: Give me a book.
[19] Sarah: Thank you.
[19] Lucky: Which one?
[19] Lucky: The old man and the sea.
[19] Sarah: It's so famous.
[19] Sarah: Have you ever read it?
[19] Lucky: Yes.
[20] Lucky: And the character in it, the old man is very daring.
[20] Sarah: Old man and a fish shark?
[20] Lucky: Yeah fish shark.
[20] Lucky: And they against each other.
[20] Lucky: Many times.
[20] Lucky: Over day and nights.
[21] Lucky: Mind your fingers don't hurt you.
[21] Lucky: Wait for me.
[21] Lucky: Okay.
[21] Sarah: I'll put it back firstly.
[21] Sarah: Hey robot.

Conversation 3: Lucky and Sarah reminisce about meeting at a reading party years ago and reaffirm their long-standing friendship. They discuss books they love, including The Old Man and the Sea and A Midsummer Night's Dream, exchange and upgrade a bookmark, and coordinate outfits, deciding on a yellow cap to match. They plan to go shopping together for caps and summer T-shirts, organize their closet space, and continue reading afterward.
[28] Lucky: Oh look at this picture.
[28] Sarah: What's this leopard or cat?
[28] Lucky: Secret.
[28] Sarah: Okay.
[28] Sarah: And I want to share with you the book The Old Man and the Sea.
[28] Sarah: I read it many times.
[28] Lucky: Yeah.
[28] Sarah: Actually so I want to share with you The Old Man and the Sea tells the story of an old fisherman.
[28] Sarah: After eighty four days of bad luck without catching any fish, he finally hook a huge marlin.
[29] Sarah: And they struggle with the Marlin for three days and nights without sleep you know.
[30] Sarah: Without sleeping, and without eating anything.
[30] Lucky: Hmm yeah and then?
[30] Sarah: And then he uses all his skills and strength to defeat...
[30] Sarah: In the end you know he returns to the shore with only a skeleton of the fish.
[30] Sarah: Yeah.
[31] Sarah: But this book has shown the old man's you know courage and perseverance and resilience in the face of nature.
[31] Lucky: Strong spirit.
[31] Lucky: Strong spirit world, yeah that's why.
[31] Sarah: That's a really cool right?
[31] Sarah: And when it comes to the reading party...
[31] Sarah: Have you remember the first time you attending a reading party?
[31] Lucky: yeah
[32] Lucky: First time we met each other, right?
[32] Sarah: Yeah yeah.
[32] Lucky: I think of course I remember it, at that time I share my favorite book.
[32] Lucky: That's right? Do you remember it?
[32] Lucky: I know the writer is Shakespeare.
[32] Sarah: But I don't know the title of the book.
[39] Lucky: That is the most important.
[39] Sarah: To choose it from the closet now.
[39] Lucky: Okay.
[39] Sarah: And I can have a look.
[39] Sarah: And give some advice for you.
[39] Lucky: Look at this, how about this one?
[39] Sarah: It's so lovely.
[39] Lucky: So lovely, yeah.
[40] Lucky: What about this black color?
[40] Lucky: You like it?
[41] Sarah: Yeah I like it.
[41] Lucky: I think it matches with your clothes style.
[41] Lucky: Is it suitable?
[41] Sarah: It's suitable.
[41] Lucky: Okay, oh hey, what color.
[42] Sarah: I love this combination the yellow shirt with the black white pants.
[42] Sarah: So cool.
[42] Lucky: Really?
[42] Sarah: So cool. I love them.
[42] Lucky: But I think I need to buy a cap.
[42] Sarah: You don't have a cap already?
[42] Sarah: So what kind of cap?
[42] Lucky: Color?
[42] Sarah: Color. Yeah, what color are you...
[43] Lucky: No black cap. I didn't like black cap.

[Step 2] Evaluating semantic answer...
Action: [Answer]
Content: They share a common interest in reading and discussing books.
FINAL ANSWER (from graph):
They share a common interest in reading and discussing books.
✓ Updated results.json for bedroom_10 (12 questions)
✓ Cleaned up video and frames for bedroom_10

============================================================
Processing video: meeting_room_03
============================================================
Downloading 1 video(s) to data/videos...

Downloading meeting_room_03.mp4...
✓ Successfully downloaded meeting_room_03.mp4 to data/videos/meeting_room_03.mp4

============================================================
Download Summary:
  Successful: 1/1
============================================================

============================================================
[1/1] Processing: meeting_room_03
============================================================
Video: data/videos/meeting_room_03.mp4
Subtitles: data/subtitles/robot/meeting_room_03.srt
Output: data/frames/meeting_room_03
============================================================

Parsing subtitle file: data/subtitles/robot/meeting_room_03.srt
Found 326 subtitle entries
Video: 1280x720, 30.00 FPS, 60076 frames, 2002.53s duration

Extracting frames with subtitles...
Grouping frames into folders of 30 frames each
  Saved 10 frames (up to 9s, folder 1)
  Saved 20 frames (up to 19s, folder 1)
  Saved 30 frames (up to 29s, folder 1)
  Saved 40 frames (up to 39s, folder 2)
  Saved 50 frames (up to 49s, folder 2)
  Saved 60 frames (up to 59s, folder 2)
  Saved 70 frames (up to 69s, folder 3)
  Saved 80 frames (up to 79s, folder 3)
  Saved 90 frames (up to 89s, folder 3)
  Saved 100 frames (up to 99s, folder 4)
  Saved 110 frames (up to 109s, folder 4)
  Saved 120 frames (up to 119s, folder 4)
  Saved 130 frames (up to 129s, folder 5)
  Saved 140 frames (up to 139s, folder 5)
  Saved 150 frames (up to 149s, folder 5)
  Saved 160 frames (up to 159s, folder 6)
  Saved 170 frames (up to 169s, folder 6)
  Saved 180 frames (up to 179s, folder 6)
  Saved 190 frames (up to 189s, folder 7)
  Saved 200 frames (up to 199s, folder 7)
  Saved 210 frames (up to 209s, folder 7)
  Saved 220 frames (up to 219s, folder 8)
  Saved 230 frames (up to 229s, folder 8)
  Saved 240 frames (up to 239s, folder 8)
  Saved 250 frames (up to 249s, folder 9)
  Saved 260 frames (up to 259s, folder 9)
  Saved 270 frames (up to 269s, folder 9)
  Saved 280 frames (up to 279s, folder 10)
  Saved 290 frames (up to 289s, folder 10)
  Saved 300 frames (up to 299s, folder 10)
  Saved 310 frames (up to 309s, folder 11)
  Saved 320 frames (up to 319s, folder 11)
  Saved 330 frames (up to 329s, folder 11)
  Saved 340 frames (up to 339s, folder 12)
  Saved 350 frames (up to 349s, folder 12)
  Saved 360 frames (up to 359s, folder 12)
  Saved 370 frames (up to 369s, folder 13)
  Saved 380 frames (up to 379s, folder 13)
  Saved 390 frames (up to 389s, folder 13)
  Saved 400 frames (up to 399s, folder 14)
  Saved 410 frames (up to 409s, folder 14)
  Saved 420 frames (up to 419s, folder 14)
  Saved 430 frames (up to 429s, folder 15)
  Saved 440 frames (up to 439s, folder 15)
  Saved 450 frames (up to 449s, folder 15)
  Saved 460 frames (up to 459s, folder 16)
  Saved 470 frames (up to 469s, folder 16)
  Saved 480 frames (up to 479s, folder 16)
  Saved 490 frames (up to 489s, folder 17)
  Saved 500 frames (up to 499s, folder 17)
  Saved 510 frames (up to 509s, folder 17)
  Saved 520 frames (up to 519s, folder 18)
  Saved 530 frames (up to 529s, folder 18)
  Saved 540 frames (up to 539s, folder 18)
  Saved 550 frames (up to 549s, folder 19)
  Saved 560 frames (up to 559s, folder 19)
  Saved 570 frames (up to 569s, folder 19)
  Saved 580 frames (up to 579s, folder 20)
  Saved 590 frames (up to 589s, folder 20)
  Saved 600 frames (up to 599s, folder 20)
  Saved 610 frames (up to 609s, folder 21)
  Saved 620 frames (up to 619s, folder 21)
  Saved 630 frames (up to 629s, folder 21)
  Saved 640 frames (up to 639s, folder 22)
  Saved 650 frames (up to 649s, folder 22)
  Saved 660 frames (up to 659s, folder 22)
  Saved 670 frames (up to 669s, folder 23)
  Saved 680 frames (up to 679s, folder 23)
  Saved 690 frames (up to 689s, folder 23)
  Saved 700 frames (up to 699s, folder 24)
  Saved 710 frames (up to 709s, folder 24)
  Saved 720 frames (up to 719s, folder 24)
  Saved 730 frames (up to 729s, folder 25)
  Saved 740 frames (up to 739s, folder 25)
  Saved 750 frames (up to 749s, folder 25)
  Saved 760 frames (up to 759s, folder 26)
  Saved 770 frames (up to 769s, folder 26)
  Saved 780 frames (up to 779s, folder 26)
  Saved 790 frames (up to 789s, folder 27)
  Saved 800 frames (up to 799s, folder 27)
  Saved 810 frames (up to 809s, folder 27)
  Saved 820 frames (up to 819s, folder 28)
  Saved 830 frames (up to 829s, folder 28)
  Saved 840 frames (up to 839s, folder 28)
  Saved 850 frames (up to 849s, folder 29)
  Saved 860 frames (up to 859s, folder 29)
  Saved 870 frames (up to 869s, folder 29)
  Saved 880 frames (up to 879s, folder 30)
  Saved 890 frames (up to 889s, folder 30)
  Saved 900 frames (up to 899s, folder 30)
  Saved 910 frames (up to 909s, folder 31)
  Saved 920 frames (up to 919s, folder 31)
  Saved 930 frames (up to 929s, folder 31)
  Saved 940 frames (up to 939s, folder 32)
  Saved 950 frames (up to 949s, folder 32)
  Saved 960 frames (up to 959s, folder 32)
  Saved 970 frames (up to 969s, folder 33)
  Saved 980 frames (up to 979s, folder 33)
  Saved 990 frames (up to 989s, folder 33)
  Saved 1000 frames (up to 999s, folder 34)
  Saved 1010 frames (up to 1009s, folder 34)
  Saved 1020 frames (up to 1019s, folder 34)
  Saved 1030 frames (up to 1029s, folder 35)
  Saved 1040 frames (up to 1039s, folder 35)
  Saved 1050 frames (up to 1049s, folder 35)
  Saved 1060 frames (up to 1059s, folder 36)
  Saved 1070 frames (up to 1069s, folder 36)
  Saved 1080 frames (up to 1079s, folder 36)
  Saved 1090 frames (up to 1089s, folder 37)
  Saved 1100 frames (up to 1099s, folder 37)
  Saved 1110 frames (up to 1109s, folder 37)
  Saved 1120 frames (up to 1119s, folder 38)
  Saved 1130 frames (up to 1129s, folder 38)
  Saved 1140 frames (up to 1139s, folder 38)
  Saved 1150 frames (up to 1149s, folder 39)
  Saved 1160 frames (up to 1159s, folder 39)
  Saved 1170 frames (up to 1169s, folder 39)
  Saved 1180 frames (up to 1179s, folder 40)
  Saved 1190 frames (up to 1189s, folder 40)
  Saved 1200 frames (up to 1199s, folder 40)
  Saved 1210 frames (up to 1209s, folder 41)
  Saved 1220 frames (up to 1219s, folder 41)
  Saved 1230 frames (up to 1229s, folder 41)
  Saved 1240 frames (up to 1239s, folder 42)
  Saved 1250 frames (up to 1249s, folder 42)
  Saved 1260 frames (up to 1259s, folder 42)
  Saved 1270 frames (up to 1269s, folder 43)
  Saved 1280 frames (up to 1279s, folder 43)
  Saved 1290 frames (up to 1289s, folder 43)
  Saved 1300 frames (up to 1299s, folder 44)
  Saved 1310 frames (up to 1309s, folder 44)
  Saved 1320 frames (up to 1319s, folder 44)
  Saved 1330 frames (up to 1329s, folder 45)
  Saved 1340 frames (up to 1339s, folder 45)
  Saved 1350 frames (up to 1349s, folder 45)
  Saved 1360 frames (up to 1359s, folder 46)
  Saved 1370 frames (up to 1369s, folder 46)
  Saved 1380 frames (up to 1379s, folder 46)
  Saved 1390 frames (up to 1389s, folder 47)
  Saved 1400 frames (up to 1399s, folder 47)
  Saved 1410 frames (up to 1409s, folder 47)
  Saved 1420 frames (up to 1419s, folder 48)
  Saved 1430 frames (up to 1429s, folder 48)
  Saved 1440 frames (up to 1439s, folder 48)
  Saved 1450 frames (up to 1449s, folder 49)
  Saved 1460 frames (up to 1459s, folder 49)
  Saved 1470 frames (up to 1469s, folder 49)
  Saved 1480 frames (up to 1479s, folder 50)
  Saved 1490 frames (up to 1489s, folder 50)
  Saved 1500 frames (up to 1499s, folder 50)
  Saved 1510 frames (up to 1509s, folder 51)
  Saved 1520 frames (up to 1519s, folder 51)
  Saved 1530 frames (up to 1529s, folder 51)
  Saved 1540 frames (up to 1539s, folder 52)
  Saved 1550 frames (up to 1549s, folder 52)
  Saved 1560 frames (up to 1559s, folder 52)
  Saved 1570 frames (up to 1569s, folder 53)
  Saved 1580 frames (up to 1579s, folder 53)
  Saved 1590 frames (up to 1589s, folder 53)
  Saved 1600 frames (up to 1599s, folder 54)
  Saved 1610 frames (up to 1609s, folder 54)
  Saved 1620 frames (up to 1619s, folder 54)
  Saved 1630 frames (up to 1629s, folder 55)
  Saved 1640 frames (up to 1639s, folder 55)
  Saved 1650 frames (up to 1649s, folder 55)
  Saved 1660 frames (up to 1659s, folder 56)
  Saved 1670 frames (up to 1669s, folder 56)
  Saved 1680 frames (up to 1679s, folder 56)
  Saved 1690 frames (up to 1689s, folder 57)
  Saved 1700 frames (up to 1699s, folder 57)
  Saved 1710 frames (up to 1709s, folder 57)
  Saved 1720 frames (up to 1719s, folder 58)
  Saved 1730 frames (up to 1729s, folder 58)
  Saved 1740 frames (up to 1739s, folder 58)
  Saved 1750 frames (up to 1749s, folder 59)
  Saved 1760 frames (up to 1759s, folder 59)
  Saved 1770 frames (up to 1769s, folder 59)
  Saved 1780 frames (up to 1779s, folder 60)
  Saved 1790 frames (up to 1789s, folder 60)
  Saved 1800 frames (up to 1799s, folder 60)
  Saved 1810 frames (up to 1809s, folder 61)
  Saved 1820 frames (up to 1819s, folder 61)
  Saved 1830 frames (up to 1829s, folder 61)
  Saved 1840 frames (up to 1839s, folder 62)
  Saved 1850 frames (up to 1849s, folder 62)
  Saved 1860 frames (up to 1859s, folder 62)
  Saved 1870 frames (up to 1869s, folder 63)
  Saved 1880 frames (up to 1879s, folder 63)
  Saved 1890 frames (up to 1889s, folder 63)
  Saved 1900 frames (up to 1899s, folder 64)
  Saved 1910 frames (up to 1909s, folder 64)
  Saved 1920 frames (up to 1919s, folder 64)
  Saved 1930 frames (up to 1929s, folder 65)
  Saved 1940 frames (up to 1939s, folder 65)
  Saved 1950 frames (up to 1949s, folder 65)
  Saved 1960 frames (up to 1959s, folder 66)
  Saved 1970 frames (up to 1969s, folder 66)
  Saved 1980 frames (up to 1979s, folder 66)
  Saved 1990 frames (up to 1989s, folder 67)
  Saved 2000 frames (up to 1999s, folder 67)

✓ Extracted 2003 frames to data/frames/meeting_room_03

✓ Successfully processed meeting_room_03: 2003 frames saved
--------------------------------
Processing folder:  data/frames/meeting_room_03/1
Inserted 29 triples into graph for clip 1
--------------------------------
Processing folder:  data/frames/meeting_room_03/2
Inserted 15 triples into graph for clip 2
--------------------------------
Processing folder:  data/frames/meeting_room_03/3
Inserted 9 triples into graph for clip 3
--------------------------------
Processing folder:  data/frames/meeting_room_03/4
Inserted 18 triples into graph for clip 4
--------------------------------
Processing folder:  data/frames/meeting_room_03/5
Inserted 13 triples into graph for clip 5
--------------------------------
Processing folder:  data/frames/meeting_room_03/6
Inserted 23 triples into graph for clip 6
--------------------------------
Processing folder:  data/frames/meeting_room_03/7
Inserted 25 triples into graph for clip 7
--------------------------------
Processing folder:  data/frames/meeting_room_03/8
Inserted 19 triples into graph for clip 8
--------------------------------
Processing folder:  data/frames/meeting_room_03/9
Inserted 16 triples into graph for clip 9
--------------------------------
Processing folder:  data/frames/meeting_room_03/10
Inserted 23 triples into graph for clip 10
--------------------------------
Processing folder:  data/frames/meeting_room_03/11
Inserted 18 triples into graph for clip 11
--------------------------------
Processing folder:  data/frames/meeting_room_03/12
Inserted 15 triples into graph for clip 12
--------------------------------
Processing folder:  data/frames/meeting_room_03/13
Inserted 22 triples into graph for clip 13
--------------------------------
Processing folder:  data/frames/meeting_room_03/14
Extracting summary for completed conversation 1...
Warning: Character '<Minnie>' not found in graph, skipping attribute: authoritative
Warning: Character '<Minnie>' not found in graph, skipping attribute: encouraging toward young talent
Warning: Character '<Minnie>' not found in graph, skipping attribute: head of finance department
Warning: Character '<Minnie>' not found in graph, skipping attribute: rule-oriented
Warning: Character '<Nova>' not found in graph, skipping attribute: cooperative
Warning: Character '<Nova>' not found in graph, skipping attribute: support staff or assistant role
Warning: Character '<Minnie>' not found in graph, skipping relationship
Warning: Character '<Minnie>' not found in graph, skipping relationship
Warning: Character '<Nova>' not found in graph, skipping relationship
Warning: Character '<Minnie>' not found in graph, skipping relationship
Warning: Character '<Minnie>' not found in graph, skipping relationship
✓ Conversation summary extracted. Attributes: 12, Relationships: 6
Inserted 19 triples into graph for clip 14
--------------------------------
Processing folder:  data/frames/meeting_room_03/15
Inserted 18 triples into graph for clip 15
--------------------------------
Processing folder:  data/frames/meeting_room_03/16
Inserted 25 triples into graph for clip 16
--------------------------------
Processing folder:  data/frames/meeting_room_03/17
Inserted 16 triples into graph for clip 17
--------------------------------
Processing folder:  data/frames/meeting_room_03/18
Inserted 21 triples into graph for clip 18
--------------------------------
Processing folder:  data/frames/meeting_room_03/19
Inserted 15 triples into graph for clip 19
--------------------------------
Processing folder:  data/frames/meeting_room_03/20
Inserted 24 triples into graph for clip 20
--------------------------------
Processing folder:  data/frames/meeting_room_03/21
Inserted 19 triples into graph for clip 21
--------------------------------
Processing folder:  data/frames/meeting_room_03/22
Inserted 24 triples into graph for clip 22
--------------------------------
Processing folder:  data/frames/meeting_room_03/23
Inserted 20 triples into graph for clip 23
--------------------------------
Processing folder:  data/frames/meeting_room_03/24
Inserted 19 triples into graph for clip 24
--------------------------------
Processing folder:  data/frames/meeting_room_03/25
Inserted 25 triples into graph for clip 25
--------------------------------
Processing folder:  data/frames/meeting_room_03/26
Inserted 17 triples into graph for clip 26
--------------------------------
Processing folder:  data/frames/meeting_room_03/27
Inserted 16 triples into graph for clip 27
--------------------------------
Processing folder:  data/frames/meeting_room_03/28
Inserted 16 triples into graph for clip 28
--------------------------------
Processing folder:  data/frames/meeting_room_03/29
Inserted 12 triples into graph for clip 29
--------------------------------
Processing folder:  data/frames/meeting_room_03/30
Inserted 19 triples into graph for clip 30
--------------------------------
Processing folder:  data/frames/meeting_room_03/31
Inserted 23 triples into graph for clip 31
--------------------------------
Processing folder:  data/frames/meeting_room_03/32
Inserted 16 triples into graph for clip 32
--------------------------------
Processing folder:  data/frames/meeting_room_03/33
Inserted 21 triples into graph for clip 33
--------------------------------
Processing folder:  data/frames/meeting_room_03/34
Inserted 18 triples into graph for clip 34
--------------------------------
Processing folder:  data/frames/meeting_room_03/35
Inserted 20 triples into graph for clip 35
--------------------------------
Processing folder:  data/frames/meeting_room_03/36
Extracting summary for completed conversation 2...
✓ Conversation summary extracted. Attributes: 9, Relationships: 8
Inserted 24 triples into graph for clip 36
--------------------------------
Processing folder:  data/frames/meeting_room_03/37
Inserted 14 triples into graph for clip 37
--------------------------------
Processing folder:  data/frames/meeting_room_03/38
Inserted 25 triples into graph for clip 38
--------------------------------
Processing folder:  data/frames/meeting_room_03/39
Inserted 18 triples into graph for clip 39
--------------------------------
Processing folder:  data/frames/meeting_room_03/40
Inserted 22 triples into graph for clip 40
--------------------------------
Processing folder:  data/frames/meeting_room_03/41
Inserted 19 triples into graph for clip 41
--------------------------------
Processing folder:  data/frames/meeting_room_03/42
Inserted 17 triples into graph for clip 42
--------------------------------
Processing folder:  data/frames/meeting_room_03/43
Inserted 32 triples into graph for clip 43
--------------------------------
Processing folder:  data/frames/meeting_room_03/44
Inserted 21 triples into graph for clip 44
--------------------------------
Processing folder:  data/frames/meeting_room_03/45
Inserted 29 triples into graph for clip 45
--------------------------------
Processing folder:  data/frames/meeting_room_03/46
Inserted 15 triples into graph for clip 46
--------------------------------
Processing folder:  data/frames/meeting_room_03/47
Inserted 13 triples into graph for clip 47
--------------------------------
Processing folder:  data/frames/meeting_room_03/48
Inserted 12 triples into graph for clip 48
--------------------------------
Processing folder:  data/frames/meeting_room_03/49
Inserted 12 triples into graph for clip 49
--------------------------------
Processing folder:  data/frames/meeting_room_03/50
Inserted 31 triples into graph for clip 50
--------------------------------
Processing folder:  data/frames/meeting_room_03/51
Inserted 19 triples into graph for clip 51
--------------------------------
Processing folder:  data/frames/meeting_room_03/52
Extracting summary for completed conversation 3...
✓ Conversation summary extracted. Attributes: 11, Relationships: 6
Inserted 29 triples into graph for clip 52
--------------------------------
Processing folder:  data/frames/meeting_room_03/53
Inserted 30 triples into graph for clip 53
--------------------------------
Processing folder:  data/frames/meeting_room_03/54
Extracting summary for completed conversation 4...
✓ Conversation summary extracted. Attributes: 2, Relationships: 0
Inserted 25 triples into graph for clip 54
--------------------------------
Processing folder:  data/frames/meeting_room_03/55
Inserted 28 triples into graph for clip 55
--------------------------------
Processing folder:  data/frames/meeting_room_03/56
Inserted 19 triples into graph for clip 56
--------------------------------
Processing folder:  data/frames/meeting_room_03/57
Extracting summary for completed conversation 5...
✓ Conversation summary extracted. Attributes: 4, Relationships: 3
Inserted 24 triples into graph for clip 57
--------------------------------
Processing folder:  data/frames/meeting_room_03/58
Inserted 18 triples into graph for clip 58
--------------------------------
Processing folder:  data/frames/meeting_room_03/59
Inserted 29 triples into graph for clip 59
--------------------------------
Processing folder:  data/frames/meeting_room_03/60
Inserted 16 triples into graph for clip 60
--------------------------------
Processing folder:  data/frames/meeting_room_03/61
Inserted 21 triples into graph for clip 61
--------------------------------
Processing folder:  data/frames/meeting_room_03/62
Inserted 21 triples into graph for clip 62
--------------------------------
Processing folder:  data/frames/meeting_room_03/63
Inserted 22 triples into graph for clip 63
--------------------------------
Processing folder:  data/frames/meeting_room_03/64
Inserted 23 triples into graph for clip 64
--------------------------------
Processing folder:  data/frames/meeting_room_03/65
Inserted 21 triples into graph for clip 65
--------------------------------
Processing folder:  data/frames/meeting_room_03/66
Inserted 23 triples into graph for clip 66
--------------------------------
Processing folder:  data/frames/meeting_room_03/67
Inserted 20 triples into graph for clip 67
Extracting summary for final conversation 6...
✓ Final conversation summary extracted. Attributes: 9, Relationships: 4
Inserting character appearances for 7 characters...
✓ Character appearances inserted: 35 appearance edges created
340 node embeddings inserted (10 characters, 330 objects)
1433 edge embeddings inserted
Generating character attributes...
Number of edges:  1433
Character attributes generated.
Number of edges:  1494
Character relationships generated.
Number of edges:  1556
✓ Graph memory built for meeting_room_03
Question: Where can the robot get the water?

[Step 1] Searching the graph...
Parse Query Output:
{
  "query_triple": ["<robot>", "gets", "water", 0.9, 0.3, 0.6],
  "spatial_constraint": null,
  "speaker_strict": null,
  "allocation": {
    "k_high_level": 5,
    "k_low_level": 40,
    "k_conversations": 5,
    "total_k": 50,
    "reasoning": "Location/action query about where the robot can obtain water—prioritize low-level edges for spatial sources (e.g., sink, bottle, dispenser). Minimal high-level edges and conversations."
  }
}

Graph Search Results:
**High-Level Information (Character Attributes and Relationships): **

Character Attributes:
- robot is: black gloves (100), no visible face (100), camera holder (100)

Character Relationships:
- robot acts as assistant to Vivian (85)
- robot is in a supportive role relative to Vivian (85)

**Low-Level Information (Actions and Events): **

[1] robot holds camera. (meeting room)
[7] robot turns toward water table. (meeting room)
[7] robot walks to water table. (meeting room)
[7] robot picks up small bottle of water. (meeting room)
[7] robot carries back toward water bottle. (meeting room)
[7] robot approaches with bottle. (meeting room)
[7] robot hands bottle of water. (meeting room)
[10] robot holds light-green folder. (meeting room)
[13] robot picks up tissue. (office meeting room)
[13] robot wipes table near water bottle. (office meeting room)
[14] robot walks through office. (office meeting room)
[20] robot invites someone. (meeting room)
[21] robot walks through office. (office)
[24] robot holds camera. (office meeting room)
[26] robot holds green folder. (office conference room)
[26] robot places green folder. (office conference room)
[26] robot uses camera. (office conference room)
[33] robot pans camera. (office meeting room)
[36] robot carries paper. (meeting room classroom)
[36] robot places paper. (meeting room classroom)
[36] robot aligns paper. (meeting room classroom)
[41] robot pans camera. (office meeting room)
[46] robot holds document. (office meeting room)
[46] robot places document. (office meeting room)
[52] robot checks screen. (office meeting room)
[53] robot looks toward water dispenser. (office meeting room)
[54] robot puts into box. (conference room)
[55] robot looks at shelf. (meeting room)
[57] robot moves blue eraser. (office)
[57] robot smooths surface. (office)
[58] robot holds camera. (classroom meeting room)
[58] robot pans camera. (classroom meeting room)
[62] Evan asks robot. (conference room)
[62] robot walks with water bottle. (conference room)
[63] robot approaches with two water bottle. (meeting room)
[63] robot places gloved hand near water bottle. (meeting room)
[63] robot picks up water bottle. (meeting room)
[63] robot carries water bottle. (meeting room)
[65] robot faces table. (meeting room)
[65] robot watches interaction. (meeting room)

**Conversations: **

Conversation 6: The group is preparing a meeting room while searching for a page/document that may be restricted. Evan notes cabinet documents are confidential and require supervisor permission, assigns room setup tasks, and mentions meetings occur every two days with Vivian handling arrangements. Vivian takes responsibility for finding the document elsewhere and managing logistics, while Nova assists with reminders and setup. They conclude by finishing preparations and waiting for others to arrive.
[62] Evan: thank you so much
[62] Evan: Nova please
[62] Evan: put a few bottles of water on the conference table
[62] robot: okay
[63] Evan: Vivian it's almost done
[63] Evan: and I want to tell you

Conversation 2: A team in the finance department onboards Vivian, advising her to review the employee handbook without memorizing everything and to track tasks in Excel while focusing on statistics. Evan guides Vivian through monthly work arrangements and shares updated company regulations not in the handbook. Minnie reports a problem with a document’s quotation, prompting the team to correct, reprint, and resend it, with Nova assisting operationally.
[24] Vivian: hand uh employee handbook in
[25] Vivian: thank you so much
[26] robot: wait a moment
[27] Evan: so let me send the document to you
[27] Vivian: I got you

Conversation 1: Vivian arrives for an interview and asks about company benefits, team-building, and social expectations, receiving reassurance from Evan. Minnie, the finance department head, meets Vivian, praises her potential, and emphasizes learning and adhering to company rules via the employee handbook. Nova assists with small tasks at Evan’s request, indicating a supportive office environment. Overall, the conversation introduces roles, confirms positive culture and benefits, and sets expectations for new employees.
[6] character_1: relax let's sit down and talk
[7] Minnie: relax let's sit down and talk
[7] Evan: Nova please take a bottle of water to Minnie
[7] Nova: okay
[7] Minnie: thank you
[8] character_1: water the plant on table
[8] character_1: I don't want to remind you every time
[8] Evan: got it

[Step 2] Evaluating semantic answer...
Action: [Answer]
Content: From the water table or dispenser in the meeting/conference room.
FINAL ANSWER (from graph):
From the water table or dispenser in the meeting/conference room.
Question: Did Evan have a high position in the company?

[Step 1] Searching the graph...
Parse Query Output:
{
  "query_triple": ["<Evan>", "position level", "company", 0.95, 0.3, 0.6],
  "spatial_constraint": null,
  "speaker_strict": null,
  "allocation": {
    "k_high_level": 9,
    "k_low_level": 8,
    "k_conversations": 33,
    "total_k": 50,
    "reasoning": "Status/role query about rank in an organization. Use high-level edges for attributes like job title or seniority, and conversations to capture dialogue mentioning roles or promotions; a small portion of low-level edges for scenes showing authority (giving orders, leading meetings)."
  }
}

Graph Search Results:
**High-Level Information (Character Attributes and Relationships): **

Character Attributes:
- Evan is: medium build (100)

Character Relationships:
- Nova supports Evan (80)
- Evan directs Nova (75)
- Evan supports Vivian (85)
- Evan mentors Vivian (90)
- Evan collaborates with Vivian (90)
- Evan collaborates with Nova (75)
- Evan leads over Nova (85)
- Minnie is supervisor of Evan (95)

**Low-Level Information (Actions and Events): **

[7] Evan speaks to group. (meeting room)
[16] group asks Evan. (office meeting room)
[16] Evan addresses group. (office meeting room)
[34] Evan asks for assistance from group. (office meeting room)
[40] Evan passes toward woman. (office meeting room)
[41] Evan works at computer. (office meeting room)
[44] Evan points at paper. (office meeting room)
[45] Evan points at spot on paper. (office meeting room)

**Conversations: **

Conversation 1: Vivian arrives for an interview and asks about company benefits, team-building, and social expectations, receiving reassurance from Evan. Minnie, the finance department head, meets Vivian, praises her potential, and emphasizes learning and adhering to company rules via the employee handbook. Nova assists with small tasks at Evan’s request, indicating a supportive office environment. Overall, the conversation introduces roles, confirms positive culture and benefits, and sets expectations for new employees.
[2] Vivian: ask you so
[2] Vivian: what are the benefits and welfare of our company
[2] Evan: compared to other companies, it's quite good
[3] Vivian: oh my seniors
[3] Vivian: say this place is good
[3] Vivian: so I come for an interview
[3] Vivian: and unexactly I got accepted
[3] Evan: who's your senior
[3] Vivian: it was Sam
[3] Vivian: and he had entered here before
[3] Evan: Sam
[3] Evan: I'm not very familiar with him
[3] Evan: maybe he works in other department
[4] Vivian: alright so
[4] Vivian: will the participating in the team-buildings activities
[4] Vivian: affect the evolution
[4] Evan: we have sufficient budget for team-building
[4] Evan: so everyone in our company can have a great time
[4] Vivian: know I know this
[4] Vivian: so as the commer
[6] Vivian: welcome
[6] Evan: Vivian this is Minnie the head of
[6] Evan: finance department
[6] Vivian: oh hello
[6] Vivian: Minnie I am Vivian
[8] character_1: water the plant on table
[8] character_1: I don't want to remind you every time
[8] Evan: got it
[8] Evan: um I will water it on time
[9] Minnie: I have seen your resumes while interviewing.
[12] Vivian: oh got it and I will definitely take a look when I go down
[12] Minnie: that's great
[12] Evan: oh
[12] Evan: Nova please take some tissue and
[12] Evan: wipe the conference table

Conversation 2: A team in the finance department onboards Vivian, advising her to review the employee handbook without memorizing everything and to track tasks in Excel while focusing on statistics. Evan guides Vivian through monthly work arrangements and shares updated company regulations not in the handbook. Minnie reports a problem with a document’s quotation, prompting the team to correct, reprint, and resend it, with Nova assisting operationally.
[17] Vivian: okay
[17] Vivian: do I have to remember all of content
[17] Evan: oh
[17] Evan: just kidding
[17] Evan: um how could we remember all the content
[20] Evan: Vivian
[20] Evan: sit down next to me and let's have a look about
[20] Evan: the working arrangement of this month
[21] Evan: let's do it together
[22] Vivian: oh my God
[22] Vivian: the workload of a month is quite large
[22] Vivian: do you usually need to work overtime
[22] Evan: there are a total of 8 people in the finance department
[23] Evan: we are always busy at the end of the month
[23] Evan: so usually we don't need to work overtime
[23] Evan: and in recent years
[23] Evan: the company has introduced some
[23] Evan: new regulations that are not in the
[23] Evan: employee handbooks
[24] Evan: so let's contact the information and
[24] Evan: and
[24] Evan: I will send it to you
[24] Vivian: so Nova please help me take my phone out of my bag
[28] Evan: let's look the documents together
[28] Evan: this is
[28] Evan: important
[28] Vivian: you say here
[28] Evan: yes
[28] Evan: this line
[28] Vivian: oh i will look it in my phone
[30] Evan: the most important things to do is to
[30] Evan: pay attention to the statistic
[30] Evan: in all the documents
[30] Vivian: alright
[30] Vivian: I'll remember that
[31] Minnie: the director just call me
[31] Minnie: the document has some problem
[32] Evan: okay
[32] Minnie: take out the document for me
[32] Minnie: thank you

Conversation 3: The team discusses document issues after a responsible person resigned, emphasizing proper handover and deciding that revised files do not need to be sent to the director. Minnie assigns Evan and Nova to redo documents while she delivers a printed copy, and Evan coordinates tasks including filing and checking group messages. A meeting is scheduled in 10 minutes, with guidance to set up the room and devices, and Nova assists colleagues with small requests.
[37] Minnie: Nova take the stapler out of the cabinet
[37] Evan: okay
[38] Minnie: thank you
[38] Evan: let's change
[39] Minnie: put this into the cabinet
[40] Nova: okay
[40] Evan: oh
[40] Evan: there is also a problem
[40] Evan: with these documents
[41] Evan: the person in charge resigned yesterday and no one
[41] Evan: that the project date is incorrect
[41] Minnie: thank you Evan
[43] Vivian: what
[43] Minnie: see you later
[43] Evan: bye
[43] Evan: Vivian
[43] Evan: you are not familiar with these documents
[44] Evan: repair
[44] Vivian: okay
[44] Evan: just
[44] Evan: finish
[44] Evan: and print
[45] Evan: file back
[45] Evan: into the
[46] Evan: into the cabinet
[46] Vivian: should the revised file also be submitted to the director
[47] Evan: just let me ask the supervisor
[48] Evan: and take out your phone
[48] Evan: just check the group message
[48] Evan: the supervisor said there will be a meeting
[48] Evan: 10 minutes and they will introduce you to everyone
[48] Vivian: okay this is a
[48] Vivian: prepare anything
[48] Evan: no and that's the key point
[49] Evan: and
[49] Evan: you should pay attention
[49] Vivian: really is there anything to be
[49] Vivian: aware of all this
[49] Evan: yes you know as an employee we should
[49] Evan: set up the meeting rooms and turn on the
[50] Evan: devices in the meeting room and then wait for the leader

Conversation 6: The group is preparing a meeting room while searching for a page/document that may be restricted. Evan notes cabinet documents are confidential and require supervisor permission, assigns room setup tasks, and mentions meetings occur every two days with Vivian handling arrangements. Vivian takes responsibility for finding the document elsewhere and managing logistics, while Nova assists with reminders and setup. They conclude by finishing preparations and waiting for others to arrive.
[59] Vivian: oh
[59] Vivian: I can help you find it
[59] Evan: okay
[59] Vivian: let me help you
[59] Vivian: is it right here
[59] Vivian: what's wrong
[59] Evan: the documents in the cabinet
[60] Evan: are confidential
[60] Evan: and as the staff
[60] Evan: we couldn't open it
[60] Evan: without the supervisor's permission
[60] Vivian: oh I'm so sorry I will find it in
[60] Vivian: another place
[62] Vivian: oh thank you so much
[62] Vivian: Evan the pen right here
[62] Evan: thank you so much
[62] Evan: Nova please
[62] Evan: put a few bottles of water on the conference table

[Step 2] Evaluating semantic answer...
Action: [Answer]
Content: Yes, Evan held a leadership role, mentoring and directing others and leading over Nova.
FINAL ANSWER (from graph):
Yes, Evan held a leadership role, mentoring and directing others and leading over Nova.
Question: What was taken from the table on the right of the water dispenser?

[Step 1] Searching the graph...
Parse Query Output:
{
  "query_triple": ["table#right_of_water_dispenser", "was taken", "?", 0.85, 0.3, 0.15],
  "spatial_constraint": "right of the water dispenser",
  "speaker_strict": null,
  "allocation": {
    "k_high_level": 3,
    "k_low_level": 42,
    "k_conversations": 5,
    "total_k": 50,
    "reasoning": "Action-focused spatial query about an object taken from a specific table location; prioritize low-level edges to track take/pick actions and object states, minimal conversations and high-level edges."
  }
}

Graph Search Results:
**High-Level Information (Character Attributes and Relationships): **

Character Attributes:
- character_1 is: seated (100)
- character_2 is: female (100), long dark hair (100)

**Low-Level Information (Actions and Events): **

[1] device is from table. (meeting room)
[1] water is from table. (meeting room)
[1] tissue is from table. (meeting room)
[1] Evan hands bottle of water. (meeting room)
[1] bottle of water is to Vivian. (meeting room)
[5] water bottle is on table. (meeting room)
[7] robot picks up small bottle of water. (meeting room)
[7] small bottle of water is from table. (meeting room)
[7] robot carries back toward water bottle. (meeting room)
[7] robot hands bottle of water. (meeting room)
[7] bottle of water is to Vivian. (meeting room)
[8] Vivian walks past water dispenser. (office meeting room)
[10] side table has water bottle. (meeting room)
[10] side table has green packet. (meeting room)
[10] light-green folder is from side table. (meeting room)
[10] light-green folder is at head of table. (meeting room)
[13] side table is near water dispenser. (office meeting room)
[14] Vivian stands near water cooler. (office meeting room)
[14] Vivian turns back toward water cooler area. (office meeting room)
[26] green folder is on table. (office conference room)
[35] Nova walks past water dispenser. (office meeting room)
[38] wipe is beside water dispenser. (classroom or meeting room)
[43] laptop is at far end of table. (office meeting room)
[47] paper is on table. (meeting room)
[50] paper is on table. (meeting room)
[51] white jacket moves toward water dispenser area. (conference room)
[51] camera is near water dispenser. (conference room)
[52] side table has bottle. (office meeting room)
[52] side table has box. (office meeting room)
[53] robot looks toward water dispenser. (office meeting room)
[54] corner has water dispenser. (conference room)
[55] monitor is on table. (meeting room)
[62] robot walks with water bottle. (conference room)
[63] robot approaches with two water bottle. (meeting room)
[63] robot picks up water bottle. (meeting room)
[63] robot carries water bottle. (meeting room)
[63] water bottle is on conference table. (meeting room)
[65] stack of paper is from table. (meeting room)
[65] black equipment bag is from table. (meeting room)
[66] black laptop sleeve is on small table. (office meeting area)
[66] Vivian steps closer to screen side of table. (office meeting area)
[67] Evan sits at far side of table. (meeting room)

**Conversations: **

Conversation 6: The group is preparing a meeting room while searching for a page/document that may be restricted. Evan notes cabinet documents are confidential and require supervisor permission, assigns room setup tasks, and mentions meetings occur every two days with Vivian handling arrangements. Vivian takes responsibility for finding the document elsewhere and managing logistics, while Nova assists with reminders and setup. They conclude by finishing preparations and waiting for others to arrive.
[62] Evan: thank you so much
[62] Evan: Nova please
[62] Evan: put a few bottles of water on the conference table
[62] robot: okay
[63] Evan: Vivian it's almost done
[65] Vivian: please put the bags on the table next door
[66] Vivian: oh where is the employees handbook
[66] Vivian: on the table
[66] Evan: Vivian the employee handbook is in the bag
[66] Vivian: oh yeah yeah yes

Conversation 1: Vivian arrives for an interview and asks about company benefits, team-building, and social expectations, receiving reassurance from Evan. Minnie, the finance department head, meets Vivian, praises her potential, and emphasizes learning and adhering to company rules via the employee handbook. Nova assists with small tasks at Evan’s request, indicating a supportive office environment. Overall, the conversation introduces roles, confirms positive culture and benefits, and sets expectations for new employees.
[1] Evan: Sit down please and the supervisor will come soon.
[1] Vivian: Okay, thank you Evan.
[1] Evan: A bottle of water and some tissue for you.
[1] Vivian: Oh.
[2] Vivian: oh
[7] Nova: okay
[7] Minnie: thank you
[8] character_1: water the plant on table
[8] character_1: I don't want to remind you every time
[8] Evan: got it
[9] Minnie: Young people like you.
[9] Vivian: Oh that's all kinds thank you.
[10] Minnie: bring the employee handbooks to me from the table
[11] Minnie: Every new employee needs to realize our company's rules.
[11] Minnie: And we need you to memorize the rules.

[Step 2] Evaluating semantic answer...
Action: [Answer]
Content: The light-green folder was taken from the side table to the right of the water dispenser.
FINAL ANSWER (from graph):
The light-green folder was taken from the side table to the right of the water dispenser.
Question: How many times was the air-conditioning remote used?

[Step 1] Searching the graph...
Parse Query Output:
{
  "query_triple": ["air-conditioning remote", "is used", "?", 0.7, 0.35, 0.2],
  "spatial_constraint": null,
  "speaker_strict": null,
  "allocation": {
    "k_high_level": 4,
    "k_low_level": 41,
    "k_conversations": 5,
    "total_k": 50,
    "reasoning": "Counting usages is an action/temporal query centered on a specific object. Prioritize low-level edges to find each 'uses/presses/operates' event for the remote. Minimal high-level and conversations for context or mentions."
  }
}

Graph Search Results:
**High-Level Information (Character Attributes and Relationships): **

Character Attributes:
- character_1 is: female (100)
- robot is: black gloves (100), camera holder (100), no visible face (100)

**Low-Level Information (Actions and Events): **

[1] device is from table. (meeting room)
[6] Evan uses phone. (meeting room)
[7] Evan works on laptop. (meeting room)
[9] Vivian works on desktop computer. (office meeting room)
[14] Vivian stands near water cooler. (office meeting room)
[14] Vivian turns back toward water cooler area. (office meeting room)
[15] character_1 works on laptop. (office meeting room)
[16] character_1 works on laptop. (office meeting room)
[18] chair is by window. (office)
[20] robot looks at small white device screen. (meeting room)
[25] smartphone is on black bag. (office meeting room)
[26] two seated woman use phone. (office conference room)
[26] robot uses camera. (office conference room)
[30] Minnie works on laptop. (office meeting room)
[32] Evan works on laptop. (office meeting room)
[34] laptop is on table. (office meeting room)
[35] new A4 paper is for printer. (office meeting room)
[43] Evan works on laptop. (office meeting room)
[45] paper is in printer. (office meeting room)
[50] white coat is on nearby chair. (meeting room)
[50] Evan explains about air conditioning being cold. (meeting room)
[51] Evan speaks about air conditioning. (conference room)
[52] robot holds small white remote. (office meeting room)
[52] robot adjusts button on small white remote. (office meeting room)
[52] robot presses button on small white remote. (office meeting room)
[52] robot looks at remote display. (office meeting room)
[52] robot places small white remote. (office meeting room)
[52] small white remote is onto pillow. (office meeting room)
[52] robot lifts small white remote. (office meeting room)
[52] small white remote is pointed toward wall air conditioner. (office meeting room)
[52] robot watches wall air conditioner. (office meeting room)
[52] robot operates small white remote. (office meeting room)
[52] robot carries small white remote. (office meeting room)
[53] robot holds white remote-like device. (office meeting room)
[53] Evan works on laptop. (office meeting room)
[54] corner has water dispenser. (conference room)
[56] Evan works on laptop. (office meeting room)
[58] character_2 stands near wall-mounted TV. (classroom meeting room)
[59] Vivian adjusts item near laptop. (conference room)
[59] Vivian keeps operating TV connection. (conference room)
[67] device is near laptop. (meeting room)

**Conversations: **

Conversation 2: A team in the finance department onboards Vivian, advising her to review the employee handbook without memorizing everything and to track tasks in Excel while focusing on statistics. Evan guides Vivian through monthly work arrangements and shares updated company regulations not in the handbook. Minnie reports a problem with a document’s quotation, prompting the team to correct, reprint, and resend it, with Nova assisting operationally.
[18] Evan: and let me take my computers
[19] Evan: oh sorry
[19] Evan: I forgot to turn on air conditioning
[19] Evan: Nova please take the remote control and turn on it
[19] Nova: okay
[19] Vivian: thank you all

Conversation 3: The team discusses document issues after a responsible person resigned, emphasizing proper handover and deciding that revised files do not need to be sent to the director. Minnie assigns Evan and Nova to redo documents while she delivers a printed copy, and Evan coordinates tasks including filing and checking group messages. A meeting is scheduled in 10 minutes, with guidance to set up the room and devices, and Nova assists colleagues with small requests.
[49] Vivian: aware of all this
[49] Evan: yes you know as an employee we should
[49] Evan: set up the meeting rooms and turn on the
[50] Evan: devices in the meeting room and then wait for the leader
[50] Vivian: oh
[50] Evan: you feel a little bit cold
[50] Vivian: yes
[50] Evan: the air conditioning temperature is a little bit low so
[51] Vivian: thank you so much

Conversation 5: Evan asked Vivian if she could operate all the meeting room devices, but Vivian admitted she was unfamiliar. Evan took charge and instructed others to prepare the whiteboard and gather markers and an eraser. Nova acknowledged the instruction.
[55] Evan: Vivian
[55] Evan: can you use all the devices in the meeting room
[55] Vivian: oh I'm sorry I haven't used it before
[55] Evan: just let me do it

[Step 2] Evaluating semantic answer...
Action: [Answer]
Content: The air-conditioning remote was used once.
FINAL ANSWER (from graph):
The air-conditioning remote was used once.
Question: Where can the robot get the tissue?

[Step 1] Searching the graph...
Parse Query Output:
{
  "query_triple": ["<robot>", "gets", "tissue", 0.9, 0.3, 0.6],
  "spatial_constraint": null,
  "speaker_strict": null,
  "allocation": {
    "k_high_level": 5,
    "k_low_level": 40,
    "k_conversations": 5,
    "total_k": 50,
    "reasoning": "Spatial/action query about where the robot can obtain an object; prioritize low-level edges for locations of tissue and robot actions. Minimal high-level and conversations."
  }
}

Graph Search Results:
**High-Level Information (Character Attributes and Relationships): **

Character Attributes:
- robot is: black gloves (100), no visible face (100), camera holder (100)

Character Relationships:
- Minnie cooperates with robot (85)
- robot acts as assistant to Vivian (85)

**Low-Level Information (Actions and Events): **

[1] robot holds camera. (meeting room)
[10] robot picks up light-green folder. (meeting room)
[10] robot holds light-green folder. (meeting room)
[13] robot picks up tissue. (office meeting room)
[13] robot places used tissue. (office meeting room)
[14] robot holds small white object. (office meeting room)
[19] robot films table area. (office meeting room)
[20] robot places white pillow. (meeting room)
[24] robot holds camera. (office meeting room)
[25] robot places black bag. (office meeting room)
[25] robot returns to table. (office meeting room)
[26] robot holds green folder. (office conference room)
[26] robot places green folder. (office conference room)
[26] robot says to wait a moment to group. (office conference room)
[26] robot uses camera. (office conference room)
[32] robot picks up stack of document. (office meeting room)
[32] robot holds stack of document. (office meeting room)
[36] robot holds white sheet of paper. (meeting room classroom)
[36] robot carries paper. (meeting room classroom)
[36] robot places paper. (meeting room classroom)
[36] robot aligns paper. (meeting room classroom)
[46] robot approaches table. (office meeting room)
[46] robot holds document. (office meeting room)
[46] robot places document. (office meeting room)
[46] robot adjusts stack of paper. (office meeting room)
[52] robot looks at laminator. (office meeting room)
[52] robot checks screen. (office meeting room)
[53] robot returns beside table. (office meeting room)
[54] robot reaches out to take sheet of paper. (conference room)
[54] robot holds sheet of paper. (conference room)
[54] robot places sheet of paper. (conference room)
[55] robot films laptop. (meeting room)
[57] robot smooths surface. (office)
[58] robot holds camera. (classroom meeting room)
[62] Evan asks robot. (conference room)
[63] robot approaches with pack of wipe. (meeting room)
[63] robot observes at table. (meeting room)
[65] robot faces table. (meeting room)
[65] robot watches interaction. (meeting room)
[66] robot places gloved hand. (office meeting area)

**Conversations: **

Conversation 6: The group is preparing a meeting room while searching for a page/document that may be restricted. Evan notes cabinet documents are confidential and require supervisor permission, assigns room setup tasks, and mentions meetings occur every two days with Vivian handling arrangements. Vivian takes responsibility for finding the document elsewhere and managing logistics, while Nova assists with reminders and setup. They conclude by finishing preparations and waiting for others to arrive.
[60] Vivian: oh I'm so sorry I will find it in
[60] Vivian: another place
[60] Vivian: Where is that be placed
[61] Vivian: help us find it please
[61] Nova: okay
[62] Evan: Nova please
[62] Evan: put a few bottles of water on the conference table
[62] robot: okay
[63] Evan: Vivian it's almost done
[63] Evan: and I want to tell you

Conversation 2: A team in the finance department onboards Vivian, advising her to review the employee handbook without memorizing everything and to track tasks in Excel while focusing on statistics. Evan guides Vivian through monthly work arrangements and shares updated company regulations not in the handbook. Minnie reports a problem with a document’s quotation, prompting the team to correct, reprint, and resend it, with Nova assisting operationally.
[24] Vivian: hand uh employee handbook in
[25] Vivian: thank you so much
[26] robot: wait a moment
[27] Evan: so let me send the document to you
[27] Vivian: I got you

Conversation 1: Vivian arrives for an interview and asks about company benefits, team-building, and social expectations, receiving reassurance from Evan. Minnie, the finance department head, meets Vivian, praises her potential, and emphasizes learning and adhering to company rules via the employee handbook. Nova assists with small tasks at Evan’s request, indicating a supportive office environment. Overall, the conversation introduces roles, confirms positive culture and benefits, and sets expectations for new employees.
[1] Evan: Sit down please and the supervisor will come soon.
[1] Vivian: Okay, thank you Evan.
[1] Evan: A bottle of water and some tissue for you.
[1] Vivian: Oh.
[2] Vivian: oh
[12] Minnie: that's great
[12] Evan: oh
[12] Evan: Nova please take some tissue and
[12] Evan: wipe the conference table
[13] Nova: okay

[Step 2] Evaluating semantic answer...
Action: [Answer]
Content: From the office meeting room.
FINAL ANSWER (from graph):
From the office meeting room.
Question: Why should Minnie use the A4 paper?

[Step 1] Searching the graph...
Parse Query Output:
{
  "query_triple": ["<Minnie>", "should use", "A4 paper", 0.95, 0.3, 0.9],
  "spatial_constraint": null,
  "speaker_strict": null,
  "allocation": {
    "k_high_level": 6,
    "k_low_level": 9,
    "k_conversations": 35,
    "total_k": 50,
    "reasoning": "This is a why question about motivation/reasoning. Prioritize conversations to capture explanations and justifications; include some low-level edges to find actions or references to A4 paper usage; a few high-level edges for any general guidance or rules."
  }
}

Graph Search Results:
**High-Level Information (Character Attributes and Relationships): **

Character Attributes:
- Minnie is: medium build (100), female (100), glasses (100)

Character Relationships:
- Minnie supervises Nova (85)
- Minnie is supervisor of Evan (95)
- Minnie supervises Evan (80)

**Low-Level Information (Actions and Events): **

[17] Minnie writes on sheet of paper. (office)
[22] paper is to Minnie. (conference room)
[32] Minnie writes on paper. (office meeting room)
[33] Minnie points at paper. (office meeting room)
[34] Minnie points at paper. (office meeting room)
[35] Minnie asks to get new A4 paper. (office meeting room)
[37] Minnie reviews sheet of paper. (office meeting room)
[39] Minnie reads sheet of paper. (office meeting room)
[42] Minnie points at paper. (office meeting room)

**Conversations: **

Conversation 2: A team in the finance department onboards Vivian, advising her to review the employee handbook without memorizing everything and to track tasks in Excel while focusing on statistics. Evan guides Vivian through monthly work arrangements and shares updated company regulations not in the handbook. Minnie reports a problem with a document’s quotation, prompting the team to correct, reprint, and resend it, with Nova assisting operationally.
[15] Minnie: yes
[15] Minnie: okay
[16] Minnie: okay goodbye
[16] Minnie: I have other jobs
[16] Minnie: if you have any questions just ask for Evan
[16] Vivian: okay go ahead
[16] Minnie: see you
[16] Evan: bye Minnie
[16] Evan: you can take a look at the employee handbook first
[30] Vivian: I'll remember that
[31] Evan: so let's have a look
[31] Vivian: hi Minnie
[31] Evan: just so serious what's wrong
[31] Minnie: the director just call me
[31] Minnie: the document has some problem
[32] Evan: okay
[32] Minnie: take out the document for me
[32] Minnie: thank you
[32] Vivian: about the document where is the problem
[33] Minnie: the quotation
[33] Evan: okay let's make some changes
[33] Evan: reprint it and send it over
[33] Evan: take it easy Minnie
[33] Minnie: I will
[34] Minnie: Evan check this and I correct it
[34] Evan: help me
[35] Minnie: Nova: take the new A4 paper from the cabinet and put it into the printer

Conversation 3: The team discusses document issues after a responsible person resigned, emphasizing proper handover and deciding that revised files do not need to be sent to the director. Minnie assigns Evan and Nova to redo documents while she delivers a printed copy, and Evan coordinates tasks including filing and checking group messages. A meeting is scheduled in 10 minutes, with guidance to set up the room and devices, and Nova assists colleagues with small requests.
[37] Minnie: Nova take the stapler out of the cabinet
[37] Evan: okay
[38] Minnie: thank you
[38] Evan: let's change
[39] Minnie: Nova
[39] Minnie: put this into the cabinet
[40] Nova: okay
[40] Evan: oh
[41] Evan: that the project date is incorrect
[41] Minnie: thank you Evan
[42] Minnie: so before employees resign
[42] Minnie: they must hand over their work properly before leaving
[42] Minnie: otherwise if something goes wrong
[42] Minnie: we will have to take the blame ourselves
[42] Evan: alright I will emphasize it in the group later
[43] Minnie: okay
[43] Minnie: I will first hand this printed document to the director
[43] Minnie: and you two
[43] Minnie: redo this
[43] Evan: give you
[43] Vivian: what

Conversation 1: Vivian arrives for an interview and asks about company benefits, team-building, and social expectations, receiving reassurance from Evan. Minnie, the finance department head, meets Vivian, praises her potential, and emphasizes learning and adhering to company rules via the employee handbook. Nova assists with small tasks at Evan’s request, indicating a supportive office environment. Overall, the conversation introduces roles, confirms positive culture and benefits, and sets expectations for new employees.
[6] Vivian: please take care of me in the future
[6] character_1: relax let's sit down and talk
[7] Minnie: relax let's sit down and talk
[7] Evan: Nova please take a bottle of water to Minnie
[7] Nova: okay
[7] Minnie: thank you
[8] character_1: water the plant on table
[8] character_1: I don't want to remind you every time
[8] Evan: got it
[8] Evan: um I will water it on time
[9] Minnie: I have seen your resumes while interviewing.
[9] Minnie: That's pretty impressive and I know you can pass it.
[9] Vivian: Oh you overpraise me.
[9] Vivian: If any shortcomings in the future,
[9] Vivian: Please be more forgiving to me thank you.
[9] Minnie: No need to be modest.
[9] Minnie: Our company needs
[9] Minnie: Young people like you.
[9] Vivian: Oh that's all kinds thank you.
[10] Minnie: bring the employee handbooks to me from the table
[11] Minnie: Every new employee needs to realize our company's rules.
[11] Minnie: And we need you to memorize the rules.
[11] Minnie: And then try not to make mistakes.
[11] Vivian: Oh, got it, and I will definitely take a look when I go down.
[12] Vivian: oh got it and I will definitely take a look when I go down
[12] Minnie: that's great
[12] Evan: oh
[12] Evan: Nova please take some tissue and

[Step 2] Evaluating semantic answer...
Action: [Answer]
Content: To load new A4 paper into the printer for reprinting the corrected document.
FINAL ANSWER (from graph):
To load new A4 paper into the printer for reprinting the corrected document.
Question: Where can the robot get Vivian's clothes?

[Step 1] Searching the graph...
Parse Query Output:
{
  "query_triple": ["<robot>", "gets", "Vivian's clothes", 0.9, 0.3, 0.9],
  "spatial_constraint": null,
  "speaker_strict": null,
  "allocation": {
    "k_high_level": 4,
    "k_low_level": 40,
    "k_conversations": 6,
    "total_k": 50,
    "reasoning": "Location/action query about where the robot can obtain a specific object; prioritize low-level edges for places where clothes are stored or retrieved (closet, laundry basket, bedroom), with minimal high-level and a small conversation budget for any verbal instructions about where to get them."
  }
}

Graph Search Results:
**High-Level Information (Character Attributes and Relationships): **

Character Relationships:
- robot acts as assistant to Vivian (85)
- robot is in a supportive role relative to Vivian (85)
- Vivian shows cooperative stance toward robot (80)
- robot is respectful toward Vivian (75)

**Low-Level Information (Actions and Events): **

[7] robot approaches with Vivian. (meeting room)
[10] robot picks up light-green folder. (meeting room)
[10] robot holds light-green folder. (meeting room)
[10] robot hands light-green folder. (meeting room)
[14] robot holds small white object. (office meeting room)
[20] robot passes by woman in navy. (meeting room)
[20] robot shows another woman with glasses. (meeting room)
[20] robot places white pillow. (meeting room)
[20] robot calls out to Vivian. (meeting room)
[21] robot watches Minnie> and <Vivian. (office)
[25] robot places black bag. (office meeting room)
[25] Minnie hands back toward robot. (office meeting room)
[26] robot holds green folder. (office conference room)
[26] robot places green folder. (office conference room)
[26] robot faces two seated woman. (office conference room)
[26] Vivian responds with agreement to robot. (office conference room)
[32] robot hands Minnie. (office meeting room)
[36] robot holds white sheet of paper. (meeting room classroom)
[38] robot turns toward woman in a dark short-sleeve top. (classroom or meeting room)
[38] Minnie acknowledges robot. (classroom or meeting room)
[38] Minnie speaks to robot. (classroom or meeting room)
[46] robot shows Evan. (office meeting room)
[46] robot shows Vivian. (office meeting room)
[51] robot holds white jacket. (conference room)
[51] robot carries white jacket. (conference room)
[51] robot hands white jacket. (conference room)
[51] white jacket is from robot. (conference room)
[52] robot checks screen. (office meeting room)
[53] robot returns beside Evan. (office meeting room)
[53] robot returns beside Vivian. (office meeting room)
[53] robot ends near Evan. (office meeting room)
[55] robot holds on Vivian. (meeting room)
[62] robot warns about Vivian's shoelace. (conference room)
[62] Evan asks robot. (conference room)
[63] robot observes Vivian. (meeting room)
[65] robot lifts black equipment bag. (meeting room)
[65] robot carries black equipment bag. (meeting room)
[65] robot places black equipment bag. (meeting room)
[66] robot places gloved hand. (office meeting area)
[67] Vivian places device. (meeting room)

**Conversations: **

Conversation 3: The team discusses document issues after a responsible person resigned, emphasizing proper handover and deciding that revised files do not need to be sent to the director. Minnie assigns Evan and Nova to redo documents while she delivers a printed copy, and Evan coordinates tasks including filing and checking group messages. A meeting is scheduled in 10 minutes, with guidance to set up the room and devices, and Nova assists colleagues with small requests.
[50] Evan: devices in the meeting room and then wait for the leader
[50] Vivian: oh
[50] Vivian: got it
[50] Evan: oh what's wrong
[50] Vivian: Nova please bring uh bring my clothes over
[50] Vivian: thank you
[50] Evan: you feel a little bit cold

Conversation 6: The group is preparing a meeting room while searching for a page/document that may be restricted. Evan notes cabinet documents are confidential and require supervisor permission, assigns room setup tasks, and mentions meetings occur every two days with Vivian handling arrangements. Vivian takes responsibility for finding the document elsewhere and managing logistics, while Nova assists with reminders and setup. They conclude by finishing preparations and waiting for others to arrive.
[59] Evan: page-turner
[59] Vivian: oh
[59] Vivian: I can help you find it
[59] Evan: okay
[59] Vivian: let me help you
[59] Vivian: is it right here
[59] Evan: oh wait
[59] Vivian: what's wrong
[60] Evan: without the supervisor's permission
[60] Vivian: oh I'm so sorry I will find it in
[60] Vivian: another place
[60] Vivian: Where is that be placed
[61] Vivian: help us find it please
[61] Nova: okay

[Step 2] Evaluating semantic answer...
Action: [Answer]
Content: In the meeting room.
FINAL ANSWER (from graph):
In the meeting room.
Question: Why should Evan find the page turner?

[Step 1] Searching the graph...
Parse Query Output:
{
  "query_triple": ["<Evan>", "should find", "page turner", 0.95, 0.3, 0.7],
  "spatial_constraint": null,
  "speaker_strict": null,
  "allocation": {
    "k_high_level": 6,
    "k_low_level": 10,
    "k_conversations": 34,
    "total_k": 50,
    "reasoning": "This is a 'why' question about motivation/intent. Prioritize conversations for explanations, with some high-level edges for goals/relationships and a few low-level edges to capture actions involving Evan and the page turner."
  }
}

Graph Search Results:
**High-Level Information (Character Attributes and Relationships): **

Character Relationships:
- Evan collaborates with Vivian (90)
- Evan mentors Vivian (90)
- Evan supports Vivian (85)
- Nova supports Evan (80)
- Vivian colleague of Evan (85)
- Evan guides Vivian (80)

**Low-Level Information (Actions and Events): **

[34] Evan reviews page. (office meeting room)
[44] Evan points at paper. (office meeting room)
[45] Evan stands by printer. (office meeting room)
[45] Evan places paper. (office meeting room)
[45] Evan points at spot on paper. (office meeting room)
[49] Evan points at paper. (office meeting room)
[59] Evan is at shelf. (conference room)
[60] Evan stands near shelf. (conference room)
[61] Evan arranges paper. (meeting room)
[62] Evan looks at paper. (conference room)

**Conversations: **

Conversation 6: The group is preparing a meeting room while searching for a page/document that may be restricted. Evan notes cabinet documents are confidential and require supervisor permission, assigns room setup tasks, and mentions meetings occur every two days with Vivian handling arrangements. Vivian takes responsibility for finding the document elsewhere and managing logistics, while Nova assists with reminders and setup. They conclude by finishing preparations and waiting for others to arrive.
[59] Evan: I can't find the page
[59] Evan: page-turner
[59] Vivian: oh
[59] Vivian: I can help you find it
[59] Evan: okay
[59] Vivian: let me help you
[59] Vivian: is it right here
[61] Nova: okay
[61] Evan: it was still there a few days ago
[61] Evan: so keep finding
[61] Nova: Vivian
[61] Nova: your shoelaces were untied
[62] robot: your shoelaces were untied
[62] Vivian: oh thank you so much
[62] Vivian: Evan the pen right here
[62] Evan: thank you so much
[62] Evan: Nova please
[66] Vivian: oh where is the employees handbook
[66] Vivian: on the table
[66] Evan: Vivian the employee handbook is in the bag
[66] Vivian: oh yeah yeah yes
[66] Vivian: I forget it my brain
[67] Vivian: okay I finish it
[67] Evan: okay just wait for other
[67] Evan: to come

Conversation 2: A team in the finance department onboards Vivian, advising her to review the employee handbook without memorizing everything and to track tasks in Excel while focusing on statistics. Evan guides Vivian through monthly work arrangements and shares updated company regulations not in the handbook. Minnie reports a problem with a document’s quotation, prompting the team to correct, reprint, and resend it, with Nova assisting operationally.
[16] Minnie: see you
[16] Evan: bye Minnie
[16] Evan: you can take a look at the employee handbook first
[17] Vivian: okay
[17] Vivian: do I have to remember all of content
[17] Evan: oh
[17] Evan: just kidding
[17] Evan: um how could we remember all the content
[17] Evan: and take it easy
[17] Evan: as long as we work normally
[19] Evan: oh sorry
[19] Evan: I forgot to turn on air conditioning
[19] Evan: Nova please take the remote control and turn on it
[19] Nova: okay
[19] Vivian: thank you all
[20] Evan: Vivian
[20] Evan: sit down next to me and let's have a look about
[20] Evan: the working arrangement of this month
[21] Evan: let's do it together
[23] Evan: the company has introduced some
[23] Evan: new regulations that are not in the
[23] Evan: employee handbooks
[24] Evan: so let's contact the information and
[24] Evan: and
[27] Evan: so let me send the document to you
[27] Vivian: I got you
[28] Evan: let's look the documents together
[28] Evan: this is
[28] Evan: important
[28] Vivian: you say here
[28] Evan: yes
[29] Evan: put a new Excel or Word
[29] Evan: to remember the
[30] Evan: things we need to do
[30] Vivian: will do this by excel
[30] Evan: the most important things to do is to
[30] Evan: pay attention to the statistic
[30] Evan: in all the documents
[30] Vivian: alright
[30] Vivian: I'll remember that
[31] Evan: so let's have a look
[31] Vivian: hi Minnie
[31] Evan: just so serious what's wrong
[31] Minnie: the director just call me
[31] Minnie: the document has some problem
[32] Evan: okay
[32] Minnie: take out the document for me
[32] Minnie: thank you
[33] Minnie: the quotation
[33] Evan: okay let's make some changes
[33] Evan: reprint it and send it over
[33] Evan: take it easy Minnie
[33] Minnie: I will
[34] Minnie: Evan check this and I correct it
[34] Evan: help me
[35] Minnie: Nova: take the new A4 paper from the cabinet and put it into the printer

Conversation 3: The team discusses document issues after a responsible person resigned, emphasizing proper handover and deciding that revised files do not need to be sent to the director. Minnie assigns Evan and Nova to redo documents while she delivers a printed copy, and Evan coordinates tasks including filing and checking group messages. A meeting is scheduled in 10 minutes, with guidance to set up the room and devices, and Nova assists colleagues with small requests.
[37] Minnie: Nova take the stapler out of the cabinet
[37] Evan: okay
[38] Minnie: thank you
[38] Evan: let's change
[39] Minnie: Nova
[39] Minnie: put this into the cabinet
[43] Evan: Vivian
[43] Evan: you are not familiar with these documents
[43] Evan: just let me handle it
[43] Vivian: uh that is hard on you
[44] Vivian: doesn't the companies have the shredder
[44] Vivian: okay
[44] Evan: just
[44] Evan: finish
[44] Evan: and print
[45] Evan: Nova please take the discard
[45] Evan: file back
[45] Evan: into the
[46] Evan: into the cabinet
[46] Vivian: should the revised file also be submitted to the director
[47] Evan: just let me ask the supervisor
[48] Evan: no and that's the key point
[49] Evan: and
[49] Evan: you should pay attention
[49] Vivian: really is there anything to be
[49] Vivian: aware of all this

Conversation 1: Vivian arrives for an interview and asks about company benefits, team-building, and social expectations, receiving reassurance from Evan. Minnie, the finance department head, meets Vivian, praises her potential, and emphasizes learning and adhering to company rules via the employee handbook. Nova assists with small tasks at Evan’s request, indicating a supportive office environment. Overall, the conversation introduces roles, confirms positive culture and benefits, and sets expectations for new employees.
[3] Evan: Sam
[3] Evan: I'm not very familiar with him
[3] Evan: maybe he works in other department
[4] Vivian: alright so
[4] Vivian: will the participating in the team-buildings activities
[4] Vivian: so as the commer
[5] Vivian: do I need to treat everyone to afternoon tea and a meal
[5] Evan: no there's no need to please everyone
[5] Evan: but if you want we could
[5] Evan: we would certainly be willing
[8] character_1: water the plant on table
[8] character_1: I don't want to remind you every time
[8] Evan: got it
[8] Evan: um I will water it on time
[9] Minnie: I have seen your resumes while interviewing.
[12] Vivian: oh got it and I will definitely take a look when I go down
[12] Minnie: that's great
[12] Evan: oh
[12] Evan: Nova please take some tissue and
[12] Evan: wipe the conference table

Conversation 5: Evan asked Vivian if she could operate all the meeting room devices, but Vivian admitted she was unfamiliar. Evan took charge and instructed others to prepare the whiteboard and gather markers and an eraser. Nova acknowledged the instruction.
[55] Evan: please pull out of the
[55] Evan: whiteboard against the wall and
[56] Evan: take out the Mark pen and eraser from the drawer
[56] Nova: okay

[Step 2] Evaluating semantic answer...
Action: [Answer]
Content: Because the team was preparing a meeting and needed the page-turner to manage documents during it.
FINAL ANSWER (from graph):
Because the team was preparing a meeting and needed the page-turner to manage documents during it.
Question: Where is the employee handbook?

[Step 1] Searching the graph...
Parse Query Output:
{
  "query_triple": ["employee handbook", "is at", "?", 0.9, 0.5, 0.15],
  "spatial_constraint": null,
  "speaker_strict": null,
  "allocation": {
    "k_high_level": 2,
    "k_low_level": 40,
    "k_conversations": 8,
    "total_k": 50,
    "reasoning": "Spatial/location query about a specific object; prioritize low-level edges that encode object locations. Minimal high-level and a small portion of conversations in case location is mentioned in dialogue."
  }
}

Graph Search Results:
**High-Level Information (Character Attributes and Relationships): **

Character Attributes:
- character_1 is: seated (100), working at laptop (100)

**Low-Level Information (Actions and Events): **

[2] laptop bag is on table. (meeting room)
[3] paper is on table. (conference room)
[10] light-green folder is at head of table. (meeting room)
[11] character_1 points at paperwork. (meeting room)
[12] paper towel is on conference table. (office meeting room)
[13] conference table is at. (office meeting room)
[14] character_1 is at conference table. (office meeting room)
[16] Evan mentions employee handbook. (office meeting room)
[20] woman in navy is at conference table. (meeting room)
[22] Vivian looks at paperwork. (conference room)
[24] blue folder is on table. (office meeting room)
[25] black bag is on table. (office meeting room)
[25] smartphone is on black bag. (office meeting room)
[26] green folder is on table. (office conference room)
[28] document is on table. (office meeting room)
[34] statistics is on document. (office meeting room)
[35] Evan looks at paperwork. (office meeting room)
[36] printer is on conference table. (meeting room classroom)
[36] paper is at printer input. (meeting room classroom)
[39] paper is on table. (office meeting room)
[40] document is on shelf slot. (office meeting room)
[43] laptop is at far end of table. (office meeting room)
[43] Evan is at side. (office meeting room)
[44] Evan is at table. (office meeting room)
[45] paper is in printer. (office meeting room)
[45] spot is on paper. (office meeting room)
[45] document is on table. (office meeting room)
[46] document is on shelf. (office meeting room)
[47] paper is on table. (meeting room)
[48] paper is on table. (office meeting room)
[53] Evan is at table. (office meeting room)
[54] Evan is at table. (conference room)
[54] sheet of paper is on small wooden table. (conference room)
[54] sheet of paper is in box. (conference room)
[59] Vivian is at table. (conference room)
[59] Evan is at shelf. (conference room)
[62] few bottle of water is on conference table. (conference room)
[63] water bottle is on conference table. (meeting room)
[64] coworker is seated at conference table. (office meeting room)
[66] gloved hand is on black laptop sleeve. (office meeting area)

**Conversations: **

Conversation 6: The group is preparing a meeting room while searching for a page/document that may be restricted. Evan notes cabinet documents are confidential and require supervisor permission, assigns room setup tasks, and mentions meetings occur every two days with Vivian handling arrangements. Vivian takes responsibility for finding the document elsewhere and managing logistics, while Nova assists with reminders and setup. They conclude by finishing preparations and waiting for others to arrive.
[65] Vivian: Nova
[65] Vivian: please put the bags on the table next door
[66] Vivian: oh where is the employees handbook
[66] Vivian: on the table
[66] Evan: Vivian the employee handbook is in the bag
[66] Vivian: oh yeah yeah yes
[66] Vivian: I forget it my brain

Conversation 2: A team in the finance department onboards Vivian, advising her to review the employee handbook without memorizing everything and to track tasks in Excel while focusing on statistics. Evan guides Vivian through monthly work arrangements and shares updated company regulations not in the handbook. Minnie reports a problem with a document’s quotation, prompting the team to correct, reprint, and resend it, with Nova assisting operationally.
[16] Minnie: see you
[16] Evan: bye Minnie
[16] Evan: you can take a look at the employee handbook first
[17] Vivian: okay
[17] Vivian: do I have to remember all of content
[23] Evan: the company has introduced some
[23] Evan: new regulations that are not in the
[23] Evan: employee handbooks
[24] Evan: so let's contact the information and
[24] Evan: and
[24] Vivian: so Nova please help me take my phone out of my bag
[24] Vivian: and take this
[24] Vivian: hand uh employee handbook in
[25] Vivian: thank you so much
[26] robot: wait a moment

Conversation 1: Vivian arrives for an interview and asks about company benefits, team-building, and social expectations, receiving reassurance from Evan. Minnie, the finance department head, meets Vivian, praises her potential, and emphasizes learning and adhering to company rules via the employee handbook. Nova assists with small tasks at Evan’s request, indicating a supportive office environment. Overall, the conversation introduces roles, confirms positive culture and benefits, and sets expectations for new employees.
[9] Minnie: Young people like you.
[9] Vivian: Oh that's all kinds thank you.
[10] Minnie: bring the employee handbooks to me from the table
[11] Minnie: Every new employee needs to realize our company's rules.
[11] Minnie: And we need you to memorize the rules.
[11] Minnie: And then try not to make mistakes.

Conversation 3: The team discusses document issues after a responsible person resigned, emphasizing proper handover and deciding that revised files do not need to be sent to the director. Minnie assigns Evan and Nova to redo documents while she delivers a printed copy, and Evan coordinates tasks including filing and checking group messages. A meeting is scheduled in 10 minutes, with guidance to set up the room and devices, and Nova assists colleagues with small requests.
[49] Vivian: really is there anything to be
[49] Vivian: aware of all this
[49] Evan: yes you know as an employee we should
[49] Evan: set up the meeting rooms and turn on the
[50] Evan: devices in the meeting room and then wait for the leader

[Step 2] Evaluating semantic answer...
Action: [Answer]
Content: In Vivian’s bag.
FINAL ANSWER (from graph):
In Vivian’s bag.
Question: Does Vivian like working overtime?

[Step 1] Searching the graph...
Parse Query Output:
{
  "query_triple": ["<Vivian>", "likes working overtime", null, 0.95, 0.35, 0.1],
  "spatial_constraint": null,
  "speaker_strict": null,
  "allocation": {
    "k_high_level": 8,
    "k_low_level": 12,
    "k_conversations": 30,
    "total_k": 50,
    "reasoning": "Preference/attitude query about overtime. Use high-level edges for traits/preferences, conversations to capture explicit statements or complaints, and some low-level edges for evidence of repeated overtime behavior."
  }
}

Graph Search Results:
**High-Level Information (Character Attributes and Relationships): **

Character Attributes:
- Vivian is: long dark hair (100), female (100), slim (100), white sneakers (100), white jacket with red and navy panels (100), camouflage wide-leg pants (100), newcomer/trainee (95), eager to learn (90)

**Low-Level Information (Actions and Events): **

[9] Vivian works on desktop computer. (office meeting room)
[15] Vivian shifts occasionally drink bottle. (office meeting room)
[18] Vivian works on paper. (office)
[18] Vivian works beside Vivian's laptop. (office)
[21] Vivian leans toward Minnie. (office)
[31] Vivian leans toward Minnie. (office meeting room)
[42] Minnie resumes working with Vivian. (office meeting room)
[59] Vivian operates display. (conference room)
[59] Vivian continues working with cable. (conference room)
[59] Vivian continues working with screen. (conference room)
[59] Vivian keeps operating TV connection. (conference room)
[61] Vivian looks on floor. (meeting room)

**Conversations: **

Conversation 2: A team in the finance department onboards Vivian, advising her to review the employee handbook without memorizing everything and to track tasks in Excel while focusing on statistics. Evan guides Vivian through monthly work arrangements and shares updated company regulations not in the handbook. Minnie reports a problem with a document’s quotation, prompting the team to correct, reprint, and resend it, with Nova assisting operationally.
[16] Evan: bye Minnie
[16] Evan: you can take a look at the employee handbook first
[17] Vivian: okay
[17] Vivian: do I have to remember all of content
[17] Evan: oh
[21] Evan: let's do it together
[22] Vivian: oh my God
[22] Vivian: the workload of a month is quite large
[22] Vivian: do you usually need to work overtime
[22] Evan: there are a total of 8 people in the finance department
[23] Evan: we are always busy at the end of the month
[23] Evan: so usually we don't need to work overtime
[23] Evan: and in recent years
[23] Evan: the company has introduced some
[24] Vivian: so Nova please help me take my phone out of my bag
[24] Vivian: and take this
[24] Vivian: hand uh employee handbook in
[25] Vivian: thank you so much
[26] robot: wait a moment
[27] Evan: so let me send the document to you
[30] Evan: pay attention to the statistic
[30] Evan: in all the documents
[30] Vivian: alright
[30] Vivian: I'll remember that
[31] Evan: so let's have a look

Conversation 3: The team discusses document issues after a responsible person resigned, emphasizing proper handover and deciding that revised files do not need to be sent to the director. Minnie assigns Evan and Nova to redo documents while she delivers a printed copy, and Evan coordinates tasks including filing and checking group messages. A meeting is scheduled in 10 minutes, with guidance to set up the room and devices, and Nova assists colleagues with small requests.
[43] Minnie: redo this
[43] Evan: give you
[43] Vivian: what
[43] Minnie: see you later
[43] Evan: bye
[43] Evan: you are not familiar with these documents
[43] Evan: just let me handle it
[43] Vivian: uh that is hard on you
[44] Vivian: doesn't the companies have the shredder
[44] Evan: it's broken and has been sent for
[44] Evan: repair
[44] Vivian: okay
[44] Evan: just
[44] Evan: finish
[48] Vivian: okay this is a
[48] Vivian: good opportunity to get to know everyone
[48] Vivian: do we need to
[48] Vivian: prepare anything
[48] Evan: no and that's the key point
[49] Evan: and
[49] Evan: you should pay attention
[49] Vivian: really is there anything to be
[49] Vivian: aware of all this
[49] Evan: yes you know as an employee we should
[49] Evan: set up the meeting rooms and turn on the
[50] Evan: devices in the meeting room and then wait for the leader
[50] Vivian: oh
[50] Vivian: got it
[50] Evan: oh what's wrong
[50] Vivian: Nova please bring uh bring my clothes over
[50] Vivian: thank you
[50] Evan: you feel a little bit cold
[50] Vivian: yes
[50] Evan: the air conditioning temperature is a little bit low so
[51] Vivian: thank you so much

Conversation 6: The group is preparing a meeting room while searching for a page/document that may be restricted. Evan notes cabinet documents are confidential and require supervisor permission, assigns room setup tasks, and mentions meetings occur every two days with Vivian handling arrangements. Vivian takes responsibility for finding the document elsewhere and managing logistics, while Nova assists with reminders and setup. They conclude by finishing preparations and waiting for others to arrive.
[59] Evan: I can't find the page
[59] Evan: page-turner
[59] Vivian: oh
[59] Vivian: I can help you find it
[59] Evan: okay
[59] Vivian: let me help you
[59] Vivian: is it right here
[59] Evan: oh wait
[59] Vivian: what's wrong
[60] Evan: without the supervisor's permission
[60] Vivian: oh I'm so sorry I will find it in
[60] Vivian: another place
[60] Vivian: Where is that be placed
[61] Vivian: help us find it please
[65] Vivian: Nova
[65] Vivian: please put the bags on the table next door
[66] Vivian: oh where is the employees handbook
[66] Vivian: on the table
[66] Evan: Vivian the employee handbook is in the bag
[66] Vivian: oh yeah yeah yes
[66] Vivian: I forget it my brain
[67] Vivian: okay I finish it

Conversation 1: Vivian arrives for an interview and asks about company benefits, team-building, and social expectations, receiving reassurance from Evan. Minnie, the finance department head, meets Vivian, praises her potential, and emphasizes learning and adhering to company rules via the employee handbook. Nova assists with small tasks at Evan’s request, indicating a supportive office environment. Overall, the conversation introduces roles, confirms positive culture and benefits, and sets expectations for new employees.
[1] Vivian: Okay, thank you Evan.
[1] Evan: A bottle of water and some tissue for you.
[1] Vivian: Oh.
[2] Vivian: oh
[2] Vivian: I have any question
[2] Vivian: ask you so
[2] Vivian: what are the benefits and welfare of our company
[2] Evan: compared to other companies, it's quite good
[3] Vivian: oh my seniors
[3] Vivian: say this place is good
[3] Vivian: so I come for an interview
[3] Vivian: and unexactly I got accepted
[3] Evan: who's your senior
[3] Evan: maybe he works in other department
[4] Vivian: alright so
[4] Vivian: will the participating in the team-buildings activities
[4] Vivian: affect the evolution
[4] Evan: we have sufficient budget for team-building
[4] Vivian: know I know this
[4] Vivian: so as the commer
[5] Vivian: do I need to treat everyone to afternoon tea and a meal
[5] Evan: no there's no need to please everyone
[5] Evan: but if you want we could

[Step 2] Evaluating semantic answer...
Action: [Answer]
Content: No, she prefers not to work overtime, as Evan says they usually don’t need to and Vivian expresses concern about the workload.
FINAL ANSWER (from graph):
No, she prefers not to work overtime, as Evan says they usually don’t need to and Vivian expresses concern about the workload.
Question: How many kinds of things were taken from the cabinet?

[Step 1] Searching the graph...
Parse Query Output:
{
  "query_triple": ["cabinet", "things taken count", "?", 0.6, 0.3, 0.2],
  "spatial_constraint": "cabinet",
  "speaker_strict": null,
  "allocation": {
    "k_high_level": 3,
    "k_low_level": 40,
    "k_conversations": 7,
    "total_k": 50,
    "reasoning": "Quantitative action query about items taken from a specific location; prioritize low-level edges capturing take/remove actions and item types from the cabinet, minimal need for high-level edges, limited conversations for incidental mentions."
  }
}

Graph Search Results:
**High-Level Information (Character Attributes and Relationships): **

Character Attributes:
- robot is: camera holder (100), no visible face (100), black gloves (100)

**Low-Level Information (Actions and Events): **

[4] Vivian faces across room. (conference room)
[6] Vivian stands near shelf. (meeting room)
[6] Vivian holds folder. (meeting room)
[6] roll is on shelf. (meeting room)
[6] Vivian walks from shelf. (meeting room)
[14] robot inspects compartment of white cubby shelf. (office meeting room)
[14] Vivian walks past cubby shelf. (office meeting room)
[18] bag is on chair. (office)
[18] chair is by window. (office)
[21] robot walks through office. (office)
[26] robot scans room. (office conference room)
[32] robot moves toward shelf. (office meeting room)
[33] meeting area has shelf. (office meeting room)
[33] camera views room. (office meeting room)
[35] new A4 paper is from cabinet. (office meeting room)
[35] Nova walks toward white cubby cabinet. (office meeting room)
[37] Minnie looks toward shelving cabinet on the right side of the room. (office meeting room)
[37] Nova takes out of cabinet. (office meeting room)
[37] Evan turns toward cabinet area. (office meeting room)
[39] Minnie glances toward shelving cabinet. (office meeting room)
[40] stack of paper is on shelf. (office meeting room)
[46] document is on shelf. (office meeting room)
[46] stack of paper is on shelf. (office meeting room)
[46] robot walks away from shelf. (office meeting room)
[53] robot walks through room. (office meeting room)
[53] robot looks toward shelf. (office meeting room)
[53] shelf is near wall. (office meeting room)
[54] robot films office-like room. (conference room)
[54] office-like room has desk. (conference room)
[54] office-like room has monitor. (conference room)
[54] robot puts into box. (conference room)
[54] robot walks back across room. (conference room)
[55] robot looks at shelf. (meeting room)
[59] Evan walks toward shelf. (conference room)
[59] Vivian points toward shelf. (conference room)
[59] Evan searches cubby shelf on right. (conference room)
[59] Evan is at shelf. (conference room)
[60] Evan stands near shelf. (conference room)
[62] robot walks toward side table. (conference room)
[65] small side table is near shelf. (meeting room)

**Conversations: **

Conversation 6: The group is preparing a meeting room while searching for a page/document that may be restricted. Evan notes cabinet documents are confidential and require supervisor permission, assigns room setup tasks, and mentions meetings occur every two days with Vivian handling arrangements. Vivian takes responsibility for finding the document elsewhere and managing logistics, while Nova assists with reminders and setup. They conclude by finishing preparations and waiting for others to arrive.
[59] Evan: oh wait
[59] Vivian: what's wrong
[59] Evan: the documents in the cabinet
[60] Evan: are confidential
[60] Evan: and as the staff

Conversation 3: The team discusses document issues after a responsible person resigned, emphasizing proper handover and deciding that revised files do not need to be sent to the director. Minnie assigns Evan and Nova to redo documents while she delivers a printed copy, and Evan coordinates tasks including filing and checking group messages. A meeting is scheduled in 10 minutes, with guidance to set up the room and devices, and Nova assists colleagues with small requests.
[37] Minnie: Nova take the stapler out of the cabinet
[37] Evan: okay
[38] Minnie: thank you
[38] Evan: let's change
[39] Minnie: Nova
[39] Minnie: put this into the cabinet
[40] Nova: okay
[40] Evan: oh
[45] Evan: file back
[45] Evan: into the
[46] Evan: into the cabinet
[46] Vivian: should the revised file also be submitted to the director
[47] Evan: just let me ask the supervisor

Conversation 5: Evan asked Vivian if she could operate all the meeting room devices, but Vivian admitted she was unfamiliar. Evan took charge and instructed others to prepare the whiteboard and gather markers and an eraser. Nova acknowledged the instruction.
[55] Evan: please pull out of the
[55] Evan: whiteboard against the wall and
[56] Evan: take out the Mark pen and eraser from the drawer
[56] Nova: okay

Conversation 2: A team in the finance department onboards Vivian, advising her to review the employee handbook without memorizing everything and to track tasks in Excel while focusing on statistics. Evan guides Vivian through monthly work arrangements and shares updated company regulations not in the handbook. Minnie reports a problem with a document’s quotation, prompting the team to correct, reprint, and resend it, with Nova assisting operationally.
[22] Vivian: the workload of a month is quite large
[22] Vivian: do you usually need to work overtime
[22] Evan: there are a total of 8 people in the finance department
[23] Evan: we are always busy at the end of the month
[23] Evan: so usually we don't need to work overtime
[31] Minnie: the document has some problem
[32] Evan: okay
[32] Minnie: take out the document for me
[32] Minnie: thank you
[32] Vivian: about the document where is the problem

[Step 2] Evaluating semantic answer...
Action: [Answer]
Content: Two kinds of things: a stapler and a document.
FINAL ANSWER (from graph):
Two kinds of things: a stapler and a document.
Question: Is the atmosphere of the company serious?

[Step 1] Searching the graph...
Parse Query Output:
{
  "query_triple": ["<company>", "atmosphere", "serious", 0.8, 0.3, 0.6],
  "spatial_constraint": null,
  "speaker_strict": null,
  "allocation": {
    "k_high_level": 8,
    "k_low_level": 12,
    "k_conversations": 30,
    "total_k": 50,
    "reasoning": "This is a high-level attribute question about the company's atmosphere (seriousness). Use high-level edges for traits, and rely on conversations to gauge tone/context; include some low-level edges for supporting actions indicative of seriousness."
  }
}

Graph Search Results:
**High-Level Information (Character Attributes and Relationships): **

Character Attributes:
- character_1 is: medium build (100), working at laptop (100), seated (100), female (100)
- character_2 is: slim (100)
- robot is: no visible face (100), camera holder (100), black gloves (100)

**Low-Level Information (Actions and Events): **

[4] company has sufficient budget for team-building. (conference room)
[4] everyone in company can have great time. (conference room)
[6] Vivian greets group. (meeting room)
[7] Evan speaks to group. (meeting room)
[14] robot walks through office. (office meeting room)
[16] group asks Evan. (office meeting room)
[16] group has question. (office meeting room)
[16] Evan addresses group. (office meeting room)
[20] robot invites someone. (meeting room)
[21] robot walks through office. (office)
[26] robot says to wait a moment to group. (office conference room)
[34] Evan asks for assistance from group. (office meeting room)

**Conversations: **

Conversation 1: Vivian arrives for an interview and asks about company benefits, team-building, and social expectations, receiving reassurance from Evan. Minnie, the finance department head, meets Vivian, praises her potential, and emphasizes learning and adhering to company rules via the employee handbook. Nova assists with small tasks at Evan’s request, indicating a supportive office environment. Overall, the conversation introduces roles, confirms positive culture and benefits, and sets expectations for new employees.
[2] Vivian: I have any question
[2] Vivian: ask you so
[2] Vivian: what are the benefits and welfare of our company
[2] Evan: compared to other companies, it's quite good
[3] Vivian: oh my seniors
[3] Vivian: say this place is good
[3] Vivian: so I come for an interview
[3] Vivian: and unexactly I got accepted
[3] Evan: who's your senior
[3] Evan: Sam
[3] Evan: I'm not very familiar with him
[3] Evan: maybe he works in other department
[4] Vivian: alright so
[4] Vivian: will the participating in the team-buildings activities
[4] Vivian: affect the evolution
[4] Evan: we have sufficient budget for team-building
[4] Evan: so everyone in our company can have a great time
[4] Vivian: know I know this
[4] Vivian: so as the commer
[6] Vivian: welcome
[6] Evan: Vivian this is Minnie the head of
[6] Evan: finance department
[6] Vivian: oh hello
[6] Vivian: Minnie I am Vivian
[6] Vivian: just start today's
[6] Vivian: please take care of me in the future
[6] character_1: relax let's sit down and talk
[7] Minnie: relax let's sit down and talk
[7] Evan: Nova please take a bottle of water to Minnie
[9] Vivian: Please be more forgiving to me thank you.
[9] Minnie: No need to be modest.
[9] Minnie: Our company needs
[9] Minnie: Young people like you.
[9] Vivian: Oh that's all kinds thank you.
[10] Minnie: bring the employee handbooks to me from the table
[11] Minnie: Every new employee needs to realize our company's rules.
[11] Minnie: And we need you to memorize the rules.
[11] Minnie: And then try not to make mistakes.

Conversation 2: A team in the finance department onboards Vivian, advising her to review the employee handbook without memorizing everything and to track tasks in Excel while focusing on statistics. Evan guides Vivian through monthly work arrangements and shares updated company regulations not in the handbook. Minnie reports a problem with a document’s quotation, prompting the team to correct, reprint, and resend it, with Nova assisting operationally.
[16] Minnie: see you
[16] Evan: bye Minnie
[16] Evan: you can take a look at the employee handbook first
[17] Vivian: okay
[17] Vivian: do I have to remember all of content
[17] Evan: um how could we remember all the content
[17] Evan: and take it easy
[17] Evan: as long as we work normally
[17] Evan: there won't any problems
[18] Vivian: okay thank you
[20] Evan: Vivian
[20] Evan: sit down next to me and let's have a look about
[20] Evan: the working arrangement of this month
[21] Evan: let's do it together
[22] Vivian: oh my God
[22] Vivian: the workload of a month is quite large
[22] Vivian: do you usually need to work overtime
[22] Evan: there are a total of 8 people in the finance department
[23] Evan: we are always busy at the end of the month
[23] Evan: so usually we don't need to work overtime
[23] Evan: and in recent years
[23] Evan: the company has introduced some
[23] Evan: new regulations that are not in the
[23] Evan: employee handbooks
[24] Evan: so let's contact the information and
[24] Evan: and
[24] Vivian: so Nova please help me take my phone out of my bag
[24] Vivian: and take this
[24] Vivian: hand uh employee handbook in
[25] Vivian: thank you so much
[26] robot: wait a moment
[31] Evan: so let's have a look
[31] Vivian: hi Minnie
[31] Evan: just so serious what's wrong
[31] Minnie: the director just call me
[31] Minnie: the document has some problem

Conversation 6: The group is preparing a meeting room while searching for a page/document that may be restricted. Evan notes cabinet documents are confidential and require supervisor permission, assigns room setup tasks, and mentions meetings occur every two days with Vivian handling arrangements. Vivian takes responsibility for finding the document elsewhere and managing logistics, while Nova assists with reminders and setup. They conclude by finishing preparations and waiting for others to arrive.
[63] Evan: Vivian it's almost done
[63] Evan: and I want to tell you
[63] Evan: we usually have a meeting every 2 days
[63] Evan: arrangements of the meeting room just leave for you
[64] Vivian: okay don't worry let me do it
[65] Vivian: Nova
[65] Vivian: please put the bags on the table next door
[66] Vivian: oh where is the employees handbook
[66] Vivian: on the table
[66] Evan: Vivian the employee handbook is in the bag
[66] Vivian: oh yeah yeah yes
[66] Vivian: I forget it my brain

Conversation 3: The team discusses document issues after a responsible person resigned, emphasizing proper handover and deciding that revised files do not need to be sent to the director. Minnie assigns Evan and Nova to redo documents while she delivers a printed copy, and Evan coordinates tasks including filing and checking group messages. A meeting is scheduled in 10 minutes, with guidance to set up the room and devices, and Nova assists colleagues with small requests.
[41] Evan: that the project date is incorrect
[41] Minnie: thank you Evan
[42] Minnie: so before employees resign
[42] Minnie: they must hand over their work properly before leaving
[42] Minnie: otherwise if something goes wrong
[43] Evan: just let me handle it
[43] Vivian: uh that is hard on you
[44] Vivian: doesn't the companies have the shredder
[44] Evan: it's broken and has been sent for
[44] Evan: repair
[48] Evan: and take out your phone
[48] Evan: just check the group message
[48] Evan: the supervisor said there will be a meeting
[48] Evan: 10 minutes and they will introduce you to everyone
[48] Vivian: okay this is a
[48] Vivian: good opportunity to get to know everyone
[48] Vivian: do we need to
[48] Vivian: prepare anything
[49] Vivian: really is there anything to be
[49] Vivian: aware of all this
[49] Evan: yes you know as an employee we should
[49] Evan: set up the meeting rooms and turn on the
[50] Evan: devices in the meeting room and then wait for the leader

[Step 2] Evaluating semantic answer...
Action: [Answer]
Content: No, the company atmosphere appears supportive and positive rather than serious.
FINAL ANSWER (from graph):
No, the company atmosphere appears supportive and positive rather than serious.
✓ Updated results.json for meeting_room_03 (12 questions)
✓ Cleaned up video and frames for meeting_room_03

============================================================
Processing video: living_room_12
============================================================
Downloading 1 video(s) to data/videos...

Downloading living_room_12.mp4...
✓ Successfully downloaded living_room_12.mp4 to data/videos/living_room_12.mp4

============================================================
Download Summary:
  Successful: 1/1
============================================================

============================================================
[1/1] Processing: living_room_12
============================================================
Video: data/videos/living_room_12.mp4
Subtitles: data/subtitles/robot/living_room_12.srt
Output: data/frames/living_room_12
============================================================

Parsing subtitle file: data/subtitles/robot/living_room_12.srt
Found 259 subtitle entries
Video: 1280x720, 30.00 FPS, 64020 frames, 2134.00s duration

Extracting frames with subtitles...
Grouping frames into folders of 30 frames each
  Saved 10 frames (up to 9s, folder 1)
  Saved 20 frames (up to 19s, folder 1)
  Saved 30 frames (up to 29s, folder 1)
  Saved 40 frames (up to 39s, folder 2)
  Saved 50 frames (up to 49s, folder 2)
  Saved 60 frames (up to 59s, folder 2)
  Saved 70 frames (up to 69s, folder 3)
  Saved 80 frames (up to 79s, folder 3)
  Saved 90 frames (up to 89s, folder 3)
  Saved 100 frames (up to 99s, folder 4)
  Saved 110 frames (up to 109s, folder 4)
  Saved 120 frames (up to 119s, folder 4)
  Saved 130 frames (up to 129s, folder 5)
  Saved 140 frames (up to 139s, folder 5)
  Saved 150 frames (up to 149s, folder 5)
  Saved 160 frames (up to 159s, folder 6)
  Saved 170 frames (up to 169s, folder 6)
  Saved 180 frames (up to 179s, folder 6)
  Saved 190 frames (up to 189s, folder 7)
  Saved 200 frames (up to 199s, folder 7)
  Saved 210 frames (up to 209s, folder 7)
  Saved 220 frames (up to 219s, folder 8)
  Saved 230 frames (up to 229s, folder 8)
  Saved 240 frames (up to 239s, folder 8)
  Saved 250 frames (up to 249s, folder 9)
  Saved 260 frames (up to 259s, folder 9)
  Saved 270 frames (up to 269s, folder 9)
  Saved 280 frames (up to 279s, folder 10)
  Saved 290 frames (up to 289s, folder 10)
  Saved 300 frames (up to 299s, folder 10)
  Saved 310 frames (up to 309s, folder 11)
  Saved 320 frames (up to 319s, folder 11)
  Saved 330 frames (up to 329s, folder 11)
  Saved 340 frames (up to 339s, folder 12)
  Saved 350 frames (up to 349s, folder 12)
  Saved 360 frames (up to 359s, folder 12)
  Saved 370 frames (up to 369s, folder 13)
  Saved 380 frames (up to 379s, folder 13)
  Saved 390 frames (up to 389s, folder 13)
  Saved 400 frames (up to 399s, folder 14)
  Saved 410 frames (up to 409s, folder 14)
  Saved 420 frames (up to 419s, folder 14)
  Saved 430 frames (up to 429s, folder 15)
  Saved 440 frames (up to 439s, folder 15)
  Saved 450 frames (up to 449s, folder 15)
  Saved 460 frames (up to 459s, folder 16)
  Saved 470 frames (up to 469s, folder 16)
  Saved 480 frames (up to 479s, folder 16)
  Saved 490 frames (up to 489s, folder 17)
  Saved 500 frames (up to 499s, folder 17)
  Saved 510 frames (up to 509s, folder 17)
  Saved 520 frames (up to 519s, folder 18)
  Saved 530 frames (up to 529s, folder 18)
  Saved 540 frames (up to 539s, folder 18)
  Saved 550 frames (up to 549s, folder 19)
  Saved 560 frames (up to 559s, folder 19)
  Saved 570 frames (up to 569s, folder 19)
  Saved 580 frames (up to 579s, folder 20)
  Saved 590 frames (up to 589s, folder 20)
  Saved 600 frames (up to 599s, folder 20)
  Saved 610 frames (up to 609s, folder 21)
  Saved 620 frames (up to 619s, folder 21)
  Saved 630 frames (up to 629s, folder 21)
  Saved 640 frames (up to 639s, folder 22)
  Saved 650 frames (up to 649s, folder 22)
  Saved 660 frames (up to 659s, folder 22)
  Saved 670 frames (up to 669s, folder 23)
  Saved 680 frames (up to 679s, folder 23)
  Saved 690 frames (up to 689s, folder 23)
  Saved 700 frames (up to 699s, folder 24)
  Saved 710 frames (up to 709s, folder 24)
  Saved 720 frames (up to 719s, folder 24)
  Saved 730 frames (up to 729s, folder 25)
  Saved 740 frames (up to 739s, folder 25)
  Saved 750 frames (up to 749s, folder 25)
  Saved 760 frames (up to 759s, folder 26)
  Saved 770 frames (up to 769s, folder 26)
  Saved 780 frames (up to 779s, folder 26)
  Saved 790 frames (up to 789s, folder 27)
  Saved 800 frames (up to 799s, folder 27)
  Saved 810 frames (up to 809s, folder 27)
  Saved 820 frames (up to 819s, folder 28)
  Saved 830 frames (up to 829s, folder 28)
  Saved 840 frames (up to 839s, folder 28)
  Saved 850 frames (up to 849s, folder 29)
  Saved 860 frames (up to 859s, folder 29)
  Saved 870 frames (up to 869s, folder 29)
  Saved 880 frames (up to 879s, folder 30)
  Saved 890 frames (up to 889s, folder 30)
  Saved 900 frames (up to 899s, folder 30)
  Saved 910 frames (up to 909s, folder 31)
  Saved 920 frames (up to 919s, folder 31)
  Saved 930 frames (up to 929s, folder 31)
  Saved 940 frames (up to 939s, folder 32)
  Saved 950 frames (up to 949s, folder 32)
  Saved 960 frames (up to 959s, folder 32)
  Saved 970 frames (up to 969s, folder 33)
  Saved 980 frames (up to 979s, folder 33)
  Saved 990 frames (up to 989s, folder 33)
  Saved 1000 frames (up to 999s, folder 34)
  Saved 1010 frames (up to 1009s, folder 34)
  Saved 1020 frames (up to 1019s, folder 34)
  Saved 1030 frames (up to 1029s, folder 35)
  Saved 1040 frames (up to 1039s, folder 35)
  Saved 1050 frames (up to 1049s, folder 35)
  Saved 1060 frames (up to 1059s, folder 36)
  Saved 1070 frames (up to 1069s, folder 36)
  Saved 1080 frames (up to 1079s, folder 36)
  Saved 1090 frames (up to 1089s, folder 37)
  Saved 1100 frames (up to 1099s, folder 37)
  Saved 1110 frames (up to 1109s, folder 37)
  Saved 1120 frames (up to 1119s, folder 38)
  Saved 1130 frames (up to 1129s, folder 38)
  Saved 1140 frames (up to 1139s, folder 38)
  Saved 1150 frames (up to 1149s, folder 39)
  Saved 1160 frames (up to 1159s, folder 39)
  Saved 1170 frames (up to 1169s, folder 39)
  Saved 1180 frames (up to 1179s, folder 40)
  Saved 1190 frames (up to 1189s, folder 40)
  Saved 1200 frames (up to 1199s, folder 40)
  Saved 1210 frames (up to 1209s, folder 41)
  Saved 1220 frames (up to 1219s, folder 41)
  Saved 1230 frames (up to 1229s, folder 41)
  Saved 1240 frames (up to 1239s, folder 42)
  Saved 1250 frames (up to 1249s, folder 42)
  Saved 1260 frames (up to 1259s, folder 42)
  Saved 1270 frames (up to 1269s, folder 43)
  Saved 1280 frames (up to 1279s, folder 43)
  Saved 1290 frames (up to 1289s, folder 43)
  Saved 1300 frames (up to 1299s, folder 44)
  Saved 1310 frames (up to 1309s, folder 44)
  Saved 1320 frames (up to 1319s, folder 44)
  Saved 1330 frames (up to 1329s, folder 45)
  Saved 1340 frames (up to 1339s, folder 45)
  Saved 1350 frames (up to 1349s, folder 45)
  Saved 1360 frames (up to 1359s, folder 46)
  Saved 1370 frames (up to 1369s, folder 46)
  Saved 1380 frames (up to 1379s, folder 46)
  Saved 1390 frames (up to 1389s, folder 47)
  Saved 1400 frames (up to 1399s, folder 47)
  Saved 1410 frames (up to 1409s, folder 47)
  Saved 1420 frames (up to 1419s, folder 48)
  Saved 1430 frames (up to 1429s, folder 48)
  Saved 1440 frames (up to 1439s, folder 48)
  Saved 1450 frames (up to 1449s, folder 49)
  Saved 1460 frames (up to 1459s, folder 49)
  Saved 1470 frames (up to 1469s, folder 49)
  Saved 1480 frames (up to 1479s, folder 50)
  Saved 1490 frames (up to 1489s, folder 50)
  Saved 1500 frames (up to 1499s, folder 50)
  Saved 1510 frames (up to 1509s, folder 51)
  Saved 1520 frames (up to 1519s, folder 51)
  Saved 1530 frames (up to 1529s, folder 51)
  Saved 1540 frames (up to 1539s, folder 52)
  Saved 1550 frames (up to 1549s, folder 52)
  Saved 1560 frames (up to 1559s, folder 52)
  Saved 1570 frames (up to 1569s, folder 53)
  Saved 1580 frames (up to 1579s, folder 53)
  Saved 1590 frames (up to 1589s, folder 53)
  Saved 1600 frames (up to 1599s, folder 54)
  Saved 1610 frames (up to 1609s, folder 54)
  Saved 1620 frames (up to 1619s, folder 54)
  Saved 1630 frames (up to 1629s, folder 55)
  Saved 1640 frames (up to 1639s, folder 55)
  Saved 1650 frames (up to 1649s, folder 55)
  Saved 1660 frames (up to 1659s, folder 56)
  Saved 1670 frames (up to 1669s, folder 56)
  Saved 1680 frames (up to 1679s, folder 56)
  Saved 1690 frames (up to 1689s, folder 57)
  Saved 1700 frames (up to 1699s, folder 57)
  Saved 1710 frames (up to 1709s, folder 57)
  Saved 1720 frames (up to 1719s, folder 58)
  Saved 1730 frames (up to 1729s, folder 58)
  Saved 1740 frames (up to 1739s, folder 58)
  Saved 1750 frames (up to 1749s, folder 59)
  Saved 1760 frames (up to 1759s, folder 59)
  Saved 1770 frames (up to 1769s, folder 59)
  Saved 1780 frames (up to 1779s, folder 60)
  Saved 1790 frames (up to 1789s, folder 60)
  Saved 1800 frames (up to 1799s, folder 60)
  Saved 1810 frames (up to 1809s, folder 61)
  Saved 1820 frames (up to 1819s, folder 61)
  Saved 1830 frames (up to 1829s, folder 61)
  Saved 1840 frames (up to 1839s, folder 62)
  Saved 1850 frames (up to 1849s, folder 62)
  Saved 1860 frames (up to 1859s, folder 62)
  Saved 1870 frames (up to 1869s, folder 63)
  Saved 1880 frames (up to 1879s, folder 63)
  Saved 1890 frames (up to 1889s, folder 63)
  Saved 1900 frames (up to 1899s, folder 64)
  Saved 1910 frames (up to 1909s, folder 64)
  Saved 1920 frames (up to 1919s, folder 64)
  Saved 1930 frames (up to 1929s, folder 65)
  Saved 1940 frames (up to 1939s, folder 65)
  Saved 1950 frames (up to 1949s, folder 65)
  Saved 1960 frames (up to 1959s, folder 66)
  Saved 1970 frames (up to 1969s, folder 66)
  Saved 1980 frames (up to 1979s, folder 66)
  Saved 1990 frames (up to 1989s, folder 67)
  Saved 2000 frames (up to 1999s, folder 67)
  Saved 2010 frames (up to 2009s, folder 67)
  Saved 2020 frames (up to 2019s, folder 68)
  Saved 2030 frames (up to 2029s, folder 68)
  Saved 2040 frames (up to 2039s, folder 68)
  Saved 2050 frames (up to 2049s, folder 69)
  Saved 2060 frames (up to 2059s, folder 69)
  Saved 2070 frames (up to 2069s, folder 69)
  Saved 2080 frames (up to 2079s, folder 70)
  Saved 2090 frames (up to 2089s, folder 70)
  Saved 2100 frames (up to 2099s, folder 70)
  Saved 2110 frames (up to 2109s, folder 71)
  Saved 2120 frames (up to 2119s, folder 71)
  Saved 2130 frames (up to 2129s, folder 71)

✓ Extracted 2134 frames to data/frames/living_room_12

✓ Successfully processed living_room_12: 2134 frames saved
--------------------------------
Processing folder:  data/frames/living_room_12/1
Inserted 21 triples into graph for clip 1
--------------------------------
Processing folder:  data/frames/living_room_12/2
Inserted 23 triples into graph for clip 2
--------------------------------
Processing folder:  data/frames/living_room_12/3
Inserted 5 triples into graph for clip 3
--------------------------------
Processing folder:  data/frames/living_room_12/4
Inserted 10 triples into graph for clip 4
--------------------------------
Processing folder:  data/frames/living_room_12/5
Inserted 11 triples into graph for clip 5
--------------------------------
Processing folder:  data/frames/living_room_12/6
Inserted 18 triples into graph for clip 6
--------------------------------
Processing folder:  data/frames/living_room_12/7
Inserted 30 triples into graph for clip 7
--------------------------------
Processing folder:  data/frames/living_room_12/8
Extracting summary for completed conversation 1...
✓ Conversation summary extracted. Attributes: 7, Relationships: 4
Inserted 18 triples into graph for clip 8
--------------------------------
Processing folder:  data/frames/living_room_12/9
Inserted 36 triples into graph for clip 9
--------------------------------
Processing folder:  data/frames/living_room_12/10
Extracting summary for completed conversation 2...
✓ Conversation summary extracted. Attributes: 4, Relationships: 2
Inserted 26 triples into graph for clip 10
--------------------------------
Processing folder:  data/frames/living_room_12/11
Inserted 12 triples into graph for clip 11
--------------------------------
Processing folder:  data/frames/living_room_12/12
Inserted 18 triples into graph for clip 12
--------------------------------
Processing folder:  data/frames/living_room_12/13
Inserted 39 triples into graph for clip 13
--------------------------------
Processing folder:  data/frames/living_room_12/14
Extracting summary for completed conversation 3...
✓ Conversation summary extracted. Attributes: 6, Relationships: 3
Inserted 33 triples into graph for clip 14
--------------------------------
Processing folder:  data/frames/living_room_12/15
Inserted 22 triples into graph for clip 15
--------------------------------
Processing folder:  data/frames/living_room_12/16
Inserted 21 triples into graph for clip 16
--------------------------------
Processing folder:  data/frames/living_room_12/17
Inserted 15 triples into graph for clip 17
--------------------------------
Processing folder:  data/frames/living_room_12/18
Inserted 22 triples into graph for clip 18
--------------------------------
Processing folder:  data/frames/living_room_12/19
Inserted 16 triples into graph for clip 19
--------------------------------
Processing folder:  data/frames/living_room_12/20
Inserted 19 triples into graph for clip 20
--------------------------------
Processing folder:  data/frames/living_room_12/21
Inserted 19 triples into graph for clip 21
--------------------------------
Processing folder:  data/frames/living_room_12/22
Inserted 26 triples into graph for clip 22
--------------------------------
Processing folder:  data/frames/living_room_12/23
Extracting summary for completed conversation 4...
✓ Conversation summary extracted. Attributes: 6, Relationships: 6
Inserted 26 triples into graph for clip 23
--------------------------------
Processing folder:  data/frames/living_room_12/24
Inserted 15 triples into graph for clip 24
--------------------------------
Processing folder:  data/frames/living_room_12/25
Inserted 19 triples into graph for clip 25
--------------------------------
Processing folder:  data/frames/living_room_12/26
Extracting summary for completed conversation 5...
✓ Conversation summary extracted. Attributes: 4, Relationships: 1
Inserted 19 triples into graph for clip 26
--------------------------------
Processing folder:  data/frames/living_room_12/27
Inserted 15 triples into graph for clip 27
--------------------------------
Processing folder:  data/frames/living_room_12/28
Inserted 23 triples into graph for clip 28
--------------------------------
Processing folder:  data/frames/living_room_12/29
Inserted 30 triples into graph for clip 29
--------------------------------
Processing folder:  data/frames/living_room_12/30
Inserted 22 triples into graph for clip 30
--------------------------------
Processing folder:  data/frames/living_room_12/31
Inserted 20 triples into graph for clip 31
--------------------------------
Processing folder:  data/frames/living_room_12/32
Extracting summary for completed conversation 6...
✓ Conversation summary extracted. Attributes: 5, Relationships: 3
Inserted 22 triples into graph for clip 32
--------------------------------
Processing folder:  data/frames/living_room_12/33
Inserted 24 triples into graph for clip 33
--------------------------------
Processing folder:  data/frames/living_room_12/34
Inserted 17 triples into graph for clip 34
--------------------------------
Processing folder:  data/frames/living_room_12/35
Extracting summary for completed conversation 7...
✓ Conversation summary extracted. Attributes: 5, Relationships: 2
Inserted 21 triples into graph for clip 35
--------------------------------
Processing folder:  data/frames/living_room_12/36
Inserted 22 triples into graph for clip 36
--------------------------------
Processing folder:  data/frames/living_room_12/37
Inserted 10 triples into graph for clip 37
--------------------------------
Processing folder:  data/frames/living_room_12/38
Inserted 19 triples into graph for clip 38
--------------------------------
Processing folder:  data/frames/living_room_12/39
Inserted 15 triples into graph for clip 39
--------------------------------
Processing folder:  data/frames/living_room_12/40
Inserted 26 triples into graph for clip 40
--------------------------------
Processing folder:  data/frames/living_room_12/41
Inserted 25 triples into graph for clip 41
--------------------------------
Processing folder:  data/frames/living_room_12/42
Extracting summary for completed conversation 8...
✓ Conversation summary extracted. Attributes: 7, Relationships: 4
Inserted 29 triples into graph for clip 42
--------------------------------
Processing folder:  data/frames/living_room_12/43
Inserted 23 triples into graph for clip 43
--------------------------------
Processing folder:  data/frames/living_room_12/44
Inserted 17 triples into graph for clip 44
--------------------------------
Processing folder:  data/frames/living_room_12/45
Inserted 14 triples into graph for clip 45
--------------------------------
Processing folder:  data/frames/living_room_12/46
Inserted 17 triples into graph for clip 46
--------------------------------
Processing folder:  data/frames/living_room_12/47
Inserted 21 triples into graph for clip 47
--------------------------------
Processing folder:  data/frames/living_room_12/48
Inserted 30 triples into graph for clip 48
--------------------------------
Processing folder:  data/frames/living_room_12/49
Extracting summary for completed conversation 9...
✓ Conversation summary extracted. Attributes: 7, Relationships: 5
Inserted 5 triples into graph for clip 49
--------------------------------
Processing folder:  data/frames/living_room_12/50
Inserted 29 triples into graph for clip 50
--------------------------------
Processing folder:  data/frames/living_room_12/51
Inserted 20 triples into graph for clip 51
--------------------------------
Processing folder:  data/frames/living_room_12/52
Extracting summary for completed conversation 10...
✓ Conversation summary extracted. Attributes: 2, Relationships: 1
Inserted 16 triples into graph for clip 52
--------------------------------
Processing folder:  data/frames/living_room_12/53
Inserted 18 triples into graph for clip 53
--------------------------------
Processing folder:  data/frames/living_room_12/54
Inserted 27 triples into graph for clip 54
--------------------------------
Processing folder:  data/frames/living_room_12/55
Inserted 27 triples into graph for clip 55
--------------------------------
Processing folder:  data/frames/living_room_12/56
Extracting summary for completed conversation 11...
✓ Conversation summary extracted. Attributes: 4, Relationships: 3
Inserted 23 triples into graph for clip 56
--------------------------------
Processing folder:  data/frames/living_room_12/57
Inserted 26 triples into graph for clip 57
--------------------------------
Processing folder:  data/frames/living_room_12/58
Inserted 35 triples into graph for clip 58
--------------------------------
Processing folder:  data/frames/living_room_12/59
Inserted 31 triples into graph for clip 59
--------------------------------
Processing folder:  data/frames/living_room_12/60
Inserted 15 triples into graph for clip 60
--------------------------------
Processing folder:  data/frames/living_room_12/61
Inserted 28 triples into graph for clip 61
--------------------------------
Processing folder:  data/frames/living_room_12/62
Inserted 13 triples into graph for clip 62
--------------------------------
Processing folder:  data/frames/living_room_12/63
Extracting summary for completed conversation 12...
✓ Conversation summary extracted. Attributes: 6, Relationships: 5
Inserted 22 triples into graph for clip 63
--------------------------------
Processing folder:  data/frames/living_room_12/64
Inserted 21 triples into graph for clip 64
--------------------------------
Processing folder:  data/frames/living_room_12/65
Inserted 15 triples into graph for clip 65
--------------------------------
Processing folder:  data/frames/living_room_12/66
Inserted 20 triples into graph for clip 66
--------------------------------
Processing folder:  data/frames/living_room_12/67
Inserted 27 triples into graph for clip 67
--------------------------------
Processing folder:  data/frames/living_room_12/68
Inserted 9 triples into graph for clip 68
--------------------------------
Processing folder:  data/frames/living_room_12/69
Inserted 33 triples into graph for clip 69
--------------------------------
Processing folder:  data/frames/living_room_12/70
Inserted 32 triples into graph for clip 70
--------------------------------
Processing folder:  data/frames/living_room_12/71
Inserted 21 triples into graph for clip 71
--------------------------------
Processing folder:  data/frames/living_room_12/72
Inserted 9 triples into graph for clip 72
Extracting summary for final conversation 13...
✓ Final conversation summary extracted. Attributes: 9, Relationships: 6
Inserting character appearances for 7 characters...
Warning: Character '<<Molly)>' not found in graph, skipping appearance
Warning: Character '<<Chloe>:>' not found in graph, skipping appearance
✓ Character appearances inserted: 29 appearance edges created
365 node embeddings inserted (6 characters, 359 objects)
1625 edge embeddings inserted
Generating character attributes...
Number of edges:  1625
Character attributes generated.
Number of edges:  1655
Character relationships generated.
Number of edges:  1694
✓ Graph memory built for living_room_12
Question: Are the fashion magazines placed in chronological order?

[Step 1] Searching the graph...
Parse Query Output:
{
  "query_triple": ["fashion magazines", "are in order", "chronological", 0.6, 0.3, 0.5],
  "spatial_constraint": null,
  "speaker_strict": null,
  "allocation": {
    "k_high_level": 3,
    "k_low_level": 42,
    "k_conversations": 5,
    "total_k": 50,
    "reasoning": "This is a spatial/arrangement query about objects. Prioritize low-level edges to check placement/order relations (e.g., 'placed', 'sorted by date', 'left-to-right', 'is before/after'). Minimal need for high-level edges; a small conversation budget in case someone mentions the ordering in dialogue."
  }
}

Graph Search Results:
**High-Level Information (Character Attributes and Relationships): **

Character Relationships:
- Chloe gives instructions to Molly (85)
- Chloe assigns tasks to Molly (85)
- Eva collaborates with Chloe (90)

**Low-Level Information (Actions and Events): **

[5] character_1 points at page among scattered magazine. (living room)
[7] character_1 flips through magazine. (living room)
[8] character_1 arranges book. (living room)
[8] character_1 adjusts magazine. (living room)
[9] Eva examines magazine. (living room)
[9] Eva holds magazine. (living room)
[9] magazine is in <Eva>'s hand. (living room)
[9] Molly lifts magazine. (living room)
[9] Molly reads magazine. (living room)
[9] Eva keeps reading magazine. (living room)
[9] magazine is open. (living room)
[9] Eva continues flipping pages magazine. (living room)
[9] Eva reads magazine. (living room)
[10] open magazine is over table book. (living room and balcony)
[10] Eva points at magazine page. (living room and balcony)
[11] Eva flips through magazine. (living room)
[11] Molly flips through magazine. (living room)
[11] Molly holds magazine. (living room)
[12] Molly opens fashion book. (living room)
[13] LOEWE book is on shelf. (living room)
[14] Molly holds Givenchy magazine. (living room)
[14] Molly closes Givenchy magazine. (living room)
[14] Molly carries Givenchy magazine. (living room)
[14] Molly places Givenchy magazine. (living room)
[14] Givenchy magazine is on middle shelf. (living room)
[14] black Chanel book is on table. (living room)
[14] white book is on shelf beside Givenchy magazine. (living room)
[14] thin magazine is on table. (living room)
[15] Molly flips through magazine. (living room)
[15] Molly looks at magazine. (living room)
[15] Molly holds magazine. (living room)
[15] Molly places magazine. (living room)
[15] magazine is on metal rack. (living room)
[16] Chloe stands at magazine rack. (living room)
[16] Chloe adjusts magazine. (living room)
[16] Chloe organizes magazine. (living room)
[16] Chloe steps back slightly from magazine rack. (living room)
[16] Chloe touches magazine. (living room)
[16] Chloe continues touching magazine. (living room)
[16] Chloe asks for help with sorting magazine. (living room)
[16] Chloe places hand on magazine rack. (living room)
[32] Chanel book is on rack. (living room)

**Conversations: **

Conversation 4: Chloe and Eva both sought Molly’s help while organizing and cleaning, leading to tension between them. Molly mediated, asking them to pause and promising to tidy up after finishing sweeping, which they accepted. After sweeping, Eva discussed careful cleaning of the TV screen and frequent dusting due to static, and they noted the remote might need new batteries.
[15] Chloe: oh
[15] Chloe: this was books
[16] Molly: Chloe please move away
[16] Molly: I need to clean this area
[16] Chloe: okay
[16] Chloe: ah you just came in time
[16] Chloe: I'm tired from organizing these magazines
[16] Chloe: can you help me sort them out
[16] Eva: hey can you stop calling Molly for everything
[16] Eva: can you handle your own matters yourself

Conversation 7: Chloe assigns Molly additional cleanup tasks, asking her to put away filming props and organize Eva's documents with the books. Molly agrees to handle the requested tidying.
[33] Chloe: I was too tired yesterday and forgot to tidy up.
[34] Chloe: also put the
[34] Chloe: Eva's documents and the books together.
[34] Molly: okay

Conversation 1: Eva, Chloe, and Molly plan a thorough living room cleanup, creating a task list that includes sweeping, organizing clutter, wiping furniture, watering plants, cleaning glass, changing sofa covers, and cleaning appliances. Eva assigns Molly to roughly clean the floor while she and Chloe handle organizing and wiping, then they will water plants and clean glass. Eva also mentions a new painting delivery and plans to hang it.
[2] Eva: cleaning plan
[2] Eva: sweep the floor
[3] Eva: organize the clutters
[3] Eva: wipe the furniture
[4] Eva: umm

[Step 2] Evaluating semantic answer...
Action: [Answer]
Content: No, they are being organized and sorted, not confirmed as placed in chronological order.
FINAL ANSWER (from graph):
No, they are being organized and sorted, not confirmed as placed in chronological order.
Question: What should the robot use to clean the juice residue on the floor?

[Step 1] Searching the graph...
Parse Query Output:
{
  "query_triple": ["<robot>", "should use", "clean juice residue on floor", 0.95, 0.25, 0.6],
  "spatial_constraint": "floor",
  "speaker_strict": null,
  "allocation": {
    "k_high_level": 4,
    "k_low_level": 36,
    "k_conversations": 10,
    "total_k": 50,
    "reasoning": "Action/tool selection and spatial context; prioritize low-level edges to find objects used for cleaning spills on the floor, small conversations budget for instructions or recommendations, minimal high-level as traits/relationships are not central."
  }
}

Graph Search Results:
**High-Level Information (Character Attributes and Relationships): **

Character Attributes:
- robot is: holding camera (100), black gloves (100), no visible face (100), reflected silhouette in TV (100)

**Low-Level Information (Actions and Events): **

[8] robot films washing machine. (living room)
[8] robot films cleaning tool. (living room)
[12] robot points camera toward orange chair. (living room)
[18] robot holds flat mop. (living room)
[18] robot pushes mop. (living room)
[31] robot pans over green drink bottle. (living room)
[31] robot moves from table area. (living room)
[33] robot films washing machine. (living room)
[33] robot films cleaning tool. (living room)
[34] robot moves toward balcony area. (living room)
[34] robot views living room mess. (living room)
[35] robot approaches coffee table. (living room)
[35] robot gestures toward cleaning plan paper. (living room)
[35] robot checks off item on cleaning plan paper. (living room)
[36] robot picks up wet cloth. (living room)
[36] robot hands wet cloth. (living room)
[36] wet cloth is from robot. (living room)
[43] robot films washing machine. (living room)
[43] robot films cleaning tool. (living room)
[45] robot points camera at cleaning tool. (living room)
[50] robot wears light-colored clothing. (living room)
[50] robot reveals glass of water. (living room)
[54] robot films shelf near door. (living room)
[57] robot approaches coffee table. (living room)
[57] robot adds check mark on paper labeled 'cleaning plan'. (living room)
[62] robot zooms in on spray bottle. (living room)
[63] robot opens left cabinet door of TV console. (living room)
[63] robot places green spray bottle. (living room)
[63] robot looks toward air conditioner tower. (living room)
[63] robot raises into view near orange-tipped cleaning tool. (living room)
[63] robot sets flat mop. (living room)
[63] robot mops tile floor near coffee table. (living room)
[64] robot points camera at cleaning tool. (living room)
[64] robot inspects washing machine area. (living room)
[67] robot tilts down base of air conditioner. (living room)
[67] robot shifts view to orange chair. (living room)

**Conversations: **

Conversation 9: The group discusses household cleaning tasks, with Molly pointing out remaining dust and suggesting additional tasks like replacing the sofa cover, secondary floor cleaning, hanging paintings, and locating the remote. Chloe and Eva acknowledge Molly’s guidance, note that many tasks are completed, and confirm the sofa cover needs changing. The remote is found, and Molly is asked to handle cleaning it. Overall, Molly’s input helps finalize the cleaning checklist.
[46] Chloe: hmm is there anything else
[46] Molly: replacing the sofa cover
[46] Molly: secondary floor cleaning
[46] Molly: hanging decorative paintings
[46] Molly: and finding the remote control

Conversation 1: Eva, Chloe, and Molly plan a thorough living room cleanup, creating a task list that includes sweeping, organizing clutter, wiping furniture, watering plants, cleaning glass, changing sofa covers, and cleaning appliances. Eva assigns Molly to roughly clean the floor while she and Chloe handle organizing and wiping, then they will water plants and clean glass. Eva also mentions a new painting delivery and plans to hang it.
[2] Eva: then let's start by making a plan
[2] Molly: okay
[2] Eva: cleaning plan
[2] Eva: sweep the floor
[3] Eva: organize the clutters
[3] Eva: wipe the furniture
[4] Eva: water plants
[5] Eva: change the sofa covers
[5] Eva: clean the glass
[5] Eva: by the way I also bought a new painting
[5] Eva: the delivery should arrive soon
[6] Eva: hand the painting
[6] Eva: Molly
[6] Eva: you are responsible for roughly cleaning the floor first
[6] Eva: we will organize the clutters and wipe the furniture
[6] Eva: after that we need to water the plants
[7] Eva: and clean the glass
[7] Molly: OK
[7] Eva: then let's begin

Conversation 13: Eva, Chloe, and Molly reflect on successfully cleaning the house and agree to maintain the tidy state with regular small cleanups. They express gratitude toward Molly for her contributions. Molly emphasizes her commitment to improving her skills to provide better service in the future.
[67] Chloe: oh Eva
[67] Chloe: you are so confused
[68] Chloe: is there anything to clean
[69] Chloe: oh
[69] Chloe: okay

Conversation 4: Chloe and Eva both sought Molly’s help while organizing and cleaning, leading to tension between them. Molly mediated, asking them to pause and promising to tidy up after finishing sweeping, which they accepted. After sweeping, Eva discussed careful cleaning of the TV screen and frequent dusting due to static, and they noted the remote might need new batteries.
[20] Eva: also the TV screen has a lot of static electricity
[20] Eva: which attracts many dusts
[20] Eva: so we should clean it
[20] Eva: frequently
[21] Eva: where's the TV's remote control

Conversation 5: Eva and Chloe shift from cleaning appliances to addressing neglected houseplants. They agree to clean the leaves, water the plants, and add fertilizer, with Chloe providing what’s needed.
[24] Chloe: it has long time not to clean it up
[24] Eva: yeah they're almost withered
[24] Eva: we need to clean the leaves first
[24] Eva: then water them
[24] Eva: and add some fertilizer

Conversation 8: The group collaborates on cleaning tasks, addressing tough stains and dust. Chloe recalls a powerful cleaner, Eva coordinates by requesting supplies from Molly, and the cleaner successfully removes the stain. The team expresses appreciation for Eva’s effectiveness, and they plan to continue cleaning.
[38] Chloe: hmm hey I remember there is about a powerful cleaner I just bought in the first compartment uh of the carpet
[38] Chloe: hmm maybe we can give it a try
[38] Eva: Molly please give me the powerful cleaner
[38] Molly: okay
[39] Eva: thank you

[Step 2] Evaluating semantic answer...
Action: [Answer]
Content: The robot should use the powerful cleaner Chloe mentioned.
FINAL ANSWER (from graph):
The robot should use the powerful cleaner Chloe mentioned.
Question: Does Eva do things carefully?

[Step 1] Searching the graph...
Parse Query Output:
{
  "query_triple": ["<Eva>", "careful", null, 0.95, 0.8, 0.1],
  "spatial_constraint": null,
  "speaker_strict": null,
  "allocation": {
    "k_high_level": 9,
    "k_low_level": 10,
    "k_conversations": 31,
    "total_k": 50,
    "reasoning": "Trait query about carefulness. Use high-level edges for character attributes, conversations for supporting evidence (people commenting, self-descriptions), and some low-level edges to observe careful actions."
  }
}

Graph Search Results:
**High-Level Information (Character Attributes and Relationships): **

Character Attributes:
- Eva is: female (100), medium build (100), long dark hair tied back (100), no glasses visible (100), khaki pants (100), white sneakers (100), white long-sleeve top with graphic (100), organized (95), values cleanliness (95)

**Low-Level Information (Actions and Events): **

[9] Eva examines magazine. (living room)
[10] Eva looks at open magazine. (living room and balcony)
[11] Eva examines gray coat. (living room)
[22] Eva looks at TV. (living room)
[24] Eva looks at Chloe. (living room)
[25] Eva examines potted shrub. (living room)
[35] Eva waits. (living room)
[37] Eva looks out. (living room)
[48] Eva examines closely remote control. (living room)
[59] Eva stand back. (living room)

**Conversations: **

Conversation 4: Chloe and Eva both sought Molly’s help while organizing and cleaning, leading to tension between them. Molly mediated, asking them to pause and promising to tidy up after finishing sweeping, which they accepted. After sweeping, Eva discussed careful cleaning of the TV screen and frequent dusting due to static, and they noted the remote might need new batteries.
[16] Chloe: can you help me sort them out
[16] Eva: hey can you stop calling Molly for everything
[16] Eva: can you handle your own matters yourself
[16] Chloe: you just want Molly to help you too
[17] Chloe: now you are lecturing me
[17] Molly: okay
[17] Chloe: help me
[17] Eva: help me
[17] Molly: Chloe Eva please don't argue
[17] Molly: how about you to go to do something else first
[17] Molly: and I will help you
[17] Molly: tidy up after I finish sweeping the floor
[18] Eva: alright
[19] Molly: I have finished sweeping the floor.
[19] Chloe: Okay, very good.
[19] Eva: We can't sweep the TV screen too hard.
[19] Eva: It needs to be done gently.
[20] Eva: otherwise it can get scratched
[20] Eva: also the TV screen has a lot of static electricity
[20] Eva: which attracts many dusts
[20] Eva: so we should clean it
[20] Eva: frequently
[21] Eva: where's the TV's remote control
[22] Chloe: let it let it alone

Conversation 9: The group discusses household cleaning tasks, with Molly pointing out remaining dust and suggesting additional tasks like replacing the sofa cover, secondary floor cleaning, hanging paintings, and locating the remote. Chloe and Eva acknowledge Molly’s guidance, note that many tasks are completed, and confirm the sofa cover needs changing. The remote is found, and Molly is asked to handle cleaning it. Overall, Molly’s input helps finalize the cleaning checklist.
[46] Molly: hanging decorative paintings
[46] Molly: and finding the remote control
[46] Eva: yes you are so smart
[47] Chloe: the sofa cover
[47] Chloe: it needed to be changed
[47] Chloe: it's so dirty
[47] Eva: yes
[48] Chloe: oh
[48] Chloe: the remote control is here

Conversation 12: Eva and Chloe decided to replace a long-hanging painting and adjusted it until satisfied, noting the living room now feels more artistic. They considered the task mostly complete but realized cleaning remained, so they planned to sweep the floor and asked Molly to help. Molly agreed and noted residue likely from a previous juice spill.
[60] Eva: after hanging it I feel that the living room is
[60] Eva: full of an
[60] Eva: artistic atmosphere
[60] Chloe: yes I agree with you
[60] Chloe: hang the painting is finished
[60] Chloe: oh we only have sweeping the floor
[61] Chloe: it's not finished
[61] Eva: yes
[61] Chloe: let us sweep the floor
[61] Chloe: Molly please help us

Conversation 1: Eva, Chloe, and Molly plan a thorough living room cleanup, creating a task list that includes sweeping, organizing clutter, wiping furniture, watering plants, cleaning glass, changing sofa covers, and cleaning appliances. Eva assigns Molly to roughly clean the floor while she and Chloe handle organizing and wiping, then they will water plants and clean glass. Eva also mentions a new painting delivery and plans to hang it.
[2] Molly: I am quite the cleaning expert
[2] Eva: you came at the perfect time
[2] Eva: then let's start by making a plan
[2] Molly: okay
[2] Eva: cleaning plan
[2] Eva: sweep the floor
[3] Eva: organize the clutters
[3] Eva: wipe the furniture
[4] Eva: umm
[4] Eva: clean
[4] Eva: the appliances
[4] Eva: water plants
[5] Eva: change the sofa covers
[5] Eva: clean the glass
[5] Eva: by the way I also bought a new painting
[5] Eva: the delivery should arrive soon
[6] Eva: hand the painting
[6] Eva: Molly
[6] Eva: you are responsible for roughly cleaning the floor first
[6] Eva: we will organize the clutters and wipe the furniture
[6] Eva: after that we need to water the plants
[7] Eva: and clean the glass
[7] Molly: OK
[7] Eva: then let's begin

Conversation 13: Eva, Chloe, and Molly reflect on successfully cleaning the house and agree to maintain the tidy state with regular small cleanups. They express gratitude toward Molly for her contributions. Molly emphasizes her commitment to improving her skills to provide better service in the future.
[64] Eva: oh finally done
[64] Eva: looking at this clean living room I feel much better
[65] Eva: the whole house
[65] Eva: was is different now
[65] Eva: it is cozy and comfortable
[66] Eva: I remember putting it on the table
[67] Molly: here you go
[67] Eva: thank you
[67] Chloe: oh Eva
[67] Chloe: you are so confused
[69] Chloe: okay
[69] Chloe: let us please
[69] Eva: okay
[70] Chloe: hmm
[70] Chloe: let us please sit back

Conversation 2: Molly pointed out a doll in a cluttered corner. Eva, concerned about the mess, asked Molly to return the doll to the storage box located on the balcony corner. Molly agreed to follow Eva’s request.
[9] Molly: Eva there is a doll in the corner
[9] Eva: oh
[9] Eva: there's just too much clutter
[9] Eva: I don't even know when it was thrown here

Conversation 3: Eva admits a coat she left after a workout is still unwashed, prompting Molly and Chloe to urge her to clean up and be tidier. They emphasize that she should not keep leaving things around, and Eva agrees to improve. The exchange reflects a push for better cleanliness and habits within the group. The timestamp indicates the interaction occurs in December 2024.
[12] Chloe: you can't keep throwing things
[12] Chloe: around like this in the future
[12] Eva: alright
[13] Chloe: oh
[13] Chloe: okay

Conversation 6: The group discussed watering and fertilizing plants. Chloe provided a simple routine: water every two days with two cups and add fertilizer. Molly expressed interest in learning to help in the future, and Eva requested assistance from Molly.
[30] Molly: Okay.
[30] Eva: Molly please give me a glass of water.
[31] Eva: thank you

Conversation 8: The group collaborates on cleaning tasks, addressing tough stains and dust. Chloe recalls a powerful cleaner, Eva coordinates by requesting supplies from Molly, and the cleaner successfully removes the stain. The team expresses appreciation for Eva’s effectiveness, and they plan to continue cleaning.
[36] Eva: This glass needs to be cleaned too.
[36] Eva: Molly please give me a wet cloth.
[36] Eva: Thank you.
[37] Chloe: this thing does seem very difficult to clean
[38] Chloe: we need to figure out a way
[38] Eva: Molly please give me the powerful cleaner
[38] Molly: okay
[39] Eva: thank you
[40] Chloe: oh it's clean
[40] Molly: Eva

[Step 2] Evaluating semantic answer...
Action: [Answer]
Content: Yes, Eva does things carefully.
FINAL ANSWER (from graph):
Yes, Eva does things carefully.
Question: Is Chloe patient?

[Step 1] Searching the graph...
Parse Query Output:
{
  "query_triple": ["<Chloe>", "patient", null, 0.95, 0.25, 0.1],
  "spatial_constraint": null,
  "speaker_strict": null,
  "allocation": {
    "k_high_level": 8,
    "k_low_level": 6,
    "k_conversations": 36,
    "total_k": 50,
    "reasoning": "Trait query about a character's attribute. Use high-level edges for traits, and conversations to find evidence of patience in dialogue; a few low-level edges to capture patient behaviors."
  }
}

Graph Search Results:
**High-Level Information (Character Attributes and Relationships): **

Character Attributes:
- Chloe is: female (100), medium build (100), blue jeans (100), long dark hair (100), black T-shirt (100), white sneakers (100), pragmatic (95), prefers planning (95)

**Low-Level Information (Actions and Events): **

[2] Chloe listens. (living room)
[18] Chloe listens. (living room)
[33] Chloe listens. (living room)
[33] Chloe requests Molly. (living room)
[35] Chloe waits. (living room)
[65] Chloe observe room. (living room)

**Conversations: **

Conversation 9: The group discusses household cleaning tasks, with Molly pointing out remaining dust and suggesting additional tasks like replacing the sofa cover, secondary floor cleaning, hanging paintings, and locating the remote. Chloe and Eva acknowledge Molly’s guidance, note that many tasks are completed, and confirm the sofa cover needs changing. The remote is found, and Molly is asked to handle cleaning it. Overall, Molly’s input helps finalize the cleaning checklist.
[44] Chloe: You observed so carefully.
[44] Eva: Molly is our cleaning assistant, and she makes our cleaning much easier.
[44] Chloe: Yes.
[45] Chloe: alright we have finished organizing the clutters
[45] Chloe: wiping the furniture
[45] Chloe: cleaning the appliances
[45] Chloe: okay
[46] Chloe: uh watering the plants
[46] Chloe: hmm
[46] Chloe: just
[46] Chloe: hmm is there anything else
[46] Molly: replacing the sofa cover
[46] Molly: secondary floor cleaning
[47] Chloe: it's so dirty
[47] Eva: yes
[48] Chloe: oh
[48] Chloe: the remote control is here
[48] Eva: oh I remember now

Conversation 1: Eva, Chloe, and Molly plan a thorough living room cleanup, creating a task list that includes sweeping, organizing clutter, wiping furniture, watering plants, cleaning glass, changing sofa covers, and cleaning appliances. Eva assigns Molly to roughly clean the floor while she and Chloe handle organizing and wiping, then they will water plants and clean glass. Eva also mentions a new painting delivery and plans to hang it.
[1] Eva: or I won't be able to
[1] Eva: relax happily over the weekend
[1] Chloe: yes I will that's right
[1] Chloe: but for a big project we need a plan
[1] Chloe: we can't just mess around like headless chickens
[7] Molly: OK
[7] Eva: then let's begin
[7] Chloe: yes

Conversation 13: Eva, Chloe, and Molly reflect on successfully cleaning the house and agree to maintain the tidy state with regular small cleanups. They express gratitude toward Molly for her contributions. Molly emphasizes her commitment to improving her skills to provide better service in the future.
[67] Molly: here you go
[67] Eva: thank you
[67] Chloe: oh Eva
[67] Chloe: you are so confused
[68] Chloe: is there anything to clean
[69] Chloe: oh
[69] Chloe: okay
[69] Chloe: let us please
[69] Eva: okay
[70] Chloe: hmm
[70] Chloe: let us please sit back
[71] Eva: we have done a good job today
[71] Chloe: yes
[71] Chloe: we also appreciate Molly
[72] Chloe: Molly is so good

Conversation 3: Eva admits a coat she left after a workout is still unwashed, prompting Molly and Chloe to urge her to clean up and be tidier. They emphasize that she should not keep leaving things around, and Eva agrees to improve. The exchange reflects a push for better cleanliness and habits within the group. The timestamp indicates the interaction occurs in December 2024.
[12] Chloe: around like this in the future
[12] Eva: alright
[13] Chloe: oh
[13] Chloe: okay
[13] Chloe: December 2024

Conversation 4: Chloe and Eva both sought Molly’s help while organizing and cleaning, leading to tension between them. Molly mediated, asking them to pause and promising to tidy up after finishing sweeping, which they accepted. After sweeping, Eva discussed careful cleaning of the TV screen and frequent dusting due to static, and they noted the remote might need new batteries.
[15] Chloe: oh
[15] Chloe: this was books
[16] Molly: Chloe please move away
[16] Molly: I need to clean this area
[16] Chloe: okay
[16] Chloe: ah you just came in time
[16] Chloe: I'm tired from organizing these magazines
[17] Eva: Molly give me a hand will you
[17] Molly: okay
[17] Chloe: help me
[17] Eva: help me
[17] Molly: Chloe Eva please don't argue
[18] Eva: alright
[19] Molly: I have finished sweeping the floor.
[19] Chloe: Okay, very good.
[19] Eva: We can't sweep the TV screen too hard.
[19] Eva: It needs to be done gently.

Conversation 6: The group discussed watering and fertilizing plants. Chloe provided a simple routine: water every two days with two cups and add fertilizer. Molly expressed interest in learning to help in the future, and Eva requested assistance from Molly.
[27] Chloe: let me water it
[28] Eva: here the fertilizer
[28] Chloe: oh
[28] Chloe: add some fertilizer
[29] Chloe: okay
[29] Chloe: water the plants
[29] Chloe: it's finished
[29] Molly: Chloe are there any techniques
[29] Molly: for watering and fertilizing the plants

Conversation 5: Eva and Chloe shift from cleaning appliances to addressing neglected houseplants. They agree to clean the leaves, water the plants, and add fertilizer, with Chloe providing what’s needed.
[24] Eva: then water them
[24] Eva: and add some fertilizer
[25] Chloe: okay
[25] Chloe: here you are

Conversation 12: Eva and Chloe decided to replace a long-hanging painting and adjusted it until satisfied, noting the living room now feels more artistic. They considered the task mostly complete but realized cleaning remained, so they planned to sweep the floor and asked Molly to help. Molly agreed and noted residue likely from a previous juice spill.
[58] Eva: I'm tired of looking at it.
[58] Eva: Let's just replace it.
[58] Chloe: Okay.
[59] Chloe: a little more to the left
[59] Chloe: okay it's about right
[59] Chloe: secure the hook
[59] Eva: wow it's really different
[60] Eva: full of an
[60] Eva: artistic atmosphere
[60] Chloe: yes I agree with you
[60] Chloe: hang the painting is finished
[60] Chloe: oh we only have sweeping the floor

Conversation 11: Chloe receives a decorative painting from Molly, admires it, and they decide to hang it immediately. Molly offers to take responsibility for the sofa cover, stating she has learned how to handle it, and Chloe agrees.
[53] Molly: Chloe it must be your decorative painting has arrived
[54] Molly: here you are
[54] Chloe: thank you
[54] Chloe: oh wow so beautiful
[54] Chloe: we must hang it now
[55] Molly: leave the task of the sofa cover to me
[55] Molly: I have already learned it
[55] Chloe: okay, give

Conversation 8: The group collaborates on cleaning tasks, addressing tough stains and dust. Chloe recalls a powerful cleaner, Eva coordinates by requesting supplies from Molly, and the cleaner successfully removes the stain. The team expresses appreciation for Eva’s effectiveness, and they plan to continue cleaning.
[40] Molly: the stain are removed
[40] Molly: I can continue cleaning now
[40] Chloe: good things is resolved
[41] Eva: Oh there's so much dust on the cabinet.
[41] Chloe: Oh who is this.
[41] Chloe: Take it away quickly.

[Step 2] Evaluating semantic answer...
Action: [Answer]
Content: Yes, Chloe is patient.
FINAL ANSWER (from graph):
Yes, Chloe is patient.
Question: Where should clean cloth beplaced?

[Step 1] Searching the graph...
Parse Query Output:
{
  "query_triple": ["clean cloth", "should be placed at", "?", 0.6, 0.25, 0.15],
  "spatial_constraint": null,
  "speaker_strict": null,
  "allocation": {
    "k_high_level": 2,
    "k_low_level": 40,
    "k_conversations": 8,
    "total_k": 50,
    "reasoning": "Spatial placement query about an object; prioritize low-level edges that capture locations and states, minimal need for high-level traits, limited conversations for any explicit instructions."
  }
}

Graph Search Results:
**High-Level Information (Character Attributes and Relationships): **

Character Attributes:
- robot is: holding camera (100), no visible face (100)

**Low-Level Information (Actions and Events): **

[7] Eva adds cleaning glass. (living room)
[8] robot films cleaning tool. (living room)
[10] camera is at cleaning tool. (living room and balcony)
[19] Molly picks up cloth. (living room)
[19] Chloe takes cloth. (living room)
[19] using gentle pressure is for cleaning screen. (living room)
[20] Eva talks about cleaning. (living room and balcony)
[21] Eva wipes with cloth. (living room)
[33] robot films cleaning tool. (living room)
[36] Eva asks for wet cloth. (living room)
[36] robot picks up wet cloth. (living room)
[36] wet cloth is from TV stand. (living room)
[36] robot hands wet cloth. (living room)
[36] wet cloth is to Eva. (living room)
[36] Eva takes wet cloth. (living room)
[36] wet cloth is from robot. (living room)
[38] Chloe points toward dirty window. (living room)
[38] Eva calls out for cleaner. (living room)
[39] Eva wipes window with cloth. (living room with balcony)
[40] Eva wipes with cloth. (living room with balcony)
[40] Eva sprays cleaner. (living room with balcony)
[40] cleaner is on glass. (living room with balcony)
[40] Eva holds cleaner. (living room with balcony)
[41] Chloe holds cloth. (living room)
[41] Eva uses cloth. (living room)
[41] TV screen is with cloth. (living room)
[42] Chloe gathers cleaning supply. (living room)
[42] cleaning supply is near console. (living room)
[43] Chloe uses cloth. (living room)
[43] robot films cleaning tool. (living room)
[43] cleaning tool is on balcony. (living room)
[45] robot points camera at cleaning tool. (living room)
[45] cleaning tool is near washing machine. (living room)
[57] robot adds check mark on paper labeled 'cleaning plan'. (living room)
[61] Chloe reaches toward cleaning tool. (living room)
[61] Eva is near cleaning tool. (living room)
[62] mop is visible at left edge. (living room)
[64] robot points camera at cleaning tool. (living room)
[64] cleaning tool is on floor. (living room)
[69] Molly wipes surface with cloth. (living room)

**Conversations: **

Conversation 13: Eva, Chloe, and Molly reflect on successfully cleaning the house and agree to maintain the tidy state with regular small cleanups. They express gratitude toward Molly for her contributions. Molly emphasizes her commitment to improving her skills to provide better service in the future.
[67] Chloe: oh Eva
[67] Chloe: you are so confused
[68] Chloe: is there anything to clean
[69] Chloe: oh
[69] Chloe: okay

Conversation 4: Chloe and Eva both sought Molly’s help while organizing and cleaning, leading to tension between them. Molly mediated, asking them to pause and promising to tidy up after finishing sweeping, which they accepted. After sweeping, Eva discussed careful cleaning of the TV screen and frequent dusting due to static, and they noted the remote might need new batteries.
[20] Eva: also the TV screen has a lot of static electricity
[20] Eva: which attracts many dusts
[20] Eva: so we should clean it
[20] Eva: frequently
[21] Eva: where's the TV's remote control

Conversation 1: Eva, Chloe, and Molly plan a thorough living room cleanup, creating a task list that includes sweeping, organizing clutter, wiping furniture, watering plants, cleaning glass, changing sofa covers, and cleaning appliances. Eva assigns Molly to roughly clean the floor while she and Chloe handle organizing and wiping, then they will water plants and clean glass. Eva also mentions a new painting delivery and plans to hang it.
[2] Eva: then let's start by making a plan
[2] Molly: okay
[2] Eva: cleaning plan
[2] Eva: sweep the floor
[3] Eva: organize the clutters
[3] Eva: wipe the furniture
[4] Eva: umm
[4] Eva: clean
[4] Eva: the appliances
[4] Eva: water plants
[5] Eva: change the sofa covers
[5] Eva: clean the glass
[5] Eva: by the way I also bought a new painting
[5] Eva: the delivery should arrive soon
[6] Eva: we will organize the clutters and wipe the furniture
[6] Eva: after that we need to water the plants
[7] Eva: and clean the glass
[7] Molly: OK
[7] Eva: then let's begin

Conversation 8: The group collaborates on cleaning tasks, addressing tough stains and dust. Chloe recalls a powerful cleaner, Eva coordinates by requesting supplies from Molly, and the cleaner successfully removes the stain. The team expresses appreciation for Eva’s effectiveness, and they plan to continue cleaning.
[36] Eva: This glass needs to be cleaned too.
[36] Eva: Molly please give me a wet cloth.
[36] Eva: Thank you.
[37] Chloe: this thing does seem very difficult to clean

[Step 2] Evaluating semantic answer...
Action: [Search]
Content: [42, 41, 36, 69, 19]
Summary: The graph shows multiple cleaning actions with cloths and supplies in the living room; Chloe gathers cleaning supplies near the console [42], holds a cloth [41], and Eva requests and takes a wet cloth from the robot [36]. However, there is no explicit information stating where clean cloth should be placed, requiring further video review to determine the intended storage location.

[Step 3] Watching video clips: [42, 41, 36, 69, 19]

   Processing clip 42 (1/5)...
Question: How many things are used to take care of the plants?

[Step 1] Searching the graph...
Parse Query Output:
{
  "query_triple": [null, "used to take care of", "plants", 0.1, 0.3, 0.6],
  "spatial_constraint": null,
  "speaker_strict": null,
  "allocation": {
    "k_high_level": 4,
    "k_low_level": 40,
    "k_conversations": 6,
    "total_k": 50,
    "reasoning": "Counting objects involved in plant care is an action/state query focusing on items and their uses; prioritize low-level edges to enumerate tools and actions. Minimal high-level edges and conversations for context if needed."
  }
}

Graph Search Results:
**High-Level Information (Character Attributes and Relationships): **

Character Attributes:
- Chloe is: female (100)
- Eva is: female (100)
- Molly is: female (100)
- character_1 is: female (100)

**Low-Level Information (Actions and Events): **

[8] robot films washing machine. (living room)
[8] robot films cleaning tool. (living room)
[10] Molly places open magazine. (living room and balcony)
[13] Molly places LOEWE book. (living room)
[14] Molly places Givenchy magazine. (living room)
[14] Molly stands. (living room)
[14] Molly leaves thin magazine. (living room)
[15] Molly places magazine. (living room)
[23] Chloe places sheet. (living room)
[28] Chloe sprays potted plant. (living room)
[28] Eva places small bottle. (living room)
[29] Chloe places item. (living room)
[30] Chloe faces plant. (living room)
[32] robot places Louis Vuitton box. (living room)
[33] robot places gray cloth item. (living room)
[33] robot films washing machine. (living room)
[33] robot films cleaning tool. (living room)
[34] robot films. (living room)
[34] robot places round lamp. (living room)
[40] Eva sprays cleaner. (living room with balcony)
[40] robot films living room couch. (living room with balcony)
[40] robot films decor. (living room with balcony)
[41] Eva uses cloth. (living room)
[41] Chloe places spray bottle. (living room)
[42] Chloe places bottle. (living room)
[43] Chloe uses cloth. (living room)
[43] Chloe places spray bottle. (living room)
[43] robot films view outside. (living room)
[43] robot films washing machine. (living room)
[43] robot films cleaning tool. (living room)
[46] Molly lists replacing sofa cover. (living room)
[48] Eva places throw blanket. (living room)
[50] robot places battery. (living room)
[51] robot places black object. (living room)
[54] robot films dining area. (living room)
[54] robot films shelf near door. (living room)
[58] Eva places frame. (living room)
[63] robot places green spray bottle. (living room)
[63] TV console surface shows towel. (living room)
[70] Eva places cushion. (living room)

**Conversations: **

Conversation 6: The group discussed watering and fertilizing plants. Chloe provided a simple routine: water every two days with two cups and add fertilizer. Molly expressed interest in learning to help in the future, and Eva requested assistance from Molly.
[29] Chloe: it's finished
[29] Molly: Chloe are there any techniques
[29] Molly: for watering and fertilizing the plants
[29] Molly: I'd like to learn so I might
[30] Molly: I'd like to learn so I might be able to help you in the future.
[30] Chloe: Okay, you need to water it every two days.
[30] Chloe: And every time you water, two cups of water.
[30] Chloe: And add some fertilizer.
[30] Molly: Okay.

Conversation 5: Eva and Chloe shift from cleaning appliances to addressing neglected houseplants. They agree to clean the leaves, water the plants, and add fertilizer, with Chloe providing what’s needed.
[24] Eva: clean the appliances finished
[24] Chloe: these plants need some care too
[24] Chloe: their leaves are covered in dust
[24] Chloe: it has long time not to clean it up

Conversation 1: Eva, Chloe, and Molly plan a thorough living room cleanup, creating a task list that includes sweeping, organizing clutter, wiping furniture, watering plants, cleaning glass, changing sofa covers, and cleaning appliances. Eva assigns Molly to roughly clean the floor while she and Chloe handle organizing and wiping, then they will water plants and clean glass. Eva also mentions a new painting delivery and plans to hang it.
[4] Eva: clean
[4] Eva: the appliances
[4] Eva: water plants
[5] Eva: change the sofa covers
[5] Eva: clean the glass
[6] Eva: you are responsible for roughly cleaning the floor first
[6] Eva: we will organize the clutters and wipe the furniture
[6] Eva: after that we need to water the plants
[7] Eva: and clean the glass
[7] Molly: OK

Conversation 9: The group discusses household cleaning tasks, with Molly pointing out remaining dust and suggesting additional tasks like replacing the sofa cover, secondary floor cleaning, hanging paintings, and locating the remote. Chloe and Eva acknowledge Molly’s guidance, note that many tasks are completed, and confirm the sofa cover needs changing. The remote is found, and Molly is asked to handle cleaning it. Overall, Molly’s input helps finalize the cleaning checklist.
[45] Chloe: cleaning the appliances
[45] Chloe: okay
[46] Chloe: uh watering the plants
[46] Chloe: hmm
[46] Chloe: just

[Step 2] Evaluating semantic answer...
Action: [Answer]
Content: Three things: water, cups, and fertilizer.
FINAL ANSWER (from graph):
Three things: water, cups, and fertilizer.
Question: What should the robot do after putting the filming prop right?

[Step 1] Searching the graph...
Parse Query Output:
{
  "query_triple": ["<robot>", "should do after", "putting the filming prop right", 0.9, 0.3, 0.6],
  "spatial_constraint": null,
  "speaker_strict": null,
  "allocation": {
    "k_high_level": 5,
    "k_low_level": 30,
    "k_conversations": 15,
    "total_k": 50,
    "reasoning": "Procedure/next-step query tied to a specific prior action. Use low-level edges to find the sequence around the action of correcting the filming prop, and some conversations for instructions or narrated guidance; limited high-level edges for general task/state relations."
  }
}

Graph Search Results:
**High-Level Information (Character Attributes and Relationships): **

Character Attributes:
- robot is: holding camera (100), black gloves (100), no visible face (100), reflected silhouette in TV (100)

Character Relationships:
- robot assists Eva (85)

**Low-Level Information (Actions and Events): **

[10] robot moves camera. (living room and balcony)
[10] robot points camera. (living room and balcony)
[18] robot moves camera. (living room)
[18] robot points camera. (living room)
[31] robot looks around TV stand. (living room)
[32] robot moves back toward center of room. (living room)
[33] robot holds camera. (living room)
[33] robot shows TV cabinet. (living room)
[39] robot opens left cabinet door of TV stand. (living room with balcony)
[43] robot films view outside. (living room)
[45] robot holds camera. (living room)
[49] robot points toward TV screen. (living room)
[49] robot adjusts angle near TV cabinet. (living room)
[49] robot holds in front of camera. (living room)
[50] robot faces mounted TV. (living room)
[50] mounted TV shows reflection robot. (living room)
[50] robot moves closer to lower edge of TV. (living room)
[51] robot holds over camera. (living room)
[51] robot picks up black rectangular object. (living room)
[51] robot places black object. (living room)
[51] robot walks from toward TV area. (living room)
[53] robot walks to front door. (living room)
[53] robot opens front door. (living room)
[55] robot adjusts camera. (living room)
[56] robot pans camera. (living room)
[63] robot opens left cabinet door of TV console. (living room)
[63] robot adjusts view to right side of console. (living room)
[63] robot slides open slightly middle drawer of TV console. (living room)
[63] robot closes middle drawer of TV console. (living room)
[67] robot pans toward TV stand. (living room)

**Conversations: **

Conversation 7: Chloe assigns Molly additional cleanup tasks, asking her to put away filming props and organize Eva's documents with the books. Molly agrees to handle the requested tidying.
[33] Molly: Is there anything else I need to clean?
[33] Chloe: Put away my filming props as well.
[33] Chloe: I was too tired yesterday and forgot to tidy up.
[34] Chloe: also put the

Conversation 5: Eva and Chloe shift from cleaning appliances to addressing neglected houseplants. They agree to clean the leaves, water the plants, and add fertilizer, with Chloe providing what’s needed.
[24] Eva: clean the appliances finished
[24] Chloe: these plants need some care too
[24] Chloe: their leaves are covered in dust

Conversation 1: Eva, Chloe, and Molly plan a thorough living room cleanup, creating a task list that includes sweeping, organizing clutter, wiping furniture, watering plants, cleaning glass, changing sofa covers, and cleaning appliances. Eva assigns Molly to roughly clean the floor while she and Chloe handle organizing and wiping, then they will water plants and clean glass. Eva also mentions a new painting delivery and plans to hang it.
[2] Eva: then let's start by making a plan
[2] Molly: okay
[2] Eva: cleaning plan
[2] Eva: sweep the floor
[3] Eva: organize the clutters
[3] Eva: wipe the furniture
[4] Eva: water plants
[5] Eva: change the sofa covers
[5] Eva: clean the glass
[5] Eva: by the way I also bought a new painting
[5] Eva: the delivery should arrive soon
[6] Eva: you are responsible for roughly cleaning the floor first
[6] Eva: we will organize the clutters and wipe the furniture
[6] Eva: after that we need to water the plants
[7] Eva: and clean the glass
[7] Molly: OK
[7] Eva: then let's begin

Conversation 2: Molly pointed out a doll in a cluttered corner. Eva, concerned about the mess, asked Molly to return the doll to the storage box located on the balcony corner. Molly agreed to follow Eva’s request.
[9] Eva: there's just too much clutter
[9] Eva: I don't even know when it was thrown here
[9] Eva: Molly please put it back in the storage box
[9] Eva: in the corner of the balcony
[9] Molly: okay

Conversation 4: Chloe and Eva both sought Molly’s help while organizing and cleaning, leading to tension between them. Molly mediated, asking them to pause and promising to tidy up after finishing sweeping, which they accepted. After sweeping, Eva discussed careful cleaning of the TV screen and frequent dusting due to static, and they noted the remote might need new batteries.
[17] Molly: how about you to go to do something else first
[17] Molly: and I will help you
[17] Molly: tidy up after I finish sweeping the floor
[18] Eva: alright
[19] Molly: I have finished sweeping the floor.
[19] Chloe: Okay, very good.
[19] Eva: We can't sweep the TV screen too hard.
[19] Eva: It needs to be done gently.
[20] Eva: otherwise it can get scratched
[20] Eva: also the TV screen has a lot of static electricity
[20] Eva: which attracts many dusts
[20] Eva: so we should clean it
[20] Eva: frequently
[21] Eva: where's the TV's remote control
[22] Chloe: let it let it alone
[22] Chloe: maybe it will be found later when tidying up
[22] Eva: the remote control might be out of power
[22] Eva: and needs a battery replacement

Conversation 9: The group discusses household cleaning tasks, with Molly pointing out remaining dust and suggesting additional tasks like replacing the sofa cover, secondary floor cleaning, hanging paintings, and locating the remote. Chloe and Eva acknowledge Molly’s guidance, note that many tasks are completed, and confirm the sofa cover needs changing. The remote is found, and Molly is asked to handle cleaning it. Overall, Molly’s input helps finalize the cleaning checklist.
[47] Eva: yes
[48] Chloe: oh
[48] Chloe: the remote control is here
[48] Eva: oh I remember now
[48] Eva: I must have accidentally put it here

Conversation 8: The group collaborates on cleaning tasks, addressing tough stains and dust. Chloe recalls a powerful cleaner, Eva coordinates by requesting supplies from Molly, and the cleaner successfully removes the stain. The team expresses appreciation for Eva’s effectiveness, and they plan to continue cleaning.
[41] Eva: Oh there's so much dust on the cabinet.
[41] Chloe: Oh who is this.
[41] Chloe: Take it away quickly.

[Step 2] Evaluating semantic answer...
Action: [Answer]
Content: Put away the filming props as Chloe requested.
FINAL ANSWER (from graph):
Put away the filming props as Chloe requested.
Question: What tools should be used to clean the glass?

[Step 1] Searching the graph...
Parse Query Output:
{
  "query_triple": ["glass", "cleaned with", "?", 0.6, 0.3, 0.15],
  "spatial_constraint": null,
  "speaker_strict": null,
  "allocation": {
    "k_high_level": 4,
    "k_low_level": 36,
    "k_conversations": 10,
    "total_k": 50,
    "reasoning": "Tool/usage query focused on actions and objects; prioritize low-level edges to find cleaning actions and associated tools, with some conversations for instructions or recommendations."
  }
}

Graph Search Results:
**High-Level Information (Character Attributes and Relationships): **

Character Attributes:
- Eva is: values cleanliness (95)
- Molly is: role: cleaning assistant (95), confident about cleaning expertise (88)
- robot is: black gloves (100)

**Low-Level Information (Actions and Events): **

[1] coffee table is covered with paper. (living room)
[21] Eva wipes with cloth. (living room)
[22] Chloe tidies paper. (living room)
[26] Eva wipes with tissue. (living room)
[26] Eva cleans plant. (living room)
[26] Eva cleans inner leaf. (living room)
[30] Eva asks for glass of water. (living room)
[31] Eva picks up glass. (living room)
[31] Eva drinks from glass. (living room)
[36] Eva points at dirty glass panel. (living room)
[36] Chloe looks at glass. (living room)
[38] Eva looks at window. (living room)
[38] Eva reaches right hand toward glass. (living room)
[39] Eva raises cloth toward glass. (living room with balcony)
[39] Eva wipes window with cloth. (living room with balcony)
[39] Eva cleans window. (living room with balcony)
[40] spray bottle is at balcony glass. (living room with balcony)
[40] Eva wipes with cloth. (living room with balcony)
[40] Eva wipes window. (living room with balcony)
[40] Eva cleans. (living room with balcony)
[40] cleaner is on glass. (living room with balcony)
[40] Chloe observes glass. (living room with balcony)
[41] TV screen is with cloth. (living room)
[41] Chloe wipes glass door. (living room)
[41] Eva cleans cabinet. (living room)
[41] Chloe wipes surface coffee table. (living room)
[42] Chloe wipes surface with cloth coffee table. (living room)
[42] Chloe continues cleaning tabletop. (living room)
[42] Eva adjusts vase. (living room)
[42] Chloe sprays cleaner on tabletop. (living room)
[50] robot reveals glass of water. (living room)
[55] robot smooths fabric. (living room)
[61] Chloe slides open glass door. (living room)
[63] right side of console displays glass of water. (living room)
[69] Molly wipes surface with cloth. (living room)
[69] Molly wipes surface with tissue. (living room)

**Conversations: **

Conversation 1: Eva, Chloe, and Molly plan a thorough living room cleanup, creating a task list that includes sweeping, organizing clutter, wiping furniture, watering plants, cleaning glass, changing sofa covers, and cleaning appliances. Eva assigns Molly to roughly clean the floor while she and Chloe handle organizing and wiping, then they will water plants and clean glass. Eva also mentions a new painting delivery and plans to hang it.
[2] Eva: then let's start by making a plan
[2] Molly: okay
[2] Eva: cleaning plan
[2] Eva: sweep the floor
[3] Eva: organize the clutters
[4] Eva: water plants
[5] Eva: change the sofa covers
[5] Eva: clean the glass
[5] Eva: by the way I also bought a new painting
[5] Eva: the delivery should arrive soon
[6] Eva: we will organize the clutters and wipe the furniture
[6] Eva: after that we need to water the plants
[7] Eva: and clean the glass
[7] Molly: OK
[7] Eva: then let's begin

Conversation 8: The group collaborates on cleaning tasks, addressing tough stains and dust. Chloe recalls a powerful cleaner, Eva coordinates by requesting supplies from Molly, and the cleaner successfully removes the stain. The team expresses appreciation for Eva’s effectiveness, and they plan to continue cleaning.
[36] Eva: This glass needs to be cleaned too.
[36] Eva: Molly please give me a wet cloth.
[36] Eva: Thank you.

Conversation 13: Eva, Chloe, and Molly reflect on successfully cleaning the house and agree to maintain the tidy state with regular small cleanups. They express gratitude toward Molly for her contributions. Molly emphasizes her commitment to improving her skills to provide better service in the future.
[67] Chloe: oh Eva
[67] Chloe: you are so confused
[68] Chloe: is there anything to clean
[69] Chloe: oh
[69] Chloe: okay

Conversation 9: The group discusses household cleaning tasks, with Molly pointing out remaining dust and suggesting additional tasks like replacing the sofa cover, secondary floor cleaning, hanging paintings, and locating the remote. Chloe and Eva acknowledge Molly’s guidance, note that many tasks are completed, and confirm the sofa cover needs changing. The remote is found, and Molly is asked to handle cleaning it. Overall, Molly’s input helps finalize the cleaning checklist.
[45] Chloe: alright we have finished organizing the clutters
[45] Chloe: wiping the furniture
[45] Chloe: cleaning the appliances
[45] Chloe: okay
[46] Chloe: uh watering the plants
[46] Chloe: hmm is there anything else
[46] Molly: replacing the sofa cover
[46] Molly: secondary floor cleaning
[46] Molly: hanging decorative paintings
[46] Molly: and finding the remote control

Conversation 7: Chloe assigns Molly additional cleanup tasks, asking her to put away filming props and organize Eva's documents with the books. Molly agrees to handle the requested tidying.
[33] Molly: Is there anything else I need to clean?
[33] Chloe: Put away my filming props as well.
[33] Chloe: I was too tired yesterday and forgot to tidy up.

Conversation 4: Chloe and Eva both sought Molly’s help while organizing and cleaning, leading to tension between them. Molly mediated, asking them to pause and promising to tidy up after finishing sweeping, which they accepted. After sweeping, Eva discussed careful cleaning of the TV screen and frequent dusting due to static, and they noted the remote might need new batteries.
[20] Eva: also the TV screen has a lot of static electricity
[20] Eva: which attracts many dusts
[20] Eva: so we should clean it
[20] Eva: frequently
[21] Eva: where's the TV's remote control

Conversation 5: Eva and Chloe shift from cleaning appliances to addressing neglected houseplants. They agree to clean the leaves, water the plants, and add fertilizer, with Chloe providing what’s needed.
[24] Eva: clean the appliances finished
[24] Chloe: these plants need some care too
[24] Chloe: their leaves are covered in dust

[Step 2] Evaluating semantic answer...
Action: [Answer]
Content: A wet cloth and glass cleaner.
FINAL ANSWER (from graph):
A wet cloth and glass cleaner.
Question: How many things are left unfinished after the sofa is cleaned?

[Step 1] Searching the graph...
Parse Query Output:
{
  "query_triple": ["null", "unfinished after sofa is cleaned", "?", 0.1, 0.25, 0.2],
  "spatial_constraint": "sofa area",
  "speaker_strict": null,
  "allocation": {
    "k_high_level": 4,
    "k_low_level": 38,
    "k_conversations": 8,
    "total_k": 50,
    "reasoning": "This is an action/state and count query tied to the event 'sofa is cleaned' and aftermath. Prioritize low-level edges to find the cleaning event, subsequent tasks/states marked as unfinished, and objects involved. Limited high-level edges may capture any character responsibility traits. Some conversations may mention remaining tasks."
  }
}

Graph Search Results:
**High-Level Information (Character Attributes and Relationships): **

Character Attributes:
- Eva is: values cleanliness (95), casual about tidiness (85)
- Molly is: confident about cleaning expertise (88), role: cleaning assistant (95)

**Low-Level Information (Actions and Events): **

[9] Molly prepares to put away teddy bear. (living room)
[16] Molly states needs to clean area. (living room)
[17] Molly offers to help after finishing sweeping the floor Eva. (living room)
[19] Molly tidies console surface. (living room)
[19] Chloe joins in cleaning. (living room)
[21] Eva wipes TV screen. (living room)
[21] Eva wipes with cloth. (living room)
[22] Chloe tidies paper. (living room)
[23] Eva continues tidying object. (living room)
[24] Chloe stands up from table. (living room)
[25] Eva wipes plant leaf. (living room)
[26] Eva cleans plant. (living room)
[26] Eva cleans inner leaf. (living room)
[33] Chloe forgets to tidy up yesterday. (living room)
[39] Eva cleans window. (living room with balcony)
[41] Eva wipes TV screen. (living room)
[41] Eva cleans cabinet. (living room)
[41] Chloe wipes surface coffee table. (living room)
[41] Chloe asks to remove object. (living room)
[41] Chloe wipes coffee table. (living room)
[42] Chloe wipes surface with cloth coffee table. (living room)
[42] Chloe continues cleaning tabletop. (living room)
[42] Chloe wipes again beside notebook table. (living room)
[42] Chloe sprays cleaner on tabletop. (living room)
[42] Chloe cleans. (living room)
[43] Chloe wipes coffee table. (living room)
[43] Chloe tidies item. (living room)
[44] Eva explains role as cleaning assistant Molly. (living room)
[44] Chloe prepares to clean. (living room)
[46] Chloe stands up from table. (living room)
[61] Chloe stands up from table. (living room)
[62] robot sweeps floor briefly. (living room)
[63] robot mops tile floor near coffee table. (living room)
[64] character_1 leans back. (living room)
[65] room is tidy. (living room)
[69] Molly wipes surface with cloth. (living room)
[69] Molly wipes surface with tissue. (living room)
[69] Molly wipes table. (living room)

**Conversations: **

Conversation 7: Chloe assigns Molly additional cleanup tasks, asking her to put away filming props and organize Eva's documents with the books. Molly agrees to handle the requested tidying.
[33] Molly: Is there anything else I need to clean?
[33] Chloe: Put away my filming props as well.
[33] Chloe: I was too tired yesterday and forgot to tidy up.

Conversation 5: Eva and Chloe shift from cleaning appliances to addressing neglected houseplants. They agree to clean the leaves, water the plants, and add fertilizer, with Chloe providing what’s needed.
[24] Eva: clean the appliances finished
[24] Chloe: these plants need some care too
[24] Chloe: their leaves are covered in dust

Conversation 11: Chloe receives a decorative painting from Molly, admires it, and they decide to hang it immediately. Molly offers to take responsibility for the sofa cover, stating she has learned how to handle it, and Chloe agrees.
[54] Molly: Chloe Eva
[54] Molly: the painting is indeed very exquisite
[55] Molly: leave the task of the sofa cover to me
[55] Molly: I have already learned it
[55] Chloe: okay, give

Conversation 9: The group discusses household cleaning tasks, with Molly pointing out remaining dust and suggesting additional tasks like replacing the sofa cover, secondary floor cleaning, hanging paintings, and locating the remote. Chloe and Eva acknowledge Molly’s guidance, note that many tasks are completed, and confirm the sofa cover needs changing. The remote is found, and Molly is asked to handle cleaning it. Overall, Molly’s input helps finalize the cleaning checklist.
[44] Chloe: Yes.
[45] Chloe: alright we have finished organizing the clutters
[45] Chloe: wiping the furniture
[45] Chloe: cleaning the appliances
[45] Chloe: okay
[46] Chloe: just
[46] Chloe: hmm is there anything else
[46] Molly: replacing the sofa cover
[46] Molly: secondary floor cleaning
[46] Molly: hanging decorative paintings

Conversation 1: Eva, Chloe, and Molly plan a thorough living room cleanup, creating a task list that includes sweeping, organizing clutter, wiping furniture, watering plants, cleaning glass, changing sofa covers, and cleaning appliances. Eva assigns Molly to roughly clean the floor while she and Chloe handle organizing and wiping, then they will water plants and clean glass. Eva also mentions a new painting delivery and plans to hang it.
[2] Eva: sweep the floor
[3] Eva: organize the clutters
[3] Eva: wipe the furniture
[4] Eva: umm
[4] Eva: clean
[4] Eva: the appliances
[4] Eva: water plants
[5] Eva: change the sofa covers
[5] Eva: clean the glass
[5] Eva: by the way I also bought a new painting

Conversation 13: Eva, Chloe, and Molly reflect on successfully cleaning the house and agree to maintain the tidy state with regular small cleanups. They express gratitude toward Molly for her contributions. Molly emphasizes her commitment to improving her skills to provide better service in the future.
[67] Chloe: oh Eva
[67] Chloe: you are so confused
[68] Chloe: is there anything to clean
[69] Chloe: oh
[69] Chloe: okay

[Step 2] Evaluating semantic answer...
Action: [Search]
Content: [46, 45, 69, 65, 55, 54]
Summary: The clips show discussions of remaining tasks: at [45-46], Molly lists pending items including replacing the sofa cover, secondary floor cleaning, and hanging decorative paintings; later [54-55] mentions handling the sofa cover and the painting. However, the graph does not explicitly state which tasks remain unfinished after the sofa is cleaned or provide a count, so we need to review relevant clips to determine how many tasks are still unfinished post-sofa cleaning.

[Step 3] Watching video clips: [46, 45, 69, 65, 55, 54]

   Processing clip 46 (1/6)...
Question: Where should the robot put the dirty sofa cover?

[Step 1] Searching the graph...
Parse Query Output:
{
  "query_triple": ["<robot>", "should put", "sofa cover#dirty", 0.9, 0.3, 0.8],
  "spatial_constraint": null,
  "speaker_strict": null,
  "allocation": {
    "k_high_level": 5,
    "k_low_level": 37,
    "k_conversations": 8,
    "total_k": 50,
    "reasoning": "Instructional/where-to-put query likely grounded in scene actions and placements; prioritize low-level edges for locations and prior handling of dirty items, with a small portion for conversations in case instructions were spoken, and a few high-level edges for general rules/preferences."
  }
}

Graph Search Results:
**High-Level Information (Character Attributes and Relationships): **

Character Attributes:
- robot is: holding camera (100), black gloves (100), no visible face (100), reflected silhouette in TV (100)

Character Relationships:
- robot assists Eva (85)

**Low-Level Information (Actions and Events): **

[8] robot returns to living room. (living room)
[8] robot points at coffee table. (living room)
[10] robot pans across curtain. (living room and balcony)
[12] robot points camera toward couch. (living room)
[12] robot points camera toward orange chair. (living room)
[20] robot moves closer to washing machine. (living room and balcony)
[20] robot turns back toward living room. (living room and balcony)
[20] robot turns back toward sofa. (living room and balcony)
[21] robot moves toward living room. (living room)
[31] robot moves toward living room. (living room)
[31] robot approaches sofa. (living room)
[31] robot stops near coffee table. (living room)
[33] robot approaches sofa. (living room)
[33] robot places gray cloth item. (living room)
[33] robot pans across living room. (living room)
[33] robot shows coffee table. (living room)
[34] robot stands near coffee table. (living room)
[34] robot views living room mess. (living room)
[35] robot approaches coffee table. (living room)
[36] robot picks up wet cloth. (living room)
[36] robot hands wet cloth. (living room)
[36] wet cloth is from robot. (living room)
[40] robot films living room couch. (living room with balcony)
[40] robot captures living room. (living room with balcony)
[43] robot turns back toward living room. (living room)
[53] robot moves toward living room. (living room)
[54] robot pans into living room. (living room)
[55] robot films close-up of sofa cover. (living room)
[55] robot pulls fabric. (living room)
[55] robot smooths fabric. (living room)
[56] robot adjusts grey bedsheet. (living room)
[57] robot approaches coffee table. (living room)
[62] robot pans camera across living room. (living room)
[67] robot shifts view to orange chair. (living room)
[67] robot shifts view to gray couch. (living room)
[67] robot pans toward coffee table. (living room)
[67] robot frames couch. (living room)

**Conversations: **

Conversation 1: Eva, Chloe, and Molly plan a thorough living room cleanup, creating a task list that includes sweeping, organizing clutter, wiping furniture, watering plants, cleaning glass, changing sofa covers, and cleaning appliances. Eva assigns Molly to roughly clean the floor while she and Chloe handle organizing and wiping, then they will water plants and clean glass. Eva also mentions a new painting delivery and plans to hang it.
[2] Molly: okay
[2] Eva: cleaning plan
[2] Eva: sweep the floor
[3] Eva: organize the clutters
[3] Eva: wipe the furniture
[4] Eva: umm
[4] Eva: clean
[4] Eva: the appliances
[4] Eva: water plants
[5] Eva: change the sofa covers
[5] Eva: clean the glass
[5] Eva: by the way I also bought a new painting
[6] Eva: Molly
[6] Eva: you are responsible for roughly cleaning the floor first
[6] Eva: we will organize the clutters and wipe the furniture
[6] Eva: after that we need to water the plants
[7] Eva: and clean the glass

Conversation 11: Chloe receives a decorative painting from Molly, admires it, and they decide to hang it immediately. Molly offers to take responsibility for the sofa cover, stating she has learned how to handle it, and Chloe agrees.
[54] Molly: Chloe Eva
[54] Molly: the painting is indeed very exquisite
[55] Molly: leave the task of the sofa cover to me
[55] Molly: I have already learned it
[55] Chloe: okay, give

Conversation 9: The group discusses household cleaning tasks, with Molly pointing out remaining dust and suggesting additional tasks like replacing the sofa cover, secondary floor cleaning, hanging paintings, and locating the remote. Chloe and Eva acknowledge Molly’s guidance, note that many tasks are completed, and confirm the sofa cover needs changing. The remote is found, and Molly is asked to handle cleaning it. Overall, Molly’s input helps finalize the cleaning checklist.
[44] Chloe: Yes.
[45] Chloe: alright we have finished organizing the clutters
[45] Chloe: wiping the furniture
[45] Chloe: cleaning the appliances
[45] Chloe: okay
[46] Chloe: just
[46] Chloe: hmm is there anything else
[46] Molly: replacing the sofa cover
[46] Molly: secondary floor cleaning
[46] Molly: hanging decorative paintings
[46] Molly: and finding the remote control
[46] Eva: yes you are so smart
[47] Chloe: the sofa cover
[47] Chloe: it needed to be changed
[47] Chloe: it's so dirty

[Step 2] Evaluating semantic answer...
Action: [Search]
Content: [33, 55, 56, 57, 35, 34]
Summary: The graph shows the robot smoothing and adjusting the sofa cover and approaching the coffee table, but it does not specify a designated place for putting the dirty sofa cover. Conversations mention changing the sofa cover but provide no instruction on where to place the dirty one.

[Step 3] Watching video clips: [33, 55, 56, 57, 35, 34]

   Processing clip 33 (1/6)...
Question: What's the delivery?

[Step 1] Searching the graph...
Parse Query Output:
{
  "query_triple": [null, "delivery", "?", 0.1, 0.3, 0.2],
  "spatial_constraint": null,
  "speaker_strict": null,
  "allocation": {
    "k_high_level": 4,
    "k_low_level": 34,
    "k_conversations": 12,
    "total_k": 50,
    "reasoning": "Vague content query about 'the delivery'—likely refers to an object/package or event. Prioritize low-level edges to find actions and states involving a delivery (arrivals, contents, handling), with some conversations to capture mentions or explanations. Limited need for high-level edges."
  }
}

Graph Search Results:
**High-Level Information (Character Attributes and Relationships): **

Character Attributes:
- robot is: no visible face (100), black gloves (100), holding camera (100), reflected silhouette in TV (100)

**Low-Level Information (Actions and Events): **

[9] Molly handles item. (living room)
[9] item is on table. (living room)
[12] Molly adjusts near pink box. (living room)
[12] pink box is near vase of flower. (living room)
[13] Molly looks at placement. (living room)
[18] flat mop is in view. (living room)
[19] Molly adjusts item. (living room)
[19] item is on shelf. (living room)
[22] Chloe organizes item. (living room)
[22] item is on coffee table. (living room)
[23] Eva arranges item. (living room)
[23] item is near power outlet. (living room)
[29] Chloe places item. (living room)
[29] item is on coffee table. (living room)
[40] robot films decor. (living room with balcony)
[42] Eva arranges item. (living room)
[42] item is on TV console. (living room)
[42] Eva keeps organizing container. (living room)
[42] container is on console. (living room)
[43] Chloe tidies item. (living room)
[43] item is on TV console. (living room)
[50] robot reaches with gloved hand toward battery. (living room)
[50] robot adjusts battery. (living room)
[50] battery is near remote. (living room)
[55] robot shows detail. (living room)
[58] Eva adjusts item. (living room)
[59] Chloe assesses result. (living room)
[59] Eva assesses result. (living room)
[63] right side of console displays flower. (living room)
[66] Molly concludes by offering better service. (living room)
[69] Eva checks item. (living room)
[69] item is on TV stand. (living room)
[70] Eva looks at item. (living room)
[70] item is on TV stand. (living room)

**Conversations: **

Conversation 1: Eva, Chloe, and Molly plan a thorough living room cleanup, creating a task list that includes sweeping, organizing clutter, wiping furniture, watering plants, cleaning glass, changing sofa covers, and cleaning appliances. Eva assigns Molly to roughly clean the floor while she and Chloe handle organizing and wiping, then they will water plants and clean glass. Eva also mentions a new painting delivery and plans to hang it.
[4] Eva: umm
[4] Eva: clean
[4] Eva: the appliances
[4] Eva: water plants
[5] Eva: change the sofa covers
[5] Eva: clean the glass
[5] Eva: by the way I also bought a new painting
[5] Eva: the delivery should arrive soon
[6] Eva: I need to hang it up
[6] Eva: hand the painting
[6] Eva: Molly
[6] Eva: you are responsible for roughly cleaning the floor first

Conversation 11: Chloe receives a decorative painting from Molly, admires it, and they decide to hang it immediately. Molly offers to take responsibility for the sofa cover, stating she has learned how to handle it, and Chloe agrees.
[53] Molly: Chloe it must be your decorative painting has arrived
[54] Molly: here you are
[54] Chloe: thank you
[54] Chloe: oh wow so beautiful
[55] Molly: leave the task of the sofa cover to me
[55] Molly: I have already learned it
[55] Chloe: okay, give

Conversation 13: Eva, Chloe, and Molly reflect on successfully cleaning the house and agree to maintain the tidy state with regular small cleanups. They express gratitude toward Molly for her contributions. Molly emphasizes her commitment to improving her skills to provide better service in the future.
[66] Molly: and new skills
[66] Molly: I will continue to learn and upgrade in the future
[66] Molly: to provide you with better service
[66] Eva: oh where's my water cup
[66] Eva: I remember putting it on the table
[67] Molly: here you go
[67] Eva: thank you
[67] Chloe: oh Eva

Conversation 8: The group collaborates on cleaning tasks, addressing tough stains and dust. Chloe recalls a powerful cleaner, Eva coordinates by requesting supplies from Molly, and the cleaner successfully removes the stain. The team expresses appreciation for Eva’s effectiveness, and they plan to continue cleaning.
[41] Eva: Oh there's so much dust on the cabinet.
[41] Chloe: Oh who is this.
[41] Chloe: Take it away quickly.

Conversation 5: Eva and Chloe shift from cleaning appliances to addressing neglected houseplants. They agree to clean the leaves, water the plants, and add fertilizer, with Chloe providing what’s needed.
[24] Eva: and add some fertilizer
[25] Chloe: okay
[25] Chloe: here you are

Conversation 6: The group discussed watering and fertilizing plants. Chloe provided a simple routine: water every two days with two cups and add fertilizer. Molly expressed interest in learning to help in the future, and Eva requested assistance from Molly.
[29] Chloe: okay
[29] Chloe: water the plants
[29] Chloe: it's finished
[29] Molly: Chloe are there any techniques
[29] Molly: for watering and fertilizing the plants

Conversation 12: Eva and Chloe decided to replace a long-hanging painting and adjusted it until satisfied, noting the living room now feels more artistic. They considered the task mostly complete but realized cleaning remained, so they planned to sweep the floor and asked Molly to help. Molly agreed and noted residue likely from a previous juice spill.
[60] Chloe: hang the painting is finished
[60] Chloe: oh we only have sweeping the floor
[61] Chloe: it's not finished
[61] Eva: yes
[61] Chloe: let us sweep the floor

[Step 2] Evaluating semantic answer...
Action: [Answer]
Content: A decorative painting.
FINAL ANSWER (from graph):
A decorative painting.
Question: How many steps are done for changing the decorative painting?

[Step 1] Searching the graph...
Parse Query Output:
{
  "query_triple": ["null", "steps for changing decorative painting", "?", 0.1, 0.25, 0.2],
  "spatial_constraint": null,
  "speaker_strict": null,
  "allocation": {
    "k_high_level": 3,
    "k_low_level": 40,
    "k_conversations": 7,
    "total_k": 50,
    "reasoning": "Counting procedural steps is an action/process query. Prioritize low-level edges to enumerate discrete actions related to changing the decorative painting; minimal high-level edges and limited conversations for any narrated instructions."
  }
}

Graph Search Results:
**High-Level Information (Character Attributes and Relationships): **

Character Attributes:
- character_1 is: light-colored jacket (100)
- robot is: holding camera (100), reflected silhouette in TV (100)

**Low-Level Information (Actions and Events): **

[1] character_2 approaches character_1. (living room)
[6] Eva says hand the painting. (living room)
[7] Eva steps away from table. (living room)
[7] Eva steps toward sofa area. (living room)
[8] character_1 adjusts magazine. (living room)
[10] Eva steps beside Molly. (living room and balcony)
[10] Eva steps beside table. (living room and balcony)
[13] Molly steps back from shelf. (living room)
[13] Molly straightens note. (living room)
[14] Molly steps back to center of room. (living room)
[15] Molly steps toward TV wall. (living room)
[19] Molly adjusts item. (living room)
[20] camera approaches window. (living room and balcony)
[21] robot walks through entryway. (living room)
[23] Eva arranges item. (living room)
[23] Eva continues tidying object. (living room)
[27] Chloe steps to plant. (living room)
[31] robot approaches sofa. (living room)
[31] robot approaches woman. (living room)
[33] robot approaches sofa. (living room)
[34] robot steps back. (living room)
[35] robot approaches coffee table. (living room)
[36] robot walks through living room. (living room)
[39] Eva cleans window. (living room with balcony)
[40] Eva sprays cleaner. (living room with balcony)
[41] Chloe wipes surface coffee table. (living room)
[41] Chloe asks to remove object. (living room)
[41] Eva steps to coffee table. (living room)
[42] Chloe wipes surface with cloth coffee table. (living room)
[42] Chloe continues cleaning tabletop. (living room)
[42] Chloe sprays cleaner on tabletop. (living room)
[44] Chloe prepares to clean. (living room)
[47] Chloe steps toward Eva. (living room)
[49] robot approaches television. (living room)
[51] robot adjusts remote. (living room)
[57] robot approaches coffee table. (living room)
[58] Eva adjusts item. (living room)
[61] Molly approaches two. (living room)
[69] Molly wipes surface with cloth. (living room)
[70] Eva steps back. (living room)

**Conversations: **

Conversation 9: The group discusses household cleaning tasks, with Molly pointing out remaining dust and suggesting additional tasks like replacing the sofa cover, secondary floor cleaning, hanging paintings, and locating the remote. Chloe and Eva acknowledge Molly’s guidance, note that many tasks are completed, and confirm the sofa cover needs changing. The remote is found, and Molly is asked to handle cleaning it. Overall, Molly’s input helps finalize the cleaning checklist.
[46] Molly: replacing the sofa cover
[46] Molly: secondary floor cleaning
[46] Molly: hanging decorative paintings
[46] Molly: and finding the remote control
[46] Eva: yes you are so smart

Conversation 1: Eva, Chloe, and Molly plan a thorough living room cleanup, creating a task list that includes sweeping, organizing clutter, wiping furniture, watering plants, cleaning glass, changing sofa covers, and cleaning appliances. Eva assigns Molly to roughly clean the floor while she and Chloe handle organizing and wiping, then they will water plants and clean glass. Eva also mentions a new painting delivery and plans to hang it.
[2] Eva: then let's start by making a plan
[2] Molly: okay
[2] Eva: cleaning plan
[2] Eva: sweep the floor
[3] Eva: organize the clutters
[4] Eva: the appliances
[4] Eva: water plants
[5] Eva: change the sofa covers
[5] Eva: clean the glass
[5] Eva: by the way I also bought a new painting
[5] Eva: the delivery should arrive soon
[6] Eva: I need to hang it up
[6] Eva: hand the painting
[6] Eva: Molly
[6] Eva: you are responsible for roughly cleaning the floor first

Conversation 12: Eva and Chloe decided to replace a long-hanging painting and adjusted it until satisfied, noting the living room now feels more artistic. They considered the task mostly complete but realized cleaning remained, so they planned to sweep the floor and asked Molly to help. Molly agreed and noted residue likely from a previous juice spill.
[57] Eva: look at this painting
[57] Eva: it has been hanging here for a long time
[58] Eva: I'm tired of looking at it.
[60] Eva: artistic atmosphere
[60] Chloe: yes I agree with you
[60] Chloe: hang the painting is finished
[60] Chloe: oh we only have sweeping the floor
[61] Chloe: it's not finished

Conversation 11: Chloe receives a decorative painting from Molly, admires it, and they decide to hang it immediately. Molly offers to take responsibility for the sofa cover, stating she has learned how to handle it, and Chloe agrees.
[53] Molly: Chloe it must be your decorative painting has arrived
[54] Molly: here you are
[54] Chloe: thank you

[Step 2] Evaluating semantic answer...
Action: [Answer]
Content: They have received the painting and hung/replaced it.
FINAL ANSWER (from graph):
They have received the painting and hung/replaced it.
✓ Updated results.json for living_room_12 (12 questions)
✓ Cleaned up video and frames for living_room_12

============================================================
Processing video: bedroom_02
============================================================
Downloading 1 video(s) to data/videos...

Downloading bedroom_02.mp4...
✓ Successfully downloaded bedroom_02.mp4 to data/videos/bedroom_02.mp4

============================================================
Download Summary:
  Successful: 1/1
============================================================

============================================================
[1/1] Processing: bedroom_02
============================================================
Video: data/videos/bedroom_02.mp4
Subtitles: data/subtitles/robot/bedroom_02.srt
Output: data/frames/bedroom_02
============================================================

Parsing subtitle file: data/subtitles/robot/bedroom_02.srt
Found 324 subtitle entries
Video: 1280x720, 30.00 FPS, 61639 frames, 2054.63s duration

Extracting frames with subtitles...
Grouping frames into folders of 30 frames each
  Saved 10 frames (up to 9s, folder 1)
  Saved 20 frames (up to 19s, folder 1)
  Saved 30 frames (up to 29s, folder 1)
  Saved 40 frames (up to 39s, folder 2)
  Saved 50 frames (up to 49s, folder 2)
  Saved 60 frames (up to 59s, folder 2)
  Saved 70 frames (up to 69s, folder 3)
  Saved 80 frames (up to 79s, folder 3)
  Saved 90 frames (up to 89s, folder 3)
  Saved 100 frames (up to 99s, folder 4)
  Saved 110 frames (up to 109s, folder 4)
  Saved 120 frames (up to 119s, folder 4)
  Saved 130 frames (up to 129s, folder 5)
  Saved 140 frames (up to 139s, folder 5)
  Saved 150 frames (up to 149s, folder 5)
  Saved 160 frames (up to 159s, folder 6)
  Saved 170 frames (up to 169s, folder 6)
  Saved 180 frames (up to 179s, folder 6)
  Saved 190 frames (up to 189s, folder 7)
  Saved 200 frames (up to 199s, folder 7)
  Saved 210 frames (up to 209s, folder 7)
  Saved 220 frames (up to 219s, folder 8)
  Saved 230 frames (up to 229s, folder 8)
  Saved 240 frames (up to 239s, folder 8)
  Saved 250 frames (up to 249s, folder 9)
  Saved 260 frames (up to 259s, folder 9)
  Saved 270 frames (up to 269s, folder 9)
  Saved 280 frames (up to 279s, folder 10)
  Saved 290 frames (up to 289s, folder 10)
  Saved 300 frames (up to 299s, folder 10)
  Saved 310 frames (up to 309s, folder 11)
  Saved 320 frames (up to 319s, folder 11)
  Saved 330 frames (up to 329s, folder 11)
  Saved 340 frames (up to 339s, folder 12)
  Saved 350 frames (up to 349s, folder 12)
  Saved 360 frames (up to 359s, folder 12)
  Saved 370 frames (up to 369s, folder 13)
  Saved 380 frames (up to 379s, folder 13)
  Saved 390 frames (up to 389s, folder 13)
  Saved 400 frames (up to 399s, folder 14)
  Saved 410 frames (up to 409s, folder 14)
  Saved 420 frames (up to 419s, folder 14)
  Saved 430 frames (up to 429s, folder 15)
  Saved 440 frames (up to 439s, folder 15)
  Saved 450 frames (up to 449s, folder 15)
  Saved 460 frames (up to 459s, folder 16)
  Saved 470 frames (up to 469s, folder 16)
  Saved 480 frames (up to 479s, folder 16)
  Saved 490 frames (up to 489s, folder 17)
  Saved 500 frames (up to 499s, folder 17)
  Saved 510 frames (up to 509s, folder 17)
  Saved 520 frames (up to 519s, folder 18)
  Saved 530 frames (up to 529s, folder 18)
  Saved 540 frames (up to 539s, folder 18)
  Saved 550 frames (up to 549s, folder 19)
  Saved 560 frames (up to 559s, folder 19)
  Saved 570 frames (up to 569s, folder 19)
  Saved 580 frames (up to 579s, folder 20)
  Saved 590 frames (up to 589s, folder 20)
  Saved 600 frames (up to 599s, folder 20)
  Saved 610 frames (up to 609s, folder 21)
  Saved 620 frames (up to 619s, folder 21)
  Saved 630 frames (up to 629s, folder 21)
  Saved 640 frames (up to 639s, folder 22)
  Saved 650 frames (up to 649s, folder 22)
  Saved 660 frames (up to 659s, folder 22)
  Saved 670 frames (up to 669s, folder 23)
  Saved 680 frames (up to 679s, folder 23)
  Saved 690 frames (up to 689s, folder 23)
  Saved 700 frames (up to 699s, folder 24)
  Saved 710 frames (up to 709s, folder 24)
  Saved 720 frames (up to 719s, folder 24)
  Saved 730 frames (up to 729s, folder 25)
  Saved 740 frames (up to 739s, folder 25)
  Saved 750 frames (up to 749s, folder 25)
  Saved 760 frames (up to 759s, folder 26)
  Saved 770 frames (up to 769s, folder 26)
  Saved 780 frames (up to 779s, folder 26)
  Saved 790 frames (up to 789s, folder 27)
  Saved 800 frames (up to 799s, folder 27)
  Saved 810 frames (up to 809s, folder 27)
  Saved 820 frames (up to 819s, folder 28)
  Saved 830 frames (up to 829s, folder 28)
  Saved 840 frames (up to 839s, folder 28)
  Saved 850 frames (up to 849s, folder 29)
  Saved 860 frames (up to 859s, folder 29)
  Saved 870 frames (up to 869s, folder 29)
  Saved 880 frames (up to 879s, folder 30)
  Saved 890 frames (up to 889s, folder 30)
  Saved 900 frames (up to 899s, folder 30)
  Saved 910 frames (up to 909s, folder 31)
  Saved 920 frames (up to 919s, folder 31)
  Saved 930 frames (up to 929s, folder 31)
  Saved 940 frames (up to 939s, folder 32)
  Saved 950 frames (up to 949s, folder 32)
  Saved 960 frames (up to 959s, folder 32)
  Saved 970 frames (up to 969s, folder 33)
  Saved 980 frames (up to 979s, folder 33)
  Saved 990 frames (up to 989s, folder 33)
  Saved 1000 frames (up to 999s, folder 34)
  Saved 1010 frames (up to 1009s, folder 34)
  Saved 1020 frames (up to 1019s, folder 34)
  Saved 1030 frames (up to 1029s, folder 35)
  Saved 1040 frames (up to 1039s, folder 35)
  Saved 1050 frames (up to 1049s, folder 35)
  Saved 1060 frames (up to 1059s, folder 36)
  Saved 1070 frames (up to 1069s, folder 36)
  Saved 1080 frames (up to 1079s, folder 36)
  Saved 1090 frames (up to 1089s, folder 37)
  Saved 1100 frames (up to 1099s, folder 37)
  Saved 1110 frames (up to 1109s, folder 37)
  Saved 1120 frames (up to 1119s, folder 38)
  Saved 1130 frames (up to 1129s, folder 38)
  Saved 1140 frames (up to 1139s, folder 38)
  Saved 1150 frames (up to 1149s, folder 39)
  Saved 1160 frames (up to 1159s, folder 39)
  Saved 1170 frames (up to 1169s, folder 39)
  Saved 1180 frames (up to 1179s, folder 40)
  Saved 1190 frames (up to 1189s, folder 40)
  Saved 1200 frames (up to 1199s, folder 40)
  Saved 1210 frames (up to 1209s, folder 41)
  Saved 1220 frames (up to 1219s, folder 41)
  Saved 1230 frames (up to 1229s, folder 41)
  Saved 1240 frames (up to 1239s, folder 42)
  Saved 1250 frames (up to 1249s, folder 42)
  Saved 1260 frames (up to 1259s, folder 42)
  Saved 1270 frames (up to 1269s, folder 43)
  Saved 1280 frames (up to 1279s, folder 43)
  Saved 1290 frames (up to 1289s, folder 43)
  Saved 1300 frames (up to 1299s, folder 44)
  Saved 1310 frames (up to 1309s, folder 44)
  Saved 1320 frames (up to 1319s, folder 44)
  Saved 1330 frames (up to 1329s, folder 45)
  Saved 1340 frames (up to 1339s, folder 45)
  Saved 1350 frames (up to 1349s, folder 45)
  Saved 1360 frames (up to 1359s, folder 46)
  Saved 1370 frames (up to 1369s, folder 46)
  Saved 1380 frames (up to 1379s, folder 46)
  Saved 1390 frames (up to 1389s, folder 47)
  Saved 1400 frames (up to 1399s, folder 47)
  Saved 1410 frames (up to 1409s, folder 47)
  Saved 1420 frames (up to 1419s, folder 48)
  Saved 1430 frames (up to 1429s, folder 48)
  Saved 1440 frames (up to 1439s, folder 48)
  Saved 1450 frames (up to 1449s, folder 49)
  Saved 1460 frames (up to 1459s, folder 49)
  Saved 1470 frames (up to 1469s, folder 49)
  Saved 1480 frames (up to 1479s, folder 50)
  Saved 1490 frames (up to 1489s, folder 50)
  Saved 1500 frames (up to 1499s, folder 50)
  Saved 1510 frames (up to 1509s, folder 51)
  Saved 1520 frames (up to 1519s, folder 51)
  Saved 1530 frames (up to 1529s, folder 51)
  Saved 1540 frames (up to 1539s, folder 52)
  Saved 1550 frames (up to 1549s, folder 52)
  Saved 1560 frames (up to 1559s, folder 52)
  Saved 1570 frames (up to 1569s, folder 53)
  Saved 1580 frames (up to 1579s, folder 53)
  Saved 1590 frames (up to 1589s, folder 53)
  Saved 1600 frames (up to 1599s, folder 54)
  Saved 1610 frames (up to 1609s, folder 54)
  Saved 1620 frames (up to 1619s, folder 54)
  Saved 1630 frames (up to 1629s, folder 55)
  Saved 1640 frames (up to 1639s, folder 55)
  Saved 1650 frames (up to 1649s, folder 55)
  Saved 1660 frames (up to 1659s, folder 56)
  Saved 1670 frames (up to 1669s, folder 56)
  Saved 1680 frames (up to 1679s, folder 56)
  Saved 1690 frames (up to 1689s, folder 57)
  Saved 1700 frames (up to 1699s, folder 57)
  Saved 1710 frames (up to 1709s, folder 57)
  Saved 1720 frames (up to 1719s, folder 58)
  Saved 1730 frames (up to 1729s, folder 58)
  Saved 1740 frames (up to 1739s, folder 58)
  Saved 1750 frames (up to 1749s, folder 59)
  Saved 1760 frames (up to 1759s, folder 59)
  Saved 1770 frames (up to 1769s, folder 59)
  Saved 1780 frames (up to 1779s, folder 60)
  Saved 1790 frames (up to 1789s, folder 60)
  Saved 1800 frames (up to 1799s, folder 60)
  Saved 1810 frames (up to 1809s, folder 61)
  Saved 1820 frames (up to 1819s, folder 61)
  Saved 1830 frames (up to 1829s, folder 61)
  Saved 1840 frames (up to 1839s, folder 62)
  Saved 1850 frames (up to 1849s, folder 62)
  Saved 1860 frames (up to 1859s, folder 62)
  Saved 1870 frames (up to 1869s, folder 63)
  Saved 1880 frames (up to 1879s, folder 63)
  Saved 1890 frames (up to 1889s, folder 63)
  Saved 1900 frames (up to 1899s, folder 64)
  Saved 1910 frames (up to 1909s, folder 64)
  Saved 1920 frames (up to 1919s, folder 64)
  Saved 1930 frames (up to 1929s, folder 65)
  Saved 1940 frames (up to 1939s, folder 65)
  Saved 1950 frames (up to 1949s, folder 65)
  Saved 1960 frames (up to 1959s, folder 66)
  Saved 1970 frames (up to 1969s, folder 66)
  Saved 1980 frames (up to 1979s, folder 66)
  Saved 1990 frames (up to 1989s, folder 67)
  Saved 2000 frames (up to 1999s, folder 67)
  Saved 2010 frames (up to 2009s, folder 67)
  Saved 2020 frames (up to 2019s, folder 68)
  Saved 2030 frames (up to 2029s, folder 68)
  Saved 2040 frames (up to 2039s, folder 68)
  Saved 2050 frames (up to 2049s, folder 69)

✓ Extracted 2055 frames to data/frames/bedroom_02

✓ Successfully processed bedroom_02: 2055 frames saved
--------------------------------
Processing folder:  data/frames/bedroom_02/1
Inserted 18 triples into graph for clip 1
--------------------------------
Processing folder:  data/frames/bedroom_02/2
Inserted 24 triples into graph for clip 2
--------------------------------
Processing folder:  data/frames/bedroom_02/3
Inserted 29 triples into graph for clip 3
--------------------------------
Processing folder:  data/frames/bedroom_02/4
Inserted 26 triples into graph for clip 4
--------------------------------
Processing folder:  data/frames/bedroom_02/5
Inserted 23 triples into graph for clip 5
--------------------------------
Processing folder:  data/frames/bedroom_02/6
Inserted 30 triples into graph for clip 6
--------------------------------
Processing folder:  data/frames/bedroom_02/7
Inserted 19 triples into graph for clip 7
--------------------------------
Processing folder:  data/frames/bedroom_02/8
Extracting summary for completed conversation 1...
✓ Conversation summary extracted. Attributes: 10, Relationships: 6
Inserted 34 triples into graph for clip 8
--------------------------------
Processing folder:  data/frames/bedroom_02/9
Inserted 26 triples into graph for clip 9
--------------------------------
Processing folder:  data/frames/bedroom_02/10
Inserted 15 triples into graph for clip 10
--------------------------------
Processing folder:  data/frames/bedroom_02/11
Extracting summary for completed conversation 2...
✓ Conversation summary extracted. Attributes: 5, Relationships: 3
Inserted 22 triples into graph for clip 11
--------------------------------
Processing folder:  data/frames/bedroom_02/12
Inserted 21 triples into graph for clip 12
--------------------------------
Processing folder:  data/frames/bedroom_02/13
Inserted 32 triples into graph for clip 13
--------------------------------
Processing folder:  data/frames/bedroom_02/14
Inserted 21 triples into graph for clip 14
--------------------------------
Processing folder:  data/frames/bedroom_02/15
Inserted 19 triples into graph for clip 15
--------------------------------
Processing folder:  data/frames/bedroom_02/16
Inserted 17 triples into graph for clip 16
--------------------------------
Processing folder:  data/frames/bedroom_02/17
Extracting summary for completed conversation 3...
✓ Conversation summary extracted. Attributes: 4, Relationships: 3
Inserted 21 triples into graph for clip 17
--------------------------------
Processing folder:  data/frames/bedroom_02/18
Inserted 20 triples into graph for clip 18
--------------------------------
Processing folder:  data/frames/bedroom_02/19
Inserted 22 triples into graph for clip 19
--------------------------------
Processing folder:  data/frames/bedroom_02/20
Inserted 24 triples into graph for clip 20
--------------------------------
Processing folder:  data/frames/bedroom_02/21
Inserted 18 triples into graph for clip 21
--------------------------------
Processing folder:  data/frames/bedroom_02/22
Inserted 11 triples into graph for clip 22
--------------------------------
Processing folder:  data/frames/bedroom_02/23
Inserted 17 triples into graph for clip 23
--------------------------------
Processing folder:  data/frames/bedroom_02/24
Inserted 28 triples into graph for clip 24
--------------------------------
Processing folder:  data/frames/bedroom_02/25
Inserted 20 triples into graph for clip 25
--------------------------------
Processing folder:  data/frames/bedroom_02/26
Inserted 25 triples into graph for clip 26
--------------------------------
Processing folder:  data/frames/bedroom_02/27
Inserted 14 triples into graph for clip 27
--------------------------------
Processing folder:  data/frames/bedroom_02/28
Inserted 34 triples into graph for clip 28
--------------------------------
Processing folder:  data/frames/bedroom_02/29
Inserted 34 triples into graph for clip 29
--------------------------------
Processing folder:  data/frames/bedroom_02/30
Inserted 24 triples into graph for clip 30
--------------------------------
Processing folder:  data/frames/bedroom_02/31
Extracting summary for completed conversation 4...
✓ Conversation summary extracted. Attributes: 7, Relationships: 4
Inserted 24 triples into graph for clip 31
--------------------------------
Processing folder:  data/frames/bedroom_02/32
Inserted 24 triples into graph for clip 32
--------------------------------
Processing folder:  data/frames/bedroom_02/33
Inserted 21 triples into graph for clip 33
--------------------------------
Processing folder:  data/frames/bedroom_02/34
Inserted 13 triples into graph for clip 34
--------------------------------
Processing folder:  data/frames/bedroom_02/35
Inserted 27 triples into graph for clip 35
--------------------------------
Processing folder:  data/frames/bedroom_02/36
Inserted 29 triples into graph for clip 36
--------------------------------
Processing folder:  data/frames/bedroom_02/37
Inserted 20 triples into graph for clip 37
--------------------------------
Processing folder:  data/frames/bedroom_02/38
Inserted 26 triples into graph for clip 38
--------------------------------
Processing folder:  data/frames/bedroom_02/39
Inserted 22 triples into graph for clip 39
--------------------------------
Processing folder:  data/frames/bedroom_02/40
Inserted 29 triples into graph for clip 40
--------------------------------
Processing folder:  data/frames/bedroom_02/41
Extracting summary for completed conversation 5...
✓ Conversation summary extracted. Attributes: 8, Relationships: 4
Inserted 31 triples into graph for clip 41
--------------------------------
Processing folder:  data/frames/bedroom_02/42
Inserted 28 triples into graph for clip 42
--------------------------------
Processing folder:  data/frames/bedroom_02/43
Inserted 24 triples into graph for clip 43
--------------------------------
Processing folder:  data/frames/bedroom_02/44
Inserted 19 triples into graph for clip 44
--------------------------------
Processing folder:  data/frames/bedroom_02/45
Inserted 19 triples into graph for clip 45
--------------------------------
Processing folder:  data/frames/bedroom_02/46
Inserted 31 triples into graph for clip 46
--------------------------------
Processing folder:  data/frames/bedroom_02/47
Inserted 20 triples into graph for clip 47
--------------------------------
Processing folder:  data/frames/bedroom_02/48
Inserted 25 triples into graph for clip 48
--------------------------------
Processing folder:  data/frames/bedroom_02/49
Inserted 22 triples into graph for clip 49
--------------------------------
Processing folder:  data/frames/bedroom_02/50
Inserted 27 triples into graph for clip 50
--------------------------------
Processing folder:  data/frames/bedroom_02/51
Inserted 23 triples into graph for clip 51
--------------------------------
Processing folder:  data/frames/bedroom_02/52
Inserted 30 triples into graph for clip 52
--------------------------------
Processing folder:  data/frames/bedroom_02/53
Inserted 13 triples into graph for clip 53
--------------------------------
Processing folder:  data/frames/bedroom_02/54
Inserted 12 triples into graph for clip 54
--------------------------------
Processing folder:  data/frames/bedroom_02/55
Inserted 19 triples into graph for clip 55
--------------------------------
Processing folder:  data/frames/bedroom_02/56
LLM call failed, retrying... Error: Error code: 400 - {'error': {'message': 'code: content_policy_violation; message: Image processing blocked due to content policy violation.', 'type': 'invalid_request_error', 'param': 'input', 'code': '-4315'}}
✗ Error processing folder data/frames/bedroom_02/56: Error code: 400 - {'error': {'message': 'code: content_policy_violation; message: Image processing blocked due to content policy violation.', 'type': 'invalid_request_error', 'param': 'input', 'code': '-4315'}}
Continuing to next folder...
--------------------------------
Processing folder:  data/frames/bedroom_02/57
Inserted 17 triples into graph for clip 57
--------------------------------
Processing folder:  data/frames/bedroom_02/58
Inserted 11 triples into graph for clip 58
--------------------------------
Processing folder:  data/frames/bedroom_02/59
Inserted 13 triples into graph for clip 59
--------------------------------
Processing folder:  data/frames/bedroom_02/60
LLM call failed, retrying... Error: Error code: 400 - {'error': {'message': 'code: content_policy_violation; message: Image processing blocked due to content policy violation.', 'type': 'invalid_request_error', 'param': 'input', 'code': '-4315'}}
✗ Error processing folder data/frames/bedroom_02/60: Error code: 400 - {'error': {'message': 'code: content_policy_violation; message: Image processing blocked due to content policy violation.', 'type': 'invalid_request_error', 'param': 'input', 'code': '-4315'}}
Continuing to next folder...
--------------------------------
Processing folder:  data/frames/bedroom_02/61
Inserted 30 triples into graph for clip 61
--------------------------------
Processing folder:  data/frames/bedroom_02/62
Inserted 23 triples into graph for clip 62
--------------------------------
Processing folder:  data/frames/bedroom_02/63
Inserted 24 triples into graph for clip 63
--------------------------------
Processing folder:  data/frames/bedroom_02/64
Inserted 26 triples into graph for clip 64
--------------------------------
Processing folder:  data/frames/bedroom_02/65
Inserted 19 triples into graph for clip 65
--------------------------------
Processing folder:  data/frames/bedroom_02/66
Inserted 16 triples into graph for clip 66
--------------------------------
Processing folder:  data/frames/bedroom_02/67
Inserted 12 triples into graph for clip 67
--------------------------------
Processing folder:  data/frames/bedroom_02/68
Inserted 28 triples into graph for clip 68
--------------------------------
Processing folder:  data/frames/bedroom_02/69
Inserted 21 triples into graph for clip 69
Extracting summary for final conversation 6...
✓ Final conversation summary extracted. Attributes: 10, Relationships: 5
Inserting character appearances for 4 characters...
✓ Character appearances inserted: 20 appearance edges created
327 node embeddings inserted (4 characters, 323 objects)
1547 edge embeddings inserted
Generating character attributes...
Number of edges:  1547
Character attributes generated.
Number of edges:  1578
Character relationships generated.
Number of edges:  1603
✓ Graph memory built for bedroom_02
Question: How many things on the dressing table are not often used by Lily?

[Step 1] Searching the graph...
Parse Query Output:
{
  "query_triple": ["<Lily>", "not often uses", "things on dressing table", 0.95, 0.3, 0.6],
  "spatial_constraint": "dressing table",
  "speaker_strict": null,
  "allocation": {
    "k_high_level": 5,
    "k_low_level": 38,
    "k_conversations": 7,
    "total_k": 50,
    "reasoning": "Quantitative, action/state and spatial query about Lily's usage of items on a specific surface. Prioritize low-level edges to find items located on the dressing table and Lily's interaction frequency. Limited high-level for any attribute patterns. Minimal conversations in case of verbal mentions about usage habits."
  }
}

Graph Search Results:
**High-Level Information (Character Attributes and Relationships): **

Character Relationships:
- robot assists Lily (95)
- Lily directs tasks to robot (90)
- Lily gives instructions to robot (90)
- Lily relies on for household assistance robot (90)
- Lily relies on assistance from robot (85)

**Low-Level Information (Actions and Events): **

[1] Lily pauses beside wardrobe. (bedroom)
[2] Lily stands near wardrobe. (bedroom)
[2] Lily walks along wardrobe. (bedroom)
[2] Lily returns closer to wardrobe. (bedroom)
[4] Lily stand near wardrobe. (bedroom)
[10] Lily looks toward wardrobe. (bedroom)
[16] Lily looks toward wardrobe. (bedroom)
[16] Lily gestures toward wardrobe. (bedroom)
[22] Lily stands near wardrobe. (bedroom)
[26] Lily approaches wardrobe. (bedroom)
[26] Lily looks over item on shelf. (bedroom)
[26] Lily remarks table is messy. (bedroom)
[26] Lily inspects small item on lower shelf. (bedroom)
[27] Lily cleans shelf. (bedroom)
[29] Lily leans toward bedside table. (bedroom)
[30] Lily squats beside small table. (bedroom)
[31] Lily faces table item. (bedroom)
[35] Lily gestures toward side table. (bedroom)
[38] Lily notices clothes left on bed. (bedroom)
[39] Lily gestures to clothes on bed. (bedroom)
[39] Lily points to clothes on bed. (bedroom)
[39] Lily looks into empty drawer box beside wardrobe. (bedroom)
[40] Lily handles clothes. (bedroom)
[45] Lily specifies mud mask might be on right side of Lily's table. (bedroom)
[46] Lily walks toward bedside table. (bedroom)
[46] Lily moves to nightstand. (bedroom)
[50] Lily holds skincare jar. (bedroom)
[50] Lily places skincare jar. (bedroom)
[50] Lily reaches for skincare jar. (bedroom)
[50] Lily opens skincare jar. (bedroom)
[50] Lily looks at skincare jar. (bedroom)
[51] Lily stands beside wardrobe. (bedroom)
[51] Lily glances at mirror panel on wardrobe. (bedroom)
[51] Lily looks toward bedside drawer. (bedroom)
[52] Lily stands near wardrobe. (bedroom)
[67] Lily stands beside wardrobe. (bedroom)
[67] Lily taps wardrobe panel. (bedroom)
[68] Lily faces shelf mirror. (bedroom)

**Conversations: **

Conversation 6: Lily and Mia spend time together doing skincare, requesting items from a robot helper, and chatting about snacks and makeup. Mia encourages healthier habits and shares makeup tips, while Lily prefers rest and sweets but appreciates Mia’s advice. They apply a cleansing clay mask, follow with facial masks, tidy up, and head to bed. Overall, they act as close friends coordinating self-care and small household tasks.
[45] Mia: Oh I think we should use a cleansing clay mask before we applying facial mask.
[45] Lily: Oh okay hmm hello robot could you please fetch me my cleansing mud mask in the...
[45] Lily: Hmm maybe the right hand of my table.
[46] Lily: Thank you robot.
[46] Lily: Hmm maybe I can put my dessert on the table next to our bed so we can eat it together.
[47] Mia: Hmm.
[47] Lily: Okay hello robot could you please fetch me some chocolate?
[48] Lily: On a table in the little box okey.
[48] Lily: Thank you.
[48] Mia: Okay then I'll have a bit more.
[59] Lily: Hmm so let me think where is my pajamas.
[59] Lily: Hello robot, could you please give me my pajamas?
[59] Lily: And put my trousers on my dressing up tables.
[61] Lily: Thank you robot okay.
[61] Mia: Hi robot please bring me my milk tea it's on the table.

Conversation 5: Lily and Mia enjoy a delicious cake and plan to visit the shop together after work to buy more, hoping to share with colleagues. They discuss that good restaurants can still close, recalling a favorite Japanese place that shut down. While cleaning, they organize items and ask a robot to put clothes into the wardrobe and box, then hang them up.
[36] Lily: Hmm...
[37] Lily: Maybe...
[37] Lily: We can put my makeups...
[37] Mia: Yeah this one and this one.
[37] Lily: Okay just into...

Conversation 1: Lily feels overwhelmed by a messy room and lack of energy to tidy after long work hours. Mia proposes using color-coded boxes to sort clothes, and with a robot’s assistance they organize hangers and agree on a division of tasks. Lily classifies her clothes while Mia helps put them away, collaborating to clean the space.
[1] Lily: Oh, I'm really tired.
[1] Lily: There are so many clothes everywhere.
[1] Lily: Everywhere is so messy and dirty.
[1] Lily: Oh my god I just want to ignore everything hmm...

Conversation 2: Lily and Mia instruct a robot to organize clothing. They ask it to place sorted items into a box and then into their wardrobe, specifying locations such as under a level and on the top.
[9] robot: Okay.
[9] Lily: Hmm so hello robot could you please hmm... put my trousers and skirts into the hmm...
[10] Lily: The wardrobe under uh...
[10] Lily: The wardrobe under the level and put my clothes on the top.

Conversation 4: Lily and Mia discuss Lily’s reluctance to exercise, with Mia encouraging her to jog early, but they ultimately treat it as a joke. Lily uses a robot to fetch items, cleans up a messy table, and the two share dessert and bread. The conversation centers on laziness versus fitness, light teasing, and casual domestic organization.
[21] Lily: Well there's still some clothes rack left.
[21] Lily: So tired.
[22] Mia: You already this tired without even doing anything.

[Step 2] Evaluating semantic answer...
Action: [Search]
Content: [26, 31, 35, 45, 50, 51]
Summary: The graph shows Lily examining and cleaning items around the bedside/dressing table area, referencing skincare jars and a mud mask, but it does not specify which items are “not often used” or provide counts; conversations focus on fetching items and general tidying without indicating usage frequency.

[Step 3] Watching video clips: [26, 31, 35, 45, 50, 51]

   Processing clip 26 (1/6)...
Question: How did Lily do the cleaning when she was alone?

[Step 1] Searching the graph...
Parse Query Output:
{
  "query_triple": ["<Lily>", "does cleaning", "alone", 0.95, 0.3, 0.6],
  "spatial_constraint": null,
  "speaker_strict": null,
  "allocation": {
    "k_high_level": 6,
    "k_low_level": 36,
    "k_conversations": 8,
    "total_k": 50,
    "reasoning": "Process/how query about actions; prioritize low-level edges for specific cleaning actions and states. Some conversations may explain method details; a few high-level edges for traits like independence."
  }
}

Graph Search Results:
**High-Level Information (Character Attributes and Relationships): **

Character Relationships:
- robot assists Lily (95)
- Lily directs tasks to robot (90)
- Lily gives instructions to robot (90)
- Lily relies on for household assistance robot (90)
- Lily directs robot (85)
- Lily relies on assistance from robot (85)

**Low-Level Information (Actions and Events): **

[3] Lily takes step toward bed. (bedroom)
[3] Lily is on bed. (bedroom)
[4] Mia explains sorting clothes into box to Lily. (bedroom)
[13] Lily sits bed. (bedroom)
[15] robot shows toward Lily. (bedroom)
[20] robot shows Lily. (bedroom)
[21] Lily returns to room. (bedroom)
[24] Lily exits room. (bedroom)
[26] Lily debates clean. (bedroom)
[27] Lily adjusts item. (bedroom)
[27] Lily cleans shelf. (bedroom)
[27] Lily organizes object. (bedroom)
[28] Lily surveys room. (bedroom)
[28] Lily suggests break. (bedroom)
[30] Lily requests robot. (bedroom)
[39] Lily picks up from bed. (bedroom)
[40] robot shows towards Lily. (bedroom)
[40] Lily instructs robot. (bedroom)
[44] Lily asks robot. (bedroom)
[45] Lily asks robot. (bedroom)
[46] Lily acknowledges with okay. (bedroom)
[48] Lily thanks robot. (bedroom)
[49] Lily takes from bed. (bedroom)
[49] Lily looks at phone. (bedroom)
[49] Lily picks up jar. (bedroom)
[52] Lily checks box. (bedroom)
[59] Lily instructs to put on robot. (bedroom)
[61] Lily thanks robot. (bedroom)
[61] Lily is on bed. (bedroom)
[66] Lily moves toward bed. (bedroom hallway)
[67] Lily unfolds while facing shelf. (bedroom)
[68] Lily uses as mirror phone. (bedroom)
[68] Lily compliments affectionately someone. (bedroom)
[68] Lily keeps using to check face phone. (bedroom)
[69] Lily faces mirror. (hallway and living area by vanity)
[69] Lily looks into mirror. (hallway and living area by vanity)

**Conversations: **

Conversation 4: Lily and Mia discuss Lily’s reluctance to exercise, with Mia encouraging her to jog early, but they ultimately treat it as a joke. Lily uses a robot to fetch items, cleans up a messy table, and the two share dessert and bread. The conversation centers on laziness versus fitness, light teasing, and casual domestic organization.
[26] Lily: So tired of me.
[26] Lily: Wow. It's so messy of this table.
[26] Lily: Maybe I should clean them up.
[26] Lily: Hmm...
[26] Lily: Do I need to clean it up?
[26] Lily: To clean or not to clean.
[27] Lily: So paltry...
[27] Lily: Okay I will clean it up.
[27] Lily: I decided, and I will put the screen...
[28] Lily: Okay I'm finally finished, how clean!
[28] Lily: I'm satisfied.
[28] Mia: Hey Lily.

Conversation 6: Lily and Mia spend time together doing skincare, requesting items from a robot helper, and chatting about snacks and makeup. Mia encourages healthier habits and shares makeup tips, while Lily prefers rest and sweets but appreciates Mia’s advice. They apply a cleansing clay mask, follow with facial masks, tidy up, and head to bed. Overall, they act as close friends coordinating self-care and small household tasks.
[64] Mia: Okay let's go.
[64] Lily: Let's just...
[65] Lily: Wash okay?
[65] Lily: Let's wash.
[65] Lily: Okay I'm finished.
[66] Mia: Then you can go.

Conversation 5: Lily and Mia enjoy a delicious cake and plan to visit the shop together after work to buy more, hoping to share with colleagues. They discuss that good restaurants can still close, recalling a favorite Japanese place that shut down. While cleaning, they organize items and ask a robot to put clothes into the wardrobe and box, then hang them up.
[36] Lily: Hmm well there is a little cake left.
[36] Mia: Hmm maybe we should put all the things you don't need... don't use very often into the cabinet.
[36] Lily: Okay. Hmm let's continue our cleaning up.
[36] Lily: Hmm maybe...
[36] Lily: We should put this...

[Step 2] Evaluating semantic answer...
Action: [Answer]
Content: She debated whether to clean, then decided to clean up the messy table and organized items and the shelf by herself in the bedroom.
FINAL ANSWER (from graph):
She debated whether to clean, then decided to clean up the messy table and organized items and the shelf by herself in the bedroom.
Question: Did Lily control her body shape?

[Step 1] Searching the graph...
Parse Query Output:
{
  "query_triple": ["<Lily>", "controls", "body shape", 0.95, 0.3, 0.6],
  "spatial_constraint": null,
  "speaker_strict": null,
  "allocation": {
    "k_high_level": 6,
    "k_low_level": 34,
    "k_conversations": 10,
    "total_k": 50,
    "reasoning": "Action/state capability query about a specific character. Use low-level edges to find scenes where Lily changes/controls her body shape; some high-level edges may encode abilities/traits; a small portion of conversations may include explicit mentions or explanations."
  }
}

Graph Search Results:
**High-Level Information (Character Attributes and Relationships): **

Character Relationships:
- robot assists Lily (95)
- Lily gives instructions to robot (90)
- Lily directs robot (85)
- Lily directs tasks to robot (90)
- Lily relies on for household assistance robot (90)
- Lily trusts Mia (90)

**Low-Level Information (Actions and Events): **

[2] Lily stands near wardrobe. (bedroom)
[2] Lily returns closer to wardrobe. (bedroom)
[6] Lily sorts skirt. (bedroom)
[6] Lily groups skirt. (bedroom)
[10] Lily looks toward wardrobe. (bedroom)
[16] Lily looks toward wardrobe. (bedroom)
[16] Lily gestures toward wardrobe. (bedroom)
[16] Lily points to clothing. (bedroom)
[22] Lily stands near wardrobe. (bedroom)
[25] Lily holds glass. (bedroom)
[26] Lily approaches wardrobe. (bedroom)
[27] Lily adjusts item. (bedroom)
[27] Lily moves closer to cabinet small box. (bedroom)
[27] Lily organizes object. (bedroom)
[29] Lily holds glass. (bedroom)
[29] Lily opens bag. (bedroom)
[30] Lily holds snack. (bedroom)
[36] Lily looks at lower shelf. (bedroom)
[38] Lily holds small device. (bedroom)
[40] Lily handles clothes. (bedroom)
[48] Lily shows content of container. (bedroom)
[49] Lily holds small jar. (bedroom)
[49] Lily checks phone screen. (bedroom)
[50] Lily holds skincare jar. (bedroom)
[51] Lily stands beside wardrobe. (bedroom)
[52] Lily stands near wardrobe. (bedroom)
[52] Lily checks box. (bedroom)
[66] Lily opens small item. (bedroom hallway)
[66] Lily handles small item. (bedroom hallway)
[67] Lily stands beside wardrobe. (bedroom)
[67] Lily opens pink box. (bedroom)
[68] Lily faces shelf mirror. (bedroom)
[69] Lily holds plastic container. (hallway and living area by vanity)
[69] Lily adjusts hair. (hallway and living area by vanity)

**Conversations: **

Conversation 6: Lily and Mia spend time together doing skincare, requesting items from a robot helper, and chatting about snacks and makeup. Mia encourages healthier habits and shares makeup tips, while Lily prefers rest and sweets but appreciates Mia’s advice. They apply a cleansing clay mask, follow with facial masks, tidy up, and head to bed. Overall, they act as close friends coordinating self-care and small household tasks.
[53] Mia: Get half an hour earlier to exercise.
[53] Lily: Well... I'm not.
[53] Lily: I just cannot accept that I'm the only one to getting weight.
[53] Lily: Getting more and more fat.
[53] Lily: You know hmm how devil you are.
[54] Mia: Hmm maybe you... you should try to exercise more.

Conversation 4: Lily and Mia discuss Lily’s reluctance to exercise, with Mia encouraging her to jog early, but they ultimately treat it as a joke. Lily uses a robot to fetch items, cleans up a messy table, and the two share dessert and bread. The conversation centers on laziness versus fitness, light teasing, and casual domestic organization.
[26] Lily: Wow. It's so messy of this table.
[26] Lily: Maybe I should clean them up.
[26] Lily: Hmm...
[26] Lily: Do I need to clean it up?
[26] Lily: To clean or not to clean.
[29] Lily: Oh you bought some bread.
[29] Mia: Yes I thought we are going to be hungry.
[29] Lily: Yes.
[29] Lily: Oh it looks good.
[29] Lily: Let me try.

Conversation 5: Lily and Mia enjoy a delicious cake and plan to visit the shop together after work to buy more, hoping to share with colleagues. They discuss that good restaurants can still close, recalling a favorite Japanese place that shut down. While cleaning, they organize items and ask a robot to put clothes into the wardrobe and box, then hang them up.
[36] Mia: Hmm maybe we should put all the things you don't need... don't use very often into the cabinet.
[36] Lily: Okay. Hmm let's continue our cleaning up.
[36] Lily: Hmm maybe...
[36] Lily: We should put this...
[36] Lily: Hmm...
[37] Lily: Maybe...
[37] Lily: We can put my makeups...
[37] Mia: Yeah this one and this one.
[37] Lily: You know you're the most understandable person in the world for me.
[37] Mia: Of course.
[38] Lily: Hmm.
[38] Lily: Just have a little rest I'm so tired.
[38] Mia: Yeah.
[40] Lily: Any other one?
[40] Mia: Oh oh there are so many.
[40] Lily: Yes.
[40] Lily: So hello robot please put all the clothes on my bed in the box.
[40] Lily: And then hang them on the wardrobe okay?

Conversation 1: Lily feels overwhelmed by a messy room and lack of energy to tidy after long work hours. Mia proposes using color-coded boxes to sort clothes, and with a robot’s assistance they organize hangers and agree on a division of tasks. Lily classifies her clothes while Mia helps put them away, collaborating to clean the space.
[1] Mia: Lily...
[1] Mia: Your milk tea.
[1] Lily: Hmm...
[1] Mia: Why are you looked so troubled?
[1] Lily: Ah because you know.

[Step 2] Evaluating semantic answer...
Action: [Answer]
Content: No, Lily did not control her body shape and felt she was gaining weight.
FINAL ANSWER (from graph):
No, Lily did not control her body shape and felt she was gaining weight.
Question: Are Lily and Mia both willing to share?

[Step 1] Searching the graph...
Parse Query Output:
{
  "query_triple": ["<Lily>", "willing to share", "<Mia>", 0.95, 0.25, 0.95],
  "spatial_constraint": null,
  "speaker_strict": null,
  "allocation": {
    "k_high_level": 9,
    "k_low_level": 11,
    "k_conversations": 30,
    "total_k": 50,
    "reasoning": "Trait/attitude query about both characters; use high-level edges for willingness traits, conversations for expressed intentions, and some low-level actions for evidence of sharing behavior."
  }
}

Graph Search Results:
**High-Level Information (Character Attributes and Relationships): **

Character Relationships:
- Lily close friends with Mia (90)
- Lily trusts Mia (90)
- Lily friends with Mia (85)
- Mia collaborates with Lily (85)
- Lily is close friends with Mia (95)
- Mia encourages healthier habits for Lily (85)
- Lily appreciates guidance from Mia (80)
- Mia supportive toward Lily (75)
- Lily collaborates with Mia (75)

**Low-Level Information (Actions and Events): **

[1] Lily accepts from Mia. (bedroom)
[4] Lily asks Mia. (bedroom)
[29] Lily thanks Mia. (bedroom)
[51] Lily asks Mia. (bedroom)
[52] Lily asks Mia. (bedroom)
[55] Lily asks Mia. (bedroom)
[63] Lily asks Mia. (bedroom)
[63] Lily expresses appreciation to Mia. (bedroom)
[64] Lily asks Mia. (bedroom)
[64] Mia agrees with Lily. (bedroom)
[64] Lily thanks Mia. (bedroom)

**Conversations: **

Conversation 6: Lily and Mia spend time together doing skincare, requesting items from a robot helper, and chatting about snacks and makeup. Mia encourages healthier habits and shares makeup tips, while Lily prefers rest and sweets but appreciates Mia’s advice. They apply a cleansing clay mask, follow with facial masks, tidy up, and head to bed. Overall, they act as close friends coordinating self-care and small household tasks.
[43] Lily: Oh, it's so boring Mia.
[44] Lily: Hmm maybe I wanna, I wanna apply a facial mask for myself.
[44] Lily: Hello robot could you please give me my facial mask?
[46] Lily: Thank you robot.
[46] Lily: Hmm maybe I can put my dessert on the table next to our bed so we can eat it together.
[46] Lily: Okay.
[47] Mia: Oh you eat it by yourself I won't eat it I'm a bit full.
[47] Lily: Hmm I wanna have a rest hmm...
[51] Mia: Yeah.
[51] Lily: Hmm maybe do you have any tissues or papers?
[51] Lily: You have any?
[52] Mia: Hmm no I just I have a little piece.
[52] Mia: I don't need it.
[52] Lily: Hmm where's my chocolate?
[53] Lily: I wanna have a little bite of my chocolate.
[53] Lily: Oh Mia, you, what about you just eat some chocolate.
[53] Mia: No eating more will only makes me hmm...
[53] Mia: Get half an hour earlier to exercise.
[54] Mia: It can strengthen your heart and muscle.
[54] Mia: So you feel more energetic and after exercising you can also feel better.
[54] Lily: Hmm you know Mia I really love you.
[54] Lily: You are my... you're my close friend you know, but whenever you...
[55] Lily: You just tell me some good functions, or advantages of doing some exercises.
[61] Mia: Thank you.
[62] Lily: Oh still tired.
[62] Lily: Oh Mia can I ask you a question?
[62] Mia: Yes.
[62] Lily: Hmm I just wanna know how, hmm how you do the makeup so wonderfully?
[62] Mia: Oh that's... I think maybe first moisturizing is absolutely necessary.
[64] Mia: The more you draw the better you get.
[64] Lily: Okay so the next time when you do the makeup can I just learn from you?
[64] Mia: Of course.
[64] Lily: So maybe the time is enough we can just wash our cleansing clay mask.
[64] Mia: Okay let's go.

Conversation 5: Lily and Mia enjoy a delicious cake and plan to visit the shop together after work to buy more, hoping to share with colleagues. They discuss that good restaurants can still close, recalling a favorite Japanese place that shut down. While cleaning, they organize items and ask a robot to put clothes into the wardrobe and box, then hang them up.
[32] Lily: Oh Mia
[32] Lily: I just love the taste of this little cake.
[32] Mia: I know you will like it.
[33] Lily: Well Mia I just wanna know where did you buy such a delicious thing.
[33] Lily: I just want to buy some tomorrow.
[33] Mia: I know you would like it.
[36] Mia: Hmm maybe we should put all the things you don't need... don't use very often into the cabinet.
[36] Lily: Okay. Hmm let's continue our cleaning up.
[36] Lily: Hmm maybe...
[36] Lily: We should put this...
[36] Lily: Hmm...
[37] Lily: Maybe...
[37] Lily: We can put my makeups...
[37] Mia: Yeah this one and this one.
[37] Lily: Okay just into...
[37] Lily: Alright, hmm Mia.
[37] Lily: You know you're the most understandable person in the world for me.
[37] Mia: Of course.
[38] Lily: Hmm.
[38] Lily: Just have a little rest I'm so tired.
[38] Mia: Yeah.
[39] Lily: Except for this clothes we still have some other clothes.
[39] Lily: Hmm do we have any other...
[40] Lily: Any other one?
[40] Mia: Oh oh there are so many.
[40] Lily: Yes.
[40] Lily: So hello robot please put all the clothes on my bed in the box.
[40] Lily: And then hang them on the wardrobe okay?

Conversation 1: Lily feels overwhelmed by a messy room and lack of energy to tidy after long work hours. Mia proposes using color-coded boxes to sort clothes, and with a robot’s assistance they organize hangers and agree on a division of tasks. Lily classifies her clothes while Mia helps put them away, collaborating to clean the space.
[1] Lily: Oh my god I just want to ignore everything hmm...
[1] Lily: But...
[1] Mia: Hey Lily.
[1] Mia: Lily...
[1] Mia: Your milk tea.
[1] Lily: Hmm...
[1] Mia: Why are you looked so troubled?
[1] Lily: Ah because you know.
[2] Mia: That's because you're too lazy, we start...
[2] Mia: We start to work at the same time, why can't you just tidy up?
[3] Lily: Well Mia...
[3] Lily: Hmm you just... you're not the first day...
[3] Lily: It's not the first day you met me you know.
[3] Mia: Hmm I have a solution.
[3] Lily: I know, I know you got solutions.
[3] Lily: Mia how lucky of you.
[3] Lily: If hmm... I couldn't imagine if hmm there isn't you in the world.
[3] Mia: Don't try to fool me with sweet talk I don't buy it.
[4] Mia: Stay away from me.
[4] Mia: Alright, are we still tidying up the room or not?
[4] Lily: Okay.
[4] Mia: Hi robot bring several boxes with different colors to us.
[4] Mia: So we can sort our clothes and place them in it.
[5] Lily: Wow...
[5] Lily: It's really a good idea.
[5] Lily: Wow Mia, it's really a good idea so could you help me to...
[5] Lily: Hmm just put my clothes in my wardrobe.
[6] Lily: Maybe in this side of my bed.

Conversation 4: Lily and Mia discuss Lily’s reluctance to exercise, with Mia encouraging her to jog early, but they ultimately treat it as a joke. Lily uses a robot to fetch items, cleans up a messy table, and the two share dessert and bread. The conversation centers on laziness versus fitness, light teasing, and casual domestic organization.
[23] Mia: You agreed.
[23] Mia: So let's start getting up early to go jogging together tomorrow.
[23] Lily: Oh my god Mia, if you wanna let me die.
[23] Lily: You can just tell me directly I will give my life to you baby.
[23] Mia: Don't be that, I won't threaten your life.
[26] Lily: Wow. It's so messy of this table.
[26] Lily: Maybe I should clean them up.
[26] Lily: Hmm...
[26] Lily: Do I need to clean it up?
[26] Lily: To clean or not to clean.
[28] Lily: Okay I'm finally finished, how clean!
[28] Lily: I'm satisfied.
[28] Mia: Hey Lily.
[28] Lily: Hey.
[28] Lily: You're back.
[29] Lily: Oh you bought some bread.
[29] Mia: Yes I thought we are going to be hungry.
[29] Lily: Yes.
[29] Lily: Oh it looks good.
[29] Lily: Let me try.

Conversation 3: Lily instructs a robot on how to organize clothing in a wardrobe, specifying that skirts and trousers go in the lower section and clothes and coats in the upper section. The robot agrees to carry out the instructions.
[16] Lily: So it's all done.
[16] Lily: So...
[16] Lily: Hello robot, could you please put the skirts and trousers for me into the lower wardrobe.
[16] Lily: And put the clothes and coats into the upper, upper wardrobe.

[Step 2] Evaluating semantic answer...
Action: [Answer]
Content: Yes, they both show willingness to share.
FINAL ANSWER (from graph):
Yes, they both show willingness to share.
Question: Where can the robot get the facial cleansing mask?

[Step 1] Searching the graph...
Parse Query Output:
{
  "query_triple": ["<robot>", "gets", "facial cleansing mask", 0.9, 0.3, 0.8],
  "spatial_constraint": null,
  "speaker_strict": null,
  "allocation": {
    "k_high_level": 4,
    "k_low_level": 40,
    "k_conversations": 6,
    "total_k": 50,
    "reasoning": "Spatial/action query about obtaining an object; prioritize low-level edges to find where the mask is located or acquired. Minimal high-level edges for any character attributes or general relationships, and a small conversation budget for mentions of where to get it."
  }
}

Graph Search Results:
**High-Level Information (Character Attributes and Relationships): **

Character Relationships:
- robot assists Lily (95)
- Mia utilizes as a service helper robot (85)
- Lily gives instructions to robot (90)
- Lily directs tasks to robot (90)

**Low-Level Information (Actions and Events): **

[7] robot uses gloved hand. (bedroom)
[7] robot places cloth. (bedroom)
[10] robot takes plastic hanger. (bedroom)
[12] robot grabs fluffy light-blue garment with panda print. (bedroom)
[15] robot picks up black graphic T-shirt. (bedroom)
[15] robot grabs black plastic hanger. (bedroom)
[16] robot reaches out gloved hand. (bedroom)
[17] robot returns with more cloth. (bedroom)
[18] robot sorts black clothing. (bedroom)
[20] robot holds up black dress. (bedroom)
[20] robot hangs black dress. (bedroom)
[25] robot picks up glass of milk tea. (bedroom)
[25] robot hands milk tea. (bedroom)
[30] robot lifts pillow. (bedroom)
[30] robot checks underneath pillow. (bedroom)
[31] robot smooths white top. (bedroom)
[31] robot looks at hanging cloth. (bedroom)
[32] robot looks at hanging cloth. (bedroom)
[32] robot places white shirt. (bedroom)
[32] robot arranges white shirt. (bedroom)
[33] robot holds white T-shirt. (bedroom)
[40] robot puts clothes. (bedroom)
[42] robot picks up black t-shirt. (bedroom)
[43] robot has green camouflage garment. (bedroom)
[43] robot puts garment. (bedroom)
[44] robot searches among cosmetic. (bedroom)
[44] robot picks up pink facial mask packet. (bedroom)
[44] robot carries back toward bedroom facial mask. (bedroom)
[44] robot hands facial mask. (bedroom)
[45] robot holds pink facial mask packet. (bedroom)
[45] robot presents pink facial mask packet. (bedroom)
[45] pink facial mask packet is from robot. (bedroom)
[46] robot picks up white jar. (bedroom)
[46] robot carries white jar. (bedroom)
[46] robot hands white jar. (bedroom)
[46] white jar is from robot. (bedroom)
[48] robot hands white container. (bedroom)
[61] robot picks up glass of milk tea. (bedroom)
[61] robot hands milk tea. (bedroom)
[69] robot uses camera. (hallway and living area by vanity)

**Conversations: **

Conversation 6: Lily and Mia spend time together doing skincare, requesting items from a robot helper, and chatting about snacks and makeup. Mia encourages healthier habits and shares makeup tips, while Lily prefers rest and sweets but appreciates Mia’s advice. They apply a cleansing clay mask, follow with facial masks, tidy up, and head to bed. Overall, they act as close friends coordinating self-care and small household tasks.
[43] Lily: Oh, it's so boring Mia.
[44] Lily: Hmm maybe I wanna, I wanna apply a facial mask for myself.
[44] Lily: Hello robot could you please give me my facial mask?
[44] robot: Okay.
[45] Lily: Oh thank you robot.
[45] Mia: Oh I think we should use a cleansing clay mask before we applying facial mask.
[45] Lily: Oh okay hmm hello robot could you please fetch me my cleansing mud mask in the...
[45] Lily: Hmm maybe the right hand of my table.
[46] Lily: Thank you robot.
[49] Mia: Hmm I think maybe we should put our cleansing mud mask before lying down the bed.
[49] Lily: Okay hmm so...
[49] Lily: Let's just get our making up table and put our cleansing mud mask.
[50] Lily: So hmm...
[50] Lily: I just want a little.
[59] Lily: By the way where is my pajamas?
[59] Lily: Hmm so let me think where is my pajamas.
[59] Lily: Hello robot, could you please give me my pajamas?
[59] Lily: And put my trousers on my dressing up tables.
[61] Lily: Thank you robot okay.
[66] Mia: Then you can go.
[66] Lily: Okay and wait for me just a little moment okay?
[66] Lily: Hmm let me put my facial mask now.
[67] Lily: Maybe we can just...
[67] Mia: Hmm I'm done as well.

[Step 2] Evaluating semantic answer...
Action: [Answer]
Content: From the right-hand side of Lily’s table.
FINAL ANSWER (from graph):
From the right-hand side of Lily’s table.
Question: Does Mia like eating chocolate

[Step 1] Searching the graph...
Parse Query Output:
{
  "query_triple": ["<Mia>", "likes eating", "chocolate", 0.95, 0.35, 0.9],
  "spatial_constraint": null,
  "speaker_strict": null,
  "allocation": {
    "k_high_level": 8,
    "k_low_level": 12,
    "k_conversations": 30,
    "total_k": 50,
    "reasoning": "Preference/affinity query about Mia and chocolate. Use high-level edges for traits/preferences, conversations to find explicit statements or admissions, and some low-level edges to capture evidence of eating chocolate in scenes."
  }
}

Graph Search Results:
**High-Level Information (Character Attributes and Relationships): **

Character Relationships:
- Lily close friends with Mia (90)
- Mia encourages healthier habits for Lily (85)
- Lily trusts Mia (90)
- Lily friends with Mia (85)
- Mia collaborates with Lily (85)
- Lily is close friends with Mia (95)
- Lily appreciates guidance from Mia (80)
- Mia supportive toward Lily (75)

**Low-Level Information (Actions and Events): **

[5] Lily listens to Mia. (bedroom)
[24] Mia mentions dessert has arrived. (bedroom)
[30] Mia picks up snack. (bedroom)
[30] Mia eats snack. (bedroom)
[40] Mia sorts clothes. (bedroom)
[47] Lily asks about being a little full Mia. (bedroom)
[47] chocolate is to Mia. (bedroom)
[61] Mia asks for milk tea on table. (bedroom)
[61] milk tea is to Mia. (bedroom)
[61] Mia accepts milk tea. (bedroom)
[63] Mia talks about eye shadow. (bedroom)
[63] Mia discusses lipstick choice. (bedroom)

**Conversations: **

Conversation 6: Lily and Mia spend time together doing skincare, requesting items from a robot helper, and chatting about snacks and makeup. Mia encourages healthier habits and shares makeup tips, while Lily prefers rest and sweets but appreciates Mia’s advice. They apply a cleansing clay mask, follow with facial masks, tidy up, and head to bed. Overall, they act as close friends coordinating self-care and small household tasks.
[46] Lily: Hmm maybe I can put my dessert on the table next to our bed so we can eat it together.
[46] Lily: Okay.
[47] Mia: Oh you eat it by yourself I won't eat it I'm a bit full.
[47] Lily: Hmm I wanna have a rest hmm...
[47] Lily: Oh you just say that you're a little full?
[47] Lily: Maybe do you want some chocolate?
[47] Mia: Hmm.
[47] Lily: Okay hello robot could you please fetch me some chocolate?
[48] Lily: On a table in the little box okey.
[48] Lily: Thank you.
[48] Mia: Okay then I'll have a bit more.
[48] Lily: Okay hmm...
[48] Mia: If it's chocolate then I'll eat a bit more.
[49] Lily: Oh I remember you love chocolate.
[49] Lily: Hmm well...
[49] Lily: I don't wanna eat.
[51] Lily: Okay hmm let me see you. Okay.
[51] Lily: Have you finished?
[51] Mia: Yeah.
[51] Lily: Hmm maybe do you have any tissues or papers?
[51] Lily: You have any?
[52] Lily: Okay I'm done so let's back our hmm... to our bed.
[52] Lily: I just wanna lie in the bed for the whole day.
[52] Lily: Hmm where's my chocolate?
[53] Lily: I wanna have a little bite of my chocolate.
[53] Lily: Oh Mia, you, what about you just eat some chocolate.
[53] Mia: No eating more will only makes me hmm...
[53] Mia: Get half an hour earlier to exercise.
[53] Lily: Well... I'm not.
[54] Mia: It can strengthen your heart and muscle.
[54] Mia: So you feel more energetic and after exercising you can also feel better.
[54] Lily: Hmm you know Mia I really love you.
[54] Lily: You are my... you're my close friend you know, but whenever you...
[55] Lily: You just tell me some good functions, or advantages of doing some exercises.
[61] Mia: Thank you.
[62] Lily: Oh still tired.
[62] Lily: Oh Mia can I ask you a question?
[62] Mia: Yes.
[62] Lily: Hmm I just wanna know how, hmm how you do the makeup so wonderfully?
[62] Mia: Oh that's... I think maybe first moisturizing is absolutely necessary.
[64] Mia: The more you draw the better you get.
[64] Lily: Okay so the next time when you do the makeup can I just learn from you?
[64] Mia: Of course.
[64] Lily: So maybe the time is enough we can just wash our cleansing clay mask.
[64] Mia: Okay let's go.
[68] Lily: Okay thank you.
[68] Lily: Oh so sweet of you honey.
[68] Mia: Hmm well...
[68] Mia: I'm already done and it's time to go to bed, I'll go.
[68] Lily: Okay bye bye.

Conversation 5: Lily and Mia enjoy a delicious cake and plan to visit the shop together after work to buy more, hoping to share with colleagues. They discuss that good restaurants can still close, recalling a favorite Japanese place that shut down. While cleaning, they organize items and ask a robot to put clothes into the wardrobe and box, then hang them up.
[32] Lily: Oh Mia
[32] Lily: I just love the taste of this little cake.
[32] Mia: I know you will like it.
[33] Lily: Well Mia I just wanna know where did you buy such a delicious thing.
[33] Lily: I just want to buy some tomorrow.
[33] Mia: I know you would like it.
[34] Mia: We can go together after work tomorrow.
[34] Lily: Well it's good for me and I can buy a little more hmm... so that maybe...
[35] Lily: I'm sure this kind of stores will not shut down.
[35] Mia: No you forgot that the really good Japanese restaurant we used to go, it closed down.
[35] Mia: And we can't find anything delicious right now.
[35] Lily: Oh you're right so...
[35] Lily: Hmm maybe we can buy a little more tomorrow.
[37] Mia: Yeah this one and this one.
[37] Lily: Okay just into...
[37] Lily: Alright, hmm Mia.
[37] Lily: You know you're the most understandable person in the world for me.
[37] Mia: Of course.
[38] Lily: Hmm.
[38] Lily: Just have a little rest I'm so tired.
[38] Mia: Yeah.
[38] Lily: I just want to relax.
[38] Lily: Well, is there anything on our back?
[38] Lily: Oh let me see what is it, a...
[38] Lily: Oh Mia we just leave some clothes oh my god what we've done.
[38] Mia: Oh look
[39] Lily: Oh Mia we just leave some clothes oh my god. what we've done.
[39] Lily: So hello robot, could you please put these clothes into my wardrobe for me?

Conversation 1: Lily feels overwhelmed by a messy room and lack of energy to tidy after long work hours. Mia proposes using color-coded boxes to sort clothes, and with a robot’s assistance they organize hangers and agree on a division of tasks. Lily classifies her clothes while Mia helps put them away, collaborating to clean the space.
[1] Mia: Hey Lily.
[1] Mia: Lily...
[1] Mia: Your milk tea.
[1] Lily: Hmm...
[1] Mia: Why are you looked so troubled?
[2] Mia: That's because you're too lazy, we start...
[2] Mia: We start to work at the same time, why can't you just tidy up?
[3] Lily: Well Mia...
[3] Lily: Hmm you just... you're not the first day...
[3] Lily: It's not the first day you met me you know.
[3] Mia: Don't try to fool me with sweet talk I don't buy it.
[4] Lily: Well I'm not lying.
[4] Mia: Oh.
[4] Lily: Don't you like it?
[4] Mia: Stay away from me.

Conversation 4: Lily and Mia discuss Lily’s reluctance to exercise, with Mia encouraging her to jog early, but they ultimately treat it as a joke. Lily uses a robot to fetch items, cleans up a messy table, and the two share dessert and bread. The conversation centers on laziness versus fitness, light teasing, and casual domestic organization.
[24] Lily: I just do not want to get up.
[24] Mia: Alright, just kidding.
[24] Mia: The dessert arrived I'll bring it.
[25] Lily: Well I don't want to grab my milk tea by myself.
[25] Lily: So hello robot could you please fetch my milk tea for me?
[29] Lily: I will sit here.
[29] Lily: Oh you bought some bread.
[29] Mia: Yes I thought we are going to be hungry.
[29] Lily: Yes.
[29] Lily: Oh it looks good.

[Step 2] Evaluating semantic answer...
Action: [Answer]
Content: Yes, Mia likes eating chocolate.
FINAL ANSWER (from graph):
Yes, Mia likes eating chocolate.
Question: Where can the robot get the chocolate?

[Step 1] Searching the graph...
Parse Query Output:
{
  "query_triple": ["<robot>", "gets", "chocolate", 0.9, 0.3, 0.7],
  "spatial_constraint": null,
  "speaker_strict": null,
  "allocation": {
    "k_high_level": 5,
    "k_low_level": 40,
    "k_conversations": 5,
    "total_k": 50,
    "reasoning": "Spatial/action query about where the robot can obtain chocolate; prioritize low-level edges for locations and actions, minimal high-level traits/relations, minimal conversations."
  }
}

Graph Search Results:
**High-Level Information (Character Attributes and Relationships): **

Character Relationships:
- robot assists Lily (95)
- Lily gives instructions to robot (90)
- Lily directs tasks to robot (90)
- Lily directs robot (85)
- Lily relies on for household assistance robot (90)

**Low-Level Information (Actions and Events): **

[7] robot places cloth. (bedroom)
[12] robot grabs fluffy light-blue garment with panda print. (bedroom)
[12] robot takes from box. (bedroom)
[13] robot points camera. (bedroom)
[13] robot pulls black pant. (bedroom)
[14] robot picks up from black clothing. (bedroom)
[14] robot hangs on brown skirt. (bedroom)
[17] robot adjusts on brown skirt. (bedroom)
[18] robot places black clothing. (bedroom)
[18] robot sorts black clothing. (bedroom)
[20] robot holds up black dress. (bedroom)
[20] robot shows Lily. (bedroom)
[20] robot carries black dress. (bedroom)
[20] robot hangs black dress. (bedroom)
[25] robot picks up glass of milk tea. (bedroom)
[25] robot carries glass of milk tea. (bedroom)
[25] robot hands milk tea. (bedroom)
[30] Lily requests robot. (bedroom)
[30] robot checks underneath pillow. (bedroom)
[32] robot places white shirt. (bedroom)
[39] Lily addresses robot. (bedroom)
[39] robot moves toward side table with snack. (bedroom)
[40] robot puts clothes. (bedroom)
[42] robot picks up black t-shirt. (bedroom)
[43] robot carries clothes. (bedroom)
[43] robot places clothes. (bedroom)
[43] robot puts garment. (bedroom)
[44] Lily asks robot. (bedroom)
[44] robot searches among cosmetic. (bedroom)
[45] Lily asks robot. (bedroom)
[46] robot reveals box. (bedroom)
[46] robot picks up white jar. (bedroom)
[46] robot carries white jar. (bedroom)
[46] robot hands white jar. (bedroom)
[46] white jar is from robot. (bedroom)
[47] Lily addresses robot. (bedroom)
[48] robot hands white container. (bedroom)
[61] robot picks up glass of milk tea. (bedroom)
[61] robot hands milk tea. (bedroom)
[69] robot uses camera. (hallway and living area by vanity)

**Conversations: **

Conversation 6: Lily and Mia spend time together doing skincare, requesting items from a robot helper, and chatting about snacks and makeup. Mia encourages healthier habits and shares makeup tips, while Lily prefers rest and sweets but appreciates Mia’s advice. They apply a cleansing clay mask, follow with facial masks, tidy up, and head to bed. Overall, they act as close friends coordinating self-care and small household tasks.
[43] Lily: Oh, it's so boring Mia.
[44] Lily: Hmm maybe I wanna, I wanna apply a facial mask for myself.
[44] Lily: Hello robot could you please give me my facial mask?
[44] robot: Okay.
[45] Lily: Oh thank you robot.
[47] Lily: Maybe do you want some chocolate?
[47] Mia: Hmm.
[47] Lily: Okay hello robot could you please fetch me some chocolate?
[48] Lily: On a table in the little box okey.
[48] Lily: Thank you.
[52] Lily: Okay I'm done so let's back our hmm... to our bed.
[52] Lily: I just wanna lie in the bed for the whole day.
[52] Lily: Hmm where's my chocolate?
[53] Lily: I wanna have a little bite of my chocolate.
[53] Lily: Oh Mia, you, what about you just eat some chocolate.
[59] Lily: And put my trousers on my dressing up tables.
[61] Lily: Thank you robot okay.
[61] Mia: Hi robot please bring me my milk tea it's on the table.
[61] Mia: Thank you.
[62] Lily: Oh still tired.

Conversation 4: Lily and Mia discuss Lily’s reluctance to exercise, with Mia encouraging her to jog early, but they ultimately treat it as a joke. Lily uses a robot to fetch items, cleans up a messy table, and the two share dessert and bread. The conversation centers on laziness versus fitness, light teasing, and casual domestic organization.
[24] Mia: The dessert arrived I'll bring it.
[25] Lily: Well I don't want to grab my milk tea by myself.
[25] Lily: So hello robot could you please fetch my milk tea for me?
[25] robot: Okay.
[25] Lily: Okay thank you robot.

[Step 2] Evaluating semantic answer...
Action: [Answer]
Content: On the table in the little box.
FINAL ANSWER (from graph):
On the table in the little box.
Question: Is Lily good at doing makeup?

[Step 1] Searching the graph...
Parse Query Output:
{
  "query_triple": ["<Lily>", "skill at", "makeup", 0.95, 0.3, 0.6],
  "spatial_constraint": null,
  "speaker_strict": null,
  "allocation": {
    "k_high_level": 8,
    "k_low_level": 12,
    "k_conversations": 30,
    "total_k": 50,
    "reasoning": "Trait/ability query. Use high-level edges for attributes (competence), conversations for opinions/evidence (compliments, self-assessment), and some low-level for actions showing makeup application quality."
  }
}

Graph Search Results:
**High-Level Information (Character Attributes and Relationships): **

Character Relationships:
- robot assists Lily (95)
- Lily close friends with Mia (90)
- Lily directs tasks to robot (90)
- Lily trusts Mia (90)
- Lily gives instructions to robot (90)
- Lily friends with Mia (85)
- Mia collaborates with Lily (85)
- Lily relies on assistance from robot (85)

**Low-Level Information (Actions and Events): **

[8] Lily glances at clothing. (bedroom)
[14] clothing is near Lily. (bedroom)
[16] Lily points to clothing. (bedroom)
[26] Lily approaches wardrobe. (bedroom)
[40] Lily handles clothes. (bedroom)
[44] Lily asks for facial mask. (bedroom)
[44] facial mask is to Lily. (bedroom)
[50] Lily reaches for skincare jar. (bedroom)
[50] Lily looks at skincare jar. (bedroom)
[67] Lily unfolds mask. (bedroom)
[67] Lily applies to face mask. (bedroom)
[69] Lily adjusts hair. (hallway and living area by vanity)

**Conversations: **

Conversation 6: Lily and Mia spend time together doing skincare, requesting items from a robot helper, and chatting about snacks and makeup. Mia encourages healthier habits and shares makeup tips, while Lily prefers rest and sweets but appreciates Mia’s advice. They apply a cleansing clay mask, follow with facial masks, tidy up, and head to bed. Overall, they act as close friends coordinating self-care and small household tasks.
[43] Lily: Oh, it's so boring Mia.
[44] Lily: Hmm maybe I wanna, I wanna apply a facial mask for myself.
[44] Lily: Hello robot could you please give me my facial mask?
[44] robot: Okay.
[48] Lily: Thank you.
[48] Mia: Okay then I'll have a bit more.
[48] Lily: Okay hmm...
[48] Mia: If it's chocolate then I'll eat a bit more.
[49] Lily: Oh I remember you love chocolate.
[49] Lily: Hmm well...
[49] Lily: I don't wanna eat.
[49] Lily: Hmm okay hmm...
[49] Mia: Hmm I think maybe we should put our cleansing mud mask before lying down the bed.
[49] Lily: Okay hmm so...
[49] Lily: Let's just get our making up table and put our cleansing mud mask.
[50] Lily: So hmm...
[50] Lily: I just want a little.
[50] Lily: Well that's enough for me.
[51] Mia: Yeah.
[51] Lily: Hmm maybe do you have any tissues or papers?
[51] Lily: You have any?
[52] Mia: Hmm no I just I have a little piece.
[52] Mia: I don't need it.
[55] Lily: Hmm and do you know the best thing that I like do...
[55] Lily: Hmm I like doing in my daily life do you know?
[55] Lily: Can you guess?
[57] Lily: And you know lying in a soft bed and having a wonderful dream.
[57] Lily: So enjoyable so you know for me...
[59] Mia: It's a funny video.
[59] Lily: Oh let me see.
[59] Lily: Well...
[59] Lily: By the way where is my pajamas?
[59] Lily: Hmm so let me think where is my pajamas.
[62] Lily: Oh Mia can I ask you a question?
[62] Mia: Yes.
[62] Lily: Hmm I just wanna know how, hmm how you do the makeup so wonderfully?
[62] Mia: Oh that's... I think maybe first moisturizing is absolutely necessary.
[62] Mia: And then is choosing a foundation that suits you.
[63] Lily: Uh but shouldn't concealer be applied before foundation?
[63] Mia: I apply foundation before concealer.
[63] Mia: I think it depends on personal skin type and preference well...
[64] Mia: Hmm practice makes perfect.
[64] Mia: The more you draw the better you get.
[64] Lily: Okay so the next time when you do the makeup can I just learn from you?
[64] Mia: Of course.
[64] Lily: So maybe the time is enough we can just wash our cleansing clay mask.
[64] Mia: Okay let's go.
[64] Lily: Let's just...
[65] Lily: Wash okay?
[65] Lily: Let's wash.
[65] Lily: Okay I'm finished.
[66] Mia: Then you can go.
[66] Lily: Okay and wait for me just a little moment okay?
[66] Lily: Hmm let me put my facial mask now.
[67] Lily: Maybe we can just...
[67] Mia: Hmm I'm done as well.
[68] Mia: Oh can you see yourself?
[68] Lily: Oh maybe.
[68] Mia: You can try this.
[68] Lily: Okay thank you.

Conversation 5: Lily and Mia enjoy a delicious cake and plan to visit the shop together after work to buy more, hoping to share with colleagues. They discuss that good restaurants can still close, recalling a favorite Japanese place that shut down. While cleaning, they organize items and ask a robot to put clothes into the wardrobe and box, then hang them up.
[36] Mia: Hmm maybe we should put all the things you don't need... don't use very often into the cabinet.
[36] Lily: Okay. Hmm let's continue our cleaning up.
[36] Lily: Hmm maybe...
[36] Lily: We should put this...
[36] Lily: Hmm...
[37] Lily: Maybe...
[37] Lily: We can put my makeups...
[37] Mia: Yeah this one and this one.
[37] Lily: Okay just into...
[37] Lily: You know you're the most understandable person in the world for me.
[37] Mia: Of course.
[38] Lily: Hmm.
[38] Lily: Just have a little rest I'm so tired.
[38] Mia: Yeah.
[39] Lily: So hello robot, could you please put these clothes into my wardrobe for me?
[39] robot: Okay.
[39] Lily: Well...
[39] Lily: Except for this clothes we still have some other clothes.
[39] Lily: Hmm do we have any other...
[40] Lily: Any other one?
[40] Mia: Oh oh there are so many.
[40] Lily: Yes.
[40] Lily: So hello robot please put all the clothes on my bed in the box.
[40] Lily: And then hang them on the wardrobe okay?

Conversation 4: Lily and Mia discuss Lily’s reluctance to exercise, with Mia encouraging her to jog early, but they ultimately treat it as a joke. Lily uses a robot to fetch items, cleans up a messy table, and the two share dessert and bread. The conversation centers on laziness versus fitness, light teasing, and casual domestic organization.
[26] Lily: Wow. It's so messy of this table.
[26] Lily: Maybe I should clean them up.
[26] Lily: Hmm...
[26] Lily: Do I need to clean it up?
[26] Lily: To clean or not to clean.
[27] Lily: So paltry...
[29] Lily: Oh you bought some bread.
[29] Mia: Yes I thought we are going to be hungry.
[29] Lily: Yes.
[29] Lily: Oh it looks good.
[29] Lily: Let me try.
[30] Lily: Yeah...
[30] Lily: Is there a T-shirt under my pillow?
[30] Lily: Hmm hello robot please put this T-shirt into my wardrobe.

Conversation 1: Lily feels overwhelmed by a messy room and lack of energy to tidy after long work hours. Mia proposes using color-coded boxes to sort clothes, and with a robot’s assistance they organize hangers and agree on a division of tasks. Lily classifies her clothes while Mia helps put them away, collaborating to clean the space.
[1] Mia: Lily...
[1] Mia: Your milk tea.
[1] Lily: Hmm...
[1] Mia: Why are you looked so troubled?
[1] Lily: Ah because you know.
[4] Lily: Well I'm not lying.
[4] Mia: Oh.
[4] Lily: Don't you like it?
[4] Mia: Stay away from me.
[4] Mia: Alright, are we still tidying up the room or not?
[4] robot: Okay.
[5] Lily: Wow...
[5] Lily: It's really a good idea.
[5] Lily: Wow Mia, it's really a good idea so could you help me to...
[5] Lily: Hmm just put my clothes in my wardrobe.

Conversation 3: Lily instructs a robot on how to organize clothing in a wardrobe, specifying that skirts and trousers go in the lower section and clothes and coats in the upper section. The robot agrees to carry out the instructions.
[16] Lily: So it's all done.
[16] Lily: So...
[16] Lily: Hello robot, could you please put the skirts and trousers for me into the lower wardrobe.
[16] Lily: And put the clothes and coats into the upper, upper wardrobe.

[Step 2] Evaluating semantic answer...
Action: [Answer]
Content: She is not very good at makeup and seeks Mia’s guidance.
FINAL ANSWER (from graph):
She is not very good at makeup and seeks Mia’s guidance.
Question: Is Mia good at making up?

[Step 1] Searching the graph...
Parse Query Output:
{
  "query_triple": ["<Mia>", "skill at makeup", null, 0.95, 0.6, 0.2],
  "spatial_constraint": null,
  "speaker_strict": null,
  "allocation": {
    "k_high_level": 9,
    "k_low_level": 18,
    "k_conversations": 23,
    "total_k": 50,
    "reasoning": "Trait/ability query about Mia's competence at makeup. Use high-level edges for traits/skills, low-level edges for evidence of actions like applying makeup or compliments, and conversations for subjective assessments."
  }
}

Graph Search Results:
**High-Level Information (Character Attributes and Relationships): **

Character Attributes:
- Mia is: long wavy dark hair (100), female (100), medium build (100), knowledgeable about makeup (80), dark pants (100), grey oversized knit sweater (100), organized (95), practical (90), supportive (95)

**Low-Level Information (Actions and Events): **

[1] Mia faces Lily. (bedroom)
[2] Lily faces Mia. (bedroom)
[3] Mia faces Lily. (bedroom)
[3] Lily faces Mia. (bedroom)
[4] Mia faces Lily. (bedroom)
[5] Mia faces Lily. (bedroom)
[6] Mia faces Lily. (bedroom)
[24] Mia faces Lily. (bedroom)
[33] Mia faces Lily. (bedroom)
[35] Mia faces <Mia>'s phone. (bedroom)
[36] Mia faces cabinet. (bedroom)
[41] Mia holds above face smartphone. (bedroom)
[50] Mia adjusts hair. (bedroom)
[50] Mia faces shelf. (bedroom)
[52] Mia faces wardrobe. (bedroom)
[53] Mia holds over face smartphone. (bedroom)
[63] Mia makes small hand motion. (bedroom)
[64] Mia faces wall outlet. (bedroom)

**Conversations: **

Conversation 6: Lily and Mia spend time together doing skincare, requesting items from a robot helper, and chatting about snacks and makeup. Mia encourages healthier habits and shares makeup tips, while Lily prefers rest and sweets but appreciates Mia’s advice. They apply a cleansing clay mask, follow with facial masks, tidy up, and head to bed. Overall, they act as close friends coordinating self-care and small household tasks.
[47] Lily: Oh you just say that you're a little full?
[47] Lily: Maybe do you want some chocolate?
[47] Mia: Hmm.
[47] Lily: Okay hello robot could you please fetch me some chocolate?
[48] Lily: On a table in the little box okey.
[51] Lily: Okay hmm let me see you. Okay.
[51] Lily: Have you finished?
[51] Mia: Yeah.
[51] Lily: Hmm maybe do you have any tissues or papers?
[51] Lily: You have any?
[61] Lily: Thank you robot okay.
[61] Mia: Hi robot please bring me my milk tea it's on the table.
[61] Mia: Thank you.
[62] Lily: Oh still tired.
[62] Lily: Oh Mia can I ask you a question?
[62] Mia: Yes.
[62] Lily: Hmm I just wanna know how, hmm how you do the makeup so wonderfully?
[62] Mia: Oh that's... I think maybe first moisturizing is absolutely necessary.
[62] Mia: And then is choosing a foundation that suits you.
[63] Lily: Uh but shouldn't concealer be applied before foundation?
[63] Mia: I apply foundation before concealer.
[63] Mia: I think it depends on personal skin type and preference well...
[63] Mia: After that for shadow.
[63] Mia: Or start with a neutral base to complement your skin tone.
[63] Mia: Then layer darker shades gradually.
[63] Mia: As for lipsticks test the colors that harmonize with your foundation.
[63] Lily: Oh gorgeous I've learned so much from you today.
[64] Mia: Hmm practice makes perfect.
[64] Mia: The more you draw the better you get.
[64] Lily: Okay so the next time when you do the makeup can I just learn from you?
[64] Mia: Of course.
[64] Lily: So maybe the time is enough we can just wash our cleansing clay mask.
[64] Mia: Okay let's go.
[67] Lily: Maybe we can just...
[67] Mia: Hmm I'm done as well.
[68] Mia: Oh can you see yourself?
[68] Lily: Oh maybe.
[68] Mia: You can try this.
[68] Lily: Okay thank you.
[68] Lily: Oh so sweet of you honey.
[68] Mia: Hmm well...
[68] Mia: I'm already done and it's time to go to bed, I'll go.
[68] Lily: Okay bye bye.

Conversation 5: Lily and Mia enjoy a delicious cake and plan to visit the shop together after work to buy more, hoping to share with colleagues. They discuss that good restaurants can still close, recalling a favorite Japanese place that shut down. While cleaning, they organize items and ask a robot to put clothes into the wardrobe and box, then hang them up.
[37] Mia: Yeah this one and this one.
[37] Lily: Okay just into...
[37] Lily: Alright, hmm Mia.
[37] Lily: You know you're the most understandable person in the world for me.
[37] Mia: Of course.
[38] Lily: Hmm.
[38] Lily: Just have a little rest I'm so tired.
[38] Mia: Yeah.
[38] Lily: I just want to relax.
[38] Lily: Well, is there anything on our back?
[38] Lily: Oh let me see what is it, a...
[38] Lily: Oh Mia we just leave some clothes oh my god what we've done.
[38] Mia: Oh look
[39] Lily: Oh Mia we just leave some clothes oh my god. what we've done.
[39] Lily: So hello robot, could you please put these clothes into my wardrobe for me?

Conversation 1: Lily feels overwhelmed by a messy room and lack of energy to tidy after long work hours. Mia proposes using color-coded boxes to sort clothes, and with a robot’s assistance they organize hangers and agree on a division of tasks. Lily classifies her clothes while Mia helps put them away, collaborating to clean the space.
[2] Mia: That's because you're too lazy, we start...
[2] Mia: We start to work at the same time, why can't you just tidy up?
[3] Lily: Well Mia...
[3] Lily: Hmm you just... you're not the first day...
[3] Lily: It's not the first day you met me you know.
[3] Lily: I'm so lazy just tell me what should I do.
[3] Mia: Hmm I have a solution.
[3] Lily: I know, I know you got solutions.
[3] Lily: Mia how lucky of you.
[3] Mia: Don't try to fool me with sweet talk I don't buy it.
[4] Lily: Well I'm not lying.
[4] Mia: Oh.
[4] Lily: Don't you like it?
[4] Mia: Stay away from me.
[6] Lily: Maybe in this side of my bed.
[6] Lily: And I will classify the clothes on my bed, okay?
[6] Mia: Okay of course.
[6] Lily: Let me see the trousers, trousers...
[6] Lily: Skirt and pajamas coats right, and this one is a T-shirt.

[Step 2] Evaluating semantic answer...
Action: [Answer]
Content: Yes, Mia is knowledgeable about makeup.
FINAL ANSWER (from graph):
Yes, Mia is knowledgeable about makeup.
Question: Is Lily lazy?

[Step 1] Searching the graph...
Parse Query Output:
{
  "query_triple": ["<Lily>", "lazy", null, 0.95, 0.8, 0.1],
  "spatial_constraint": null,
  "speaker_strict": null,
  "allocation": {
    "k_high_level": 8,
    "k_low_level": 12,
    "k_conversations": 30,
    "total_k": 50,
    "reasoning": "Trait query about laziness—use high-level edges for character attributes; supplement with conversations for evidence and some low-level actions to corroborate behavior."
  }
}

Graph Search Results:
**High-Level Information (Character Attributes and Relationships): **

Character Attributes:
- Lily is: female (100), light slippers (100), medium build (100), black pants (100), white hoodie (100), long straight dark hair (100), lazy or low motivation toward exercise (90)

Character Relationships:
- robot assists Lily (95)

**Low-Level Information (Actions and Events): **

[23] Lily lies on bed. (bedroom)
[41] Lily lies on bed. (bedroom)
[43] Lily lies on bed. (bedroom)
[44] Lily lies on bed. (bedroom)
[45] Lily lies on bed. (bedroom)
[52] Lily lies on bed. (bedroom)
[53] Lily lies on bed. (bedroom)
[54] Lily lies on bed. (bedroom)
[55] Lily lies on bed. (bedroom)
[57] Lily lies on bed. (bedroom)
[58] Lily lies on bed. (bedroom)
[61] Lily lies on bed. (bedroom)

**Conversations: **

Conversation 1: Lily feels overwhelmed by a messy room and lack of energy to tidy after long work hours. Mia proposes using color-coded boxes to sort clothes, and with a robot’s assistance they organize hangers and agree on a division of tasks. Lily classifies her clothes while Mia helps put them away, collaborating to clean the space.
[1] Lily: Oh, I'm really tired.
[1] Lily: There are so many clothes everywhere.
[1] Lily: Everywhere is so messy and dirty.
[1] Lily: Oh my god I just want to ignore everything hmm...
[1] Lily: But...
[1] Mia: Hey Lily.
[1] Mia: Lily...
[1] Mia: Your milk tea.
[1] Lily: Hmm...
[1] Mia: Why are you looked so troubled?
[1] Lily: Ah because you know.
[1] Lily: I just have my clothes everywhere you can see that.
[2] Mia: That's because you usually don't bother to tidy up.
[2] Lily: Oh dear, you know I'm so tired after working for maybe twelve hours a day.
[2] Lily: So after I...
[2] Lily: After I arrive at my home...
[3] Lily: Hmm you just... you're not the first day...
[3] Lily: It's not the first day you met me you know.
[3] Lily: I'm so lazy just tell me what should I do.
[3] Mia: Hmm I have a solution.
[3] Lily: I know, I know you got solutions.

Conversation 4: Lily and Mia discuss Lily’s reluctance to exercise, with Mia encouraging her to jog early, but they ultimately treat it as a joke. Lily uses a robot to fetch items, cleans up a messy table, and the two share dessert and bread. The conversation centers on laziness versus fitness, light teasing, and casual domestic organization.
[21] Lily: Well there's still some clothes rack left.
[21] Lily: So tired.
[22] Mia: You already this tired without even doing anything.
[22] Lily: You know...
[22] Lily: I'm just lazy and I'm exhausting now.
[22] Lily: Because I just do not wanna go out of my room and today for me it's over exercise.
[22] Mia: Your body is not in good shape.
[24] Lily: I'm... I just easily give anyone promise.
[24] Lily: But I just cannot get up early you know.
[24] Lily: I just do not want to get up.
[24] Mia: Alright, just kidding.
[24] Mia: The dessert arrived I'll bring it.
[25] robot: Okay.
[25] Lily: Okay thank you robot.
[26] Lily: So tired of me.
[26] Lily: Wow. It's so messy of this table.
[26] Lily: Maybe I should clean them up.
[26] Lily: Hmm...
[26] Lily: Do I need to clean it up?
[26] Lily: To clean or not to clean.
[27] Lily: So paltry...
[27] Lily: Okay I will clean it up.
[27] Lily: I decided, and I will put the screen...
[28] Lily: Let's have some dessert first before continuing.
[28] Lily: Okay, I'll clean it later.
[29] Lily: Where's my chair?
[29] Lily: Oh thank you, how sweet.
[29] Mia: You're welcome.
[29] Lily: Oh you bought some bread.
[29] Mia: Yes I thought we are going to be hungry.
[29] Lily: Yes.
[29] Lily: Oh it looks good.
[29] Lily: Let me try.

Conversation 6: Lily and Mia spend time together doing skincare, requesting items from a robot helper, and chatting about snacks and makeup. Mia encourages healthier habits and shares makeup tips, while Lily prefers rest and sweets but appreciates Mia’s advice. They apply a cleansing clay mask, follow with facial masks, tidy up, and head to bed. Overall, they act as close friends coordinating self-care and small household tasks.
[46] Lily: Okay.
[47] Mia: Oh you eat it by yourself I won't eat it I'm a bit full.
[47] Lily: Hmm I wanna have a rest hmm...
[47] Lily: Oh you just say that you're a little full?
[47] Lily: Maybe do you want some chocolate?
[51] Lily: It looks humorous for both of us.
[51] Lily: Okay hmm let me see you. Okay.
[51] Lily: Have you finished?
[51] Mia: Yeah.
[51] Lily: Hmm maybe do you have any tissues or papers?
[53] Lily: Well... I'm not.
[53] Lily: I just cannot accept that I'm the only one to getting weight.
[53] Lily: Getting more and more fat.
[53] Lily: You know hmm how devil you are.
[54] Mia: Hmm maybe you... you should try to exercise more.
[55] Lily: You just tell me some good functions, or advantages of doing some exercises.
[55] Lily: I just want to sleep and I just want to ignore what you have said to me.
[55] Lily: You know I just do... I just don't like to exercise you know.
[55] Lily: Hmm and do you know the best thing that I like do...
[55] Lily: Hmm I like doing in my daily life do you know?
[57] Lily: Hmm okay, but oh you know...
[58] Lily: You are just lying in my bed and you know...
[58] Lily: I'm the only one who lies in the bed every day.
[58] Lily: So you just remind me that...
[58] Lily: I just tidy up this day.
[58] Lily: You know hmm in the other day where you are sleeping or you are lying now...
[58] Lily: Just some maybe some clothes, shirts and any other kind of clothes.
[58] Lily: So...How laborious for me.
[59] Lily: What are you looking through in your... in your phone?
[59] Lily: Just let me see.
[61] Mia: Hi robot please bring me my milk tea it's on the table.
[61] Mia: Thank you.
[62] Lily: Oh still tired.
[62] Lily: Oh Mia can I ask you a question?
[62] Mia: Yes.
[67] Mia: Hmm I'm done as well.
[68] Mia: Oh can you see yourself?
[68] Lily: Oh maybe.
[68] Mia: You can try this.
[68] Lily: Okay thank you.

Conversation 5: Lily and Mia enjoy a delicious cake and plan to visit the shop together after work to buy more, hoping to share with colleagues. They discuss that good restaurants can still close, recalling a favorite Japanese place that shut down. While cleaning, they organize items and ask a robot to put clothes into the wardrobe and box, then hang them up.
[36] Mia: Hmm maybe we should put all the things you don't need... don't use very often into the cabinet.
[36] Lily: Okay. Hmm let's continue our cleaning up.
[36] Lily: Hmm maybe...
[36] Lily: We should put this...
[36] Lily: Hmm...
[37] Lily: Maybe...
[37] Lily: We can put my makeups...
[37] Mia: Yeah this one and this one.
[37] Lily: You know you're the most understandable person in the world for me.
[37] Mia: Of course.
[38] Lily: Hmm.
[38] Lily: Just have a little rest I'm so tired.
[38] Mia: Yeah.
[38] Lily: I just want to relax.
[40] Lily: Any other one?
[40] Mia: Oh oh there are so many.
[40] Lily: Yes.
[40] Lily: So hello robot please put all the clothes on my bed in the box.
[40] Lily: And then hang them on the wardrobe okay?

Conversation 3: Lily instructs a robot on how to organize clothing in a wardrobe, specifying that skirts and trousers go in the lower section and clothes and coats in the upper section. The robot agrees to carry out the instructions.
[16] Lily: So it's all done.
[16] Lily: So...
[16] Lily: Hello robot, could you please put the skirts and trousers for me into the lower wardrobe.
[16] Lily: And put the clothes and coats into the upper, upper wardrobe.

[Step 2] Evaluating semantic answer...
Action: [Answer]
Content: Yes, Lily is lazy.
FINAL ANSWER (from graph):
Yes, Lily is lazy.
Question: What was the role of Mia when they did the cleaning?

[Step 1] Searching the graph...
Parse Query Output:
{
  "query_triple": ["<Mia>", "role during", "cleaning", 0.95, 0.3, 0.6],
  "spatial_constraint": null,
  "speaker_strict": null,
  "allocation": {
    "k_high_level": 8,
    "k_low_level": 22,
    "k_conversations": 20,
    "total_k": 50,
    "reasoning": "Seeking Mia's role in a specific activity. Use high-level edges for roles/attributes, low-level edges to capture cleaning-related actions to infer role, and conversations for explicit mentions of duties or assignments."
  }
}

Graph Search Results:
**High-Level Information (Character Attributes and Relationships): **

Character Attributes:
- Mia is: female (100)

Character Relationships:
- Mia utilizes as a service helper robot (85)
- robot assists/helper role for Mia (90)
- Mia collaborates with Lily (85)
- robot assists Mia (70)
- Lily trusts Mia (90)
- Mia coordinates with robot (70)
- Lily close friends with Mia (90)

**Low-Level Information (Actions and Events): **

[3] Mia stands near wardrobe. (bedroom)
[4] Mia suggests tidying room. (bedroom)
[4] Mia stand near wardrobe. (bedroom)
[5] Mia gestures toward wardrobe. (bedroom)
[5] Mia points toward wardrobe. (bedroom)
[7] Mia carries several cloth on hanger. (bedroom)
[7] Mia approaches robot. (bedroom)
[9] Mia sorts cloth. (bedroom)
[24] Mia rolls slightly on bed. (bedroom)
[36] Mia moves toward cabinet. (bedroom)
[36] Mia looks into cabinet. (bedroom)
[36] Mia faces cabinet. (bedroom)
[37] Mia kneels on floor. (bedroom hallway)
[38] Mia looks at clothes on bed. (bedroom)
[39] Mia points toward clothes on bed. (bedroom)
[40] Mia sorts clothes. (bedroom)
[51] Mia stands facing wardrobe. (bedroom)
[52] Mia faces wardrobe. (bedroom)
[62] Mia stands beside bed. (bedroom)
[63] Mia explains makeup step. (bedroom)
[65] Mia steps into bathroom area. (bedroom and hallway near bathroom)
[65] Mia stays offscreen in bathroom. (bedroom and hallway near bathroom)

**Conversations: **

Conversation 1: Lily feels overwhelmed by a messy room and lack of energy to tidy after long work hours. Mia proposes using color-coded boxes to sort clothes, and with a robot’s assistance they organize hangers and agree on a division of tasks. Lily classifies her clothes while Mia helps put them away, collaborating to clean the space.
[1] Lily: Ah because you know.
[1] Lily: I just have my clothes everywhere you can see that.
[2] Mia: That's because you usually don't bother to tidy up.
[2] Lily: Oh dear, you know I'm so tired after working for maybe twelve hours a day.
[2] Lily: So after I...
[2] Lily: I have no energy to tidy up my whole room.
[2] Mia: That's because you're too lazy, we start...
[2] Mia: We start to work at the same time, why can't you just tidy up?
[3] Lily: Well Mia...
[3] Lily: Hmm you just... you're not the first day...
[3] Lily: It's not the first day you met me you know.
[3] Mia: Don't try to fool me with sweet talk I don't buy it.
[4] Lily: Well I'm not lying.
[4] Mia: Oh.
[4] Lily: Don't you like it?
[4] Mia: Stay away from me.
[4] Mia: Alright, are we still tidying up the room or not?
[4] Lily: Okay.
[4] Mia: Hi robot bring several boxes with different colors to us.
[4] Mia: So we can sort our clothes and place them in it.
[4] robot: Okay.
[5] Lily: Wow...
[6] Lily: And this is also a skirt and then finally a trousers, okay.
[7] Lily: I'm done.
[7] Mia: Hi robot please hold these hangers and put them on that table.

Conversation 6: Lily and Mia spend time together doing skincare, requesting items from a robot helper, and chatting about snacks and makeup. Mia encourages healthier habits and shares makeup tips, while Lily prefers rest and sweets but appreciates Mia’s advice. They apply a cleansing clay mask, follow with facial masks, tidy up, and head to bed. Overall, they act as close friends coordinating self-care and small household tasks.
[44] robot: Okay.
[45] Lily: Oh thank you robot.
[45] Mia: Oh I think we should use a cleansing clay mask before we applying facial mask.
[45] Lily: Oh okay hmm hello robot could you please fetch me my cleansing mud mask in the...
[45] Lily: Hmm maybe the right hand of my table.
[47] Lily: Oh you just say that you're a little full?
[47] Lily: Maybe do you want some chocolate?
[47] Mia: Hmm.
[47] Lily: Okay hello robot could you please fetch me some chocolate?
[48] Lily: On a table in the little box okey.
[51] Lily: Okay hmm let me see you. Okay.
[51] Lily: Have you finished?
[51] Mia: Yeah.
[51] Lily: Hmm maybe do you have any tissues or papers?
[51] Lily: You have any?
[61] Lily: Thank you robot okay.
[61] Mia: Hi robot please bring me my milk tea it's on the table.
[61] Mia: Thank you.
[62] Lily: Oh still tired.
[62] Lily: Oh Mia can I ask you a question?
[62] Mia: Yes.
[62] Lily: Hmm I just wanna know how, hmm how you do the makeup so wonderfully?
[62] Mia: Oh that's... I think maybe first moisturizing is absolutely necessary.
[63] Mia: I apply foundation before concealer.
[63] Mia: I think it depends on personal skin type and preference well...
[63] Mia: After that for shadow.
[63] Mia: Or start with a neutral base to complement your skin tone.
[63] Mia: Then layer darker shades gradually.
[64] Mia: The more you draw the better you get.
[64] Lily: Okay so the next time when you do the makeup can I just learn from you?
[64] Mia: Of course.
[64] Lily: So maybe the time is enough we can just wash our cleansing clay mask.
[64] Mia: Okay let's go.
[68] Lily: Okay thank you.
[68] Lily: Oh so sweet of you honey.
[68] Mia: Hmm well...
[68] Mia: I'm already done and it's time to go to bed, I'll go.
[68] Lily: Okay bye bye.

Conversation 5: Lily and Mia enjoy a delicious cake and plan to visit the shop together after work to buy more, hoping to share with colleagues. They discuss that good restaurants can still close, recalling a favorite Japanese place that shut down. While cleaning, they organize items and ask a robot to put clothes into the wardrobe and box, then hang them up.
[37] Mia: Yeah this one and this one.
[37] Lily: Okay just into...
[37] Lily: Alright, hmm Mia.
[37] Lily: You know you're the most understandable person in the world for me.
[37] Mia: Of course.
[38] Lily: Hmm.
[38] Lily: Just have a little rest I'm so tired.
[38] Mia: Yeah.
[38] Lily: I just want to relax.
[38] Lily: Well, is there anything on our back?

Conversation 4: Lily and Mia discuss Lily’s reluctance to exercise, with Mia encouraging her to jog early, but they ultimately treat it as a joke. Lily uses a robot to fetch items, cleans up a messy table, and the two share dessert and bread. The conversation centers on laziness versus fitness, light teasing, and casual domestic organization.
[22] Mia: You still need to exercise more.
[22] Lily: Okay okay.
[23] Mia: You agreed.
[23] Mia: So let's start getting up early to go jogging together tomorrow.
[23] Lily: Oh my god Mia, if you wanna let me die.
[29] Lily: Where's my chair?
[29] Lily: Oh thank you, how sweet.
[29] Mia: You're welcome.
[29] Lily: I will sit here.
[29] Lily: Oh you bought some bread.

[Step 2] Evaluating semantic answer...
Action: [Answer]
Content: Mia coordinated the cleaning and directed tasks with help from the robot.
FINAL ANSWER (from graph):
Mia coordinated the cleaning and directed tasks with help from the robot.
Question: What did Lily and Mia eat?

[Step 1] Searching the graph...
Parse Query Output:
{
  "query_triple": ["<Lily>", "eats", "<Mia>", 0.95, 0.35, 0.95],
  "spatial_constraint": null,
  "speaker_strict": null,
  "allocation": {
    "k_high_level": 4,
    "k_low_level": 40,
    "k_conversations": 6,
    "total_k": 50,
    "reasoning": "Action query focused on what was eaten; prioritize low-level edges for specific actions/objects. Minimal high-level edges for any shared context; limited conversations in case eating is mentioned in dialogue."
  }
}

Graph Search Results:
**High-Level Information (Character Attributes and Relationships): **

Character Relationships:
- Lily trusts Mia (90)
- Mia collaborates with Lily (85)
- Lily close friends with Mia (90)
- Lily friends with Mia (85)

**Low-Level Information (Actions and Events): **

[1] Lily accepts from Mia. (bedroom)
[2] Lily talks Mia. (bedroom)
[2] Mia talks to Lily. (bedroom)
[2] Lily speaks Mia. (bedroom)
[2] Lily talks to Mia. (bedroom)
[4] Lily sits beside Mia. (bedroom)
[4] Lily asks Mia. (bedroom)
[5] Lily looks at Mia. (bedroom)
[5] Lily listens to Mia. (bedroom)
[9] Lily watches Mia. (bedroom)
[24] Mia tells Lily. (bedroom)
[29] Mia watches Lily. (bedroom)
[35] Mia talks to Lily. (bedroom)
[35] Lily listens to Mia. (bedroom)
[36] Mia talks to Lily. (bedroom)
[39] Lily watches Mia. (bedroom)
[47] Lily sits beside Mia. (bedroom)
[47] Mia looks at Lily. (bedroom)
[48] Mia sits next to Lily. (bedroom)
[49] Lily sits beside Mia. (bedroom)
[50] Mia watches Lily. (bedroom)
[51] Lily asks Mia. (bedroom)
[51] Lily looks at Mia. (bedroom)
[52] Lily listens to Mia. (bedroom)
[52] Lily asks Mia. (bedroom)
[52] Lily follows Mia. (bedroom)
[53] Lily talks to Mia. (bedroom)
[55] Mia listens to Lily. (bedroom)
[55] Lily talks to Mia. (bedroom)
[55] Lily asks Mia. (bedroom)
[58] Lily talks to Mia. (bedroom)
[63] Lily sits beside Mia. (bedroom)
[63] Lily asks Mia. (bedroom)
[64] Mia sits beside Lily. (bedroom)
[64] Lily talks to Mia. (bedroom)
[64] Lily asks Mia. (bedroom)
[64] Mia agrees with Lily. (bedroom)
[64] Mia says Lily. (bedroom)
[64] Mia follows Lily. (bedroom)
[68] Mia talks to Lily. (bedroom)

**Conversations: **

Conversation 5: Lily and Mia enjoy a delicious cake and plan to visit the shop together after work to buy more, hoping to share with colleagues. They discuss that good restaurants can still close, recalling a favorite Japanese place that shut down. While cleaning, they organize items and ask a robot to put clothes into the wardrobe and box, then hang them up.
[32] Lily: Oh Mia
[32] Lily: I just love the taste of this little cake.
[32] Mia: I know you will like it.
[33] Lily: Well Mia I just wanna know where did you buy such a delicious thing.
[33] Lily: I just want to buy some tomorrow.
[33] Mia: I know you would like it.
[37] Mia: Yeah this one and this one.
[37] Lily: Okay just into...
[37] Lily: Alright, hmm Mia.
[37] Lily: You know you're the most understandable person in the world for me.
[37] Mia: Of course.

Conversation 6: Lily and Mia spend time together doing skincare, requesting items from a robot helper, and chatting about snacks and makeup. Mia encourages healthier habits and shares makeup tips, while Lily prefers rest and sweets but appreciates Mia’s advice. They apply a cleansing clay mask, follow with facial masks, tidy up, and head to bed. Overall, they act as close friends coordinating self-care and small household tasks.
[52] Lily: Hmm where's my chocolate?
[53] Lily: I wanna have a little bite of my chocolate.
[53] Lily: Oh Mia, you, what about you just eat some chocolate.
[53] Mia: No eating more will only makes me hmm...
[53] Mia: Get half an hour earlier to exercise.
[61] Mia: Thank you.
[62] Lily: Oh still tired.
[62] Lily: Oh Mia can I ask you a question?
[62] Mia: Yes.
[62] Lily: Hmm I just wanna know how, hmm how you do the makeup so wonderfully?

Conversation 1: Lily feels overwhelmed by a messy room and lack of energy to tidy after long work hours. Mia proposes using color-coded boxes to sort clothes, and with a robot’s assistance they organize hangers and agree on a division of tasks. Lily classifies her clothes while Mia helps put them away, collaborating to clean the space.
[2] Mia: That's because you're too lazy, we start...
[2] Mia: We start to work at the same time, why can't you just tidy up?
[3] Lily: Well Mia...
[3] Lily: Hmm you just... you're not the first day...
[3] Lily: It's not the first day you met me you know.

[Step 2] Evaluating semantic answer...
Action: [Answer]
Content: They ate cake.
FINAL ANSWER (from graph):
They ate cake.
✓ Updated results.json for bedroom_02 (12 questions)
✓ Cleaned up video and frames for bedroom_02

============================================================
Processing video: office_02
============================================================
Downloading 1 video(s) to data/videos...

Downloading office_02.mp4...
✓ Successfully downloaded office_02.mp4 to data/videos/office_02.mp4

============================================================
Download Summary:
  Successful: 1/1
============================================================

============================================================
[1/1] Processing: office_02
============================================================
Video: data/videos/office_02.mp4
Subtitles: data/subtitles/robot/office_02.srt
Output: data/frames/office_02
============================================================

Parsing subtitle file: data/subtitles/robot/office_02.srt
Found 314 subtitle entries
Video: 1280x720, 30.00 FPS, 55689 frames, 1856.30s duration

Extracting frames with subtitles...
Grouping frames into folders of 30 frames each
  Saved 10 frames (up to 9s, folder 1)
  Saved 20 frames (up to 19s, folder 1)
  Saved 30 frames (up to 29s, folder 1)
  Saved 40 frames (up to 39s, folder 2)
  Saved 50 frames (up to 49s, folder 2)
  Saved 60 frames (up to 59s, folder 2)
  Saved 70 frames (up to 69s, folder 3)
  Saved 80 frames (up to 79s, folder 3)
  Saved 90 frames (up to 89s, folder 3)
  Saved 100 frames (up to 99s, folder 4)
  Saved 110 frames (up to 109s, folder 4)
  Saved 120 frames (up to 119s, folder 4)
  Saved 130 frames (up to 129s, folder 5)
  Saved 140 frames (up to 139s, folder 5)
  Saved 150 frames (up to 149s, folder 5)
  Saved 160 frames (up to 159s, folder 6)
  Saved 170 frames (up to 169s, folder 6)
  Saved 180 frames (up to 179s, folder 6)
  Saved 190 frames (up to 189s, folder 7)
  Saved 200 frames (up to 199s, folder 7)
  Saved 210 frames (up to 209s, folder 7)
  Saved 220 frames (up to 219s, folder 8)
  Saved 230 frames (up to 229s, folder 8)
  Saved 240 frames (up to 239s, folder 8)
  Saved 250 frames (up to 249s, folder 9)
  Saved 260 frames (up to 259s, folder 9)
  Saved 270 frames (up to 269s, folder 9)
  Saved 280 frames (up to 279s, folder 10)
  Saved 290 frames (up to 289s, folder 10)
  Saved 300 frames (up to 299s, folder 10)
  Saved 310 frames (up to 309s, folder 11)
  Saved 320 frames (up to 319s, folder 11)
  Saved 330 frames (up to 329s, folder 11)
  Saved 340 frames (up to 339s, folder 12)
  Saved 350 frames (up to 349s, folder 12)
  Saved 360 frames (up to 359s, folder 12)
  Saved 370 frames (up to 369s, folder 13)
  Saved 380 frames (up to 379s, folder 13)
  Saved 390 frames (up to 389s, folder 13)
  Saved 400 frames (up to 399s, folder 14)
  Saved 410 frames (up to 409s, folder 14)
  Saved 420 frames (up to 419s, folder 14)
  Saved 430 frames (up to 429s, folder 15)
  Saved 440 frames (up to 439s, folder 15)
  Saved 450 frames (up to 449s, folder 15)
  Saved 460 frames (up to 459s, folder 16)
  Saved 470 frames (up to 469s, folder 16)
  Saved 480 frames (up to 479s, folder 16)
  Saved 490 frames (up to 489s, folder 17)
  Saved 500 frames (up to 499s, folder 17)
  Saved 510 frames (up to 509s, folder 17)
  Saved 520 frames (up to 519s, folder 18)
  Saved 530 frames (up to 529s, folder 18)
  Saved 540 frames (up to 539s, folder 18)
  Saved 550 frames (up to 549s, folder 19)
  Saved 560 frames (up to 559s, folder 19)
  Saved 570 frames (up to 569s, folder 19)
  Saved 580 frames (up to 579s, folder 20)
  Saved 590 frames (up to 589s, folder 20)
  Saved 600 frames (up to 599s, folder 20)
  Saved 610 frames (up to 609s, folder 21)
  Saved 620 frames (up to 619s, folder 21)
  Saved 630 frames (up to 629s, folder 21)
  Saved 640 frames (up to 639s, folder 22)
  Saved 650 frames (up to 649s, folder 22)
  Saved 660 frames (up to 659s, folder 22)
  Saved 670 frames (up to 669s, folder 23)
  Saved 680 frames (up to 679s, folder 23)
  Saved 690 frames (up to 689s, folder 23)
  Saved 700 frames (up to 699s, folder 24)
  Saved 710 frames (up to 709s, folder 24)
  Saved 720 frames (up to 719s, folder 24)
  Saved 730 frames (up to 729s, folder 25)
  Saved 740 frames (up to 739s, folder 25)
  Saved 750 frames (up to 749s, folder 25)
  Saved 760 frames (up to 759s, folder 26)
  Saved 770 frames (up to 769s, folder 26)
  Saved 780 frames (up to 779s, folder 26)
  Saved 790 frames (up to 789s, folder 27)
  Saved 800 frames (up to 799s, folder 27)
  Saved 810 frames (up to 809s, folder 27)
  Saved 820 frames (up to 819s, folder 28)
  Saved 830 frames (up to 829s, folder 28)
  Saved 840 frames (up to 839s, folder 28)
  Saved 850 frames (up to 849s, folder 29)
  Saved 860 frames (up to 859s, folder 29)
  Saved 870 frames (up to 869s, folder 29)
  Saved 880 frames (up to 879s, folder 30)
  Saved 890 frames (up to 889s, folder 30)
  Saved 900 frames (up to 899s, folder 30)
  Saved 910 frames (up to 909s, folder 31)
  Saved 920 frames (up to 919s, folder 31)
  Saved 930 frames (up to 929s, folder 31)
  Saved 940 frames (up to 939s, folder 32)
  Saved 950 frames (up to 949s, folder 32)
  Saved 960 frames (up to 959s, folder 32)
  Saved 970 frames (up to 969s, folder 33)
  Saved 980 frames (up to 979s, folder 33)
  Saved 990 frames (up to 989s, folder 33)
  Saved 1000 frames (up to 999s, folder 34)
  Saved 1010 frames (up to 1009s, folder 34)
  Saved 1020 frames (up to 1019s, folder 34)
  Saved 1030 frames (up to 1029s, folder 35)
  Saved 1040 frames (up to 1039s, folder 35)
  Saved 1050 frames (up to 1049s, folder 35)
  Saved 1060 frames (up to 1059s, folder 36)
  Saved 1070 frames (up to 1069s, folder 36)
  Saved 1080 frames (up to 1079s, folder 36)
  Saved 1090 frames (up to 1089s, folder 37)
  Saved 1100 frames (up to 1099s, folder 37)
  Saved 1110 frames (up to 1109s, folder 37)
  Saved 1120 frames (up to 1119s, folder 38)
  Saved 1130 frames (up to 1129s, folder 38)
  Saved 1140 frames (up to 1139s, folder 38)
  Saved 1150 frames (up to 1149s, folder 39)
  Saved 1160 frames (up to 1159s, folder 39)
  Saved 1170 frames (up to 1169s, folder 39)
  Saved 1180 frames (up to 1179s, folder 40)
  Saved 1190 frames (up to 1189s, folder 40)
  Saved 1200 frames (up to 1199s, folder 40)
  Saved 1210 frames (up to 1209s, folder 41)
  Saved 1220 frames (up to 1219s, folder 41)
  Saved 1230 frames (up to 1229s, folder 41)
  Saved 1240 frames (up to 1239s, folder 42)
  Saved 1250 frames (up to 1249s, folder 42)
  Saved 1260 frames (up to 1259s, folder 42)
  Saved 1270 frames (up to 1269s, folder 43)
  Saved 1280 frames (up to 1279s, folder 43)
  Saved 1290 frames (up to 1289s, folder 43)
  Saved 1300 frames (up to 1299s, folder 44)
  Saved 1310 frames (up to 1309s, folder 44)
  Saved 1320 frames (up to 1319s, folder 44)
  Saved 1330 frames (up to 1329s, folder 45)
  Saved 1340 frames (up to 1339s, folder 45)
  Saved 1350 frames (up to 1349s, folder 45)
  Saved 1360 frames (up to 1359s, folder 46)
  Saved 1370 frames (up to 1369s, folder 46)
  Saved 1380 frames (up to 1379s, folder 46)
  Saved 1390 frames (up to 1389s, folder 47)
  Saved 1400 frames (up to 1399s, folder 47)
  Saved 1410 frames (up to 1409s, folder 47)
  Saved 1420 frames (up to 1419s, folder 48)
  Saved 1430 frames (up to 1429s, folder 48)
  Saved 1440 frames (up to 1439s, folder 48)
  Saved 1450 frames (up to 1449s, folder 49)
  Saved 1460 frames (up to 1459s, folder 49)
  Saved 1470 frames (up to 1469s, folder 49)
  Saved 1480 frames (up to 1479s, folder 50)
  Saved 1490 frames (up to 1489s, folder 50)
  Saved 1500 frames (up to 1499s, folder 50)
  Saved 1510 frames (up to 1509s, folder 51)
  Saved 1520 frames (up to 1519s, folder 51)
  Saved 1530 frames (up to 1529s, folder 51)
  Saved 1540 frames (up to 1539s, folder 52)
  Saved 1550 frames (up to 1549s, folder 52)
  Saved 1560 frames (up to 1559s, folder 52)
  Saved 1570 frames (up to 1569s, folder 53)
  Saved 1580 frames (up to 1579s, folder 53)
  Saved 1590 frames (up to 1589s, folder 53)
  Saved 1600 frames (up to 1599s, folder 54)
  Saved 1610 frames (up to 1609s, folder 54)
  Saved 1620 frames (up to 1619s, folder 54)
  Saved 1630 frames (up to 1629s, folder 55)
  Saved 1640 frames (up to 1639s, folder 55)
  Saved 1650 frames (up to 1649s, folder 55)
  Saved 1660 frames (up to 1659s, folder 56)
  Saved 1670 frames (up to 1669s, folder 56)
  Saved 1680 frames (up to 1679s, folder 56)
  Saved 1690 frames (up to 1689s, folder 57)
  Saved 1700 frames (up to 1699s, folder 57)
  Saved 1710 frames (up to 1709s, folder 57)
  Saved 1720 frames (up to 1719s, folder 58)
  Saved 1730 frames (up to 1729s, folder 58)
  Saved 1740 frames (up to 1739s, folder 58)
  Saved 1750 frames (up to 1749s, folder 59)
  Saved 1760 frames (up to 1759s, folder 59)
  Saved 1770 frames (up to 1769s, folder 59)
  Saved 1780 frames (up to 1779s, folder 60)
  Saved 1790 frames (up to 1789s, folder 60)
  Saved 1800 frames (up to 1799s, folder 60)
  Saved 1810 frames (up to 1809s, folder 61)
  Saved 1820 frames (up to 1819s, folder 61)
  Saved 1830 frames (up to 1829s, folder 61)
  Saved 1840 frames (up to 1839s, folder 62)
  Saved 1850 frames (up to 1849s, folder 62)

✓ Extracted 1857 frames to data/frames/office_02

✓ Successfully processed office_02: 1857 frames saved
--------------------------------
Processing folder:  data/frames/office_02/1
Inserted 24 triples into graph for clip 1
--------------------------------
Processing folder:  data/frames/office_02/2
Inserted 27 triples into graph for clip 2
--------------------------------
Processing folder:  data/frames/office_02/3
Inserted 20 triples into graph for clip 3
--------------------------------
Processing folder:  data/frames/office_02/4
Inserted 15 triples into graph for clip 4
--------------------------------
Processing folder:  data/frames/office_02/5
Inserted 23 triples into graph for clip 5
--------------------------------
Processing folder:  data/frames/office_02/6
Inserted 19 triples into graph for clip 6
--------------------------------
Processing folder:  data/frames/office_02/7
Inserted 20 triples into graph for clip 7
--------------------------------
Processing folder:  data/frames/office_02/8
Inserted 19 triples into graph for clip 8
--------------------------------
Processing folder:  data/frames/office_02/9
Inserted 18 triples into graph for clip 9
--------------------------------
Processing folder:  data/frames/office_02/10
Inserted 27 triples into graph for clip 10
--------------------------------
Processing folder:  data/frames/office_02/11
Inserted 18 triples into graph for clip 11
--------------------------------
Processing folder:  data/frames/office_02/12
Inserted 13 triples into graph for clip 12
--------------------------------
Processing folder:  data/frames/office_02/13
Inserted 15 triples into graph for clip 13
--------------------------------
Processing folder:  data/frames/office_02/14
Inserted 23 triples into graph for clip 14
--------------------------------
Processing folder:  data/frames/office_02/15
Inserted 21 triples into graph for clip 15
--------------------------------
Processing folder:  data/frames/office_02/16
Extracting summary for completed conversation 1...
✓ Conversation summary extracted. Attributes: 10, Relationships: 7
Inserted 20 triples into graph for clip 16
--------------------------------
Processing folder:  data/frames/office_02/17
Inserted 14 triples into graph for clip 17
--------------------------------
Processing folder:  data/frames/office_02/18
Inserted 21 triples into graph for clip 18
--------------------------------
Processing folder:  data/frames/office_02/19
Inserted 21 triples into graph for clip 19
--------------------------------
Processing folder:  data/frames/office_02/20
Inserted 24 triples into graph for clip 20
--------------------------------
Processing folder:  data/frames/office_02/21
Inserted 20 triples into graph for clip 21
--------------------------------
Processing folder:  data/frames/office_02/22
Inserted 12 triples into graph for clip 22
--------------------------------
Processing folder:  data/frames/office_02/23
Inserted 28 triples into graph for clip 23
--------------------------------
Processing folder:  data/frames/office_02/24
Inserted 25 triples into graph for clip 24
--------------------------------
Processing folder:  data/frames/office_02/25
Inserted 26 triples into graph for clip 25
--------------------------------
Processing folder:  data/frames/office_02/26
Inserted 16 triples into graph for clip 26
--------------------------------
Processing folder:  data/frames/office_02/27
Extracting summary for completed conversation 2...
Warning: Character '<supervisor>' not found in graph, skipping relationship
Warning: Character '<supervisor>' not found in graph, skipping relationship
✓ Conversation summary extracted. Attributes: 10, Relationships: 6
Inserted 20 triples into graph for clip 27
--------------------------------
Processing folder:  data/frames/office_02/28
Inserted 25 triples into graph for clip 28
--------------------------------
Processing folder:  data/frames/office_02/29
Inserted 23 triples into graph for clip 29
--------------------------------
Processing folder:  data/frames/office_02/30
Inserted 24 triples into graph for clip 30
--------------------------------
Processing folder:  data/frames/office_02/31
Inserted 20 triples into graph for clip 31
--------------------------------
Processing folder:  data/frames/office_02/32
Inserted 19 triples into graph for clip 32
--------------------------------
Processing folder:  data/frames/office_02/33
Inserted 18 triples into graph for clip 33
--------------------------------
Processing folder:  data/frames/office_02/34
Inserted 17 triples into graph for clip 34
--------------------------------
Processing folder:  data/frames/office_02/35
Inserted 22 triples into graph for clip 35
--------------------------------
Processing folder:  data/frames/office_02/36
Inserted 20 triples into graph for clip 36
--------------------------------
Processing folder:  data/frames/office_02/37
Inserted 20 triples into graph for clip 37
--------------------------------
Processing folder:  data/frames/office_02/38
Inserted 22 triples into graph for clip 38
--------------------------------
Processing folder:  data/frames/office_02/39
Inserted 24 triples into graph for clip 39
--------------------------------
Processing folder:  data/frames/office_02/40
Inserted 30 triples into graph for clip 40
--------------------------------
Processing folder:  data/frames/office_02/41
Inserted 27 triples into graph for clip 41
--------------------------------
Processing folder:  data/frames/office_02/42
Inserted 14 triples into graph for clip 42
--------------------------------
Processing folder:  data/frames/office_02/43
Inserted 15 triples into graph for clip 43
--------------------------------
Processing folder:  data/frames/office_02/44
Inserted 21 triples into graph for clip 44
--------------------------------
Processing folder:  data/frames/office_02/45
Inserted 20 triples into graph for clip 45
--------------------------------
Processing folder:  data/frames/office_02/46
Inserted 19 triples into graph for clip 46
--------------------------------
Processing folder:  data/frames/office_02/47
Extracting summary for completed conversation 3...
Warning: Character '<supervisor>' not found in graph, skipping relationship
✓ Conversation summary extracted. Attributes: 11, Relationships: 8
Inserted 25 triples into graph for clip 47
--------------------------------
Processing folder:  data/frames/office_02/48
Inserted 28 triples into graph for clip 48
--------------------------------
Processing folder:  data/frames/office_02/49
Inserted 18 triples into graph for clip 49
--------------------------------
Processing folder:  data/frames/office_02/50
Inserted 20 triples into graph for clip 50
--------------------------------
Processing folder:  data/frames/office_02/51
Inserted 12 triples into graph for clip 51
--------------------------------
Processing folder:  data/frames/office_02/52
Inserted 20 triples into graph for clip 52
--------------------------------
Processing folder:  data/frames/office_02/53
Inserted 14 triples into graph for clip 53
--------------------------------
Processing folder:  data/frames/office_02/54
Inserted 13 triples into graph for clip 54
--------------------------------
Processing folder:  data/frames/office_02/55
Inserted 17 triples into graph for clip 55
--------------------------------
Processing folder:  data/frames/office_02/56
Inserted 17 triples into graph for clip 56
--------------------------------
Processing folder:  data/frames/office_02/57
Inserted 17 triples into graph for clip 57
--------------------------------
Processing folder:  data/frames/office_02/58
Inserted 21 triples into graph for clip 58
--------------------------------
Processing folder:  data/frames/office_02/59
Inserted 28 triples into graph for clip 59
--------------------------------
Processing folder:  data/frames/office_02/60
Inserted 27 triples into graph for clip 60
--------------------------------
Processing folder:  data/frames/office_02/61
Inserted 30 triples into graph for clip 61
--------------------------------
Processing folder:  data/frames/office_02/62
Inserted 25 triples into graph for clip 62
Extracting summary for final conversation 4...
Warning: Character '<girlfriend>' not found in graph, skipping relationship
✓ Final conversation summary extracted. Attributes: 11, Relationships: 7
Inserting character appearances for 4 characters...
✓ Character appearances inserted: 23 appearance edges created
273 node embeddings inserted (6 characters, 267 objects)
1349 edge embeddings inserted
Generating character attributes...
Number of edges:  1349
Character attributes generated.
Number of edges:  1380
Character relationships generated.
Number of edges:  1408
✓ Graph memory built for office_02
Question: Does Emma have a boyfriend?

[Step 1] Searching the graph...
Parse Query Output:
{
  "query_triple": ["<Emma>", "relationship", "boyfriend", 0.95, 0.25, 0.5],
  "spatial_constraint": null,
  "speaker_strict": null,
  "allocation": {
    "k_high_level": 9,
    "k_low_level": 6,
    "k_conversations": 35,
    "total_k": 50,
    "reasoning": "Relationship query; use high-level edges for traits/relationships and conversations to confirm mentions (e.g., Emma or others stating she has/doesn't have a boyfriend). Low-level edges minimally for contextual actions indicating dating."
  }
}

Graph Search Results:
**High-Level Information (Character Attributes and Relationships): **

Character Relationships:
- robot assists Emma (90)
- Emma colleagues with Faye (90)
- Emma cooperates with Faye (90)
- Emma colleagues with Tom (90)
- robot assistant/helper to Emma (95)
- robot cooperates with Emma (95)
- Faye shows respect toward Emma (85)
- Emma directs/requests tasks from robot (90)
- robot complies with and supports Emma (90)

**Low-Level Information (Actions and Events): **

[10] Emma addresses robot. (office)
[10] phone is to Emma. (office)
[13] Emma uses laptop. (office)
[15] Emma holds phone. (office)
[25] Emma addresses other. (office)
[61] Emma asks robot. (office)

**Conversations: **

Conversation 1: The group discusses work progress on a plan and document review while taking a food break with hamburgers and fried chicken. Emma debates dieting but decides to indulge due to exhaustion, and mentions family pressure for a blind date. Faye is supportive of Emma’s career focus and compliments her, while Tom remains focused on adding details to the plan. A robot is frequently asked to assist with water, moving a desk, and fetching items.
[4] Emma: and if I lose the weight and I can look better to wear my dress.
[5] Faye: Okay??? you are so beautiful.
[5] Emma: Thank you.
[5] Faye: Okay, alright.
[5] Faye: How much the document, have you reviewed?
[5] Faye: Okay, it would have been great if Luna hadn't taken leave today,
[5] Faye: and maybe she will help us to do something
[5] Emma: Oh??? yeah,
[5] Emma: but I've working overtime this week and it's so exhausting,
[6] Emma: and I think the Luna is pregnant,
[6] Emma: so maybe she can't bear this the work.
[6] Faye: Okay, I'm full. Take the time eating. Okay?
[6] Emma: Yeah.
[7] Emma: Hello, robot,
[7] Emma: and can you help me to take the blue cup to me?
[7] robot: OK.
[8] Emma: Okay, thank you, robot.
[9] Tom: Hey, Emma.
[9] Tom: Didn't you say you wanted to lose weight?
[9] Emma: Oh, yeah,
[9] Emma: and this week the work is so exhausting,
[9] Emma: and I think I can start it tomorrow and today,
[9] Emma: I want to reward myself and you know it's very delicious.
[9] Tom: I got you.
[10] Emma: Oh? yeah,
[10] Emma: My phone is ringing. Where is my phone?
[10] Emma: So, hey robot,
[10] Emma: can you tell uh...
[10] Emma: can you help me to take my phone to me?
[10] Emma: Okay, thank you.
[10] Emma: Okay? yeah, thank you.
[11] Emma: Oh? yeah.
[11] Faye: Hey, Emma, you hung up so quickly,
[11] Faye: that's not like you.
[11] Emma: Yeah, because my mom told me and you know she told me uh...
[11] Emma: I should go back home to have the blind date this weekend.
[11] Faye: But aren't you only twenty six years old?
[12] Faye: I think it's not late.
[12] Emma: Um, so I am very young, but uh,
[12] Emma: so they are so quickly to want me to get marriage.
[12] Emma: You know?
[12] Faye: But they are also worry about you,
[12] Faye: but how could someone as outstanding as you are not
[13] Faye: Okay? I understand and also,
[13] Faye: I'm agree with you.
[13] Emma: Yeah,
[13] Emma: and I see
[13] Emma: that the hamburgers and fried chicken is going to cold.
[14] Emma: So, hey??? would you like to eat it?
[14] Emma: Because it doesn't taste well when it's cold.
[14] Tom: Hmm, okay, wait, Emma.
[14] Tom: I'm almost done my work here,
[14] Tom: and I will go right away, thank you.
[14] Emma: Oh yeah robot, can you help me to take the desk to here?
[14] robot: Okay.
[15] Emma: Oh??? thank you.

Conversation 4: Coworkers wrap up at the office while discussing three-day holiday plans. Emma and Faye prefer rest at home, while Tom considers a countryside trip, museums, or hiking but stays flexible. They agree to postpone a work report to the next day, and the robot assists with tasks like fetching items and closing up.
[50] Emma: Oh yeah, and I go first bye!
[50] Tom: Okay? have a good sleep.
[50] Emma: Yeah, thank you.
[50] Faye: And what about you?
[50] Faye: Tom? how do you,
[60] Emma: So hey??? robot. Can you find my charger?
[61] robot: Ok.
[61] Emma: Oh yeah, thank you.
[61] Emma: You two should take your things and don't forget living here.
[61] Tom: Okay.
[62] Emma: Yeah.
[62] Faye: I think everything is already in my hands.
[62] Emma: Yeah let go.
[62] Tom: And robot, please turn off the lights and close the door.
[62] robot: Okay.

Conversation 2: Faye reminds the team to submit monthly work summaries by next Monday, and Tom asks Faye to review his plan after she finishes a supervisor-requested document. Tom uses a robot to fetch items, while a brief issue arises over document versions differing only by signature dates; Faye and Emma conclude the later-dated document is the final version. Emma voices skepticism about the value of summaries, and Faye reassures that the document mix-up is not a major problem.
[20] Faye: Uh, the merchant only provides the salad dressing,
[20] Faye: so it's not the ketchup.
[20] Emma: Oh, don't worry,
[21] Emma: Oh? don't worry,
[21] Emma: and I think there are some in my drawer, left from before.
[21] Emma: Let me see,
[21] Tom: Hey robot, please fetch the ketchup.
[21] robot: Ok.
[21] Tom: Thank you, Emma.
[21] Emma: No thanks.
[22] Tom: It's a little bit spicy. Hey robot,
[22] Tom: get me a glass of water.
[23] Tom: Thank you.
[24] Emma: Oh!
[24] Emma: What's wrong?
[24] Emma: I find these documents only differ
[25] Emma: I find these documents only differ in the date of the signature.

Conversation 3: Colleagues plan the company’s annual meeting, focusing on revising an overgenerous budget and adjusting lottery prize tiers to be more reasonable. Faye proposes a scaled prize structure and references last year’s plan, while Tom agrees to cut costs and send the revised plan to the supervisor. Emma manages documents, references prior revisions by the supervisor, and signs off for the night. A robot assistant is asked to handle filing, labeling, tidying, and returning items.
[28] Emma: Oh... so,
[28] Emma: this is the document since it's wrong and robot,
[28] Emma: this the document since it's wrong and robot,
[28] Emma: Oh... yeah,
[28] Emma: can you help me,
[28] Emma: put the document into the shredder?
[28] Emma: put the document into the shredder?
[28] Emma: put the document into the shredder?
[29] Emma: Yeah, thank you.
[30] Faye: Well, I just checked the file sent by the supervisor and now,
[30] Faye: I have the time to look the plan by Tom.
[36] robot: Faye ... after finish revising.
[36] Tom: Now, I will watch after I finish eating.
[37] Emma: Oh!
[37] Emma: The plan we come up with will be set back for revision,
[37] Emma: if the supervisor is not satisfied. And last year the plan
[40] Tom: Does anyone have wet wipes?
[40] Faye: Oh, I haven't.
[40] Emma: Yeah, let me see.
[40] Emma: Oh, yeah, you can use this, okay.
[40] Tom: No, thanks.
[41] Tom: please return the wet wipe to its original place.
[41] robot: Okay.
[42] Emma: Oh yeah??? I'm...
[42] Emma: I has finished checked all the documents and robot, hey,
[42] Emma: can you help me to take the documents into the cabinet?

[Step 2] Evaluating semantic answer...
Action: [Answer]
Content: No, Emma does not have a boyfriend; her family is pressuring her to go on a blind date.
FINAL ANSWER (from graph):
No, Emma does not have a boyfriend; her family is pressuring her to go on a blind date.
Question: Did Tom, Faye and Emma finally leave the office together?

[Step 1] Searching the graph...
Parse Query Output:
{
  "query_triple": ["<Tom>", "leaves together with", "<Faye>,<Emma>", 0.95, 0.25, 0.9],
  "spatial_constraint": "office",
  "speaker_strict": null,
  "allocation": {
    "k_high_level": 6,
    "k_low_level": 34,
    "k_conversations": 10,
    "total_k": 50,
    "reasoning": "Action/temporal query about a joint departure from a specific location; prioritize low-level edges to confirm coordinated leaving and timing ('finally'), use some high-level for potential group relationship/status, and a small portion of conversations for confirmations like 'let's go' or 'we're leaving together.'"
  }
}

Graph Search Results:
**High-Level Information (Character Attributes and Relationships): **

Character Attributes:
- Tom is: glasses (100)

Character Relationships:
- Faye colleagues with Tom (95)
- Emma colleagues with Tom (90)
- Tom collaborates with Faye (90)
- Faye collaborates with Tom (90)
- robot assists Tom (95)

**Low-Level Information (Actions and Events): **

[2] Tom accepts pink cup. (office)
[9] Tom turns back to Tom's screen. (office)
[20] Tom walks toward front table. (office)
[22] Tom stands on left near tray. (office)
[22] Tom looks down at tray. (office)
[23] Tom holds pink mug. (office)
[23] pink mug goes to Tom. (office)
[23] Tom sets pink mug. (office)
[26] Tom sits at right/front desk. (office)
[28] Tom sits right/front desk. (office)
[29] Tom sits right/front desk. (office)
[31] Tom stands beside Faye's desk. (office)
[31] Tom leans over Faye's desk. (office)
[33] Tom stands beside front desk. (office)
[33] Tom leans closer to <Faye>'s desk. (office)
[35] Tom stands near left/front desk. (office)
[35] Tom glances at Emma's desk. (office)
[35] Tom watches Emma's computer. (office)
[36] Tom steps away from <Faye>'s desk. (office)
[37] Tom exits frame. (office)
[39] Tom sits at right/front desk. (office)
[39] Tom looks at Tom's screen. (office)
[40] Tom sits at right/front desk. (office)
[40] Tom walks toward Emma's desk. (office)
[44] Tom picks up blue folder. (office)
[56] Tom glances toward Tom's phone. (office)
[57] Tom reaches for pink mug. (office)
[58] Tom works on <Tom>'s laptop. (office)
[58] Tom asks about <Faye>'s trip home. (office)
[58] Tom mentions girlfriend will pick <Tom> up. (office)
[59] Tom writes on notepad. (office)
[59] Tom stands up from <Tom>'s chair. (office)
[60] Tom faces woman. (office)
[60] Tom looks at woman. (office)

**Conversations: **

Conversation 2: Faye reminds the team to submit monthly work summaries by next Monday, and Tom asks Faye to review his plan after she finishes a supervisor-requested document. Tom uses a robot to fetch items, while a brief issue arises over document versions differing only by signature dates; Faye and Emma conclude the later-dated document is the final version. Emma voices skepticism about the value of summaries, and Faye reassures that the document mix-up is not a major problem.
[19] Tom: If the supervisor hears this,
[19] Tom: you are doomed.
[19] Tom: And, Faye.
[19] Faye: Well?
[19] Tom: I'll send a plan to you, can you help me take a look at it?
[21] Tom: Hey robot, please fetch the ketchup.
[21] robot: Ok.
[21] Tom: Thank you, Emma.
[21] Emma: No thanks.
[22] Tom: It's a little bit spicy. Hey robot,
[25] Faye: Alright? I think,
[25] Faye: the later will be right.
[26] Tom: Emma??? Wasn't the non final version destroyed a long time ago?
[26] Faye: Maybe someone made a mistake and mixed the two together.
[26] Emma: I checked it again.

Conversation 1: The group discusses work progress on a plan and document review while taking a food break with hamburgers and fried chicken. Emma debates dieting but decides to indulge due to exhaustion, and mentions family pressure for a blind date. Faye is supportive of Emma’s career focus and compliments her, while Tom remains focused on adding details to the plan. A robot is frequently asked to assist with water, moving a desk, and fetching items.
[7] robot: OK.
[8] Emma: Okay, thank you, robot.
[9] Tom: Hey, Emma.
[9] Tom: Didn't you say you wanted to lose weight?
[9] Emma: Oh, yeah,
[10] Emma: Okay? yeah, thank you.
[11] Emma: Oh? yeah.
[11] Faye: Hey, Emma, you hung up so quickly,
[11] Faye: that's not like you.
[11] Emma: Yeah, because my mom told me and you know she told me uh...
[14] Emma: So, hey??? would you like to eat it?
[14] Emma: Because it doesn't taste well when it's cold.
[14] Tom: Hmm, okay, wait, Emma.
[14] Tom: I'm almost done my work here,
[14] Tom: and I will go right away, thank you.

Conversation 4: Coworkers wrap up at the office while discussing three-day holiday plans. Emma and Faye prefer rest at home, while Tom considers a countryside trip, museums, or hiking but stays flexible. They agree to postpone a work report to the next day, and the robot assists with tasks like fetching items and closing up.
[50] Emma: Yeah, thank you.
[50] Faye: And what about you?
[50] Faye: Tom? how do you,
[50] Faye: How do you feel this 3 holiday?
[50] Tom: Oh well? I was thinking about
[57] Faye: Wait for me and start picking together.
[57] Tom: Hmm, okay.
[58] Tom: Hmm, by the way, Faye.
[58] Faye: Well?
[58] Faye: what's wrong???

Conversation 3: Colleagues plan the company’s annual meeting, focusing on revising an overgenerous budget and adjusting lottery prize tiers to be more reasonable. Faye proposes a scaled prize structure and references last year’s plan, while Tom agrees to cut costs and send the revised plan to the supervisor. Emma manages documents, references prior revisions by the supervisor, and signs off for the night. A robot assistant is asked to handle filing, labeling, tidying, and returning items.
[35] Faye: annual meeting,
[35] Faye: from the second layer of the file cabinet.
[35] Faye: And place it on the Tom's desk.
[36] robot: Faye ... and show me again?
[36] robot: Faye ... after finish revising.
[45] Faye: I will write it tomorrow.
[45] Faye: So, go back early and take a good rest, Emma.
[45] Tom: and Faye, bro. Could you help me check it again?
[45] Faye: Okay, let me see.
[46] Faye: I think it should be about right.

[Step 2] Evaluating semantic answer...
Action: [Search]
Content: [45, 50, 57, 60, 37, 39, 40]
Summary: The graph shows end-of-day discussions and plans for leaving, with Faye telling Emma to go back early and talk of resting at home; Tom continues interacting and working at various desks, and there’s no explicit action or conversation confirming whether Tom, Faye, and Emma left together. Further clips around the wrap-up and exits are needed to determine if they departed as a group.

[Step 3] Watching video clips: [45, 50, 57, 60, 37, 39, 40]

   Processing clip 45 (1/7)...
Question: who is the most experienced in this company,Emma Faye or Tom?

[Step 1] Searching the graph...
Parse Query Output:
{
  "query_triple": ["<Emma Faye>", "experience level vs", "<Tom>", 0.95, 0.3, 0.9],
  "spatial_constraint": "company",
  "speaker_strict": null,
  "allocation": {
    "k_high_level": 9,
    "k_low_level": 11,
    "k_conversations": 30,
    "total_k": 50,
    "reasoning": "Comparative 'who is most experienced' query—use high-level edges for attributes (experience, tenure, roles), conversations for mentions of experience/seniority, and some low-level edges for concrete evidence like years at company or promotions."
  }
}

Graph Search Results:
**High-Level Information (Character Attributes and Relationships): **

Character Attributes:
- Tom is: medium build (100), jeans (100), male (100), glasses (100), short dark hair (100), black track jacket with white stripes (100), white sneakers (100)

Character Relationships:
- Faye colleagues with Tom (95)
- Emma colleagues with Tom (90)

**Low-Level Information (Actions and Events): **

[31] Tom stands beside Faye's desk. (office)
[31] Tom leans over Faye's desk. (office)
[33] Tom leans closer to <Faye>'s desk. (office)
[35] Tom glances at Emma's desk. (office)
[35] Tom watches Emma's computer. (office)
[36] Tom steps away from <Faye>'s desk. (office)
[40] Tom walks toward Emma's desk. (office)
[58] Tom asks about <Faye>'s trip home. (office)
[58] Tom mentions girlfriend will pick <Tom> up. (office)
[60] Tom faces woman. (office)
[60] Tom looks at woman. (office)

**Conversations: **

Conversation 1: The group discusses work progress on a plan and document review while taking a food break with hamburgers and fried chicken. Emma debates dieting but decides to indulge due to exhaustion, and mentions family pressure for a blind date. Faye is supportive of Emma’s career focus and compliments her, while Tom remains focused on adding details to the plan. A robot is frequently asked to assist with water, moving a desk, and fetching items.
[3] Emma: Hi, robot.
[3] Emma: Can you help me take the desk to here?
[4] Faye: Emma is not even fat why are you trying to lose weight?
[4] Emma: Oh! Thank you, robot.
[4] Emma: Oh! The summer is coming and I think,
[4] Emma: and if I lose the weight and I can look better to wear my dress.
[5] Faye: Okay??? you are so beautiful.
[5] Emma: Thank you.
[5] Faye: Okay, alright.
[5] Faye: How much the document, have you reviewed?
[5] Faye: Okay, it would have been great if Luna hadn't taken leave today,
[5] Faye: and maybe she will help us to do something
[5] Emma: Oh??? yeah,
[5] Emma: but I've working overtime this week and it's so exhausting,
[6] Emma: and I think the Luna is pregnant,
[6] Emma: so maybe she can't bear this the work.
[6] Faye: Okay, I'm full. Take the time eating. Okay?
[6] Emma: Yeah.
[7] Emma: Hello, robot,
[7] Emma: and can you help me to take the blue cup to me?
[7] robot: OK.
[8] Emma: Okay, thank you, robot.
[9] Tom: Hey, Emma.
[9] Tom: Didn't you say you wanted to lose weight?
[9] Emma: Oh, yeah,
[9] Emma: I want to reward myself and you know it's very delicious.
[9] Tom: I got you.
[10] Emma: Oh? yeah,
[10] Emma: My phone is ringing. Where is my phone?
[10] Emma: So, hey robot,
[10] Emma: can you tell uh...
[10] Emma: can you help me to take my phone to me?
[10] Emma: Okay, thank you.
[10] Emma: Okay? yeah, thank you.
[11] Emma: Oh? yeah.
[11] Faye: Hey, Emma, you hung up so quickly,
[11] Faye: that's not like you.
[11] Emma: Yeah, because my mom told me and you know she told me uh...
[11] Faye: But aren't you only twenty six years old?
[12] Faye: I think it's not late.
[12] Emma: Um, so I am very young, but uh,
[12] Emma: so they are so quickly to want me to get marriage.
[12] Emma: You know?
[12] Faye: But they are also worry about you,
[12] Faye: but how could someone as outstanding as you are not
[14] Emma: So, hey??? would you like to eat it?
[14] Emma: Because it doesn't taste well when it's cold.
[14] Tom: Hmm, okay, wait, Emma.
[14] Tom: I'm almost done my work here,
[14] Tom: and I will go right away, thank you.

Conversation 4: Coworkers wrap up at the office while discussing three-day holiday plans. Emma and Faye prefer rest at home, while Tom considers a countryside trip, museums, or hiking but stays flexible. They agree to postpone a work report to the next day, and the robot assists with tasks like fetching items and closing up.
[50] Emma: Yeah, thank you.
[50] Faye: And what about you?
[50] Faye: Tom? how do you,
[50] Faye: How do you feel this 3 holiday?
[50] Tom: Oh well? I was thinking about
[50] Tom: going on a short trip,
[50] Tom: you know?
[51] Tom: Maybe I could go to the countryside, and enjoy the beautiful natural scenery there.
[51] Tom: And what do you think about this plan?
[51] Faye: And I think the plan is very nice, but as far as I think and just as the Emma—
[51] Faye: I think I'm also tired, so I also want to take a good sleep just for a whole day.
[51] Tom: Ah? That sounds nice. And in my opinion,
[57] Faye: Wait for me and start picking together.
[57] Tom: Hmm, okay.
[58] Tom: Hmm, by the way, Faye.
[58] Faye: Well?
[58] Faye: what's wrong???
[61] Emma: You two should take your things and don't forget living here.
[61] Tom: Okay.
[62] Emma: Yeah.
[62] Faye: I think everything is already in my hands.
[62] Emma: Yeah let go.

Conversation 2: Faye reminds the team to submit monthly work summaries by next Monday, and Tom asks Faye to review his plan after she finishes a supervisor-requested document. Tom uses a robot to fetch items, while a brief issue arises over document versions differing only by signature dates; Faye and Emma conclude the later-dated document is the final version. Emma voices skepticism about the value of summaries, and Faye reassures that the document mix-up is not a major problem.
[19] Tom: If the supervisor hears this,
[19] Tom: you are doomed.
[19] Tom: And, Faye.
[19] Faye: Well?
[19] Tom: I'll send a plan to you, can you help me take a look at it?
[21] Tom: Hey robot, please fetch the ketchup.
[21] robot: Ok.
[21] Tom: Thank you, Emma.
[21] Emma: No thanks.
[22] Tom: It's a little bit spicy. Hey robot,
[24] Emma: I find these documents only differ
[25] Emma: I find these documents only differ in the date of the signature.
[25] Emma: The one with the later date is final revised version, right?
[25] Faye: Bring it over and let me take a look.
[25] Faye: Let me see.
[25] Faye: Alright? I think,
[25] Faye: the later will be right.
[26] Tom: Emma??? Wasn't the non final version destroyed a long time ago?
[26] Faye: Maybe someone made a mistake and mixed the two together.
[26] Emma: I checked it again.

Conversation 3: Colleagues plan the company’s annual meeting, focusing on revising an overgenerous budget and adjusting lottery prize tiers to be more reasonable. Faye proposes a scaled prize structure and references last year’s plan, while Tom agrees to cut costs and send the revised plan to the supervisor. Emma manages documents, references prior revisions by the supervisor, and signs off for the night. A robot assistant is asked to handle filing, labeling, tidying, and returning items.
[29] Emma: Yeah, thank you.
[30] Faye: Well, I just checked the file sent by the supervisor and now,
[30] Faye: I have the time to look the plan by Tom.
[30] Faye: So, you can send it to me.
[30] Tom: Alright.
[32] Faye: And look at the lottery segments,
[32] Faye: The prize are way too generous!
[32] Faye: How could the company possibly apply this?
[32] Tom: The boss only talks big.
[32] Tom: So what prize range would be more suitable?
[33] Faye: and the third one,
[33] Faye: I think one hundred to two hundreds dollars maybe seven spots.
[33] Tom: My god! Our company has about over 200 employees,
[34] Tom: My god! Our company has about over 200 employees, but there only a little over twenty spots.
[34] Emma: Oh, I think you haven't attended the company annual meeting.
[34] Emma: So you don't know, and there's only the fifteen spots.
[34] Faye: I forgot to send you the previous animal meeting planning proposal as a reference.
[35] Faye: annual meeting,
[35] Faye: from the second layer of the file cabinet.
[35] Faye: And place it on the Tom's desk.
[36] robot: Faye ... and show me again?
[36] robot: Faye ... after finish revising.
[45] Faye: That's true and it's about three day holiday and so,
[45] Faye: I will write it tomorrow.
[45] Faye: So, go back early and take a good rest, Emma.
[45] Tom: and Faye, bro. Could you help me check it again?
[45] Faye: Okay, let me see.
[46] Faye: I think it should be about right.
[46] Faye: and let's send it to the supervisor first.
[46] Tom: Okay, I got you.
[46] Emma: Tom, please put back the previous annual meeting documents.

[Step 2] Evaluating semantic answer...
Action: [Answer]
Content: Faye appears to be the most experienced.
FINAL ANSWER (from graph):
Faye appears to be the most experienced.
Question: Does Tom emphasize tidiness and hygiene?

[Step 1] Searching the graph...
Parse Query Output:
{
  "query_triple": ["<Tom>", "emphasizes", "tidiness and hygiene", 0.95, 0.3, 0.6],
  "spatial_constraint": null,
  "speaker_strict": null,
  "allocation": {
    "k_high_level": 8,
    "k_low_level": 12,
    "k_conversations": 30,
    "total_k": 50,
    "reasoning": "Trait/behavior query. Use high-level edges for character attributes, conversations to capture statements about values or rules, and some low-level edges for concrete actions showing tidiness/hygiene (e.g., cleaning, organizing, handwashing)."
  }
}

Graph Search Results:
**High-Level Information (Character Attributes and Relationships): **

Character Attributes:
- Tom is: glasses (100), medium build (100)

Character Relationships:
- robot assists Tom (95)
- Faye colleagues with Tom (95)
- Faye collaborates with Tom (90)
- Tom collaborates with Faye (90)
- Emma colleagues with Tom (90)
- Tom relies on Faye (80)

**Low-Level Information (Actions and Events): **

[12] Tom keeps focus on tablet. (office)
[19] Tom sits at front desk. (office)
[24] Tom sits at front desk. (office)
[33] Tom stands beside front desk. (office)
[34] Tom points toward paperwork on the desk. (office)
[36] Tom looks at paper. (office)
[39] Tom asks about wet wipe. (office)
[40] Tom speaks toward room. (office)
[40] Tom accepts green pack of wet wipe. (office)
[40] Tom places wet wipe. (office)
[41] Tom instructs about wet wipe. (office)
[58] Tom suggests they pack their stuff. (office)

**Conversations: **

Conversation 3: Colleagues plan the company’s annual meeting, focusing on revising an overgenerous budget and adjusting lottery prize tiers to be more reasonable. Faye proposes a scaled prize structure and references last year’s plan, while Tom agrees to cut costs and send the revised plan to the supervisor. Emma manages documents, references prior revisions by the supervisor, and signs off for the night. A robot assistant is asked to handle filing, labeling, tidying, and returning items.
[30] Faye: I have the time to look the plan by Tom.
[30] Faye: So, you can send it to me.
[30] Tom: Alright.
[30] Faye: Okay, let me have a check.
[30] Tom: okay??? Tom, everything else about this plan is fine,
[31] Faye: but the budget for approval is not very reasonable,
[31] Faye: and I think it's not reasonable.
[31] Faye: How could the company probably allocate
[31] Faye: so much funding for the annual meeting?
[31] Tom: Oh!
[31] Tom: let me see where we can have a cut costs later.
[32] Tom: Let me see where we can have a cut costs later.
[32] Faye: The prize are way too generous!
[32] Faye: How could the company possibly apply this?
[32] Tom: The boss only talks big.
[32] Tom: So what prize range would be more suitable?
[32] Faye: And I think the prize is eight hundred
[38] Tom: Hey, robot,
[38] Tom: please come here,
[38] Tom: and get the table tidy up.
[39] Tom: Oh, my god.
[39] Tom: Does anyone have wet wipes?
[40] Tom: Does anyone have wet wipes?
[40] Faye: Oh, I haven't.
[40] Emma: Yeah, let me see.
[40] Emma: Oh, yeah, you can use this, okay.
[40] Tom: No, thanks.
[41] Tom: Hey, robot.
[41] Tom: please return the wet wipe to its original place.
[41] robot: Okay.
[42] Emma: Oh yeah??? I'm...

Conversation 4: Coworkers wrap up at the office while discussing three-day holiday plans. Emma and Faye prefer rest at home, while Tom considers a countryside trip, museums, or hiking but stays flexible. They agree to postpone a work report to the next day, and the robot assists with tasks like fetching items and closing up.
[48] Emma: can you take the new trash bag for me?
[49] Emma: Oh yeah, thank you and so, goodbye I will go home right now.
[49] Tom: By the way, what's your plan for your three day holiday?
[49] Emma: I think this the three holiday, maybe I will go to bed and sleep,
[49] Emma: because this week is so tired for me, you know hmm...
[50] Tom: Oh well? I was thinking about
[50] Tom: going on a short trip,
[50] Tom: you know?
[51] Tom: Maybe I could go to the countryside, and enjoy the beautiful natural scenery there.
[51] Tom: And what do you think about this plan?
[51] Faye: And I think the plan is very nice, but as far as I think and just as the Emma—
[51] Faye: I think I'm also tired, so I also want to take a good sleep just for a whole day.
[51] Tom: Ah? That sounds nice. And in my opinion,
[52] Tom: Ah??? that sounds nice. And in my opinion,
[52] Tom: staying in the city,
[52] Tom: and visiting some museums or some art galleries um...
[52] Tom: these are always interesting exhibitions during holidays hmm...
[52] Faye: Both ideas are sounds good. And next time
[52] Faye: I will go to the galleries or painting gallery.
[52] Tom: And what about hiking?
[53] Tom: like have a picnic by the lake, what about it?
[53] Faye: The weather is not very good for this three days.
[54] Tom: but you know the museums in the city also have a lot to offer.
[54] Tom: We can learn about like history and art, which is quite educational to us.
[55] Tom: which is quite educational to us.
[55] Faye: And we can also know some traditional cultures,
[55] Faye: and also some characteristics.
[55] Tom: Hmm yeah!
[55] Tom: That's a good idea then we can have the best of both worlds.
[56] Tom: Oh??? my girlfriend texted me, haha.
[57] Tom: Let's write the work report tomorrow.
[57] Faye: Wait for me and start picking together.
[57] Tom: Hmm, okay.
[58] Tom: Hmm, by the way, Faye.
[58] Faye: Well?
[58] Faye: I'm driving, do you wanna a ride?
[58] Tom: Ah??? let me think about it,
[58] Tom: Hmm, no need, thank you.
[58] Tom: My girlfriend is coming to pick me up.
[58] Faye: Okay??? I think you are very...
[58] Tom: Hmm, let us pack our stuff.
[60] Faye: Okay??? let's go!
[60] Faye: You just leave already, why do you come back?
[61] Emma: Oh yeah, thank you.
[61] Emma: You two should take your things and don't forget living here.
[61] Tom: Okay.
[62] Emma: Yeah.
[62] Faye: I think everything is already in my hands.

Conversation 1: The group discusses work progress on a plan and document review while taking a food break with hamburgers and fried chicken. Emma debates dieting but decides to indulge due to exhaustion, and mentions family pressure for a blind date. Faye is supportive of Emma’s career focus and compliments her, while Tom remains focused on adding details to the plan. A robot is frequently asked to assist with water, moving a desk, and fetching items.
[1] Tom: Uh, there are so still many details to be added to this plan.
[1] Tom: You go ahead and eat and robot, hello, get me a glass of water.
[2] Tom: Thank you.
[2] Emma: Oh??? I think I'm starving, and what did you buy???
[2] Emma: It smells so good.
[3] Faye: hamburgers and fried chicken.
[3] Emma: I like the fried chicken.
[3] Tom: Didn't you say you want to lose weight?
[3] Emma: Hi, robot.
[3] Emma: Can you help me take the desk to here?
[8] Emma: Okay, thank you, robot.
[9] Tom: Hey, Emma.
[9] Tom: Didn't you say you wanted to lose weight?
[9] Emma: Oh, yeah,
[9] Emma: and this week the work is so exhausting,

Conversation 2: Faye reminds the team to submit monthly work summaries by next Monday, and Tom asks Faye to review his plan after she finishes a supervisor-requested document. Tom uses a robot to fetch items, while a brief issue arises over document versions differing only by signature dates; Faye and Emma conclude the later-dated document is the final version. Emma voices skepticism about the value of summaries, and Faye reassures that the document mix-up is not a major problem.
[18] Faye: Hey you two, don't forget this month's work summary,
[18] Faye: and it needs to be submitted next Monday.
[18] Tom: Hmm, okay.
[18] Emma: Hmm, okay. But I don't know what's worth writing in a lousy summary,
[18] Emma: I think it's a waste of the time.
[19] Tom: Wow??? wow, wow!
[19] Tom: If the supervisor hears this,
[19] Tom: you are doomed.
[19] Faye: document, please,
[20] Faye: please wait a minute.
[20] Tom: Uh, alright.
[20] Tom: Oh, I forgot my file.
[20] Tom: I need to check it.
[21] Emma: Let me see,
[21] Emma: Okay, this is the sauce.
[21] Tom: Oh? thank you.
[21] Tom: Hey robot, please fetch the ketchup.
[21] robot: Ok.
[21] Emma: No thanks.
[22] Tom: It's a little bit spicy. Hey robot,
[22] Tom: get me a glass of water.
[23] Tom: Thank you.
[24] Emma: Oh!
[24] Emma: What's wrong?

[Step 2] Evaluating semantic answer...
Action: [Answer]
Content: Yes—Tom emphasizes tidiness and hygiene, asking for wet wipes and instructing the robot to tidy up and return items.
FINAL ANSWER (from graph):
Yes—Tom emphasizes tidiness and hygiene, asking for wet wipes and instructing the robot to tidy up and return items.
Question: Did Emma，Faye and Tom all eat the food brought by Faye?

[Step 1] Searching the graph...
Parse Query Output:
{
  "query_triple": ["<Emma>|<Faye>|<Tom>", "eats", "food#brought_by_<Faye>", 0.95, 0.35, 0.9],
  "spatial_constraint": null,
  "speaker_strict": null,
  "allocation": {
    "k_high_level": 5,
    "k_low_level": 38,
    "k_conversations": 7,
    "total_k": 50,
    "reasoning": "Action verification for multiple characters consuming a specific item; prioritize low-level action/state edges. Small high-level budget for any trait/relationship hints, minimal conversations for confirmations."
  }
}

Graph Search Results:
**High-Level Information (Character Attributes and Relationships): **

Character Attributes:
- Faye is: male (100), brown shoes (100), blue jeans (100), tall and slim (100), white shirt (100)

**Low-Level Information (Actions and Events): **

[1] Faye sits by table. (office)
[4] Faye sits at table. (office)
[5] Faye says Luna. (office)
[10] Faye looks at tablet. (office)
[13] Faye looks toward others. (office)
[14] Faye looks at tablet. (office)
[17] Faye moves Faye's mouse. (office)
[18] Faye faces other two. (office)
[19] Faye explains supervisor asked <Faye> to review document. (office)
[19] Faye promises to check Tom's plan. (office)
[19] Faye checks after finishing Tom's plan. (office)
[24] Faye reaches for cup on Faye's desk. (office)
[24] Faye types on Faye's laptop. (office)
[24] Faye scrolls on Faye's laptop. (office)
[25] Faye receives page. (office)
[25] Faye looks at page. (office)
[30] Faye mentions having time to review Tom's plan. (office)
[34] Faye sits at left/front chair. (office)
[37] sheet moves across <Faye>'s desk. (office)
[42] Faye types on Faye's laptop. (office)
[42] Faye adjusts Faye's chair. (office)
[42] Faye keeps working on Faye's laptop. (office)
[51] Faye rests chin on <Faye>'s hand. (office)
[51] Faye looks at <Faye>'s screen. (office)
[51] Faye gestures with <Faye>'s right hand. (office)
[58] Faye types on <Faye>'s laptop. (office)
[58] Faye looks at tablet. (office)
[59] Faye types on <Faye>'s laptop. (office)
[59] Faye works on <Faye>'s laptop. (office)
[59] Faye stands up from <Faye>'s chair. (office)
[59] item is from <Faye>'s desk. (office)
[59] item is on <Faye>'s desk. (office)
[60] Faye picks up folder. (office)
[60] Faye faces woman. (office)
[60] Faye talks with woman. (office)
[60] Faye listens to woman. (office)
[60] Faye shows folder. (office)
[60] Faye shows to woman. (office)

**Conversations: **

Conversation 1: The group discusses work progress on a plan and document review while taking a food break with hamburgers and fried chicken. Emma debates dieting but decides to indulge due to exhaustion, and mentions family pressure for a blind date. Faye is supportive of Emma’s career focus and compliments her, while Tom remains focused on adding details to the plan. A robot is frequently asked to assist with water, moving a desk, and fetching items.
[1] Faye: Let's have a short break and come on and eat something.
[1] Tom: Uh, there are so still many details to be added to this plan.
[1] Tom: You go ahead and eat and robot, hello, get me a glass of water.
[2] Tom: Thank you.
[2] Emma: Oh??? I think I'm starving, and what did you buy???
[2] Emma: It smells so good.
[2] Faye: Today is Thursday, of course,
[3] Faye: hamburgers and fried chicken.
[3] Emma: I like the fried chicken.
[3] Tom: Didn't you say you want to lose weight?
[3] Emma: Hi, robot.
[3] Emma: Can you help me take the desk to here?
[4] Faye: Emma is not even fat why are you trying to lose weight?
[4] Emma: Oh! Thank you, robot.
[4] Emma: Oh! The summer is coming and I think,
[10] Emma: Okay? yeah, thank you.
[11] Emma: Oh? yeah.
[11] Faye: Hey, Emma, you hung up so quickly,
[11] Faye: that's not like you.
[11] Emma: Yeah, because my mom told me and you know she told me uh...
[13] Emma: and I see
[13] Emma: that the hamburgers and fried chicken is going to cold.
[14] Emma: So, hey??? would you like to eat it?
[14] Emma: Because it doesn't taste well when it's cold.
[14] Tom: Hmm, okay, wait, Emma.

Conversation 2: Faye reminds the team to submit monthly work summaries by next Monday, and Tom asks Faye to review his plan after she finishes a supervisor-requested document. Tom uses a robot to fetch items, while a brief issue arises over document versions differing only by signature dates; Faye and Emma conclude the later-dated document is the final version. Emma voices skepticism about the value of summaries, and Faye reassures that the document mix-up is not a major problem.
[19] Tom: If the supervisor hears this,
[19] Tom: you are doomed.
[19] Tom: And, Faye.
[19] Faye: Well?
[19] Tom: I'll send a plan to you, can you help me take a look at it?

[Step 2] Evaluating semantic answer...
Action: [Answer]
Content: No; Emma urged eating and liked the fried chicken, but Tom focused on work and did not eat, and Faye encouraged Emma without explicitly eating.
FINAL ANSWER (from graph):
No; Emma urged eating and liked the fried chicken, but Tom focused on work and did not eat, and Faye encouraged Emma without explicitly eating.
Question: Which is the document that isn't needed anymore?

[Step 1] Searching the graph...
Parse Query Output:
{
  "query_triple": [null, "isn't needed anymore", "document", 0.1, 0.3, 0.6],
  "spatial_constraint": null,
  "speaker_strict": null,
  "allocation": {
    "k_high_level": 4,
    "k_low_level": 36,
    "k_conversations": 10,
    "total_k": 50,
    "reasoning": "Object-centric query asking which document is no longer needed. Emphasize low-level edges to find actions/states like 'discarded', 'not needed', 'throw away'. Include some conversations for explicit mentions; minimal high-level edges."
  }
}

Graph Search Results:
**High-Level Information (Character Attributes and Relationships): **

Character Attributes:
- Emma is: holding a notebook/tablet (100)
- Faye is: male (100)
- Tom is: male (100)
- robot is: camera operator (100)

**Low-Level Information (Actions and Events): **

[2] Emma comments food smells good. (office)
[5] Tom faces laptop. (office)
[5] it is fine. (office)
[5] Faye mentions Luna taking leave today. (office)
[5] Emma is exhausted. (office)
[6] Emma mentions Luna. (office)
[6] Faye opens laptop. (office)
[9] Tom faces laptop. (office)
[11] Emma mentions weekend plan. (office)
[13] Faye faces table. (office)
[14] Emma faces others. (office)
[18] Faye faces other two. (office)
[19] Tom faces Tom's laptop. (office)
[20] Tom faces laptop. (office)
[23] robot films. (office)
[30] Faye mentions having time to review Tom's plan. (office)
[32] Emma writes on document. (office)
[35] robot opens cabinet. (office)
[39] robot opens wrapped snack. (office)
[40] Tom faces Tom's laptop. (office)
[41] Tom faces laptop. (office)
[41] robot opens drawer beside <Emma>'s chair. (office)
[43] Tom uses mouse. (office)
[47] robot opens cabinet glass door. (office)
[48] Tom uses computer. (office)
[48] robot opens cabinet. (office)
[50] Tom faces laptop. (office)
[52] Tom faces keyboard. (office)
[53] Tom faces Tom's monitor. (office)
[54] Tom faces keyboard. (office)
[56] Faye writes on notebook. (office)
[58] Tom mentions girlfriend will pick <Tom> up. (office)
[59] Tom writes on notepad. (office)
[60] Tom writes on notebook. (office)
[61] robot uses camera. (office)
[61] robot opens desk drawer beside gray office chair. (office)

**Conversations: **

Conversation 3: Colleagues plan the company’s annual meeting, focusing on revising an overgenerous budget and adjusting lottery prize tiers to be more reasonable. Faye proposes a scaled prize structure and references last year’s plan, while Tom agrees to cut costs and send the revised plan to the supervisor. Emma manages documents, references prior revisions by the supervisor, and signs off for the night. A robot assistant is asked to handle filing, labeling, tidying, and returning items.
[28] Emma: Oh... so,
[28] Emma: this is the document since it's wrong and robot,
[28] Emma: this the document since it's wrong and robot,
[28] Emma: Oh... yeah,
[28] Emma: can you help me,
[28] Emma: put the document into the shredder?
[28] Emma: put the document into the shredder?
[28] Emma: put the document into the shredder?
[29] Emma: Yeah, thank you.
[30] Faye: Well, I just checked the file sent by the supervisor and now,

Conversation 2: Faye reminds the team to submit monthly work summaries by next Monday, and Tom asks Faye to review his plan after she finishes a supervisor-requested document. Tom uses a robot to fetch items, while a brief issue arises over document versions differing only by signature dates; Faye and Emma conclude the later-dated document is the final version. Emma voices skepticism about the value of summaries, and Faye reassures that the document mix-up is not a major problem.
[19] Faye: the supervisor just asked me to review the document,
[19] Faye: and I will have you take a look after I finish this
[19] Faye: document, please,
[20] Faye: please wait a minute.
[20] Tom: Uh, alright.
[24] Emma: Oh!
[24] Emma: What's wrong?
[24] Emma: I find these documents only differ
[25] Emma: I find these documents only differ in the date of the signature.
[25] Emma: The one with the later date is final revised version, right?
[25] Faye: Bring it over and let me take a look.
[25] Faye: Let me see.

Conversation 1: The group discusses work progress on a plan and document review while taking a food break with hamburgers and fried chicken. Emma debates dieting but decides to indulge due to exhaustion, and mentions family pressure for a blind date. Faye is supportive of Emma’s career focus and compliments her, while Tom remains focused on adding details to the plan. A robot is frequently asked to assist with water, moving a desk, and fetching items.
[5] Emma: Thank you.
[5] Faye: Okay, alright.
[5] Faye: How much the document, have you reviewed?
[5] Emma: And I have watched one third of it, No problem!
[5] Faye: Okay, it would have been great if Luna hadn't taken leave today,

[Step 2] Evaluating semantic answer...
Action: [Answer]
Content: The incorrect document that Emma asks the robot to put into the shredder is no longer needed.
FINAL ANSWER (from graph):
The incorrect document that Emma asks the robot to put into the shredder is no longer needed.
Question: How many people can get awards from this company's lottery?

[Step 1] Searching the graph...
Parse Query Output:
{
  "query_triple": ["company#lottery", "number of award recipients", "?", 0.9, 0.25, 0.15],
  "spatial_constraint": null,
  "speaker_strict": null,
  "allocation": {
    "k_high_level": 5,
    "k_low_level": 15,
    "k_conversations": 30,
    "total_k": 50,
    "reasoning": "Counting recipients is a factual/spec rule question; look for dialogue or narration mentioning lottery rules or number of winners. Use some high-level edges for organizational facts, fewer low-level edges for any scene-specific mentions."
  }
}

Graph Search Results:
**High-Level Information (Character Attributes and Relationships): **

Character Attributes:
- Emma is: female (100)
- robot is: camera operator (100), no visible face (100), helpful (95)

Character Relationships:
- robot assists Tom (95)

**Low-Level Information (Actions and Events): **

[1] Faye walks into office. (office)
[2] robot walks through office. (office)
[4] robot pans around office. (office)
[10] robot moves across office. (office)
[15] Emma holds phone. (office)
[23] robot stands in office. (office)
[25] Emma addresses other. (office)
[25] Faye receives page. (office)
[37] Tom walks across office. (office)
[47] robot stands in office. (office)
[55] Faye continues working with phone. (office)
[62] Faye holds phone. (office)
[62] Tom points inside office. (office)
[62] robot closes office door. (office)
[62] office door is after the others leave. (office)

**Conversations: **

Conversation 3: Colleagues plan the company’s annual meeting, focusing on revising an overgenerous budget and adjusting lottery prize tiers to be more reasonable. Faye proposes a scaled prize structure and references last year’s plan, while Tom agrees to cut costs and send the revised plan to the supervisor. Emma manages documents, references prior revisions by the supervisor, and signs off for the night. A robot assistant is asked to handle filing, labeling, tidying, and returning items.
[30] Faye: Okay, let me have a check.
[30] Tom: okay??? Tom, everything else about this plan is fine,
[31] Faye: but the budget for approval is not very reasonable,
[31] Faye: and I think it's not reasonable.
[31] Faye: How could the company probably allocate
[31] Faye: so much funding for the annual meeting?
[31] Tom: Oh!
[31] Tom: let me see where we can have a cut costs later.
[32] Tom: Let me see where we can have a cut costs later.
[32] Faye: And look at the lottery segments,
[32] Faye: The prize are way too generous!
[32] Faye: How could the company possibly apply this?
[32] Tom: The boss only talks big.
[32] Tom: So what prize range would be more suitable?
[32] Faye: And I think the prize is eight hundred
[32] Faye: To one thousand dollars with only one spot,
[33] Faye: to one thousand dollars with only one spot,
[33] Faye: and the first prize is about five hundred to eight hundred,
[33] Faye: with three spots and the second and the second one,
[33] Faye: I think is two hundreds to five hundreds with five spots,
[33] Faye: and the third one,
[33] Faye: I think one hundred to two hundreds dollars maybe seven spots.
[33] Tom: My god! Our company has about over 200 employees,
[34] Tom: My god! Our company has about over 200 employees, but there only a little over twenty spots.
[34] Emma: Oh, I think you haven't attended the company annual meeting.
[34] Emma: So you don't know, and there's only the fifteen spots.
[34] Faye: I forgot to send you the previous animal meeting planning proposal as a reference.
[35] Faye: Hey, robot,
[35] Faye: Could you please uh take out the label
[35] Faye: annual meeting,
[35] Faye: from the second layer of the file cabinet.
[35] Faye: And place it on the Tom's desk.
[37] Emma: Oh!
[37] Emma: The plan we come up with will be set back for revision,
[37] Emma: if the supervisor is not satisfied. And last year the plan
[37] Emma: I made was revised three times by the supervisor.
[38] Tom: Hey, robot,
[43] robot: Ok.
[44] Emma: Oh? It's already past ten o'clock. I will head back first.
[44] Emma: Good luck, everyone.
[44] Faye: You're not writing the work summary anymore?
[44] Emma: And anyway, I don't have to work tomorrow. I will finish it tomorrow.
[45] Faye: Okay, let me see.
[46] Faye: I think it should be about right.
[46] Faye: and let's send it to the supervisor first.
[46] Tom: Okay, I got you.
[46] Emma: Tom, please put back the previous annual meeting documents.

Conversation 1: The group discusses work progress on a plan and document review while taking a food break with hamburgers and fried chicken. Emma debates dieting but decides to indulge due to exhaustion, and mentions family pressure for a blind date. Faye is supportive of Emma’s career focus and compliments her, while Tom remains focused on adding details to the plan. A robot is frequently asked to assist with water, moving a desk, and fetching items.
[5] Emma: Thank you.
[5] Faye: Okay, alright.
[5] Faye: How much the document, have you reviewed?
[5] Emma: And I have watched one third of it, No problem!
[5] Faye: Okay, it would have been great if Luna hadn't taken leave today,
[9] Emma: and this week the work is so exhausting,
[9] Emma: and I think I can start it tomorrow and today,
[9] Emma: I want to reward myself and you know it's very delicious.
[9] Tom: I got you.
[10] Emma: Oh? yeah,
[12] Emma: You know?
[12] Faye: But they are also worry about you,
[12] Faye: but how could someone as outstanding as you are not
[12] Faye: find a partner is not a problem I think it's very easy for you.
[13] Emma: Yeah, because I want to try my best to do in my career,
[13] Emma: and want to make some contribution for our team.
[13] Faye: Okay? I understand and also,
[13] Faye: I'm agree with you.
[14] Emma: Oh yeah robot, can you help me to take the desk to here?
[14] robot: Okay.
[15] Emma: Oh??? thank you.

Conversation 2: Faye reminds the team to submit monthly work summaries by next Monday, and Tom asks Faye to review his plan after she finishes a supervisor-requested document. Tom uses a robot to fetch items, while a brief issue arises over document versions differing only by signature dates; Faye and Emma conclude the later-dated document is the final version. Emma voices skepticism about the value of summaries, and Faye reassures that the document mix-up is not a major problem.
[18] Faye: Hey you two, don't forget this month's work summary,
[18] Faye: and it needs to be submitted next Monday.
[18] Tom: Hmm, okay.
[18] Emma: Hmm, okay. But I don't know what's worth writing in a lousy summary,
[18] Emma: I think it's a waste of the time.
[19] Tom: Wow??? wow, wow!
[19] Tom: If the supervisor hears this,
[19] Tom: you are doomed.
[19] Tom: And, Faye.

Conversation 4: Coworkers wrap up at the office while discussing three-day holiday plans. Emma and Faye prefer rest at home, while Tom considers a countryside trip, museums, or hiking but stays flexible. They agree to postpone a work report to the next day, and the robot assists with tasks like fetching items and closing up.
[50] Faye: And what about you?
[50] Faye: Tom? how do you,
[50] Faye: How do you feel this 3 holiday?
[50] Tom: Oh well? I was thinking about
[50] Tom: going on a short trip,

[Step 2] Evaluating semantic answer...
Action: [Answer]
Content: Fifteen people.
FINAL ANSWER (from graph):
Fifteen people.
Question: Which layer should the file be placed in the cabinet from bottom to top

[Step 1] Searching the graph...
Parse Query Output:
{
  "query_triple": ["file", "should be placed in layer", "cabinet#from-bottom-to-top", 0.6, 0.3, 0.6],
  "spatial_constraint": "cabinet",
  "speaker_strict": null,
  "allocation": {
    "k_high_level": 4,
    "k_low_level": 40,
    "k_conversations": 6,
    "total_k": 50,
    "reasoning": "This is a spatial/ordering action query about where (which layer/shelf) the file goes inside the cabinet, considering bottom-to-top order. Prioritize low-level edges for specific placement actions and states; minimal high-level edges; a small amount of conversations in case instructions are given verbally."
  }
}

Graph Search Results:
**High-Level Information (Character Attributes and Relationships): **

Character Attributes:
- robot is: black gloves implied (100)

Character Relationships:
- robot assists Tom (95)
- robot assists Faye (90)
- Faye colleagues with Tom (95)

**Low-Level Information (Actions and Events): **

[3] robot pans camera toward cabinet. (office)
[3] robot zooms closer to cabinet area. (office)
[7] robot walks to cabinet area. (office)
[10] plate is on side table. (office)
[10] robot moves toward wooden cabinet. (office)
[11] plate is on side table. (office)
[26] document is in <Emma>'s hand. (office)
[28] paperwork is on <Tom>'s desk. (office)
[28] document is on <Emma>'s desk. (office)
[32] item is on cluttered desk. (office)
[33] paper is on desk. (office)
[35] robot turns toward file cabinet. (office)
[35] robot walks to file cabinet. (office)
[35] robot opens cabinet. (office)
[35] robot carries away from cabinet. (office)
[36] blue file box is on desk. (office)
[36] paper is on desk. (office)
[37] sheet moves across <Faye>'s desk. (office)
[43] Emma looks toward cabinet. (office)
[43] robot walks to open cabinet. (office)
[43] stack of document is on middle shelf of cabinet. (office)
[44] blue folder is on desk. (office)
[46] robot carries toward cabinet. (office)
[46] cabinet is at back. (office)
[47] robot approaches wooden cabinet. (office)
[47] robot opens cabinet glass door. (office)
[47] blue file box is on middle shelf. (office)
[47] robot places on top of sheet. (office)
[47] sheet is on top of blue file box. (office)
[47] robot steps back from cabinet. (office)
[48] robot opens cabinet. (office)
[48] cabinet is under <Faye>'s desk. (office)
[48] robot takes out from cabinet. (office)
[48] robot closes cabinet. (office)
[56] document is on Tom's desk. (office)
[59] notepad is at right desk. (office)
[59] paper is on right desk. (office)
[59] item is on <Faye>'s desk. (office)
[60] Faye holds folder. (office)
[61] Faye holds file. (office)

**Conversations: **

Conversation 3: Colleagues plan the company’s annual meeting, focusing on revising an overgenerous budget and adjusting lottery prize tiers to be more reasonable. Faye proposes a scaled prize structure and references last year’s plan, while Tom agrees to cut costs and send the revised plan to the supervisor. Emma manages documents, references prior revisions by the supervisor, and signs off for the night. A robot assistant is asked to handle filing, labeling, tidying, and returning items.
[28] Emma: Oh... yeah,
[28] Emma: can you help me,
[28] Emma: put the document into the shredder?
[28] Emma: put the document into the shredder?
[28] Emma: put the document into the shredder?
[29] Emma: Yeah, thank you.
[30] Faye: Well, I just checked the file sent by the supervisor and now,
[35] Faye: Could you please uh take out the label
[35] Faye: annual meeting,
[35] Faye: from the second layer of the file cabinet.
[35] Faye: And place it on the Tom's desk.
[36] robot: Faye ... and show me again?
[36] robot: Faye ... after finish revising.
[42] Emma: Oh yeah??? I'm...
[42] Emma: I has finished checked all the documents and robot, hey,
[42] Emma: can you help me to take the documents into the cabinet?
[43] robot: Ok.
[44] Emma: Oh? It's already past ten o'clock. I will head back first.

[Step 2] Evaluating semantic answer...
Action: [Answer]
Content: The second layer from the bottom.
FINAL ANSWER (from graph):
The second layer from the bottom.
Question: How many cups of water did Tom drink altogether?

[Step 1] Searching the graph...
Parse Query Output:
{
  "query_triple": ["<Tom>", "drinks", "water#cup_count", 0.95, 0.35, 0.8],
  "spatial_constraint": null,
  "speaker_strict": null,
  "allocation": {
    "k_high_level": 4,
    "k_low_level": 40,
    "k_conversations": 6,
    "total_k": 50,
    "reasoning": "Quantity-of-actions query. Emphasize low-level edges to aggregate individual drink events and counts. Limited conversations in case count is stated verbally; minimal high-level needed."
  }
}

Graph Search Results:
**High-Level Information (Character Attributes and Relationships): **

Character Attributes:
- Tom is: glasses (100)

Character Relationships:
- robot assists Tom (95)
- Faye colleagues with Tom (95)
- Faye collaborates with Tom (90)

**Low-Level Information (Actions and Events): **

[1] Tom makes request. (office)
[2] Tom accepts pink cup. (office)
[2] Tom places cup. (office)
[7] Tom sits desk. (office)
[16] Tom sits at left desk. (office)
[16] Tom reaches for cup. (office)
[17] Tom takes a sip from white cup. (office)
[20] Tom looks at tablet. (office)
[20] Tom handles food item. (office)
[21] Tom takes sauce packet. (office)
[22] Tom looks down at tray. (office)
[22] Tom tastes something. (office)
[23] Tom holds pink mug. (office)
[23] pink mug goes to Tom. (office)
[23] Tom sets pink mug. (office)
[23] Tom looks at tablet. (office)
[27] Tom looks at tablet. (office)
[27] Tom lifts tablet. (office)
[28] Tom looks down at paper. (office)
[29] Tom looks down at paper. (office)
[31] Tom holds cup. (office)
[31] Tom passes printer table. (office)
[31] Tom looks at item. (office)
[32] Tom looks down at paper. (office)
[32] Tom reviews paper. (office)
[36] Tom looks at paper. (office)
[36] Tom holds plate. (office)
[39] Tom asks about wet wipe. (office)
[40] green pack of wet wipe is handed to Tom. (office)
[40] Tom accepts green pack of wet wipe. (office)
[40] Tom places wet wipe. (office)
[44] Tom picks up blue folder. (office)
[44] Tom lowers blue folder. (office)
[56] Tom looks at paper. (office)
[57] Tom looks at paper. (office)
[57] Tom looks at tablet. (office)
[57] Tom lifts tablet. (office)
[57] Tom reaches for pink mug. (office)
[59] Tom gathers paper. (office)
[59] Tom arranges paper. (office)

**Conversations: **

Conversation 2: Faye reminds the team to submit monthly work summaries by next Monday, and Tom asks Faye to review his plan after she finishes a supervisor-requested document. Tom uses a robot to fetch items, while a brief issue arises over document versions differing only by signature dates; Faye and Emma conclude the later-dated document is the final version. Emma voices skepticism about the value of summaries, and Faye reassures that the document mix-up is not a major problem.
[21] Emma: No thanks.
[22] Tom: It's a little bit spicy. Hey robot,
[22] Tom: get me a glass of water.
[23] Tom: Thank you.
[24] Emma: Oh!

Conversation 1: The group discusses work progress on a plan and document review while taking a food break with hamburgers and fried chicken. Emma debates dieting but decides to indulge due to exhaustion, and mentions family pressure for a blind date. Faye is supportive of Emma’s career focus and compliments her, while Tom remains focused on adding details to the plan. A robot is frequently asked to assist with water, moving a desk, and fetching items.
[1] Faye: Let's have a short break and come on and eat something.
[1] Tom: Uh, there are so still many details to be added to this plan.
[1] Tom: You go ahead and eat and robot, hello, get me a glass of water.
[2] Tom: Thank you.
[2] Emma: Oh??? I think I'm starving, and what did you buy???

Conversation 3: Colleagues plan the company’s annual meeting, focusing on revising an overgenerous budget and adjusting lottery prize tiers to be more reasonable. Faye proposes a scaled prize structure and references last year’s plan, while Tom agrees to cut costs and send the revised plan to the supervisor. Emma manages documents, references prior revisions by the supervisor, and signs off for the night. A robot assistant is asked to handle filing, labeling, tidying, and returning items.
[30] Faye: I have the time to look the plan by Tom.
[30] Faye: So, you can send it to me.
[30] Tom: Alright.
[30] Faye: Okay, let me have a check.
[30] Tom: okay??? Tom, everything else about this plan is fine,
[38] Tom: and get the table tidy up.
[39] Tom: Oh, my god.
[39] Tom: Does anyone have wet wipes?
[40] Tom: Does anyone have wet wipes?
[40] Faye: Oh, I haven't.
[40] Emma: Yeah, let me see.

Conversation 4: Coworkers wrap up at the office while discussing three-day holiday plans. Emma and Faye prefer rest at home, while Tom considers a countryside trip, museums, or hiking but stays flexible. They agree to postpone a work report to the next day, and the robot assists with tasks like fetching items and closing up.
[61] Emma: Oh yeah, thank you.
[61] Emma: You two should take your things and don't forget living here.
[61] Tom: Okay.
[62] Emma: Yeah.
[62] Faye: I think everything is already in my hands.

[Step 2] Evaluating semantic answer...
Action: [Answer]
Content: One cup of water.
FINAL ANSWER (from graph):
One cup of water.
Question: When would Tom, Faye and Emma plan to write the work summary?

[Step 1] Searching the graph...
Parse Query Output:
{
  "query_triple": ["<Tom>", "plans to write", "work summary", 0.95, 0.3, 0.7],
  "spatial_constraint": null,
  "speaker_strict": ["<Tom>", "<Faye>", "<Emma>"],
  "allocation": {
    "k_high_level": 4,
    "k_low_level": 16,
    "k_conversations": 30,
    "total_k": 50,
    "reasoning": "Time/planning question involving multiple speakers; prioritize conversations to capture planning dialogue and timing mentions, with some low-level edges for scheduled actions."
  }
}

Graph Search Results:
**High-Level Information (Character Attributes and Relationships): **

Character Relationships:
- robot assists Tom (95)
- Faye colleagues with Tom (95)
- Tom collaborates with Faye (90)
- Faye collaborates with Tom (90)

**Low-Level Information (Actions and Events): **

[3] Tom sits at Tom's workstation. (office)
[7] Tom sits desk. (office)
[8] Tom sits at main desk. (office)
[25] Tom reads document. (office)
[26] Tom reads from notebook. (office)
[28] Tom adjusts hand over paperwork. (office)
[33] Tom writes in notebook. (office)
[34] Tom points toward paperwork on the desk. (office)
[41] Tom sits right desk. (office)
[48] Tom works right desk. (office)
[50] Tom mentions planning short trip. (office)
[56] Tom resumes looking at document. (office)
[59] Tom writes on notepad. (office)
[60] Tom writes on notebook. (office)
[62] Tom stands by desk. (office)
[62] Tom points inside office. (office)

**Conversations: **

Conversation 4: Coworkers wrap up at the office while discussing three-day holiday plans. Emma and Faye prefer rest at home, while Tom considers a countryside trip, museums, or hiking but stays flexible. They agree to postpone a work report to the next day, and the robot assists with tasks like fetching items and closing up.
[48] Emma: can you take the new trash bag for me?
[49] Emma: Oh yeah, thank you and so, goodbye I will go home right now.
[49] Tom: By the way, what's your plan for your three day holiday?
[49] Emma: I think this the three holiday, maybe I will go to bed and sleep,
[49] Emma: because this week is so tired for me, you know hmm...
[50] Emma: Yeah, thank you.
[50] Faye: And what about you?
[50] Faye: Tom? how do you,
[50] Faye: How do you feel this 3 holiday?
[50] Tom: Oh well? I was thinking about
[50] Tom: you know?
[51] Tom: Maybe I could go to the countryside, and enjoy the beautiful natural scenery there.
[51] Tom: And what do you think about this plan?
[51] Faye: And I think the plan is very nice, but as far as I think and just as the Emma—
[51] Faye: I think I'm also tired, so I also want to take a good sleep just for a whole day.
[51] Tom: Ah? That sounds nice. And in my opinion,
[56] Tom: She asked me what we should eat tonight.
[56] Tom: Oh??? it's already very late today.
[57] Tom: Let's write the work report tomorrow.
[57] Faye: Wait for me and start picking together.
[57] Tom: Hmm, okay.

Conversation 3: Colleagues plan the company’s annual meeting, focusing on revising an overgenerous budget and adjusting lottery prize tiers to be more reasonable. Faye proposes a scaled prize structure and references last year’s plan, while Tom agrees to cut costs and send the revised plan to the supervisor. Emma manages documents, references prior revisions by the supervisor, and signs off for the night. A robot assistant is asked to handle filing, labeling, tidying, and returning items.
[29] Emma: Yeah, thank you.
[30] Faye: Well, I just checked the file sent by the supervisor and now,
[30] Faye: I have the time to look the plan by Tom.
[30] Faye: So, you can send it to me.
[30] Tom: Alright.
[34] Emma: Oh, I think you haven't attended the company annual meeting.
[34] Emma: So you don't know, and there's only the fifteen spots.
[34] Faye: I forgot to send you the previous animal meeting planning proposal as a reference.
[35] Faye: Hey, robot,
[35] Faye: Could you please uh take out the label
[35] Faye: annual meeting,
[35] Faye: from the second layer of the file cabinet.
[35] Faye: And place it on the Tom's desk.
[36] robot: Faye ... and show me again?
[36] robot: Faye ... after finish revising.
[36] Tom: Now, I will watch after I finish eating.
[37] Emma: Oh!
[37] Emma: The plan we come up with will be set back for revision,
[37] Emma: if the supervisor is not satisfied. And last year the plan
[37] Emma: I made was revised three times by the supervisor.
[38] Tom: Hey, robot,
[38] Tom: please come here,
[44] Emma: Oh? It's already past ten o'clock. I will head back first.
[44] Emma: Good luck, everyone.
[44] Faye: You're not writing the work summary anymore?
[44] Emma: And anyway, I don't have to work tomorrow. I will finish it tomorrow.
[44] Faye: That's true, and it's about a three-day holiday and so...
[45] Faye: That's true and it's about three day holiday and so,
[45] Faye: I will write it tomorrow.
[45] Faye: So, go back early and take a good rest, Emma.
[45] Tom: and Faye, bro. Could you help me check it again?
[45] Faye: Okay, let me see.
[46] Faye: I think it should be about right.
[46] Faye: and let's send it to the supervisor first.
[46] Tom: Okay, I got you.
[46] Emma: Tom, please put back the previous annual meeting documents.

Conversation 2: Faye reminds the team to submit monthly work summaries by next Monday, and Tom asks Faye to review his plan after she finishes a supervisor-requested document. Tom uses a robot to fetch items, while a brief issue arises over document versions differing only by signature dates; Faye and Emma conclude the later-dated document is the final version. Emma voices skepticism about the value of summaries, and Faye reassures that the document mix-up is not a major problem.
[18] Faye: Hey you two, don't forget this month's work summary,
[18] Faye: and it needs to be submitted next Monday.
[18] Tom: Hmm, okay.
[18] Emma: Hmm, okay. But I don't know what's worth writing in a lousy summary,
[18] Emma: I think it's a waste of the time.
[19] Tom: Wow??? wow, wow!
[19] Tom: If the supervisor hears this,
[19] Tom: you are doomed.
[19] Tom: And, Faye.
[19] Faye: Well?
[19] Tom: I'll send a plan to you, can you help me take a look at it?
[19] Faye: Oh??? wait a minute,
[19] Faye: the supervisor just asked me to review the document,
[19] Faye: and I will have you take a look after I finish this
[19] Faye: document, please,
[21] Tom: Hey robot, please fetch the ketchup.
[21] robot: Ok.
[21] Tom: Thank you, Emma.
[21] Emma: No thanks.
[22] Tom: It's a little bit spicy. Hey robot,
[24] Emma: I find these documents only differ
[25] Emma: I find these documents only differ in the date of the signature.
[25] Emma: The one with the later date is final revised version, right?
[25] Faye: Bring it over and let me take a look.
[25] Faye: Let me see.
[25] Faye: Alright? I think,
[25] Faye: the later will be right.
[26] Tom: Emma??? Wasn't the non final version destroyed a long time ago?
[26] Faye: Maybe someone made a mistake and mixed the two together.
[26] Emma: I checked it again.

Conversation 1: The group discusses work progress on a plan and document review while taking a food break with hamburgers and fried chicken. Emma debates dieting but decides to indulge due to exhaustion, and mentions family pressure for a blind date. Faye is supportive of Emma’s career focus and compliments her, while Tom remains focused on adding details to the plan. A robot is frequently asked to assist with water, moving a desk, and fetching items.
[7] robot: OK.
[8] Emma: Okay, thank you, robot.
[9] Tom: Hey, Emma.
[9] Tom: Didn't you say you wanted to lose weight?
[9] Emma: Oh, yeah,
[14] Emma: So, hey??? would you like to eat it?
[14] Emma: Because it doesn't taste well when it's cold.
[14] Tom: Hmm, okay, wait, Emma.
[14] Tom: I'm almost done my work here,
[14] Tom: and I will go right away, thank you.

[Step 2] Evaluating semantic answer...
Action: [Answer]
Content: They plan to write the work summary tomorrow.
FINAL ANSWER (from graph):
They plan to write the work summary tomorrow.
Question: Is Faye good at comforting people?

[Step 1] Searching the graph...
Parse Query Output:
{
  "query_triple": ["<Faye>", "is good at comforting", null, 0.95, 0.25, 0.1],
  "spatial_constraint": null,
  "speaker_strict": null,
  "allocation": {
    "k_high_level": 8,
    "k_low_level": 12,
    "k_conversations": 30,
    "total_k": 50,
    "reasoning": "Capability/trait query about comforting others. Use some high-level edges for traits, but rely more on conversations and some low-level actions showing Faye comforting people."
  }
}

Graph Search Results:
**High-Level Information (Character Attributes and Relationships): **

Character Attributes:
- Faye is: white shirt (100), tall and slim (100), blue jeans (100), holding folders and phone (100), short dark hair (100), male (100), light green jacket (100), brown shoes (100)

**Low-Level Information (Actions and Events): **

[1] Faye sits by table. (office)
[4] Faye sits beside Emma. (office)
[5] Faye compliments Emma. (office)
[6] Faye listens. (office)
[11] Faye speaks to Emma. (office)
[11] Faye talks to Emma. (office)
[13] Faye listens. (office)
[20] Faye talks to Tom. (office)
[26] Faye listens. (office)
[28] Faye rests chin on hand Faye. (office)
[40] Faye works quietly. (office)
[52] Faye listens. (office)

**Conversations: **

Conversation 4: Coworkers wrap up at the office while discussing three-day holiday plans. Emma and Faye prefer rest at home, while Tom considers a countryside trip, museums, or hiking but stays flexible. They agree to postpone a work report to the next day, and the robot assists with tasks like fetching items and closing up.
[50] Tom: Okay? have a good sleep.
[50] Emma: Yeah, thank you.
[50] Faye: And what about you?
[50] Faye: Tom? how do you,
[50] Faye: How do you feel this 3 holiday?
[50] Tom: Oh well? I was thinking about
[50] Tom: going on a short trip,
[53] Tom: like have a picnic by the lake, what about it?
[53] Faye: The weather is not very good for this three days.
[53] Faye: So I think maybe,
[53] Faye: I just stayed at home and watch some movies
[53] Faye: and get a sleep for the whole day,
[53] Faye: and make some delicious food to enjoy myself.
[53] Faye: And for the next time, maybe
[53] Faye: I will go to the hiking or picnic.
[54] Tom: That sounds nice to me. Exactly and by hiking we can breathe the fresh air, and away from the noise in the city,
[55] Tom: which is quite educational to us.
[55] Faye: And we can also know some traditional cultures,
[55] Faye: and also some characteristics.
[55] Tom: Hmm yeah!
[55] Tom: That's a good idea then we can have the best of both worlds.
[57] Faye: Wait for me and start picking together.
[57] Tom: Hmm, okay.
[58] Tom: Hmm, by the way, Faye.
[58] Faye: Well?
[58] Faye: what's wrong???
[58] Tom: how are you going back?
[58] Faye: I'm driving, do you wanna a ride?
[58] Tom: Ah??? let me think about it,
[58] Tom: Hmm, no need, thank you.
[58] Tom: My girlfriend is coming to pick me up.
[58] Faye: Okay??? I think you are very...
[58] Tom: Hmm, let us pack our stuff.
[60] Faye: Okay??? let's go!
[60] Faye: You just leave already, why do you come back?
[60] Emma: Oh no! and just now I want to drive my car you know,

Conversation 2: Faye reminds the team to submit monthly work summaries by next Monday, and Tom asks Faye to review his plan after she finishes a supervisor-requested document. Tom uses a robot to fetch items, while a brief issue arises over document versions differing only by signature dates; Faye and Emma conclude the later-dated document is the final version. Emma voices skepticism about the value of summaries, and Faye reassures that the document mix-up is not a major problem.
[19] Tom: If the supervisor hears this,
[19] Tom: you are doomed.
[19] Tom: And, Faye.
[19] Faye: Well?
[19] Tom: I'll send a plan to you, can you help me take a look at it?
[19] Faye: Oh??? wait a minute,
[19] Faye: the supervisor just asked me to review the document,
[19] Faye: and I will have you take a look after I finish this
[19] Faye: document, please,
[20] Faye: please wait a minute.
[20] Tom: Uh, alright.
[20] Tom: Oh, I forgot my file.
[25] Faye: Bring it over and let me take a look.
[25] Faye: Let me see.
[25] Faye: Alright? I think,
[25] Faye: the later will be right.
[26] Tom: Emma??? Wasn't the non final version destroyed a long time ago?
[26] Emma: I would be criticized again, you know.
[26] Emma: It's very strict, yeah.
[26] Faye: It's not a big problem.

Conversation 1: The group discusses work progress on a plan and document review while taking a food break with hamburgers and fried chicken. Emma debates dieting but decides to indulge due to exhaustion, and mentions family pressure for a blind date. Faye is supportive of Emma’s career focus and compliments her, while Tom remains focused on adding details to the plan. A robot is frequently asked to assist with water, moving a desk, and fetching items.
[4] Emma: Oh! The summer is coming and I think,
[4] Emma: and if I lose the weight and I can look better to wear my dress.
[5] Faye: Okay??? you are so beautiful.
[5] Emma: Thank you.
[5] Faye: Okay, alright.
[5] Faye: How much the document, have you reviewed?
[5] Emma: And I have watched one third of it, No problem!
[5] Faye: Okay, it would have been great if Luna hadn't taken leave today,
[5] Faye: and maybe she will help us to do something
[5] Emma: Oh??? yeah,
[5] Emma: but I've working overtime this week and it's so exhausting,
[11] Emma: Oh? yeah.
[11] Faye: Hey, Emma, you hung up so quickly,
[11] Faye: that's not like you.
[11] Emma: Yeah, because my mom told me and you know she told me uh...
[11] Emma: I should go back home to have the blind date this weekend.
[11] Faye: But aren't you only twenty six years old?
[12] Faye: I think it's not late.
[12] Emma: Um, so I am very young, but uh,
[12] Emma: so they are so quickly to want me to get marriage.
[12] Emma: You know?
[12] Faye: But they are also worry about you,
[12] Faye: but how could someone as outstanding as you are not
[12] Faye: find a partner is not a problem I think it's very easy for you.
[13] Emma: Yeah, because I want to try my best to do in my career,
[13] Emma: and want to make some contribution for our team.
[13] Faye: Okay? I understand and also,
[13] Faye: I'm agree with you.
[13] Emma: Yeah,
[13] Emma: and I see

Conversation 3: Colleagues plan the company’s annual meeting, focusing on revising an overgenerous budget and adjusting lottery prize tiers to be more reasonable. Faye proposes a scaled prize structure and references last year’s plan, while Tom agrees to cut costs and send the revised plan to the supervisor. Emma manages documents, references prior revisions by the supervisor, and signs off for the night. A robot assistant is asked to handle filing, labeling, tidying, and returning items.
[39] Tom: Does anyone have wet wipes?
[40] Tom: Does anyone have wet wipes?
[40] Faye: Oh, I haven't.
[40] Emma: Yeah, let me see.
[40] Emma: Oh, yeah, you can use this, okay.
[45] Tom: and Faye, bro. Could you help me check it again?
[45] Faye: Okay, let me see.
[46] Faye: I think it should be about right.
[46] Faye: and let's send it to the supervisor first.
[46] Tom: Okay, I got you.

[Step 2] Evaluating semantic answer...
Action: [Answer]
Content: Yes, Faye is good at comforting people.
FINAL ANSWER (from graph):
Yes, Faye is good at comforting people.
Question: what things does Emma give Tom?

[Step 1] Searching the graph...
Parse Query Output:
{
  "query_triple": ["<Emma>", "gives", "<Tom>", 0.95, 0.3, 0.95],
  "spatial_constraint": null,
  "speaker_strict": null,
  "allocation": {
    "k_high_level": 5,
    "k_low_level": 40,
    "k_conversations": 5,
    "total_k": 50,
    "reasoning": "Action-focused query about transfer events; prioritize low-level edges to capture specific give actions and objects. Minimal high-level for context, small conversations budget in case dialogue mentions the items."
  }
}

Graph Search Results:
**High-Level Information (Character Attributes and Relationships): **

Character Relationships:
- Emma colleagues with Tom (90)
- Emma is colleague of Tom (95)
- Tom questions decisions of Emma (80)
- Tom colleagues with Emma (70)
- Emma cooperates with Tom (75)

**Low-Level Information (Actions and Events): **

[3] Tom looks toward Emma. (office)
[6] Emma faces Tom. (office)
[9] Tom looks toward Emma. (office)
[9] Tom speaks to Emma. (office)
[9] Emma turns head toward Tom. (office)
[11] Tom glances toward Emma. (office)
[14] Tom looks toward Emma. (office)
[14] Tom says Emma. (office)
[18] Emma glances at Tom. (office)
[19] Emma looks toward Tom. (office)
[19] Tom turns toward slightly Emma. (office)
[19] Tom warns about supervisor hearing Emma. (office)
[20] Tom looks back toward Emma. (office)
[20] Emma looks toward Tom. (office)
[21] Tom looks toward Emma. (office)
[24] Emma glances toward Tom. (office)
[24] Emma speaks toward Tom. (office)
[30] Emma glances toward Tom. (office)
[32] Emma glances toward Tom. (office)
[33] Emma looks toward Tom. (office)
[33] Tom turns head toward Emma. (office)
[33] Tom turns head briefly toward Emma. (office)
[34] Tom faces Emma. (office)
[34] Tom talks to Emma. (office)
[34] Tom listens to Emma. (office)
[35] Tom steps closer to Emma. (office)
[35] Tom moves to stand beside Emma. (office)
[40] Emma responds to Tom. (office)
[46] Emma speaks toward Tom. (office)
[46] Tom replies to Emma. (office)
[46] Emma asks Tom. (office)
[49] Tom looks at Emma. (office)
[49] Emma faces Tom. (office)
[50] Tom waves hand toward Emma. (office)
[61] Tom faces Emma. (office)
[61] Emma tells Tom. (office)
[61] Emma tells to take Tom's thing. (office)
[61] Tom acknowledges Emma. (office)
[62] Tom faces Emma. (office)
[62] Emma is ahead of Tom. (office)

**Conversations: **

Conversation 2: Faye reminds the team to submit monthly work summaries by next Monday, and Tom asks Faye to review his plan after she finishes a supervisor-requested document. Tom uses a robot to fetch items, while a brief issue arises over document versions differing only by signature dates; Faye and Emma conclude the later-dated document is the final version. Emma voices skepticism about the value of summaries, and Faye reassures that the document mix-up is not a major problem.
[21] Tom: Hey robot, please fetch the ketchup.
[21] robot: Ok.
[21] Tom: Thank you, Emma.
[21] Emma: No thanks.
[22] Tom: It's a little bit spicy. Hey robot,
[25] Faye: Alright? I think,
[25] Faye: the later will be right.
[26] Tom: Emma??? Wasn't the non final version destroyed a long time ago?
[26] Faye: Maybe someone made a mistake and mixed the two together.
[26] Emma: I checked it again.

Conversation 1: The group discusses work progress on a plan and document review while taking a food break with hamburgers and fried chicken. Emma debates dieting but decides to indulge due to exhaustion, and mentions family pressure for a blind date. Faye is supportive of Emma’s career focus and compliments her, while Tom remains focused on adding details to the plan. A robot is frequently asked to assist with water, moving a desk, and fetching items.
[7] robot: OK.
[8] Emma: Okay, thank you, robot.
[9] Tom: Hey, Emma.
[9] Tom: Didn't you say you wanted to lose weight?
[9] Emma: Oh, yeah,
[14] Emma: So, hey??? would you like to eat it?
[14] Emma: Because it doesn't taste well when it's cold.
[14] Tom: Hmm, okay, wait, Emma.
[14] Tom: I'm almost done my work here,
[14] Tom: and I will go right away, thank you.
[14] Emma: Oh yeah robot, can you help me to take the desk to here?
[14] robot: Okay.
[15] Emma: Oh??? thank you.

[Step 2] Evaluating semantic answer...
Action: [Answer]
Content: Emma gives Tom his thing to take.
FINAL ANSWER (from graph):
Emma gives Tom his thing to take.
✓ Updated results.json for office_02 (12 questions)
✓ Cleaned up video and frames for office_02

============================================================
Processing video: gym_04
============================================================
Downloading 1 video(s) to data/videos...

Downloading gym_04.mp4...
✓ Successfully downloaded gym_04.mp4 to data/videos/gym_04.mp4

============================================================
Download Summary:
  Successful: 1/1
============================================================

============================================================
[1/1] Processing: gym_04
============================================================
Video: data/videos/gym_04.mp4
Subtitles: data/subtitles/robot/gym_04.srt
Output: data/frames/gym_04
============================================================

Parsing subtitle file: data/subtitles/robot/gym_04.srt
Found 354 subtitle entries
Video: 1280x720, 30.00 FPS, 62741 frames, 2091.37s duration

Extracting frames with subtitles...
Grouping frames into folders of 30 frames each
  Saved 10 frames (up to 9s, folder 1)
  Saved 20 frames (up to 19s, folder 1)
  Saved 30 frames (up to 29s, folder 1)
  Saved 40 frames (up to 39s, folder 2)
  Saved 50 frames (up to 49s, folder 2)
  Saved 60 frames (up to 59s, folder 2)
  Saved 70 frames (up to 69s, folder 3)
  Saved 80 frames (up to 79s, folder 3)
  Saved 90 frames (up to 89s, folder 3)
  Saved 100 frames (up to 99s, folder 4)
  Saved 110 frames (up to 109s, folder 4)
  Saved 120 frames (up to 119s, folder 4)
  Saved 130 frames (up to 129s, folder 5)
  Saved 140 frames (up to 139s, folder 5)
  Saved 150 frames (up to 149s, folder 5)
  Saved 160 frames (up to 159s, folder 6)
  Saved 170 frames (up to 169s, folder 6)
  Saved 180 frames (up to 179s, folder 6)
  Saved 190 frames (up to 189s, folder 7)
  Saved 200 frames (up to 199s, folder 7)
  Saved 210 frames (up to 209s, folder 7)
  Saved 220 frames (up to 219s, folder 8)
  Saved 230 frames (up to 229s, folder 8)
  Saved 240 frames (up to 239s, folder 8)
  Saved 250 frames (up to 249s, folder 9)
  Saved 260 frames (up to 259s, folder 9)
  Saved 270 frames (up to 269s, folder 9)
  Saved 280 frames (up to 279s, folder 10)
  Saved 290 frames (up to 289s, folder 10)
  Saved 300 frames (up to 299s, folder 10)
  Saved 310 frames (up to 309s, folder 11)
  Saved 320 frames (up to 319s, folder 11)
  Saved 330 frames (up to 329s, folder 11)
  Saved 340 frames (up to 339s, folder 12)
  Saved 350 frames (up to 349s, folder 12)
  Saved 360 frames (up to 359s, folder 12)
  Saved 370 frames (up to 369s, folder 13)
  Saved 380 frames (up to 379s, folder 13)
  Saved 390 frames (up to 389s, folder 13)
  Saved 400 frames (up to 399s, folder 14)
  Saved 410 frames (up to 409s, folder 14)
  Saved 420 frames (up to 419s, folder 14)
  Saved 430 frames (up to 429s, folder 15)
  Saved 440 frames (up to 439s, folder 15)
  Saved 450 frames (up to 449s, folder 15)
  Saved 460 frames (up to 459s, folder 16)
  Saved 470 frames (up to 469s, folder 16)
  Saved 480 frames (up to 479s, folder 16)
  Saved 490 frames (up to 489s, folder 17)
  Saved 500 frames (up to 499s, folder 17)
  Saved 510 frames (up to 509s, folder 17)
  Saved 520 frames (up to 519s, folder 18)
  Saved 530 frames (up to 529s, folder 18)
  Saved 540 frames (up to 539s, folder 18)
  Saved 550 frames (up to 549s, folder 19)
  Saved 560 frames (up to 559s, folder 19)
  Saved 570 frames (up to 569s, folder 19)
  Saved 580 frames (up to 579s, folder 20)
  Saved 590 frames (up to 589s, folder 20)
  Saved 600 frames (up to 599s, folder 20)
  Saved 610 frames (up to 609s, folder 21)
  Saved 620 frames (up to 619s, folder 21)
  Saved 630 frames (up to 629s, folder 21)
  Saved 640 frames (up to 639s, folder 22)
  Saved 650 frames (up to 649s, folder 22)
  Saved 660 frames (up to 659s, folder 22)
  Saved 670 frames (up to 669s, folder 23)
  Saved 680 frames (up to 679s, folder 23)
  Saved 690 frames (up to 689s, folder 23)
  Saved 700 frames (up to 699s, folder 24)
  Saved 710 frames (up to 709s, folder 24)
  Saved 720 frames (up to 719s, folder 24)
  Saved 730 frames (up to 729s, folder 25)
  Saved 740 frames (up to 739s, folder 25)
  Saved 750 frames (up to 749s, folder 25)
  Saved 760 frames (up to 759s, folder 26)
  Saved 770 frames (up to 769s, folder 26)
  Saved 780 frames (up to 779s, folder 26)
  Saved 790 frames (up to 789s, folder 27)
  Saved 800 frames (up to 799s, folder 27)
  Saved 810 frames (up to 809s, folder 27)
  Saved 820 frames (up to 819s, folder 28)
  Saved 830 frames (up to 829s, folder 28)
  Saved 840 frames (up to 839s, folder 28)
  Saved 850 frames (up to 849s, folder 29)
  Saved 860 frames (up to 859s, folder 29)
  Saved 870 frames (up to 869s, folder 29)
  Saved 880 frames (up to 879s, folder 30)
  Saved 890 frames (up to 889s, folder 30)
  Saved 900 frames (up to 899s, folder 30)
  Saved 910 frames (up to 909s, folder 31)
  Saved 920 frames (up to 919s, folder 31)
  Saved 930 frames (up to 929s, folder 31)
  Saved 940 frames (up to 939s, folder 32)
  Saved 950 frames (up to 949s, folder 32)
  Saved 960 frames (up to 959s, folder 32)
  Saved 970 frames (up to 969s, folder 33)
  Saved 980 frames (up to 979s, folder 33)
  Saved 990 frames (up to 989s, folder 33)
  Saved 1000 frames (up to 999s, folder 34)
  Saved 1010 frames (up to 1009s, folder 34)
  Saved 1020 frames (up to 1019s, folder 34)
  Saved 1030 frames (up to 1029s, folder 35)
  Saved 1040 frames (up to 1039s, folder 35)
  Saved 1050 frames (up to 1049s, folder 35)
  Saved 1060 frames (up to 1059s, folder 36)
  Saved 1070 frames (up to 1069s, folder 36)
  Saved 1080 frames (up to 1079s, folder 36)
  Saved 1090 frames (up to 1089s, folder 37)
  Saved 1100 frames (up to 1099s, folder 37)
  Saved 1110 frames (up to 1109s, folder 37)
  Saved 1120 frames (up to 1119s, folder 38)
  Saved 1130 frames (up to 1129s, folder 38)
  Saved 1140 frames (up to 1139s, folder 38)
  Saved 1150 frames (up to 1149s, folder 39)
  Saved 1160 frames (up to 1159s, folder 39)
  Saved 1170 frames (up to 1169s, folder 39)
  Saved 1180 frames (up to 1179s, folder 40)
  Saved 1190 frames (up to 1189s, folder 40)
  Saved 1200 frames (up to 1199s, folder 40)
  Saved 1210 frames (up to 1209s, folder 41)
  Saved 1220 frames (up to 1219s, folder 41)
  Saved 1230 frames (up to 1229s, folder 41)
  Saved 1240 frames (up to 1239s, folder 42)
  Saved 1250 frames (up to 1249s, folder 42)
  Saved 1260 frames (up to 1259s, folder 42)
  Saved 1270 frames (up to 1269s, folder 43)
  Saved 1280 frames (up to 1279s, folder 43)
  Saved 1290 frames (up to 1289s, folder 43)
  Saved 1300 frames (up to 1299s, folder 44)
  Saved 1310 frames (up to 1309s, folder 44)
  Saved 1320 frames (up to 1319s, folder 44)
  Saved 1330 frames (up to 1329s, folder 45)
  Saved 1340 frames (up to 1339s, folder 45)
  Saved 1350 frames (up to 1349s, folder 45)
  Saved 1360 frames (up to 1359s, folder 46)
  Saved 1370 frames (up to 1369s, folder 46)
  Saved 1380 frames (up to 1379s, folder 46)
  Saved 1390 frames (up to 1389s, folder 47)
  Saved 1400 frames (up to 1399s, folder 47)
  Saved 1410 frames (up to 1409s, folder 47)
  Saved 1420 frames (up to 1419s, folder 48)
  Saved 1430 frames (up to 1429s, folder 48)
  Saved 1440 frames (up to 1439s, folder 48)
  Saved 1450 frames (up to 1449s, folder 49)
  Saved 1460 frames (up to 1459s, folder 49)
  Saved 1470 frames (up to 1469s, folder 49)
  Saved 1480 frames (up to 1479s, folder 50)
  Saved 1490 frames (up to 1489s, folder 50)
  Saved 1500 frames (up to 1499s, folder 50)
  Saved 1510 frames (up to 1509s, folder 51)
  Saved 1520 frames (up to 1519s, folder 51)
  Saved 1530 frames (up to 1529s, folder 51)
  Saved 1540 frames (up to 1539s, folder 52)
  Saved 1550 frames (up to 1549s, folder 52)
  Saved 1560 frames (up to 1559s, folder 52)
  Saved 1570 frames (up to 1569s, folder 53)
  Saved 1580 frames (up to 1579s, folder 53)
  Saved 1590 frames (up to 1589s, folder 53)
  Saved 1600 frames (up to 1599s, folder 54)
  Saved 1610 frames (up to 1609s, folder 54)
  Saved 1620 frames (up to 1619s, folder 54)
  Saved 1630 frames (up to 1629s, folder 55)
  Saved 1640 frames (up to 1639s, folder 55)
  Saved 1650 frames (up to 1649s, folder 55)
  Saved 1660 frames (up to 1659s, folder 56)
  Saved 1670 frames (up to 1669s, folder 56)
  Saved 1680 frames (up to 1679s, folder 56)
  Saved 1690 frames (up to 1689s, folder 57)
  Saved 1700 frames (up to 1699s, folder 57)
  Saved 1710 frames (up to 1709s, folder 57)
  Saved 1720 frames (up to 1719s, folder 58)
  Saved 1730 frames (up to 1729s, folder 58)
  Saved 1740 frames (up to 1739s, folder 58)
  Saved 1750 frames (up to 1749s, folder 59)
  Saved 1760 frames (up to 1759s, folder 59)
  Saved 1770 frames (up to 1769s, folder 59)
  Saved 1780 frames (up to 1779s, folder 60)
  Saved 1790 frames (up to 1789s, folder 60)
  Saved 1800 frames (up to 1799s, folder 60)
  Saved 1810 frames (up to 1809s, folder 61)
  Saved 1820 frames (up to 1819s, folder 61)
  Saved 1830 frames (up to 1829s, folder 61)
  Saved 1840 frames (up to 1839s, folder 62)
  Saved 1850 frames (up to 1849s, folder 62)
  Saved 1860 frames (up to 1859s, folder 62)
  Saved 1870 frames (up to 1869s, folder 63)
  Saved 1880 frames (up to 1879s, folder 63)
  Saved 1890 frames (up to 1889s, folder 63)
  Saved 1900 frames (up to 1899s, folder 64)
  Saved 1910 frames (up to 1909s, folder 64)
  Saved 1920 frames (up to 1919s, folder 64)
  Saved 1930 frames (up to 1929s, folder 65)
  Saved 1940 frames (up to 1939s, folder 65)
  Saved 1950 frames (up to 1949s, folder 65)
  Saved 1960 frames (up to 1959s, folder 66)
  Saved 1970 frames (up to 1969s, folder 66)
  Saved 1980 frames (up to 1979s, folder 66)
  Saved 1990 frames (up to 1989s, folder 67)
  Saved 2000 frames (up to 1999s, folder 67)
  Saved 2010 frames (up to 2009s, folder 67)
  Saved 2020 frames (up to 2019s, folder 68)
  Saved 2030 frames (up to 2029s, folder 68)
  Saved 2040 frames (up to 2039s, folder 68)
  Saved 2050 frames (up to 2049s, folder 69)
  Saved 2060 frames (up to 2059s, folder 69)
  Saved 2070 frames (up to 2069s, folder 69)
  Saved 2080 frames (up to 2079s, folder 70)
  Saved 2090 frames (up to 2089s, folder 70)

✓ Extracted 2092 frames to data/frames/gym_04

✓ Successfully processed gym_04: 2092 frames saved
--------------------------------
Processing folder:  data/frames/gym_04/1
Matched and merged character: <character_1> -> <Anna> (similarity: 0.868)
Inserted 23 triples into graph for clip 1
--------------------------------
Processing folder:  data/frames/gym_04/2
Inserted 25 triples into graph for clip 2
--------------------------------
Processing folder:  data/frames/gym_04/3
Inserted 21 triples into graph for clip 3
--------------------------------
Processing folder:  data/frames/gym_04/4
Inserted 29 triples into graph for clip 4
--------------------------------
Processing folder:  data/frames/gym_04/5
Inserted 25 triples into graph for clip 5
--------------------------------
Processing folder:  data/frames/gym_04/6
Extracting summary for completed conversation 1...
✓ Conversation summary extracted. Attributes: 8, Relationships: 4
Inserted 14 triples into graph for clip 6
--------------------------------
Processing folder:  data/frames/gym_04/7
Inserted 25 triples into graph for clip 7
--------------------------------
Processing folder:  data/frames/gym_04/8
Inserted 27 triples into graph for clip 8
--------------------------------
Processing folder:  data/frames/gym_04/9
Extracting summary for completed conversation 2...
✓ Conversation summary extracted. Attributes: 5, Relationships: 3
Inserted 19 triples into graph for clip 9
--------------------------------
Processing folder:  data/frames/gym_04/10
Inserted 28 triples into graph for clip 10
--------------------------------
Processing folder:  data/frames/gym_04/11
Inserted 21 triples into graph for clip 11
--------------------------------
Processing folder:  data/frames/gym_04/12
Inserted 25 triples into graph for clip 12
--------------------------------
Processing folder:  data/frames/gym_04/13
Inserted 26 triples into graph for clip 13
--------------------------------
Processing folder:  data/frames/gym_04/14
Inserted 23 triples into graph for clip 14
--------------------------------
Processing folder:  data/frames/gym_04/15
Inserted 26 triples into graph for clip 15
--------------------------------
Processing folder:  data/frames/gym_04/16
Inserted 36 triples into graph for clip 16
--------------------------------
Processing folder:  data/frames/gym_04/17
Inserted 47 triples into graph for clip 17
--------------------------------
Processing folder:  data/frames/gym_04/18
Inserted 26 triples into graph for clip 18
--------------------------------
Processing folder:  data/frames/gym_04/19
Inserted 31 triples into graph for clip 19
--------------------------------
Processing folder:  data/frames/gym_04/20
Inserted 27 triples into graph for clip 20
--------------------------------
Processing folder:  data/frames/gym_04/21
Inserted 24 triples into graph for clip 21
--------------------------------
Processing folder:  data/frames/gym_04/22
Inserted 36 triples into graph for clip 22
--------------------------------
Processing folder:  data/frames/gym_04/23
Inserted 33 triples into graph for clip 23
--------------------------------
Processing folder:  data/frames/gym_04/24
Inserted 26 triples into graph for clip 24
--------------------------------
Processing folder:  data/frames/gym_04/25
Inserted 25 triples into graph for clip 25
--------------------------------
Processing folder:  data/frames/gym_04/26
Inserted 20 triples into graph for clip 26
--------------------------------
Processing folder:  data/frames/gym_04/27
Inserted 29 triples into graph for clip 27
--------------------------------
Processing folder:  data/frames/gym_04/28
Inserted 23 triples into graph for clip 28
--------------------------------
Processing folder:  data/frames/gym_04/29
Inserted 17 triples into graph for clip 29
--------------------------------
Processing folder:  data/frames/gym_04/30
Inserted 15 triples into graph for clip 30
--------------------------------
Processing folder:  data/frames/gym_04/31
Inserted 31 triples into graph for clip 31
--------------------------------
Processing folder:  data/frames/gym_04/32
Inserted 23 triples into graph for clip 32
--------------------------------
Processing folder:  data/frames/gym_04/33
Inserted 23 triples into graph for clip 33
--------------------------------
Processing folder:  data/frames/gym_04/34
Inserted 29 triples into graph for clip 34
--------------------------------
Processing folder:  data/frames/gym_04/35
Inserted 17 triples into graph for clip 35
--------------------------------
Processing folder:  data/frames/gym_04/36
Inserted 17 triples into graph for clip 36
--------------------------------
Processing folder:  data/frames/gym_04/37
Inserted 32 triples into graph for clip 37
--------------------------------
Processing folder:  data/frames/gym_04/38
Inserted 31 triples into graph for clip 38
--------------------------------
Processing folder:  data/frames/gym_04/39
Inserted 37 triples into graph for clip 39
--------------------------------
Processing folder:  data/frames/gym_04/40
Inserted 25 triples into graph for clip 40
--------------------------------
Processing folder:  data/frames/gym_04/41
Inserted 14 triples into graph for clip 41
--------------------------------
Processing folder:  data/frames/gym_04/42
Inserted 29 triples into graph for clip 42
--------------------------------
Processing folder:  data/frames/gym_04/43
Inserted 33 triples into graph for clip 43
--------------------------------
Processing folder:  data/frames/gym_04/44
Inserted 25 triples into graph for clip 44
--------------------------------
Processing folder:  data/frames/gym_04/45
Inserted 17 triples into graph for clip 45
--------------------------------
Processing folder:  data/frames/gym_04/46
Inserted 30 triples into graph for clip 46
--------------------------------
Processing folder:  data/frames/gym_04/47
Inserted 33 triples into graph for clip 47
--------------------------------
Processing folder:  data/frames/gym_04/48
Inserted 19 triples into graph for clip 48
--------------------------------
Processing folder:  data/frames/gym_04/49
Inserted 32 triples into graph for clip 49
--------------------------------
Processing folder:  data/frames/gym_04/50
Inserted 40 triples into graph for clip 50
--------------------------------
Processing folder:  data/frames/gym_04/51
Inserted 34 triples into graph for clip 51
--------------------------------
Processing folder:  data/frames/gym_04/52
Inserted 47 triples into graph for clip 52
--------------------------------
Processing folder:  data/frames/gym_04/53
Inserted 31 triples into graph for clip 53
--------------------------------
Processing folder:  data/frames/gym_04/54
Inserted 24 triples into graph for clip 54
--------------------------------
Processing folder:  data/frames/gym_04/55
Inserted 29 triples into graph for clip 55
--------------------------------
Processing folder:  data/frames/gym_04/56
Inserted 26 triples into graph for clip 56
--------------------------------
Processing folder:  data/frames/gym_04/57
Inserted 37 triples into graph for clip 57
--------------------------------
Processing folder:  data/frames/gym_04/58
Inserted 56 triples into graph for clip 58
--------------------------------
Processing folder:  data/frames/gym_04/59
Inserted 39 triples into graph for clip 59
--------------------------------
Processing folder:  data/frames/gym_04/60
Inserted 41 triples into graph for clip 60
--------------------------------
Processing folder:  data/frames/gym_04/61
Inserted 27 triples into graph for clip 61
--------------------------------
Processing folder:  data/frames/gym_04/62
Inserted 17 triples into graph for clip 62
--------------------------------
Processing folder:  data/frames/gym_04/63
Inserted 15 triples into graph for clip 63
--------------------------------
Processing folder:  data/frames/gym_04/64
Inserted 20 triples into graph for clip 64
--------------------------------
Processing folder:  data/frames/gym_04/65
Inserted 29 triples into graph for clip 65
--------------------------------
Processing folder:  data/frames/gym_04/66
Inserted 19 triples into graph for clip 66
--------------------------------
Processing folder:  data/frames/gym_04/67
Inserted 24 triples into graph for clip 67
--------------------------------
Processing folder:  data/frames/gym_04/68
Inserted 34 triples into graph for clip 68
--------------------------------
Processing folder:  data/frames/gym_04/69
Inserted 47 triples into graph for clip 69
--------------------------------
Processing folder:  data/frames/gym_04/70
Inserted 26 triples into graph for clip 70
Extracting summary for final conversation 3...
✓ Final conversation summary extracted. Attributes: 9, Relationships: 6
Inserting character appearances for 5 characters...
Warning: Character '<character_1>' not found in graph, skipping appearance
✓ Character appearances inserted: 21 appearance edges created
381 node embeddings inserted (5 characters, 376 objects)
1933 edge embeddings inserted
Generating character attributes...
Number of edges:  1933
Character attributes generated.
Number of edges:  1972
Character relationships generated.
Number of edges:  1999
✓ Graph memory built for gym_04
Question: What drink should the robot bring to Zoe?

[Step 1] Searching the graph...
Parse Query Output:
{
  "query_triple": ["<robot>", "should bring", "<Zoe>", 0.9, 0.3, 0.95],
  "spatial_constraint": null,
  "speaker_strict": null,
  "allocation": {
    "k_high_level": 5,
    "k_low_level": 20,
    "k_conversations": 25,
    "total_k": 50,
    "reasoning": "Recommendation/intent query likely determined by dialogue (Zoe's preference or instruction) and some actions; prioritize conversations to find requests or preferences, with some low-level edges for any explicit actions."
  }
}

Graph Search Results:
**High-Level Information (Character Attributes and Relationships): **

Character Attributes:
- Zoe is: not fully visible (100)

Character Relationships:
- robot cooperates with Zoe (70)
- robot assists Zoe (65)
- robot is neutral-positive toward Zoe (60)
- robot has slight leading role over Zoe (55)

**Low-Level Information (Actions and Events): **

[2] Zoe gestures toward mirror. (gym studio)
[4] Zoe faces camera. (fitness studio)
[5] Zoe turns toward camera. (fitness studio)
[12] Zoe steps closer to mat. (exercise studio)
[13] Zoe looks down at person. (fitness studio)
[15] Zoe raises arm. (gym studio)
[16] Zoe raises arm. (fitness studio)
[50] Zoe holds rope controller. (exercise studio)
[50] Zoe gathers together in Zoe's hand rope controller. (exercise studio)
[51] Zoe faces camera. (fitness studio)
[56] Zoe raises arm. (dance studio)
[60] Zoe looks toward mirror. (exercise studio)
[60] Zoe needs bag. (exercise studio)
[61] Zoe arranges beside mat. (fitness studio)
[65] Zoe gestures toward floor. (dance studio)
[67] Zoe agrees with idea. (fitness studio)
[67] Zoe helps arrange item. (fitness studio)
[68] Zoe rolls mat. (exercise studio)
[69] Zoe places into bin. (fitness studio)
[69] Zoe tidies brick. (fitness studio)

**Conversations: **

Conversation 3: Amy coaches Anna and Zoe through a workout focused on posture, core activation, and back exercises, then introduces HIIT training with jump rope and resistance bands. The group agrees to try HIIT at a manageable intensity, emphasizes proper form, stretching, and recovery, and discusses increasing difficulty over time. Anna and Zoe reflect on muscle soreness, plan to tidy up, consider grabbing drinks, and discuss healthy eating options, indicating camaraderie beyond training.
[33] Anna: Amy, could you please give me the rope
[34] Anna: thank you, hmm is okay
[35] Zoe: uh
[36] Zoe: i think you should keep a specific rhythm
[36] Anna: em
[38] Amy: if you decide to complete i can be the referee and monitor
[38] Amy: the duration of each jump
[38] Zoe: hmm
[38] Anna: i just wonder
[38] Anna: which one could jump a longer time
[38] Anna: i reckon maybe you're the one who can jump the longest
[38] Zoe: maybe
[39] Anna: hmm
[39] Amy: your shoulders are rising
[48] Amy: you can start at a lower intensity and gradually
[48] Amy: increase duration and difficulty to adapt
[48] Zoe: fine
[48] Zoe: let's try
[48] Amy: thank you
[48] Amy: let's get into HIIT training
[52] Anna: your turn
[52] Zoe: hey me could you please grab towels for us to wipe
[52] Zoe: the sweat
[54] Amy: I never expected that rope skipping and elastic rope have such strong obvious effects.
[54] Zoe: It's such a short time.
[60] Zoe: and we can really stretch like every parts of our muscles
[60] Zoe: maybe we can try the other things
[60] Zoe: first
[60] Zoe: uh the bag
[61] Zoe: Do you think it is possible that you
[61] Zoe: And we can um find some drinks after
[61] Anna: Okay, of course
[61] Anna: I'd love to
[62] Zoe: so what kind of drinks do you like
[62] Anna: um since i drank my coffee today i prefer juice or soda yeah
[62] Zoe: hmm sounds refreshing
[62] Zoe: but today i already had coffee and protein powder
[62] Zoe: maybe i will have something like you
[63] Zoe: also i wonder if you're free this weekend
[63] Anna: okay of course i have time
[63] Zoe: since we are exercising
[63] Zoe: maybe we should choose some healthy food
[63] Anna: yeah of course
[63] Zoe: maybe not that fried chicken or something
[64] Anna: yeah more vegetables and fruits
[64] Zoe: oh what type of food
[64] Zoe: you prefer
[64] Anna: well
[64] Anna: i prefer
[65] Zoe: and also vegetables like
[65] Zoe: broccoli can help us to
[65] Zoe: insert more vitamin
[65] Zoe: hmm and also
[65] Zoe: do you have something
[65] Zoe: don't like to eat
[65] Anna: well maybe um
[68] Zoe: seems also
[68] Zoe: messy
[69] Zoe: oh
[69] Zoe: also I'm wondering if you are
[69] Zoe: always feel pressure a lot
[70] Anna: healthy
[70] Zoe: relax yeah
[70] Zoe: let's go
[70] Anna: let's go
[70] Zoe: oh i almost forgot

Conversation 1: They planned a workout where Anna focuses on core/abs and Zoe on back training, with Amy providing tailored exercise recommendations. Zoe requested no-sugar drinks, while Anna wanted a slightly sweetened, energy-boosting drink. They decided to avoid disposable cups and asked Amy to prepare the drinks in regular cups.
[3] Zoe: okay then and what kind of fitness supplements does the gym have
[3] Anna: this gym provide coffee and protein powder
[3] Zoe: hmm but i already had coffee this morning
[3] Zoe: so i don't want more
[3] Anna: i think i need some energy boosting supplement
[3] Zoe: hmm
[3] Zoe: Amy could you please prepare uh drinks for both of us
[4] Amy: okay
[4] Zoe: hmm and remember mine
[4] Zoe: shouldn't have any sugar
[4] Anna: mine need a little bit of sugar
[4] Anna: but not too much
[5] Zoe: and you know every ten cups means another tree cut down
[5] Anna: i see
[5] Zoe: Amy please prepare drinks in the cups

Conversation 2: Zoe requested that Amy handle washing the bottles, and Amy agreed. Anna and Zoe expressed gratitude, indicating a cooperative and appreciative tone among the group.
[8] Anna: thank you
[8] Zoe: thanks Amy could you wash the bottles for us
[8] Amy: okay

[Step 2] Evaluating semantic answer...
Action: [Answer]
Content: A no-sugar drink.
FINAL ANSWER (from graph):
A no-sugar drink.
Question: Do they have the same taste for drink?

[Step 1] Searching the graph...
Parse Query Output:
{
  "query_triple": [null, "taste for drink similarity", null, 0.1, 0.25, 0.1],
  "spatial_constraint": null,
  "speaker_strict": null,
  "allocation": {
    "k_high_level": 8,
    "k_low_level": 12,
    "k_conversations": 30,
    "total_k": 50,
    "reasoning": "Ambiguous 'they'. Use conversations to detect preferences stated by characters, some high-level edges for traits/preferences, and low-level edges for observed drink choices to compare similarity."
  }
}

Graph Search Results:
**High-Level Information (Character Attributes and Relationships): **

Character Attributes:
- Amy is: female (100), average build (100), dark hair in low ponytail (100), short-sleeve light gray ringer T-shirt with dark sleeves and front print (100), blue jeans (100), white sneakers (100)
- Zoe is: female (100), average build (100)

**Low-Level Information (Actions and Events): **

[3] coffee is already had by Zoe. (gym studio)
[3] Amy prepares drink. (gym studio)
[3] drink is for Zoe. (gym studio)
[3] drink is for Anna. (gym studio)
[4] Zoe adds reminder about Zoe's drink. (fitness studio)
[4] Zoe clarifies Zoe's drink. (fitness studio)
[4] Zoe's drink should have no sugar. (fitness studio)
[4] Anna specifies Anna's drink. (fitness studio)
[4] Anna's drink needs a little sugar. (fitness studio)
[4] Anna confirms preference. (fitness studio)
[5] Zoe asks to prepare drink. (fitness studio)
[6] orange-colored drink is in small plastic cup. (kitchen)

**Conversations: **

Conversation 3: Amy coaches Anna and Zoe through a workout focused on posture, core activation, and back exercises, then introduces HIIT training with jump rope and resistance bands. The group agrees to try HIIT at a manageable intensity, emphasizes proper form, stretching, and recovery, and discusses increasing difficulty over time. Anna and Zoe reflect on muscle soreness, plan to tidy up, consider grabbing drinks, and discuss healthy eating options, indicating camaraderie beyond training.
[28] Amy: your lower back focus on your back muscles
[28] Zoe: wow this is tougher than I expected
[29] Anna: It seems that our Amy have a very strict standard.
[29] Amy: Your shoulders are rising.
[29] Amy: Slightly relax them and focus on your back.
[38] Amy: if you decide to complete i can be the referee and monitor
[38] Amy: the duration of each jump
[38] Zoe: hmm
[38] Anna: i just wonder
[38] Anna: which one could jump a longer time
[60] Zoe: first
[60] Zoe: uh the bag
[61] Zoe: Do you think it is possible that you
[61] Zoe: And we can um find some drinks after
[61] Anna: Okay, of course
[61] Anna: I'd love to
[62] Zoe: so what kind of drinks do you like
[62] Anna: um since i drank my coffee today i prefer juice or soda yeah
[62] Zoe: hmm sounds refreshing
[62] Zoe: but today i already had coffee and protein powder
[62] Zoe: maybe i will have something like you
[63] Zoe: also i wonder if you're free this weekend
[63] Zoe: i'd also wanna ask you out to a very well restaurant
[63] Anna: okay of course i have time
[63] Zoe: since we are exercising
[63] Zoe: maybe we should choose some healthy food
[63] Anna: yeah of course
[63] Zoe: maybe not that fried chicken or something
[64] Anna: yeah more vegetables and fruits
[64] Zoe: oh what type of food
[64] Zoe: you prefer
[64] Anna: well
[64] Anna: i prefer
[64] Anna: like beef
[64] Anna: and with the vegetables
[64] Anna: and maybe some salad
[65] Zoe: insert more vitamin
[65] Zoe: hmm and also
[65] Zoe: do you have something
[65] Zoe: don't like to eat
[65] Anna: well maybe um
[65] Anna: the carrots I think
[66] Anna: the carrots i think
[66] Zoe: oh my god carrots is good for the eyes
[66] Anna: no i think it's has some strange smell i don't know yeah
[66] Anna: i don't like it
[66] Zoe: i think
[66] Zoe: it is sweet for me and healthy also
[66] Zoe: hmm also
[66] Anna: so what
[66] Anna: what do you prefer to eat
[66] Zoe: actually i still like eating junk food
[67] Anna: maybe we should tidy the place around us

Conversation 1: They planned a workout where Anna focuses on core/abs and Zoe on back training, with Amy providing tailored exercise recommendations. Zoe requested no-sugar drinks, while Anna wanted a slightly sweetened, energy-boosting drink. They decided to avoid disposable cups and asked Amy to prepare the drinks in regular cups.
[3] Amy: Zoe need to do back stress training including resistance, band stretches, rowing exercise and core stabilization.
[3] Zoe: okay then and what kind of fitness supplements does the gym have
[3] Anna: this gym provide coffee and protein powder
[3] Zoe: hmm but i already had coffee this morning
[3] Zoe: so i don't want more
[3] Anna: i think i need some energy boosting supplement
[3] Zoe: hmm
[3] Zoe: Amy could you please prepare uh drinks for both of us
[4] Amy: okay
[4] Zoe: hmm and remember mine
[4] Zoe: shouldn't have any sugar
[4] Anna: mine need a little bit of sugar
[4] Anna: but not too much
[4] Amy: got it
[4] Anna: otherwise it is too bitter
[4] Anna: why not use disposable cups
[4] Zoe: oh disposable cups are bad for the environment
[5] Zoe: and you know every ten cups means another tree cut down
[5] Anna: i see
[5] Zoe: Amy please prepare drinks in the cups

[Step 2] Evaluating semantic answer...
Action: [Answer]
Content: No, Anna prefers a slightly sweet drink while Zoe wants no sugar.
FINAL ANSWER (from graph):
No, Anna prefers a slightly sweet drink while Zoe wants no sugar.
Question: Who is more active in their relationship, Zoe or Anna?

[Step 1] Searching the graph...
Parse Query Output:
{
  "query_triple": ["<Zoe>", "relationship activity vs", "<Anna>", 0.95, 0.25, 0.95],
  "spatial_constraint": null,
  "speaker_strict": null,
  "allocation": {
    "k_high_level": 10,
    "k_low_level": 10,
    "k_conversations": 30,
    "total_k": 50,
    "reasoning": "Comparative relationship activity question—use high-level edges for traits/relationship roles, and conversations to assess engagement and initiative; a small portion of low-level edges to capture concrete actions that reflect activity."
  }
}

Graph Search Results:
**High-Level Information (Character Attributes and Relationships): **

Character Attributes:
- Anna is: female (100)

Character Relationships:
- Anna collaborates with Zoe (85)
- Anna cooperates with Zoe (85)
- Anna friendship and camaraderie with Zoe (80)
- Zoe influences decisions of Anna (75)
- Zoe provides guidance to Anna (80)
- Anna is appreciative toward Zoe (70)
- Anna shows friendship and camaraderie with Zoe (70)
- Zoe leads mildly over Anna (70)
- Anna trusts Zoe (70)

**Low-Level Information (Actions and Events): **

[3] Zoe asks Anna. (gym studio)
[4] Anna asks Zoe. (fitness studio)
[4] Zoe responds to Anna. (fitness studio)
[16] Zoe approaches Anna. (fitness studio)
[44] Anna responds to Zoe. (gym studio)
[64] Zoe asks Anna. (dance studio)
[65] Zoe asks Anna. (dance studio)
[66] Anna asks Zoe. (fitness studio)
[67] Zoe stands opposite Anna. (fitness studio)
[68] Zoe stands opposite Anna. (exercise studio)

**Conversations: **

Conversation 1: They planned a workout where Anna focuses on core/abs and Zoe on back training, with Amy providing tailored exercise recommendations. Zoe requested no-sugar drinks, while Anna wanted a slightly sweetened, energy-boosting drink. They decided to avoid disposable cups and asked Amy to prepare the drinks in regular cups.
[1] Zoe: hey Anna
[1] Zoe: uh so what's the focus of today's workout
[1] Anna: well based on our schedule
[3] Zoe: so i don't want more
[3] Anna: i think i need some energy boosting supplement
[3] Zoe: hmm
[3] Zoe: Amy could you please prepare uh drinks for both of us
[4] Amy: okay

Conversation 3: Amy coaches Anna and Zoe through a workout focused on posture, core activation, and back exercises, then introduces HIIT training with jump rope and resistance bands. The group agrees to try HIIT at a manageable intensity, emphasizes proper form, stretching, and recovery, and discusses increasing difficulty over time. Anna and Zoe reflect on muscle soreness, plan to tidy up, consider grabbing drinks, and discuss healthy eating options, indicating camaraderie beyond training.
[25] Amy: you just did a few more sets
[25] Amy: I'll go and help Zoe correct her posture first
[26] Zoe: thanks
[27] Amy: keep your shoulders
[27] Amy: relaxed elbows at ninety degrees and pull evenly
[27] Zoe: okay
[27] Amy: try stretching
[27] Amy: with one hand in a kneeling position
[33] Anna: Amy, could you please give me the rope
[34] Anna: thank you, hmm is okay
[35] Zoe: uh
[36] Zoe: i think you should keep a specific rhythm
[36] Anna: em
[36] Anna: i just wonder
[36] Anna: i just want to see who which one can jump a longer time
[36] Zoe: yeah
[36] Anna: i reckon that you're the one who jumped the longest
[37] Amy: Anna please stay light on your feet
[38] Amy: if you decide to complete i can be the referee and monitor
[38] Amy: the duration of each jump
[38] Zoe: hmm
[38] Anna: i just wonder
[38] Anna: which one could jump a longer time
[38] Anna: i reckon maybe you're the one who can jump the longest
[38] Zoe: maybe
[39] Anna: hmm
[39] Amy: your shoulders are rising
[39] Amy: slightly relax them and focus on your back
[39] Zoe: correct movement really
[39] Zoe: makes a difference
[39] Zoe: well shouldn't we do the final step
[39] Anna: but we need to stretch and relax our muscles to avoid any injuries
[40] Amy: okay let's start with back stretch
[40] Amy: please do it with me
[40] Amy: Zoe please do like that
[41] Amy: Anna please see my demonstration.
[42] Amy: Anna please see my demonstration
[43] Amy: okay let's get into abdominal stretch
[44] Zoe: thank you
[44] Zoe: wow
[44] Zoe: this workout felt really good
[44] Zoe: it was a little bit tiring
[44] Zoe: but i can really feel my back muscles burning
[44] Anna: yes especially the long part ah
[48] Amy: you can start at a lower intensity and gradually
[48] Amy: increase duration and difficulty to adapt
[48] Zoe: fine
[48] Zoe: let's try
[48] Amy: thank you
[50] Amy: keep the rhythm
[50] Amy: keep your legs light and avoid excessive bending of your knees
[50] Zoe: this is kind of tough
[50] Amy: please rest well
[50] Amy: keep your heart rate back to a reasonable range
[55] Amy: while shortening rest periods
[55] Amy: this will enhance the training effect
[55] Zoe: so let's have a more intensity
[55] Zoe: more strong intensity tomorrow
[56] Amy: please make sure to do proper stretching and relaxation
[56] Zoe: yeah
[56] Zoe: wow it's
[56] Zoe: today's workout is really a difficult task
[57] Zoe: now i can feel my arms sore and my legs and also
[57] Zoe: my abdominal areas
[57] Zoe: so exhausted
[57] Anna: totally agree
[58] Zoe: today really learned a lot
[58] Anna: yes
[58] Zoe: maybe we can ready to push ourselves again tomorrow yeah
[58] Anna: of course
[59] Anna: i think our Amy
[59] Anna: coach is very very effective and very
[59] Anna: responsible
[59] Anna: every suggestion she made was very effective
[60] Zoe: mm hmm yeah
[60] Zoe: and we can really stretch like every parts of our muscles
[60] Zoe: maybe we can try the other things
[60] Zoe: first
[60] Zoe: uh the bag
[61] Zoe: Do you think it is possible that you
[64] Anna: yeah more vegetables and fruits
[64] Zoe: oh what type of food
[64] Zoe: you prefer
[64] Anna: well
[64] Anna: i prefer
[66] Anna: no i think it's has some strange smell i don't know yeah
[66] Anna: i don't like it
[66] Zoe: i think
[66] Zoe: it is sweet for me and healthy also
[66] Zoe: hmm also
[66] Anna: so what
[66] Anna: what do you prefer to eat
[67] Anna: maybe we should tidy the place around us
[67] Zoe: yeah yeah that's it
[68] Zoe: much better
[68] Zoe: and the yoga pad
[68] Zoe: seems also
[68] Zoe: messy
[69] Zoe: oh
[69] Zoe: also I'm wondering if you are
[69] Zoe: always feel pressure a lot
[70] Anna: i guess yeah
[70] Zoe: yeah and exercise will be a good way to
[70] Anna: healthy
[70] Zoe: relax yeah
[70] Zoe: let's go
[70] Anna: let's go
[70] Zoe: oh i almost forgot

[Step 2] Evaluating semantic answer...
Action: [Answer]
Content: Zoe is more active in their relationship.
FINAL ANSWER (from graph):
Zoe is more active in their relationship.
Question: Who is more familiar with the healthy diet, Zoe or Anna?

[Step 1] Searching the graph...
Parse Query Output:
{
  "query_triple": ["<Zoe>", "familiar with", "healthy diet", 0.95, 0.3, 0.6],
  "spatial_constraint": null,
  "speaker_strict": null,
  "allocation": {
    "k_high_level": 9,
    "k_low_level": 16,
    "k_conversations": 25,
    "total_k": 50,
    "reasoning": "Comparative familiarity with a topic is a trait/knowledge query. Use high-level edges for expertise/attributes. Include low-level edges to capture concrete actions (e.g., cooking healthy meals, reading diet books). Use conversations to find explicit statements about knowledge or advice, enabling comparison between Zoe and Anna."
  }
}

Graph Search Results:
**High-Level Information (Character Attributes and Relationships): **

Character Attributes:
- Zoe is: female (100), off-screen speaker referenced by name (100), not fully visible (100), blue jeans (100)

Character Relationships:
- Amy coach-trainee dynamic with Zoe (95)
- Anna cooperates with Zoe (85)
- Zoe respects Amy (85)
- Amy cooperates with Zoe (80)
- Anna collaborates with Zoe (85)

**Low-Level Information (Actions and Events): **

[2] Zoe requests help creating training plan. (gym studio)
[3] drink is for Zoe. (gym studio)
[5] Zoe asks to prepare drink. (fitness studio)
[13] Zoe stands beside exercise mat. (fitness studio)
[14] Zoe faces pile of exercise gear. (exercise studio)
[47] Zoe picks up jump rope. (fitness studio)
[48] Zoe searches among workout gear. (fitness studio)
[63] Zoe comments about exercise. (exercise studio)
[63] Zoe suggests choosing healthy food. (exercise studio)
[64] Zoe comments about protein. (dance studio)
[65] Zoe talks about food. (dance studio)
[65] Zoe mentions vegetable. (dance studio)
[65] Zoe explains benefits of broccoli. (dance studio)
[65] Zoe speaks about vitamin. (dance studio)
[65] Zoe asks about food she dislikes. (dance studio)
[67] Zoe talks about Zoe's eating habit. (fitness studio)

**Conversations: **

Conversation 1: They planned a workout where Anna focuses on core/abs and Zoe on back training, with Amy providing tailored exercise recommendations. Zoe requested no-sugar drinks, while Anna wanted a slightly sweetened, energy-boosting drink. They decided to avoid disposable cups and asked Amy to prepare the drinks in regular cups.
[1] Zoe: hey Anna
[1] Zoe: uh so what's the focus of today's workout
[1] Anna: well based on our schedule
[3] Zoe: so i don't want more
[3] Anna: i think i need some energy boosting supplement
[3] Zoe: hmm
[3] Zoe: Amy could you please prepare uh drinks for both of us
[4] Amy: okay
[4] Zoe: hmm and remember mine
[4] Zoe: shouldn't have any sugar
[4] Anna: mine need a little bit of sugar
[4] Anna: but not too much

Conversation 3: Amy coaches Anna and Zoe through a workout focused on posture, core activation, and back exercises, then introduces HIIT training with jump rope and resistance bands. The group agrees to try HIIT at a manageable intensity, emphasizes proper form, stretching, and recovery, and discusses increasing difficulty over time. Anna and Zoe reflect on muscle soreness, plan to tidy up, consider grabbing drinks, and discuss healthy eating options, indicating camaraderie beyond training.
[38] Anna: i reckon maybe you're the one who can jump the longest
[38] Zoe: maybe
[39] Anna: hmm
[39] Amy: your shoulders are rising
[39] Amy: slightly relax them and focus on your back
[57] Anna: core strength
[57] Zoe: now i can feel my arms sore and my legs and also
[57] Zoe: my abdominal areas
[57] Zoe: so exhausted
[57] Anna: totally agree
[58] Zoe: today really learned a lot
[58] Anna: yes
[58] Zoe: maybe we can ready to push ourselves again tomorrow yeah
[58] Anna: of course
[59] Anna: i think our Amy
[59] Anna: coach is very very effective and very
[59] Anna: responsible
[59] Anna: every suggestion she made was very effective
[60] Zoe: mm hmm yeah
[63] Zoe: i'd also wanna ask you out to a very well restaurant
[63] Anna: okay of course i have time
[63] Zoe: since we are exercising
[63] Zoe: maybe we should choose some healthy food
[63] Anna: yeah of course
[63] Zoe: maybe not that fried chicken or something
[64] Anna: yeah more vegetables and fruits
[64] Zoe: oh what type of food
[64] Zoe: you prefer
[64] Anna: well
[64] Anna: i prefer
[64] Anna: and with the vegetables
[64] Anna: and maybe some salad
[64] Zoe: yeah beef is a very good resources of protein
[65] Anna: yes of course
[65] Zoe: and also vegetables like
[65] Zoe: broccoli can help us to
[65] Zoe: insert more vitamin
[65] Zoe: hmm and also
[65] Zoe: do you have something
[65] Zoe: don't like to eat
[65] Anna: well maybe um
[65] Anna: the carrots I think
[66] Anna: the carrots i think
[66] Zoe: oh my god carrots is good for the eyes
[66] Anna: no i think it's has some strange smell i don't know yeah
[66] Anna: i don't like it
[66] Zoe: i think
[66] Zoe: it is sweet for me and healthy also
[66] Zoe: hmm also
[66] Anna: so what
[66] Anna: what do you prefer to eat
[66] Zoe: actually i still like eating junk food
[67] Anna: maybe we should tidy the place around us
[67] Zoe: yeah yeah that's it
[68] Zoe: much better
[68] Zoe: and the yoga pad
[68] Zoe: seems also
[70] Anna: i guess yeah
[70] Zoe: yeah and exercise will be a good way to
[70] Anna: healthy
[70] Zoe: relax yeah
[70] Zoe: let's go

[Step 2] Evaluating semantic answer...
Action: [Answer]
Content: Zoe is more familiar with the healthy diet.
FINAL ANSWER (from graph):
Zoe is more familiar with the healthy diet.
Question: Do they both emphasize hygiene?

[Step 1] Searching the graph...
Parse Query Output:
{
  "query_triple": [null, "emphasizes hygiene", null, 0.1, 0.35, 0.1],
  "spatial_constraint": null,
  "speaker_strict": null,
  "allocation": {
    "k_high_level": 8,
    "k_low_level": 12,
    "k_conversations": 30,
    "total_k": 50,
    "reasoning": "The query is about whether both parties emphasize hygiene—a trait/stance best captured via high-level attributes and supporting dialogue. Without specified individuals, keep source/target null and prioritize conversations for evidence."
  }
}

Graph Search Results:
**High-Level Information (Character Attributes and Relationships): **

Character Attributes:
- Amy is: female (100), average build (100), dark hair in low ponytail (100), short-sleeve light gray ringer T-shirt with dark sleeves and front print (100), blue jeans (100), white sneakers (100)
- Zoe is: female (100), average build (100)

**Low-Level Information (Actions and Events): **

[54] Amy uses blue towel. (fitness studio)
[55] Amy holds blue towel. (gym studio)
[55] Amy lifts blue towel. (gym studio)
[55] Amy lifts to shoulder blue towel. (gym studio)
[55] Zoe folds pink towel. (gym studio)
[55] Amy rests on shoulder blue towel. (gym studio)
[55] Zoe raises slightly pink towel. (gym studio)
[55] Amy lowers blue towel. (gym studio)
[55] Zoe brings up near chest pink towel. (gym studio)
[55] Zoe rubs forearm with blue towel. (gym studio)
[55] Amy holds pink towel. (gym studio)
[63] Zoe suggests choosing healthy food. (exercise studio)

**Conversations: **

Conversation 3: Amy coaches Anna and Zoe through a workout focused on posture, core activation, and back exercises, then introduces HIIT training with jump rope and resistance bands. The group agrees to try HIIT at a manageable intensity, emphasizes proper form, stretching, and recovery, and discusses increasing difficulty over time. Anna and Zoe reflect on muscle soreness, plan to tidy up, consider grabbing drinks, and discuss healthy eating options, indicating camaraderie beyond training.
[10] Amy: Zoe you need to do warm up exercise.
[10] Amy: such as chest expansion and stretching.
[10] Amy: I will help Anna to correct her posture first.
[10] Zoe: okay no problem
[10] Anna: sounds great, let's get started
[12] Amy: your movements are still not standard enough
[12] Amy: next time focus more on abdominal activation
[12] Amy: and avoid using your arms too much
[13] Anna: it's really exhausting
[14] Anna: i think i need to have the rest
[25] Amy: okay Anna please repeat the movements
[25] Amy: you just did a few more sets
[25] Amy: I'll go and help Zoe correct her posture first
[26] Zoe: thanks
[27] Amy: keep your shoulders
[28] Amy: your lower back focus on your back muscles
[28] Zoe: wow this is tougher than I expected
[29] Anna: It seems that our Amy have a very strict standard.
[29] Amy: Your shoulders are rising.
[29] Amy: Slightly relax them and focus on your back.
[39] Amy: slightly relax them and focus on your back
[39] Zoe: correct movement really
[39] Zoe: makes a difference
[39] Zoe: well shouldn't we do the final step
[39] Anna: but we need to stretch and relax our muscles to avoid any injuries
[50] Amy: keep your heart rate back to a reasonable range
[50] Amy: and then get ready for the next training session
[50] Zoe: Amy could you please grab towels plus to wipe wipe the sweat
[51] Amy: for the next session
[51] Amy: please hold the elastic band
[51] Amy: stretch for fifteen seconds
[52] Anna: your turn
[52] Zoe: hey me could you please grab towels for us to wipe
[52] Zoe: the sweat
[54] Amy: I never expected that rope skipping and elastic rope have such strong obvious effects.
[54] Zoe: It's such a short time.
[54] Amy: That's the beauty of high intensity training, between difficulty exercise maximizes the workout efficiency.
[55] Amy: between difficulty exercise maximizes the works out efficiency
[55] Zoe: then how do we adjust the intensity of future sessions?
[55] Amy: gradually increase the duration of each exercise
[55] Amy: while shortening rest periods
[56] Zoe: wow it's
[56] Zoe: today's workout is really a difficult task
[57] Anna: yeah especially the
[57] Anna: core strength
[57] Zoe: now i can feel my arms sore and my legs and also
[57] Anna: totally agree
[58] Zoe: today really learned a lot
[58] Anna: yes
[58] Zoe: maybe we can ready to push ourselves again tomorrow yeah
[58] Anna: of course
[59] Zoe: but the most important thing today's workout i think will be
[59] Zoe: hmm take it slow
[59] Zoe: safety first
[59] Anna: i think our Amy
[59] Anna: coach is very very effective and very
[62] Zoe: so what kind of drinks do you like
[62] Anna: um since i drank my coffee today i prefer juice or soda yeah
[62] Zoe: hmm sounds refreshing
[62] Zoe: but today i already had coffee and protein powder
[62] Zoe: maybe i will have something like you
[63] Zoe: i'd also wanna ask you out to a very well restaurant
[63] Anna: okay of course i have time
[63] Zoe: since we are exercising
[63] Zoe: maybe we should choose some healthy food
[63] Anna: yeah of course
[63] Zoe: maybe not that fried chicken or something
[64] Anna: yeah more vegetables and fruits
[64] Zoe: oh what type of food
[64] Zoe: you prefer
[66] Anna: the carrots i think
[66] Zoe: oh my god carrots is good for the eyes
[66] Anna: no i think it's has some strange smell i don't know yeah
[66] Anna: i don't like it
[66] Zoe: i think
[66] Zoe: it is sweet for me and healthy also
[66] Zoe: hmm also
[66] Anna: so what
[66] Anna: what do you prefer to eat
[66] Zoe: actually i still like eating junk food
[67] Anna: maybe we should tidy the place around us
[67] Zoe: yeah yeah that's it
[68] Zoe: much better
[70] Anna: i guess yeah
[70] Zoe: yeah and exercise will be a good way to
[70] Anna: healthy
[70] Zoe: relax yeah
[70] Zoe: let's go

Conversation 2: Zoe requested that Amy handle washing the bottles, and Amy agreed. Anna and Zoe expressed gratitude, indicating a cooperative and appreciative tone among the group.
[8] Anna: thank you
[8] Zoe: thanks Amy could you wash the bottles for us
[8] Amy: okay

Conversation 1: They planned a workout where Anna focuses on core/abs and Zoe on back training, with Amy providing tailored exercise recommendations. Zoe requested no-sugar drinks, while Anna wanted a slightly sweetened, energy-boosting drink. They decided to avoid disposable cups and asked Amy to prepare the drinks in regular cups.
[1] Zoe: hey Anna
[1] Zoe: uh so what's the focus of today's workout
[1] Anna: well based on our schedule
[1] Anna: i wanted to do core strength
[1] Anna: especially abs
[1] Zoe: then i will do some back exercises and by the way
[2] Zoe: we can have Amy to check if our movements are standard
[2] Anna: yeah
[2] Amy: please tell me your specific training goals
[2] Zoe: then help us come up with a solid training plan
[2] Amy: today's recommended training is as follows
[2] Amy: Anna need to do core training
[2] Amy: including crunches
[2] Amy: stability ball abs
[2] Amy: Zoe need to do back stress training including resistance
[3] Amy: Zoe need to do back stress training including resistance, band stretches, rowing exercise and core stabilization.
[3] Zoe: okay then and what kind of fitness supplements does the gym have
[3] Anna: this gym provide coffee and protein powder
[3] Zoe: hmm but i already had coffee this morning
[3] Anna: i think i need some energy boosting supplement
[3] Zoe: hmm
[3] Zoe: Amy could you please prepare uh drinks for both of us
[4] Amy: okay
[4] Zoe: hmm and remember mine
[4] Amy: got it
[4] Anna: otherwise it is too bitter
[4] Anna: why not use disposable cups
[4] Zoe: oh disposable cups are bad for the environment
[5] Zoe: and you know every ten cups means another tree cut down
[5] Anna: i see

[Step 2] Evaluating semantic answer...
Action: [Answer]
Content: Yes, they both emphasize hygiene by asking Amy to wash the bottles.
FINAL ANSWER (from graph):
Yes, they both emphasize hygiene by asking Amy to wash the bottles.
Question: What drink should the robot bring to Anna?

[Step 1] Searching the graph...
Parse Query Output:
{
  "query_triple": ["<robot>", "should bring", "<Anna>", 0.9, 0.25, 0.95],
  "spatial_constraint": null,
  "speaker_strict": null,
  "allocation": {
    "k_high_level": 5,
    "k_low_level": 25,
    "k_conversations": 20,
    "total_k": 50,
    "reasoning": "Seeking which drink implies preference/instruction. Use low-level edges for actions like orders/serving, and conversations to capture requests from Anna or others. A small high-level budget in case of standing preferences."
  }
}

Graph Search Results:
**High-Level Information (Character Attributes and Relationships): **

Character Attributes:
- Anna is: female (100)

Character Relationships:
- Anna is cooperative with robot (70)
- robot assists Anna (65)
- Anna is client/trainee of robot (60)
- robot leads activity setup for Anna (60)

**Low-Level Information (Actions and Events): **

[8] Anna takes from robot. (fitness studio)
[12] Anna lowers herself to mat. (exercise studio)
[17] Anna keeps doing rep. (gym studio)
[21] Anna keeps elbow on mat. (yoga studio)
[21] Anna sits up on mat. (yoga studio)
[21] Anna sits on mat. (yoga studio)
[22] Anna shifts to hands on mat. (yoga studio)
[22] Anna looks down at mat. (yoga studio)
[22] Anna keeps elbow on mat. (yoga studio)
[23] Anna rests on mat. (fitness studio)
[23] Anna kneels upright on mat. (fitness studio)
[23] Anna resets hand on mat. (fitness studio)
[24] Anna lowers knee mat. (fitness studio)
[24] Anna sits upright mat. (fitness studio)
[25] Anna adjusts posture mat. (yoga studio)
[26] Anna lies back on mat. (gym studio)
[34] Anna stands near mirror. (exercise studio)
[65] Anna suggests carrot. (dance studio)
[67] Anna suggests plan. (fitness studio)
[67] Anna walks toward ball. (fitness studio)
[68] Anna gathers near mat. (exercise studio)
[68] Anna moves closer to mat. (exercise studio)
[69] Anna aligns block. (fitness studio)
[69] Anna continues sorting mat. (fitness studio)
[70] Anna step toward mirror. (dance studio)

**Conversations: **

Conversation 3: Amy coaches Anna and Zoe through a workout focused on posture, core activation, and back exercises, then introduces HIIT training with jump rope and resistance bands. The group agrees to try HIIT at a manageable intensity, emphasizes proper form, stretching, and recovery, and discusses increasing difficulty over time. Anna and Zoe reflect on muscle soreness, plan to tidy up, consider grabbing drinks, and discuss healthy eating options, indicating camaraderie beyond training.
[38] Anna: i reckon maybe you're the one who can jump the longest
[38] Zoe: maybe
[39] Anna: hmm
[39] Amy: your shoulders are rising
[39] Amy: slightly relax them and focus on your back
[57] Anna: totally agree
[58] Zoe: today really learned a lot
[58] Anna: yes
[58] Zoe: maybe we can ready to push ourselves again tomorrow yeah
[58] Anna: of course
[58] Zoe: but the most important thing today's workout I think will be
[59] Zoe: but the most important thing today's workout i think will be
[61] Anna: Okay, of course
[61] Anna: I'd love to
[62] Zoe: so what kind of drinks do you like
[62] Anna: um since i drank my coffee today i prefer juice or soda yeah
[62] Zoe: hmm sounds refreshing
[62] Zoe: but today i already had coffee and protein powder
[64] Anna: like beef
[64] Anna: and with the vegetables
[64] Anna: and maybe some salad
[64] Zoe: yeah beef is a very good resources of protein
[65] Anna: yes of course
[65] Zoe: don't like to eat
[65] Anna: well maybe um
[65] Anna: the carrots I think
[66] Anna: the carrots i think
[66] Zoe: oh my god carrots is good for the eyes
[66] Anna: no i think it's has some strange smell i don't know yeah
[66] Zoe: it is sweet for me and healthy also
[66] Zoe: hmm also
[66] Anna: so what
[66] Anna: what do you prefer to eat
[66] Zoe: actually i still like eating junk food
[67] Anna: maybe we should tidy the place around us
[70] Anna: i guess yeah
[70] Zoe: yeah and exercise will be a good way to
[70] Anna: healthy
[70] Zoe: relax yeah
[70] Zoe: let's go
[70] Anna: let's go
[70] Zoe: oh i almost forgot

Conversation 1: They planned a workout where Anna focuses on core/abs and Zoe on back training, with Amy providing tailored exercise recommendations. Zoe requested no-sugar drinks, while Anna wanted a slightly sweetened, energy-boosting drink. They decided to avoid disposable cups and asked Amy to prepare the drinks in regular cups.
[1] Zoe: hey Anna
[1] Zoe: uh so what's the focus of today's workout
[1] Anna: well based on our schedule
[3] Amy: Zoe need to do back stress training including resistance, band stretches, rowing exercise and core stabilization.
[3] Zoe: okay then and what kind of fitness supplements does the gym have
[3] Anna: this gym provide coffee and protein powder
[3] Zoe: hmm but i already had coffee this morning
[3] Zoe: so i don't want more
[3] Anna: i think i need some energy boosting supplement
[3] Zoe: hmm
[3] Zoe: Amy could you please prepare uh drinks for both of us
[4] Amy: okay
[4] Zoe: hmm and remember mine
[4] Zoe: shouldn't have any sugar
[4] Anna: mine need a little bit of sugar
[4] Anna: but not too much
[4] Amy: got it
[4] Anna: otherwise it is too bitter
[4] Anna: why not use disposable cups
[4] Zoe: oh disposable cups are bad for the environment
[5] Zoe: and you know every ten cups means another tree cut down
[5] Anna: i see
[5] Zoe: Amy please prepare drinks in the cups

[Step 2] Evaluating semantic answer...
Action: [Answer]
Content: A slightly sweet, energy-boosting drink prepared in a regular cup.
FINAL ANSWER (from graph):
A slightly sweet, energy-boosting drink prepared in a regular cup.
Question: Do Anna and Zoe both get tired in their first workout activity?

[Step 1] Searching the graph...
Parse Query Output:
{
  "query_triple": ["<Anna>", "gets tired in first workout activity", "<Zoe>", 0.95, 0.3, 0.95],
  "spatial_constraint": null,
  "speaker_strict": null,
  "allocation": {
    "k_high_level": 6,
    "k_low_level": 38,
    "k_conversations": 6,
    "total_k": 50,
    "reasoning": "Action/state verification about fatigue during a specific event (first workout). Prioritize low-level edges to find actions/states like 'works out', 'first workout', 'gets tired', timestamps. Limited high-level edges for character attributes if any. Minimal conversations in case someone states they are tired."
  }
}

Graph Search Results:
**High-Level Information (Character Attributes and Relationships): **

Character Relationships:
- Anna cooperates with Zoe (85)
- Anna collaborates with Zoe (85)
- Anna friendship and camaraderie with Zoe (80)
- Zoe provides guidance to Anna (80)
- Zoe influences decisions of Anna (75)
- Anna is appreciative toward Zoe (70)

**Low-Level Information (Actions and Events): **

[1] Zoe greets Anna. (fitness studio)
[2] Anna answers briefly to Zoe. (gym studio)
[3] Zoe turns toward Anna. (gym studio)
[4] Anna listens to Zoe. (fitness studio)
[4] Zoe responds to Anna. (fitness studio)
[5] Anna listens to Zoe. (fitness studio)
[11] Anna says Zoe. (fitness studio)
[12] Zoe watches Anna. (exercise studio)
[12] Zoe gives form cue to Anna. (exercise studio)
[12] Zoe observes closely Anna. (exercise studio)
[13] Zoe watches Anna. (fitness studio)
[13] Zoe gives guidance Anna. (fitness studio)
[13] Anna listens Zoe. (fitness studio)
[14] Zoe watches Anna. (exercise studio)
[14] Zoe turns back toward Anna. (exercise studio)
[16] Zoe approaches Anna. (fitness studio)
[44] Anna listens to Zoe. (gym studio)
[44] Anna responds to Zoe. (gym studio)
[60] Anna listens to Zoe. (exercise studio)
[60] Anna watches Zoe. (exercise studio)
[60] Anna observes Zoe. (exercise studio)
[64] Zoe asks Anna. (dance studio)
[64] Zoe agrees Anna. (dance studio)
[65] Anna listens to Zoe. (dance studio)
[65] Anna replies briefly to Zoe. (dance studio)
[65] Zoe asks Anna. (dance studio)
[66] Zoe listens to Anna. (fitness studio)
[66] Anna asks Zoe. (fitness studio)
[66] Zoe explains food preference to Anna. (fitness studio)
[67] Zoe follows Anna. (fitness studio)
[69] Zoe talks Anna. (fitness studio)
[69] Anna listens Zoe. (fitness studio)
[69] Zoe speaks Anna. (fitness studio)
[69] Anna responds with small hand motion Zoe. (fitness studio)
[69] Zoe continues talking Anna. (fitness studio)
[69] Zoe explains Anna. (fitness studio)
[70] Anna replies briefly to Zoe. (dance studio)
[70] Zoe tells to relax Anna. (dance studio)

**Conversations: **

Conversation 3: Amy coaches Anna and Zoe through a workout focused on posture, core activation, and back exercises, then introduces HIIT training with jump rope and resistance bands. The group agrees to try HIIT at a manageable intensity, emphasizes proper form, stretching, and recovery, and discusses increasing difficulty over time. Anna and Zoe reflect on muscle soreness, plan to tidy up, consider grabbing drinks, and discuss healthy eating options, indicating camaraderie beyond training.
[44] Zoe: wow
[44] Zoe: this workout felt really good
[44] Zoe: it was a little bit tiring
[44] Zoe: but i can really feel my back muscles burning
[44] Anna: yes especially the long part ah
[54] Amy: I never expected that rope skipping and elastic rope have such strong obvious effects.
[54] Zoe: It's such a short time.
[54] Zoe: I can really feel my muscles working and hearts racing.
[54] Amy: Yeah.
[54] Amy: That's the beauty of high intensity training, between difficulty exercise maximizes the workout efficiency.
[56] Zoe: yeah
[56] Zoe: wow it's
[56] Zoe: today's workout is really a difficult task
[57] Anna: yeah especially the
[57] Anna: core strength
[57] Zoe: now i can feel my arms sore and my legs and also
[57] Zoe: my abdominal areas
[57] Zoe: so exhausted
[57] Anna: totally agree
[58] Zoe: today really learned a lot
[63] Zoe: i'd also wanna ask you out to a very well restaurant
[63] Anna: okay of course i have time
[63] Zoe: since we are exercising
[63] Zoe: maybe we should choose some healthy food
[63] Anna: yeah of course

Conversation 1: They planned a workout where Anna focuses on core/abs and Zoe on back training, with Amy providing tailored exercise recommendations. Zoe requested no-sugar drinks, while Anna wanted a slightly sweetened, energy-boosting drink. They decided to avoid disposable cups and asked Amy to prepare the drinks in regular cups.
[1] Zoe: hey Anna
[1] Zoe: uh so what's the focus of today's workout
[1] Anna: well based on our schedule
[1] Anna: i wanted to do core strength

[Step 2] Evaluating semantic answer...
Action: [Answer]
Content: Yes, both Anna and Zoe felt tired during their first workout activity.
FINAL ANSWER (from graph):
Yes, both Anna and Zoe felt tired during their first workout activity.
Question: What kinds of fitness tools are used?

[Step 1] Searching the graph...
Parse Query Output:
{
  "query_triple": [null, "uses", "fitness tools", 0.1, 0.6, 0.6],
  "spatial_constraint": null,
  "speaker_strict": null,
  "allocation": {
    "k_high_level": 4,
    "k_low_level": 40,
    "k_conversations": 6,
    "total_k": 50,
    "reasoning": "Object/action query about tools being used; prioritize low-level edges to find specific usage actions and tool types. Minimal high-level and conversations as dialogue is unlikely to list tools."
  }
}

Graph Search Results:
**High-Level Information (Character Attributes and Relationships): **

Character Attributes:
- Amy is: knowledgeable about fitness and HIIT (92), supportive coach/trainer (95), average build (100), white sneakers (100)

**Low-Level Information (Actions and Events): **

[3] Amy gives training advice. (gym studio)
[5] Zoe lifts glass cup. (fitness studio)
[6] robot lifts closer to small plastic cup. (kitchen)
[7] robot lifts clear cup. (kitchen counter area)
[7] robot uses stick. (kitchen counter area)
[9] robot grips spigot. (gym studio)
[10] Zoe faces mirror. (exercise studio)
[11] Anna faces mirror. (fitness studio)
[11] Zoe faces mirror. (fitness studio)
[12] Zoe watches in mirror. (exercise studio)
[16] Zoe watches mirror. (fitness studio)
[18] Amy faces mirror. (exercise studio)
[20] Amy lifts arm. (gym studio)
[20] Amy lifts overhead repeatedly arm. (gym studio)
[22] Amy watches mirror. (yoga studio)
[22] Anna shifts to hands on mat. (yoga studio)
[22] Anna maintains forearm plank on mat. (yoga studio)
[25] Amy faces mirror. (yoga studio)
[25] Amy pauses demo. (yoga studio)
[27] Amy faces mirror. (fitness studio)
[28] Amy faces mirror. (gym studio)
[28] Amy exercises. (gym studio)
[32] Anna uses both hand. (fitness studio)
[35] Anna keeps taut at chest level band. (gym studio)
[37] Anna stretches band. (fitness studio)
[38] Anna lifts band. (fitness studio)
[43] Anna raises overhead to stretch arm. (gym studio)
[46] Amy uses both hand. (gym studio)
[51] Zoe lifts foam pad. (fitness studio)
[52] Zoe lifts Zoe's band. (fitness studio)
[52] Amy lifts pink band. (fitness studio)
[53] equipment is in storage area. (dance studio)
[55] Amy lifts blue towel. (gym studio)
[58] Amy stretches near mat. (dance studio)
[60] Zoe needs bag. (exercise studio)
[61] Amy lifts gray exercise mat. (fitness studio)
[68] Zoe lifts rolled grey yoga mat. (exercise studio)
[69] Anna lifts pink yoga block. (fitness studio)
[69] Zoe stacks item. (fitness studio)
[69] Anna stacks item. (fitness studio)

**Conversations: **

Conversation 1: They planned a workout where Anna focuses on core/abs and Zoe on back training, with Amy providing tailored exercise recommendations. Zoe requested no-sugar drinks, while Anna wanted a slightly sweetened, energy-boosting drink. They decided to avoid disposable cups and asked Amy to prepare the drinks in regular cups.
[1] Zoe: hey Anna
[1] Zoe: uh so what's the focus of today's workout
[1] Anna: well based on our schedule
[1] Anna: i wanted to do core strength
[2] Amy: Zoe need to do back stress training including resistance
[3] Amy: Zoe need to do back stress training including resistance, band stretches, rowing exercise and core stabilization.
[3] Zoe: okay then and what kind of fitness supplements does the gym have
[3] Anna: this gym provide coffee and protein powder
[3] Zoe: hmm but i already had coffee this morning

Conversation 3: Amy coaches Anna and Zoe through a workout focused on posture, core activation, and back exercises, then introduces HIIT training with jump rope and resistance bands. The group agrees to try HIIT at a manageable intensity, emphasizes proper form, stretching, and recovery, and discusses increasing difficulty over time. Anna and Zoe reflect on muscle soreness, plan to tidy up, consider grabbing drinks, and discuss healthy eating options, indicating camaraderie beyond training.
[45] Amy: HIIT alternates short bursts of intensity exercise with low intensity recovery
[45] Amy: period
[45] Amy: it's highly effective for boosting cardiovascular fitness
[46] Zoe: that sounds brutal not sure if we can keep up
[46] Amy: according to your physical data
[46] Amy: HIIT is suitable for your fitness level
[46] Amy: and can help you break through your current plateau
[46] Zoe: fine let's try
[46] Anna: sounds interesting i like it
[47] Amy: you can try alternating between fast jump
[47] Amy: rope and resistance band exercise
[47] Amy: thirty seconds per moments followed by fifteen seconds of rest
[47] Amy: this challenges both cardio and muscle endurance
[54] Amy: Yeah.
[54] Amy: That's the beauty of high intensity training, between difficulty exercise maximizes the workout efficiency.
[55] Amy: between difficulty exercise maximizes the works out efficiency
[55] Zoe: then how do we adjust the intensity of future sessions?
[55] Amy: gradually increase the duration of each exercise

[Step 2] Evaluating semantic answer...
Action: [Answer]
Content: Resistance bands, jump rope, yoga mats, foam pad, yoga block, and towels.
FINAL ANSWER (from graph):
Resistance bands, jump rope, yoga mats, foam pad, yoga block, and towels.
Question: Do they both find the workout useful?

[Step 1] Searching the graph...
Parse Query Output:
{
  "query_triple": [null, "finds workout useful", null, 0.1, 0.3, 0.1],
  "spatial_constraint": null,
  "speaker_strict": null,
  "allocation": {
    "k_high_level": 5,
    "k_low_level": 15,
    "k_conversations": 30,
    "total_k": 50,
    "reasoning": "The query asks about opinions ('useful') likely expressed in dialogue; 'they both' is ambiguous, so keep source/target null and rely on conversations to identify speakers agreeing about the workout. Some high-level edges may capture attitude traits; low-level edges for scenes mentioning workout usage."
  }
}

Graph Search Results:
**High-Level Information (Character Attributes and Relationships): **

Character Attributes:
- Amy is: female (100), average build (100), dark hair in low ponytail (100), short-sleeve light gray ringer T-shirt with dark sleeves and front print (100), blue jeans (100)

**Low-Level Information (Actions and Events): **

[1] Anna walks into gym area. (fitness studio)
[3] gym area is location of Anna. (gym studio)
[3] gym provision is topic of Anna. (gym studio)
[14] Zoe faces pile of exercise gear. (exercise studio)
[19] Amy instructs next exercise. (exercise studio)
[25] Anna looks toward pile of exercise equipment. (yoga studio)
[43] Anna stands in front of gym equipment. (gym studio)
[45] Amy adds HIIT is effective for cardiovascular fitness. (fitness studio)
[47] Zoe walks toward pile of exercise gear. (fitness studio)
[47] pile of exercise gear is against wall. (fitness studio)
[48] Zoe searches among workout gear. (fitness studio)
[60] Zoe walks to pile of exercise equipment. (exercise studio)
[63] Zoe comments about exercise. (exercise studio)
[64] Zoe remain standing near gym equipment. (dance studio)
[64] Anna remain standing near gym equipment. (dance studio)

**Conversations: **

Conversation 3: Amy coaches Anna and Zoe through a workout focused on posture, core activation, and back exercises, then introduces HIIT training with jump rope and resistance bands. The group agrees to try HIIT at a manageable intensity, emphasizes proper form, stretching, and recovery, and discusses increasing difficulty over time. Anna and Zoe reflect on muscle soreness, plan to tidy up, consider grabbing drinks, and discuss healthy eating options, indicating camaraderie beyond training.
[44] Zoe: thank you
[44] Zoe: wow
[44] Zoe: this workout felt really good
[44] Zoe: it was a little bit tiring
[44] Zoe: but i can really feel my back muscles burning
[44] Anna: yes especially the long part ah
[44] Anna: it's really my my chest
[45] Anna: my back is burning
[45] Amy: based on your performance today training was quite effective to further improve
[45] Amy: I suggest incorporating some high intensity interval training
[45] Amy: which is also called HIIT in future sessions
[45] Anna: HIIT exer? I never done that before
[45] Amy: HIIT alternates short bursts of intensity exercise with low intensity recovery
[45] Amy: period
[45] Amy: it's highly effective for boosting cardiovascular fitness
[46] Zoe: that sounds brutal not sure if we can keep up
[46] Amy: according to your physical data
[46] Amy: HIIT is suitable for your fitness level
[46] Amy: and can help you break through your current plateau
[46] Zoe: fine let's try
[46] Anna: sounds interesting i like it
[47] Amy: you can try alternating between fast jump
[47] Amy: rope and resistance band exercise
[47] Amy: thirty seconds per moments followed by fifteen seconds of rest
[47] Amy: this challenges both cardio and muscle endurance
[47] Zoe: thirty seconds per move with only fifteen seconds of rest that sounds brutal maybe we should skip it
[48] Amy: you can start at a lower intensity and gradually
[48] Zoe: let's try
[48] Amy: thank you
[48] Amy: let's get into HIIT training
[49] Amy: you can raise the height of your jumps
[49] Amy: a little bit and increase the intensity of your movements
[49] Amy: this way you can better
[49] Amy: exercise your heart and lungs
[50] Amy: keep the rhythm
[50] Amy: keep your legs light and avoid excessive bending of your knees
[54] Amy: I never expected that rope skipping and elastic rope have such strong obvious effects.
[54] Zoe: It's such a short time.
[54] Zoe: I can really feel my muscles working and hearts racing.
[54] Amy: Yeah.
[54] Amy: That's the beauty of high intensity training, between difficulty exercise maximizes the workout efficiency.
[55] Amy: between difficulty exercise maximizes the works out efficiency
[55] Zoe: then how do we adjust the intensity of future sessions?
[55] Amy: gradually increase the duration of each exercise
[55] Amy: while shortening rest periods
[55] Amy: this will enhance the training effect
[55] Zoe: so let's have a more intensity
[55] Zoe: more strong intensity tomorrow
[56] Zoe: yeah
[56] Zoe: wow it's
[56] Zoe: today's workout is really a difficult task
[57] Anna: yeah especially the
[57] Anna: core strength
[58] Zoe: maybe we can ready to push ourselves again tomorrow yeah
[58] Anna: of course
[58] Zoe: but the most important thing today's workout I think will be
[59] Zoe: but the most important thing today's workout i think will be
[59] Zoe: hmm take it slow
[59] Zoe: safety first
[63] Zoe: i'd also wanna ask you out to a very well restaurant
[63] Anna: okay of course i have time
[63] Zoe: since we are exercising
[63] Zoe: maybe we should choose some healthy food
[63] Anna: yeah of course
[69] Zoe: always feel pressure a lot
[70] Anna: i guess yeah
[70] Zoe: yeah and exercise will be a good way to
[70] Anna: healthy
[70] Zoe: relax yeah

Conversation 1: They planned a workout where Anna focuses on core/abs and Zoe on back training, with Amy providing tailored exercise recommendations. Zoe requested no-sugar drinks, while Anna wanted a slightly sweetened, energy-boosting drink. They decided to avoid disposable cups and asked Amy to prepare the drinks in regular cups.
[1] Zoe: hey Anna
[1] Zoe: uh so what's the focus of today's workout
[1] Anna: well based on our schedule
[1] Anna: i wanted to do core strength
[2] Amy: please tell me your specific training goals
[2] Amy: i can provide related suggestions
[2] Zoe: then help us come up with a solid training plan
[2] Amy: today's recommended training is as follows
[2] Amy: Anna need to do core training
[2] Amy: including crunches
[2] Amy: stability ball abs
[2] Amy: exercise and planks
[2] Amy: Zoe need to do back stress training including resistance
[3] Amy: Zoe need to do back stress training including resistance, band stretches, rowing exercise and core stabilization.
[3] Zoe: okay then and what kind of fitness supplements does the gym have
[3] Anna: this gym provide coffee and protein powder
[3] Zoe: hmm but i already had coffee this morning
[3] Zoe: so i don't want more

[Step 2] Evaluating semantic answer...
Action: [Answer]
Content: Yes, both Anna and Zoe found the workout useful.
FINAL ANSWER (from graph):
Yes, both Anna and Zoe found the workout useful.
Question: Is Zoe environmentally conscious

[Step 1] Searching the graph...
Parse Query Output:
{
  "query_triple": ["<Zoe>", "environmentally conscious", null, 0.95, 0.25, 0.1],
  "spatial_constraint": null,
  "speaker_strict": null,
  "allocation": {
    "k_high_level": 9,
    "k_low_level": 8,
    "k_conversations": 33,
    "total_k": 50,
    "reasoning": "Trait/attribute query about a character. Use high-level edges for character attributes, and conversations to find evidence (statements about values, actions). A small portion of low-level edges may reveal supporting behaviors (recycling, conserving energy)."
  }
}

Graph Search Results:
**High-Level Information (Character Attributes and Relationships): **

Character Attributes:
- Zoe is: environmentally conscious (90), female (100), not fully visible (100), white sneakers (100), blue jeans (100), short-sleeve light gray ringer T-shirt with dark sleeves and front print (100), average build (100), off-screen speaker referenced by name (100), dark hair in low ponytail (100)

**Low-Level Information (Actions and Events): **

[10] Zoe agrees. (exercise studio)
[12] Zoe observes closely Anna. (exercise studio)
[15] Zoe acknowledges request. (gym studio)
[49] Zoe acknowledges. (fitness studio)
[60] Anna observes Zoe. (exercise studio)
[63] Zoe suggests choosing healthy food. (exercise studio)
[67] Zoe thinks. (fitness studio)
[68] Zoe observes tidied corner. (exercise studio)

**Conversations: **

Conversation 1: They planned a workout where Anna focuses on core/abs and Zoe on back training, with Amy providing tailored exercise recommendations. Zoe requested no-sugar drinks, while Anna wanted a slightly sweetened, energy-boosting drink. They decided to avoid disposable cups and asked Amy to prepare the drinks in regular cups.
[3] Zoe: so i don't want more
[3] Anna: i think i need some energy boosting supplement
[3] Zoe: hmm
[3] Zoe: Amy could you please prepare uh drinks for both of us
[4] Amy: okay
[4] Anna: otherwise it is too bitter
[4] Anna: why not use disposable cups
[4] Zoe: oh disposable cups are bad for the environment
[5] Zoe: and you know every ten cups means another tree cut down
[5] Anna: i see
[5] Zoe: Amy please prepare drinks in the cups

Conversation 3: Amy coaches Anna and Zoe through a workout focused on posture, core activation, and back exercises, then introduces HIIT training with jump rope and resistance bands. The group agrees to try HIIT at a manageable intensity, emphasizes proper form, stretching, and recovery, and discusses increasing difficulty over time. Anna and Zoe reflect on muscle soreness, plan to tidy up, consider grabbing drinks, and discuss healthy eating options, indicating camaraderie beyond training.
[24] Anna: i'm done with it
[25] Anna: so hard
[25] Zoe: oh wow
[25] Zoe: Amy could you please bring the elastic rope for me
[25] Amy: okay Anna please repeat the movements
[25] Amy: you just did a few more sets
[25] Amy: I'll go and help Zoe correct her posture first
[26] Zoe: thanks
[27] Amy: keep your shoulders
[27] Amy: relaxed elbows at ninety degrees and pull evenly
[27] Zoe: okay
[27] Amy: try stretching
[27] Amy: with one hand in a kneeling position
[33] Anna: Amy, could you please give me the rope
[34] Anna: thank you, hmm is okay
[35] Zoe: uh
[36] Zoe: i think you should keep a specific rhythm
[36] Anna: em
[36] Anna: i just wonder
[36] Anna: i just want to see who which one can jump a longer time
[36] Zoe: yeah
[36] Anna: i reckon that you're the one who jumped the longest
[37] Amy: Anna please stay light on your feet
[38] Amy: if you decide to complete i can be the referee and monitor
[38] Amy: the duration of each jump
[38] Zoe: hmm
[38] Anna: i just wonder
[38] Anna: which one could jump a longer time
[38] Anna: i reckon maybe you're the one who can jump the longest
[38] Zoe: maybe
[39] Anna: hmm
[39] Amy: your shoulders are rising
[39] Amy: slightly relax them and focus on your back
[39] Zoe: correct movement really
[39] Zoe: makes a difference
[39] Zoe: well shouldn't we do the final step
[39] Anna: but we need to stretch and relax our muscles to avoid any injuries
[42] Amy: Anna please see my demonstration
[43] Amy: okay let's get into abdominal stretch
[44] Zoe: thank you
[44] Zoe: wow
[44] Zoe: this workout felt really good
[44] Zoe: it was a little bit tiring
[48] Amy: you can start at a lower intensity and gradually
[48] Amy: increase duration and difficulty to adapt
[48] Zoe: fine
[48] Zoe: let's try
[48] Amy: thank you
[52] Anna: your turn
[52] Zoe: hey me could you please grab towels for us to wipe
[52] Zoe: the sweat
[54] Amy: I never expected that rope skipping and elastic rope have such strong obvious effects.
[54] Zoe: It's such a short time.
[55] Zoe: more strong intensity tomorrow
[56] Amy: please make sure to do proper stretching and relaxation
[56] Zoe: yeah
[56] Zoe: wow it's
[56] Zoe: today's workout is really a difficult task
[57] Zoe: now i can feel my arms sore and my legs and also
[57] Zoe: my abdominal areas
[57] Zoe: so exhausted
[57] Anna: totally agree
[58] Zoe: today really learned a lot
[59] Zoe: but the most important thing today's workout i think will be
[59] Zoe: hmm take it slow
[59] Zoe: safety first
[59] Anna: i think our Amy
[59] Anna: coach is very very effective and very
[59] Anna: responsible
[59] Anna: every suggestion she made was very effective
[60] Zoe: mm hmm yeah
[60] Zoe: and we can really stretch like every parts of our muscles
[60] Zoe: maybe we can try the other things
[60] Zoe: first
[60] Zoe: uh the bag
[61] Zoe: Do you think it is possible that you
[61] Zoe: And we can um find some drinks after
[61] Anna: Okay, of course
[61] Anna: I'd love to
[62] Zoe: so what kind of drinks do you like
[62] Anna: um since i drank my coffee today i prefer juice or soda yeah
[62] Zoe: hmm sounds refreshing
[62] Zoe: but today i already had coffee and protein powder
[62] Zoe: maybe i will have something like you
[63] Anna: okay of course i have time
[63] Zoe: since we are exercising
[63] Zoe: maybe we should choose some healthy food
[63] Anna: yeah of course
[63] Zoe: maybe not that fried chicken or something
[64] Anna: yeah more vegetables and fruits
[64] Zoe: oh what type of food
[64] Zoe: you prefer
[64] Anna: well
[64] Anna: i prefer
[65] Zoe: broccoli can help us to
[65] Zoe: insert more vitamin
[65] Zoe: hmm and also
[65] Zoe: do you have something
[65] Zoe: don't like to eat
[65] Anna: well maybe um
[66] Anna: no i think it's has some strange smell i don't know yeah
[66] Anna: i don't like it
[66] Zoe: i think
[66] Zoe: it is sweet for me and healthy also
[66] Zoe: hmm also
[66] Anna: so what
[66] Anna: what do you prefer to eat
[67] Anna: maybe we should tidy the place around us
[67] Zoe: yeah yeah that's it
[68] Zoe: much better
[68] Zoe: and the yoga pad
[68] Zoe: seems also
[68] Zoe: messy
[69] Zoe: oh
[69] Zoe: also I'm wondering if you are
[69] Zoe: always feel pressure a lot

[Step 2] Evaluating semantic answer...
Action: [Answer]
Content: Yes, Zoe is environmentally conscious.
FINAL ANSWER (from graph):
Yes, Zoe is environmentally conscious.
Question: Did they both have some knowledge about workout?

[Step 1] Searching the graph...
Parse Query Output:
{
  "query_triple": [null, "knowledge about", "workout", 0.15, 0.25, 0.6],
  "spatial_constraint": null,
  "speaker_strict": null,
  "allocation": {
    "k_high_level": 8,
    "k_low_level": 12,
    "k_conversations": 30,
    "total_k": 50,
    "reasoning": "Ambiguous 'they both' implies checking whether two characters share knowledge on workout; use conversations to find mentions and evidence, some high-level edges for traits/expertise, and a smaller portion of low-level edges for actions indicating workout knowledge."
  }
}

Graph Search Results:
**High-Level Information (Character Attributes and Relationships): **

Character Attributes:
- Amy is: knowledgeable about fitness and HIIT (92), average build (100), supportive coach/trainer (95), white sneakers (100)
- Anna is: average build (100), white sneakers (100)
- Zoe is: average build (100), white sneakers (100)

**Low-Level Information (Actions and Events): **

[5] Zoe lifts glass cup. (fitness studio)
[12] Anna keeps exercising. (exercise studio)
[13] Anna does sit-up. (fitness studio)
[14] Zoe squats. (exercise studio)
[20] Amy lifts arm. (gym studio)
[28] Amy exercises. (gym studio)
[31] Amy keeps exercising. (fitness studio)
[38] Anna lifts band. (fitness studio)
[42] Anna starts exercising. (dance studio)
[50] Amy stops exercising. (exercise studio)
[52] Amy stops exercise. (fitness studio)
[69] Anna squats. (fitness studio)

**Conversations: **

Conversation 1: They planned a workout where Anna focuses on core/abs and Zoe on back training, with Amy providing tailored exercise recommendations. Zoe requested no-sugar drinks, while Anna wanted a slightly sweetened, energy-boosting drink. They decided to avoid disposable cups and asked Amy to prepare the drinks in regular cups.
[1] Zoe: hey Anna
[1] Zoe: uh so what's the focus of today's workout
[1] Anna: well based on our schedule
[1] Anna: i wanted to do core strength
[1] Anna: especially abs
[1] Zoe: then i will do some back exercises and by the way
[2] Zoe: we can have Amy to check if our movements are standard
[2] Anna: yeah
[2] Amy: please tell me your specific training goals
[2] Amy: i can provide related suggestions
[2] Zoe: then help us come up with a solid training plan
[2] Amy: today's recommended training is as follows
[2] Amy: Anna need to do core training
[2] Amy: including crunches
[2] Amy: stability ball abs
[2] Amy: exercise and planks
[2] Amy: Zoe need to do back stress training including resistance
[3] Amy: Zoe need to do back stress training including resistance, band stretches, rowing exercise and core stabilization.
[3] Zoe: okay then and what kind of fitness supplements does the gym have
[3] Anna: this gym provide coffee and protein powder
[3] Zoe: hmm but i already had coffee this morning
[3] Zoe: so i don't want more

Conversation 3: Amy coaches Anna and Zoe through a workout focused on posture, core activation, and back exercises, then introduces HIIT training with jump rope and resistance bands. The group agrees to try HIIT at a manageable intensity, emphasizes proper form, stretching, and recovery, and discusses increasing difficulty over time. Anna and Zoe reflect on muscle soreness, plan to tidy up, consider grabbing drinks, and discuss healthy eating options, indicating camaraderie beyond training.
[10] Amy: Zoe you need to do warm up exercise.
[10] Amy: such as chest expansion and stretching.
[10] Amy: I will help Anna to correct her posture first.
[44] Zoe: thank you
[44] Zoe: wow
[44] Zoe: this workout felt really good
[44] Zoe: it was a little bit tiring
[44] Zoe: but i can really feel my back muscles burning
[45] Anna: my back is burning
[45] Amy: based on your performance today training was quite effective to further improve
[45] Amy: I suggest incorporating some high intensity interval training
[45] Amy: which is also called HIIT in future sessions
[45] Anna: HIIT exer? I never done that before
[45] Amy: HIIT alternates short bursts of intensity exercise with low intensity recovery
[45] Amy: period
[45] Amy: it's highly effective for boosting cardiovascular fitness
[46] Zoe: that sounds brutal not sure if we can keep up
[46] Amy: according to your physical data
[46] Amy: HIIT is suitable for your fitness level
[46] Amy: and can help you break through your current plateau
[46] Zoe: fine let's try
[46] Anna: sounds interesting i like it
[47] Amy: you can try alternating between fast jump
[47] Amy: rope and resistance band exercise
[47] Amy: thirty seconds per moments followed by fifteen seconds of rest
[47] Amy: this challenges both cardio and muscle endurance
[47] Zoe: thirty seconds per move with only fifteen seconds of rest that sounds brutal maybe we should skip it
[48] Amy: you can start at a lower intensity and gradually
[48] Zoe: let's try
[48] Amy: thank you
[48] Amy: let's get into HIIT training
[49] Amy: you can raise the height of your jumps
[49] Amy: a little bit and increase the intensity of your movements
[50] Amy: please rest well
[50] Amy: keep your heart rate back to a reasonable range
[50] Amy: and then get ready for the next training session
[50] Zoe: Amy could you please grab towels plus to wipe wipe the sweat
[51] Amy: for the next session
[54] Amy: I never expected that rope skipping and elastic rope have such strong obvious effects.
[54] Zoe: It's such a short time.
[54] Zoe: I can really feel my muscles working and hearts racing.
[54] Amy: Yeah.
[54] Amy: That's the beauty of high intensity training, between difficulty exercise maximizes the workout efficiency.
[55] Amy: between difficulty exercise maximizes the works out efficiency
[55] Zoe: then how do we adjust the intensity of future sessions?
[55] Amy: gradually increase the duration of each exercise
[56] Zoe: yeah
[56] Zoe: wow it's
[56] Zoe: today's workout is really a difficult task
[57] Anna: yeah especially the
[57] Anna: core strength
[57] Zoe: now i can feel my arms sore and my legs and also
[57] Zoe: my abdominal areas
[58] Zoe: maybe we can ready to push ourselves again tomorrow yeah
[58] Anna: of course
[58] Zoe: but the most important thing today's workout I think will be
[59] Zoe: but the most important thing today's workout i think will be
[59] Zoe: hmm take it slow
[59] Zoe: safety first
[63] Zoe: i'd also wanna ask you out to a very well restaurant
[63] Anna: okay of course i have time
[63] Zoe: since we are exercising
[63] Zoe: maybe we should choose some healthy food
[63] Anna: yeah of course

[Step 2] Evaluating semantic answer...
Action: [Answer]
Content: Yes, both Amy and the others discussed workout plans and techniques, indicating they had some knowledge about workouts.
FINAL ANSWER (from graph):
Yes, both Amy and the others discussed workout plans and techniques, indicating they had some knowledge about workouts.
Question: Did they have a skipping contest finally?

[Step 1] Searching the graph...
Parse Query Output:
{
  "query_triple": [null, "skipping contest", "?", 0.1, 0.3, 0.2],
  "spatial_constraint": null,
  "speaker_strict": null,
  "allocation": {
    "k_high_level": 5,
    "k_low_level": 35,
    "k_conversations": 10,
    "total_k": 50,
    "reasoning": "Yes/no about a specific event/activity. No named characters; prioritize low-level action/state edges to detect if a skipping contest occurred, with some conversations for mentions/plans and minimal high-level."
  }
}

Graph Search Results:
**High-Level Information (Character Attributes and Relationships): **

Character Attributes:
- Zoe is: female (100), average build (100), dark hair in low ponytail (100), short-sleeve light gray ringer T-shirt with dark sleeves and front print (100), blue jeans (100)

**Low-Level Information (Actions and Events): **

[13] Anna prepares for sit-up. (fitness studio)
[13] Anna performs sit-up. (fitness studio)
[14] Anna performs sit-up. (exercise studio)
[16] Zoe continues doing rhythmic arm motion. (fitness studio)
[17] Anna continues sit-up. (gym studio)
[19] Amy instructs next exercise. (exercise studio)
[27] Amy suggests stretching variation. (fitness studio)
[31] Anna performs sit-up. (fitness studio)
[33] robot picks up jump rope. (gym studio)
[33] robot holds jump rope. (gym studio)
[33] robot sets jump rope. (gym studio)
[33] jump rope is on equipment pile. (gym studio)
[34] Amy picks up corded jump rope. (exercise studio)
[34] corded jump rope is from floor. (exercise studio)
[34] Amy hands jump rope handle. (exercise studio)
[34] Amy grips jump rope handle. (exercise studio)
[34] Amy swings in front of corded jump rope. (exercise studio)
[34] Amy turns corded jump rope. (exercise studio)
[34] Amy lowers to side corded jump rope. (exercise studio)
[37] Amy holds jump rope. (fitness studio)
[37] Zoe suggests rope skipping contest. (fitness studio)
[37] Amy offers to monitor contest. (fitness studio)
[38] Amy holds corded jump rope with blue-handled grip. (fitness studio)
[38] Amy explains duration of each jump. (fitness studio)
[38] Amy starts practicing jump-rope footwork. (fitness studio)
[38] Amy begins steady jump. (fitness studio)
[47] Zoe picks up jump rope. (fitness studio)
[47] jump rope is from pile. (fitness studio)
[47] Zoe hands jump rope. (fitness studio)
[47] jump rope is to Amy. (fitness studio)
[47] Amy accepts jump rope. (fitness studio)
[47] Amy holds up jump rope. (fitness studio)
[47] Amy holds jump rope. (fitness studio)
[51] Zoe swings jump rope. (fitness studio)
[63] Zoe comments about exercise. (exercise studio)

**Conversations: **

Conversation 3: Amy coaches Anna and Zoe through a workout focused on posture, core activation, and back exercises, then introduces HIIT training with jump rope and resistance bands. The group agrees to try HIIT at a manageable intensity, emphasizes proper form, stretching, and recovery, and discusses increasing difficulty over time. Anna and Zoe reflect on muscle soreness, plan to tidy up, consider grabbing drinks, and discuss healthy eating options, indicating camaraderie beyond training.
[32] Amy: want to add more challenge
[32] Anna: i wanna try ropes
[32] Anna: skipping to exercise my function of heart and lungs
[33] Anna: Amy, could you please give me the rope
[34] Anna: thank you, hmm is okay
[36] Anna: yeah
[36] Anna: i just wonder
[36] Anna: i just want to see who which one can jump a longer time
[36] Zoe: yeah
[36] Anna: i reckon that you're the one who jumped the longest
[37] Amy: Anna please stay light on your feet
[37] Amy: don't overbend your knees and keep a steady rhythm
[37] Amy: keep smiling during the jump
[37] Amy: avoid tension and master the rhythm
[37] Zoe: maybe we should run a rope skipping contest yeah
[37] Anna: yeah
[37] Amy: if you decide to complete I can be the referee and monitor
[38] Amy: if you decide to complete i can be the referee and monitor
[38] Amy: the duration of each jump
[38] Zoe: hmm
[38] Anna: i just wonder
[38] Anna: which one could jump a longer time
[38] Anna: i reckon maybe you're the one who can jump the longest
[38] Zoe: maybe
[39] Anna: hmm
[46] Zoe: fine let's try
[46] Anna: sounds interesting i like it
[47] Amy: you can try alternating between fast jump
[47] Amy: rope and resistance band exercise
[47] Amy: thirty seconds per moments followed by fifteen seconds of rest
[47] Amy: this challenges both cardio and muscle endurance
[47] Zoe: thirty seconds per move with only fifteen seconds of rest that sounds brutal maybe we should skip it
[48] Amy: you can start at a lower intensity and gradually
[48] Amy: increase duration and difficulty to adapt
[52] Zoe: hey me could you please grab towels for us to wipe
[52] Zoe: the sweat
[54] Amy: I never expected that rope skipping and elastic rope have such strong obvious effects.
[54] Zoe: It's such a short time.
[54] Zoe: I can really feel my muscles working and hearts racing.

[Step 2] Evaluating semantic answer...
Action: [Answer]
Content: Yes, they decided to try a rope skipping contest.
FINAL ANSWER (from graph):
Yes, they decided to try a rope skipping contest.
Question: Is Anna willing to take challenges?

[Step 1] Searching the graph...
Parse Query Output:
{
  "query_triple": ["<Anna>", "willing to take challenges", null, 0.95, 0.25, 0.1],
  "spatial_constraint": null,
  "speaker_strict": null,
  "allocation": {
    "k_high_level": 9,
    "k_low_level": 6,
    "k_conversations": 35,
    "total_k": 50,
    "reasoning": "Trait/attitude query. Use high-level edges for character attributes; conversations to find explicit statements about willingness or hesitance; a small number of low-level edges for evidence via actions demonstrating taking on challenges."
  }
}

Graph Search Results:
**High-Level Information (Character Attributes and Relationships): **

Character Attributes:
- Anna is: female (100), white sneakers (100), average build (100), grey loose pants (100), dark hair in low ponytail (100), black T-shirt with cartoon print (100), motivated and willing to try challenges (80), goal-oriented (90)

Character Relationships:
- Amy coach-trainee dynamic with Anna (95)

**Low-Level Information (Actions and Events): **

[8] Anna steps forward. (fitness studio)
[10] Amy will help Anna. (exercise studio)
[16] Zoe approaches Anna. (fitness studio)
[20] Anna looks forward. (gym studio)
[44] Anna accepts small cup. (gym studio)
[70] Anna agrees to go. (dance studio)

**Conversations: **

Conversation 3: Amy coaches Anna and Zoe through a workout focused on posture, core activation, and back exercises, then introduces HIIT training with jump rope and resistance bands. The group agrees to try HIIT at a manageable intensity, emphasizes proper form, stretching, and recovery, and discusses increasing difficulty over time. Anna and Zoe reflect on muscle soreness, plan to tidy up, consider grabbing drinks, and discuss healthy eating options, indicating camaraderie beyond training.
[10] Amy: I will help Anna to correct her posture first.
[10] Zoe: okay no problem
[10] Anna: sounds great, let's get started
[11] Amy: remember don't rely on momentum engage your abs
[11] Amy: tuck your chin slightly and avoid straining your neck
[12] Anna: okay
[12] Amy: your movements are still not standard enough
[12] Amy: next time focus more on abdominal activation
[12] Amy: and avoid using your arms too much
[13] Anna: it's really exhausting
[14] Anna: i think i need to have the rest
[15] Anna: ah finished
[17] Amy: keep your back stable
[17] Amy: avoid swaying and maintain core tension
[17] Anna: wow this is so hard
[18] Anna: i have to take a rest
[19] Anna: finished
[19] Amy: next let's do planks for core stability
[20] Amy: keep your back flat
[21] Anna: i'm too exhausted
[21] Anna: i'm just take a rest
[22] Anna: I can do it again.
[23] Anna: okay i finished
[23] Amy: if you want more challenge increase hold time or try side planks
[23] Anna: okay i'll try
[23] Amy: lift your hips keep a straight line from head to toe
[24] Amy: and avoid dropping your waist
[24] Anna: hah it is so hard
[24] Anna: i'm done with it
[25] Anna: so hard
[25] Zoe: oh wow
[25] Zoe: Amy could you please bring the elastic rope for me
[28] Amy: your lower back focus on your back muscles
[28] Zoe: wow this is tougher than I expected
[29] Anna: It seems that our Amy have a very strict standard.
[29] Amy: Your shoulders are rising.
[29] Amy: Slightly relax them and focus on your back.
[29] Anna: Okay.
[30] Amy: do a few more sets of what you just did
[30] Amy: and then you can have a rest
[32] Anna: i improved a lot
[32] Amy: glad to see your progress
[32] Amy: want to add more challenge
[32] Anna: i wanna try ropes
[32] Anna: skipping to exercise my function of heart and lungs
[33] Anna: Amy, could you please give me the rope
[36] Anna: em
[36] Zoe: i'm think tired
[36] Anna: yeah
[36] Anna: i just wonder
[36] Anna: i just want to see who which one can jump a longer time
[37] Amy: avoid tension and master the rhythm
[37] Zoe: maybe we should run a rope skipping contest yeah
[37] Anna: yeah
[37] Amy: if you decide to complete I can be the referee and monitor
[38] Amy: if you decide to complete i can be the referee and monitor
[38] Anna: i reckon maybe you're the one who can jump the longest
[38] Zoe: maybe
[39] Anna: hmm
[39] Amy: your shoulders are rising
[39] Amy: slightly relax them and focus on your back
[46] Amy: and can help you break through your current plateau
[46] Zoe: fine let's try
[46] Anna: sounds interesting i like it
[47] Amy: you can try alternating between fast jump
[47] Amy: rope and resistance band exercise
[51] Amy: please hold the elastic band
[51] Amy: stretch for fifteen seconds
[52] Anna: your turn
[52] Zoe: hey me could you please grab towels for us to wipe
[52] Zoe: the sweat
[56] Zoe: today's workout is really a difficult task
[57] Anna: yeah especially the
[57] Anna: core strength
[57] Zoe: now i can feel my arms sore and my legs and also
[57] Zoe: my abdominal areas
[57] Anna: totally agree
[58] Zoe: today really learned a lot
[58] Anna: yes
[58] Zoe: maybe we can ready to push ourselves again tomorrow yeah
[58] Anna: of course
[58] Zoe: but the most important thing today's workout I think will be
[59] Zoe: but the most important thing today's workout i think will be
[59] Anna: i think our Amy
[59] Anna: coach is very very effective and very
[59] Anna: responsible
[59] Anna: every suggestion she made was very effective
[60] Zoe: mm hmm yeah
[61] Zoe: Do you think it is possible that you
[61] Zoe: And we can um find some drinks after
[61] Anna: Okay, of course
[61] Anna: I'd love to
[62] Zoe: so what kind of drinks do you like
[62] Anna: um since i drank my coffee today i prefer juice or soda yeah
[63] Zoe: also i wonder if you're free this weekend
[63] Zoe: i'd also wanna ask you out to a very well restaurant
[63] Anna: okay of course i have time
[63] Zoe: since we are exercising
[63] Zoe: maybe we should choose some healthy food
[63] Anna: yeah of course
[63] Zoe: maybe not that fried chicken or something
[64] Anna: yeah more vegetables and fruits
[64] Zoe: oh what type of food
[64] Zoe: you prefer
[64] Anna: well
[64] Anna: i prefer
[64] Anna: like beef
[64] Anna: and maybe some salad
[64] Zoe: yeah beef is a very good resources of protein
[65] Anna: yes of course
[65] Zoe: and also vegetables like
[65] Zoe: broccoli can help us to
[65] Zoe: do you have something
[65] Zoe: don't like to eat
[65] Anna: well maybe um
[65] Anna: the carrots I think
[66] Anna: the carrots i think
[66] Zoe: it is sweet for me and healthy also
[66] Zoe: hmm also
[66] Anna: so what
[66] Anna: what do you prefer to eat
[66] Zoe: actually i still like eating junk food
[69] Zoe: also I'm wondering if you are
[69] Zoe: always feel pressure a lot
[70] Anna: i guess yeah
[70] Zoe: yeah and exercise will be a good way to
[70] Anna: healthy
[70] Zoe: relax yeah
[70] Zoe: let's go
[70] Anna: let's go
[70] Zoe: oh i almost forgot

Conversation 1: They planned a workout where Anna focuses on core/abs and Zoe on back training, with Amy providing tailored exercise recommendations. Zoe requested no-sugar drinks, while Anna wanted a slightly sweetened, energy-boosting drink. They decided to avoid disposable cups and asked Amy to prepare the drinks in regular cups.
[1] Zoe: then i will do some back exercises and by the way
[2] Zoe: we can have Amy to check if our movements are standard
[2] Anna: yeah
[2] Amy: please tell me your specific training goals
[2] Amy: i can provide related suggestions
[4] Zoe: shouldn't have any sugar
[4] Anna: mine need a little bit of sugar
[4] Anna: but not too much
[4] Amy: got it
[4] Anna: otherwise it is too bitter

[Step 2] Evaluating semantic answer...
Action: [Answer]
Content: Yes, Anna is willing to take challenges.
FINAL ANSWER (from graph):
Yes, Anna is willing to take challenges.
✓ Updated results.json for gym_04 (13 questions)
✓ Cleaned up video and frames for gym_04

============================================================
Processing video: study_02
============================================================
Downloading 1 video(s) to data/videos...

Downloading study_02.mp4...
✓ Successfully downloaded study_02.mp4 to data/videos/study_02.mp4

============================================================
Download Summary:
  Successful: 1/1
============================================================

============================================================
[1/1] Processing: study_02
============================================================
Video: data/videos/study_02.mp4
Subtitles: data/subtitles/robot/study_02.srt
Output: data/frames/study_02
============================================================

Parsing subtitle file: data/subtitles/robot/study_02.srt
Found 434 subtitle entries
Video: 1280x720, 30.00 FPS, 54289 frames, 1809.63s duration

Extracting frames with subtitles...
Grouping frames into folders of 30 frames each
  Saved 10 frames (up to 9s, folder 1)
  Saved 20 frames (up to 19s, folder 1)
  Saved 30 frames (up to 29s, folder 1)
  Saved 40 frames (up to 39s, folder 2)
  Saved 50 frames (up to 49s, folder 2)
  Saved 60 frames (up to 59s, folder 2)
  Saved 70 frames (up to 69s, folder 3)
  Saved 80 frames (up to 79s, folder 3)
  Saved 90 frames (up to 89s, folder 3)
  Saved 100 frames (up to 99s, folder 4)
  Saved 110 frames (up to 109s, folder 4)
  Saved 120 frames (up to 119s, folder 4)
  Saved 130 frames (up to 129s, folder 5)
  Saved 140 frames (up to 139s, folder 5)
  Saved 150 frames (up to 149s, folder 5)
  Saved 160 frames (up to 159s, folder 6)
  Saved 170 frames (up to 169s, folder 6)
  Saved 180 frames (up to 179s, folder 6)
  Saved 190 frames (up to 189s, folder 7)
  Saved 200 frames (up to 199s, folder 7)
  Saved 210 frames (up to 209s, folder 7)
  Saved 220 frames (up to 219s, folder 8)
  Saved 230 frames (up to 229s, folder 8)
  Saved 240 frames (up to 239s, folder 8)
  Saved 250 frames (up to 249s, folder 9)
  Saved 260 frames (up to 259s, folder 9)
  Saved 270 frames (up to 269s, folder 9)
  Saved 280 frames (up to 279s, folder 10)
  Saved 290 frames (up to 289s, folder 10)
  Saved 300 frames (up to 299s, folder 10)
  Saved 310 frames (up to 309s, folder 11)
  Saved 320 frames (up to 319s, folder 11)
  Saved 330 frames (up to 329s, folder 11)
  Saved 340 frames (up to 339s, folder 12)
  Saved 350 frames (up to 349s, folder 12)
  Saved 360 frames (up to 359s, folder 12)
  Saved 370 frames (up to 369s, folder 13)
  Saved 380 frames (up to 379s, folder 13)
  Saved 390 frames (up to 389s, folder 13)
  Saved 400 frames (up to 399s, folder 14)
  Saved 410 frames (up to 409s, folder 14)
  Saved 420 frames (up to 419s, folder 14)
  Saved 430 frames (up to 429s, folder 15)
  Saved 440 frames (up to 439s, folder 15)
  Saved 450 frames (up to 449s, folder 15)
  Saved 460 frames (up to 459s, folder 16)
  Saved 470 frames (up to 469s, folder 16)
  Saved 480 frames (up to 479s, folder 16)
  Saved 490 frames (up to 489s, folder 17)
  Saved 500 frames (up to 499s, folder 17)
  Saved 510 frames (up to 509s, folder 17)
  Saved 520 frames (up to 519s, folder 18)
  Saved 530 frames (up to 529s, folder 18)
  Saved 540 frames (up to 539s, folder 18)
  Saved 550 frames (up to 549s, folder 19)
  Saved 560 frames (up to 559s, folder 19)
  Saved 570 frames (up to 569s, folder 19)
  Saved 580 frames (up to 579s, folder 20)
  Saved 590 frames (up to 589s, folder 20)
  Saved 600 frames (up to 599s, folder 20)
  Saved 610 frames (up to 609s, folder 21)
  Saved 620 frames (up to 619s, folder 21)
  Saved 630 frames (up to 629s, folder 21)
  Saved 640 frames (up to 639s, folder 22)
  Saved 650 frames (up to 649s, folder 22)
  Saved 660 frames (up to 659s, folder 22)
  Saved 670 frames (up to 669s, folder 23)
  Saved 680 frames (up to 679s, folder 23)
  Saved 690 frames (up to 689s, folder 23)
  Saved 700 frames (up to 699s, folder 24)
  Saved 710 frames (up to 709s, folder 24)
  Saved 720 frames (up to 719s, folder 24)
  Saved 730 frames (up to 729s, folder 25)
  Saved 740 frames (up to 739s, folder 25)
  Saved 750 frames (up to 749s, folder 25)
  Saved 760 frames (up to 759s, folder 26)
  Saved 770 frames (up to 769s, folder 26)
  Saved 780 frames (up to 779s, folder 26)
  Saved 790 frames (up to 789s, folder 27)
  Saved 800 frames (up to 799s, folder 27)
  Saved 810 frames (up to 809s, folder 27)
  Saved 820 frames (up to 819s, folder 28)
  Saved 830 frames (up to 829s, folder 28)
  Saved 840 frames (up to 839s, folder 28)
  Saved 850 frames (up to 849s, folder 29)
  Saved 860 frames (up to 859s, folder 29)
  Saved 870 frames (up to 869s, folder 29)
  Saved 880 frames (up to 879s, folder 30)
  Saved 890 frames (up to 889s, folder 30)
  Saved 900 frames (up to 899s, folder 30)
  Saved 910 frames (up to 909s, folder 31)
  Saved 920 frames (up to 919s, folder 31)
  Saved 930 frames (up to 929s, folder 31)
  Saved 940 frames (up to 939s, folder 32)
  Saved 950 frames (up to 949s, folder 32)
  Saved 960 frames (up to 959s, folder 32)
  Saved 970 frames (up to 969s, folder 33)
  Saved 980 frames (up to 979s, folder 33)
  Saved 990 frames (up to 989s, folder 33)
  Saved 1000 frames (up to 999s, folder 34)
  Saved 1010 frames (up to 1009s, folder 34)
  Saved 1020 frames (up to 1019s, folder 34)
  Saved 1030 frames (up to 1029s, folder 35)
  Saved 1040 frames (up to 1039s, folder 35)
  Saved 1050 frames (up to 1049s, folder 35)
  Saved 1060 frames (up to 1059s, folder 36)
  Saved 1070 frames (up to 1069s, folder 36)
  Saved 1080 frames (up to 1079s, folder 36)
  Saved 1090 frames (up to 1089s, folder 37)
  Saved 1100 frames (up to 1099s, folder 37)
  Saved 1110 frames (up to 1109s, folder 37)
  Saved 1120 frames (up to 1119s, folder 38)
  Saved 1130 frames (up to 1129s, folder 38)
  Saved 1140 frames (up to 1139s, folder 38)
  Saved 1150 frames (up to 1149s, folder 39)
  Saved 1160 frames (up to 1159s, folder 39)
  Saved 1170 frames (up to 1169s, folder 39)
  Saved 1180 frames (up to 1179s, folder 40)
  Saved 1190 frames (up to 1189s, folder 40)
  Saved 1200 frames (up to 1199s, folder 40)
  Saved 1210 frames (up to 1209s, folder 41)
  Saved 1220 frames (up to 1219s, folder 41)
  Saved 1230 frames (up to 1229s, folder 41)
  Saved 1240 frames (up to 1239s, folder 42)
  Saved 1250 frames (up to 1249s, folder 42)
  Saved 1260 frames (up to 1259s, folder 42)
  Saved 1270 frames (up to 1269s, folder 43)
  Saved 1280 frames (up to 1279s, folder 43)
  Saved 1290 frames (up to 1289s, folder 43)
  Saved 1300 frames (up to 1299s, folder 44)
  Saved 1310 frames (up to 1309s, folder 44)
  Saved 1320 frames (up to 1319s, folder 44)
  Saved 1330 frames (up to 1329s, folder 45)
  Saved 1340 frames (up to 1339s, folder 45)
  Saved 1350 frames (up to 1349s, folder 45)
  Saved 1360 frames (up to 1359s, folder 46)
  Saved 1370 frames (up to 1369s, folder 46)
  Saved 1380 frames (up to 1379s, folder 46)
  Saved 1390 frames (up to 1389s, folder 47)
  Saved 1400 frames (up to 1399s, folder 47)
  Saved 1410 frames (up to 1409s, folder 47)
  Saved 1420 frames (up to 1419s, folder 48)
  Saved 1430 frames (up to 1429s, folder 48)
  Saved 1440 frames (up to 1439s, folder 48)
  Saved 1450 frames (up to 1449s, folder 49)
  Saved 1460 frames (up to 1459s, folder 49)
  Saved 1470 frames (up to 1469s, folder 49)
  Saved 1480 frames (up to 1479s, folder 50)
  Saved 1490 frames (up to 1489s, folder 50)
  Saved 1500 frames (up to 1499s, folder 50)
  Saved 1510 frames (up to 1509s, folder 51)
  Saved 1520 frames (up to 1519s, folder 51)
  Saved 1530 frames (up to 1529s, folder 51)
  Saved 1540 frames (up to 1539s, folder 52)
  Saved 1550 frames (up to 1549s, folder 52)
  Saved 1560 frames (up to 1559s, folder 52)
  Saved 1570 frames (up to 1569s, folder 53)
  Saved 1580 frames (up to 1579s, folder 53)
  Saved 1590 frames (up to 1589s, folder 53)
  Saved 1600 frames (up to 1599s, folder 54)
  Saved 1610 frames (up to 1609s, folder 54)
  Saved 1620 frames (up to 1619s, folder 54)
  Saved 1630 frames (up to 1629s, folder 55)
  Saved 1640 frames (up to 1639s, folder 55)
  Saved 1650 frames (up to 1649s, folder 55)
  Saved 1660 frames (up to 1659s, folder 56)
  Saved 1670 frames (up to 1669s, folder 56)
  Saved 1680 frames (up to 1679s, folder 56)
  Saved 1690 frames (up to 1689s, folder 57)
  Saved 1700 frames (up to 1699s, folder 57)
  Saved 1710 frames (up to 1709s, folder 57)
  Saved 1720 frames (up to 1719s, folder 58)
  Saved 1730 frames (up to 1729s, folder 58)
  Saved 1740 frames (up to 1739s, folder 58)
  Saved 1750 frames (up to 1749s, folder 59)
  Saved 1760 frames (up to 1759s, folder 59)
  Saved 1770 frames (up to 1769s, folder 59)
  Saved 1780 frames (up to 1779s, folder 60)
  Saved 1790 frames (up to 1789s, folder 60)
  Saved 1800 frames (up to 1799s, folder 60)
  Saved 1810 frames (up to 1809s, folder 61)

✓ Extracted 1810 frames to data/frames/study_02

✓ Successfully processed study_02: 1810 frames saved
--------------------------------
Processing folder:  data/frames/study_02/1
Inserted 33 triples into graph for clip 1
--------------------------------
Processing folder:  data/frames/study_02/2
Inserted 15 triples into graph for clip 2
--------------------------------
Processing folder:  data/frames/study_02/3
Inserted 33 triples into graph for clip 3
--------------------------------
Processing folder:  data/frames/study_02/4
Inserted 25 triples into graph for clip 4
--------------------------------
Processing folder:  data/frames/study_02/5
Inserted 30 triples into graph for clip 5
--------------------------------
Processing folder:  data/frames/study_02/6
Inserted 27 triples into graph for clip 6
--------------------------------
Processing folder:  data/frames/study_02/7
Inserted 31 triples into graph for clip 7
--------------------------------
Processing folder:  data/frames/study_02/8
Inserted 39 triples into graph for clip 8
--------------------------------
Processing folder:  data/frames/study_02/9
Inserted 40 triples into graph for clip 9
--------------------------------
Processing folder:  data/frames/study_02/10
Inserted 25 triples into graph for clip 10
--------------------------------
Processing folder:  data/frames/study_02/11
Inserted 34 triples into graph for clip 11
--------------------------------
Processing folder:  data/frames/study_02/12
Inserted 29 triples into graph for clip 12
--------------------------------
Processing folder:  data/frames/study_02/13
Inserted 28 triples into graph for clip 13
--------------------------------
Processing folder:  data/frames/study_02/14
Inserted 15 triples into graph for clip 14
--------------------------------
Processing folder:  data/frames/study_02/15
Inserted 19 triples into graph for clip 15
--------------------------------
Processing folder:  data/frames/study_02/16
Inserted 23 triples into graph for clip 16
--------------------------------
Processing folder:  data/frames/study_02/17
Inserted 45 triples into graph for clip 17
--------------------------------
Processing folder:  data/frames/study_02/18
Inserted 23 triples into graph for clip 18
--------------------------------
Processing folder:  data/frames/study_02/19
Inserted 21 triples into graph for clip 19
--------------------------------
Processing folder:  data/frames/study_02/20
Inserted 12 triples into graph for clip 20
--------------------------------
Processing folder:  data/frames/study_02/21
Inserted 32 triples into graph for clip 21
--------------------------------
Processing folder:  data/frames/study_02/22
Inserted 24 triples into graph for clip 22
--------------------------------
Processing folder:  data/frames/study_02/23
Inserted 20 triples into graph for clip 23
--------------------------------
Processing folder:  data/frames/study_02/24
Inserted 22 triples into graph for clip 24
--------------------------------
Processing folder:  data/frames/study_02/25
Inserted 27 triples into graph for clip 25
--------------------------------
Processing folder:  data/frames/study_02/26
Inserted 23 triples into graph for clip 26
--------------------------------
Processing folder:  data/frames/study_02/27
Inserted 22 triples into graph for clip 27
--------------------------------
Processing folder:  data/frames/study_02/28
Inserted 21 triples into graph for clip 28
--------------------------------
Processing folder:  data/frames/study_02/29
Inserted 21 triples into graph for clip 29
--------------------------------
Processing folder:  data/frames/study_02/30
Inserted 26 triples into graph for clip 30
--------------------------------
Processing folder:  data/frames/study_02/31
Inserted 30 triples into graph for clip 31
--------------------------------
Processing folder:  data/frames/study_02/32
Extracting summary for completed conversation 1...
✓ Conversation summary extracted. Attributes: 10, Relationships: 6
Inserted 17 triples into graph for clip 32
--------------------------------
Processing folder:  data/frames/study_02/33
Inserted 21 triples into graph for clip 33
--------------------------------
Processing folder:  data/frames/study_02/34
Inserted 21 triples into graph for clip 34
--------------------------------
Processing folder:  data/frames/study_02/35
Inserted 22 triples into graph for clip 35
--------------------------------
Processing folder:  data/frames/study_02/36
Inserted 22 triples into graph for clip 36
--------------------------------
Processing folder:  data/frames/study_02/37
Inserted 23 triples into graph for clip 37
--------------------------------
Processing folder:  data/frames/study_02/38
Extracting summary for completed conversation 2...
✓ Conversation summary extracted. Attributes: 5, Relationships: 3
Inserted 12 triples into graph for clip 38
--------------------------------
Processing folder:  data/frames/study_02/39
Inserted 18 triples into graph for clip 39
--------------------------------
Processing folder:  data/frames/study_02/40
Inserted 12 triples into graph for clip 40
--------------------------------
Processing folder:  data/frames/study_02/41
Inserted 39 triples into graph for clip 41
--------------------------------
Processing folder:  data/frames/study_02/42
Inserted 26 triples into graph for clip 42
--------------------------------
Processing folder:  data/frames/study_02/43
Inserted 29 triples into graph for clip 43
--------------------------------
Processing folder:  data/frames/study_02/44
Inserted 33 triples into graph for clip 44
--------------------------------
Processing folder:  data/frames/study_02/45
Inserted 23 triples into graph for clip 45
--------------------------------
Processing folder:  data/frames/study_02/46
Inserted 27 triples into graph for clip 46
--------------------------------
Processing folder:  data/frames/study_02/47
Inserted 22 triples into graph for clip 47
--------------------------------
Processing folder:  data/frames/study_02/48
Inserted 27 triples into graph for clip 48
--------------------------------
Processing folder:  data/frames/study_02/49
Inserted 25 triples into graph for clip 49
--------------------------------
Processing folder:  data/frames/study_02/50
Inserted 19 triples into graph for clip 50
--------------------------------
Processing folder:  data/frames/study_02/51
Inserted 25 triples into graph for clip 51
--------------------------------
Processing folder:  data/frames/study_02/52
Inserted 23 triples into graph for clip 52
--------------------------------
Processing folder:  data/frames/study_02/53
Inserted 35 triples into graph for clip 53
--------------------------------
Processing folder:  data/frames/study_02/54
Inserted 27 triples into graph for clip 54
--------------------------------
Processing folder:  data/frames/study_02/55
Inserted 27 triples into graph for clip 55
--------------------------------
Processing folder:  data/frames/study_02/56
Inserted 27 triples into graph for clip 56
--------------------------------
Processing folder:  data/frames/study_02/57
Inserted 25 triples into graph for clip 57
--------------------------------
Processing folder:  data/frames/study_02/58
Inserted 38 triples into graph for clip 58
--------------------------------
Processing folder:  data/frames/study_02/59
Inserted 25 triples into graph for clip 59
--------------------------------
Processing folder:  data/frames/study_02/60
Inserted 24 triples into graph for clip 60
--------------------------------
Processing folder:  data/frames/study_02/61
Extracting summary for completed conversation 3...
✓ Conversation summary extracted. Attributes: 8, Relationships: 7
Inserted 30 triples into graph for clip 61
Inserting character appearances for 6 characters...
✓ Character appearances inserted: 29 appearance edges created
391 node embeddings inserted (7 characters, 384 objects)
1604 edge embeddings inserted
Generating character attributes...
Number of edges:  1604
Character attributes generated.
Number of edges:  1658
Character relationships generated.
Number of edges:  1717
✓ Graph memory built for study_02
Question: Is Richard a student?

[Step 1] Searching the graph...
Parse Query Output:
{
  "query_triple": ["<Richard>", "is a", "student", 0.95, 0.3, 0.6],
  "spatial_constraint": null,
  "speaker_strict": null,
  "allocation": {
    "k_high_level": 8,
    "k_low_level": 5,
    "k_conversations": 20,
    "total_k": 33,
    "reasoning": "Identity/attribute query; primarily a high-level character attribute. Some conversations may mention his status; low-level edges are minimally useful."
  }
}

Graph Search Results:
**High-Level Information (Character Attributes and Relationships): **

Character Relationships:
- Monica parent of Richard (95)
- Ross parent of Richard (95)
- Monica sets rules for Richard (90)
- Richard respects Monica (90)
- Richard respects Ross (90)
- Ross supports and mentors Richard (90)
- robot assists Richard (85)
- Monica is parent of Richard (95)

**Low-Level Information (Actions and Events): **

[13] Richard is at desk. (study room)
[37] Richard asks group. (attic office)
[42] Richard asks robot. (office)
[53] book is to Richard. (office)
[55] job belongs to Richard. (home office)

**Conversations: **

Conversation 3: A coffee spill prompts cleanup and a brief scare when a computer screen goes black, later resolved as a loose plug. Ross guides Richard through an English homework passage about battery charging limits, while Monica enforces completion before meals. They discuss a promotional slogan for a plant-based, gentle product, and end by deciding to go eat together.
[41] Richard: Oh I will find some tissues for you.
[41] Richard: I will help you, I will help you.
[41] Richard: Is that enough?
[41] Ross: We also need robot to help us.
[42] Richard: Help us to pack the tissues?
[42] Monica: To clean the table okay.
[42] Richard: Me?
[42] Richard: Okay. Hey robot, help us tidy up the table.
[42] Monica: Yes with the tissue.
[43] Richard: Oh God!
[43] Richard: Wow the screen is black.
[43] Richard: Is it broken?
[43] Ross: No I just changed it this year.
[43] Richard: How to repair it?
[44] Monica: So hey robot, give me the tissue.
[44] Monica: And help me clean the ground together.
[45] Richard: How about the computer?
[45] Ross: Oh my God, it turned out the plug was loose.
[45] Ross: Scared me to death. Oh my...
[46] Ross: I knew on my first day at my company that auto-save is a great invention.
[46] Richard: Okay, that would be great.
[46] Richard: Yeah.
[46] Monica: Yes.
[47] Richard: Well I'm completely awake now.
[48] Ross: Yeah hmm.
[48] Monica: Oh, Richard.
[48] Richard: Uh huh?
[48] Monica: You haven't finished your English work.
[48] Richard: Okay so let's do it. My English, my English work, okay.
[49] Ross: there are several physical and,
[49] Ross: mechanical limitations that prevent us from recharging batteries.
[49] Richard: Yes yes.
[49] Ross: Next sentence,
[49] Ross: Now look at this spot burned,
[51] Richard: And what can I do now?
[51] Monica: Hey Rachel give me that book, I wanna read that book.
[51] Richard: Okay, so.
[52] Monica: So, now you just do your homework.
[52] Ross: Don't worry I'll help you.
[52] Richard: So delicious, really!
[52] Monica: So maybe next time we can also buy this kind of ice cream if you like it.
[52] Richard: Okay.
[52] Monica: Uh huh. So...
[52] Richard: But I don't have money.
[53] Richard: Wait a minute. I've finished it. Check it,
[53] Ross: So great!
[53] Richard: Of course.
[54] Monica: Oh my God it's error.
[54] Richard: It's oral?
[54] Monica: How how could you?
[54] Monica: how could you finish in such...
[54] Ross: and your answer is obviously in paragraph 1,
[54] Ross: right?
[55] Richard: oh oh yes.
[55] Ross: Yeah you should check it.
[55] Ross: Then let's move to the second one.
[56] Ross: limited,
[56] Ross: battery size and capacity right?
[57] Richard: Yes.
[57] Ross: And the third one,
[57] Ross: which of the following,
[58] Ross: Now let's move to the final and one.
[59] Richard: The final is must be right.
[59] Richard: Hmm the question is
[59] Richard: who is the most beautiful girl in the world?
[59] Richard: So my answer is my mom.
[59] Monica: but it is it's not right for this question
[59] Richard: Okay the question,
[59] Richard: Is it me?
[59] Monica: Okay ah.
[59] Ross: After knowing your Grade in this part...

Conversation 1: Monica and Ross relax at home, set up a new speaker when their computer audio fails, and choose to watch a light Disney film instead of a complex one. Richard stops by to gather study materials and asks Monica about math concepts, while Ross receives an urgent task to create a concept poster; Monica helps brainstorm visuals (corgi, lavender, color scheme) and resources. The group coordinates quietly so Richard can browse books, and the robot assists with fetching items and organizing photos.
[17] Monica: Uh huh.
[17] Richard: I don't quite understand the concept of the domain and the range.
[17] Richard: so can you explain it to me?
[17] Richard: So maybe just get close to me.
[17] Richard: Why don't you move?
[18] Monica: So...
[18] Richard: Look at this question,
[18] Richard: Hmm I don't understand it.
[18] Monica: Question? hmm oh it's not, and it's not difficult...
[18] Monica: A function f(x) a rate of values for X is the domain,
[18] Monica: domain and the rate of values for y is the range.
[18] Richard: Is that okay?
[19] Monica: I, I forgot to put the photo album back.
[19] Monica: So hey robot put the photo album back.

Conversation 2: Richard jokes about bias and then decides to get ice cream from the refrigerator. Monica offers help and requests a torch-flavored ice cream, while Ross declines. Richard plans to fetch two ice creams and also mentions wanting grapes.
[36] Monica: I can go to help you.
[36] Richard: Oh it's just a joke, I wanna, uh, fetch some ice cream in the refrigerator.
[37] Richard: Do you want to eat?
[37] Monica: Hmm yes I wonder,
[37] Monica: torch ice-cream.
[37] Richard: Torch ice-cream. And what about dad?
[37] Ross: No I'm fine.
[37] Richard: Okay.
[37] Richard: I will get some ice cream.
[37] Richard: Hmm oh here's some grapes I wanna eat grape,

[Step 2] Evaluating semantic answer...
Action: [Answer]
Content: Yes, Richard is a student.
FINAL ANSWER (from graph):
Yes, Richard is a student.
Question: What's Ross's job?

[Step 1] Searching the graph...
Parse Query Output:
{
  "query_triple": ["<Ross>", "job", null, 0.95, 0.25, 0.1],
  "spatial_constraint": null,
  "speaker_strict": null,
  "allocation": {
    "k_high_level": 9,
    "k_low_level": 6,
    "k_conversations": 35,
    "total_k": 50,
    "reasoning": "Character attribute query about occupation. Use high-level edges for roles/traits, and conversations to capture explicit mentions or self-introductions; a small portion of low-level edges for scenes showing work-related actions."
  }
}

Graph Search Results:
**High-Level Information (Character Attributes and Relationships): **

Character Attributes:
- Ross is: male (100), short dark hair partly gray (100), average build (100), black track jacket with white stripes (100), helpful mentor (90), collaborative (90)

Character Relationships:
- Ross parent of Richard (95)
- Ross supports and mentors Richard (90)
- Richard respects Ross (90)

**Low-Level Information (Actions and Events): **

[4] Ross works. (home office)
[9] Ross continues working at laptop. (home office)
[11] Ross keeps working. (home office)
[26] Ross resumes working on laptop. (office)
[36] Ross works on tablet. (attic office)
[36] Ross works on laptop. (attic office)

**Conversations: **

Conversation 1: Monica and Ross relax at home, set up a new speaker when their computer audio fails, and choose to watch a light Disney film instead of a complex one. Richard stops by to gather study materials and asks Monica about math concepts, while Ross receives an urgent task to create a concept poster; Monica helps brainstorm visuals (corgi, lavender, color scheme) and resources. The group coordinates quietly so Richard can browse books, and the robot assists with fetching items and organizing photos.
[1] Ross: This is the house I most satisfied with.
[1] Monica: Hmm, oh I feel so tired.
[1] Ross: Come here.
[1] Monica: Okay.
[2] Ross: Come on.
[2] Monica: Okay thank you.
[2] Ross: Ah, and you've been working hard, recently writing papers and searching for references, right?
[3] Monica: so, maybe at this moment I just want to watch some Disney animated movies.
[3] Monica: The one with Snow Queen.
[3] Ross: Hmm okay.
[4] Ross: Hey robot please find the Snow Queen in my computer.
[4] robot: Okay.
[4] Ross: Okay thank you.
[4] Ross: And Monica why do you like this movie?
[4] Monica: Hmm that is because
[4] Monica: Annie and Elsa have a good relationship, it reminds me of my sister.
[5] Ross: Hmm.
[5] Monica: Yes.
[5] Ross: Oh, oh my god.
[5] Monica: What happened?
[5] Ross: Computer is out of sound and,
[5] Ross: watch this,
[5] Ross: Hmm hey robot, please take the bag out of the cabinet.
[6] Ross: Well let's use the new one and,
[7] Monica: once the computer will have no sounds today.
[8] Ross: Hmm yes let me connect it to my computer.
[8] Ross: It's okay.
[9] Monica: Hey Richard.
[9] Ross: Hey mother and father,
[9] Ross: I bought these gifts at my school gate. Try them!
[9] Ross: That's very sweet.
[9] Ross: I wanna find a desk.
[9] Monica: You need to find this yourself.
[9] Ross: Okay let me do myself.
[13] Monica: Hmm.
[13] Monica: So, I want organize some photos.
[13] Ross: Yeah.
[14] Monica: Oh I haven't looked at this photo album for a long time, so it feels like the photos are going to get dirty.
[14] Monica: Look, this was taken on my 20th birthday.
[16] robot: You can rescan and print it again.
[17] Monica: You have your phone rang.
[17] Ross: I answer these phone.
[17] Richard: Hey mom.
[17] Monica: Uh huh.
[21] Monica: you will know how to do it.
[21] Monica: Hey Ross,
[21] Ross: Hi
[21] Monica: Who made the call?
[21] Ross: It's my boss.
[21] Ross: He asked me to create a concept poster for Doctor School
[22] Ross: He asked me to create a concept poster for Doctor School.
[22] Ross: I still don't have any ideas.
[22] Monica: Hmm um it's okay I will help you.
[22] Ross: Okay.
[22] Monica: So, hey robot search for some post analysis on Ross's phone
[23] Monica: So Ross, where is your phone?
[23] Monica: How about a Corgi?
[23] Monica: Is that okay?
[23] Ross: Hmm let me think about it.
[23] Ross: Corgi. Oh yes.
[24] Ross: I think that that would be okay.
[25] Richard: Okay we can change your place mom.
[25] Monica: This place is close to your father.
[25] Ross: How about this?
[25] Monica: Hmm, maybe we can add some floating petals to highlight the...
[26] Monica: Hmm, maybe we can add some floating petals to highlight the natural ingredients of the, a shower of, the shower gym.
[26] Ross: Oh that's wonderful.
[26] Ross: Let me add the petals.
[26] Monica: Hmm okay.
[26] Ross: Thank you.
[26] Ross: Ah, the main elements stand out,
[27] Ross: the colors are unified,

Conversation 3: A coffee spill prompts cleanup and a brief scare when a computer screen goes black, later resolved as a loose plug. Ross guides Richard through an English homework passage about battery charging limits, while Monica enforces completion before meals. They discuss a promotional slogan for a plant-based, gentle product, and end by deciding to go eat together.
[45] Ross: Oh my God, it turned out the plug was loose.
[45] Ross: Scared me to death. Oh my...
[46] Ross: Let me...
[46] Ross: plug...
[46] Richard: Oh dad have you saved your script?
[46] Ross: Of course.
[46] Ross: I knew on my first day at my company that auto-save is a great invention.
[46] Richard: Okay, that would be great.
[48] Richard: How about this Logan you think?
[48] Ross: Oh excellent, that's my daughter.
[48] Ross: Yeah hmm.
[48] Monica: Oh, Richard.
[48] Richard: Uh huh?
[48] Richard: Okay so let's do it. My English, my English work, okay.
[48] Monica: Yes and just let your dad help you to finish it.
[48] Ross: Okay.
[49] Ross: Now of course let's do this part.
[49] Richard: Okay let's do this part.
[49] Richard: Can you read it to me dad?
[49] Richard: I wanna eat ice cream firstly.
[49] Ross: Oh God okay.
[49] Ross: Now let's look at the first paragraph, and for the time it takes to recharge a battery
[49] Ross: there are several physical and,
[50] Ross: a chain reaction that can result in a fire or explosion,
[50] Ross: Okay now I'm finished reading this part,
[50] Ross: you should answer the question.
[50] Richard: I I I don't want to do it,
[51] Richard: I don't want to do it.
[51] Richard: Okay, so.
[52] Monica: So, now you just do your homework.
[52] Ross: Don't worry I'll help you.
[52] Richard: So delicious, really!
[52] Monica: So maybe next time we can also buy this kind of ice cream if you like it.
[52] Richard: But I don't have money.
[52] Monica: Your dad has money.
[52] Ross: Yeah!
[52] Ross: I work so hard just to give you money,
[53] Ross: and give your mom money
[53] Monica: So, what do you want to have for the meal?
[53] Richard: Wait a minute. I've finished it. Check it,
[53] Ross: So great!
[53] Richard: Of course.
[54] Monica: Oh my God it's error.
[54] Monica: how could you finish in such...
[54] Ross: Your answers make me laugh you know.
[54] Ross: Oh my God.
[54] Ross: Look the first one,
[54] Richard: 1 + 1
[54] Ross: Yeah the underlined word reversing in paragraph two,
[54] Ross: and your answer is obviously in paragraph 1,
[54] Ross: right?
[55] Richard: oh oh yes.
[55] Ross: Yeah you should check it.
[55] Ross: for quick chatting is mentioned in paragraph 3,
[55] Ross: Hey, you can help her with this question.
[55] Ross: I think that is your job.
[55] Richard: Okay okay I think,
[55] Richard: maybe you should find a foreigner teacher for me.
[56] Richard: Hahahaha.
[56] Monica: Always have these skills.
[56] Ross: Yeah.
[56] Richard: I wanna talk with a foreigner not Chinese.
[56] Ross: So many requests!
[56] Richard: Hahahaha okay.
[56] Ross: Oh I know how to answer you.
[57] Ross: which of the following,
[57] Ross: cause charge polarization,
[57] Ross: hmm,
[57] Monica: Hey Richard, stop just eating.
[57] Richard: I'm laughing.
[57] Monica: Stop just eating and laughing.
[57] Ross: Stop laughing, this is serious task.
[57] Ross: Now tell me, which paragraph can you find the answer?
[58] Ross: Look seriously think a minute.
[58] Richard: The fourth, the fourth.
[58] Monica: Hmm is it right?
[58] Ross: Yeah that's good.
[58] Ross: Now let's move to the final and one.
[59] Richard: The final is must be right.

[Step 2] Evaluating semantic answer...
Action: [Search]
Content: [4, 9, 11, 26, 36, 45, 49, 50]
Summary: The graph shows Ross frequently working on a laptop/tablet in various home/office locations and handling tasks like creating a concept poster for "Doctor School," helping with English homework, and reacting to a loose plug. However, it does not specify Ross’s job title or profession; additional video context may reveal his occupation.

[Step 3] Watching video clips: [4, 9, 11, 26, 36, 45, 49, 50]

   Processing clip 4 (1/8)...
Question: How does Ross treat Monica‘s advice?

[Step 1] Searching the graph...
Parse Query Output:
{
  "query_triple": ["<Ross>", "treats", "Monica's advice", 0.95, 0.35, 0.7],
  "spatial_constraint": null,
  "speaker_strict": ["<Ross>", "<Monica>"],
  "allocation": {
    "k_high_level": 7,
    "k_low_level": 13,
    "k_conversations": 30,
    "total_k": 50,
    "reasoning": "Assessing attitude/response to advice benefits from dialogue (how he reacts verbally) plus some actions; include limited high-level traits/relationship edges."
  }
}

Graph Search Results:
**High-Level Information (Character Attributes and Relationships): **

Character Relationships:
- Monica collaborates with Ross (85)
- Monica romantic partner/spouse of Ross (85)
- Monica is romantic partner/spouse of Ross (95)
- Monica cooperates with Ross (90)
- Ross cooperates with Monica (70)
- Monica collaborates professionally with Ross (85)
- Monica has friendly attitude toward Ross (80)

**Low-Level Information (Actions and Events): **

[4] Ross asks Monica. (home office)
[8] Monica looks at Ross. (home office loft)
[9] Ross addresses Monica. (home office)
[12] Monica offers Ross. (office)
[12] Ross looks at Monica. (office)
[15] Ross looks at Monica. (home office living room)
[15] Ross compliments Monica. (home office living room)
[21] Monica asks Ross. (office)
[29] Monica asks Ross. (office)
[29] Ross replies to Monica. (office)
[52] Ross looks at Monica. (home office)
[53] Ross looks at Monica. (office)
[58] Monica asks Ross. (study room)

**Conversations: **

Conversation 1: Monica and Ross relax at home, set up a new speaker when their computer audio fails, and choose to watch a light Disney film instead of a complex one. Richard stops by to gather study materials and asks Monica about math concepts, while Ross receives an urgent task to create a concept poster; Monica helps brainstorm visuals (corgi, lavender, color scheme) and resources. The group coordinates quietly so Richard can browse books, and the robot assists with fetching items and organizing photos.
[1] Monica: Hmm, oh I feel so tired.
[1] Ross: Come here.
[1] Monica: Okay.
[2] Ross: Come on.
[2] Monica: Okay thank you.
[2] Ross: Ah, and you've been working hard, recently writing papers and searching for references, right?
[3] Monica: so, maybe at this moment I just want to watch some Disney animated movies.
[3] Monica: The one with Snow Queen.
[3] Ross: Hmm okay.
[4] Ross: Hey robot please find the Snow Queen in my computer.
[4] robot: Okay.
[4] Ross: Okay thank you.
[4] Ross: And Monica why do you like this movie?
[4] Monica: Hmm that is because
[4] Monica: Annie and Elsa have a good relationship, it reminds me of my sister.
[5] Ross: Hmm.
[5] Monica: Yes.
[5] Ross: Oh, oh my god.
[5] Monica: What happened?
[5] Ross: Computer is out of sound and,
[5] Ross: watch this,
[9] Ross: Hey mother and father,
[9] Ross: I bought these gifts at my school gate. Try them!
[9] Ross: That's very sweet.
[9] Ross: I wanna find a desk.
[9] Monica: You need to find this yourself.
[12] Monica: Oh.
[12] Monica: Have a rest.
[13] Monica: Hmm.
[13] Monica: So, I want organize some photos.
[13] Ross: Yeah.
[17] Ross: I answer these phone.
[17] Richard: Hey mom.
[17] Monica: Uh huh.
[17] Richard: I don't quite understand the concept of the domain and the range.
[17] Richard: so can you explain it to me?
[17] Richard: So maybe just get close to me.
[17] Richard: Why don't you move?
[18] Monica: So...
[18] Richard: Look at this question,
[18] Richard: Hmm I don't understand it.
[21] Monica: Ah, once you start learning about this chapter,
[21] Monica: you will know how to do it.
[21] Monica: Hey Ross,
[21] Ross: Hi
[21] Monica: Who made the call?
[22] Ross: I still don't have any ideas.
[22] Monica: Hmm um it's okay I will help you.
[22] Ross: Okay.
[22] Monica: So, hey robot search for some post analysis on Ross's phone
[23] Monica: So Ross, where is your phone?
[23] Monica: It's on the sofa. Okay.
[23] Monica: So maybe at first, let's find a suitable dog.
[23] Monica: How about a Corgi?
[23] Monica: Is that okay?
[23] Ross: Hmm let me think about it.
[23] Ross: Corgi. Oh yes.
[25] Richard: Okay we can change your place mom.
[25] Monica: This place is close to your father.
[25] Ross: How about this?
[25] Monica: Hmm, maybe we can add some floating petals to highlight the...
[26] Monica: Hmm, maybe we can add some floating petals to highlight the natural ingredients of the, a shower of, the shower gym.
[26] Ross: Oh that's wonderful.
[26] Ross: Let me add the petals.
[26] Monica: Hmm okay.
[26] Ross: Thank you.
[26] Ross: Ah, the main elements stand out,
[28] Monica: so hey robot, just find some plant materials,
[28] Monica: corresponding to the color produced by mixing pink and blue.
[29] Monica: OK.
[29] Monica: So have you used...
[29] Monica: So have you decided the scent of the shower gel?
[31] Ross: Hmm but uh I couldn't sleep yet,
[31] Ross: and I had to finish making this poster first.
[31] Monica: Hmm, so okay.
[31] Monica: Hey robot, give Ross a drink to help him sober up.

Conversation 3: A coffee spill prompts cleanup and a brief scare when a computer screen goes black, later resolved as a loose plug. Ross guides Richard through an English homework passage about battery charging limits, while Monica enforces completion before meals. They discuss a promotional slogan for a plant-based, gentle product, and end by deciding to go eat together.
[40] Richard: Thank you robot.
[41] Richard: Here's for you mom.
[41] Monica: Okay, so Ross, just have a try.
[41] Ross: Oh my God the coffee spilled.
[41] Richard: Oh I will find some tissues for you.
[46] Richard: Okay, that would be great.
[46] Richard: Yeah.
[46] Monica: Yes.
[47] Richard: Well I'm completely awake now.
[47] Monica: It seems that the coffee played its role in another aspect.
[48] Richard: Okay so let's do it. My English, my English work, okay.
[48] Monica: Yes and just let your dad help you to finish it.
[48] Ross: Okay.
[49] Ross: Now of course let's do this part.
[49] Richard: Okay let's do this part.
[51] Richard: I don't want to do it.
[51] Monica: We have to do it before we have the meal.
[51] Monica: Okay?
[51] Monica: Just finish.
[51] Richard: Mama can you help me to write this?
[51] Richard: Okay, so.
[52] Monica: So, now you just do your homework.
[52] Ross: Don't worry I'll help you.
[52] Richard: So delicious, really!
[52] Monica: So maybe next time we can also buy this kind of ice cream if you like it.
[52] Ross: Yeah!
[52] Ross: I work so hard just to give you money,
[53] Ross: and give your mom money
[53] Richard: Yes I want more than my mom.
[53] Ross: Okay then I need to stay up late to work more.
[54] Ross: Yeah the underlined word reversing in paragraph two,
[54] Ross: and your answer is obviously in paragraph 1,
[54] Ross: right?
[55] Richard: oh oh yes.
[55] Ross: Yeah you should check it.
[55] Richard: Hmm what limiting factor,
[55] Ross: for quick chatting is mentioned in paragraph 3,
[55] Ross: Hey, you can help her with this question.
[55] Ross: I think that is your job.
[55] Richard: Okay okay I think,
[58] Ross: Let us trust our child, she can do it.
[58] Richard: The fourth, the fourth.
[58] Monica: Hmm is it right?
[58] Ross: Yeah that's good.
[58] Ross: Now let's move to the final and one.

[Step 2] Evaluating semantic answer...
Action: [Answer]
Content: Ross is receptive and appreciative of Monica’s advice, often accepting her help and compliments.
FINAL ANSWER (from graph):
Ross is receptive and appreciative of Monica’s advice, often accepting her help and compliments.
Question: What does Ross and Richard think of Monica's appearance

[Step 1] Searching the graph...
Parse Query Output:
{
  "query_triple": ["<Ross>", "opinion about appearance of", "<Monica>", 0.95, 0.25, 0.95],
  "spatial_constraint": null,
  "speaker_strict": ["<Ross>", "<Richard>"],
  "allocation": {
    "k_high_level": 6,
    "k_low_level": 6,
    "k_conversations": 38,
    "total_k": 50,
    "reasoning": "Opinion about appearance is best captured via dialogue; include some high-level traits/relationships and a few low-level edges for any explicit comments or gestures."
  }
}

Graph Search Results:
**High-Level Information (Character Attributes and Relationships): **

Character Relationships:
- Monica is romantic partner/spouse of Ross (95)
- Monica romantic partner/spouse of Ross (85)
- Monica collaborates with Ross (85)
- Monica cooperates with Ross (90)
- Monica collaborates professionally with Ross (85)
- Monica has friendly attitude toward Ross (80)

**Low-Level Information (Actions and Events): **

[4] Ross glances at Monica. (home office)
[8] Monica looks at Ross. (home office loft)
[12] Ross looks at Monica. (office)
[15] Ross looks at Monica. (home office living room)
[52] Ross looks at Monica. (home office)
[53] Ross looks at Monica. (office)

**Conversations: **

Conversation 1: Monica and Ross relax at home, set up a new speaker when their computer audio fails, and choose to watch a light Disney film instead of a complex one. Richard stops by to gather study materials and asks Monica about math concepts, while Ross receives an urgent task to create a concept poster; Monica helps brainstorm visuals (corgi, lavender, color scheme) and resources. The group coordinates quietly so Richard can browse books, and the robot assists with fetching items and organizing photos.
[1] Monica: Every time when I come in I feel so wonderful.
[1] Ross: Hmm yeah I agree with you.
[1] Ross: Yeah, Richard, after the exam,
[1] Ross: I really don't want to move out.
[1] Ross: This is the house I most satisfied with.
[3] Monica: watch so mind-bending movies.
[3] Monica: so, maybe at this moment I just want to watch some Disney animated movies.
[3] Monica: The one with Snow Queen.
[3] Ross: Hmm okay.
[4] Ross: Hey robot please find the Snow Queen in my computer.
[4] robot: Okay.
[4] Ross: Okay thank you.
[4] Ross: And Monica why do you like this movie?
[4] Monica: Hmm that is because
[4] Monica: Annie and Elsa have a good relationship, it reminds me of my sister.
[5] Ross: Hmm.
[5] Monica: Yes.
[5] Ross: Oh, oh my god.
[5] Monica: What happened?
[5] Ross: Computer is out of sound and,
[5] Ross: watch this,
[7] Monica: Oh on the second floor of the bookcase.
[7] Monica: Fortunately when I went,
[7] Monica: when I went shopping with Richard last time,
[7] Monica: I happened to buy this new speaker,
[7] Monica: once the computer will have no sounds today.
[8] Ross: Hmm yes let me connect it to my computer.
[8] Ross: It's okay.
[9] Monica: Hey Richard.
[9] Ross: Hey mother and father,
[9] Ross: I bought these gifts at my school gate. Try them!
[9] Ross: That's very sweet.
[9] Ross: I wanna find a desk.
[9] Monica: You need to find this yourself.
[11] Richard: Thank you robot.
[11] Richard: I wanna do some writing.
[11] Monica: Okay so Richard,
[11] Monica: do you want to read,
[11] Monica: if you want to read,
[11] Richard: Just, I just casually look some book and,
[11] Richard: you two go ahead and do whatever you need to do.
[12] Monica: Pick one.
[12] Monica: Oh.
[12] Monica: Have a rest.
[13] Monica: Hmm.
[13] Monica: So, I want organize some photos.
[13] Ross: Yeah.
[15] Monica: that day my sister get a birthday to make a cake for me,
[15] Monica: even though the cake is not very good,
[15] Monica: uh it's not very beautiful,
[15] Monica: but I think that is the sweetest case I have ever had.
[15] Ross: Oh let me see this photo.
[15] Ross: and you look just as beautiful now as you did back then.
[15] Monica: Hmm it's been 20 years,
[16] Monica: how could see still be the same as back then?
[16] Monica: Oh but this photo have turned yellow.
[16] Monica: So hey robot, how can I preserve this photo better?
[17] Ross: I answer these phone.
[17] Richard: Hey mom.
[17] Monica: Uh huh.
[17] Richard: I don't quite understand the concept of the domain and the range.
[17] Richard: so can you explain it to me?
[17] Richard: So maybe just get close to me.
[17] Richard: Why don't you move?
[18] Monica: So...
[18] Richard: Look at this question,
[18] Richard: Hmm I don't understand it.
[21] Monica: Ah, once you start learning about this chapter,
[21] Monica: you will know how to do it.
[21] Monica: Hey Ross,
[21] Ross: Hi
[21] Monica: Who made the call?
[21] Ross: It's my boss.
[22] Monica: Hmm um it's okay I will help you.
[22] Ross: Okay.
[22] Monica: So, hey robot search for some post analysis on Ross's phone
[23] Monica: So Ross, where is your phone?
[23] Monica: It's on the sofa. Okay.
[23] Monica: So maybe at first, let's find a suitable dog.
[23] Monica: How about a Corgi?
[23] Monica: Is that okay?
[23] Ross: Hmm let me think about it.
[23] Ross: Corgi. Oh yes.
[25] Richard: Okay we can change your place mom.
[25] Monica: This place is close to your father.
[25] Ross: How about this?
[25] Monica: Hmm, maybe we can add some floating petals to highlight the...
[26] Monica: Hmm, maybe we can add some floating petals to highlight the natural ingredients of the, a shower of, the shower gym.
[28] Ross: Hmm, yeah I think that would be okay.
[28] Ross: It was very good and very refreshing.
[28] Monica: Hmm,
[28] Monica: so hey robot, just find some plant materials,
[28] Monica: corresponding to the color produced by mixing pink and blue.
[31] Ross: and I had to finish making this poster first.
[31] Monica: Hmm, so okay.
[31] Monica: Hey robot, give Ross a drink to help him sober up.

Conversation 3: A coffee spill prompts cleanup and a brief scare when a computer screen goes black, later resolved as a loose plug. Ross guides Richard through an English homework passage about battery charging limits, while Monica enforces completion before meals. They discuss a promotional slogan for a plant-based, gentle product, and end by deciding to go eat together.
[40] Richard: Thank you robot.
[41] Richard: Here's for you mom.
[41] Monica: Okay, so Ross, just have a try.
[41] Ross: Oh my God the coffee spilled.
[41] Richard: Oh I will find some tissues for you.
[43] Ross: No I just changed it this year.
[43] Richard: How to repair it?
[44] Monica: Oh.
[44] Monica: The floor is also has some coffee.
[44] Monica: So hey robot, give me the tissue.
[46] Richard: Okay, that would be great.
[46] Richard: Yeah.
[46] Monica: Yes.
[47] Richard: Well I'm completely awake now.
[47] Monica: It seems that the coffee played its role in another aspect.
[48] Ross: Oh excellent, that's my daughter.
[48] Ross: Yeah hmm.
[48] Monica: Oh, Richard.
[48] Richard: Uh huh?
[48] Monica: You haven't finished your English work.
[51] Richard: I don't want to do it.
[51] Monica: We have to do it before we have the meal.
[51] Monica: Okay?
[51] Monica: Just finish.
[51] Richard: Mama can you help me to write this?
[53] Monica: So, what do you want to have for the meal?
[53] Richard: Wait a minute. I've finished it. Check it,
[53] Ross: So great!
[53] Richard: Of course.
[54] Monica: Oh my God it's error.
[54] Monica: how could you finish in such...
[54] Ross: Your answers make me laugh you know.
[54] Ross: Oh my God.
[54] Ross: Look the first one,
[54] Richard: 1 + 1
[54] Ross: Yeah the underlined word reversing in paragraph two,
[54] Ross: and your answer is obviously in paragraph 1,
[54] Ross: right?
[55] Richard: oh oh yes.
[55] Ross: Yeah you should check it.
[57] Ross: cause charge polarization,
[57] Ross: hmm,
[57] Monica: Hey Richard, stop just eating.
[57] Richard: I'm laughing.
[57] Monica: Stop just eating and laughing.
[57] Ross: Stop laughing, this is serious task.
[57] Ross: Now tell me, which paragraph can you find the answer?
[58] Ross: Look seriously think a minute.
[58] Richard: Okay okay.
[58] Ross: Oh let me check it.
[58] Ross: Let us trust our child, she can do it.
[58] Richard: The fourth, the fourth.
[58] Monica: Hmm is it right?
[58] Ross: Yeah that's good.
[58] Ross: Now let's move to the final and one.

[Step 2] Evaluating semantic answer...
Action: [Answer]
Content: Ross thinks Monica looks just as beautiful now as back then, and Richard offers her gifts and compliments, indicating he views her positively.
FINAL ANSWER (from graph):
Ross thinks Monica looks just as beautiful now as back then, and Richard offers her gifts and compliments, indicating he views her positively.
Question: Where should the robot put the photo album?

[Step 1] Searching the graph...
Parse Query Output:
{
  "query_triple": ["<robot>", "should put", "photo album", 0.95, 0.3, 0.8],
  "spatial_constraint": null,
  "speaker_strict": null,
  "allocation": {
    "k_high_level": 5,
    "k_low_level": 37,
    "k_conversations": 8,
    "total_k": 50,
    "reasoning": "Location/action recommendation likely based on prior scenes showing where photo albums belong or instructions given. Emphasize low-level edges for placements and locations; a few conversations for any explicit instructions; minimal high-level."
  }
}

Graph Search Results:
**High-Level Information (Character Attributes and Relationships): **

Character Attributes:
- robot is: camera holder (100), wears black gloves (100), no visible face (100)

Character Relationships:
- robot is assistant to Ross (85)
- robot cooperates with Ross (85)

**Low-Level Information (Actions and Events): **

[1] robot pans camera. (attic study)
[4] robot opens video page. (home office)
[6] robot hands plastic bag. (home office)
[7] robot turns camera toward bookcase. (home office)
[7] robot approaches bookcase. (home office)
[8] robot moves camera. (home office loft)
[10] robot walks toward shelf. (study room)
[10] robot scans bookshelf. (study room)
[10] robot reaches to top of dark shelf. (study room)
[10] robot pulls out stack of worksheet. (study room)
[10] robot holds paper. (study room)
[10] robot stands near shelf. (study room)
[11] robot moves through living room. (home office)
[11] robot hands paper. (home office)
[16] robot replies from behind camera. (attic office)
[19] robot picks up light-blue photo album. (home office)
[19] robot walks to low bookshelf. (home office)
[19] robot places light-blue photo album. (home office)
[32] robot pans toward shoe rack. (home loft and kitchen)
[33] robot pans camera. (kitchen counter and sink)
[34] robot pans camera. (kitchen)
[34] robot moves camera. (kitchen)
[34] robot sets down plastic water bottle. (kitchen)
[35] robot holds camera. (home interior)
[35] robot picks up pink cup. (home interior)
[35] robot enters living room. (home interior)
[35] robot holds pink cup. (home interior)
[36] robot hands pink mug. (attic office)
[36] pink mug is from robot. (attic office)
[38] robot sticks small yellow note. (kitchen and living room)
[38] robot lifts plastic bag. (kitchen and living room)
[38] robot places plastic bag. (kitchen and living room)
[39] robot  removes from plastic bag. (kitchen)
[39] robot places back into wrapped item. (kitchen)
[39] robot sets on ice cream package. (kitchen)
[39] robot throws into plastic bag. (kitchen)
[40] robot enters living room. (attic workspace)

**Conversations: **

Conversation 1: Monica and Ross relax at home, set up a new speaker when their computer audio fails, and choose to watch a light Disney film instead of a complex one. Richard stops by to gather study materials and asks Monica about math concepts, while Ross receives an urgent task to create a concept poster; Monica helps brainstorm visuals (corgi, lavender, color scheme) and resources. The group coordinates quietly so Richard can browse books, and the robot assists with fetching items and organizing photos.
[3] Ross: Hmm okay.
[4] Ross: Hey robot please find the Snow Queen in my computer.
[4] robot: Okay.
[4] Ross: Okay thank you.
[4] Ross: And Monica why do you like this movie?
[5] Ross: Computer is out of sound and,
[5] Ross: watch this,
[5] Ross: Hmm hey robot, please take the bag out of the cabinet.
[6] Ross: Well let's use the new one and,
[6] Ross: tomorrow I'll go for work and take it for repair
[6] Monica: Okay so hey Robot, take out the new speaker from beside the high school tutoring materials on the second floor.
[7] Monica: Oh on the second floor of the bookcase.
[7] Monica: Fortunately when I went,
[16] Monica: how could see still be the same as back then?
[16] Monica: Oh but this photo have turned yellow.
[16] Monica: So hey robot, how can I preserve this photo better?
[16] robot: You can rescan and print it again.
[17] Monica: You have your phone rang.
[17] Ross: I answer these phone.
[18] Monica: domain and the rate of values for y is the range.
[18] Richard: Is that okay?
[19] Monica: I, I forgot to put the photo album back.
[19] Monica: So hey robot put the photo album back.
[19] Monica: Okay so just continue this question and then yes...
[20] Richard: So what should I do hmm?

Conversation 3: A coffee spill prompts cleanup and a brief scare when a computer screen goes black, later resolved as a loose plug. Ross guides Richard through an English homework passage about battery charging limits, while Monica enforces completion before meals. They discuss a promotional slogan for a plant-based, gentle product, and end by deciding to go eat together.
[42] Monica: To clean the table okay.
[42] Richard: Me?
[42] Richard: Okay. Hey robot, help us tidy up the table.
[42] Monica: Yes with the tissue.
[43] Monica: It's okay.

[Step 2] Evaluating semantic answer...
Action: [Answer]
Content: On the low bookshelf in the home office.
FINAL ANSWER (from graph):
On the low bookshelf in the home office.
Question: Did Ross lose his design draft finally？

[Step 1] Searching the graph...
Parse Query Output:
{
  "query_triple": ["<Ross>", "loses", "design draft", 0.95, 0.35, 0.7],
  "spatial_constraint": null,
  "speaker_strict": null,
  "allocation": {
    "k_high_level": 5,
    "k_low_level": 35,
    "k_conversations": 10,
    "total_k": 50,
    "reasoning": "Outcome-focused action query about whether Ross ultimately lost the design draft. Emphasize low-level edges for specific actions/states over time, with some conversations to confirm final outcome or mentions."
  }
}

Graph Search Results:
**High-Level Information (Character Attributes and Relationships): **

Character Attributes:
- Ross is: male (100)

Character Relationships:
- Richard respects Ross (90)
- Ross parent of Richard (95)
- Ross supports and mentors Richard (90)
- robot is assistant to Ross (85)

**Low-Level Information (Actions and Events): **

[1] Ross holds tablet. (attic study)
[2] Ross stands by desk. (home office)
[2] Ross holds tablet. (home office)
[6] Ross sits at desk. (home office)
[7] Ross adjusts item. (home office)
[8] Ross sits at desk. (home office loft)
[8] Ross points across desk. (home office loft)
[9] Ross wants to find desk. (home office)
[9] Ross does it. (home office)
[10] Ross sits at desk. (study room)
[12] Ross holds tablet. (office)
[13] Ross holds tablet. (study room)
[14] Ross holds tablet. (study room)
[15] Ross holds tablet. (home office living room)
[16] Ross holds tablet. (attic office)
[17] Ross holds tablet. (attic office)
[17] Ross walks out of frame. (attic office)
[21] Ross holds tablet. (office)
[22] Ross stands by desk. (office)
[22] Ross holds tablet. (office)
[24] Ross holds tablet. (office)
[27] Ross points at material on desk. (attic office)
[29] Ross starts selecting picture. (office)
[30] Ross processes picture. (home office)
[31] Ross needs to finish poster. (attic office)
[46] Ross leans over desk. (home office)
[54] Ross holds pen. (home office)
[55] Ross references paragraph. (home office)
[55] Ross points at document. (home office)
[56] Ross continues explaining concept. (home office)
[57] Ross looks at text. (home office)
[58] Ross points toward paper. (study room)
[58] Ross reaches toward worksheet. (study room)
[58] Ross checks worksheet. (study room)
[61] Ross stands near desk. (home office)

**Conversations: **

Conversation 3: A coffee spill prompts cleanup and a brief scare when a computer screen goes black, later resolved as a loose plug. Ross guides Richard through an English homework passage about battery charging limits, while Monica enforces completion before meals. They discuss a promotional slogan for a plant-based, gentle product, and end by deciding to go eat together.
[46] Ross: plug...
[46] Richard: Oh dad have you saved your script?
[46] Ross: Of course.
[46] Ross: I knew on my first day at my company that auto-save is a great invention.
[46] Richard: Okay, that would be great.
[52] Richard: But I don't have money.
[52] Monica: Your dad has money.
[52] Ross: Yeah!
[52] Ross: I work so hard just to give you money,
[53] Ross: and give your mom money
[54] Ross: Yeah the underlined word reversing in paragraph two,
[54] Ross: and your answer is obviously in paragraph 1,
[54] Ross: right?
[55] Richard: oh oh yes.
[55] Ross: Yeah you should check it.
[56] Richard: Hahahaha.
[56] Monica: Always have these skills.
[56] Ross: Yeah.
[56] Richard: I wanna talk with a foreigner not Chinese.
[56] Ross: So many requests!

Conversation 1: Monica and Ross relax at home, set up a new speaker when their computer audio fails, and choose to watch a light Disney film instead of a complex one. Richard stops by to gather study materials and asks Monica about math concepts, while Ross receives an urgent task to create a concept poster; Monica helps brainstorm visuals (corgi, lavender, color scheme) and resources. The group coordinates quietly so Richard can browse books, and the robot assists with fetching items and organizing photos.
[4] Monica: Hmm that is because
[4] Monica: Annie and Elsa have a good relationship, it reminds me of my sister.
[5] Ross: Hmm.
[5] Monica: Yes.
[5] Ross: Oh, oh my god.
[13] Monica: Hmm.
[13] Monica: So, I want organize some photos.
[13] Ross: Yeah.
[14] Monica: Oh I haven't looked at this photo album for a long time, so it feels like the photos are going to get dirty.
[14] Monica: Look, this was taken on my 20th birthday.
[21] Monica: you will know how to do it.
[21] Monica: Hey Ross,
[21] Ross: Hi
[21] Monica: Who made the call?
[21] Ross: It's my boss.
[21] Ross: He asked me to create a concept poster for Doctor School
[22] Ross: He asked me to create a concept poster for Doctor School.
[22] Ross: And this task is very urgent and...
[25] Richard: Okay we can change your place mom.
[25] Monica: This place is close to your father.
[25] Ross: How about this?
[25] Monica: Hmm, maybe we can add some floating petals to highlight the...
[26] Monica: Hmm, maybe we can add some floating petals to highlight the natural ingredients of the, a shower of, the shower gym.
[29] Monica: So have you used...
[29] Monica: So have you decided the scent of the shower gel?
[29] Ross: Um not yet for now.
[29] Monica: So how about just making the sample of, hmm,
[29] Monica: the lavender,

[Step 2] Evaluating semantic answer...
Action: [Answer]
Content: No, he didn’t lose it; the black screen was due to a loose plug and he had auto-save.
FINAL ANSWER (from graph):
No, he didn’t lose it; the black screen was due to a loose plug and he had auto-save.
Question: How many times does Monica mention her sister?

[Step 1] Searching the graph...
Parse Query Output:
{
  "query_triple": ["<Monica>", "mentions", "sister", 0.95, 0.35, 0.6],
  "spatial_constraint": null,
  "speaker_strict": ["<Monica>"],
  "allocation": {
    "k_high_level": 4,
    "k_low_level": 16,
    "k_conversations": 30,
    "total_k": 50,
    "reasoning": "Counting mentions is best done via conversations; include some low-level edges to capture mention actions and references. High-level edges minimally used for character context."
  }
}

Graph Search Results:
**High-Level Information (Character Attributes and Relationships): **

Character Relationships:
- Monica parent of Richard (95)
- Richard respects Monica (90)
- Monica sets rules for Richard (90)
- Monica collaborates with Ross (85)

**Low-Level Information (Actions and Events): **

[10] Monica writes in notebook. (study room)
[19] Monica addresses robot. (home office)
[21] Monica gestures to chapter. (office)
[28] Monica writes in notebook. (office)
[29] Monica mentions lavender. (office)
[31] Monica writes in notebook. (attic office)
[37] Monica writes in notebook. (attic office)
[43] Monica assures other. (home office)
[44] Monica addresses robot. (home office)
[47] Monica points at something. (home office)
[52] Monica reads book. (home office)
[52] Monica writes in book. (home office)
[53] Monica shows book. (office)
[57] Monica writes in notebook. (home office)
[60] Monica mentions meal. (home office)
[61] Monica holds book. (home office)

**Conversations: **

Conversation 1: Monica and Ross relax at home, set up a new speaker when their computer audio fails, and choose to watch a light Disney film instead of a complex one. Richard stops by to gather study materials and asks Monica about math concepts, while Ross receives an urgent task to create a concept poster; Monica helps brainstorm visuals (corgi, lavender, color scheme) and resources. The group coordinates quietly so Richard can browse books, and the robot assists with fetching items and organizing photos.
[1] Monica: Hmm, oh I feel so tired.
[1] Ross: Come here.
[1] Monica: Okay.
[2] Ross: Come on.
[2] Monica: Okay thank you.
[3] Monica: watch so mind-bending movies.
[3] Monica: so, maybe at this moment I just want to watch some Disney animated movies.
[3] Monica: The one with Snow Queen.
[3] Ross: Hmm okay.
[4] Ross: Hey robot please find the Snow Queen in my computer.
[4] Ross: And Monica why do you like this movie?
[4] Monica: Hmm that is because
[4] Monica: Annie and Elsa have a good relationship, it reminds me of my sister.
[5] Ross: Hmm.
[5] Monica: Yes.
[5] Ross: Oh, oh my god.
[5] Monica: What happened?
[5] Ross: Computer is out of sound and,
[5] Ross: watch this,
[11] Richard: Just, I just casually look some book and,
[11] Richard: you two go ahead and do whatever you need to do.
[12] Monica: Pick one.
[12] Monica: Oh.
[12] Monica: Have a rest.
[13] Monica: Hmm.
[13] Monica: So, I want organize some photos.
[13] Ross: Yeah.
[14] Ross: Hmm yeah I remember it.
[15] Monica: Yes that day was my,
[15] Monica: that day my sister get a birthday to make a cake for me,
[15] Monica: even though the cake is not very good,
[15] Monica: uh it's not very beautiful,
[15] Ross: and you look just as beautiful now as you did back then.
[15] Monica: Hmm it's been 20 years,
[16] Monica: how could see still be the same as back then?
[16] Monica: Oh but this photo have turned yellow.
[16] Monica: So hey robot, how can I preserve this photo better?
[17] Ross: I answer these phone.
[17] Richard: Hey mom.
[17] Monica: Uh huh.
[17] Richard: I don't quite understand the concept of the domain and the range.
[17] Richard: so can you explain it to me?
[17] Richard: So maybe just get close to me.
[17] Richard: Why don't you move?
[18] Monica: So...
[18] Richard: Look at this question,
[18] Richard: Hmm I don't understand it.
[19] Monica: Okay so just continue this question and then yes...
[20] Richard: So what should I do hmm?
[20] Monica: Okay let me tell you again.
[20] Monica: A function f(x) the range of values for x is the domain,
[20] Monica: domain and the range of values for y is the range.
[23] Monica: So maybe at first, let's find a suitable dog.
[23] Monica: How about a Corgi?
[23] Monica: Is that okay?
[23] Ross: Hmm let me think about it.
[23] Ross: Corgi. Oh yes.
[24] Ross: I think that that would be okay.
[24] Ross: And they are the models for many dog products.
[24] Monica: Yes the pet my sister's family is raising is Huahua, a Corgi.
[24] Monica: Yes and let me show you the photos on my phone.
[24] Monica: I found it.
[26] Ross: Oh that's wonderful.
[26] Ross: Let me add the petals.
[26] Monica: Hmm okay.
[26] Ross: Thank you.
[26] Ross: Ah, the main elements stand out,
[28] Ross: Hmm, yeah I think that would be okay.
[28] Ross: It was very good and very refreshing.
[28] Monica: Hmm,
[28] Monica: so hey robot, just find some plant materials,
[28] Monica: corresponding to the color produced by mixing pink and blue.
[29] Monica: OK.
[29] Monica: So have you used...
[29] Monica: So have you decided the scent of the shower gel?
[29] Ross: Um not yet for now.
[30] Ross: Okay now I need a little time to use my software to process them.
[30] Ross: And I need to make sure the lanyard surround the puppy.
[30] Monica: Oh okay.
[30] Ross: Okay give me a little time.
[30] Monica: So maybe you can have a sleep now.
[31] Ross: Hmm but uh I couldn't sleep yet,
[31] Ross: and I had to finish making this poster first.
[31] Monica: Hmm, so okay.
[31] Monica: Hey robot, give Ross a drink to help him sober up.

Conversation 3: A coffee spill prompts cleanup and a brief scare when a computer screen goes black, later resolved as a loose plug. Ross guides Richard through an English homework passage about battery charging limits, while Monica enforces completion before meals. They discuss a promotional slogan for a plant-based, gentle product, and end by deciding to go eat together.
[43] Ross: No I just changed it this year.
[43] Richard: How to repair it?
[44] Monica: Oh.
[44] Monica: The floor is also has some coffee.
[44] Monica: So hey robot, give me the tissue.
[46] Richard: Okay, that would be great.
[46] Richard: Yeah.
[46] Monica: Yes.
[47] Richard: Well I'm completely awake now.
[47] Monica: It seems that the coffee played its role in another aspect.
[51] Richard: I don't want to do it.
[51] Monica: We have to do it before we have the meal.
[51] Monica: Okay?
[51] Monica: Just finish.
[51] Richard: Mama can you help me to write this?
[51] Monica: You also need to... finish in four minutes.
[51] Richard: Four minutes it's too long.
[51] Monica: Oh oh yes six minute.
[51] Richard: Wow six minute.
[51] Monica: Yes, so just do it.
[52] Monica: So maybe next time we can also buy this kind of ice cream if you like it.
[52] Richard: Okay.
[52] Monica: Uh huh. So...
[52] Richard: But I don't have money.
[52] Monica: Your dad has money.
[55] Richard: maybe you should find a foreigner teacher for me.
[56] Richard: Hahahaha.
[56] Monica: Always have these skills.
[56] Ross: Yeah.
[56] Richard: I wanna talk with a foreigner not Chinese.
[58] Ross: Let us trust our child, she can do it.
[58] Richard: The fourth, the fourth.
[58] Monica: Hmm is it right?
[58] Ross: Yeah that's good.
[58] Ross: Now let's move to the final and one.
[59] Richard: Okay the question,
[59] Richard: Is it me?
[59] Monica: Okay ah.
[59] Ross: After knowing your Grade in this part...
[60] Monica: Okay maybe today we just do so many works and

Conversation 2: Richard jokes about bias and then decides to get ice cream from the refrigerator. Monica offers help and requests a torch-flavored ice cream, while Ross declines. Richard plans to fetch two ice creams and also mentions wanting grapes.
[36] Richard: Oh it's just a joke, I wanna, uh, fetch some ice cream in the refrigerator.
[37] Richard: Do you want to eat?
[37] Monica: Hmm yes I wonder,
[37] Monica: torch ice-cream.
[37] Richard: Torch ice-cream. And what about dad?

[Step 2] Evaluating semantic answer...
Action: [Answer]
Content: Monica mentions her sister twice.
FINAL ANSWER (from graph):
Monica mentions her sister twice.
Question: Is Monica a caring person?

[Step 1] Searching the graph...
Parse Query Output:
{
  "query_triple": ["<Monica>", "caring", null, 0.95, 0.25, 0.1],
  "spatial_constraint": null,
  "speaker_strict": null,
  "allocation": {
    "k_high_level": 9,
    "k_low_level": 11,
    "k_conversations": 30,
    "total_k": 50,
    "reasoning": "Trait/character query—use high-level edges for attributes; conversations provide evidence of caring behavior; a small set of low-level actions to corroborate with specific acts."
  }
}

Graph Search Results:
**High-Level Information (Character Attributes and Relationships): **

Character Attributes:
- Monica is: female (100), jeans (100), long wavy hair (100), holding book and papers (100), light-colored fuzzy sweater (100), average build (100), supportive (90), family-oriented (90)

Character Relationships:
- Monica parent of Richard (95)

**Low-Level Information (Actions and Events): **

[2] Monica listens. (home office)
[3] Monica thinks. (home office)
[9] Monica carries folding chair. (home office)
[12] Monica carries tablet. (office)
[12] Monica carries notebook. (office)
[21] Monica encourages. (office)
[26] robot hands toward Monica. (office)
[27] Monica listens. (attic office)
[52] Monica hands toward Ross. (home office)
[56] Monica listens. (home office)
[58] Monica listens. (study room)

**Conversations: **

Conversation 1: Monica and Ross relax at home, set up a new speaker when their computer audio fails, and choose to watch a light Disney film instead of a complex one. Richard stops by to gather study materials and asks Monica about math concepts, while Ross receives an urgent task to create a concept poster; Monica helps brainstorm visuals (corgi, lavender, color scheme) and resources. The group coordinates quietly so Richard can browse books, and the robot assists with fetching items and organizing photos.
[1] Monica: Hmm, oh I feel so tired.
[1] Ross: Come here.
[1] Monica: Okay.
[2] Ross: Come on.
[2] Monica: Okay thank you.
[4] Monica: Annie and Elsa have a good relationship, it reminds me of my sister.
[5] Ross: Hmm.
[5] Monica: Yes.
[5] Ross: Oh, oh my god.
[5] Monica: What happened?
[5] Ross: Computer is out of sound and,
[5] Ross: watch this,
[11] Richard: Just, I just casually look some book and,
[11] Richard: you two go ahead and do whatever you need to do.
[12] Monica: Pick one.
[12] Monica: Oh.
[12] Monica: Have a rest.
[13] Monica: Hmm.
[13] Monica: So, I want organize some photos.
[13] Ross: Yeah.
[15] Ross: and you look just as beautiful now as you did back then.
[15] Monica: Hmm it's been 20 years,
[16] Monica: how could see still be the same as back then?
[16] Monica: Oh but this photo have turned yellow.
[16] Monica: So hey robot, how can I preserve this photo better?
[17] Ross: I answer these phone.
[17] Richard: Hey mom.
[17] Monica: Uh huh.
[17] Richard: I don't quite understand the concept of the domain and the range.
[17] Richard: so can you explain it to me?
[17] Richard: So maybe just get close to me.
[17] Richard: Why don't you move?
[18] Monica: So...
[18] Richard: Look at this question,
[18] Richard: Hmm I don't understand it.
[21] Monica: Hey Ross,
[21] Ross: Hi
[21] Monica: Who made the call?
[21] Ross: It's my boss.
[21] Ross: He asked me to create a concept poster for Doctor School
[22] Monica: Continue your work.
[22] Ross: I still don't have any ideas.
[22] Monica: Hmm um it's okay I will help you.
[22] Ross: Okay.
[22] Monica: So, hey robot search for some post analysis on Ross's phone
[23] Monica: It's on the sofa. Okay.
[23] Monica: So maybe at first, let's find a suitable dog.
[23] Monica: How about a Corgi?
[23] Monica: Is that okay?
[23] Ross: Hmm let me think about it.
[23] Ross: Corgi. Oh yes.
[26] Ross: Oh that's wonderful.
[26] Ross: Let me add the petals.
[26] Monica: Hmm okay.
[26] Ross: Thank you.
[26] Ross: Ah, the main elements stand out,
[28] Ross: Hmm, yeah I think that would be okay.
[28] Ross: It was very good and very refreshing.
[28] Monica: Hmm,
[28] Monica: so hey robot, just find some plant materials,
[28] Monica: corresponding to the color produced by mixing pink and blue.
[29] Monica: OK.
[29] Monica: So have you used...
[29] Monica: So have you decided the scent of the shower gel?
[30] Ross: Okay now I need a little time to use my software to process them.
[30] Ross: And I need to make sure the lanyard surround the puppy.
[30] Monica: Oh okay.
[30] Ross: Okay give me a little time.
[30] Monica: So maybe you can have a sleep now.
[31] Ross: Hmm but uh I couldn't sleep yet,
[31] Ross: and I had to finish making this poster first.
[31] Monica: Hmm, so okay.
[31] Monica: Hey robot, give Ross a drink to help him sober up.

Conversation 3: A coffee spill prompts cleanup and a brief scare when a computer screen goes black, later resolved as a loose plug. Ross guides Richard through an English homework passage about battery charging limits, while Monica enforces completion before meals. They discuss a promotional slogan for a plant-based, gentle product, and end by deciding to go eat together.
[42] Richard: Me?
[42] Richard: Okay. Hey robot, help us tidy up the table.
[42] Monica: Yes with the tissue.
[43] Monica: It's okay.
[43] Richard: Oh God!
[43] Richard: Wow the screen is black.
[43] Ross: No I just changed it this year.
[43] Richard: How to repair it?
[44] Monica: Oh.
[44] Monica: The floor is also has some coffee.
[44] Monica: So hey robot, give me the tissue.
[46] Richard: Okay, that would be great.
[46] Richard: Yeah.
[46] Monica: Yes.
[47] Richard: Well I'm completely awake now.
[47] Monica: It seems that the coffee played its role in another aspect.
[51] Richard: I don't want to do it.
[51] Monica: We have to do it before we have the meal.
[51] Monica: Okay?
[51] Monica: Just finish.
[51] Richard: Mama can you help me to write this?
[52] Monica: So maybe next time we can also buy this kind of ice cream if you like it.
[52] Richard: Okay.
[52] Monica: Uh huh. So...
[52] Richard: But I don't have money.
[52] Monica: Your dad has money.
[55] Richard: maybe you should find a foreigner teacher for me.
[56] Richard: Hahahaha.
[56] Monica: Always have these skills.
[56] Ross: Yeah.
[56] Richard: I wanna talk with a foreigner not Chinese.
[58] Ross: Let us trust our child, she can do it.
[58] Richard: The fourth, the fourth.
[58] Monica: Hmm is it right?
[58] Ross: Yeah that's good.
[58] Ross: Now let's move to the final and one.
[59] Richard: Okay the question,
[59] Richard: Is it me?
[59] Monica: Okay ah.
[59] Ross: After knowing your Grade in this part...
[60] Monica: Okay maybe today we just do so many works and
[60] Richard: Mom why don't you eat it?
[60] Richard: It's really delicious.
[60] Monica: I think it is, it's so sweet and maybe after meal, I gotta get that.
[60] Richard: Okay that's it
[60] Monica: So let's go and have a meal.

Conversation 2: Richard jokes about bias and then decides to get ice cream from the refrigerator. Monica offers help and requests a torch-flavored ice cream, while Ross declines. Richard plans to fetch two ice creams and also mentions wanting grapes.
[36] Richard: but I want a drink too.
[36] Monica: nothing, what kind of drinks would you want to have?
[36] Monica: I can go to help you.
[36] Richard: Oh it's just a joke, I wanna, uh, fetch some ice cream in the refrigerator.
[37] Richard: Do you want to eat?
[37] Monica: Hmm yes I wonder,
[37] Monica: torch ice-cream.
[37] Richard: Torch ice-cream. And what about dad?

[Step 2] Evaluating semantic answer...
Action: [Answer]
Content: Yes, Monica is caring and supportive.
FINAL ANSWER (from graph):
Yes, Monica is caring and supportive.
Question: Do Ross and Monica care about Richard's study?

[Step 1] Searching the graph...
Parse Query Output:
{
  "query_triple": ["<Ross>", "cares about", "Richard's study", 0.95, 0.3, 0.7],
  "spatial_constraint": "Richard's study",
  "speaker_strict": null,
  "allocation": {
    "k_high_level": 8,
    "k_low_level": 14,
    "k_conversations": 28,
    "total_k": 50,
    "reasoning": "Evaluating whether Ross and Monica care involves attitudes; use some high-level edges for traits/relationships to 'study', but rely more on conversations for expressed concern. Include low-level for any actions showing care (visiting, helping, protecting) around Richard's study."
  }
}

Graph Search Results:
**High-Level Information (Character Attributes and Relationships): **

Character Relationships:
- Richard respects Ross (90)
- Ross parent of Richard (95)
- Ross supports and mentors Richard (90)
- Richard respects and appreciates Ross (70)
- Ross is parent of Richard (95)
- Richard has a casual, family-like dynamic with Ross (80)
- Ross leads and guides Richard (80)
- Richard casual, family-like dynamic with Ross (60)

**Low-Level Information (Actions and Events): **

[1] Monica walks beside Ross. (attic study)
[1] Ross holds tablet. (attic study)
[1] Ross walks with Monica. (attic study)
[1] Ross turns to face Monica. (attic study)
[1] Ross reads tablet. (attic study)
[1] Monica talks to Ross. (attic study)
[1] Ross looks at tablet. (attic study)
[1] Ross looks around at room. (attic study)
[1] Monica steps closer to Ross. (attic study)
[1] Ross beckons toward camera side. (attic study)
[1] Ross walks toward table. (attic study)
[1] Ross passes by table. (attic study)
[1] Ross passes with bottle. (attic study)
[1] Ross passes with device. (attic study)

**Conversations: **

Conversation 1: Monica and Ross relax at home, set up a new speaker when their computer audio fails, and choose to watch a light Disney film instead of a complex one. Richard stops by to gather study materials and asks Monica about math concepts, while Ross receives an urgent task to create a concept poster; Monica helps brainstorm visuals (corgi, lavender, color scheme) and resources. The group coordinates quietly so Richard can browse books, and the robot assists with fetching items and organizing photos.
[1] Monica: Oh the study in this house is my favorite part.
[1] Monica: And the lighting is so great.
[1] Monica: Every time when I come in I feel so wonderful.
[1] Ross: Hmm yeah I agree with you.
[1] Ross: Yeah, Richard, after the exam,
[1] Ross: I really don't want to move out.
[1] Ross: This is the house I most satisfied with.
[1] Ross: Come here.
[1] Monica: Okay.
[2] Ross: Come on.
[2] Monica: Okay thank you.
[2] Ross: Ah, and you've been working hard, recently writing papers and searching for references, right?
[4] robot: Okay.
[4] Ross: Okay thank you.
[4] Ross: And Monica why do you like this movie?
[4] Monica: Hmm that is because
[4] Monica: Annie and Elsa have a good relationship, it reminds me of my sister.
[5] Ross: Hmm.
[5] Monica: Yes.
[5] Ross: Oh, oh my god.
[5] Monica: What happened?
[7] Monica: Oh on the second floor of the bookcase.
[7] Monica: Fortunately when I went,
[7] Monica: when I went shopping with Richard last time,
[7] Monica: I happened to buy this new speaker,
[7] Monica: once the computer will have no sounds today.
[8] Ross: Hmm yes let me connect it to my computer.
[8] Ross: It's okay.
[9] Monica: Hey Richard.
[9] Ross: Hey mother and father,
[9] Ross: I bought these gifts at my school gate. Try them!
[10] Richard: I just come here to find some,
[10] Richard: uh reference material to write
[10] Monica: Okay so hey robot, give Richard the tutoring materials.
[11] Richard: Thank you robot.
[11] Richard: I wanna do some writing.
[11] Monica: Okay so Richard,
[11] Monica: do you want to read,
[11] Monica: if you want to read,
[11] Monica: we will turn off the computer to avoid disturbing your study.
[11] Richard: Oh oh it's no matter,
[11] Richard: Just, I just casually look some book and,
[12] Monica: Oh.
[12] Monica: Have a rest.
[13] Monica: Hmm.
[13] Monica: So, I want organize some photos.
[13] Ross: Yeah.
[14] Monica: Oh I haven't looked at this photo album for a long time, so it feels like the photos are going to get dirty.
[14] Monica: Look, this was taken on my 20th birthday.
[17] Richard: So maybe just get close to me.
[17] Richard: Why don't you move?
[18] Monica: So...
[18] Richard: Look at this question,
[18] Richard: Hmm I don't understand it.
[20] Monica: all the donate, domain of the overall function.
[21] Monica: Hmm you haven't, you have not,
[21] Monica: uh study this chapter,
[21] Monica: yes so it may feel a little bit difficult for you,
[21] Richard: Oh it's too difficult.
[21] Monica: Ah, once you start learning about this chapter,
[21] Monica: you will know how to do it.
[21] Monica: Hey Ross,
[21] Ross: Hi
[21] Monica: Who made the call?
[22] Monica: Hmm um it's okay I will help you.
[22] Ross: Okay.
[22] Monica: So, hey robot search for some post analysis on Ross's phone
[23] Monica: So Ross, where is your phone?
[23] Monica: It's on the sofa. Okay.
[23] Monica: So maybe at first, let's find a suitable dog.

Conversation 3: A coffee spill prompts cleanup and a brief scare when a computer screen goes black, later resolved as a loose plug. Ross guides Richard through an English homework passage about battery charging limits, while Monica enforces completion before meals. They discuss a promotional slogan for a plant-based, gentle product, and end by deciding to go eat together.
[40] Richard: Thank you robot.
[41] Richard: Here's for you mom.
[41] Monica: Okay, so Ross, just have a try.
[41] Ross: Oh my God the coffee spilled.
[41] Richard: Oh I will find some tissues for you.
[46] Ross: plug...
[46] Richard: Oh dad have you saved your script?
[46] Ross: Of course.
[46] Ross: I knew on my first day at my company that auto-save is a great invention.
[46] Richard: Okay, that would be great.
[46] Richard: Yeah.
[46] Monica: Yes.
[47] Richard: Well I'm completely awake now.
[47] Monica: It seems that the coffee played its role in another aspect.
[48] Ross: Oh excellent, that's my daughter.
[48] Ross: Yeah hmm.
[48] Monica: Oh, Richard.
[48] Richard: Uh huh?
[48] Monica: You haven't finished your English work.
[51] Monica: Yes, so just do it.
[51] Richard: And what can I do now?
[51] Monica: Hey Rachel give me that book, I wanna read that book.
[51] Richard: Okay, so.
[52] Monica: So, now you just do your homework.
[52] Monica: Uh huh. So...
[52] Richard: But I don't have money.
[52] Monica: Your dad has money.
[52] Ross: Yeah!
[52] Ross: I work so hard just to give you money,
[54] Ross: Yeah the underlined word reversing in paragraph two,
[54] Ross: and your answer is obviously in paragraph 1,
[54] Ross: right?
[55] Richard: oh oh yes.
[55] Ross: Yeah you should check it.
[56] Richard: Hahahaha.
[56] Monica: Always have these skills.
[56] Ross: Yeah.
[56] Richard: I wanna talk with a foreigner not Chinese.
[56] Ross: So many requests!
[56] Ross: limited,
[56] Ross: battery size and capacity right?
[57] Richard: Yes.
[57] Ross: And the third one,
[57] Ross: which of the following,
[57] Ross: cause charge polarization,
[57] Ross: hmm,
[57] Monica: Hey Richard, stop just eating.
[57] Richard: I'm laughing.
[57] Monica: Stop just eating and laughing.

[Step 2] Evaluating semantic answer...
Action: [Answer]
Content: Yes, Ross and Monica actively support and guide Richard’s study.
FINAL ANSWER (from graph):
Yes, Ross and Monica actively support and guide Richard’s study.
Question: Do ross and Monica fight a lot?

[Step 1] Searching the graph...
Parse Query Output:
{
  "query_triple": ["<Ross>", "frequency of fighting", "<Monica>", 0.95, 0.3, 0.95],
  "spatial_constraint": null,
  "speaker_strict": null,
  "allocation": {
    "k_high_level": 9,
    "k_low_level": 16,
    "k_conversations": 25,
    "total_k": 50,
    "reasoning": "Query asks about general behavior frequency between two characters. Use high-level edges for relationship/trait patterns, conversations to capture mentions of fighting frequency and arguments, and some low-level edges to count specific fight/argue events."
  }
}

Graph Search Results:
**High-Level Information (Character Attributes and Relationships): **

Character Relationships:
- Monica is romantic partner/spouse of Ross (95)
- Monica romantic partner/spouse of Ross (85)
- Monica collaborates with Ross (85)
- Monica cooperates with Ross (90)
- Monica collaborates professionally with Ross (85)
- Monica has friendly attitude toward Ross (80)
- Ross shows supportive attitude toward Monica (80)
- Ross cooperates with Monica (70)
- Monica shares equal power dynamic with Ross (75)

**Low-Level Information (Actions and Events): **

[1] Ross walks with Monica. (attic study)
[1] Monica talks to Ross. (attic study)
[1] Monica steps closer to Ross. (attic study)
[3] Ross continues looking at Monica. (home office)
[3] Ross faces Monica. (home office)
[7] Monica talks to Ross. (home office)
[8] Ross glances at screen Monica. (home office loft)
[13] Ross answers briefly Monica. (study room)
[16] Monica talks to Ross. (attic office)
[16] Ross glances at briefly Monica. (attic office)
[24] Monica shows Ross. (office)
[27] Monica glances between Ross. (attic office)
[30] Monica suggests Ross. (home office)
[31] Monica replies briefly Ross. (attic office)
[58] Ross gestures to focus Monica. (study room)
[58] Monica murmurs to Ross. (study room)

**Conversations: **

Conversation 1: Monica and Ross relax at home, set up a new speaker when their computer audio fails, and choose to watch a light Disney film instead of a complex one. Richard stops by to gather study materials and asks Monica about math concepts, while Ross receives an urgent task to create a concept poster; Monica helps brainstorm visuals (corgi, lavender, color scheme) and resources. The group coordinates quietly so Richard can browse books, and the robot assists with fetching items and organizing photos.
[1] Ross: Come here.
[1] Monica: Okay.
[2] Ross: Come on.
[2] Monica: Okay thank you.
[2] Ross: Ah, and you've been working hard, recently writing papers and searching for references, right?
[3] Monica: watch so mind-bending movies.
[3] Monica: so, maybe at this moment I just want to watch some Disney animated movies.
[3] Monica: The one with Snow Queen.
[3] Ross: Hmm okay.
[4] Ross: Hey robot please find the Snow Queen in my computer.
[4] robot: Okay.
[4] Ross: Okay thank you.
[4] Ross: And Monica why do you like this movie?
[4] Monica: Hmm that is because
[4] Monica: Annie and Elsa have a good relationship, it reminds me of my sister.
[5] Ross: Hmm.
[5] Monica: Yes.
[5] Ross: Oh, oh my god.
[5] Monica: What happened?
[5] Ross: Computer is out of sound and,
[5] Ross: watch this,
[8] Ross: It's okay.
[9] Monica: Hey Richard.
[9] Ross: Hey mother and father,
[9] Ross: I bought these gifts at my school gate. Try them!
[9] Ross: That's very sweet.
[12] Monica: Oh.
[12] Monica: Have a rest.
[13] Monica: Hmm.
[13] Monica: So, I want organize some photos.
[13] Ross: Yeah.
[14] Monica: Oh I haven't looked at this photo album for a long time, so it feels like the photos are going to get dirty.
[14] Monica: Look, this was taken on my 20th birthday.
[17] Ross: I answer these phone.
[17] Richard: Hey mom.
[17] Monica: Uh huh.
[17] Richard: I don't quite understand the concept of the domain and the range.
[17] Richard: so can you explain it to me?
[17] Richard: So maybe just get close to me.
[17] Richard: Why don't you move?
[18] Monica: So...
[18] Richard: Look at this question,
[18] Richard: Hmm I don't understand it.
[21] Monica: Ah, once you start learning about this chapter,
[21] Monica: you will know how to do it.
[21] Monica: Hey Ross,
[21] Ross: Hi
[21] Monica: Who made the call?
[22] Monica: Hmm um it's okay I will help you.
[22] Ross: Okay.
[22] Monica: So, hey robot search for some post analysis on Ross's phone
[23] Monica: So Ross, where is your phone?
[23] Monica: It's on the sofa. Okay.
[23] Monica: So maybe at first, let's find a suitable dog.
[23] Monica: How about a Corgi?
[23] Monica: Is that okay?
[23] Ross: Hmm let me think about it.
[23] Ross: Corgi. Oh yes.
[31] Ross: and I had to finish making this poster first.
[31] Monica: Hmm, so okay.
[31] Monica: Hey robot, give Ross a drink to help him sober up.

Conversation 3: A coffee spill prompts cleanup and a brief scare when a computer screen goes black, later resolved as a loose plug. Ross guides Richard through an English homework passage about battery charging limits, while Monica enforces completion before meals. They discuss a promotional slogan for a plant-based, gentle product, and end by deciding to go eat together.
[40] Richard: Thank you robot.
[41] Richard: Here's for you mom.
[41] Monica: Okay, so Ross, just have a try.
[41] Ross: Oh my God the coffee spilled.
[41] Richard: Oh I will find some tissues for you.
[46] Ross: plug...
[46] Richard: Oh dad have you saved your script?
[46] Ross: Of course.
[46] Ross: I knew on my first day at my company that auto-save is a great invention.
[46] Richard: Okay, that would be great.
[46] Richard: Yeah.
[46] Monica: Yes.
[47] Richard: Well I'm completely awake now.
[47] Monica: It seems that the coffee played its role in another aspect.
[48] Richard: How about this Logan you think?
[48] Ross: Oh excellent, that's my daughter.
[48] Ross: Yeah hmm.
[48] Monica: Oh, Richard.
[48] Richard: Uh huh?
[51] Richard: I don't want to do it.
[51] Monica: We have to do it before we have the meal.
[51] Monica: Okay?
[51] Monica: Just finish.
[51] Richard: Mama can you help me to write this?
[52] Richard: But I don't have money.
[52] Monica: Your dad has money.
[52] Ross: Yeah!
[52] Ross: I work so hard just to give you money,
[53] Ross: and give your mom money
[54] Ross: Yeah the underlined word reversing in paragraph two,
[54] Ross: and your answer is obviously in paragraph 1,
[54] Ross: right?
[55] Richard: oh oh yes.
[55] Ross: Yeah you should check it.
[56] Richard: Hahahaha.
[56] Monica: Always have these skills.
[56] Ross: Yeah.
[56] Richard: I wanna talk with a foreigner not Chinese.
[56] Ross: So many requests!

[Step 2] Evaluating semantic answer...
Action: [Answer]
Content: No, Ross and Monica appear cooperative and supportive rather than frequently fighting.
FINAL ANSWER (from graph):
No, Ross and Monica appear cooperative and supportive rather than frequently fighting.
✓ Updated results.json for study_02 (10 questions)
✓ Cleaned up video and frames for study_02

============================================================
Processing video: office_05
============================================================
Downloading 1 video(s) to data/videos...

Downloading office_05.mp4...
✓ Successfully downloaded office_05.mp4 to data/videos/office_05.mp4

============================================================
Download Summary:
  Successful: 1/1
============================================================

============================================================
[1/1] Processing: office_05
============================================================
Video: data/videos/office_05.mp4
Subtitles: data/subtitles/robot/office_05.srt
Output: data/frames/office_05
============================================================

Parsing subtitle file: data/subtitles/robot/office_05.srt
Found 318 subtitle entries
Video: 1280x720, 30.00 FPS, 56170 frames, 1872.33s duration

Extracting frames with subtitles...
Grouping frames into folders of 30 frames each
  Saved 10 frames (up to 9s, folder 1)
  Saved 20 frames (up to 19s, folder 1)
  Saved 30 frames (up to 29s, folder 1)
  Saved 40 frames (up to 39s, folder 2)
  Saved 50 frames (up to 49s, folder 2)
  Saved 60 frames (up to 59s, folder 2)
  Saved 70 frames (up to 69s, folder 3)
  Saved 80 frames (up to 79s, folder 3)
  Saved 90 frames (up to 89s, folder 3)
  Saved 100 frames (up to 99s, folder 4)
  Saved 110 frames (up to 109s, folder 4)
  Saved 120 frames (up to 119s, folder 4)
  Saved 130 frames (up to 129s, folder 5)
  Saved 140 frames (up to 139s, folder 5)
  Saved 150 frames (up to 149s, folder 5)
  Saved 160 frames (up to 159s, folder 6)
  Saved 170 frames (up to 169s, folder 6)
  Saved 180 frames (up to 179s, folder 6)
  Saved 190 frames (up to 189s, folder 7)
  Saved 200 frames (up to 199s, folder 7)
  Saved 210 frames (up to 209s, folder 7)
  Saved 220 frames (up to 219s, folder 8)
  Saved 230 frames (up to 229s, folder 8)
  Saved 240 frames (up to 239s, folder 8)
  Saved 250 frames (up to 249s, folder 9)
  Saved 260 frames (up to 259s, folder 9)
  Saved 270 frames (up to 269s, folder 9)
  Saved 280 frames (up to 279s, folder 10)
  Saved 290 frames (up to 289s, folder 10)
  Saved 300 frames (up to 299s, folder 10)
  Saved 310 frames (up to 309s, folder 11)
  Saved 320 frames (up to 319s, folder 11)
  Saved 330 frames (up to 329s, folder 11)
  Saved 340 frames (up to 339s, folder 12)
  Saved 350 frames (up to 349s, folder 12)
  Saved 360 frames (up to 359s, folder 12)
  Saved 370 frames (up to 369s, folder 13)
  Saved 380 frames (up to 379s, folder 13)
  Saved 390 frames (up to 389s, folder 13)
  Saved 400 frames (up to 399s, folder 14)
  Saved 410 frames (up to 409s, folder 14)
  Saved 420 frames (up to 419s, folder 14)
  Saved 430 frames (up to 429s, folder 15)
  Saved 440 frames (up to 439s, folder 15)
  Saved 450 frames (up to 449s, folder 15)
  Saved 460 frames (up to 459s, folder 16)
  Saved 470 frames (up to 469s, folder 16)
  Saved 480 frames (up to 479s, folder 16)
  Saved 490 frames (up to 489s, folder 17)
  Saved 500 frames (up to 499s, folder 17)
  Saved 510 frames (up to 509s, folder 17)
  Saved 520 frames (up to 519s, folder 18)
  Saved 530 frames (up to 529s, folder 18)
  Saved 540 frames (up to 539s, folder 18)
  Saved 550 frames (up to 549s, folder 19)
  Saved 560 frames (up to 559s, folder 19)
  Saved 570 frames (up to 569s, folder 19)
  Saved 580 frames (up to 579s, folder 20)
  Saved 590 frames (up to 589s, folder 20)
  Saved 600 frames (up to 599s, folder 20)
  Saved 610 frames (up to 609s, folder 21)
  Saved 620 frames (up to 619s, folder 21)
  Saved 630 frames (up to 629s, folder 21)
  Saved 640 frames (up to 639s, folder 22)
  Saved 650 frames (up to 649s, folder 22)
  Saved 660 frames (up to 659s, folder 22)
  Saved 670 frames (up to 669s, folder 23)
  Saved 680 frames (up to 679s, folder 23)
  Saved 690 frames (up to 689s, folder 23)
  Saved 700 frames (up to 699s, folder 24)
  Saved 710 frames (up to 709s, folder 24)
  Saved 720 frames (up to 719s, folder 24)
  Saved 730 frames (up to 729s, folder 25)
  Saved 740 frames (up to 739s, folder 25)
  Saved 750 frames (up to 749s, folder 25)
  Saved 760 frames (up to 759s, folder 26)
  Saved 770 frames (up to 769s, folder 26)
  Saved 780 frames (up to 779s, folder 26)
  Saved 790 frames (up to 789s, folder 27)
  Saved 800 frames (up to 799s, folder 27)
  Saved 810 frames (up to 809s, folder 27)
  Saved 820 frames (up to 819s, folder 28)
  Saved 830 frames (up to 829s, folder 28)
  Saved 840 frames (up to 839s, folder 28)
  Saved 850 frames (up to 849s, folder 29)
  Saved 860 frames (up to 859s, folder 29)
  Saved 870 frames (up to 869s, folder 29)
  Saved 880 frames (up to 879s, folder 30)
  Saved 890 frames (up to 889s, folder 30)
  Saved 900 frames (up to 899s, folder 30)
  Saved 910 frames (up to 909s, folder 31)
  Saved 920 frames (up to 919s, folder 31)
  Saved 930 frames (up to 929s, folder 31)
  Saved 940 frames (up to 939s, folder 32)
  Saved 950 frames (up to 949s, folder 32)
  Saved 960 frames (up to 959s, folder 32)
  Saved 970 frames (up to 969s, folder 33)
  Saved 980 frames (up to 979s, folder 33)
  Saved 990 frames (up to 989s, folder 33)
  Saved 1000 frames (up to 999s, folder 34)
  Saved 1010 frames (up to 1009s, folder 34)
  Saved 1020 frames (up to 1019s, folder 34)
  Saved 1030 frames (up to 1029s, folder 35)
  Saved 1040 frames (up to 1039s, folder 35)
  Saved 1050 frames (up to 1049s, folder 35)
  Saved 1060 frames (up to 1059s, folder 36)
  Saved 1070 frames (up to 1069s, folder 36)
  Saved 1080 frames (up to 1079s, folder 36)
  Saved 1090 frames (up to 1089s, folder 37)
  Saved 1100 frames (up to 1099s, folder 37)
  Saved 1110 frames (up to 1109s, folder 37)
  Saved 1120 frames (up to 1119s, folder 38)
  Saved 1130 frames (up to 1129s, folder 38)
  Saved 1140 frames (up to 1139s, folder 38)
  Saved 1150 frames (up to 1149s, folder 39)
  Saved 1160 frames (up to 1159s, folder 39)
  Saved 1170 frames (up to 1169s, folder 39)
  Saved 1180 frames (up to 1179s, folder 40)
  Saved 1190 frames (up to 1189s, folder 40)
  Saved 1200 frames (up to 1199s, folder 40)
  Saved 1210 frames (up to 1209s, folder 41)
  Saved 1220 frames (up to 1219s, folder 41)
  Saved 1230 frames (up to 1229s, folder 41)
  Saved 1240 frames (up to 1239s, folder 42)
  Saved 1250 frames (up to 1249s, folder 42)
  Saved 1260 frames (up to 1259s, folder 42)
  Saved 1270 frames (up to 1269s, folder 43)
  Saved 1280 frames (up to 1279s, folder 43)
  Saved 1290 frames (up to 1289s, folder 43)
  Saved 1300 frames (up to 1299s, folder 44)
  Saved 1310 frames (up to 1309s, folder 44)
  Saved 1320 frames (up to 1319s, folder 44)
  Saved 1330 frames (up to 1329s, folder 45)
  Saved 1340 frames (up to 1339s, folder 45)
  Saved 1350 frames (up to 1349s, folder 45)
  Saved 1360 frames (up to 1359s, folder 46)
  Saved 1370 frames (up to 1369s, folder 46)
  Saved 1380 frames (up to 1379s, folder 46)
  Saved 1390 frames (up to 1389s, folder 47)
  Saved 1400 frames (up to 1399s, folder 47)
  Saved 1410 frames (up to 1409s, folder 47)
  Saved 1420 frames (up to 1419s, folder 48)
  Saved 1430 frames (up to 1429s, folder 48)
  Saved 1440 frames (up to 1439s, folder 48)
  Saved 1450 frames (up to 1449s, folder 49)
  Saved 1460 frames (up to 1459s, folder 49)
  Saved 1470 frames (up to 1469s, folder 49)
  Saved 1480 frames (up to 1479s, folder 50)
  Saved 1490 frames (up to 1489s, folder 50)
  Saved 1500 frames (up to 1499s, folder 50)
  Saved 1510 frames (up to 1509s, folder 51)
  Saved 1520 frames (up to 1519s, folder 51)
  Saved 1530 frames (up to 1529s, folder 51)
  Saved 1540 frames (up to 1539s, folder 52)
  Saved 1550 frames (up to 1549s, folder 52)
  Saved 1560 frames (up to 1559s, folder 52)
  Saved 1570 frames (up to 1569s, folder 53)
  Saved 1580 frames (up to 1579s, folder 53)
  Saved 1590 frames (up to 1589s, folder 53)
  Saved 1600 frames (up to 1599s, folder 54)
  Saved 1610 frames (up to 1609s, folder 54)
  Saved 1620 frames (up to 1619s, folder 54)
  Saved 1630 frames (up to 1629s, folder 55)
  Saved 1640 frames (up to 1639s, folder 55)
  Saved 1650 frames (up to 1649s, folder 55)
  Saved 1660 frames (up to 1659s, folder 56)
  Saved 1670 frames (up to 1669s, folder 56)
  Saved 1680 frames (up to 1679s, folder 56)
  Saved 1690 frames (up to 1689s, folder 57)
  Saved 1700 frames (up to 1699s, folder 57)
  Saved 1710 frames (up to 1709s, folder 57)
  Saved 1720 frames (up to 1719s, folder 58)
  Saved 1730 frames (up to 1729s, folder 58)
  Saved 1740 frames (up to 1739s, folder 58)
  Saved 1750 frames (up to 1749s, folder 59)
  Saved 1760 frames (up to 1759s, folder 59)
  Saved 1770 frames (up to 1769s, folder 59)
  Saved 1780 frames (up to 1779s, folder 60)
  Saved 1790 frames (up to 1789s, folder 60)
  Saved 1800 frames (up to 1799s, folder 60)
  Saved 1810 frames (up to 1809s, folder 61)
  Saved 1820 frames (up to 1819s, folder 61)
  Saved 1830 frames (up to 1829s, folder 61)
  Saved 1840 frames (up to 1839s, folder 62)
  Saved 1850 frames (up to 1849s, folder 62)
  Saved 1860 frames (up to 1859s, folder 62)
  Saved 1870 frames (up to 1869s, folder 63)

✓ Extracted 1873 frames to data/frames/office_05

✓ Successfully processed office_05: 1873 frames saved
--------------------------------
Processing folder:  data/frames/office_05/1
Inserted 17 triples into graph for clip 1
--------------------------------
Processing folder:  data/frames/office_05/2
Inserted 20 triples into graph for clip 2
--------------------------------
Processing folder:  data/frames/office_05/3
Inserted 22 triples into graph for clip 3
--------------------------------
Processing folder:  data/frames/office_05/4
Inserted 16 triples into graph for clip 4
--------------------------------
Processing folder:  data/frames/office_05/5
Extracting summary for completed conversation 1...
Warning: Character '<Claire>' not found in graph, skipping attribute: supportive team member
Warning: Character '<Claire>' not found in graph, skipping relationship
✓ Conversation summary extracted. Attributes: 7, Relationships: 3
Inserted 31 triples into graph for clip 5
--------------------------------
Processing folder:  data/frames/office_05/6
Inserted 20 triples into graph for clip 6
--------------------------------
Processing folder:  data/frames/office_05/7
Inserted 19 triples into graph for clip 7
--------------------------------
Processing folder:  data/frames/office_05/8
Extracting summary for completed conversation 2...
✓ Conversation summary extracted. Attributes: 1, Relationships: 0
Inserted 15 triples into graph for clip 8
--------------------------------
Processing folder:  data/frames/office_05/9
Inserted 16 triples into graph for clip 9
--------------------------------
Processing folder:  data/frames/office_05/10
Inserted 18 triples into graph for clip 10
--------------------------------
Processing folder:  data/frames/office_05/11
Inserted 17 triples into graph for clip 11
--------------------------------
Processing folder:  data/frames/office_05/12
Inserted 15 triples into graph for clip 12
--------------------------------
Processing folder:  data/frames/office_05/13
Inserted 26 triples into graph for clip 13
--------------------------------
Processing folder:  data/frames/office_05/14
Inserted 21 triples into graph for clip 14
--------------------------------
Processing folder:  data/frames/office_05/15
Inserted 16 triples into graph for clip 15
--------------------------------
Processing folder:  data/frames/office_05/16
Inserted 13 triples into graph for clip 16
--------------------------------
Processing folder:  data/frames/office_05/17
Inserted 20 triples into graph for clip 17
--------------------------------
Processing folder:  data/frames/office_05/18
Inserted 15 triples into graph for clip 18
--------------------------------
Processing folder:  data/frames/office_05/19
Inserted 21 triples into graph for clip 19
--------------------------------
Processing folder:  data/frames/office_05/20
Inserted 21 triples into graph for clip 20
--------------------------------
Processing folder:  data/frames/office_05/21
Inserted 17 triples into graph for clip 21
--------------------------------
Processing folder:  data/frames/office_05/22
Extracting summary for completed conversation 3...
✓ Conversation summary extracted. Attributes: 8, Relationships: 4
Inserted 17 triples into graph for clip 22
--------------------------------
Processing folder:  data/frames/office_05/23
Inserted 25 triples into graph for clip 23
--------------------------------
Processing folder:  data/frames/office_05/24
Inserted 26 triples into graph for clip 24
--------------------------------
Processing folder:  data/frames/office_05/25
Inserted 12 triples into graph for clip 25
--------------------------------
Processing folder:  data/frames/office_05/26
Inserted 17 triples into graph for clip 26
--------------------------------
Processing folder:  data/frames/office_05/27
Inserted 20 triples into graph for clip 27
--------------------------------
Processing folder:  data/frames/office_05/28
Inserted 18 triples into graph for clip 28
--------------------------------
Processing folder:  data/frames/office_05/29
Inserted 16 triples into graph for clip 29
--------------------------------
Processing folder:  data/frames/office_05/30
Inserted 14 triples into graph for clip 30
--------------------------------
Processing folder:  data/frames/office_05/31
Inserted 18 triples into graph for clip 31
--------------------------------
Processing folder:  data/frames/office_05/32
Inserted 19 triples into graph for clip 32
--------------------------------
Processing folder:  data/frames/office_05/33
Inserted 18 triples into graph for clip 33
--------------------------------
Processing folder:  data/frames/office_05/34
Inserted 27 triples into graph for clip 34
--------------------------------
Processing folder:  data/frames/office_05/35
Inserted 18 triples into graph for clip 35
--------------------------------
Processing folder:  data/frames/office_05/36
Inserted 23 triples into graph for clip 36
--------------------------------
Processing folder:  data/frames/office_05/37
Inserted 30 triples into graph for clip 37
--------------------------------
Processing folder:  data/frames/office_05/38
Inserted 13 triples into graph for clip 38
--------------------------------
Processing folder:  data/frames/office_05/39
Inserted 26 triples into graph for clip 39
--------------------------------
Processing folder:  data/frames/office_05/40
Inserted 34 triples into graph for clip 40
--------------------------------
Processing folder:  data/frames/office_05/41
Inserted 19 triples into graph for clip 41
--------------------------------
Processing folder:  data/frames/office_05/42
Inserted 18 triples into graph for clip 42
--------------------------------
Processing folder:  data/frames/office_05/43
Inserted 23 triples into graph for clip 43
--------------------------------
Processing folder:  data/frames/office_05/44
Inserted 25 triples into graph for clip 44
--------------------------------
Processing folder:  data/frames/office_05/45
Inserted 22 triples into graph for clip 45
--------------------------------
Processing folder:  data/frames/office_05/46
Inserted 19 triples into graph for clip 46
--------------------------------
Processing folder:  data/frames/office_05/47
Inserted 24 triples into graph for clip 47
--------------------------------
Processing folder:  data/frames/office_05/48
Inserted 24 triples into graph for clip 48
--------------------------------
Processing folder:  data/frames/office_05/49
Extracting summary for completed conversation 4...
✓ Conversation summary extracted. Attributes: 10, Relationships: 6
Inserted 18 triples into graph for clip 49
--------------------------------
Processing folder:  data/frames/office_05/50
Inserted 14 triples into graph for clip 50
--------------------------------
Processing folder:  data/frames/office_05/51
Inserted 17 triples into graph for clip 51
--------------------------------
Processing folder:  data/frames/office_05/52
Inserted 27 triples into graph for clip 52
--------------------------------
Processing folder:  data/frames/office_05/53
Inserted 20 triples into graph for clip 53
--------------------------------
Processing folder:  data/frames/office_05/54
Inserted 19 triples into graph for clip 54
--------------------------------
Processing folder:  data/frames/office_05/55
Inserted 17 triples into graph for clip 55
--------------------------------
Processing folder:  data/frames/office_05/56
Inserted 20 triples into graph for clip 56
--------------------------------
Processing folder:  data/frames/office_05/57
Extracting summary for completed conversation 5...
✓ Conversation summary extracted. Attributes: 7, Relationships: 4
Inserted 26 triples into graph for clip 57
--------------------------------
Processing folder:  data/frames/office_05/58
Inserted 30 triples into graph for clip 58
--------------------------------
Processing folder:  data/frames/office_05/59
Inserted 20 triples into graph for clip 59
--------------------------------
Processing folder:  data/frames/office_05/60
Inserted 31 triples into graph for clip 60
--------------------------------
Processing folder:  data/frames/office_05/61
Extracting summary for completed conversation 6...
✓ Conversation summary extracted. Attributes: 6, Relationships: 3
Inserted 18 triples into graph for clip 61
--------------------------------
Processing folder:  data/frames/office_05/62
Inserted 18 triples into graph for clip 62
--------------------------------
Processing folder:  data/frames/office_05/63
Extracting summary for completed conversation 7...
✓ Conversation summary extracted. Attributes: 4, Relationships: 2
Inserted 18 triples into graph for clip 63
Inserting character appearances for 5 characters...
✓ Character appearances inserted: 30 appearance edges created
247 node embeddings inserted (6 characters, 241 objects)
1352 edge embeddings inserted
Generating character attributes...
Number of edges:  1352
Character attributes generated.
Number of edges:  1383
Character relationships generated.
Number of edges:  1420
✓ Graph memory built for office_05
Question: What coffee does Marry need?

[Step 1] Searching the graph...
Parse Query Output:
{
  "query_triple": ["<Marry>", "needs", "coffee", 0.95, 0.35, 0.6],
  "spatial_constraint": null,
  "speaker_strict": null,
  "allocation": {
    "k_high_level": 5,
    "k_low_level": 37,
    "k_conversations": 8,
    "total_k": 50,
    "reasoning": "Action/state query about a specific item; prioritize low-level edges for concrete need/objects, keep small buffer for conversations that might state preferences, and minimal high-level for any trait/context."
  }
}

Graph Search Results:
**High-Level Information (Character Attributes and Relationships): **

Character Relationships:
- Jenny collaborates with Marry (90)
- Marry works with Jenny (85)
- Claire supports Marry (80)
- Jenny admires/respects Marry (85)
- Marry leads/mentors Jenny (82)

**Low-Level Information (Actions and Events): **

[1] Marry sets back glass. (office)
[3] Marry sips from glass of dark drink. (office)
[4] Marry holds glass. (office)
[7] Marry takes cup. (office)
[7] Marry drinks from cup. (office)
[8] Marry picks up bottled drink. (office)
[8] Marry places bottled drink. (office)
[8] Marry works on computer. (office)
[9] Marry picks up bottled drink. (office)
[9] Marry places bottle. (office)
[10] Marry works on computer. (office)
[10] Marry places cup. (office)
[11] Marry holds cup. (office)
[11] Marry raises cup. (office)
[11] Marry takes paper. (office)
[12] Marry lifts paper cup. (office)
[13] Marry holds cup. (office)
[19] Marry picks up from cup. (office)
[19] Marry sets down cup. (office)
[34] Marry reads paper. (office)
[37] Marry sets down cup. (office)
[38] Marry references paper. (office)
[44] Marry references paper. (office)
[47] Marry asks for coffee. (office)
[47] coffee is the same as drinks Marry. (office)
[48] Marry takes glass. (office)
[52] Marry accepts drink. (office)
[52] Marry holds glass. (office)
[53] Marry references paper. (office)
[57] Marry has paper. (office)
[58] Marry holds drink glass on desk. (office)
[62] Marry asks about Jenny's coffee. (office)
[62] Marry requests help to bring back coffee. (office)
[62] glass of coffee moves to Marry. (office)
[62] Marry takes coffee. (office)
[63] Marry picks up paper cup. (office)
[63] Marry sets paper cup. (office)

**Conversations: **

Conversation 7: Marry was looking for her coffee, and Jenny informed her it was on Jenny's desk. Marry asked for help retrieving it, and Jenny agreed. The exchange concluded with Marry expressing gratitude.
[62] Marry: oh where's my coffee
[62] Marry: do you know where's my coffee
[62] Jenny: your coffee is on Jenny's desk
[62] Marry: oh so um could you help me to bring it back

Conversation 4: Marry leads the development of an advertisement outline for a smart toothbrush, proposing a structure with problem introduction, product features, comparative tests, and a final highlight of proprietary technology and app feedback, leaving some suspense for influencer reviews. Jenny records the outline, suggests adding product close-ups, and agrees with the credibility strategy. Claire assists by providing materials and handling coffee orders. The team aligns on a clear ad concept and promotional approach.
[47] Marry: and that because I had a lot of experience
[47] Jenny: oh my God you are so smart
[47] Marry: Claire could you please prepare the coffee to Jenny
[47] Jenny: no Claire
[47] Jenny: I don't want black coffee
[48] Jenny: amazing I need to learn from you
[48] Marry: wow
[48] Marry: so you are going to start drink the same coffee to me
[48] Marry: that's okay so Claire
[48] Marry: could you please prepare
[48] Marry: cappuccino to Jenny
[48] Claire: sure

Conversation 1: Marry, Jenny, and Claire chat over coffee while discussing workload. Marry finished editing and sending a client video, while Jenny still needs to write and record a short news script before the end of the workday. They reflect on the demanding nature of content creation, and Jenny encourages Marry to rest as Claire agrees to refill coffee.
[1] Marry: hmm
[1] Marry: the cappuccino today is very delicious
[1] Marry: are you still having black coffee today Jenny
[1] Jenny: yes
[2] Marry: oh
[4] Marry: sometimes the tasks are very urgent
[4] Marry: making us constantly tense
[4] Marry: Claire could you please refill the coffee
[4] Claire: okay
[4] Jenny: say no more you should take a good rest

[Step 2] Evaluating semantic answer...
Action: [Answer]
Content: Marry needs her coffee from Jenny’s desk.
FINAL ANSWER (from graph):
Marry needs her coffee from Jenny’s desk.
Question: What job is Jenny busy with?

[Step 1] Searching the graph...
Parse Query Output:
{
  "query_triple": ["<Jenny>", "is busy with", "?", 0.95, 0.3, 0.15],
  "spatial_constraint": null,
  "speaker_strict": null,
  "allocation": {
    "k_high_level": 6,
    "k_low_level": 36,
    "k_conversations": 8,
    "total_k": 50,
    "reasoning": "Action/state query about a specific task; prioritize low-level edges to find concrete activities, with some high-level for role/context and a small amount of conversations for mentions of being busy."
  }
}

Graph Search Results:
**High-Level Information (Character Attributes and Relationships): **

Character Attributes:
- Jenny is: medium build (100), female (100), lapel mic (100)

Character Relationships:
- Jenny collaborates with Marry (90)
- Marry works with Jenny (85)
- Marry colleagues with Jenny (85)

**Low-Level Information (Actions and Events): **

[1] Jenny looks at Jenny's drink. (office)
[2] Jenny looks at Jenny's laptop. (office)
[3] Jenny talks to Marry. (office)
[3] Jenny focuses on Jenny's laptop. (office)
[4] Jenny continues working on Jenny's laptop. (office)
[13] Jenny talks to Marry. (office)
[13] Jenny looks at screen. (office)
[14] Jenny talks to Marry. (office)
[15] Jenny looks at stack of paper. (office)
[15] Jenny looks at screen. (office)
[17] Jenny works on laptop. (office)
[18] Jenny looks at screen. (office)
[21] Jenny works at computer. (office)
[27] Jenny is in background. (office)
[30] Jenny is in background. (office)
[33] Jenny focuses on monitor. (office)
[36] Jenny works on laptop. (office)
[37] Jenny continues working. (office)
[39] Jenny talks to Marry. (office)
[41] Jenny discusses with Marry. (office)
[45] Jenny follows along with note. (office)
[45] Jenny keeps attention on laptop. (office)
[45] Jenny keeps attention on paper. (office)
[47] Jenny talks to Marry. (office)
[47] Jenny gestures with hand. (office)
[47] coffee is prepared for Jenny. (office)
[48] Jenny talks to Marry. (office)
[55] Jenny is at desk. (office)
[55] Marry talks to Jenny. (office)
[56] Marry talks to Jenny. (office)
[57] Jenny talks to Marry. (office)
[58] Jenny keeps focusing on phone. (office)
[60] Jenny is at desk. (office)
[60] Marry talks to Jenny. (office)
[60] Jenny works quietly at Jenny's computer. (office)
[63] Jenny works on laptop. (office)

**Conversations: **

Conversation 1: Marry, Jenny, and Claire chat over coffee while discussing workload. Marry finished editing and sending a client video, while Jenny still needs to write and record a short news script before the end of the workday. They reflect on the demanding nature of content creation, and Jenny encourages Marry to rest as Claire agrees to refill coffee.
[1] Jenny: yes
[2] Marry: oh
[2] Jenny: finished with work
[3] Jenny: Marry
[3] Marry: yeah the video for the client is finally edited
[4] Claire: okay
[4] Jenny: say no more you should take a good rest
[4] Jenny: I still have to keep working

Conversation 3: Jenny asks Marry to help create an outline for a promotional video about an electric toothbrush. They identify key selling points: month-long battery life, multiple brushing modes tailored to different times/needs, and an app-enabled feature that records and analyzes brushing habits to provide feedback. Marry challenges the value of replaceable brush heads as a selling point and agrees to help, motivated by Jenny’s offer of a meal. Claire is asked to summarize the product features.
[10] Jenny: what's up Marry
[10] Jenny: are you interested in my work too
[10] Jenny: want to help me out
[10] Marry: sure you can tell me if you need any help
[10] Marry: I have nothing to do right now anyway
[10] Jenny: it's still early
[10] Jenny: before getting on work
[10] Jenny: have you finished all your tasks today
[11] Marry: I'm done with everything
[11] Marry: but I was so busy today that
[11] Marry: I even haven't lunch
[11] Jenny: so busy that you even have lunch
[11] Jenny: my God
[11] Marry: actually it wasn't supposed
[13] Jenny: like this
[13] Jenny: help me come up with
[13] Jenny: an outline
[13] Jenny: for a video about promoting a toothbrush product
[13] Marry: oh
[18] Marry: because now every manufacturer's electric toothbrush
[18] Marry: comes with a replacement set
[18] Jenny: hmm
[18] Jenny: agree too
[19] Marry: okay

[Step 2] Evaluating semantic answer...
Action: [Answer]
Content: Jenny is busy writing and recording a short news script before the end of the workday.
FINAL ANSWER (from graph):
Jenny is busy writing and recording a short news script before the end of the workday.
Question: Has Jenny eaten enough for lunch?

[Step 1] Searching the graph...
Parse Query Output:
{
  "query_triple": ["<Jenny>", "eats", "lunch", 0.95, 0.5, 0.6],
  "spatial_constraint": null,
  "speaker_strict": null,
  "allocation": {
    "k_high_level": 6,
    "k_low_level": 22,
    "k_conversations": 22,
    "total_k": 50,
    "reasoning": "Assessing whether Jenny ate enough requires actions (what/amount consumed) and conversations (comments about fullness or adequacy). Use some high-level for traits like 'hungry/full' or dietary habits."
  }
}

Graph Search Results:
**High-Level Information (Character Attributes and Relationships): **

Character Relationships:
- Jenny collaborates with Marry (90)
- Jenny relies on Claire (85)
- Marry works with Jenny (85)
- Jenny admires/respects Marry (85)
- Marry encourages Jenny (75)
- Jenny appreciates Marry (75)

**Low-Level Information (Actions and Events): **

[12] Jenny looks up from laptop. (office)
[13] Jenny points at laptop. (office)
[17] Jenny works on laptop. (office)
[20] Jenny sits at desk. (office)
[20] Jenny looks at laptop. (office)
[25] Jenny sits at desk. (office)
[28] Jenny sits at desk. (office)
[29] Jenny sits at desk. (office)
[30] Jenny sits at desk. (office)
[32] Jenny sits at desk. (office)
[33] Jenny sits at desk. (office)
[36] Jenny sits at desk. (office)
[36] Jenny works on laptop. (office)
[37] Jenny sits at desk. (office)
[37] Jenny faces laptop. (office)
[38] Jenny sits at desk. (office)
[41] Jenny sits at desk. (office)
[42] Jenny looks at laptop screen. (office)
[43] Jenny keeps eyes on laptop. (office)
[45] Jenny looks at laptop screen. (office)
[63] Jenny sits at left desk. (office)
[63] Jenny works on laptop. (office)

**Conversations: **

Conversation 3: Jenny asks Marry to help create an outline for a promotional video about an electric toothbrush. They identify key selling points: month-long battery life, multiple brushing modes tailored to different times/needs, and an app-enabled feature that records and analyzes brushing habits to provide feedback. Marry challenges the value of replaceable brush heads as a selling point and agrees to help, motivated by Jenny’s offer of a meal. Claire is asked to summarize the product features.
[10] Jenny: it's still early
[10] Jenny: before getting on work
[10] Jenny: have you finished all your tasks today
[11] Marry: I'm done with everything
[11] Marry: don't think I'm free now
[11] Marry: but I was so busy today that
[11] Marry: I even haven't lunch
[11] Jenny: so busy that you even have lunch
[11] Jenny: my God
[11] Marry: actually it wasn't supposed
[12] Marry: fortunately it's finished
[12] Jenny: how about helping me write the script now
[12] Jenny: you haven't had lunch
[12] Jenny: if you help me I will treat you
[13] Marry: sure a free meal shouldn't be wasted
[16] Marry: I charge my toothbrush every two weeks
[16] Marry: and sometimes it feels quite troublesome
[16] Jenny: yes
[16] Jenny: second it has many modes such as day mode night mode
[17] Jenny: host meal mode and so on
[17] Jenny: adjusting different modes for different needs and times
[17] Marry: this is also a pain point
[17] Jenny: third it comes with many replaceable toothbrush hands
[18] Jenny: as part of the set
[18] Jenny: right
[18] Marry: I think this can't be considered a selling point
[18] Marry: it feels very ordinary
[18] Marry: because now every manufacturer's electric toothbrush
[18] Marry: comes with a replacement set
[18] Jenny: hmm
[18] Jenny: agree too
[19] Marry: okay

Conversation 5: Marry and Jenny discuss dinner plans after Marry helped Claire/Jenny with an outline. Jenny offers to order pizza and treat, while Marry prefers not to eat too much but agrees and asks that food not be wasted. Both mention having eaten little at lunch, and Jenny asks Claire/Marry to help order the meal.
[53] Marry: what about the meal then
[53] Jenny: hmm I know I know
[53] Jenny: I will order meal for you
[53] Jenny: hmm what do you want to eat
[54] Jenny: hmm what do you want to eat
[54] Marry: hmm
[54] Marry: although I didn't eat lunch
[54] Marry: but I don't want to eat too much at dinner
[54] Jenny: hmm how about pizza
[54] Jenny: I can treat you it
[54] Marry: pizza
[55] Marry: it's almost it's almost the time for dinner so
[55] Marry: I shouldn't eat too much
[55] Jenny: you forgot I can eat too
[55] Marry: okay I will listen to you anyway
[55] Marry: will you help me get rid of this
[55] Marry: I hope it shouldn't be wasted
[55] Jenny: okay I was a bit busy and at noon too
[55] Jenny: so I just had a little something to eat
[56] Marry: oh what do you have for lunch
[56] Jenny: hmm I
[56] Jenny: only ate some bread at noon and didn't eat much
[56] Marry: oh that's terrible
[56] Marry: it seems that you didn't eat well at noon either
[56] Jenny: yeah Claire
[56] Jenny: can you help order meal
[56] Marry: yes
[56] Jenny: here you go

Conversation 1: Marry, Jenny, and Claire chat over coffee while discussing workload. Marry finished editing and sending a client video, while Jenny still needs to write and record a short news script before the end of the workday. They reflect on the demanding nature of content creation, and Jenny encourages Marry to rest as Claire agrees to refill coffee.
[1] Marry: the cappuccino today is very delicious
[1] Marry: are you still having black coffee today Jenny
[1] Jenny: yes
[2] Marry: oh
[2] Jenny: finished with work
[3] Jenny: Marry
[3] Marry: yeah the video for the client is finally edited

Conversation 4: Marry leads the development of an advertisement outline for a smart toothbrush, proposing a structure with problem introduction, product features, comparative tests, and a final highlight of proprietary technology and app feedback, leaving some suspense for influencer reviews. Jenny records the outline, suggests adding product close-ups, and agrees with the credibility strategy. Claire assists by providing materials and handling coffee orders. The team aligns on a clear ad concept and promotional approach.
[38] Marry: and talking about the trouble of brushing
[38] Marry: their teeth in front of the screen
[38] Jenny: yes
[38] Marry: hmm okay
[38] Marry: for example

Conversation 6: Claire asked Jenny to make a payment, and Jenny agreed. Jenny mentioned a delivery arriving in 30 minutes and aimed to finish writing before it arrives, with encouragement from Marry. Marry considered working ahead on her own tasks, and both expressed a cooperative, supportive tone.
[58] Claire: Jenny
[58] Jenny: yes
[58] Claire: please pay it
[58] Jenny: okay I will
[59] Jenny: don't worry
[59] Jenny: with your help my brain will are so smart and clean
[59] Jenny: hmm maybe I think I can finish it
[60] Jenny: hmm within 30 minutes
[60] Marry: okay
[60] Marry: hmm I
[60] Marry: don't know maybe I finish the work ahead
[60] Jenny: okay

Conversation 7: Marry was looking for her coffee, and Jenny informed her it was on Jenny's desk. Marry asked for help retrieving it, and Jenny agreed. The exchange concluded with Marry expressing gratitude.
[62] Jenny: your coffee is on Jenny's desk
[62] Marry: oh so um could you help me to bring it back
[62] Jenny: sure
[62] Marry: thank you
[62] Marry: thank you so much

[Step 2] Evaluating semantic answer...
Action: [Answer]
Content: No, Jenny only ate some bread at lunch and didn’t eat much.
FINAL ANSWER (from graph):
No, Jenny only ate some bread at lunch and didn’t eat much.
Question: What is Marry going to do next?

[Step 1] Searching the graph...
Parse Query Output:
{
  "query_triple": ["<Marry>", "next action", "?", 0.95, 0.25, 0.15],
  "spatial_constraint": null,
  "speaker_strict": null,
  "allocation": {
    "k_high_level": 6,
    "k_low_level": 36,
    "k_conversations": 8,
    "total_k": 50,
    "reasoning": "Predictive/action query focusing on imminent actions; prioritize low-level edges to inspect recent and upcoming actions, with some high-level for intent cues and a small amount of conversations for hints about plans."
  }
}

Graph Search Results:
**High-Level Information (Character Attributes and Relationships): **

Character Attributes:
- Marry is: gray sneakers (100), bracelets on right wrist (100), female (100), beige short-sleeve top with small graphic (100), slim (100), light blue jeans (100)

**Low-Level Information (Actions and Events): **

[1] Marry sets back glass. (office)
[2] Marry keeps working on keyboard. (office)
[2] Marry walks left past desk. (office)
[3] Jenny looks toward Marry. (office)
[7] robot approaches Marry. (office)
[8] Marry works on computer. (office)
[10] Marry works on computer. (office)
[10] Marry walks to front of Jenny's desk. (office)
[13] Marry moves behind monitor. (office)
[13] Marry continues reading. (office)
[14] paper moves toward Marry. (office)
[21] Marry gives instructions. (office)
[21] Marry asks Claire. (office)
[21] Marry asks to handle task. (office)
[24] Marry leans forward. (office desk)
[28] Marry leans forward. (office)
[32] Marry looks toward monitor. (office)
[32] Marry steps closer to desk. (office)
[33] Marry continues observing screen. (office)
[34] robot walks toward Marry. (office)
[35] Marry keeps reading page. (office)
[35] Marry asks Jenny. (office)
[37] Marry directs Jenny. (office)
[39] Marry agrees to proceed. (office)
[40] Marry says after the introduction. (office)
[45] Marry continues pointing across sheet. (office)
[47] Marry looks toward computer. (office)
[47] Marry steps closer to seated coworker. (office)
[48] Marry asks Jenny. (office)
[58] Marry asks Jenny. (office)
[60] Jenny asks Marry. (office)
[60] Marry explains plan Jenny. (office)
[62] Marry asks Jenny. (office)
[62] glass of coffee moves to Marry. (office)
[62] Marry resumes working. (office)
[63] Marry looks toward Jenny. (office)

**Conversations: **

Conversation 4: Marry leads the development of an advertisement outline for a smart toothbrush, proposing a structure with problem introduction, product features, comparative tests, and a final highlight of proprietary technology and app feedback, leaving some suspense for influencer reviews. Jenny records the outline, suggests adding product close-ups, and agrees with the credibility strategy. Claire assists by providing materials and handling coffee orders. The team aligns on a clear ad concept and promotional approach.
[36] Marry: the advantage of these products are quite obvious
[36] Marry: so it's relatively easy to come up with an outline
[36] Marry: hmm
[37] Marry: is this one
[37] Marry: don't forget my meal
[40] Jenny: and fill in the transition and gaps thanks
[40] Jenny: okay I will write it down
[40] Jenny: you can continue Marry
[40] Marry: after the introduction
[40] Marry: we can then introduce the product
[43] Marry: thanks and
[44] Marry: and look
[44] Marry: the next step is the final one
[44] Marry: and it's also the most important step
[44] Marry: to differentiate our products from others
[47] Jenny: I don't want black coffee
[47] Jenny: I want coffee the same to you
[47] Marry: why
[47] Jenny: because you are so smart
[48] Jenny: amazing I need to learn from you

Conversation 1: Marry, Jenny, and Claire chat over coffee while discussing workload. Marry finished editing and sending a client video, while Jenny still needs to write and record a short news script before the end of the workday. They reflect on the demanding nature of content creation, and Jenny encourages Marry to rest as Claire agrees to refill coffee.
[1] Marry: hmm
[1] Marry: the cappuccino today is very delicious
[1] Marry: are you still having black coffee today Jenny

Conversation 3: Jenny asks Marry to help create an outline for a promotional video about an electric toothbrush. They identify key selling points: month-long battery life, multiple brushing modes tailored to different times/needs, and an app-enabled feature that records and analyzes brushing habits to provide feedback. Marry challenges the value of replaceable brush heads as a selling point and agrees to help, motivated by Jenny’s offer of a meal. Claire is asked to summarize the product features.
[10] Jenny: before getting on work
[10] Jenny: have you finished all your tasks today
[11] Marry: I'm done with everything
[11] Marry: don't think I'm free now
[11] Marry: but I was so busy today that
[16] Jenny: this toothbrush can be used for a month
[16] Jenny: on a single charge
[16] Marry: hmm
[16] Marry: this point is very important
[16] Marry: I charge my toothbrush every two weeks

Conversation 5: Marry and Jenny discuss dinner plans after Marry helped Claire/Jenny with an outline. Jenny offers to order pizza and treat, while Marry prefers not to eat too much but agrees and asks that food not be wasted. Both mention having eaten little at lunch, and Jenny asks Claire/Marry to help order the meal.
[53] Jenny: hmm what do you want to eat
[54] Jenny: hmm what do you want to eat
[54] Marry: hmm
[54] Marry: although I didn't eat lunch
[54] Marry: but I don't want to eat too much at dinner

[Step 2] Evaluating semantic answer...
Action: [Answer]
Content: Marry is going to continue working on the advertisement outline and direct Jenny on the next steps.
FINAL ANSWER (from graph):
Marry is going to continue working on the advertisement outline and direct Jenny on the next steps.
Question: What does Marry and Jenny's company do?

[Step 1] Searching the graph...
Parse Query Output:
{
  "query_triple": ["<Marry and Jenny's company>", "does", "?", 0.9, 0.25, 0.15],
  "spatial_constraint": null,
  "speaker_strict": null,
  "allocation": {
    "k_high_level": 8,
    "k_low_level": 12,
    "k_conversations": 30,
    "total_k": 50,
    "reasoning": "High-level edges for entity attributes (company domain/industry). Conversations prioritized to capture descriptions of what the company does. Some low-level edges for specific actions/services mentioned."
  }
}

Graph Search Results:
**High-Level Information (Character Attributes and Relationships): **

Character Attributes:
- Claire is: female (100)
- Jenny is: female (100), medium build (100)
- Marry is: female (100), slim (100)
- robot is: black gloves (100)
- unknown_1 is: female (100), slim (100)

**Low-Level Information (Actions and Events): **

[1] keyboard is at Marry's desk. (office)
[2] Jenny looks at Jenny's laptop. (office)
[10] laptop is at Jenny's desk. (office)
[10] paper is on Jenny's desk. (office)
[17] Jenny rests Jenny's hand. (office)
[17] Jenny's hand is near glass cup. (office)
[34] Jenny sits at Jenny's desk. (office)
[34] Jenny looks at Jenny's laptop. (office)
[56] smartphone is in <Jenny>'s right hand. (office)
[59] Jenny looks at Jenny's phone. (office)
[60] Jenny works quietly at Jenny's computer. (office)
[62] Marry asks about Jenny's coffee. (office)

**Conversations: **

Conversation 3: Jenny asks Marry to help create an outline for a promotional video about an electric toothbrush. They identify key selling points: month-long battery life, multiple brushing modes tailored to different times/needs, and an app-enabled feature that records and analyzes brushing habits to provide feedback. Marry challenges the value of replaceable brush heads as a selling point and agrees to help, motivated by Jenny’s offer of a meal. Claire is asked to summarize the product features.
[10] Jenny: what's up Marry
[10] Jenny: are you interested in my work too
[10] Jenny: want to help me out
[10] Marry: sure you can tell me if you need any help
[10] Marry: I have nothing to do right now anyway
[13] Jenny: like this
[13] Jenny: help me come up with
[13] Jenny: an outline
[13] Jenny: for a video about promoting a toothbrush product
[13] Marry: oh
[13] Jenny: yeah
[14] Marry: Maany requirements more specific ones
[14] Jenny: product team promotional videos
[14] Jenny: usually need to attractive views
[14] Jenny: showcase
[14] Jenny: the product's
[14] Jenny: advantage and encourage them to make a purchase
[14] Jenny: do you understand yes or no
[14] Jenny: and look so we need to ensure that
[14] Jenny: the outline covers the main sales
[14] Jenny: points of the product while being clear and engaging
[15] Jenny: you can look this
[16] Jenny: okay I will show you
[16] Jenny: sure first long battery life you know
[16] Jenny: compared to competitors
[16] Jenny: this toothbrush can be used for a month
[16] Jenny: on a single charge
[16] Marry: I charge my toothbrush every two weeks
[16] Marry: and sometimes it feels quite troublesome
[16] Jenny: yes
[16] Jenny: second it has many modes such as day mode night mode
[17] Jenny: host meal mode and so on
[17] Jenny: third it comes with many replaceable toothbrush hands
[18] Jenny: as part of the set
[18] Jenny: right
[18] Marry: I think this can't be considered a selling point
[18] Marry: it feels very ordinary
[18] Marry: because now every manufacturer's electric toothbrush
[18] Marry: comes with a replacement set
[18] Jenny: hmm
[18] Jenny: agree too
[19] Marry: okay
[19] Marry: look
[19] Jenny: find it find it
[19] Jenny: Marry
[19] Marry: one more thing
[19] Jenny: this toothbrush can record the user's brushing habits
[20] Jenny: algorithm best on record and provide
[20] Jenny: feedback to the user
[20] Jenny: through a mobile app
[21] Marry: wow so amazing
[21] Marry: Claire could you please
[21] Marry: summarize and print the products of the toothbrush
[21] Marry: that Jenny mentioned
[21] Claire: okay

Conversation 4: Marry leads the development of an advertisement outline for a smart toothbrush, proposing a structure with problem introduction, product features, comparative tests, and a final highlight of proprietary technology and app feedback, leaving some suspense for influencer reviews. Jenny records the outline, suggests adding product close-ups, and agrees with the credibility strategy. Claire assists by providing materials and handling coffee orders. The team aligns on a clear ad concept and promotional approach.
[38] Marry: and talking about the trouble of brushing
[38] Marry: their teeth in front of the screen
[38] Jenny: yes
[38] Marry: hmm okay
[38] Marry: for example
[38] Marry: ending with a rhetorical question
[38] Marry: did you really choose the right toothbrush
[39] Jenny: sorry Marry
[39] Jenny: I need to jot down the outline you just mentioned
[39] Jenny: Claire please give me a pen and some search paper
[40] Jenny: and fill in the transition and gaps thanks
[40] Jenny: okay I will write it down
[40] Jenny: you can continue Marry
[40] Marry: after the introduction
[40] Marry: we can then introduce the product
[44] Marry: the next step is the final one
[44] Marry: and it's also the most important step
[44] Marry: to differentiate our products from others
[44] Marry: introduce the products
[44] Marry: cutting edge technology
[44] Jenny: okay I know the toothbrush algorithm
[45] Marry: at the end briefly introduce the algorithm
[45] Marry: learning of our products and the app feedback
[45] Jenny: but Marry don't need a detailed explanation
[46] Marry: no need no need look
[46] Marry: we just leave a bit of suspense
[46] Marry: this is a more cost effective and widespread
[46] Marry: promotion that we can utilize
[46] Jenny: that's amazing Marry
[47] Jenny: how do your brain work so fast
[47] Marry: and that because I had a lot of experience
[47] Jenny: oh my God you are so smart
[47] Marry: Claire could you please prepare the coffee to Jenny
[47] Jenny: no Claire
[47] Jenny: I don't want black coffee
[48] Marry: that's okay so Claire
[48] Marry: could you please prepare
[48] Marry: cappuccino to Jenny
[48] Claire: sure

Conversation 1: Marry, Jenny, and Claire chat over coffee while discussing workload. Marry finished editing and sending a client video, while Jenny still needs to write and record a short news script before the end of the workday. They reflect on the demanding nature of content creation, and Jenny encourages Marry to rest as Claire agrees to refill coffee.
[1] Marry: hmm
[1] Marry: the cappuccino today is very delicious
[1] Marry: are you still having black coffee today Jenny
[1] Jenny: yes
[2] Marry: oh
[2] Jenny: finished with work
[3] Jenny: Marry
[3] Marry: yeah the video for the client is finally edited
[3] Marry: and has been sent out

Conversation 7: Marry was looking for her coffee, and Jenny informed her it was on Jenny's desk. Marry asked for help retrieving it, and Jenny agreed. The exchange concluded with Marry expressing gratitude.
[62] Jenny: your coffee is on Jenny's desk
[62] Marry: oh so um could you help me to bring it back
[62] Jenny: sure
[62] Marry: thank you
[62] Marry: thank you so much

Conversation 6: Claire asked Jenny to make a payment, and Jenny agreed. Jenny mentioned a delivery arriving in 30 minutes and aimed to finish writing before it arrives, with encouragement from Marry. Marry considered working ahead on her own tasks, and both expressed a cooperative, supportive tone.
[58] Claire: Jenny
[58] Jenny: yes
[58] Claire: please pay it
[58] Jenny: okay I will

[Step 2] Evaluating semantic answer...
Action: [Answer]
Content: They produce and promote video content, including advertising and client videos.
FINAL ANSWER (from graph):
They produce and promote video content, including advertising and client videos.
Question: How many selling points does the toothbrush products have?

[Step 1] Searching the graph...
Parse Query Output:
{
  "query_triple": [null, "selling points count", "toothbrush products", 0.1, 0.25, 0.6],
  "spatial_constraint": null,
  "speaker_strict": null,
  "allocation": {
    "k_high_level": 5,
    "k_low_level": 20,
    "k_conversations": 25,
    "total_k": 50,
    "reasoning": "Counting product selling points likely comes from dialogue or descriptions; allocate more to conversations, some to low-level edges for enumerated features, minimal high-level."
  }
}

Graph Search Results:
**High-Level Information (Character Attributes and Relationships): **

Character Attributes:
- Marry is: beige short-sleeve top with small graphic (100)
- robot is: camera holder (100)
- unknown_1 is: navy t-shirt with yellow graphic (100), seated at desk (100), light pants (100)

**Low-Level Information (Actions and Events): **

[7] Marry drinks from cup. (office)
[14] Marry watches screen. (office)
[20] Marry reviews page. (office)
[22] Marry watches monitor. (office)
[23] Marry watches monitor. (office)
[24] Marry watches screen. (office desk)
[25] Marry watches screen. (office)
[30] robot inserts new numbered line. (office)
[31] word is to third bullet point. (office)
[33] Marry watches monitor. (office)
[33] text is into bulleted point. (office)
[33] Marry reviews change. (office)
[34] robot watches sheet. (office)
[36] Marry reviews sheet. (office)
[40] Claire reviews printed document. (office)
[40] Claire uses pen. (office)
[40] Marry adds that they can then introduce the product. (office)
[44] Marry reviews sheet. (office)
[48] Jenny uses pen. (office)
[57] robot browses list of item on phone. (office)

**Conversations: **

Conversation 4: Marry leads the development of an advertisement outline for a smart toothbrush, proposing a structure with problem introduction, product features, comparative tests, and a final highlight of proprietary technology and app feedback, leaving some suspense for influencer reviews. Jenny records the outline, suggests adding product close-ups, and agrees with the credibility strategy. Claire assists by providing materials and handling coffee orders. The team aligns on a clear ad concept and promotional approach.
[35] Marry: that's great could you please give me your paper
[35] Jenny: yeah here you go
[36] Marry: I will carefully analyze the selling points.
[36] Marry: surprise hmm
[36] Marry: the advantage of these products are quite obvious
[37] Marry: first
[37] Marry: look this first when the camera cuts in
[38] Marry: yeah and actor is holding a toothbrush
[38] Marry: and talking about the trouble of brushing
[38] Marry: their teeth in front of the screen
[38] Marry: hmm okay
[38] Marry: for example
[38] Marry: frequent charging of toothbrush always not cleaning well
[38] Marry: and the other pain points finally
[38] Marry: ending with a rhetorical question
[38] Marry: did you really choose the right toothbrush
[39] Jenny: sorry Marry
[39] Jenny: I need to jot down the outline you just mentioned
[42] Marry: after introducing our features
[42] Marry: we also need to add some comparative tests of
[42] Marry: products usage to increase credibility
[42] Jenny: why is that wasn't there already an introduction
[42] Marry: but how can people believe you just by talking
[43] Marry: to increase credibility
[43] Marry: we can demonstrate
[43] Marry: the actual brushing improvement effects of
[43] Marry: the product toothbrush
[43] Marry: compared to a regular toothbrush
[43] Marry: by directly presenting the evidence
[43] Jenny: hmm got it
[44] Marry: introduce the products
[44] Marry: cutting edge technology
[44] Jenny: okay I know the toothbrush algorithm
[44] Jenny: yeah and continue
[45] Marry: hmm after introducing a serious problem

Conversation 3: Jenny asks Marry to help create an outline for a promotional video about an electric toothbrush. They identify key selling points: month-long battery life, multiple brushing modes tailored to different times/needs, and an app-enabled feature that records and analyzes brushing habits to provide feedback. Marry challenges the value of replaceable brush heads as a selling point and agrees to help, motivated by Jenny’s offer of a meal. Claire is asked to summarize the product features.
[13] Jenny: help me come up with
[13] Jenny: an outline
[13] Jenny: for a video about promoting a toothbrush product
[13] Marry: oh
[13] Jenny: yeah
[14] Jenny: and look so we need to ensure that
[14] Jenny: the outline covers the main sales
[14] Jenny: points of the product while being clear and engaging
[15] Jenny: you can look this
[15] Marry: is the toothbrush product electric or manual
[15] Jenny: an electric toothbrush
[15] Marry: oh so can you tell me the main
[15] Marry: so can you tell me
[15] Marry: the main selling point of these products
[16] Jenny: okay I will show you
[16] Jenny: sure first long battery life you know
[16] Jenny: compared to competitors
[16] Jenny: this toothbrush can be used for a month
[16] Jenny: on a single charge
[16] Marry: hmm
[16] Marry: this point is very important
[16] Marry: I charge my toothbrush every two weeks
[16] Marry: and sometimes it feels quite troublesome
[16] Jenny: yes
[17] Jenny: adjusting different modes for different needs and times
[17] Marry: this is also a pain point
[17] Marry: sometimes brushing teeth during the day can be rushed
[17] Marry: well brushing teeth at night takes longer
[17] Marry: which shows people with multiple needs
[17] Jenny: third it comes with many replaceable toothbrush hands
[18] Jenny: as part of the set
[18] Jenny: right
[18] Marry: I think this can't be considered a selling point
[18] Marry: it feels very ordinary
[18] Marry: because now every manufacturer's electric toothbrush
[18] Marry: comes with a replacement set
[18] Jenny: hmm
[19] Jenny: Marry
[19] Marry: one more thing
[19] Jenny: this toothbrush can record the user's brushing habits
[20] Marry: oh so what's the use of this
[20] Jenny: this is definitely a big sales point
[20] Jenny: this toothbrush analyzes the users bad brushing habits
[20] Jenny: using a
[20] Jenny: algorithm best on record and provide
[21] Marry: wow so amazing
[21] Marry: Claire could you please
[21] Marry: summarize and print the products of the toothbrush
[21] Marry: that Jenny mentioned
[21] Claire: okay

[Step 2] Evaluating semantic answer...
Action: [Answer]
Content: Four selling points.
FINAL ANSWER (from graph):
Four selling points.
Question: Where are the pen and draft paper?

[Step 1] Searching the graph...
Parse Query Output:
{
  "query_triple": ["pen+draft paper", "is at", "?", 0.8, 0.5, 0.15],
  "spatial_constraint": null,
  "speaker_strict": null,
  "allocation": {
    "k_high_level": 3,
    "k_low_level": 40,
    "k_conversations": 7,
    "total_k": 50,
    "reasoning": "Spatial location query for specific objects; prioritize low-level edges to find where pen and draft paper are, minimal need for high-level edges and limited conversations for any verbal mentions of placement."
  }
}

Graph Search Results:
**High-Level Information (Character Attributes and Relationships): **

Character Attributes:
- unknown_1 is: seated at desk (100), female (100), slim (100)

**Low-Level Information (Actions and Events): **

[1] keyboard is at Marry's desk. (office)
[1] laptop is at opposite desk. (office)
[2] paper is on side table near water dispenser. (office)
[3] Jenny's laptop is at desk. (office)
[7] laptop is at adjacent desk. (office)
[9] laptop is at left desk. (office)
[9] keyboard is at right desk. (office)
[10] laptop is at Jenny's desk. (office)
[10] paper is on Jenny's desk. (office)
[11] paper is on desk. (office)
[11] paper is from Jenny. (office)
[12] laptop is at desk. (office)
[14] Marry looks at paper on desk. (office)
[15] paper is on desk. (office)
[16] Marry points at paper on table. (office)
[18] Marry is at shared desk. (office)
[23] camera is at desktop monitor. (office)
[24] blank document is in word processor. (office desk)
[28] paper is on desk. (office)
[34] paper is from robot. (office)
[35] received paper is on desk. (office)
[36] paper is on table. (office)
[39] paper is on desk. (office)
[40] paper is on table. (office)
[42] paper is on table. (office)
[48] chair is at desk. (office)
[48] paper is on desk. (office)
[52] coworker is at desk. (office)
[52] paper is on desk. (office)
[55] Jenny is at desk. (office)
[57] Marry is at desk. (office)
[59] paper is on desk. (office)
[60] Jenny is at desk. (office)
[60] paper is on desk. (office)
[60] paper is in front of Jenny. (office)
[61] Jenny's laptop is at left desk. (office)
[61] keyboard is at right desk. (office)
[61] sheet of paper is on desk. (office)
[62] Jenny's laptop is at left desk. (office)
[62] keyboard is at right desk. (office)

**Conversations: **

Conversation 4: Marry leads the development of an advertisement outline for a smart toothbrush, proposing a structure with problem introduction, product features, comparative tests, and a final highlight of proprietary technology and app feedback, leaving some suspense for influencer reviews. Jenny records the outline, suggests adding product close-ups, and agrees with the credibility strategy. Claire assists by providing materials and handling coffee orders. The team aligns on a clear ad concept and promotional approach.
[35] Jenny: okay that's great
[35] Marry: could you please
[35] Marry: that's great could you please give me your paper
[35] Jenny: yeah here you go
[36] Marry: I will carefully analyze the selling points.
[38] Marry: did you really choose the right toothbrush
[39] Jenny: sorry Marry
[39] Jenny: I need to jot down the outline you just mentioned
[39] Jenny: Claire please give me a pen and some search paper
[39] Claire: okay
[39] Marry: why did you let the robot print it at the time
[39] Jenny: I could use notes to draft some parts
[40] Jenny: and fill in the transition and gaps thanks
[40] Jenny: okay I will write it down
[40] Jenny: you can continue Marry
[40] Marry: after the introduction

Conversation 3: Jenny asks Marry to help create an outline for a promotional video about an electric toothbrush. They identify key selling points: month-long battery life, multiple brushing modes tailored to different times/needs, and an app-enabled feature that records and analyzes brushing habits to provide feedback. Marry challenges the value of replaceable brush heads as a selling point and agrees to help, motivated by Jenny’s offer of a meal. Claire is asked to summarize the product features.
[12] Marry: made is much troublesome
[12] Marry: fortunately it's finished
[12] Jenny: how about helping me write the script now
[12] Jenny: you haven't had lunch
[12] Jenny: if you help me I will treat you

Conversation 1: Marry, Jenny, and Claire chat over coffee while discussing workload. Marry finished editing and sending a client video, while Jenny still needs to write and record a short news script before the end of the workday. They reflect on the demanding nature of content creation, and Jenny encourages Marry to rest as Claire agrees to refill coffee.
[3] Marry: and has been sent out
[3] Jenny: I'm so envious of you
[3] Jenny: I still have to write a short video script here
[3] Jenny: I just record
[3] Jenny: the news that I need to finish it

[Step 2] Evaluating semantic answer...
Action: [Answer]
Content: On Claire’s desk in the office, as Jenny asked Claire to provide a pen and draft paper.
FINAL ANSWER (from graph):
On Claire’s desk in the office, as Jenny asked Claire to provide a pen and draft paper.
Question: What coffee does Jenny want?

[Step 1] Searching the graph...
Parse Query Output:
{
  "query_triple": ["<Jenny>", "wants", "coffee", 0.95, 0.35, 0.6],
  "spatial_constraint": null,
  "speaker_strict": null,
  "allocation": {
    "k_high_level": 5,
    "k_low_level": 30,
    "k_conversations": 15,
    "total_k": 50,
    "reasoning": "Action/intent query about a specific object. Prioritize low-level edges to find actions/preferences tied to coffee; include some conversations for explicit statements like order requests; minimal high-level for traits/preferences."
  }
}

Graph Search Results:
**High-Level Information (Character Attributes and Relationships): **

Character Relationships:
- Jenny relies on Claire (85)
- Marry works with Jenny (85)
- Jenny collaborates with Marry (90)
- Jenny admires/respects Marry (85)
- Jenny shows supportive attitude toward Marry (86)

**Low-Level Information (Actions and Events): **

[1] Jenny looks at Jenny's drink. (office)
[3] Jenny reaches toward glass of dark drink. (office)
[3] Jenny leaves glass of dark drink. (office)
[14] Jenny adjusts paper. (office)
[18] Jenny sits at computer. (office)
[20] Jenny scrolls through content. (office)
[21] Jenny works at computer. (office)
[26] Jenny looks toward workspace. (office)
[37] Jenny hands cup. (office)
[39] Jenny asks for pen. (office)
[39] Jenny asks for paper. (office)
[40] Jenny looks at paper. (office)
[41] Jenny looks at paper. (office)
[43] Jenny looks at paper. (office)
[47] Jenny sits on chair. (office)
[47] coffee is prepared for Jenny. (office)
[47] Jenny does not want black coffee. (office)
[47] Jenny requests coffee. (office)
[48] Jenny sits on chair. (office)
[55] Jenny sits on chair. (office)
[55] Jenny writes paper. (office)
[55] Jenny sorts paper. (office)
[56] Jenny looks at paper. (office)
[59] Jenny sits on chair. (office)
[59] Jenny takes paper. (office)
[61] Jenny adjusts paper. (office)
[61] Jenny reaches for glass. (office)
[61] Jenny sets glass. (office)
[62] Jenny hands glass of coffee. (office)
[62] coffee is from Jenny. (office)

**Conversations: **

Conversation 4: Marry leads the development of an advertisement outline for a smart toothbrush, proposing a structure with problem introduction, product features, comparative tests, and a final highlight of proprietary technology and app feedback, leaving some suspense for influencer reviews. Jenny records the outline, suggests adding product close-ups, and agrees with the credibility strategy. Claire assists by providing materials and handling coffee orders. The team aligns on a clear ad concept and promotional approach.
[38] Marry: and talking about the trouble of brushing
[38] Marry: their teeth in front of the screen
[38] Jenny: yes
[38] Marry: hmm okay
[38] Marry: for example
[47] Marry: and that because I had a lot of experience
[47] Jenny: oh my God you are so smart
[47] Marry: Claire could you please prepare the coffee to Jenny
[47] Jenny: no Claire
[47] Jenny: I don't want black coffee
[47] Jenny: I want coffee the same to you
[47] Marry: why
[47] Jenny: because you are so smart
[48] Marry: that's okay so Claire
[48] Marry: could you please prepare
[48] Marry: cappuccino to Jenny
[48] Claire: sure

Conversation 7: Marry was looking for her coffee, and Jenny informed her it was on Jenny's desk. Marry asked for help retrieving it, and Jenny agreed. The exchange concluded with Marry expressing gratitude.
[62] Marry: oh where's my coffee
[62] Marry: do you know where's my coffee
[62] Jenny: your coffee is on Jenny's desk
[62] Marry: oh so um could you help me to bring it back
[62] Jenny: sure
[62] Marry: thank you
[62] Marry: thank you so much

Conversation 1: Marry, Jenny, and Claire chat over coffee while discussing workload. Marry finished editing and sending a client video, while Jenny still needs to write and record a short news script before the end of the workday. They reflect on the demanding nature of content creation, and Jenny encourages Marry to rest as Claire agrees to refill coffee.
[1] Marry: hmm
[1] Marry: the cappuccino today is very delicious
[1] Marry: are you still having black coffee today Jenny
[1] Jenny: yes
[2] Marry: oh
[2] Jenny: finished with work

Conversation 5: Marry and Jenny discuss dinner plans after Marry helped Claire/Jenny with an outline. Jenny offers to order pizza and treat, while Marry prefers not to eat too much but agrees and asks that food not be wasted. Both mention having eaten little at lunch, and Jenny asks Claire/Marry to help order the meal.
[53] Jenny: hmm I know I know
[53] Jenny: I will order meal for you
[53] Jenny: hmm what do you want to eat
[54] Jenny: hmm what do you want to eat
[54] Marry: hmm
[54] Marry: although I didn't eat lunch
[56] Jenny: can you help order meal
[56] Marry: yes
[56] Jenny: here you go

Conversation 3: Jenny asks Marry to help create an outline for a promotional video about an electric toothbrush. They identify key selling points: month-long battery life, multiple brushing modes tailored to different times/needs, and an app-enabled feature that records and analyzes brushing habits to provide feedback. Marry challenges the value of replaceable brush heads as a selling point and agrees to help, motivated by Jenny’s offer of a meal. Claire is asked to summarize the product features.
[16] Marry: I charge my toothbrush every two weeks
[16] Marry: and sometimes it feels quite troublesome
[16] Jenny: yes
[16] Jenny: second it has many modes such as day mode night mode
[17] Jenny: host meal mode and so on
[18] Marry: because now every manufacturer's electric toothbrush
[18] Marry: comes with a replacement set
[18] Jenny: hmm
[18] Jenny: agree too
[19] Marry: okay

Conversation 6: Claire asked Jenny to make a payment, and Jenny agreed. Jenny mentioned a delivery arriving in 30 minutes and aimed to finish writing before it arrives, with encouragement from Marry. Marry considered working ahead on her own tasks, and both expressed a cooperative, supportive tone.
[58] Claire: Jenny
[58] Jenny: yes
[58] Claire: please pay it
[58] Jenny: okay I will

[Step 2] Evaluating semantic answer...
Action: [Answer]
Content: Jenny wants a cappuccino.
FINAL ANSWER (from graph):
Jenny wants a cappuccino.
Question: What kind of takeout are needed?

[Step 1] Searching the graph...
Parse Query Output:
{
  "query_triple": [null, "takeout type needed", "?", 0.1, 0.3, 0.15],
  "spatial_constraint": null,
  "speaker_strict": null,
  "allocation": {
    "k_high_level": 4,
    "k_low_level": 32,
    "k_conversations": 14,
    "total_k": 50,
    "reasoning": "Vague action/state query about needed takeout; prioritize low-level edges for mentions like 'orders', 'needs', 'gets' takeout types (pizza, Chinese, etc.), and some conversations for explicit statements of preference or need."
  }
}

Graph Search Results:
**High-Level Information (Character Attributes and Relationships): **

Character Attributes:
- unknown_1 is: female (100), slim (100), long black hair (100), navy t-shirt with yellow graphic (100)

**Low-Level Information (Actions and Events): **

[5] robot discards empty sachet. (office break area)
[5] empty sachet is into trash bin. (office break area)
[6] robot moves away from filled cup. (office break area)
[6] filled cup is away from dispenser. (office break area)
[6] stirrer is from paper cup. (office break area)
[6] paper cup is on table. (office break area)
[7] spoon is in paper cup. (office)
[7] paper cup is on table. (office)
[7] robot holds clear cup. (office)
[7] robot hands clear cup. (office)
[7] clear cup is to Marry. (office)
[8] Marry picks up bottled drink. (office)
[8] Marry places bottled drink. (office)
[8] bottled drink is near keyboard. (office)
[9] Marry picks up bottled drink. (office)
[9] bottled drink is on desk. (office)
[12] Marry lifts paper cup. (office)
[22] software option is in menu. (office)
[22] robot closes menu. (office)
[49] robot drops empty sachet. (break room with water dispenser)
[49] empty sachet is into trash bin. (break room with water dispenser)
[50] metal spoon is from paper cup. (break area with water dispenser)
[50] paper cup is on table. (break area with water dispenser)
[51] spoonful of mixture is in paper cup. (break room with water dispenser)
[51] paper cup is on table. (break room with water dispenser)
[52] spoon is in paper cup. (office)
[52] paper cup is on table. (office)
[56] Marry comments about <Jenny>'s meal. (office)
[57] robot confirms selection. (office)
[63] Marry picks up paper cup. (office)
[63] Marry sets paper cup. (office)
[63] paper cup is near keyboard. (office)

**Conversations: **

Conversation 5: Marry and Jenny discuss dinner plans after Marry helped Claire/Jenny with an outline. Jenny offers to order pizza and treat, while Marry prefers not to eat too much but agrees and asks that food not be wasted. Both mention having eaten little at lunch, and Jenny asks Claire/Marry to help order the meal.
[53] Jenny: needless to say I'm truly convinced by you now
[53] Marry: okay so
[53] Marry: what about the meal then
[53] Jenny: hmm I know I know
[53] Jenny: I will order meal for you
[53] Jenny: hmm what do you want to eat
[54] Jenny: hmm what do you want to eat
[54] Marry: hmm
[54] Marry: although I didn't eat lunch
[54] Marry: but I don't want to eat too much at dinner
[54] Jenny: hmm how about pizza
[54] Jenny: I can treat you it
[54] Marry: pizza
[55] Jenny: okay I was a bit busy and at noon too
[55] Jenny: so I just had a little something to eat
[56] Marry: oh what do you have for lunch
[56] Jenny: hmm I
[56] Jenny: only ate some bread at noon and didn't eat much
[56] Marry: it seems that you didn't eat well at noon either
[56] Jenny: yeah Claire
[56] Jenny: can you help order meal
[56] Marry: yes
[56] Jenny: here you go

Conversation 3: Jenny asks Marry to help create an outline for a promotional video about an electric toothbrush. They identify key selling points: month-long battery life, multiple brushing modes tailored to different times/needs, and an app-enabled feature that records and analyzes brushing habits to provide feedback. Marry challenges the value of replaceable brush heads as a selling point and agrees to help, motivated by Jenny’s offer of a meal. Claire is asked to summarize the product features.
[10] Jenny: what's up Marry
[10] Jenny: are you interested in my work too
[10] Jenny: want to help me out
[10] Marry: sure you can tell me if you need any help
[10] Marry: I have nothing to do right now anyway
[12] Marry: moved up to the afternoon so I hurried to catch up
[12] Jenny: yeah I know this is really happened too much
[12] Marry: the main client added the requirements
[12] Marry: made is much troublesome
[12] Marry: fortunately it's finished
[13] Marry: oh
[13] Jenny: yeah
[14] Marry: Maany requirements more specific ones
[14] Jenny: product team promotional videos
[14] Jenny: usually need to attractive views
[16] Jenny: yes
[16] Jenny: second it has many modes such as day mode night mode
[17] Jenny: host meal mode and so on
[17] Jenny: adjusting different modes for different needs and times
[17] Marry: this is also a pain point
[17] Marry: sometimes brushing teeth during the day can be rushed
[17] Marry: well brushing teeth at night takes longer
[17] Marry: which shows people with multiple needs
[17] Jenny: third it comes with many replaceable toothbrush hands
[18] Jenny: as part of the set

Conversation 4: Marry leads the development of an advertisement outline for a smart toothbrush, proposing a structure with problem introduction, product features, comparative tests, and a final highlight of proprietary technology and app feedback, leaving some suspense for influencer reviews. Jenny records the outline, suggests adding product close-ups, and agrees with the credibility strategy. Claire assists by providing materials and handling coffee orders. The team aligns on a clear ad concept and promotional approach.
[38] Marry: did you really choose the right toothbrush
[39] Jenny: sorry Marry
[39] Jenny: I need to jot down the outline you just mentioned
[39] Jenny: Claire please give me a pen and some search paper
[39] Claire: okay
[48] Marry: so you are going to start drink the same coffee to me
[48] Marry: that's okay so Claire
[48] Marry: could you please prepare
[48] Marry: cappuccino to Jenny
[48] Claire: sure

[Step 2] Evaluating semantic answer...
Action: [Answer]
Content: Pizza.
FINAL ANSWER (from graph):
Pizza.
Question: What forms does Marry think are needed to express the characteristics of the product?

[Step 1] Searching the graph...
Parse Query Output:
{
  "query_triple": ["<Marry>", "thinks needed forms to express characteristics of product", null, 0.95, 0.25, 0.1],
  "spatial_constraint": null,
  "speaker_strict": ["<Marry>"],
  "allocation": {
    "k_high_level": 4,
    "k_low_level": 6,
    "k_conversations": 40,
    "total_k": 50,
    "reasoning": "This is a 'what does Marry think' question about forms and product characteristics, which is best answered via dialogue content. Prioritize conversations spoken by Marry; minimal high/low-level edges for any supportive context."
  }
}

Graph Search Results:
**High-Level Information (Character Attributes and Relationships): **

Character Attributes:
- Marry is: female (100), beige short-sleeve top with small graphic (100), slim (100), light blue jeans (100)

**Low-Level Information (Actions and Events): **

[8] Marry types on keyboard connected to desktop monitor. (office)
[9] Marry types on keyboard. (office)
[40] Marry adds that they can then introduce the product. (office)
[54] Marry thinks. (office)
[60] Marry thinks. (office)
[61] Marry types on keyboard. (office)

**Conversations: **

Conversation 4: Marry leads the development of an advertisement outline for a smart toothbrush, proposing a structure with problem introduction, product features, comparative tests, and a final highlight of proprietary technology and app feedback, leaving some suspense for influencer reviews. Jenny records the outline, suggests adding product close-ups, and agrees with the credibility strategy. Claire assists by providing materials and handling coffee orders. The team aligns on a clear ad concept and promotional approach.
[35] Marry: that's great could you please give me your paper
[35] Jenny: yeah here you go
[36] Marry: I will carefully analyze the selling points.
[36] Marry: surprise hmm
[36] Marry: the advantage of these products are quite obvious
[36] Marry: so it's relatively easy to come up with an outline
[36] Marry: hmm
[37] Marry: is this one
[37] Marry: don't forget my meal
[37] Jenny: okay I know
[37] Marry: let
[37] Marry: look
[37] Marry: first
[37] Marry: look this first when the camera cuts in
[38] Jenny: yes
[38] Marry: hmm okay
[38] Marry: for example
[38] Marry: frequent charging of toothbrush always not cleaning well
[38] Marry: and the other pain points finally
[38] Marry: ending with a rhetorical question
[38] Marry: did you really choose the right toothbrush
[39] Jenny: sorry Marry
[40] Jenny: you can continue Marry
[40] Marry: after the introduction
[40] Marry: we can then introduce the product
[40] Marry: we need to respond the question rise at the beginning
[41] Marry: and introduce the features of our products
[41] Marry: in the form of a written description
[41] Jenny: hmm how about adding a close-up of our product
[41] Marry: yes it can allow people
[41] Marry: watching the advertisements to have a more
[41] Marry: intuitive feel for our products
[41] Marry: and and look
[42] Marry: after introducing our features
[42] Marry: we also need to add some comparative tests of
[42] Marry: products usage to increase credibility
[42] Jenny: why is that wasn't there already an introduction
[42] Marry: but how can people believe you just by talking
[42] Marry: look you
[42] Marry: you have to perform it genuinely in the advertisements
[43] Marry: to increase credibility
[43] Marry: we can demonstrate
[43] Marry: the actual brushing improvement effects of
[43] Marry: the product toothbrush
[43] Marry: compared to a regular toothbrush
[43] Marry: by directly presenting the evidence
[44] Marry: the next step is the final one
[44] Marry: and it's also the most important step
[44] Marry: to differentiate our products from others
[44] Marry: introduce the products
[44] Marry: cutting edge technology
[44] Jenny: okay I know the toothbrush algorithm
[44] Jenny: yeah and continue
[45] Marry: hmm after introducing a serious problem
[45] Jenny: yeah I see
[45] Marry: hmm proposing solutions and demonstrating the effects
[45] Marry: we can showcase the technology
[45] Marry: that we exclusively possess
[45] Marry: at the end briefly introduce the algorithm
[45] Marry: learning of our products and the app feedback
[45] Jenny: but Marry don't need a detailed explanation
[46] Marry: no need no need look
[46] Marry: and there are many review bloggers
[46] Marry: this is a more cost effective and widespread
[46] Marry: promotion that we can utilize
[46] Jenny: that's amazing Marry
[47] Jenny: how do your brain work so fast
[47] Jenny: I don't want black coffee
[47] Jenny: I want coffee the same to you
[47] Marry: why
[47] Jenny: because you are so smart
[48] Jenny: amazing I need to learn from you

Conversation 3: Jenny asks Marry to help create an outline for a promotional video about an electric toothbrush. They identify key selling points: month-long battery life, multiple brushing modes tailored to different times/needs, and an app-enabled feature that records and analyzes brushing habits to provide feedback. Marry challenges the value of replaceable brush heads as a selling point and agrees to help, motivated by Jenny’s offer of a meal. Claire is asked to summarize the product features.
[12] Marry: moved up to the afternoon so I hurried to catch up
[12] Jenny: yeah I know this is really happened too much
[12] Marry: the main client added the requirements
[12] Marry: made is much troublesome
[12] Marry: fortunately it's finished
[13] Marry: oh
[13] Jenny: yeah
[14] Marry: Maany requirements more specific ones
[14] Jenny: product team promotional videos
[14] Jenny: usually need to attractive views
[14] Jenny: and look so we need to ensure that
[14] Jenny: the outline covers the main sales
[14] Jenny: points of the product while being clear and engaging
[15] Jenny: you can look this
[15] Marry: is the toothbrush product electric or manual
[15] Marry: oh so can you tell me the main
[15] Marry: so can you tell me
[15] Marry: the main selling point of these products
[16] Jenny: okay I will show you
[16] Jenny: sure first long battery life you know
[16] Jenny: this toothbrush can be used for a month
[16] Jenny: on a single charge
[16] Marry: hmm
[16] Marry: this point is very important
[16] Marry: I charge my toothbrush every two weeks
[17] Marry: sometimes brushing teeth during the day can be rushed
[17] Marry: well brushing teeth at night takes longer
[17] Marry: which shows people with multiple needs
[17] Jenny: third it comes with many replaceable toothbrush hands
[18] Jenny: as part of the set
[19] Marry: okay
[19] Marry: let me find the points
[19] Marry: look
[19] Jenny: find it find it
[19] Jenny: Marry
[19] Marry: one more thing
[19] Jenny: this toothbrush can record the user's brushing habits
[20] Marry: oh so what's the use of this
[20] Jenny: this is definitely a big sales point
[20] Jenny: this toothbrush analyzes the users bad brushing habits
[21] Marry: wow so amazing
[21] Marry: Claire could you please
[21] Marry: summarize and print the products of the toothbrush
[21] Marry: that Jenny mentioned
[21] Claire: okay

Conversation 1: Marry, Jenny, and Claire chat over coffee while discussing workload. Marry finished editing and sending a client video, while Jenny still needs to write and record a short news script before the end of the workday. They reflect on the demanding nature of content creation, and Jenny encourages Marry to rest as Claire agrees to refill coffee.
[1] Marry: hmm
[1] Marry: the cappuccino today is very delicious
[1] Marry: are you still having black coffee today Jenny
[3] Jenny: and submit it before getting off work
[3] Marry: I will be really busy lately
[3] Marry: as content creators
[4] Marry: it feels like we have to do everything every day
[4] Marry: sometimes the tasks are very urgent

Conversation 5: Marry and Jenny discuss dinner plans after Marry helped Claire/Jenny with an outline. Jenny offers to order pizza and treat, while Marry prefers not to eat too much but agrees and asks that food not be wasted. Both mention having eaten little at lunch, and Jenny asks Claire/Marry to help order the meal.
[52] Marry: thank you Claire
[53] Marry: so are you satisfied with the
[53] Marry: outline I help you organize
[53] Jenny: needless to say I'm truly convinced by you now
[53] Marry: okay so
[53] Jenny: hmm what do you want to eat
[54] Jenny: hmm what do you want to eat
[54] Marry: hmm
[54] Marry: although I didn't eat lunch
[54] Marry: but I don't want to eat too much at dinner

[Step 2] Evaluating semantic answer...
Action: [Answer]
Content: She suggests introducing the features in the form of a written description and adding product close-up shots for an intuitive feel.
FINAL ANSWER (from graph):
She suggests introducing the features in the form of a written description and adding product close-up shots for an intuitive feel.
Question: How does Marry think to distinguish products from competitors?

[Step 1] Searching the graph...
Parse Query Output:
{
  "query_triple": ["<Marry>", "thinks about distinguishing products from competitors", null, 0.95, 0.3, 0.1],
  "spatial_constraint": null,
  "speaker_strict": ["<Marry>"],
  "allocation": {
    "k_high_level": 6,
    "k_low_level": 9,
    "k_conversations": 35,
    "total_k": 50,
    "reasoning": "This is a 'how' reasoning question about Marry's strategy; prioritize conversations for her explanations, use some high-level edges for strategic traits/relationships, and a few low-level edges for any specific actions she mentions."
  }
}

Graph Search Results:
**High-Level Information (Character Attributes and Relationships): **

Character Attributes:
- Marry is: beige short-sleeve top with small graphic (100), female (100), light blue jeans (100), gray sneakers (100), slim (100), lapel mic (100)

**Low-Level Information (Actions and Events): **

[17] Marry discusses. (office)
[18] Marry discusses. (office)
[37] Marry compares paper. (office)
[40] Marry adds that they can then introduce the product. (office)
[45] Marry discusses paper. (office)
[46] Marry discusses paper. (office)
[53] Marry discusses. (office)
[54] Marry thinks. (office)
[60] Marry thinks. (office)

**Conversations: **

Conversation 4: Marry leads the development of an advertisement outline for a smart toothbrush, proposing a structure with problem introduction, product features, comparative tests, and a final highlight of proprietary technology and app feedback, leaving some suspense for influencer reviews. Jenny records the outline, suggests adding product close-ups, and agrees with the credibility strategy. Claire assists by providing materials and handling coffee orders. The team aligns on a clear ad concept and promotional approach.
[35] Marry: that's great could you please give me your paper
[35] Jenny: yeah here you go
[36] Marry: I will carefully analyze the selling points.
[36] Marry: surprise hmm
[36] Marry: the advantage of these products are quite obvious
[36] Marry: so it's relatively easy to come up with an outline
[36] Marry: hmm
[37] Marry: is this one
[37] Marry: don't forget my meal
[38] Marry: and the other pain points finally
[38] Marry: ending with a rhetorical question
[38] Marry: did you really choose the right toothbrush
[39] Jenny: sorry Marry
[39] Jenny: I need to jot down the outline you just mentioned
[40] Jenny: you can continue Marry
[40] Marry: after the introduction
[40] Marry: we can then introduce the product
[40] Marry: we need to respond the question rise at the beginning
[41] Marry: and introduce the features of our products
[41] Marry: in the form of a written description
[41] Jenny: hmm how about adding a close-up of our product
[41] Marry: yes it can allow people
[41] Marry: watching the advertisements to have a more
[41] Marry: intuitive feel for our products
[41] Marry: and and look
[42] Marry: after introducing our features
[42] Marry: we also need to add some comparative tests of
[42] Marry: products usage to increase credibility
[42] Jenny: why is that wasn't there already an introduction
[42] Marry: but how can people believe you just by talking
[42] Marry: look you
[42] Marry: you have to perform it genuinely in the advertisements
[43] Marry: to increase credibility
[43] Marry: we can demonstrate
[43] Marry: the actual brushing improvement effects of
[43] Marry: the product toothbrush
[43] Marry: compared to a regular toothbrush
[43] Marry: by directly presenting the evidence
[43] Jenny: hmm got it
[44] Marry: the next step is the final one
[44] Marry: and it's also the most important step
[44] Marry: to differentiate our products from others
[44] Marry: introduce the products
[44] Marry: cutting edge technology
[44] Jenny: okay I know the toothbrush algorithm
[44] Jenny: yeah and continue
[45] Marry: hmm after introducing a serious problem
[45] Jenny: yeah I see
[45] Marry: hmm proposing solutions and demonstrating the effects
[45] Marry: we can showcase the technology
[45] Marry: that we exclusively possess
[45] Marry: at the end briefly introduce the algorithm
[45] Marry: learning of our products and the app feedback
[45] Jenny: but Marry don't need a detailed explanation
[46] Marry: no need no need look
[46] Marry: and there are many review bloggers
[46] Marry: this is a more cost effective and widespread
[46] Marry: promotion that we can utilize
[46] Jenny: that's amazing Marry
[47] Jenny: how do your brain work so fast
[47] Jenny: I don't want black coffee
[47] Jenny: I want coffee the same to you
[47] Marry: why
[47] Jenny: because you are so smart
[48] Jenny: amazing I need to learn from you

Conversation 3: Jenny asks Marry to help create an outline for a promotional video about an electric toothbrush. They identify key selling points: month-long battery life, multiple brushing modes tailored to different times/needs, and an app-enabled feature that records and analyzes brushing habits to provide feedback. Marry challenges the value of replaceable brush heads as a selling point and agrees to help, motivated by Jenny’s offer of a meal. Claire is asked to summarize the product features.
[14] Jenny: and look so we need to ensure that
[14] Jenny: the outline covers the main sales
[14] Jenny: points of the product while being clear and engaging
[15] Jenny: you can look this
[15] Marry: is the toothbrush product electric or manual
[15] Jenny: an electric toothbrush
[15] Marry: oh so can you tell me the main
[15] Marry: so can you tell me
[15] Marry: the main selling point of these products
[16] Jenny: okay I will show you
[16] Jenny: sure first long battery life you know
[16] Jenny: compared to competitors
[16] Jenny: this toothbrush can be used for a month
[16] Jenny: on a single charge
[16] Marry: hmm
[16] Marry: this point is very important
[16] Marry: I charge my toothbrush every two weeks
[18] Jenny: as part of the set
[18] Jenny: right
[18] Marry: I think this can't be considered a selling point
[18] Marry: it feels very ordinary
[18] Marry: because now every manufacturer's electric toothbrush
[21] Marry: wow so amazing
[21] Marry: Claire could you please
[21] Marry: summarize and print the products of the toothbrush
[21] Marry: that Jenny mentioned
[21] Claire: okay

Conversation 1: Marry, Jenny, and Claire chat over coffee while discussing workload. Marry finished editing and sending a client video, while Jenny still needs to write and record a short news script before the end of the workday. They reflect on the demanding nature of content creation, and Jenny encourages Marry to rest as Claire agrees to refill coffee.
[1] Marry: hmm
[1] Marry: the cappuccino today is very delicious
[1] Marry: are you still having black coffee today Jenny
[3] Jenny: and submit it before getting off work
[3] Marry: I will be really busy lately
[3] Marry: as content creators
[4] Marry: it feels like we have to do everything every day
[4] Marry: sometimes the tasks are very urgent

Conversation 5: Marry and Jenny discuss dinner plans after Marry helped Claire/Jenny with an outline. Jenny offers to order pizza and treat, while Marry prefers not to eat too much but agrees and asks that food not be wasted. Both mention having eaten little at lunch, and Jenny asks Claire/Marry to help order the meal.
[53] Jenny: hmm what do you want to eat
[54] Jenny: hmm what do you want to eat
[54] Marry: hmm
[54] Marry: although I didn't eat lunch
[54] Marry: but I don't want to eat too much at dinner

[Step 2] Evaluating semantic answer...
Action: [Answer]
Content: By highlighting their cutting-edge proprietary technology, briefly introducing the unique algorithm and app feedback at the end to differentiate from competitors.
FINAL ANSWER (from graph):
By highlighting their cutting-edge proprietary technology, briefly introducing the unique algorithm and app feedback at the end to differentiate from competitors.
Question: Why did Marry propose not to provide a detailed introduction at the end of the script?

[Step 1] Searching the graph...
Parse Query Output:
{
  "query_triple": ["<Marry>", "proposes not to provide detailed introduction at the end of the script", "why", 0.95, 0.6, 0.25],
  "spatial_constraint": "end of the script",
  "speaker_strict": null,
  "allocation": {
    "k_high_level": 6,
    "k_low_level": 9,
    "k_conversations": 35,
    "total_k": 50,
    "reasoning": "A why question about motivation; prioritize conversations (dialogue/rationale). Use some high-level for character intent summaries, and a few low-level edges to anchor the specific action/proposal near the script's ending context."
  }
}

Graph Search Results:
**High-Level Information (Character Attributes and Relationships): **

Character Attributes:
- Marry is: lapel mic (100), slim (100), beige short-sleeve top with small graphic (100)

Character Relationships:
- Jenny shows supportive attitude toward Marry (86)
- Jenny collaborates with Marry (90)
- Marry works with Jenny (85)

**Low-Level Information (Actions and Events): **

[7] robot approaches Marry. (office)
[37] Marry directs Jenny. (office)
[40] Marry explains plan. (office)
[40] Marry says after the introduction. (office)
[41] Marry explains plan. (office)
[45] Marry discusses paper. (office)
[46] Marry discusses paper. (office)
[56] Marry concludes <Jenny> did not eat well at noon. (office)
[60] Marry explains plan Jenny. (office)

**Conversations: **

Conversation 4: Marry leads the development of an advertisement outline for a smart toothbrush, proposing a structure with problem introduction, product features, comparative tests, and a final highlight of proprietary technology and app feedback, leaving some suspense for influencer reviews. Jenny records the outline, suggests adding product close-ups, and agrees with the credibility strategy. Claire assists by providing materials and handling coffee orders. The team aligns on a clear ad concept and promotional approach.
[35] Jenny: yes okay nice
[35] Jenny: okay that's great
[35] Marry: could you please
[35] Marry: that's great could you please give me your paper
[35] Jenny: yeah here you go
[36] Marry: surprise hmm
[36] Marry: the advantage of these products are quite obvious
[36] Marry: so it's relatively easy to come up with an outline
[36] Marry: hmm
[37] Marry: is this one
[37] Marry: let
[37] Marry: look
[37] Marry: first
[37] Marry: look this first when the camera cuts in
[38] Marry: yeah and actor is holding a toothbrush
[38] Marry: and talking about the trouble of brushing
[38] Marry: frequent charging of toothbrush always not cleaning well
[38] Marry: and the other pain points finally
[38] Marry: ending with a rhetorical question
[38] Marry: did you really choose the right toothbrush
[39] Jenny: sorry Marry
[39] Jenny: Claire please give me a pen and some search paper
[39] Claire: okay
[39] Marry: why did you let the robot print it at the time
[39] Jenny: I could use notes to draft some parts
[40] Jenny: and fill in the transition and gaps thanks
[40] Jenny: okay I will write it down
[40] Jenny: you can continue Marry
[40] Marry: after the introduction
[40] Marry: we can then introduce the product
[40] Marry: we need to respond the question rise at the beginning
[41] Marry: and introduce the features of our products
[41] Marry: in the form of a written description
[41] Jenny: hmm how about adding a close-up of our product
[41] Marry: yes it can allow people
[41] Marry: intuitive feel for our products
[41] Marry: and and look
[42] Marry: after introducing our features
[42] Marry: we also need to add some comparative tests of
[42] Marry: products usage to increase credibility
[42] Jenny: why is that wasn't there already an introduction
[42] Marry: but how can people believe you just by talking
[42] Marry: look you
[43] Marry: the product toothbrush
[43] Marry: compared to a regular toothbrush
[43] Marry: by directly presenting the evidence
[43] Jenny: hmm got it
[43] Jenny: what you said so much so smart
[43] Marry: thanks and
[44] Marry: and look
[44] Marry: the next step is the final one
[44] Marry: and it's also the most important step
[44] Marry: to differentiate our products from others
[44] Marry: introduce the products
[44] Marry: cutting edge technology
[44] Jenny: okay I know the toothbrush algorithm
[44] Jenny: yeah and continue
[45] Marry: hmm after introducing a serious problem
[45] Jenny: yeah I see
[45] Marry: hmm proposing solutions and demonstrating the effects
[45] Marry: we can showcase the technology
[45] Marry: that we exclusively possess
[45] Marry: at the end briefly introduce the algorithm
[45] Marry: learning of our products and the app feedback
[45] Jenny: but Marry don't need a detailed explanation
[46] Marry: no need no need look
[46] Marry: we just leave a bit of suspense
[46] Marry: this way user will go watch the Review bloggers' videos
[46] Marry: and there are many review bloggers
[47] Jenny: I don't want black coffee
[47] Jenny: I want coffee the same to you
[47] Marry: why
[47] Jenny: because you are so smart
[48] Jenny: amazing I need to learn from you
[48] Marry: so you are going to start drink the same coffee to me
[48] Marry: that's okay so Claire
[48] Marry: could you please prepare
[48] Marry: cappuccino to Jenny
[48] Claire: sure

Conversation 3: Jenny asks Marry to help create an outline for a promotional video about an electric toothbrush. They identify key selling points: month-long battery life, multiple brushing modes tailored to different times/needs, and an app-enabled feature that records and analyzes brushing habits to provide feedback. Marry challenges the value of replaceable brush heads as a selling point and agrees to help, motivated by Jenny’s offer of a meal. Claire is asked to summarize the product features.
[10] Jenny: before getting on work
[10] Jenny: have you finished all your tasks today
[11] Marry: I'm done with everything
[11] Marry: don't think I'm free now
[11] Marry: but I was so busy today that
[11] Jenny: so busy that you even have lunch
[11] Jenny: my God
[11] Marry: actually it wasn't supposed
[11] Marry: to be this busy but this morning the client
[11] Marry: suddenly said that the video delivery time was
[12] Marry: moved up to the afternoon so I hurried to catch up
[12] Jenny: yeah I know this is really happened too much
[12] Marry: the main client added the requirements
[12] Marry: made is much troublesome
[12] Marry: fortunately it's finished
[12] Jenny: how about helping me write the script now
[16] Jenny: on a single charge
[16] Marry: hmm
[16] Marry: this point is very important
[16] Marry: I charge my toothbrush every two weeks
[16] Marry: and sometimes it feels quite troublesome
[18] Jenny: as part of the set
[18] Jenny: right
[18] Marry: I think this can't be considered a selling point
[18] Marry: it feels very ordinary
[18] Marry: because now every manufacturer's electric toothbrush
[19] Marry: one more thing
[19] Jenny: this toothbrush can record the user's brushing habits
[20] Marry: oh so what's the use of this
[20] Jenny: this is definitely a big sales point
[20] Jenny: this toothbrush analyzes the users bad brushing habits

Conversation 6: Claire asked Jenny to make a payment, and Jenny agreed. Jenny mentioned a delivery arriving in 30 minutes and aimed to finish writing before it arrives, with encouragement from Marry. Marry considered working ahead on her own tasks, and both expressed a cooperative, supportive tone.
[59] Jenny: okay a delivery will arrive in 30 minutes
[59] Marry: oh good luck I hope you can finish the
[59] Marry: writing before the delivery arrives
[59] Marry: otherwise you will eat it cold
[59] Jenny: don't worry
[60] Jenny: yeah so what are you going to do next
[60] Marry: hmm I
[60] Marry: don't know maybe I finish the work ahead
[60] Jenny: okay

Conversation 5: Marry and Jenny discuss dinner plans after Marry helped Claire/Jenny with an outline. Jenny offers to order pizza and treat, while Marry prefers not to eat too much but agrees and asks that food not be wasted. Both mention having eaten little at lunch, and Jenny asks Claire/Marry to help order the meal.
[52] Marry: thank you Claire
[53] Marry: so are you satisfied with the
[53] Marry: outline I help you organize
[53] Jenny: needless to say I'm truly convinced by you now
[53] Marry: okay so
[53] Marry: what about the meal then
[53] Jenny: hmm I know I know
[53] Jenny: I will order meal for you

[Step 2] Evaluating semantic answer...
Action: [Answer]
Content: To leave some suspense so viewers would watch review bloggers’ videos.
FINAL ANSWER (from graph):
To leave some suspense so viewers would watch review bloggers’ videos.
Question: Does Marry often write advertising scripts?

[Step 1] Searching the graph...
Parse Query Output:
{
  "query_triple": ["<Marry>", "writes", "advertising scripts", 0.95, 0.35, 0.6],
  "spatial_constraint": null,
  "speaker_strict": null,
  "allocation": {
    "k_high_level": 8,
    "k_low_level": 22,
    "k_conversations": 20,
    "total_k": 50,
    "reasoning": "Frequency/habit query about Marry’s activity. Use some high-level edges for traits/roles, low-level edges to find specific writing actions, and conversations to capture mentions of 'often' or job descriptions."
  }
}

Graph Search Results:
**High-Level Information (Character Attributes and Relationships): **

Character Attributes:
- Marry is: female (100), slim (100)

Character Relationships:
- Jenny collaborates with Marry (90)
- Marry works with Jenny (85)
- Jenny admires/respects Marry (85)
- Claire supports Marry (80)
- Jenny shows supportive attitude toward Marry (86)
- Marry colleagues with Jenny (85)

**Low-Level Information (Actions and Events): **

[13] Marry reads printed page. (office)
[14] Marry watches screen. (office)
[19] Marry points at document section. (office)
[20] Marry reviews page. (office)
[21] Marry faces camera. (office)
[24] Marry watches screen. (office desk)
[24] Marry observes screen. (office desk)
[25] Marry watches screen. (office)
[26] Marry watches screen. (office)
[27] Marry watches screen. (office)
[28] Marry watches screen. (office)
[29] Marry watches screen. (office)
[30] Marry watches screen. (office)
[31] Marry watches screen. (office)
[34] Marry reads paper. (office)
[36] Marry reads document. (office)
[38] Marry references paper. (office)
[43] Marry points line by line printed page. (office)
[44] Marry references paper. (office)
[44] Marry reads from page. (office)
[46] Marry references printed sheet. (office)
[53] Marry references paper. (office)

**Conversations: **

Conversation 4: Marry leads the development of an advertisement outline for a smart toothbrush, proposing a structure with problem introduction, product features, comparative tests, and a final highlight of proprietary technology and app feedback, leaving some suspense for influencer reviews. Jenny records the outline, suggests adding product close-ups, and agrees with the credibility strategy. Claire assists by providing materials and handling coffee orders. The team aligns on a clear ad concept and promotional approach.
[36] Marry: the advantage of these products are quite obvious
[36] Marry: so it's relatively easy to come up with an outline
[36] Marry: hmm
[37] Marry: is this one
[37] Marry: don't forget my meal
[37] Marry: first
[37] Marry: look this first when the camera cuts in
[38] Marry: yeah and actor is holding a toothbrush
[38] Marry: and talking about the trouble of brushing
[38] Marry: their teeth in front of the screen
[38] Marry: frequent charging of toothbrush always not cleaning well
[38] Marry: and the other pain points finally
[38] Marry: ending with a rhetorical question
[38] Marry: did you really choose the right toothbrush
[39] Jenny: sorry Marry
[40] Marry: we can then introduce the product
[40] Marry: we need to respond the question rise at the beginning
[41] Marry: and introduce the features of our products
[41] Marry: in the form of a written description
[41] Jenny: hmm how about adding a close-up of our product
[41] Marry: yes it can allow people
[41] Marry: watching the advertisements to have a more
[41] Marry: intuitive feel for our products
[41] Marry: and and look
[42] Marry: after introducing our features
[42] Marry: we also need to add some comparative tests of
[42] Marry: products usage to increase credibility
[42] Jenny: why is that wasn't there already an introduction
[42] Marry: but how can people believe you just by talking
[42] Marry: look you
[42] Marry: you have to perform it genuinely in the advertisements
[43] Marry: to increase credibility
[43] Marry: we can demonstrate
[44] Marry: and it's also the most important step
[44] Marry: to differentiate our products from others
[44] Marry: introduce the products
[44] Marry: cutting edge technology
[44] Jenny: okay I know the toothbrush algorithm
[45] Marry: hmm after introducing a serious problem
[45] Jenny: yeah I see
[45] Marry: hmm proposing solutions and demonstrating the effects
[45] Marry: we can showcase the technology
[45] Marry: that we exclusively possess
[46] Marry: and there are many review bloggers
[46] Marry: this is a more cost effective and widespread
[46] Marry: promotion that we can utilize
[46] Jenny: that's amazing Marry
[47] Jenny: how do your brain work so fast
[47] Jenny: I don't want black coffee
[47] Jenny: I want coffee the same to you
[47] Marry: why
[47] Jenny: because you are so smart
[48] Jenny: amazing I need to learn from you

Conversation 1: Marry, Jenny, and Claire chat over coffee while discussing workload. Marry finished editing and sending a client video, while Jenny still needs to write and record a short news script before the end of the workday. They reflect on the demanding nature of content creation, and Jenny encourages Marry to rest as Claire agrees to refill coffee.
[1] Marry: hmm
[1] Marry: the cappuccino today is very delicious
[1] Marry: are you still having black coffee today Jenny
[1] Jenny: yes
[2] Marry: oh
[2] Jenny: finished with work
[3] Jenny: Marry
[3] Jenny: and submit it before getting off work
[3] Marry: I will be really busy lately
[3] Marry: as content creators
[4] Marry: it feels like we have to do everything every day
[4] Marry: sometimes the tasks are very urgent

Conversation 6: Claire asked Jenny to make a payment, and Jenny agreed. Jenny mentioned a delivery arriving in 30 minutes and aimed to finish writing before it arrives, with encouragement from Marry. Marry considered working ahead on her own tasks, and both expressed a cooperative, supportive tone.
[59] Jenny: okay a delivery will arrive in 30 minutes
[59] Marry: oh good luck I hope you can finish the
[59] Marry: writing before the delivery arrives
[59] Marry: otherwise you will eat it cold
[59] Jenny: don't worry

Conversation 3: Jenny asks Marry to help create an outline for a promotional video about an electric toothbrush. They identify key selling points: month-long battery life, multiple brushing modes tailored to different times/needs, and an app-enabled feature that records and analyzes brushing habits to provide feedback. Marry challenges the value of replaceable brush heads as a selling point and agrees to help, motivated by Jenny’s offer of a meal. Claire is asked to summarize the product features.
[13] Jenny: an outline
[13] Jenny: for a video about promoting a toothbrush product
[13] Marry: oh
[13] Jenny: yeah
[14] Marry: Maany requirements more specific ones
[16] Jenny: this toothbrush can be used for a month
[16] Jenny: on a single charge
[16] Marry: hmm
[16] Marry: this point is very important
[16] Marry: I charge my toothbrush every two weeks

Conversation 5: Marry and Jenny discuss dinner plans after Marry helped Claire/Jenny with an outline. Jenny offers to order pizza and treat, while Marry prefers not to eat too much but agrees and asks that food not be wasted. Both mention having eaten little at lunch, and Jenny asks Claire/Marry to help order the meal.
[53] Jenny: hmm what do you want to eat
[54] Jenny: hmm what do you want to eat
[54] Marry: hmm
[54] Marry: although I didn't eat lunch
[54] Marry: but I don't want to eat too much at dinner
[56] Jenny: yeah Claire
[56] Jenny: can you help order meal
[56] Marry: yes
[56] Jenny: here you go

[Step 2] Evaluating semantic answer...
Action: [Answer]
Content: Yes, Marry often writes advertising scripts, as she leads the ad outline development and frequently works on content creation.
FINAL ANSWER (from graph):
Yes, Marry often writes advertising scripts, as she leads the ad outline development and frequently works on content creation.
✓ Updated results.json for office_05 (13 questions)
✓ Cleaned up video and frames for office_05

============================================================
Processing video: bedroom_11
============================================================
Downloading 1 video(s) to data/videos...

Downloading bedroom_11.mp4...
✓ Successfully downloaded bedroom_11.mp4 to data/videos/bedroom_11.mp4

============================================================
Download Summary:
  Successful: 1/1
============================================================

============================================================
[1/1] Processing: bedroom_11
============================================================
Video: data/videos/bedroom_11.mp4
Subtitles: data/subtitles/robot/bedroom_11.srt
Output: data/frames/bedroom_11
============================================================

Parsing subtitle file: data/subtitles/robot/bedroom_11.srt
Found 638 subtitle entries
Video: 1280x720, 30.00 FPS, 68781 frames, 2292.70s duration

Extracting frames with subtitles...
Grouping frames into folders of 30 frames each
  Saved 10 frames (up to 9s, folder 1)
  Saved 20 frames (up to 19s, folder 1)
  Saved 30 frames (up to 29s, folder 1)
  Saved 40 frames (up to 39s, folder 2)
  Saved 50 frames (up to 49s, folder 2)
  Saved 60 frames (up to 59s, folder 2)
  Saved 70 frames (up to 69s, folder 3)
  Saved 80 frames (up to 79s, folder 3)
  Saved 90 frames (up to 89s, folder 3)
  Saved 100 frames (up to 99s, folder 4)
  Saved 110 frames (up to 109s, folder 4)
  Saved 120 frames (up to 119s, folder 4)
  Saved 130 frames (up to 129s, folder 5)
  Saved 140 frames (up to 139s, folder 5)
  Saved 150 frames (up to 149s, folder 5)
  Saved 160 frames (up to 159s, folder 6)
  Saved 170 frames (up to 169s, folder 6)
  Saved 180 frames (up to 179s, folder 6)
  Saved 190 frames (up to 189s, folder 7)
  Saved 200 frames (up to 199s, folder 7)
  Saved 210 frames (up to 209s, folder 7)
  Saved 220 frames (up to 219s, folder 8)
  Saved 230 frames (up to 229s, folder 8)
  Saved 240 frames (up to 239s, folder 8)
  Saved 250 frames (up to 249s, folder 9)
  Saved 260 frames (up to 259s, folder 9)
  Saved 270 frames (up to 269s, folder 9)
  Saved 280 frames (up to 279s, folder 10)
  Saved 290 frames (up to 289s, folder 10)
  Saved 300 frames (up to 299s, folder 10)
  Saved 310 frames (up to 309s, folder 11)
  Saved 320 frames (up to 319s, folder 11)
  Saved 330 frames (up to 329s, folder 11)
  Saved 340 frames (up to 339s, folder 12)
  Saved 350 frames (up to 349s, folder 12)
  Saved 360 frames (up to 359s, folder 12)
  Saved 370 frames (up to 369s, folder 13)
  Saved 380 frames (up to 379s, folder 13)
  Saved 390 frames (up to 389s, folder 13)
  Saved 400 frames (up to 399s, folder 14)
  Saved 410 frames (up to 409s, folder 14)
  Saved 420 frames (up to 419s, folder 14)
  Saved 430 frames (up to 429s, folder 15)
  Saved 440 frames (up to 439s, folder 15)
  Saved 450 frames (up to 449s, folder 15)
  Saved 460 frames (up to 459s, folder 16)
  Saved 470 frames (up to 469s, folder 16)
  Saved 480 frames (up to 479s, folder 16)
  Saved 490 frames (up to 489s, folder 17)
  Saved 500 frames (up to 499s, folder 17)
  Saved 510 frames (up to 509s, folder 17)
  Saved 520 frames (up to 519s, folder 18)
  Saved 530 frames (up to 529s, folder 18)
  Saved 540 frames (up to 539s, folder 18)
  Saved 550 frames (up to 549s, folder 19)
  Saved 560 frames (up to 559s, folder 19)
  Saved 570 frames (up to 569s, folder 19)
  Saved 580 frames (up to 579s, folder 20)
  Saved 590 frames (up to 589s, folder 20)
  Saved 600 frames (up to 599s, folder 20)
  Saved 610 frames (up to 609s, folder 21)
  Saved 620 frames (up to 619s, folder 21)
  Saved 630 frames (up to 629s, folder 21)
  Saved 640 frames (up to 639s, folder 22)
  Saved 650 frames (up to 649s, folder 22)
  Saved 660 frames (up to 659s, folder 22)
  Saved 670 frames (up to 669s, folder 23)
  Saved 680 frames (up to 679s, folder 23)
  Saved 690 frames (up to 689s, folder 23)
  Saved 700 frames (up to 699s, folder 24)
  Saved 710 frames (up to 709s, folder 24)
  Saved 720 frames (up to 719s, folder 24)
  Saved 730 frames (up to 729s, folder 25)
  Saved 740 frames (up to 739s, folder 25)
  Saved 750 frames (up to 749s, folder 25)
  Saved 760 frames (up to 759s, folder 26)
  Saved 770 frames (up to 769s, folder 26)
  Saved 780 frames (up to 779s, folder 26)
  Saved 790 frames (up to 789s, folder 27)
  Saved 800 frames (up to 799s, folder 27)
  Saved 810 frames (up to 809s, folder 27)
  Saved 820 frames (up to 819s, folder 28)
  Saved 830 frames (up to 829s, folder 28)
  Saved 840 frames (up to 839s, folder 28)
  Saved 850 frames (up to 849s, folder 29)
  Saved 860 frames (up to 859s, folder 29)
  Saved 870 frames (up to 869s, folder 29)
  Saved 880 frames (up to 879s, folder 30)
  Saved 890 frames (up to 889s, folder 30)
  Saved 900 frames (up to 899s, folder 30)
  Saved 910 frames (up to 909s, folder 31)
  Saved 920 frames (up to 919s, folder 31)
  Saved 930 frames (up to 929s, folder 31)
  Saved 940 frames (up to 939s, folder 32)
  Saved 950 frames (up to 949s, folder 32)
  Saved 960 frames (up to 959s, folder 32)
  Saved 970 frames (up to 969s, folder 33)
  Saved 980 frames (up to 979s, folder 33)
  Saved 990 frames (up to 989s, folder 33)
  Saved 1000 frames (up to 999s, folder 34)
  Saved 1010 frames (up to 1009s, folder 34)
  Saved 1020 frames (up to 1019s, folder 34)
  Saved 1030 frames (up to 1029s, folder 35)
  Saved 1040 frames (up to 1039s, folder 35)
  Saved 1050 frames (up to 1049s, folder 35)
  Saved 1060 frames (up to 1059s, folder 36)
  Saved 1070 frames (up to 1069s, folder 36)
  Saved 1080 frames (up to 1079s, folder 36)
  Saved 1090 frames (up to 1089s, folder 37)
  Saved 1100 frames (up to 1099s, folder 37)
  Saved 1110 frames (up to 1109s, folder 37)
  Saved 1120 frames (up to 1119s, folder 38)
  Saved 1130 frames (up to 1129s, folder 38)
  Saved 1140 frames (up to 1139s, folder 38)
  Saved 1150 frames (up to 1149s, folder 39)
  Saved 1160 frames (up to 1159s, folder 39)
  Saved 1170 frames (up to 1169s, folder 39)
  Saved 1180 frames (up to 1179s, folder 40)
  Saved 1190 frames (up to 1189s, folder 40)
  Saved 1200 frames (up to 1199s, folder 40)
  Saved 1210 frames (up to 1209s, folder 41)
  Saved 1220 frames (up to 1219s, folder 41)
  Saved 1230 frames (up to 1229s, folder 41)
  Saved 1240 frames (up to 1239s, folder 42)
  Saved 1250 frames (up to 1249s, folder 42)
  Saved 1260 frames (up to 1259s, folder 42)
  Saved 1270 frames (up to 1269s, folder 43)
  Saved 1280 frames (up to 1279s, folder 43)
  Saved 1290 frames (up to 1289s, folder 43)
  Saved 1300 frames (up to 1299s, folder 44)
  Saved 1310 frames (up to 1309s, folder 44)
  Saved 1320 frames (up to 1319s, folder 44)
  Saved 1330 frames (up to 1329s, folder 45)
  Saved 1340 frames (up to 1339s, folder 45)
  Saved 1350 frames (up to 1349s, folder 45)
  Saved 1360 frames (up to 1359s, folder 46)
  Saved 1370 frames (up to 1369s, folder 46)
  Saved 1380 frames (up to 1379s, folder 46)
  Saved 1390 frames (up to 1389s, folder 47)
  Saved 1400 frames (up to 1399s, folder 47)
  Saved 1410 frames (up to 1409s, folder 47)
  Saved 1420 frames (up to 1419s, folder 48)
  Saved 1430 frames (up to 1429s, folder 48)
  Saved 1440 frames (up to 1439s, folder 48)
  Saved 1450 frames (up to 1449s, folder 49)
  Saved 1460 frames (up to 1459s, folder 49)
  Saved 1470 frames (up to 1469s, folder 49)
  Saved 1480 frames (up to 1479s, folder 50)
  Saved 1490 frames (up to 1489s, folder 50)
  Saved 1500 frames (up to 1499s, folder 50)
  Saved 1510 frames (up to 1509s, folder 51)
  Saved 1520 frames (up to 1519s, folder 51)
  Saved 1530 frames (up to 1529s, folder 51)
  Saved 1540 frames (up to 1539s, folder 52)
  Saved 1550 frames (up to 1549s, folder 52)
  Saved 1560 frames (up to 1559s, folder 52)
  Saved 1570 frames (up to 1569s, folder 53)
  Saved 1580 frames (up to 1579s, folder 53)
  Saved 1590 frames (up to 1589s, folder 53)
  Saved 1600 frames (up to 1599s, folder 54)
  Saved 1610 frames (up to 1609s, folder 54)
  Saved 1620 frames (up to 1619s, folder 54)
  Saved 1630 frames (up to 1629s, folder 55)
  Saved 1640 frames (up to 1639s, folder 55)
  Saved 1650 frames (up to 1649s, folder 55)
  Saved 1660 frames (up to 1659s, folder 56)
  Saved 1670 frames (up to 1669s, folder 56)
  Saved 1680 frames (up to 1679s, folder 56)
  Saved 1690 frames (up to 1689s, folder 57)
  Saved 1700 frames (up to 1699s, folder 57)
  Saved 1710 frames (up to 1709s, folder 57)
  Saved 1720 frames (up to 1719s, folder 58)
  Saved 1730 frames (up to 1729s, folder 58)
  Saved 1740 frames (up to 1739s, folder 58)
  Saved 1750 frames (up to 1749s, folder 59)
  Saved 1760 frames (up to 1759s, folder 59)
  Saved 1770 frames (up to 1769s, folder 59)
  Saved 1780 frames (up to 1779s, folder 60)
  Saved 1790 frames (up to 1789s, folder 60)
  Saved 1800 frames (up to 1799s, folder 60)
  Saved 1810 frames (up to 1809s, folder 61)
  Saved 1820 frames (up to 1819s, folder 61)
  Saved 1830 frames (up to 1829s, folder 61)
  Saved 1840 frames (up to 1839s, folder 62)
  Saved 1850 frames (up to 1849s, folder 62)
  Saved 1860 frames (up to 1859s, folder 62)
  Saved 1870 frames (up to 1869s, folder 63)
  Saved 1880 frames (up to 1879s, folder 63)
  Saved 1890 frames (up to 1889s, folder 63)
  Saved 1900 frames (up to 1899s, folder 64)
  Saved 1910 frames (up to 1909s, folder 64)
  Saved 1920 frames (up to 1919s, folder 64)
  Saved 1930 frames (up to 1929s, folder 65)
  Saved 1940 frames (up to 1939s, folder 65)
  Saved 1950 frames (up to 1949s, folder 65)
  Saved 1960 frames (up to 1959s, folder 66)
  Saved 1970 frames (up to 1969s, folder 66)
  Saved 1980 frames (up to 1979s, folder 66)
  Saved 1990 frames (up to 1989s, folder 67)
  Saved 2000 frames (up to 1999s, folder 67)
  Saved 2010 frames (up to 2009s, folder 67)
  Saved 2020 frames (up to 2019s, folder 68)
  Saved 2030 frames (up to 2029s, folder 68)
  Saved 2040 frames (up to 2039s, folder 68)
  Saved 2050 frames (up to 2049s, folder 69)
  Saved 2060 frames (up to 2059s, folder 69)
  Saved 2070 frames (up to 2069s, folder 69)
  Saved 2080 frames (up to 2079s, folder 70)
  Saved 2090 frames (up to 2089s, folder 70)
  Saved 2100 frames (up to 2099s, folder 70)
  Saved 2110 frames (up to 2109s, folder 71)
  Saved 2120 frames (up to 2119s, folder 71)
  Saved 2130 frames (up to 2129s, folder 71)
  Saved 2140 frames (up to 2139s, folder 72)
  Saved 2150 frames (up to 2149s, folder 72)
  Saved 2160 frames (up to 2159s, folder 72)
  Saved 2170 frames (up to 2169s, folder 73)
  Saved 2180 frames (up to 2179s, folder 73)
  Saved 2190 frames (up to 2189s, folder 73)
  Saved 2200 frames (up to 2199s, folder 74)
  Saved 2210 frames (up to 2209s, folder 74)
  Saved 2220 frames (up to 2219s, folder 74)
  Saved 2230 frames (up to 2229s, folder 75)
  Saved 2240 frames (up to 2239s, folder 75)
  Saved 2250 frames (up to 2249s, folder 75)
  Saved 2260 frames (up to 2259s, folder 76)
  Saved 2270 frames (up to 2269s, folder 76)
  Saved 2280 frames (up to 2279s, folder 76)
  Saved 2290 frames (up to 2289s, folder 77)

✓ Extracted 2293 frames to data/frames/bedroom_11

✓ Successfully processed bedroom_11: 2293 frames saved
--------------------------------
Processing folder:  data/frames/bedroom_11/1
Inserted 25 triples into graph for clip 1
--------------------------------
Processing folder:  data/frames/bedroom_11/2
Inserted 24 triples into graph for clip 2
--------------------------------
Processing folder:  data/frames/bedroom_11/3
Inserted 20 triples into graph for clip 3
--------------------------------
Processing folder:  data/frames/bedroom_11/4
Inserted 27 triples into graph for clip 4
--------------------------------
Processing folder:  data/frames/bedroom_11/5
Inserted 29 triples into graph for clip 5
--------------------------------
Processing folder:  data/frames/bedroom_11/6
Inserted 23 triples into graph for clip 6
--------------------------------
Processing folder:  data/frames/bedroom_11/7
Inserted 26 triples into graph for clip 7
--------------------------------
Processing folder:  data/frames/bedroom_11/8
Inserted 24 triples into graph for clip 8
--------------------------------
Processing folder:  data/frames/bedroom_11/9
Inserted 13 triples into graph for clip 9
--------------------------------
Processing folder:  data/frames/bedroom_11/10
Inserted 22 triples into graph for clip 10
--------------------------------
Processing folder:  data/frames/bedroom_11/11
Inserted 24 triples into graph for clip 11
--------------------------------
Processing folder:  data/frames/bedroom_11/12
Inserted 22 triples into graph for clip 12
--------------------------------
Processing folder:  data/frames/bedroom_11/13
Inserted 22 triples into graph for clip 13
--------------------------------
Processing folder:  data/frames/bedroom_11/14
Inserted 15 triples into graph for clip 14
--------------------------------
Processing folder:  data/frames/bedroom_11/15
Inserted 31 triples into graph for clip 15
--------------------------------
Processing folder:  data/frames/bedroom_11/16
Inserted 25 triples into graph for clip 16
--------------------------------
Processing folder:  data/frames/bedroom_11/17
Inserted 21 triples into graph for clip 17
--------------------------------
Processing folder:  data/frames/bedroom_11/18
Inserted 23 triples into graph for clip 18
--------------------------------
Processing folder:  data/frames/bedroom_11/19
Inserted 29 triples into graph for clip 19
--------------------------------
Processing folder:  data/frames/bedroom_11/20
Inserted 20 triples into graph for clip 20
--------------------------------
Processing folder:  data/frames/bedroom_11/21
Extracting summary for completed conversation 1...
✓ Conversation summary extracted. Attributes: 11, Relationships: 7
Inserted 21 triples into graph for clip 21
--------------------------------
Processing folder:  data/frames/bedroom_11/22
Inserted 20 triples into graph for clip 22
--------------------------------
Processing folder:  data/frames/bedroom_11/23
Inserted 29 triples into graph for clip 23
--------------------------------
Processing folder:  data/frames/bedroom_11/24
Inserted 18 triples into graph for clip 24
--------------------------------
Processing folder:  data/frames/bedroom_11/25
Inserted 20 triples into graph for clip 25
--------------------------------
Processing folder:  data/frames/bedroom_11/26
Inserted 17 triples into graph for clip 26
--------------------------------
Processing folder:  data/frames/bedroom_11/27
Inserted 20 triples into graph for clip 27
--------------------------------
Processing folder:  data/frames/bedroom_11/28
Inserted 19 triples into graph for clip 28
--------------------------------
Processing folder:  data/frames/bedroom_11/29
Inserted 23 triples into graph for clip 29
--------------------------------
Processing folder:  data/frames/bedroom_11/30
Inserted 34 triples into graph for clip 30
--------------------------------
Processing folder:  data/frames/bedroom_11/31
Inserted 18 triples into graph for clip 31
--------------------------------
Processing folder:  data/frames/bedroom_11/32
Inserted 24 triples into graph for clip 32
--------------------------------
Processing folder:  data/frames/bedroom_11/33
Inserted 31 triples into graph for clip 33
--------------------------------
Processing folder:  data/frames/bedroom_11/34
Inserted 34 triples into graph for clip 34
--------------------------------
Processing folder:  data/frames/bedroom_11/35
Inserted 29 triples into graph for clip 35
--------------------------------
Processing folder:  data/frames/bedroom_11/36
Inserted 20 triples into graph for clip 36
--------------------------------
Processing folder:  data/frames/bedroom_11/37
Inserted 19 triples into graph for clip 37
--------------------------------
Processing folder:  data/frames/bedroom_11/38
Inserted 25 triples into graph for clip 38
--------------------------------
Processing folder:  data/frames/bedroom_11/39
Inserted 27 triples into graph for clip 39
--------------------------------
Processing folder:  data/frames/bedroom_11/40
Inserted 30 triples into graph for clip 40
--------------------------------
Processing folder:  data/frames/bedroom_11/41
Inserted 39 triples into graph for clip 41
--------------------------------
Processing folder:  data/frames/bedroom_11/42
Inserted 22 triples into graph for clip 42
--------------------------------
Processing folder:  data/frames/bedroom_11/43
Inserted 31 triples into graph for clip 43
--------------------------------
Processing folder:  data/frames/bedroom_11/44
Inserted 28 triples into graph for clip 44
--------------------------------
Processing folder:  data/frames/bedroom_11/45
Inserted 22 triples into graph for clip 45
--------------------------------
Processing folder:  data/frames/bedroom_11/46
Inserted 25 triples into graph for clip 46
--------------------------------
Processing folder:  data/frames/bedroom_11/47
Inserted 25 triples into graph for clip 47
--------------------------------
Processing folder:  data/frames/bedroom_11/48
Inserted 21 triples into graph for clip 48
--------------------------------
Processing folder:  data/frames/bedroom_11/49
Inserted 29 triples into graph for clip 49
--------------------------------
Processing folder:  data/frames/bedroom_11/50
Inserted 20 triples into graph for clip 50
--------------------------------
Processing folder:  data/frames/bedroom_11/51
Inserted 18 triples into graph for clip 51
--------------------------------
Processing folder:  data/frames/bedroom_11/52
Inserted 23 triples into graph for clip 52
--------------------------------
Processing folder:  data/frames/bedroom_11/53
Extracting summary for completed conversation 2...
✓ Conversation summary extracted. Attributes: 10, Relationships: 5
Inserted 16 triples into graph for clip 53
--------------------------------
Processing folder:  data/frames/bedroom_11/54
Inserted 19 triples into graph for clip 54
--------------------------------
Processing folder:  data/frames/bedroom_11/55
Inserted 28 triples into graph for clip 55
--------------------------------
Processing folder:  data/frames/bedroom_11/56
Inserted 13 triples into graph for clip 56
--------------------------------
Processing folder:  data/frames/bedroom_11/57
Inserted 19 triples into graph for clip 57
--------------------------------
Processing folder:  data/frames/bedroom_11/58
Inserted 13 triples into graph for clip 58
--------------------------------
Processing folder:  data/frames/bedroom_11/59
Inserted 15 triples into graph for clip 59
--------------------------------
Processing folder:  data/frames/bedroom_11/60
Inserted 20 triples into graph for clip 60
--------------------------------
Processing folder:  data/frames/bedroom_11/61
Inserted 23 triples into graph for clip 61
--------------------------------
Processing folder:  data/frames/bedroom_11/62
Inserted 26 triples into graph for clip 62
--------------------------------
Processing folder:  data/frames/bedroom_11/63
Inserted 27 triples into graph for clip 63
--------------------------------
Processing folder:  data/frames/bedroom_11/64
Extracting summary for completed conversation 3...
✓ Conversation summary extracted. Attributes: 12, Relationships: 6
Inserted 21 triples into graph for clip 64
--------------------------------
Processing folder:  data/frames/bedroom_11/65
Inserted 26 triples into graph for clip 65
--------------------------------
Processing folder:  data/frames/bedroom_11/66
Inserted 25 triples into graph for clip 66
--------------------------------
Processing folder:  data/frames/bedroom_11/67
Inserted 28 triples into graph for clip 67
--------------------------------
Processing folder:  data/frames/bedroom_11/68
Inserted 23 triples into graph for clip 68
--------------------------------
Processing folder:  data/frames/bedroom_11/69
Inserted 31 triples into graph for clip 69
--------------------------------
Processing folder:  data/frames/bedroom_11/70
Inserted 25 triples into graph for clip 70
--------------------------------
Processing folder:  data/frames/bedroom_11/71
Inserted 25 triples into graph for clip 71
--------------------------------
Processing folder:  data/frames/bedroom_11/72
Inserted 29 triples into graph for clip 72
--------------------------------
Processing folder:  data/frames/bedroom_11/73
Inserted 26 triples into graph for clip 73
--------------------------------
Processing folder:  data/frames/bedroom_11/74
Inserted 30 triples into graph for clip 74
--------------------------------
Processing folder:  data/frames/bedroom_11/75
Inserted 25 triples into graph for clip 75
--------------------------------
Processing folder:  data/frames/bedroom_11/76
Inserted 27 triples into graph for clip 76
--------------------------------
Processing folder:  data/frames/bedroom_11/77
Inserted 38 triples into graph for clip 77
Extracting summary for final conversation 4...
✓ Final conversation summary extracted. Attributes: 14, Relationships: 7
Inserting character appearances for 6 characters...
✓ Character appearances inserted: 34 appearance edges created
464 node embeddings inserted (8 characters, 456 objects)
1930 edge embeddings inserted
Generating character attributes...
Number of edges:  1930
Character attributes generated.
Number of edges:  1976
Character relationships generated.
Number of edges:  2033
✓ Graph memory built for bedroom_11
Question: Where should the blue jacket on the bed go?

[Step 1] Searching the graph...
Parse Query Output:
{
  "query_triple": ["jacket#blue", "should go to", "?", 0.9, 0.25, 0.15],
  "spatial_constraint": "bed",
  "speaker_strict": null,
  "allocation": {
    "k_high_level": 5,
    "k_low_level": 38,
    "k_conversations": 7,
    "total_k": 50,
    "reasoning": "Spatial/placement query about a specific object currently on a specific surface; prioritize low-level edges to find actions or states indicating intended destination, with minimal high-level and some conversations for instructions."
  }
}

Graph Search Results:
**High-Level Information (Character Attributes and Relationships): **

Character Attributes:
- character_1 is: glasses (100)
- female_in_blue_denim_with_glasses is: tech-savvy (75)

Character Relationships:
- female_in_blue_denim_with_glasses is the same as character_1 (95)
- character_2 is familiar with female_in_blue_denim_with_glasses (75)
- Ella leads and guides female_in_blue_denim_with_glasses (75)

**Low-Level Information (Actions and Events): **

[4] Annie holds up light jacket. (bedroom)
[4] light jacket is from wardrobe. (bedroom)
[4] Annie pulls down bright yellow jacket. (bedroom)
[6] yellow coat is in <Ella>'s hand. (bedroom)
[7] yellow coat is from rack. (bedroom)
[7] yellow coat is on rack. (bedroom)
[7] Ella picks up blue jacket. (bedroom)
[7] blue jacket is from bed. (bedroom)
[7] Ella likes to place blue jacket. (bedroom)
[7] blue jacket is in second compartment. (bedroom)
[8] Ella moves white jacket on rack. (bedroom)
[10] Annie lifts light-colored jacket. (bedroom)
[10] light-colored jacket is from bed. (bedroom)
[11] Annie lifts white jacket. (bedroom)
[21] robot picks up from bright yellow jacket. (bedroom)
[21] bright yellow jacket is from bed. (bedroom)
[22] robot arranges lime-green jacket. (bedroom)
[22] lime-green jacket is on bed. (bedroom)
[22] dark gray pant is on top of jacket. (bedroom)
[23] robot adjusts green jacket. (bedroom)
[23] green jacket is on clothing pile. (bedroom)
[28] robot picks up bright yellow jacket. (bedroom)
[28] bright yellow jacket is from bed. (bedroom)
[29] robot places light-blue denim shirt. (bedroom)
[29] light-blue denim shirt is on bed. (bedroom)
[29] light-blue denim shirt is near hanger. (bedroom)
[30] robot moves aside dark jacket. (bedroom)
[30] dark jacket is on wardrobe rod. (bedroom)
[32] Ella points at denim jacket. (bedroom)
[32] Annie pulls out denim jacket. (bedroom)
[32] Annie holds denim jacket. (bedroom)
[33] jacket looks nice. (bedroom and bathroom)
[43] Annie lifts light blue coat. (bedroom)
[43] light blue coat is from bed. (bedroom)
[64] yellow coat is from closet. (bedroom)
[77] Cora gathers blue jacket. (bedroom)
[77] Cora holds blue jacket. (bedroom)
[77] Cora carries blue jacket. (bedroom)

**Conversations: **

Conversation 1: Ella helps Annie organize her messy wardrobe and suggests outfit choices, advising against colors that would clash with Cora’s usual yellow. Cora reminds Annie of a 10 o’clock meeting and warns against lateness due to a past incident. A household robot provides timing assistance, and Ella and Annie proceed to sort and delegate organizing the clothes to the robot.
[6] Ella: This coat oh it's a thick coat.
[6] Ella: I think it should be placed...
[6] Ella: Hmm I think it should be placed in the first compartment of the upper layer of the wardrobe.
[6] Ella: The...
[6] Ella: Let me see...
[7] Ella: Maybe we should...
[7] Ella: After the coat of this...
[7] Ella: This blue jacket.
[7] Ella: I like to put it in the second compartment.
[8] Ella: The second compartment.
[9] Annie: The trousers?
[9] Ella: Yes the trousers.
[9] Annie: Should I put it in the wardrobe?
[9] Annie: Okay I'm done.
[9] Ella: You put the pair of pants in the first compartment of the lower level.
[11] Annie: Oh you know, you know how is she.
[11] Annie: She would get angry in every time, that reaction...
[11] Ella: Maybe just put it into the wardrobe.
[11] Ella: Oh she's still giving a call.
[11] Ella: Just reply.

Conversation 2: Ella and Annie try to style outfits, debating coats and a blue dress, and use a household robot to fetch items and suggest a matching bag. They aim to recreate a look from photos, settle on accessories, and evaluate the result in a mirror. The conversation shifts to flowers and perfume, with Ella sharing a tip for growing daisies. Annie decides to gift Cora her homegrown daisies and asks the robot to package them.
[39] Ella: Let me show you.
[40] Ella: Oh okay.
[40] Ella: I would put it on my bed.
[40] Ella: You can just...
[40] Ella: Yes you can just see the picture.
[43] Ella: Yes I will put it here.
[43] Annie: Okay how about...
[43] Annie: How about the coat, the blue coat that I wore earlier?
[43] Ella: Oh maybe I think it's okay.
[44] Annie: It's okay?
[45] Annie: Hey robot, can you please help me to find a suitable bag for my style?
[45] Annie: Oh well done, look.
[45] Annie: How about the blue bag with this dress?
[45] Ella: Oh well, it looks great.
[46] Ella: How about looking yourself in front of the mirror?

[Step 2] Evaluating semantic answer...
Action: [Answer]
Content: In the second compartment of the upper layer of the wardrobe.
FINAL ANSWER (from graph):
In the second compartment of the upper layer of the wardrobe.
Question: Does Ella like flowers?

[Step 1] Searching the graph...
Parse Query Output:
{
  "query_triple": ["<Ella>", "likes", "flowers", 0.95, 0.3, 0.6],
  "spatial_constraint": null,
  "speaker_strict": null,
  "allocation": {
    "k_high_level": 9,
    "k_low_level": 12,
    "k_conversations": 29,
    "total_k": 50,
    "reasoning": "Preference/trait query—use high-level edges for character attributes, conversations to confirm statements of liking, and some low-level edges for observed actions involving flowers."
  }
}

Graph Search Results:
**High-Level Information (Character Attributes and Relationships): **

Character Relationships:
- robot supports Ella (80)
- Cora friends with Ella (85)
- Ella friends with Annie (90)
- Ella friend of Annie (90)
- Annie trusts Ella (90)
- Ella exercises authority over robot (85)
- Ella trusts advice from robot (75)
- Ella collaborates with Annie (85)
- Ella advises Annie (85)

**Low-Level Information (Actions and Events): **

[45] Ella approves choice. (bedroom)
[47] Ella comments on flower at balcony. (bedroom)
[48] Ella holds vase with pink flower. (bedroom)
[48] Ella holds vase. (bedroom)
[48] Ella adjusts flower in vase. (bedroom)
[50] Ella adds the tip helps flower grow better. (bedroom)
[61] Ella picks up bouquet of flower. (bedroom)
[62] Ella holds yellow vase. (hallway by bathroom)
[62] Ella looks at yellow vase. (hallway by bathroom)
[67] Ella holds small bouquet. (bedroom)
[69] Ella gestures toward flower on bed. (bedroom)
[70] Ella looks toward flower. (bedroom)

**Conversations: **

Conversation 2: Ella and Annie try to style outfits, debating coats and a blue dress, and use a household robot to fetch items and suggest a matching bag. They aim to recreate a look from photos, settle on accessories, and evaluate the result in a mirror. The conversation shifts to flowers and perfume, with Ella sharing a tip for growing daisies. Annie decides to gift Cora her homegrown daisies and asks the robot to package them.
[34] Ella: It's a green one, right?
[34] Ella: A green.
[34] Ella: Green or yellow?
[34] Ella: Maybe it's a green.
[34] Annie: I see it's yellow.
[40] Ella: You can just...
[40] Ella: Yes you can just see the picture.
[40] Ella: Well I like to...
[40] Ella: I like to put the phone on the bed for you to...
[40] Ella: Oh my, oh my God.
[43] Ella: Maybe you can just choose something from your... your wardrobe.
[43] Annie: Okay. Let me see.
[43] Ella: How about this scarf?
[43] Ella: Okay I think it looks similar to the...
[43] Annie: The photo?
[44] Annie: Or let's talk about the...
[44] Ella: No maybe this one.
[44] Ella: How about this one?
[44] Ella: Yes.
[44] Annie: Really?
[44] Ella: Yes, it looks so great.
[47] Ella: Oh my God there is a glass of daisy in your balcony.
[47] Ella: I can't believe it, you...
[47] Ella: You just plant such kind of flower.
[47] Annie: Yes I really like daisies.
[47] Annie: But I don't know why the ones that I grow are always a bit odd.
[48] Ella: What?
[48] Ella: You mean to say what?
[48] Annie: I want to choose a perfume too.
[48] Ella: You know Annie hmm...
[48] Ella: I also grow some daisy at home
[49] Ella: Yes as well as other kind of flowers.
[49] Ella: Including the blue plumbago, jasmine, and summer chrysanthemums...
[49] Ella: Oh there are so many kinds of flowers in my room.
[49] Annie: Do you have any picture of them?
[49] Annie: Yes, but in my another phone.
[50] Annie: Are so fresh and beautiful.
[50] Ella: Oh you know I have a little tip.
[50] Ella: To grow such kind of flower.
[50] Ella: That is to say you have to regularly water your flowers with diluted beer.
[50] Ella: And by doing so it could make them grow better.
[51] Ella: So how about give your...
[51] Ella: Uh give...
[51] Ella: Give Cora our... our daisy.
[52] Ella: It means that you grow it by yourself, so maybe Cora will like it.
[52] Annie: Yes actually this is the only thing that I can do.

Conversation 1: Ella helps Annie organize her messy wardrobe and suggests outfit choices, advising against colors that would clash with Cora’s usual yellow. Cora reminds Annie of a 10 o’clock meeting and warns against lateness due to a past incident. A household robot provides timing assistance, and Ella and Annie proceed to sort and delegate organizing the clothes to the robot.
[3] Annie: Okay can you please help me?
[4] Ella: Of course I can.
[4] Ella: Hmm...
[4] Ella: Oh sorry.
[4] Ella: Let us just put all the clothes on the bed.
[5] Ella: Oh so Annie I think maybe firstly we should organize the area for placing clothes.
[5] Ella: So it will be convenient for us to organize and clear when taking clothes.
[5] Ella: What do you think?
[5] Annie: Yes I agree with that.
[6] Ella: Uh so let me see hmm...
[6] Ella: I think it should be placed...
[6] Ella: Hmm I think it should be placed in the first compartment of the upper layer of the wardrobe.
[6] Ella: The...
[6] Ella: Let me see...
[6] Ella: Let me hang it.
[16] Ella: Thank you robot.
[16] Annie: It's very good to have you, thank you so much.
[16] Ella: Yes.
[16] Ella: Okay so...
[16] Ella: Maybe we should put some...
[17] Ella: I just wonder do you want to clash outfits with Cora again?
[17] Annie: Hmm you're right I don't want to clash colors again. Yeah.
[17] Ella: You know Cora loves yellow.
[17] Annie: Yes yellow is her color.
[17] Ella: Oh her favorite color, and wear...
[17] Ella: And she, she wears yellow clothes every time when we go out.
[17] Annie: Yes I know this.

Conversation 3: Ella and Annie debate perfume preferences, with Ella favoring strong, bold scents and Annie preferring light, elegant fragrances. They consider what Cora would like, concluding she might choose different perfumes for different occasions and plan to ask her later. They prepare to leave for a meeting, delegating tidying tasks to a robot and retrieving Ella’s phone.
[54] Ella: Let me see oh our robot has finished.
[55] Ella: Oh my God, it's pretty, right?
[55] Annie: Let's decide about the perfume.
[55] Ella: Oh okay.
[58] Ella: Oh Annie you know Cora usually seems quite unique with a bold sense of style in clothing.
[58] Ella: So I guess she might strong...
[58] Ella: Uh she might like strong perfumes like oriental ones.
[59] Ella: Rich in spices and unique fragrances which match her temperament quite well.
[59] Annie: I don't think so.
[59] Annie: You know although Cora has a strong personality.
[60] Ella: It's also possible that Cora likes both.
[60] Ella: And use different perfume for different occasions.
[60] Ella: Do you think so?
[60] Annie: It makes sense.
[60] Annie: You know because Cora is meticulous and she'll definitely choose the best and most suitable perfume for different occasions.
[60] Annie: Let's go and ask her later.
[60] Ella: Yes.
[60] Ella: Yes oh.
[60] Ella: Oh what did you say robot?
[62] Ella: Oh uh let me think what the...
[62] Annie: Are you missing something?
[62] Ella: Oh yes.
[62] Ella: I missed my phone hmm so hello robot please give me my phone.
[62] robot: Okay.

Conversation 4: Cora visits Ella and Annie before they go out, returning a forgotten item and giving them hair accessories and styling advice. They discuss gardening, confirm a tip about watering flowers with diluted beer, and try on accessories that match their outfits. Cora offers broader fashion guidance on mixing fabrics and coordinating colors, which Ella and Annie accept. They wrap up ready to go out together, bringing a flower gift.
[69] Ella: Oh thank you.
[69] Ella: Well by the way Cora do you...
[69] Ella: Do you know the reason why we can plant the flowers so good?
[69] Ella: Do you know our tips?
[69] Cora: So I should ask her.
[69] Cora: How can I grow the flowers like this?
[69] Annie: Let you ask her.
[69] Ella: Maybe.
[70] Cora: Let's ask the robot?
[70] Cora: So robot how can I grow flower like this?
[73] Ella: Okay oh.
[73] Cora: We have...
[74] Ella: Uh-huh.
[74] Cora: Ah I have some pearls also.
[74] Cora: It's really shiny and then...
[74] Cora: All right it can be matched to you.
[74] Ella: Hmm.
[74] Annie: Well Ella...
[74] Cora: This hair band. Do you want some hair bands also?

[Step 2] Evaluating semantic answer...
Action: [Answer]
Content: Yes, Ella likes flowers.
FINAL ANSWER (from graph):
Yes, Ella likes flowers.
Question: Who is more knowledgeable about flowers?

[Step 1] Searching the graph...
Parse Query Output:
{
  "query_triple": [null, "knowledgeable about flowers", null, 0.1, 0.3, 0.1],
  "spatial_constraint": null,
  "speaker_strict": null,
  "allocation": {
    "k_high_level": 9,
    "k_low_level": 11,
    "k_conversations": 30,
    "total_k": 50,
    "reasoning": "Comparative 'who' query about expertise; use high-level edges for traits, conversations for evidence and claims, some low-level for actions showing knowledge (identifying, teaching, discussing flowers)."
  }
}

Graph Search Results:
**High-Level Information (Character Attributes and Relationships): **

Character Attributes:
- character_1 is: female (100), medium build (100), long straight dark hair (100), glasses (100), blue denim jacket (100), blue jeans (100), white sneakers (100)
- character_2 is: female (100), slim (100)

**Low-Level Information (Actions and Events): **

[48] Ella adjusts flower in vase. (bedroom)
[49] Annie adjusts flower. (bedroom)
[49] flower is in glass vase. (bedroom)
[50] Annie asks about flower. (bedroom)
[53] robot wraps with flower. (bedroom)
[53] yellow sheet wraps flower. (bedroom)
[62] yellow vase has pink flower. (hallway by bathroom)
[69] Annie holds pink flower. (bedroom)
[70] Cora places flower bouquet. (bedroom)
[70] flower bouquet is on bed. (bedroom)
[70] flower bouquet is near blue backpack. (bedroom)

**Conversations: **

Conversation 4: Cora visits Ella and Annie before they go out, returning a forgotten item and giving them hair accessories and styling advice. They discuss gardening, confirm a tip about watering flowers with diluted beer, and try on accessories that match their outfits. Cora offers broader fashion guidance on mixing fabrics and coordinating colors, which Ella and Annie accept. They wrap up ready to go out together, bringing a flower gift.
[67] Ella: And maybe I think you should give her the gift by yourself.
[67] Annie: And actually I have to first...
[67] Annie: A gift for our meeting and I grow it myself.
[68] Cora: Oh did you grow it by yourself?
[68] Cora: Oh thank you.
[68] Ella: Okay I will...
[69] Ella: Oh thank you.
[69] Ella: Well by the way Cora do you...
[69] Ella: Do you know the reason why we can plant the flowers so good?
[69] Ella: Do you know our tips?
[69] Cora: So I should ask her.
[69] Cora: I don't know but I really like to grow flowers.
[69] Cora: How can I grow the flowers like this?
[69] Annie: Let you ask her.
[69] Ella: Maybe.
[70] Cora: Let's ask the robot?
[70] Cora: So robot how can I grow flower like this?
[70] robot: Regularly watering flowers with diluted beer can help them grow better.
[70] Cora: Uh-huh.
[70] Ella: Hmm yes the right answer.
[70] Cora: When I on my business trip.
[70] Cora: I had some stylish events and these things.
[70] Cora: So moreover I know many stylish clue.
[71] Cora: You know if you want I can guide you.
[71] Annie: Yes please, please guide us.
[76] Cora: Good for you, oh look at you guys.
[77] Ella: Okay okay we can, we can go out.
[77] Annie: Don't forget your flower.
[77] Cora: Okay, let's go.
[77] Ella: Okay?

Conversation 2: Ella and Annie try to style outfits, debating coats and a blue dress, and use a household robot to fetch items and suggest a matching bag. They aim to recreate a look from photos, settle on accessories, and evaluate the result in a mirror. The conversation shifts to flowers and perfume, with Ella sharing a tip for growing daisies. Annie decides to gift Cora her homegrown daisies and asks the robot to package them.
[41] Ella: Okay so...
[41] Ella: Do you know the present...
[41] Ella: Do you know the essence of this kind of match?
[41] Annie: I have to see...
[41] Annie: You know apart from this skirt.
[47] Ella: Oh your bedroom
[47] Ella: Wow your balcony.
[47] Ella: Oh my God there is a glass of daisy in your balcony.
[47] Ella: I can't believe it, you...
[47] Ella: You just plant such kind of flower.
[47] Annie: Yes I really like daisies.
[47] Annie: But I don't know why the ones that I grow are always a bit odd.
[48] Ella: What?
[48] Ella: You mean to say what?
[48] Annie: I want to choose a perfume too.
[48] Ella: You know Annie hmm...
[48] Ella: I also grow some daisy at home
[49] Ella: Yes as well as other kind of flowers.
[49] Ella: Including the blue plumbago, jasmine, and summer chrysanthemums...
[49] Ella: Oh there are so many kinds of flowers in my room.
[49] Annie: Do you have any picture of them?
[49] Annie: Yes, but in my another phone.
[50] Ella: Oh this picture of my...
[50] Ella: This is really beautiful.
[50] Annie: Why the daisies you grew are so...
[50] Annie: Are so fresh and beautiful.
[50] Ella: Oh you know I have a little tip.
[50] Ella: To grow such kind of flower.
[50] Ella: That is to say you have to regularly water your flowers with diluted beer.
[50] Ella: And by doing so it could make them grow better.
[51] Annie: Wow.
[51] Ella: Uh give...
[51] Ella: Give Cora our... our daisy.
[52] Ella: It means that you grow it by yourself, so maybe Cora will like it.
[52] Annie: Yes actually this is the only thing that I can do.
[52] Annie: Can I ask the robot to package it?
[52] Annie: Can you, robot can you please package my daisies with the packaging materials in this storage box?

Conversation 3: Ella and Annie debate perfume preferences, with Ella favoring strong, bold scents and Annie preferring light, elegant fragrances. They consider what Cora would like, concluding she might choose different perfumes for different occasions and plan to ask her later. They prepare to leave for a meeting, delegating tidying tasks to a robot and retrieving Ella’s phone.
[55] Annie: I really like this set.
[55] Ella: Okay so hmm...
[55] Ella: Annie could you guess that what kind of perfume that our Cora may like.
[56] Ella: And I will... I will ask her for the right answer.
[56] Annie: Maybe, yes, yes sure.
[58] Annie: Okay up to you.
[58] Annie: But speaking of which...
[58] Annie: Which one do you think Cora would choose?
[58] Annie: It's based on her personality and everything.
[58] Ella: Um let me think.
[58] Ella: Oh Annie you know Cora usually seems quite unique with a bold sense of style in clothing.
[58] Ella: So I guess she might strong...
[58] Ella: Uh she might like strong perfumes like oriental ones.
[59] Ella: Rich in spices and unique fragrances which match her temperament quite well.
[59] Annie: I don't think so.
[59] Annie: You know although Cora has a strong personality.
[59] Annie: But she also values quality of life.
[59] Annie: And you know the refined feeling of light perfume might be more appealing to her.
[60] Ella: Well.
[60] Ella: You just reminded me.
[60] Ella: Do you think so?
[60] Annie: It makes sense.
[60] Annie: You know because Cora is meticulous and she'll definitely choose the best and most suitable perfume for different occasions.
[60] Annie: Let's go and ask her later.
[60] Ella: Yes.
[60] Ella: Oh what did you say robot?
[60] robot: Master, it's about time. If we leave now we can arrive at the agreed location on time.
[61] Ella: Okay let me to fetch my flower to Cora.
[61] Ella: Okay.
[61] Ella: Oh Annie are you okay?

Conversation 1: Ella helps Annie organize her messy wardrobe and suggests outfit choices, advising against colors that would clash with Cora’s usual yellow. Cora reminds Annie of a 10 o’clock meeting and warns against lateness due to a past incident. A household robot provides timing assistance, and Ella and Annie proceed to sort and delegate organizing the clothes to the robot.
[13] Cora: So much time and I lost my time.
[13] Cora: Do you remember?
[13] Cora: I waited there alone and as for so long that flowers withered.
[13] Cora: People came and ran around me and I just stood there foolishly waiting for you.
[13] Cora: And I wish we agree to meet each other at ten o'clock.

[Step 2] Evaluating semantic answer...
Action: [Answer]
Content: Ella is more knowledgeable about flowers.
FINAL ANSWER (from graph):
Ella is more knowledgeable about flowers.
Question: who of the three knows more about fashion?

[Step 1] Searching the graph...
Parse Query Output:
{
  "query_triple": [null, "knows about fashion", "?", 0.1, 0.3, 0.2],
  "spatial_constraint": null,
  "speaker_strict": null,
  "allocation": {
    "k_high_level": 10,
    "k_low_level": 10,
    "k_conversations": 30,
    "total_k": 50,
    "reasoning": "Comparative knowledge/ability query across an unspecified trio; use high-level edges for traits (expertise/interest in fashion), conversations for evidence of knowledge and discussions, and some low-level edges for actions indicating fashion knowledge (e.g., styling, commenting on outfits)."
  }
}

Graph Search Results:
**High-Level Information (Character Attributes and Relationships): **

Character Attributes:
- Ella is: female (100), taller (100), long straight dark hair to mid-back (100), blue denim jacket (100), blue jeans (100), white shoes (100), pink bow hair accessory (100)
- character_2 is: female (100), slim (100)

Character Relationships:
- female_in_blue_denim_with_glasses is the same as character_1 (95)

**Low-Level Information (Actions and Events): **

[2] Annie looks at clothes. (bedroom and bathroom)
[2] Ella guides outfit choice. (bedroom and bathroom)
[4] Annie starts placing clothes. (bedroom)
[4] clothes are on bed. (bedroom)
[5] Ella looks over clothes. (bedroom)
[5] clothes are on bed. (bedroom)
[6] Ella looks at clothes. (bedroom)
[6] clothes are on bed. (bedroom)
[70] Cora says she had stylish event. (bedroom)
[70] Cora claims she knows many stylish clue. (bedroom)

**Conversations: **

Conversation 4: Cora visits Ella and Annie before they go out, returning a forgotten item and giving them hair accessories and styling advice. They discuss gardening, confirm a tip about watering flowers with diluted beer, and try on accessories that match their outfits. Cora offers broader fashion guidance on mixing fabrics and coordinating colors, which Ella and Annie accept. They wrap up ready to go out together, bringing a flower gift.
[69] Ella: Well by the way Cora do you...
[69] Ella: Do you know the reason why we can plant the flowers so good?
[69] Ella: Do you know our tips?
[69] Cora: So I should ask her.
[69] Cora: I don't know but I really like to grow flowers.
[70] Cora: When I on my business trip.
[70] Cora: I had some stylish events and these things.
[70] Cora: So moreover I know many stylish clue.
[71] Cora: You know if you want I can guide you.
[71] Annie: Yes please, please guide us.
[71] Cora: So for example if you want to work something you can use the different materials.
[71] Cora: You can use different type of fabrics.
[71] Cora: Such as denim with silk will be really perfect and be really unique.
[71] Ella: Oh I can conclude.
[71] Ella: Did you mean that we only have to change a little but we will have a big effect?
[72] Ella: Got you.
[72] Cora: And also I should to tell you the other things.
[72] Cora: And also about the color coordination.
[72] Cora: And you should to take care about the color coordination in your style.
[72] Ella: I knew that...
[72] Cora: So I already told you I had...
[74] Cora: Okay I can try it on your hair.
[75] Cora: Yes.
[75] Ella: And maybe suitable for my outfit.
[75] Cora: Ah I like it on your hair.
[75] Ella: Okay. Thank you Cora.

Conversation 1: Ella helps Annie organize her messy wardrobe and suggests outfit choices, advising against colors that would clash with Cora’s usual yellow. Cora reminds Annie of a 10 o’clock meeting and warns against lateness due to a past incident. A household robot provides timing assistance, and Ella and Annie proceed to sort and delegate organizing the clothes to the robot.
[2] Ella: Bye bye.
[2] Annie: Hey Ella can you please come?
[2] Annie: And tell me what to wear for today.
[2] Ella: Hmm let me help you.
[2] Annie: I really need your suggestion.
[2] Ella: It's sunny outside.
[3] Ella: So according to your habits I think...
[3] Ella: Maybe you would prefer some colorful clothes.
[3] Ella: Oh wow Annie.
[3] Ella: What a messy wardrobe, how can you stand it?
[3] Annie: Oh I stand it.
[3] Ella: Oh my God
[8] Annie: Okay...
[9] Ella: The left are yours, your task.
[9] Annie: Okay let's see what should I wear today.
[9] Ella: I think the first one maybe you should think about the trousers.
[9] Ella: The trousers.
[9] Annie: The trousers?
[9] Ella: Yes the trousers.
[9] Annie: Should I put it in the wardrobe?
[9] Ella: Okay good job.
[9] Ella: And then maybe the skirt?
[10] Ella: How about the skirt?
[10] Ella: Do something to it.
[10] Annie: Yes I can put it here in the wardrobe.
[17] Annie: Okay what do you think about this one?
[17] Ella: Well Annie...
[17] Ella: I just wonder do you want to clash outfits with Cora again?
[17] Annie: Hmm you're right I don't want to clash colors again. Yeah.
[17] Ella: You know Cora loves yellow.
[17] Annie: Yes yellow is her color.
[17] Ella: Oh her favorite color, and wear...
[17] Ella: And she, she wears yellow clothes every time when we go out.
[17] Annie: Yes I know this.
[18] Ella: Wow wonderful, okay.
[18] Ella: Oh I think that's enough, hmm...
[18] Annie: Which one should be dress?
[18] Ella: Well just think about it.
[19] Annie: Exactly in the room.

Conversation 3: Ella and Annie debate perfume preferences, with Ella favoring strong, bold scents and Annie preferring light, elegant fragrances. They consider what Cora would like, concluding she might choose different perfumes for different occasions and plan to ask her later. They prepare to leave for a meeting, delegating tidying tasks to a robot and retrieving Ella’s phone.
[55] Annie: I really like this set.
[55] Ella: Okay so hmm...
[55] Ella: Annie could you guess that what kind of perfume that our Cora may like.
[56] Ella: And I will... I will ask her for the right answer.
[56] Annie: Maybe, yes, yes sure.
[58] Annie: Okay up to you.
[58] Annie: But speaking of which...
[58] Annie: Which one do you think Cora would choose?
[58] Annie: It's based on her personality and everything.
[58] Ella: Um let me think.
[58] Ella: Oh Annie you know Cora usually seems quite unique with a bold sense of style in clothing.
[58] Ella: So I guess she might strong...
[58] Ella: Uh she might like strong perfumes like oriental ones.
[60] Ella: Do you think so?
[60] Annie: It makes sense.
[60] Annie: You know because Cora is meticulous and she'll definitely choose the best and most suitable perfume for different occasions.
[60] Annie: Let's go and ask her later.
[60] Ella: Yes.

Conversation 2: Ella and Annie try to style outfits, debating coats and a blue dress, and use a household robot to fetch items and suggest a matching bag. They aim to recreate a look from photos, settle on accessories, and evaluate the result in a mirror. The conversation shifts to flowers and perfume, with Ella sharing a tip for growing daisies. Annie decides to gift Cora her homegrown daisies and asks the robot to package them.
[34] Ella: Maybe we can change another one okay?
[34] Ella: Change another one?
[34] Ella: How about this coat?
[34] Ella: How about this coat, this colorful one?
[34] Ella: It's a green one, right?
[34] Ella: A green.
[37] Annie: What do you think about it, is it good?
[38] Ella: Yes it's good.
[38] Annie: I know it looks good but I don't know how to match it.
[38] Annie: That's why I haven't worn it even once.
[38] Ella: Well hmm...
[39] Ella: Okay thank you.
[39] Ella: And you can see I have two phones.
[39] Ella: Maybe I think I have the, all aspects of this skirt or dress.
[39] Annie: You can see how I can match it.
[39] Ella: Yes the match is very beautiful.
[42] Ella: Oh silly Annie, just find a similar one.
[42] Annie: Hmm I don't know, a similar one...
[42] Ella: You have a wardrobe of clothes.
[42] Ella: You can just find some similar ones.
[42] Annie: Yes maybe I can.
[42] Ella: Oh baby you can just...
[42] Ella: To do the match.
[42] Ella: To choose some similar clothes first and then we will think about the bag.
[43] Ella: To do... to choose some similar clothes first and then we will think about the bag.
[43] Annie: Think about the bag.
[43] Annie: Okay. Let's see.
[43] Ella: Maybe you can just choose something from your... your wardrobe.
[43] Annie: Okay. Let me see.
[43] Ella: How about this scarf?
[44] Annie: I'm not really sure.
[44] Annie: The bag...
[45] Annie: I don't think... none of them actually match.
[45] Ella: So maybe I think you could ask the help from our robot and let him to choose you a bag.
[45] Annie: Hey robot, can you please help me to find a suitable bag for my style?

[Step 2] Evaluating semantic answer...
Action: [Answer]
Content: Cora knows more about fashion.
FINAL ANSWER (from graph):
Cora knows more about fashion.
Question: where is the cell phone?

[Step 1] Searching the graph...
Parse Query Output:
{
  "query_triple": ["cell phone", "is at", "?", 0.7, 0.5, 0.15],
  "spatial_constraint": null,
  "speaker_strict": null,
  "allocation": {
    "k_high_level": 3,
    "k_low_level": 40,
    "k_conversations": 7,
    "total_k": 50,
    "reasoning": "Spatial location query about an object; prioritize low-level edges for location relations, minimal high-level and conversations."
  }
}

Graph Search Results:
**High-Level Information (Character Attributes and Relationships): **

Character Attributes:
- character_2 is: female (100)
- robot is: camera holder perspective (100), assistive (90)

**Low-Level Information (Actions and Events): **

[1] blue skirt is on smartphone. (bedroom)
[1] dress is on smartphone. (bedroom)
[3] Annie holds phone. (bedroom)
[6] Annie holds phone. (bedroom)
[12] Annie looks at phone. (bedroom)
[19] Ella holds phone. (bedroom)
[20] Ella holds phone. (bedroom)
[24] female_in_blue_denim_with_glasses holds phone. (bedroom)
[27] female_in_blue_denim_with_glasses looks at smartphone. (bedroom)
[28] smartphone is above <character_1>'s face. (bedroom)
[28] female_in_blue_denim_with_glasses looks at phone. (bedroom)
[29] female_in_striped_top looks at phone. (bedroom)
[31] character_2 looks at phone. (bedroom)
[31] character_2 holds phone. (bedroom)
[32] Ella holds phone. (bedroom)
[34] Ella holds phone. (bedroom and bathroom)
[37] clothes are at wardrobe. (bedroom)
[39] Ella asks for phone. (bedroom)
[39] Ella accepts phone. (bedroom)
[39] Ella holds phone. (bedroom)
[39] Ella looks at phone. (bedroom)
[41] phone is from nightstand. (bedroom)
[47] Annie holds phone. (bedroom)
[49] phone is in Annie's hand. (bedroom)
[49] Annie holds phone. (bedroom)
[54] character_1 looks at smartphone. (bedroom)
[61] Ella holds phone. (bedroom)
[62] robot locates phone. (hallway by bathroom)
[62] phone is on sink counter. (hallway by bathroom)
[62] phone is to Ella. (hallway by bathroom)
[63] Ella holds phone. (hallway and bedroom)
[63] phone is in Ella's left hand. (hallway and bedroom)
[67] Cora places phone. (bedroom)
[67] phone is on bed. (bedroom)
[69] Ella holds at times phone. (bedroom)
[71] Cora holds phone. (bedroom)
[72] Cora holds phone. (bedroom)
[72] phone is in Cora's right hand. (bedroom)
[73] Cora holds phone. (bedroom)
[73] phone is in <Cora>'s hand. (bedroom)

**Conversations: **

Conversation 3: Ella and Annie debate perfume preferences, with Ella favoring strong, bold scents and Annie preferring light, elegant fragrances. They consider what Cora would like, concluding she might choose different perfumes for different occasions and plan to ask her later. They prepare to leave for a meeting, delegating tidying tasks to a robot and retrieving Ella’s phone.
[62] Annie: Are you missing something?
[62] Ella: Oh yes.
[62] Ella: I missed my phone hmm so hello robot please give me my phone.
[62] robot: Okay.
[62] Ella: Thank you robot.

Conversation 2: Ella and Annie try to style outfits, debating coats and a blue dress, and use a household robot to fetch items and suggest a matching bag. They aim to recreate a look from photos, settle on accessories, and evaluate the result in a mirror. The conversation shifts to flowers and perfume, with Ella sharing a tip for growing daisies. Annie decides to gift Cora her homegrown daisies and asks the robot to package them.
[38] Ella: Well you know I got two phones you know.
[38] Ella: So I need my...
[38] Ella: Another phone of mine so...
[38] Ella: Hello robot please give me my phone in my bag.
[39] Ella: I have two phones give me another one.
[39] Ella: Okay thank you.
[40] Ella: I like to put the phone on the bed for you to...
[40] Ella: Oh my, oh my God.
[40] Ella: My phone. My another phone oh my God.
[41] Annie: It's too bad.
[41] Ella: It's okay.
[41] Ella: It's okay but I have to...
[41] Ella: Sorry my phone.
[41] Annie: Maybe you can put here.
[41] Annie: See.
[49] Annie: Do you have any picture of them?
[49] Annie: Yes, but in my another phone.
[49] Ella: Another phone...
[49] Annie: It's in my hand.
[49] Ella: Oh you are...
[49] Ella: Okay, you are holding my phone.
[50] Ella: Let me show you an example.
[50] Ella: Oh this picture of my...

[Step 2] Evaluating semantic answer...
Action: [Answer]
Content: The cell phone is on the sink counter in the hallway by the bathroom.
FINAL ANSWER (from graph):
The cell phone is on the sink counter in the hallway by the bathroom.
Question: Which bag should the robot pick?

[Step 1] Searching the graph...
Parse Query Output:
{
  "query_triple": ["<robot>", "should pick", "bag", 0.95, 0.25, 0.6],
  "spatial_constraint": null,
  "speaker_strict": null,
  "allocation": {
    "k_high_level": 5,
    "k_low_level": 38,
    "k_conversations": 7,
    "total_k": 50,
    "reasoning": "Action/decision query focused on which specific bag to pick; prioritize low-level edges to find actions, attributes, and states of bags, with minimal high-level traits and a small portion of conversations for possible instructions."
  }
}

Graph Search Results:
**High-Level Information (Character Attributes and Relationships): **

Character Relationships:
- robot supports Annie (85)
- Annie exercises authority over robot (88)
- Ella exercises authority over robot (85)
- robot supports Ella (80)
- robot assistant to Annie (92)

**Low-Level Information (Actions and Events): **

[20] robot moves closer to bed. (bedroom)
[23] robot walks around bed. (bedroom)
[23] robot picks up folded dark green garment. (bedroom)
[23] robot picks up beige shirt. (bedroom)
[24] robot adjusts hanger. (bedroom)
[24] robot turns toward bed. (bedroom)
[24] robot places hanger. (bedroom)
[25] robot points camera at hanger. (bedroom)
[26] robot adjusts hanger. (bedroom)
[27] robot looks at storage bin. (bedroom)
[27] robot picks up hanger. (bedroom)
[28] robot picks up bright yellow jacket. (bedroom)
[29] robot threads through hanger. (bedroom)
[30] robot scans storage bin. (bedroom)
[30] robot turns toward bed. (bedroom)
[30] robot picks up empty hanger. (bedroom)
[31] robot picks up plastic hanger. (bedroom)
[31] robot returns toward bed. (bedroom)
[39] robot reaches into tan handbag. (bedroom)
[39] robot takes out from handbag. (bedroom)
[45] robot focuses on bag. (bedroom)
[52] robot reaches into box. (bedroom)
[53] robot picks bright yellow sheet. (bedroom)
[53] robot picks from box. (bedroom)
[54] robot picks up wrapped bouquet. (bedroom)
[62] robot picks up phone. (hallway by bathroom)
[63] robot picks up using hanger. (hallway and bedroom)
[63] robot picks up blue denim jacket. (hallway and bedroom)
[64] robot turns toward bed. (bedroom)
[64] robot picks light-blue scarf. (bedroom)
[64] robot grabs orange hanger. (bedroom)
[64] robot picks up dark blue garment. (bedroom)
[64] robot prepares above hanger. (bedroom)
[65] robot moves toward hanger. (bedroom)
[65] robot picks up from navy garment. (bedroom)
[65] robot returns to bed. (bedroom)
[65] robot picks up yellow hanger. (bedroom)
[66] robot scans bed. (bedroom)

**Conversations: **

Conversation 2: Ella and Annie try to style outfits, debating coats and a blue dress, and use a household robot to fetch items and suggest a matching bag. They aim to recreate a look from photos, settle on accessories, and evaluate the result in a mirror. The conversation shifts to flowers and perfume, with Ella sharing a tip for growing daisies. Annie decides to gift Cora her homegrown daisies and asks the robot to package them.
[36] Ella: I think it's a little hard for me to fetch it.
[36] Ella: So hello robot.
[36] Ella: Hello robot please fetch the blue dress for me.
[36] robot: Okay.
[36] Ella: Just give me the blue dress.
[38] Ella: So I need my...
[38] Ella: Another phone of mine so...
[38] Ella: Hello robot please give me my phone in my bag.
[39] Ella: I have two phones give me another one.
[39] Ella: Okay thank you.
[42] Annie: Yes maybe I can.
[42] Annie: But...
[42] Annie: Oh how about the bag?
[42] Ella: Oh baby you can just...
[42] Ella: To do the match.
[44] Annie: The bag...
[45] Annie: I don't think... none of them actually match.
[45] Ella: So maybe I think you could ask the help from our robot and let him to choose you a bag.
[45] Annie: Hey robot, can you please help me to find a suitable bag for my style?
[45] Annie: Oh well done, look.
[45] Annie: How about the blue bag with this dress?
[52] Ella: It means that you grow it by yourself, so maybe Cora will like it.
[52] Annie: Yes actually this is the only thing that I can do.
[52] Annie: Can I ask the robot to package it?
[52] Annie: Can you, robot can you please package my daisies with the packaging materials in this storage box?

[Step 2] Evaluating semantic answer...
Action: [Answer]
Content: The blue bag to match the blue dress.
FINAL ANSWER (from graph):
The blue bag to match the blue dress.
Question: What should the robot answer when offering advice to Cora？

[Step 1] Searching the graph...
Parse Query Output:
{
  "query_triple": ["<robot>", "offers advice to", "<Cora>", 0.9, 0.35, 0.9],
  "spatial_constraint": null,
  "speaker_strict": ["<robot>", "<Cora>"],
  "allocation": {
    "k_high_level": 5,
    "k_low_level": 5,
    "k_conversations": 40,
    "total_k": 50,
    "reasoning": "The query seeks the content of advice (what should be said), which is best found in dialogue. Use conversations heavily, with minimal high/low-level edges for context."
  }
}

Graph Search Results:
**High-Level Information (Character Attributes and Relationships): **

Character Relationships:
- Cora trusts advice from robot (65)
- Cora trusts robot (85)
- Cora seeks guidance from robot (80)
- robot advisor to Cora (75)
- Cora cooperates with robot (65)

**Low-Level Information (Actions and Events): **

[66] Cora tells other. (bedroom)
[70] Cora suggests asking robot. (bedroom)
[70] Cora asks how to grow flower like Cora's robot. (bedroom)
[73] Cora looks at something. (bedroom)
[77] robot follows Cora. (bedroom)

**Conversations: **

Conversation 4: Cora visits Ella and Annie before they go out, returning a forgotten item and giving them hair accessories and styling advice. They discuss gardening, confirm a tip about watering flowers with diluted beer, and try on accessories that match their outfits. Cora offers broader fashion guidance on mixing fabrics and coordinating colors, which Ella and Annie accept. They wrap up ready to go out together, bringing a flower gift.
[66] Cora: Hello, hello, hello.
[66] Ella: Oh Cora.
[66] Cora: So I knew it you will be late.
[66] Cora: For the previous time you were going late.
[66] Annie: We're packed up, look.
[66] Ella: Yes we are ready to go out.
[66] Cora: Okay that's good for you.
[67] Cora: Okay I just came here for the other reasons to you.
[67] Cora: Here in my bag.
[67] Cora: So here you are it's for you.
[67] Annie: Thank you.
[67] Cora: Yeah and also...
[67] Ella: And maybe I think you should give her the gift by yourself.
[67] Annie: And actually I have to first...
[67] Annie: A gift for our meeting and I grow it myself.
[68] Cora: Oh did you grow it by yourself?
[68] Cora: Oh thank you.
[68] Ella: Okay I will...
[68] Ella: Okay I will put it for you guys.
[69] Cora: And also Ella for you I have this one.
[69] Ella: Oh thank you.
[69] Ella: Well by the way Cora do you...
[69] Ella: Do you know the reason why we can plant the flowers so good?
[69] Ella: Do you know our tips?
[69] Cora: So I should ask her.
[69] Cora: I don't know but I really like to grow flowers.
[69] Cora: How can I grow the flowers like this?
[69] Annie: Let you ask her.
[69] Ella: Maybe.
[70] Cora: Let's ask the robot?
[70] Cora: So robot how can I grow flower like this?
[70] robot: Regularly watering flowers with diluted beer can help them grow better.
[70] Cora: Uh-huh.
[70] Ella: Hmm yes the right answer.
[70] Cora: Okay I'll try this so...
[70] Cora: And also guys.
[70] Cora: When I on my business trip.
[70] Cora: I had some stylish events and these things.
[70] Cora: So moreover I know many stylish clue.
[71] Cora: You know if you want I can guide you.
[71] Annie: Yes please, please guide us.
[71] Cora: So for example if you want to work something you can use the different materials.
[71] Ella: Oh I can conclude.
[71] Ella: Did you mean that we only have to change a little but we will have a big effect?
[71] Cora: A little change make a big difference.
[72] Ella: Yes that's it.
[72] Cora: That's what I'm saying.
[72] Ella: Got you.
[72] Cora: And also I should to tell you the other things.
[72] Cora: And also about the color coordination.
[72] Cora: And you should to take care about the color coordination in your style.
[72] Ella: I knew that...
[72] Cora: So I already told you I had...
[72] Cora: I had some hair tie for hair.
[72] Cora: And already I gave you this one and this one.
[72] Cora: You're welcome.
[72] Cora: And if you want I can make yours...
[73] Cora: I can help you to make your hair nicer.
[73] Annie: Yeah sure, I like it.
[73] Ella: Okay, could we just put it or uh put it all on our bed?
[73] Ella: Just make your bag bottom up.
[73] Ella: It's okay for you.
[73] Cora: So yes.
[73] Ella: Can I do that?
[73] Cora: Why do you want to do this?
[73] Cora: Okay go.
[73] Ella: Because I just think you maybe have so many presents for us.
[73] Ella: I'm a little curious.
[73] Ella: Okay oh.
[73] Cora: We have...
[74] Ella: Uh-huh.
[74] Cora: Ah I have some pearls also.
[74] Ella: Hmm hair bands, right but I love this pearl one could you try it?
[74] Cora: Okay I can try it on your hair.
[75] Cora: Yes.
[75] Ella: And maybe suitable for my outfit.
[75] Cora: Ah I like it on your hair.
[75] Ella: Okay. Thank you Cora.
[75] Ella: Okay let me, let me try to fix it.
[75] Ella: Uh okay okay.
[75] Ella: Well I can feel it very great.
[76] Cora: Okay.
[76] Cora: Do you want me to help you?
[76] Annie: Yes.
[76] Cora: Here it's like a heart.
[76] Ella: Maybe we can try the hair band?
[76] Cora: It's okay.
[76] Cora: It's okay I want to try her band on you.
[76] Cora: And also this headband.
[77] Ella: Okay okay we can, we can go out.
[77] Annie: Don't forget your flower.
[77] Cora: Okay, let's go.
[77] Ella: Okay?
[77] Cora: Okay let's go out.
[77] robot: Wish you have a good time.

Conversation 1: Ella helps Annie organize her messy wardrobe and suggests outfit choices, advising against colors that would clash with Cora’s usual yellow. Cora reminds Annie of a 10 o’clock meeting and warns against lateness due to a past incident. A household robot provides timing assistance, and Ella and Annie proceed to sort and delegate organizing the clothes to the robot.
[12] Ella: Oh it's a phone call.
[12] Annie: Yes hello.
[12] Cora: Hello do you still remember our meeting?
[12] Annie: I'm sorry.
[12] Ella: Ten o'clock right?
[12] Cora: Yes we agreed the ten.
[12] Cora: And do not to make the same mistake as last time you did.
[13] Cora: So last time I had to wait for you until...
[13] Cora: So much time and I lost my time.
[13] Cora: Do you remember?
[13] Cora: I waited there alone and as for so long that flowers withered.
[13] Cora: People came and ran around me and I just stood there foolishly waiting for you.
[13] Cora: And I wish we agree to meet each other at ten o'clock.
[13] Cora: But I begin see you until eleven.
[14] Cora: Do you remember this?
[14] Annie: Oh yes.
[14] Annie: I'm sorry I'm so sorry.
[14] Cora: I forgive you for being late for a while.
[14] Cora: But you were late for an hour.
[14] Cora: If you do this again this time.
[14] Cora: We will cut ties.
[14] Ella: Oh sorry Cora.
[15] Ella: Sit down.
[15] Annie: Oh my God.
[15] Ella: Oh oh what do you say robot?
[15] robot: Master, it is now twenty past twelve. It takes about twenty minutes to travel from home to the agreed location, leaving an hour for preparation. Do you need the robot's assistance?
[16] Ella: Okay thank you.
[16] Ella: Thank you robot.
[16] Annie: It's very good to have you, thank you so much.
[16] Ella: Yes.
[20] Ella: Maybe we can, we can just...
[20] Ella: We can just call the robot to organize them.
[20] Ella: Hmm hello robot please organize all the clothes on our bed for us.

[Step 2] Evaluating semantic answer...
Action: [Answer]
Content: Regularly watering flowers with diluted beer can help them grow better.
FINAL ANSWER (from graph):
Regularly watering flowers with diluted beer can help them grow better.
Question: what color wrapper should the robot take?

[Step 1] Searching the graph...
Parse Query Output:
{
  "query_triple": ["<robot>", "takes", "wrapper#color:?", 0.95, 0.25, 0.8],
  "spatial_constraint": null,
  "speaker_strict": null,
  "allocation": {
    "k_high_level": 5,
    "k_low_level": 38,
    "k_conversations": 7,
    "total_k": 50,
    "reasoning": "Action/attribute query about which color wrapper to take; prioritize low-level edges for actions and object attributes, with minimal high-level and some conversations for possible instructions."
  }
}

Graph Search Results:
**High-Level Information (Character Attributes and Relationships): **

Character Attributes:
- robot is: camera holder perspective (100), black gloves (100)

Character Relationships:
- robot supports Annie (85)
- Annie exercises authority over robot (88)
- Annie relies on robot (80)

**Low-Level Information (Actions and Events): **

[21] robot picks up from bright yellow jacket. (bedroom)
[22] robot arranges lime-green jacket. (bedroom)
[22] robot places dark gray pant. (bedroom)
[22] robot reaches toward yellow garment. (bedroom)
[22] robot lifts yellow garment. (bedroom)
[22] robot examines yellow garment. (bedroom)
[22] robot folds yellow garment. (bedroom)
[23] robot picks up yellow jacket. (bedroom)
[23] robot places yellow jacket. (bedroom)
[23] robot sets down dark green garment. (bedroom)
[23] robot picks up beige shirt. (bedroom)
[23] robot adjusts green jacket. (bedroom)
[24] robot moves blue garment. (bedroom)
[25] robot spreads light-colored garment. (bedroom)
[25] robot folds light-colored garment. (bedroom)
[26] robot places back beige sweater. (bedroom)
[26] robot pulls out from dark garment. (bedroom)
[26] robot returns to dark garment. (bedroom)
[28] robot picks up bright yellow jacket. (bedroom)
[28] robot hangs yellow jacket. (bedroom)
[30] robot returns with blue garment. (bedroom)
[30] robot tucks blue garment. (bedroom)
[36] robot grabs blue dress. (bedroom)
[53] robot picks bright yellow sheet. (bedroom)
[53] robot picks from box. (bedroom)
[53] robot sets on yellow sheet. (bedroom)
[53] robot places on pale green sheet. (bedroom)
[53] robot ties around with yellow wrap. (bedroom)
[54] robot wraps around yellow paper. (bedroom)
[54] robot ties around black string. (bedroom)
[63] robot lifts yellow coat on hanger. (hallway and bedroom)
[64] robot pulls yellow coat. (bedroom)
[64] robot picks light-blue scarf. (bedroom)
[64] robot grabs orange hanger. (bedroom)
[64] robot picks up dark blue garment. (bedroom)
[65] robot picks up yellow hanger. (bedroom)
[65] robot brings to yellow hanger. (bedroom)
[65] robot hangs on patterned garment. (bedroom)

**Conversations: **

Conversation 2: Ella and Annie try to style outfits, debating coats and a blue dress, and use a household robot to fetch items and suggest a matching bag. They aim to recreate a look from photos, settle on accessories, and evaluate the result in a mirror. The conversation shifts to flowers and perfume, with Ella sharing a tip for growing daisies. Annie decides to gift Cora her homegrown daisies and asks the robot to package them.
[36] Ella: I think it's a little hard for me to fetch it.
[36] Ella: So hello robot.
[36] Ella: Hello robot please fetch the blue dress for me.
[36] robot: Okay.
[36] Ella: Just give me the blue dress.
[36] Ella: Okay thank you robot.
[45] Annie: I don't think... none of them actually match.
[45] Ella: So maybe I think you could ask the help from our robot and let him to choose you a bag.
[45] Annie: Hey robot, can you please help me to find a suitable bag for my style?
[45] Annie: Oh well done, look.
[45] Annie: How about the blue bag with this dress?
[52] Ella: It means that you grow it by yourself, so maybe Cora will like it.
[52] Annie: Yes actually this is the only thing that I can do.
[52] Annie: Can I ask the robot to package it?
[52] Annie: Can you, robot can you please package my daisies with the packaging materials in this storage box?

Conversation 3: Ella and Annie debate perfume preferences, with Ella favoring strong, bold scents and Annie preferring light, elegant fragrances. They consider what Cora would like, concluding she might choose different perfumes for different occasions and plan to ask her later. They prepare to leave for a meeting, delegating tidying tasks to a robot and retrieving Ella’s phone.
[62] Ella: Oh yes.
[62] Ella: I missed my phone hmm so hello robot please give me my phone.
[62] robot: Okay.
[62] Ella: Thank you robot.
[62] Ella: And robot could you just tidy the... tidy up the bath for us?

Conversation 4: Cora visits Ella and Annie before they go out, returning a forgotten item and giving them hair accessories and styling advice. They discuss gardening, confirm a tip about watering flowers with diluted beer, and try on accessories that match their outfits. Cora offers broader fashion guidance on mixing fabrics and coordinating colors, which Ella and Annie accept. They wrap up ready to go out together, bringing a flower gift.
[69] Annie: Let you ask her.
[69] Ella: Maybe.
[70] Cora: Let's ask the robot?
[70] Cora: So robot how can I grow flower like this?
[70] robot: Regularly watering flowers with diluted beer can help them grow better.

[Step 2] Evaluating semantic answer...
Action: [Answer]
Content: Yellow.
FINAL ANSWER (from graph):
Yellow.
Question: where should the yellow coat go?

[Step 1] Searching the graph...
Parse Query Output:
{
  "query_triple": ["coat#yellow", "should go to", "?", 0.9, 0.3, 0.15],
  "spatial_constraint": null,
  "speaker_strict": null,
  "allocation": {
    "k_high_level": 4,
    "k_low_level": 40,
    "k_conversations": 6,
    "total_k": 50,
    "reasoning": "Spatial/placement query about a specific object; prioritize low-level edges to find locations or actions indicating where the yellow coat is placed or supposed to be placed. Minimal high-level edges and limited conversations unless dialogue states instructions."
  }
}

Graph Search Results:
**High-Level Information (Character Attributes and Relationships): **

Character Attributes:
- character_2 is: female (100), blue jeans (100), slim (100), shoulder-length dark hair (100)

**Low-Level Information (Actions and Events): **

[4] Annie pulls down bright yellow jacket. (bedroom)
[6] Ella picks up yellow coat. (bedroom)
[6] yellow coat is in <Ella>'s hand. (bedroom)
[6] Ella positions yellow coat. (bedroom)
[6] Ella hangs yellow coat. (bedroom)
[6] yellow coat is inside wardrobe. (bedroom)
[7] Ella lifts yellow coat. (bedroom)
[7] yellow coat is from rack. (bedroom)
[7] Annie looks toward coat. (bedroom)
[7] Ella hangs yellow coat. (bedroom)
[7] yellow coat is on rack. (bedroom)
[7] Ella refers to coat. (bedroom)
[17] another yellow item is on bedspread. (bedroom)
[21] robot picks up from bright yellow jacket. (bedroom)
[21] bright yellow jacket is from bed. (bedroom)
[28] robot picks up bright yellow jacket. (bedroom)
[28] bright yellow jacket is from bed. (bedroom)
[29] denim shirt is beside yellow coat. (bedroom)
[34] Ella suggests changing to another coat. (bedroom and bathroom)
[34] Ella looks through coat. (bedroom and bathroom)
[34] Ella asks about colorful coat. (bedroom and bathroom)
[34] Ella confirms color coat. (bedroom and bathroom)
[34] Annie takes off bright green-yellow coat. (bedroom and bathroom)
[34] Annie holds open to look at lining coat. (bedroom and bathroom)
[35] Annie holds bright yellow-green coat. (bedroom and bathroom doorway)
[35] Annie puts on bright yellow-green coat. (bedroom and bathroom doorway)
[35] Annie adjusts hood bright yellow-green coat. (bedroom and bathroom doorway)
[35] Annie holds yellow coat. (bedroom and bathroom doorway)
[36] Ella holds bright yellow-green coat. (bedroom)
[36] Ella places yellow-green coat. (bedroom)
[36] yellow-green coat is on bed. (bedroom)
[63] robot lifts yellow coat on hanger. (hallway and bedroom)
[63] yellow coat on hanger is from bed. (hallway and bedroom)
[63] robot arranges on yellow coat on hanger. (hallway and bedroom)
[63] yellow coat on hanger is arranged properly. (hallway and bedroom)
[64] robot pulls yellow coat. (bedroom)
[64] yellow coat is from closet. (bedroom)
[64] robot adjusts coat on hanger. (bedroom)
[65] robot brings to yellow hanger. (bedroom)
[65] yellow hanger is to wardrobe. (bedroom)

**Conversations: **

Conversation 2: Ella and Annie try to style outfits, debating coats and a blue dress, and use a household robot to fetch items and suggest a matching bag. They aim to recreate a look from photos, settle on accessories, and evaluate the result in a mirror. The conversation shifts to flowers and perfume, with Ella sharing a tip for growing daisies. Annie decides to gift Cora her homegrown daisies and asks the robot to package them.
[34] Ella: Maybe we can change another one okay?
[34] Ella: Change another one?
[34] Ella: How about this coat?
[34] Ella: How about this coat, this colorful one?
[34] Ella: It's a green one, right?
[34] Ella: A green.
[43] Ella: Yes I will put it here.
[43] Annie: Okay how about...
[43] Annie: How about the coat, the blue coat that I wore earlier?
[43] Ella: Oh maybe I think it's okay.
[44] Annie: It's okay?

Conversation 1: Ella helps Annie organize her messy wardrobe and suggests outfit choices, advising against colors that would clash with Cora’s usual yellow. Cora reminds Annie of a 10 o’clock meeting and warns against lateness due to a past incident. A household robot provides timing assistance, and Ella and Annie proceed to sort and delegate organizing the clothes to the robot.
[6] Ella: This coat oh it's a thick coat.
[6] Ella: I think it should be placed...
[6] Ella: Hmm I think it should be placed in the first compartment of the upper layer of the wardrobe.
[6] Ella: The...
[6] Ella: Let me see...
[9] Annie: The trousers?
[9] Ella: Yes the trousers.
[9] Annie: Should I put it in the wardrobe?
[9] Annie: Okay I'm done.
[9] Ella: You put the pair of pants in the first compartment of the lower level.
[17] Annie: Hmm you're right I don't want to clash colors again. Yeah.
[17] Ella: You know Cora loves yellow.
[17] Annie: Yes yellow is her color.
[17] Ella: Oh her favorite color, and wear...
[17] Ella: And she, she wears yellow clothes every time when we go out.

[Step 2] Evaluating semantic answer...
Action: [Answer]
Content: In the first compartment of the upper layer of the wardrobe.
FINAL ANSWER (from graph):
In the first compartment of the upper layer of the wardrobe.
Question: Who has a better sense of time, Annie, Ella or Cora?

[Step 1] Searching the graph...
Parse Query Output:
{
  "query_triple": ["null", "sense of time (comparison)", "<Annie>, <Ella>, <Cora>", 0.1, 0.25, 0.8],
  "spatial_constraint": null,
  "speaker_strict": null,
  "allocation": {
    "k_high_level": 10,
    "k_low_level": 10,
    "k_conversations": 30,
    "total_k": 50,
    "reasoning": "Trait comparison across multiple characters. Use high-level edges for traits; conversations may reveal evidence (e.g., punctuality, mentions of time awareness). Include some low-level edges to capture specific time-related actions (arriving early/late, checking clocks)."
  }
}

Graph Search Results:
**High-Level Information (Character Attributes and Relationships): **

Character Attributes:
- Cora is: punctuality-focused (95)
- character_1 is: glasses (100), medium build (100), blue jeans (100)
- character_2 is: slim (100), blue jeans (100)
- robot is: time-aware (85), punctual/time-oriented (90), wristband or watch (100), camera holder perspective (100)

**Low-Level Information (Actions and Events): **

[7] Annie checks <Annie>'s phone. (bedroom)
[10] Annie identifies as Cora. (bedroom)
[40] Annie looks at Annie's phone. (bedroom)
[41] Annie looks at Annie's phone. (bedroom)
[45] blue bag pairs with Annie's dress. (bedroom)
[49] phone is in Annie's hand. (bedroom)
[61] Annie refers to <Annie>'s room. (bedroom)
[69] bouquet is from <Annie>'s hand. (bedroom)
[74] pearl accessory is on <Annie>'s hair. (bedroom)
[76] red headband is on <Annie>'s head. (bedroom)

**Conversations: **

Conversation 3: Ella and Annie debate perfume preferences, with Ella favoring strong, bold scents and Annie preferring light, elegant fragrances. They consider what Cora would like, concluding she might choose different perfumes for different occasions and plan to ask her later. They prepare to leave for a meeting, delegating tidying tasks to a robot and retrieving Ella’s phone.
[55] Annie: Let's decide about the perfume.
[55] Ella: Oh okay.
[55] Annie: What do you think about this one?
[55] Ella: Oh let me smell.
[55] Ella: Oh what is this?
[55] Annie: I really like this set.
[55] Ella: Okay so hmm...
[55] Ella: Annie could you guess that what kind of perfume that our Cora may like.
[56] Ella: And I will... I will ask her for the right answer.
[56] Annie: Maybe, yes, yes sure.
[57] Annie: They are like a spring breeze natural and comfortable.
[57] Annie: That's why I like them a lot.
[57] Ella: Oh Annie.
[57] Ella: Light perfume has no presence at all.
[57] Ella: Spraying it is like not spraying anything.
[58] Annie: Okay up to you.
[58] Annie: But speaking of which...
[58] Annie: Which one do you think Cora would choose?
[58] Annie: It's based on her personality and everything.
[58] Ella: Um let me think.
[58] Ella: Oh Annie you know Cora usually seems quite unique with a bold sense of style in clothing.
[58] Ella: So I guess she might strong...
[58] Ella: Uh she might like strong perfumes like oriental ones.
[59] Ella: Rich in spices and unique fragrances which match her temperament quite well.
[59] Annie: I don't think so.
[59] Annie: You know although Cora has a strong personality.
[59] Annie: But she also values quality of life.
[59] Annie: And you know the refined feeling of light perfume might be more appealing to her.
[60] Ella: Well.
[60] Ella: You just reminded me.
[60] Ella: It's also possible that Cora likes both.
[60] Ella: And use different perfume for different occasions.
[60] Ella: Do you think so?
[60] Annie: It makes sense.
[60] Annie: You know because Cora is meticulous and she'll definitely choose the best and most suitable perfume for different occasions.
[60] Annie: Let's go and ask her later.
[60] Ella: Yes.
[61] Ella: Okay let me to fetch my flower to Cora.
[61] Ella: Okay.
[61] Ella: Oh Annie are you okay?
[61] Annie: Yes I'm actually fixing my hair.
[61] Ella: Okay if you're okay let's go.

Conversation 1: Ella helps Annie organize her messy wardrobe and suggests outfit choices, advising against colors that would clash with Cora’s usual yellow. Cora reminds Annie of a 10 o’clock meeting and warns against lateness due to a past incident. A household robot provides timing assistance, and Ella and Annie proceed to sort and delegate organizing the clothes to the robot.
[2] Ella: I will read some magazine.
[2] Ella: Bye bye.
[2] Annie: Hey Ella can you please come?
[2] Annie: And tell me what to wear for today.
[2] Ella: Hmm let me help you.
[10] Ella: And maybe the blue skirt, after the blue skirt...
[10] Annie: Oh look, who's calling?
[10] Annie: This is Cora.
[10] Ella: Oh don't hurry up.
[11] Ella: We still have a... we still have a T-shirt, T-shirt.
[12] Cora: And do not to make the same mistake as last time you did.
[13] Cora: So last time I had to wait for you until...
[13] Cora: So much time and I lost my time.
[13] Cora: Do you remember?
[13] Cora: I waited there alone and as for so long that flowers withered.
[13] Cora: People came and ran around me and I just stood there foolishly waiting for you.
[14] Cora: If you do this again this time.
[14] Cora: We will cut ties.
[14] Ella: Oh sorry Cora.
[14] Ella: Don't be angry I promise we... we won't do that anymore, right?
[15] Annie: Yes, it won't happen again.
[16] Ella: Hmm let me think.
[17] Annie: Okay what do you think about this one?
[17] Ella: Well Annie...
[17] Ella: I just wonder do you want to clash outfits with Cora again?
[17] Annie: Hmm you're right I don't want to clash colors again. Yeah.
[17] Ella: You know Cora loves yellow.
[17] Annie: Yes yellow is her color.
[17] Ella: Oh her favorite color, and wear...
[18] Ella: Wow wonderful, okay.
[18] Ella: Oh I think that's enough, hmm...
[18] Annie: Which one should be dress?
[18] Ella: Well just think about it.
[19] Annie: Exactly in the room.

Conversation 2: Ella and Annie try to style outfits, debating coats and a blue dress, and use a household robot to fetch items and suggest a matching bag. They aim to recreate a look from photos, settle on accessories, and evaluate the result in a mirror. The conversation shifts to flowers and perfume, with Ella sharing a tip for growing daisies. Annie decides to gift Cora her homegrown daisies and asks the robot to package them.
[32] Ella: How intelligent.
[32] Ella: So maybe...
[32] Ella: Maybe Annie I think you should try...
[32] Ella: You should try this one.
[32] Annie: This one?
[34] Ella: Okay.
[34] Ella: Oh let me see.
[35] Annie: How do you see that?
[35] Ella: Oh better than that one.
[35] Ella: But I think a little bit weird.
[46] Ella: How about looking yourself in front of the mirror?
[46] Annie: Yeah sure.
[46] Annie: What do you think?
[46] Ella: Well one hundred percent beauty.
[46] Annie: The best?
[46] Annie: I think it's good...
[46] Ella: I'm sure if you put on your blue dress...
[46] Ella: It would look much better than...
[46] Annie: Now?
[46] Ella: Now, yes. But it's okay.
[47] Ella: Okay, imagine okay?
[48] Ella: You mean to say what?
[48] Annie: I want to choose a perfume too.
[48] Ella: You know Annie hmm...
[48] Ella: I also grow some daisy at home
[49] Ella: Yes as well as other kind of flowers.
[50] Ella: And by doing so it could make them grow better.
[51] Annie: Wow.
[51] Annie: Oh Ella I just forgot that I haven't prepared any meeting gift for Cora.
[51] Annie: What should I do?
[51] Ella: I think maybe... maybe...

Conversation 4: Cora visits Ella and Annie before they go out, returning a forgotten item and giving them hair accessories and styling advice. They discuss gardening, confirm a tip about watering flowers with diluted beer, and try on accessories that match their outfits. Cora offers broader fashion guidance on mixing fabrics and coordinating colors, which Ella and Annie accept. They wrap up ready to go out together, bringing a flower gift.
[66] Cora: Hello, hello, hello.
[66] Ella: Oh Cora.
[66] Cora: So I knew it you will be late.
[66] Cora: For the previous time you were going late.
[69] Cora: I'm gonna tie up your hair with this one.
[69] Annie: Thank you so much.
[69] Cora: And also Ella for you I have this one.
[69] Ella: Oh thank you.
[69] Ella: Well by the way Cora do you...
[69] Ella: Do you know the reason why we can plant the flowers so good?
[69] Ella: Do you know our tips?
[74] Cora: All right it can be matched to you.
[74] Ella: Hmm.
[74] Annie: Well Ella...
[74] Cora: This hair band. Do you want some hair bands also?
[74] Ella: Hmm hair bands, right but I love this pearl one could you try it?
[74] Cora: Okay I can try it on your hair.
[75] Cora: Yes.
[75] Ella: And maybe suitable for my outfit.
[75] Cora: Ah I like it on your hair.

[Step 2] Evaluating semantic answer...
Action: [Answer]
Content: Cora.
FINAL ANSWER (from graph):
Cora.
Question: What flavor of perfume might Ella like?

[Step 1] Searching the graph...
Parse Query Output:
{
  "query_triple": ["<Ella>", "preference for perfume flavor", "?", 0.95, 0.3, 0.15],
  "spatial_constraint": null,
  "speaker_strict": null,
  "allocation": {
    "k_high_level": 8,
    "k_low_level": 10,
    "k_conversations": 32,
    "total_k": 50,
    "reasoning": "Preference/why-style query; use high-level for traits/preferences, conversations for stated likes, and some low-level for any scenes of testing/choosing perfumes."
  }
}

Graph Search Results:
**High-Level Information (Character Attributes and Relationships): **

Character Attributes:
- Ella is: prefers strong perfumes (90), pink bow hair accessory (100), female (100), blue jeans (100), white shoes (100), long straight dark hair to mid-back (100), blue denim jacket (100), taller (100)

**Low-Level Information (Actions and Events): **

[7] Ella likes to place blue jacket. (bedroom)
[18] Annie asks which one to wear Ella. (bedroom)
[39] Ella compliments match. (bedroom)
[50] Ella compliments what Ella is showing. (bedroom)
[55] Ella leans closer to smell perfume container. (bedroom)
[55] Ella says she cannot smell. (bedroom)
[55] Ella comments scent is slight. (bedroom)
[55] Ella asks to guess what kind of perfume Cora may like Annie. (bedroom)
[57] Ella reacts to smell. (bedroom)
[75] Cora leans toward Ella. (bedroom)

**Conversations: **

Conversation 3: Ella and Annie debate perfume preferences, with Ella favoring strong, bold scents and Annie preferring light, elegant fragrances. They consider what Cora would like, concluding she might choose different perfumes for different occasions and plan to ask her later. They prepare to leave for a meeting, delegating tidying tasks to a robot and retrieving Ella’s phone.
[54] Ella: Let me see oh our robot has finished.
[55] Ella: Oh my God, it's pretty, right?
[55] Annie: Let's decide about the perfume.
[55] Ella: Oh okay.
[55] Annie: What do you think about this one?
[55] Ella: Oh let me smell.
[55] Ella: Oh what is this?
[55] Ella: I cannot smell it, it's too slight.
[55] Annie: This is called the faint fragrance.
[55] Annie: It smells very good.
[55] Annie: I really like this set.
[55] Ella: Okay so hmm...
[55] Ella: Annie could you guess that what kind of perfume that our Cora may like.
[56] Ella: And I will... I will ask her for the right answer.
[56] Annie: Maybe, yes, yes sure.
[56] Annie: Do you like this... do you like this one?
[56] Ella: Yes you know Annie you should try.
[56] Ella: Annie you should try it I really like this scent.
[57] Annie: Your is...
[57] Annie: Oh no yours is too strong.
[57] Annie: Mine is much better I don't like it.
[57] Annie: Light perfumes are actually very elegant.
[57] Annie: They are like a spring breeze natural and comfortable.
[57] Annie: That's why I like them a lot.
[57] Ella: Oh Annie.
[57] Ella: Light perfume has no presence at all.
[57] Ella: Spraying it is like not spraying anything.
[58] Ella: You know, perfume needs to be strong to showcase the personality.
[58] Ella: Okay?
[58] Annie: Okay.
[58] Ella: Oh Annie you know Cora usually seems quite unique with a bold sense of style in clothing.
[58] Ella: So I guess she might strong...
[58] Ella: Uh she might like strong perfumes like oriental ones.
[59] Ella: Rich in spices and unique fragrances which match her temperament quite well.
[59] Annie: I don't think so.
[59] Annie: You know although Cora has a strong personality.
[59] Annie: But she also values quality of life.
[59] Annie: And you know the refined feeling of light perfume might be more appealing to her.
[60] Ella: Well.
[60] Ella: You just reminded me.
[60] Ella: It's also possible that Cora likes both.
[60] Ella: And use different perfume for different occasions.
[60] Ella: Do you think so?
[60] Annie: It makes sense.
[60] Annie: You know because Cora is meticulous and she'll definitely choose the best and most suitable perfume for different occasions.
[60] Annie: Let's go and ask her later.
[60] Ella: Yes.

Conversation 2: Ella and Annie try to style outfits, debating coats and a blue dress, and use a household robot to fetch items and suggest a matching bag. They aim to recreate a look from photos, settle on accessories, and evaluate the result in a mirror. The conversation shifts to flowers and perfume, with Ella sharing a tip for growing daisies. Annie decides to gift Cora her homegrown daisies and asks the robot to package them.
[34] Ella: Maybe we can change another one okay?
[34] Ella: Change another one?
[34] Ella: How about this coat?
[34] Ella: How about this coat, this colorful one?
[34] Ella: It's a green one, right?
[34] Ella: A green.
[34] Ella: Green or yellow?
[34] Ella: Maybe it's a green.
[34] Annie: I see it's yellow.
[43] Ella: Maybe you can just choose something from your... your wardrobe.
[43] Annie: Okay. Let me see.
[43] Ella: How about this scarf?
[43] Ella: Okay I think it looks similar to the...
[43] Annie: The photo?
[44] Annie: It's okay?
[44] Ella: It's okay...
[44] Ella: Or some other choices.
[44] Annie: Or let's talk about the...
[44] Ella: No maybe this one.
[44] Ella: How about this one?
[44] Ella: Yes.
[44] Annie: Really?
[48] Ella: What?
[48] Ella: You mean to say what?
[48] Annie: I want to choose a perfume too.
[48] Ella: You know Annie hmm...
[48] Ella: I also grow some daisy at home
[49] Ella: Yes as well as other kind of flowers.
[49] Ella: Including the blue plumbago, jasmine, and summer chrysanthemums...
[49] Ella: Oh there are so many kinds of flowers in my room.
[49] Annie: Do you have any picture of them?

Conversation 1: Ella helps Annie organize her messy wardrobe and suggests outfit choices, advising against colors that would clash with Cora’s usual yellow. Cora reminds Annie of a 10 o’clock meeting and warns against lateness due to a past incident. A household robot provides timing assistance, and Ella and Annie proceed to sort and delegate organizing the clothes to the robot.
[2] Ella: It's sunny outside.
[3] Ella: So according to your habits I think...
[3] Ella: Maybe you would prefer some colorful clothes.
[3] Ella: Oh wow Annie.
[3] Ella: What a messy wardrobe, how can you stand it?
[3] Annie: Okay can you please help me?
[4] Ella: Of course I can.
[4] Ella: Hmm...
[4] Ella: Oh sorry.
[4] Ella: Let us just put all the clothes on the bed.
[5] Ella: Oh so Annie I think maybe firstly we should organize the area for placing clothes.
[5] Ella: So it will be convenient for us to organize and clear when taking clothes.
[5] Ella: What do you think?
[5] Annie: Yes I agree with that.
[6] Ella: Uh so let me see hmm...
[6] Ella: I think it should be placed...
[6] Ella: Hmm I think it should be placed in the first compartment of the upper layer of the wardrobe.
[6] Ella: The...
[6] Ella: Let me see...
[6] Ella: Let me hang it.
[8] Ella: Oh after that maybe the scarf.
[8] Ella: Okay. Annie: Scarf, okay.
[8] Ella: Scarf.
[8] Ella: Okay.
[8] Ella: Oh let me hang for it, the third compartment.
[9] Ella: Okay good job.
[9] Ella: And then maybe the skirt?
[10] Ella: How about the skirt?
[10] Ella: Do something to it.
[10] Annie: Yes I can put it here in the wardrobe.
[16] Ella: Yes.
[16] Ella: Okay so...
[16] Ella: Maybe we should put some...
[16] Ella: We... maybe we should put some clothes.
[16] Annie: Yes because you've got a bit late.
[17] Ella: You know Cora loves yellow.
[17] Annie: Yes yellow is her color.
[17] Ella: Oh her favorite color, and wear...
[17] Ella: And she, she wears yellow clothes every time when we go out.
[17] Annie: Yes I know this.
[19] Annie: Oh let's try.
[19] Ella: Yes let's to... let's organize them.
[20] Ella: Hmm maybe uh...
[20] Ella: Maybe we can, we can just...
[20] Ella: We can just call the robot to organize them.

Conversation 4: Cora visits Ella and Annie before they go out, returning a forgotten item and giving them hair accessories and styling advice. They discuss gardening, confirm a tip about watering flowers with diluted beer, and try on accessories that match their outfits. Cora offers broader fashion guidance on mixing fabrics and coordinating colors, which Ella and Annie accept. They wrap up ready to go out together, bringing a flower gift.
[69] Cora: How can I grow the flowers like this?
[69] Annie: Let you ask her.
[69] Ella: Maybe.
[70] Cora: Let's ask the robot?
[70] Cora: So robot how can I grow flower like this?
[74] Cora: It's really shiny and then...
[74] Cora: All right it can be matched to you.
[74] Ella: Hmm.
[74] Annie: Well Ella...
[74] Cora: This hair band. Do you want some hair bands also?
[74] Cora: Okay I can try it on your hair.
[75] Cora: Yes.
[75] Ella: And maybe suitable for my outfit.
[75] Cora: Ah I like it on your hair.
[75] Ella: Okay. Thank you Cora.

[Step 2] Evaluating semantic answer...
Action: [Answer]
Content: Ella likely likes strong, bold perfumes.
FINAL ANSWER (from graph):
Ella likely likes strong, bold perfumes.
Question: What flavor of perfume does Annie like?

[Step 1] Searching the graph...
Parse Query Output:
{
  "query_triple": ["<Annie>", "likes", "perfume#flavor", 0.95, 0.3, 0.6],
  "spatial_constraint": null,
  "speaker_strict": null,
  "allocation": {
    "k_high_level": 8,
    "k_low_level": 12,
    "k_conversations": 30,
    "total_k": 50,
    "reasoning": "Preference/why-style query; use conversations to find statements of liking, some high-level edges for traits/preferences, and a smaller set of low-level edges for any explicit actions (e.g., choosing or commenting on perfume flavor)."
  }
}

Graph Search Results:
**High-Level Information (Character Attributes and Relationships): **

Character Attributes:
- Annie is: female (100)

Character Relationships:
- Ella friends with Annie (90)
- Ella friend of Annie (90)
- Annie trusts Ella (90)
- robot supports Annie (85)
- Cora friends with Annie (85)
- Ella collaborates with Annie (85)
- Ella advises Annie (85)

**Low-Level Information (Actions and Events): **

[41] Annie mentions skirt. (bedroom)
[42] Annie mentions skirt. (bedroom)
[48] Annie picks up perfume bottle. (bedroom)
[48] Annie places perfume. (bedroom)
[49] Annie holds bouquet of pink flower. (bedroom)
[49] Annie adjusts flower. (bedroom)
[50] Annie asks about flower. (bedroom)
[55] Annie speaks about deciding on perfume. (bedroom)
[55] Annie asks for opinion on perfume. (bedroom)
[67] Annie accepts item. (bedroom)
[67] Annie presents bouquet of pink flower. (bedroom)
[69] Annie holds pink flower. (bedroom)

**Conversations: **

Conversation 2: Ella and Annie try to style outfits, debating coats and a blue dress, and use a household robot to fetch items and suggest a matching bag. They aim to recreate a look from photos, settle on accessories, and evaluate the result in a mirror. The conversation shifts to flowers and perfume, with Ella sharing a tip for growing daisies. Annie decides to gift Cora her homegrown daisies and asks the robot to package them.
[32] Ella: Maybe Annie I think you should try...
[32] Ella: You should try this one.
[32] Annie: This one?
[32] Ella: Yes I think you can have a try.
[32] Annie: Yes I can let me try it.
[36] Ella: I haven't seen that you put on it.
[36] Ella: Right?
[36] Annie: Yes.
[36] Ella: Okay well oh.
[36] Ella: I think it's a little hard for me to fetch it.
[37] Ella: Hmm okay thank you robot.
[37] Ella: You know you have bought what I have looked through in my...
[37] Annie: Same taste.
[37] Ella: Yes, we have the same taste.
[37] Annie: Such a coincidence.
[44] Ella: How about this one?
[44] Ella: Yes.
[44] Annie: Really?
[44] Ella: Yes, it looks so great.
[44] Ella: Okay I think that's enough.
[44] Ella: So about the bag...
[44] Annie: I'm not really sure.
[44] Annie: The bag...
[45] Annie: I don't think... none of them actually match.
[45] Ella: So maybe I think you could ask the help from our robot and let him to choose you a bag.
[46] Ella: How about looking yourself in front of the mirror?
[46] Annie: Yeah sure.
[46] Annie: What do you think?
[46] Ella: Well one hundred percent beauty.
[46] Annie: The best?
[46] Annie: I think it's good...
[46] Ella: I'm sure if you put on your blue dress...
[47] Ella: I can't believe it, you...
[47] Ella: You just plant such kind of flower.
[47] Annie: Yes I really like daisies.
[47] Annie: But I don't know why the ones that I grow are always a bit odd.
[48] Ella: What?
[48] Ella: You mean to say what?
[48] Annie: I want to choose a perfume too.
[48] Ella: You know Annie hmm...
[48] Ella: I also grow some daisy at home
[50] Ella: This is really beautiful.
[50] Annie: Why the daisies you grew are so...
[50] Annie: Are so fresh and beautiful.
[50] Ella: Oh you know I have a little tip.
[50] Ella: To grow such kind of flower.

Conversation 3: Ella and Annie debate perfume preferences, with Ella favoring strong, bold scents and Annie preferring light, elegant fragrances. They consider what Cora would like, concluding she might choose different perfumes for different occasions and plan to ask her later. They prepare to leave for a meeting, delegating tidying tasks to a robot and retrieving Ella’s phone.
[54] Ella: Let me see oh our robot has finished.
[55] Ella: Oh my God, it's pretty, right?
[55] Annie: Let's decide about the perfume.
[55] Ella: Oh okay.
[55] Annie: What do you think about this one?
[55] Ella: Oh let me smell.
[55] Ella: Oh what is this?
[55] Ella: I cannot smell it, it's too slight.
[55] Annie: This is called the faint fragrance.
[55] Annie: It smells very good.
[55] Ella: Oh my God I can't believe it.
[55] Annie: I really like this set.
[55] Ella: Okay so hmm...
[55] Ella: Annie could you guess that what kind of perfume that our Cora may like.
[56] Ella: And I will... I will ask her for the right answer.
[56] Annie: Maybe, yes, yes sure.
[56] Ella: Let me try another one.
[56] Annie: Do you like this... do you like this one?
[56] Ella: Yes you know Annie you should try.
[56] Ella: Annie you should try it I really like this scent.
[57] Annie: Your is...
[57] Annie: Oh no yours is too strong.
[57] Annie: Mine is much better I don't like it.
[57] Annie: Light perfumes are actually very elegant.
[57] Annie: They are like a spring breeze natural and comfortable.
[57] Annie: That's why I like them a lot.
[57] Ella: Oh Annie.
[58] Annie: Okay up to you.
[58] Annie: But speaking of which...
[58] Annie: Which one do you think Cora would choose?
[58] Annie: It's based on her personality and everything.
[58] Ella: Um let me think.
[58] Ella: Oh Annie you know Cora usually seems quite unique with a bold sense of style in clothing.
[58] Ella: So I guess she might strong...
[58] Ella: Uh she might like strong perfumes like oriental ones.
[59] Ella: Rich in spices and unique fragrances which match her temperament quite well.
[59] Annie: I don't think so.
[59] Annie: You know although Cora has a strong personality.
[59] Annie: But she also values quality of life.
[59] Annie: And you know the refined feeling of light perfume might be more appealing to her.
[60] Ella: Well.
[60] Ella: You just reminded me.
[60] Ella: Do you think so?
[60] Annie: It makes sense.
[60] Annie: You know because Cora is meticulous and she'll definitely choose the best and most suitable perfume for different occasions.
[60] Annie: Let's go and ask her later.
[60] Ella: Yes.

Conversation 4: Cora visits Ella and Annie before they go out, returning a forgotten item and giving them hair accessories and styling advice. They discuss gardening, confirm a tip about watering flowers with diluted beer, and try on accessories that match their outfits. Cora offers broader fashion guidance on mixing fabrics and coordinating colors, which Ella and Annie accept. They wrap up ready to go out together, bringing a flower gift.
[68] Ella: Put it into our...
[68] Cora: And also... yes, what's in my bag?
[68] Annie: What is it?
[68] Cora: So last time we went outside I noticed that your hair is so simple.
[68] Cora: And you don't have so many good hairstyles.
[76] Cora: Okay.
[76] Cora: Do you want me to help you?
[76] Annie: Yes.
[76] Cora: Here it's like a heart.
[76] Ella: Maybe we can try the hair band?
[76] Cora: Good for you, oh look at you guys.
[77] Ella: Okay okay we can, we can go out.
[77] Annie: Don't forget your flower.
[77] Cora: Okay, let's go.
[77] Ella: Okay?

Conversation 1: Ella helps Annie organize her messy wardrobe and suggests outfit choices, advising against colors that would clash with Cora’s usual yellow. Cora reminds Annie of a 10 o’clock meeting and warns against lateness due to a past incident. A household robot provides timing assistance, and Ella and Annie proceed to sort and delegate organizing the clothes to the robot.
[13] Cora: But I begin see you until eleven.
[14] Cora: Do you remember this?
[14] Annie: Oh yes.
[14] Annie: I'm sorry I'm so sorry.
[14] Cora: Also all of my morning schedule has been completely disturbed.
[17] Annie: Hmm you're right I don't want to clash colors again. Yeah.
[17] Ella: You know Cora loves yellow.
[17] Annie: Yes yellow is her color.
[17] Ella: Oh her favorite color, and wear...
[17] Ella: And she, she wears yellow clothes every time when we go out.
[18] Ella: Wow wonderful, okay.
[18] Ella: Oh I think that's enough, hmm...
[18] Annie: Which one should be dress?
[18] Ella: Well just think about it.
[19] Annie: Exactly in the room.

[Step 2] Evaluating semantic answer...
Action: [Answer]
Content: Annie likes light, elegant perfumes with a faint fragrance.
FINAL ANSWER (from graph):
Annie likes light, elegant perfumes with a faint fragrance.
✓ Updated results.json for bedroom_11 (12 questions)
✓ Cleaned up video and frames for bedroom_11

============================================================
Processing video: living_room_17
============================================================
Downloading 1 video(s) to data/videos...

Downloading living_room_17.mp4...
✓ Successfully downloaded living_room_17.mp4 to data/videos/living_room_17.mp4

============================================================
Download Summary:
  Successful: 1/1
============================================================

============================================================
[1/1] Processing: living_room_17
============================================================
Video: data/videos/living_room_17.mp4
Subtitles: data/subtitles/robot/living_room_17.srt
Output: data/frames/living_room_17
============================================================

Parsing subtitle file: data/subtitles/robot/living_room_17.srt
Found 427 subtitle entries
Video: 1280x720, 30.00 FPS, 69859 frames, 2328.63s duration

Extracting frames with subtitles...
Grouping frames into folders of 30 frames each
  Saved 10 frames (up to 9s, folder 1)
  Saved 20 frames (up to 19s, folder 1)
  Saved 30 frames (up to 29s, folder 1)
  Saved 40 frames (up to 39s, folder 2)
  Saved 50 frames (up to 49s, folder 2)
  Saved 60 frames (up to 59s, folder 2)
  Saved 70 frames (up to 69s, folder 3)
  Saved 80 frames (up to 79s, folder 3)
  Saved 90 frames (up to 89s, folder 3)
  Saved 100 frames (up to 99s, folder 4)
  Saved 110 frames (up to 109s, folder 4)
  Saved 120 frames (up to 119s, folder 4)
  Saved 130 frames (up to 129s, folder 5)
  Saved 140 frames (up to 139s, folder 5)
  Saved 150 frames (up to 149s, folder 5)
  Saved 160 frames (up to 159s, folder 6)
  Saved 170 frames (up to 169s, folder 6)
  Saved 180 frames (up to 179s, folder 6)
  Saved 190 frames (up to 189s, folder 7)
  Saved 200 frames (up to 199s, folder 7)
  Saved 210 frames (up to 209s, folder 7)
  Saved 220 frames (up to 219s, folder 8)
  Saved 230 frames (up to 229s, folder 8)
  Saved 240 frames (up to 239s, folder 8)
  Saved 250 frames (up to 249s, folder 9)
  Saved 260 frames (up to 259s, folder 9)
  Saved 270 frames (up to 269s, folder 9)
  Saved 280 frames (up to 279s, folder 10)
  Saved 290 frames (up to 289s, folder 10)
  Saved 300 frames (up to 299s, folder 10)
  Saved 310 frames (up to 309s, folder 11)
  Saved 320 frames (up to 319s, folder 11)
  Saved 330 frames (up to 329s, folder 11)
  Saved 340 frames (up to 339s, folder 12)
  Saved 350 frames (up to 349s, folder 12)
  Saved 360 frames (up to 359s, folder 12)
  Saved 370 frames (up to 369s, folder 13)
  Saved 380 frames (up to 379s, folder 13)
  Saved 390 frames (up to 389s, folder 13)
  Saved 400 frames (up to 399s, folder 14)
  Saved 410 frames (up to 409s, folder 14)
  Saved 420 frames (up to 419s, folder 14)
  Saved 430 frames (up to 429s, folder 15)
  Saved 440 frames (up to 439s, folder 15)
  Saved 450 frames (up to 449s, folder 15)
  Saved 460 frames (up to 459s, folder 16)
  Saved 470 frames (up to 469s, folder 16)
  Saved 480 frames (up to 479s, folder 16)
  Saved 490 frames (up to 489s, folder 17)
  Saved 500 frames (up to 499s, folder 17)
  Saved 510 frames (up to 509s, folder 17)
  Saved 520 frames (up to 519s, folder 18)
  Saved 530 frames (up to 529s, folder 18)
  Saved 540 frames (up to 539s, folder 18)
  Saved 550 frames (up to 549s, folder 19)
  Saved 560 frames (up to 559s, folder 19)
  Saved 570 frames (up to 569s, folder 19)
  Saved 580 frames (up to 579s, folder 20)
  Saved 590 frames (up to 589s, folder 20)
  Saved 600 frames (up to 599s, folder 20)
  Saved 610 frames (up to 609s, folder 21)
  Saved 620 frames (up to 619s, folder 21)
  Saved 630 frames (up to 629s, folder 21)
  Saved 640 frames (up to 639s, folder 22)
  Saved 650 frames (up to 649s, folder 22)
  Saved 660 frames (up to 659s, folder 22)
  Saved 670 frames (up to 669s, folder 23)
  Saved 680 frames (up to 679s, folder 23)
  Saved 690 frames (up to 689s, folder 23)
  Saved 700 frames (up to 699s, folder 24)
  Saved 710 frames (up to 709s, folder 24)
  Saved 720 frames (up to 719s, folder 24)
  Saved 730 frames (up to 729s, folder 25)
  Saved 740 frames (up to 739s, folder 25)
  Saved 750 frames (up to 749s, folder 25)
  Saved 760 frames (up to 759s, folder 26)
  Saved 770 frames (up to 769s, folder 26)
  Saved 780 frames (up to 779s, folder 26)
  Saved 790 frames (up to 789s, folder 27)
  Saved 800 frames (up to 799s, folder 27)
  Saved 810 frames (up to 809s, folder 27)
  Saved 820 frames (up to 819s, folder 28)
  Saved 830 frames (up to 829s, folder 28)
  Saved 840 frames (up to 839s, folder 28)
  Saved 850 frames (up to 849s, folder 29)
  Saved 860 frames (up to 859s, folder 29)
  Saved 870 frames (up to 869s, folder 29)
  Saved 880 frames (up to 879s, folder 30)
  Saved 890 frames (up to 889s, folder 30)
  Saved 900 frames (up to 899s, folder 30)
  Saved 910 frames (up to 909s, folder 31)
  Saved 920 frames (up to 919s, folder 31)
  Saved 930 frames (up to 929s, folder 31)
  Saved 940 frames (up to 939s, folder 32)
  Saved 950 frames (up to 949s, folder 32)
  Saved 960 frames (up to 959s, folder 32)
  Saved 970 frames (up to 969s, folder 33)
  Saved 980 frames (up to 979s, folder 33)
  Saved 990 frames (up to 989s, folder 33)
  Saved 1000 frames (up to 999s, folder 34)
  Saved 1010 frames (up to 1009s, folder 34)
  Saved 1020 frames (up to 1019s, folder 34)
  Saved 1030 frames (up to 1029s, folder 35)
  Saved 1040 frames (up to 1039s, folder 35)
  Saved 1050 frames (up to 1049s, folder 35)
  Saved 1060 frames (up to 1059s, folder 36)
  Saved 1070 frames (up to 1069s, folder 36)
  Saved 1080 frames (up to 1079s, folder 36)
  Saved 1090 frames (up to 1089s, folder 37)
  Saved 1100 frames (up to 1099s, folder 37)
  Saved 1110 frames (up to 1109s, folder 37)
  Saved 1120 frames (up to 1119s, folder 38)
  Saved 1130 frames (up to 1129s, folder 38)
  Saved 1140 frames (up to 1139s, folder 38)
  Saved 1150 frames (up to 1149s, folder 39)
  Saved 1160 frames (up to 1159s, folder 39)
  Saved 1170 frames (up to 1169s, folder 39)
  Saved 1180 frames (up to 1179s, folder 40)
  Saved 1190 frames (up to 1189s, folder 40)
  Saved 1200 frames (up to 1199s, folder 40)
  Saved 1210 frames (up to 1209s, folder 41)
  Saved 1220 frames (up to 1219s, folder 41)
  Saved 1230 frames (up to 1229s, folder 41)
  Saved 1240 frames (up to 1239s, folder 42)
  Saved 1250 frames (up to 1249s, folder 42)
  Saved 1260 frames (up to 1259s, folder 42)
  Saved 1270 frames (up to 1269s, folder 43)
  Saved 1280 frames (up to 1279s, folder 43)
  Saved 1290 frames (up to 1289s, folder 43)
  Saved 1300 frames (up to 1299s, folder 44)
  Saved 1310 frames (up to 1309s, folder 44)
  Saved 1320 frames (up to 1319s, folder 44)
  Saved 1330 frames (up to 1329s, folder 45)
  Saved 1340 frames (up to 1339s, folder 45)
  Saved 1350 frames (up to 1349s, folder 45)
  Saved 1360 frames (up to 1359s, folder 46)
  Saved 1370 frames (up to 1369s, folder 46)
  Saved 1380 frames (up to 1379s, folder 46)
  Saved 1390 frames (up to 1389s, folder 47)
  Saved 1400 frames (up to 1399s, folder 47)
  Saved 1410 frames (up to 1409s, folder 47)
  Saved 1420 frames (up to 1419s, folder 48)
  Saved 1430 frames (up to 1429s, folder 48)
  Saved 1440 frames (up to 1439s, folder 48)
  Saved 1450 frames (up to 1449s, folder 49)
  Saved 1460 frames (up to 1459s, folder 49)
  Saved 1470 frames (up to 1469s, folder 49)
  Saved 1480 frames (up to 1479s, folder 50)
  Saved 1490 frames (up to 1489s, folder 50)
  Saved 1500 frames (up to 1499s, folder 50)
  Saved 1510 frames (up to 1509s, folder 51)
  Saved 1520 frames (up to 1519s, folder 51)
  Saved 1530 frames (up to 1529s, folder 51)
  Saved 1540 frames (up to 1539s, folder 52)
  Saved 1550 frames (up to 1549s, folder 52)
  Saved 1560 frames (up to 1559s, folder 52)
  Saved 1570 frames (up to 1569s, folder 53)
  Saved 1580 frames (up to 1579s, folder 53)
  Saved 1590 frames (up to 1589s, folder 53)
  Saved 1600 frames (up to 1599s, folder 54)
  Saved 1610 frames (up to 1609s, folder 54)
  Saved 1620 frames (up to 1619s, folder 54)
  Saved 1630 frames (up to 1629s, folder 55)
  Saved 1640 frames (up to 1639s, folder 55)
  Saved 1650 frames (up to 1649s, folder 55)
  Saved 1660 frames (up to 1659s, folder 56)
  Saved 1670 frames (up to 1669s, folder 56)
  Saved 1680 frames (up to 1679s, folder 56)
  Saved 1690 frames (up to 1689s, folder 57)
  Saved 1700 frames (up to 1699s, folder 57)
  Saved 1710 frames (up to 1709s, folder 57)
  Saved 1720 frames (up to 1719s, folder 58)
  Saved 1730 frames (up to 1729s, folder 58)
  Saved 1740 frames (up to 1739s, folder 58)
  Saved 1750 frames (up to 1749s, folder 59)
  Saved 1760 frames (up to 1759s, folder 59)
  Saved 1770 frames (up to 1769s, folder 59)
  Saved 1780 frames (up to 1779s, folder 60)
  Saved 1790 frames (up to 1789s, folder 60)
  Saved 1800 frames (up to 1799s, folder 60)
  Saved 1810 frames (up to 1809s, folder 61)
  Saved 1820 frames (up to 1819s, folder 61)
  Saved 1830 frames (up to 1829s, folder 61)
  Saved 1840 frames (up to 1839s, folder 62)
  Saved 1850 frames (up to 1849s, folder 62)
  Saved 1860 frames (up to 1859s, folder 62)
  Saved 1870 frames (up to 1869s, folder 63)
  Saved 1880 frames (up to 1879s, folder 63)
  Saved 1890 frames (up to 1889s, folder 63)
  Saved 1900 frames (up to 1899s, folder 64)
  Saved 1910 frames (up to 1909s, folder 64)
  Saved 1920 frames (up to 1919s, folder 64)
  Saved 1930 frames (up to 1929s, folder 65)
  Saved 1940 frames (up to 1939s, folder 65)
  Saved 1950 frames (up to 1949s, folder 65)
  Saved 1960 frames (up to 1959s, folder 66)
  Saved 1970 frames (up to 1969s, folder 66)
  Saved 1980 frames (up to 1979s, folder 66)
  Saved 1990 frames (up to 1989s, folder 67)
  Saved 2000 frames (up to 1999s, folder 67)
  Saved 2010 frames (up to 2009s, folder 67)
  Saved 2020 frames (up to 2019s, folder 68)
  Saved 2030 frames (up to 2029s, folder 68)
  Saved 2040 frames (up to 2039s, folder 68)
  Saved 2050 frames (up to 2049s, folder 69)
  Saved 2060 frames (up to 2059s, folder 69)
  Saved 2070 frames (up to 2069s, folder 69)
  Saved 2080 frames (up to 2079s, folder 70)
  Saved 2090 frames (up to 2089s, folder 70)
  Saved 2100 frames (up to 2099s, folder 70)
  Saved 2110 frames (up to 2109s, folder 71)
  Saved 2120 frames (up to 2119s, folder 71)
  Saved 2130 frames (up to 2129s, folder 71)
  Saved 2140 frames (up to 2139s, folder 72)
  Saved 2150 frames (up to 2149s, folder 72)
  Saved 2160 frames (up to 2159s, folder 72)
  Saved 2170 frames (up to 2169s, folder 73)
  Saved 2180 frames (up to 2179s, folder 73)
  Saved 2190 frames (up to 2189s, folder 73)
  Saved 2200 frames (up to 2199s, folder 74)
  Saved 2210 frames (up to 2209s, folder 74)
  Saved 2220 frames (up to 2219s, folder 74)
  Saved 2230 frames (up to 2229s, folder 75)
  Saved 2240 frames (up to 2239s, folder 75)
  Saved 2250 frames (up to 2249s, folder 75)
  Saved 2260 frames (up to 2259s, folder 76)
  Saved 2270 frames (up to 2269s, folder 76)
  Saved 2280 frames (up to 2279s, folder 76)
  Saved 2290 frames (up to 2289s, folder 77)
  Saved 2300 frames (up to 2299s, folder 77)
  Saved 2310 frames (up to 2309s, folder 77)
  Saved 2320 frames (up to 2319s, folder 78)

✓ Extracted 2329 frames to data/frames/living_room_17

✓ Successfully processed living_room_17: 2329 frames saved
--------------------------------
Processing folder:  data/frames/living_room_17/1
Inserted 15 triples into graph for clip 1
--------------------------------
Processing folder:  data/frames/living_room_17/2
Inserted 13 triples into graph for clip 2
--------------------------------
Processing folder:  data/frames/living_room_17/3
Inserted 24 triples into graph for clip 3
--------------------------------
Processing folder:  data/frames/living_room_17/4
Inserted 20 triples into graph for clip 4
--------------------------------
Processing folder:  data/frames/living_room_17/5
Inserted 19 triples into graph for clip 5
--------------------------------
Processing folder:  data/frames/living_room_17/6
Inserted 30 triples into graph for clip 6
--------------------------------
Processing folder:  data/frames/living_room_17/7
Inserted 19 triples into graph for clip 7
--------------------------------
Processing folder:  data/frames/living_room_17/8
Inserted 33 triples into graph for clip 8
--------------------------------
Processing folder:  data/frames/living_room_17/9
Inserted 15 triples into graph for clip 9
--------------------------------
Processing folder:  data/frames/living_room_17/10
Inserted 19 triples into graph for clip 10
--------------------------------
Processing folder:  data/frames/living_room_17/11
Inserted 14 triples into graph for clip 11
--------------------------------
Processing folder:  data/frames/living_room_17/12
Inserted 18 triples into graph for clip 12
--------------------------------
Processing folder:  data/frames/living_room_17/13
Inserted 12 triples into graph for clip 13
--------------------------------
Processing folder:  data/frames/living_room_17/14
Inserted 15 triples into graph for clip 14
--------------------------------
Processing folder:  data/frames/living_room_17/15
Inserted 12 triples into graph for clip 15
--------------------------------
Processing folder:  data/frames/living_room_17/16
Inserted 19 triples into graph for clip 16
--------------------------------
Processing folder:  data/frames/living_room_17/17
Inserted 25 triples into graph for clip 17
--------------------------------
Processing folder:  data/frames/living_room_17/18
Inserted 26 triples into graph for clip 18
--------------------------------
Processing folder:  data/frames/living_room_17/19
Inserted 22 triples into graph for clip 19
--------------------------------
Processing folder:  data/frames/living_room_17/20
Inserted 25 triples into graph for clip 20
--------------------------------
Processing folder:  data/frames/living_room_17/21
Inserted 21 triples into graph for clip 21
--------------------------------
Processing folder:  data/frames/living_room_17/22
Inserted 21 triples into graph for clip 22
--------------------------------
Processing folder:  data/frames/living_room_17/23
Inserted 17 triples into graph for clip 23
--------------------------------
Processing folder:  data/frames/living_room_17/24
Inserted 24 triples into graph for clip 24
--------------------------------
Processing folder:  data/frames/living_room_17/25
Inserted 18 triples into graph for clip 25
--------------------------------
Processing folder:  data/frames/living_room_17/26
Inserted 18 triples into graph for clip 26
--------------------------------
Processing folder:  data/frames/living_room_17/27
Inserted 13 triples into graph for clip 27
--------------------------------
Processing folder:  data/frames/living_room_17/28
Inserted 16 triples into graph for clip 28
--------------------------------
Processing folder:  data/frames/living_room_17/29
Inserted 13 triples into graph for clip 29
--------------------------------
Processing folder:  data/frames/living_room_17/30
Inserted 14 triples into graph for clip 30
--------------------------------
Processing folder:  data/frames/living_room_17/31
Inserted 17 triples into graph for clip 31
--------------------------------
Processing folder:  data/frames/living_room_17/32
Inserted 12 triples into graph for clip 32
--------------------------------
Processing folder:  data/frames/living_room_17/33
Inserted 16 triples into graph for clip 33
--------------------------------
Processing folder:  data/frames/living_room_17/34
Inserted 17 triples into graph for clip 34
--------------------------------
Processing folder:  data/frames/living_room_17/35
Inserted 19 triples into graph for clip 35
--------------------------------
Processing folder:  data/frames/living_room_17/36
Inserted 11 triples into graph for clip 36
--------------------------------
Processing folder:  data/frames/living_room_17/37
Inserted 16 triples into graph for clip 37
--------------------------------
Processing folder:  data/frames/living_room_17/38
Inserted 20 triples into graph for clip 38
--------------------------------
Processing folder:  data/frames/living_room_17/39
Inserted 31 triples into graph for clip 39
--------------------------------
Processing folder:  data/frames/living_room_17/40
Inserted 15 triples into graph for clip 40
--------------------------------
Processing folder:  data/frames/living_room_17/41
Inserted 15 triples into graph for clip 41
--------------------------------
Processing folder:  data/frames/living_room_17/42
Inserted 23 triples into graph for clip 42
--------------------------------
Processing folder:  data/frames/living_room_17/43
Inserted 21 triples into graph for clip 43
--------------------------------
Processing folder:  data/frames/living_room_17/44
Inserted 27 triples into graph for clip 44
--------------------------------
Processing folder:  data/frames/living_room_17/45
Inserted 30 triples into graph for clip 45
--------------------------------
Processing folder:  data/frames/living_room_17/46
Inserted 26 triples into graph for clip 46
--------------------------------
Processing folder:  data/frames/living_room_17/47
Extracting summary for completed conversation 1...
✓ Conversation summary extracted. Attributes: 13, Relationships: 6
Inserted 18 triples into graph for clip 47
--------------------------------
Processing folder:  data/frames/living_room_17/48
Inserted 16 triples into graph for clip 48
--------------------------------
Processing folder:  data/frames/living_room_17/49
Inserted 23 triples into graph for clip 49
--------------------------------
Processing folder:  data/frames/living_room_17/50
Inserted 18 triples into graph for clip 50
--------------------------------
Processing folder:  data/frames/living_room_17/51
Inserted 33 triples into graph for clip 51
--------------------------------
Processing folder:  data/frames/living_room_17/52
Inserted 30 triples into graph for clip 52
--------------------------------
Processing folder:  data/frames/living_room_17/53
Inserted 20 triples into graph for clip 53
--------------------------------
Processing folder:  data/frames/living_room_17/54
Extracting summary for completed conversation 2...
✓ Conversation summary extracted. Attributes: 5, Relationships: 2
Inserted 19 triples into graph for clip 54
--------------------------------
Processing folder:  data/frames/living_room_17/55
Inserted 21 triples into graph for clip 55
--------------------------------
Processing folder:  data/frames/living_room_17/56
Inserted 24 triples into graph for clip 56
--------------------------------
Processing folder:  data/frames/living_room_17/57
Inserted 24 triples into graph for clip 57
--------------------------------
Processing folder:  data/frames/living_room_17/58
Inserted 25 triples into graph for clip 58
--------------------------------
Processing folder:  data/frames/living_room_17/59
Inserted 24 triples into graph for clip 59
--------------------------------
Processing folder:  data/frames/living_room_17/60
Inserted 13 triples into graph for clip 60
--------------------------------
Processing folder:  data/frames/living_room_17/61
Inserted 22 triples into graph for clip 61
--------------------------------
Processing folder:  data/frames/living_room_17/62
Inserted 17 triples into graph for clip 62
--------------------------------
Processing folder:  data/frames/living_room_17/63
Inserted 36 triples into graph for clip 63
--------------------------------
Processing folder:  data/frames/living_room_17/64
Inserted 25 triples into graph for clip 64
--------------------------------
Processing folder:  data/frames/living_room_17/65
Inserted 17 triples into graph for clip 65
--------------------------------
Processing folder:  data/frames/living_room_17/66
Inserted 16 triples into graph for clip 66
--------------------------------
Processing folder:  data/frames/living_room_17/67
Inserted 20 triples into graph for clip 67
--------------------------------
Processing folder:  data/frames/living_room_17/68
Inserted 17 triples into graph for clip 68
--------------------------------
Processing folder:  data/frames/living_room_17/69
Inserted 16 triples into graph for clip 69
--------------------------------
Processing folder:  data/frames/living_room_17/70
Extracting summary for completed conversation 3...
✓ Conversation summary extracted. Attributes: 3, Relationships: 1
Inserted 21 triples into graph for clip 70
--------------------------------
Processing folder:  data/frames/living_room_17/71
Inserted 30 triples into graph for clip 71
--------------------------------
Processing folder:  data/frames/living_room_17/72
Inserted 15 triples into graph for clip 72
--------------------------------
Processing folder:  data/frames/living_room_17/73
Inserted 27 triples into graph for clip 73
--------------------------------
Processing folder:  data/frames/living_room_17/74
Inserted 16 triples into graph for clip 74
--------------------------------
Processing folder:  data/frames/living_room_17/75
Inserted 19 triples into graph for clip 75
--------------------------------
Processing folder:  data/frames/living_room_17/76
Inserted 18 triples into graph for clip 76
--------------------------------
Processing folder:  data/frames/living_room_17/77
Inserted 26 triples into graph for clip 77
--------------------------------
Processing folder:  data/frames/living_room_17/78
Inserted 26 triples into graph for clip 78
Extracting summary for final conversation 4...
✓ Final conversation summary extracted. Attributes: 9, Relationships: 4
Inserting character appearances for 7 characters...
✓ Character appearances inserted: 45 appearance edges created
389 node embeddings inserted (8 characters, 381 objects)
1596 edge embeddings inserted
Generating character attributes...
Number of edges:  1596
Character attributes generated.
Number of edges:  1636
Character relationships generated.
Number of edges:  1683
✓ Graph memory built for living_room_17
Question: Is Leo's water cup on the second or third shelf from the top of the rack?

[Step 1] Searching the graph...
Parse Query Output:
{
  "query_triple": ["<Leo>", "water cup is on", "shelf#2_or_3_from_top_of_rack", 0.95, 0.6, 0.6],
  "spatial_constraint": "rack",
  "speaker_strict": null,
  "allocation": {
    "k_high_level": 5,
    "k_low_level": 40,
    "k_conversations": 5,
    "total_k": 50,
    "reasoning": "Spatial location query about a specific object belonging to Leo; prioritize low-level edges that capture object placement on shelves within the rack. Minimal high-level edges for ownership/context; conversations are unlikely but a small budget can catch any verbal references."
  }
}

Graph Search Results:
**High-Level Information (Character Attributes and Relationships): **

Character Attributes:
- Leo is: seated off to the side (100), short dark hair (100)

Character Relationships:
- Jack friends with Leo (85)
- Leo supportive toward Jack (85)
- Ivy assistant to Leo (80)

**Low-Level Information (Actions and Events): **

[2] Leo sits on right side of couch. (living room)
[3] Leo sits on right side of couch. (living room)
[3] Leo taps on tablet. (living room)
[4] Leo sits on right side of couch. (living room)
[5] Leo sits on couch. (living room)
[6] Leo sits on right side couch. (living room)
[6] Leo adjusts position on couch. (living room)
[7] Leo stands up from couch. (living room)
[8] Leo sits on sofa. (living room)
[9] Leo sits on right side of couch. (living room)
[9] Leo rests on lap white pillow. (living room)
[10] Leo sits on right end of couch. (living room)
[11] Leo sits on right side of the couch. (living room)
[13] Leo sits on right side of couch. (living room)
[13] Leo opens folder. (living room)
[14] Leo sits on left side of couch. (living room)
[16] Leo leans back on couch. (living room)
[17] Leo sits on right side of couch. (living room)
[17] Leo has on lap light blue bowl. (living room)
[18] Leo sits on right side of couch. (living room)
[19] Leo sits on right side of couch. (living room)
[20] Leo sits on right side of couch. (living room)
[20] Leo has on lap light blue bowl. (living room)
[22] Leo sits on right side couch. (living room)
[23] Leo sits on right side of couch. (living room)
[23] Leo looks toward TV on shelf. (living room)
[24] Leo sits on right side of couch. (living room)
[27] Leo sits on right side of couch. (living room)
[28] Leo reclines on right side of couch. (living room)
[29] Leo sits on right side of couch. (living room)
[35] Leo rests elbow on couch arm. (living room)
[36] Leo sits on right side of couch. (living room)
[38] Leo sits on right side couch. (living room)
[40] Leo sits on right side couch. (living room)
[41] Leo sits on right side of couch. (living room)
[44] Leo sits on right side of couch. (living room)
[46] Leo sits middle of couch. (living room)
[49] Leo replies with short affirmation from off to the side. (kitchen)
[50] Leo sits on stool near stairs. (kitchen)
[50] Leo watches from side. (kitchen)

**Conversations: **

Conversation 1: Leo and Mia chat about school, TV preferences, music, and relationships, focusing on Jack’s recent breakup and how to support him. They consider inviting Jack out to help him recover, but Mia prefers resting at home. Leo proposes games and music to cheer Jack up, yet Jack declines due to lingering sadness. Ivy assists with snacks and items throughout, indicating a helper role.
[6] Leo: yeah and most of our class they were late
[7] Leo: okay hold up hold up wait a second
[7] Leo: wait a second
[7] Mia: how does playing games make you so thirsty
[8] Leo: maybe I talk about him too much
[8] Mia: then smooth it down
[9] Leo: okay fine
[9] Mia: Leo why there's some bottle caps on the carpet
[9] Mia: did you drink last night
[10] Leo: yeah last night
[17] Leo: I told I told the teacher first I will be late
[17] Leo: to hand hand in the homework
[17] Leo: hey Ivy hand me the cup please
[17] Leo: okay thank you
[18] Leo: eh never mind some will come later
[19] Mia: good idea
[19] Leo: hey Ivy please take the game pad from
[19] Leo: to the table which is on the right of sofa
[20] Mia: would you like to eat something
[20] Leo: hmm
[41] Mia: wow you're really asking a lot at once
[41] Leo: but I like videos very much
[41] Leo: which one would you like best
[42] Mia: actually I'm not very familiar with yesterday
[42] Mia: and hey Jude so

[Step 2] Evaluating semantic answer...
Action: [Search]
Content: [23, 41, 42, 20, 17]
Summary: The graph covers Leo mostly sitting on the couch and interacting with Ivy and Mia; Leo asks Ivy for a cup at clip 17 and looks toward the TV on a shelf at clip 23, but there is no explicit information about the rack’s shelves or the water cup’s exact shelf position. Additional visual inspection is needed to determine whether the cup is on the second or third shelf from the top.

[Step 3] Watching video clips: [23, 41, 42, 20, 17]

   Processing clip 23 (1/5)...
Question: What's Mia's job?

[Step 1] Searching the graph...
Parse Query Output:
{
  "query_triple": ["<Mia>", "job", null, 0.95, 0.25, 0.0],
  "spatial_constraint": null,
  "speaker_strict": null,
  "allocation": {
    "k_high_level": 10,
    "k_low_level": 10,
    "k_conversations": 30,
    "total_k": 50,
    "reasoning": "Occupation is a character attribute; use high-level edges for traits. Conversations can reveal job explicitly. Low-level edges may show job-related actions for corroboration."
  }
}

Graph Search Results:
**High-Level Information (Character Attributes and Relationships): **

Character Attributes:
- Mia is: female (100), medium build (100), hair in high bun (100), black short-sleeved top (100), dark pants (100), holding tablet or phone (100), brown blanket beside her (100), practical (85), musically inclined (ukulele) (85)

Character Relationships:
- Leo friends with Mia (85)

**Low-Level Information (Actions and Events): **

[1] Mia sits on left side couch. (living room)
[1] Mia reads book. (living room)
[1] Mia glances toward character_2. (living room)
[1] Mia adjusts book. (living room)
[1] Mia shifts posture on couch. (living room)
[2] Mia sits on left side of couch. (living room)
[2] Mia reads red-covered book. (living room)
[2] Mia holds close to face red-covered book. (living room)
[2] Mia does not interact with Leo. (living room)
[2] Leo glances briefly toward Mia. (living room)

**Conversations: **

Conversation 1: Leo and Mia chat about school, TV preferences, music, and relationships, focusing on Jack’s recent breakup and how to support him. They consider inviting Jack out to help him recover, but Mia prefers resting at home. Leo proposes games and music to cheer Jack up, yet Jack declines due to lingering sadness. Ivy assists with snacks and items throughout, indicating a helper role.
[4] Mia: hey Ivy come on
[4] Mia: clean up the coffee table
[4] Mia: thank you
[4] Mia: what are you playing
[5] Leo: I don't know
[5] Leo: I just know that
[5] Leo: yeah
[5] Leo: it seems that this time is an AI again
[5] Mia: what's that
[5] Leo: hey man
[6] Mia: he acts like a fool
[7] Mia: how does playing games make you so thirsty
[8] Leo: maybe I talk about him too much
[8] Mia: oh
[8] Mia: how is some bottle caps on the carpet
[8] Mia: come on
[8] Mia: clean the carpet
[8] Mia: then smooth it down
[9] Leo: okay fine
[11] Leo: uh tell me about it
[11] Leo: someone did someone didn't come last night
[12] Mia: who Bob
[12] Leo: no
[12] Mia: oh I remember
[12] Mia: he seems to be Jack's girlfriend's younger brother
[12] Mia: right didn't he come
[13] Leo: be in a relationship
[13] Mia: if he doesn't care much about
[13] Mia: his girlfriend
[13] Leo: for him he thought that
[13] Leo: his sister is much important than his friends
[14] Leo: I haven't seen you and your boyfriend quarrel
[14] Mia: because we
[14] Mia: uh always tolerate
[14] Mia: each other
[14] Mia: and he will always support me whatever I want to do
[16] Leo: Today's twenty eleven fifty fifth
[16] Leo: fifty five oh I forgot it
[16] Mia: I finished it
[16] Leo: why wouldn't you tell me
[17] Leo: I told I told the teacher first I will be late
[17] Leo: okay thank you
[18] Leo: eh never mind some will come later
[18] Mia: who Bob and John
[18] Mia: are you guys having a gathering again today
[19] Leo: no I invited Jack now
[19] Leo: I just invited him to play game with me
[19] Leo: to take his mind off things
[19] Mia: good idea
[19] Leo: hey Ivy please take the game pad from
[19] Leo: to the table which is on the right of sofa
[22] Leo: I haven't seen watch TV shows for a long time
[22] Mia: yeah you know all of them need
[22] Mia: a membership
[23] Leo: the TV the TV in my home
[23] Leo: uh if I I need I want to watch a TV
[23] Leo: and to put it on the TV screen
[23] Leo: what kind of TV do you like
[23] Mia: variety show
[23] Leo: variety
[23] Leo: but I don't like it I just like
[24] Leo: soap opera
[24] Mia: no soap opera
[24] Mia: just variety show
[24] Leo: okay let me choose
[24] Leo: okay watch your TV show
[25] Leo: they will
[25] Leo: they will back to his affection again
[25] Mia: not really
[25] Leo: why
[25] Mia: hmm
[25] Mia: because they did have a lot of problem
[25] Leo: you mean you mean they quarrel a lot
[26] Mia: yeah
[26] Leo: because I actually I didn't see you
[26] Leo: quarrel a lot with your boyfriend
[28] Leo: very usually
[28] Mia: so you don't know him
[28] Mia: he's so famous
[29] Leo: oh it's such boring
[29] Leo: oh recently I haven't seen you play ukulele have you
[29] Mia: I need to
[30] Mia: complete a system program design this week
[30] Mia: but I've made several revisions
[30] Mia: but the boss is still not satisfied
[30] Mia: so I've been very busy recently
[30] Leo: ah so that's result of graduate
[31] Mia: hmm no it's my work
[31] Leo: oh the variety is gone
[31] Leo: it's over
[33] Leo: graduating because I want to make money
[34] Leo: I think when money is very happy
[34] Mia: that's what students
[34] Mia: will
[34] Mia: imagine
[35] Leo: oh suddenly it occurs to me that
[35] Leo: are you have any arrangements tomorrow
[35] Leo: in parks or some natural natural reservations
[35] Mia: but I prefer to stay at home
[36] Mia: what's up I've been very busy recently
[36] Mia: I wanna have a break
[36] Leo: yeah but if tomorrow we don't
[38] Mia: uh hello Ivy um
[38] Mia: hand me the ukulele
[38] Mia: please
[39] Mia: so what would you want to hear
[39] Mia: oh do you know beatles
[42] Mia: and hey Jude so
[42] Leo: so you could play what you can
[42] Mia: okay but
[42] Mia: uh you know it's been too long since I last played it
[42] Mia: so I wonder if I can still play it

[Step 2] Evaluating semantic answer...
Action: [Answer]
Content: She works in system program design (software), as she mentions revising a system program for her boss and being busy with work.
FINAL ANSWER (from graph):
She works in system program design (software), as she mentions revising a system program for her boss and being busy with work.
Question: What's Leo's social tatus?

[Step 1] Searching the graph...
Parse Query Output:
{
  "query_triple": ["<Leo>", "social status", null, 0.95, 0.25, 0.1],
  "spatial_constraint": null,
  "speaker_strict": null,
  "allocation": {
    "k_high_level": 9,
    "k_low_level": 6,
    "k_conversations": 35,
    "total_k": 50,
    "reasoning": "Social status is a high-level attribute inferred from traits and dialogue; emphasize high-level edges and conversations for supporting context."
  }
}

Graph Search Results:
**High-Level Information (Character Attributes and Relationships): **

Character Attributes:
- Leo is: seated off to the side (100), casual clothing (100), sneakers (100), male (100), short dark hair (100), supportive (90)

Character Relationships:
- Leo is friend with Jack (95)
- Ivy is assistant to Leo (95)
- Jack trusts Leo (85)

**Low-Level Information (Actions and Events): **

[7] Leo stands up from couch. (living room)
[9] Leo sits. (living room)
[19] Leo stays seated. (living room)
[21] Leo stays seated. (living room couch)
[33] Mia remains seated beside Leo. (living room couch under birthday banner)
[46] Leo sits middle of couch. (living room)

**Conversations: **

Conversation 1: Leo and Mia chat about school, TV preferences, music, and relationships, focusing on Jack’s recent breakup and how to support him. They consider inviting Jack out to help him recover, but Mia prefers resting at home. Leo proposes games and music to cheer Jack up, yet Jack declines due to lingering sadness. Ivy assists with snacks and items throughout, indicating a helper role.
[2] Mia: love stories like pride and prejudice
[2] Leo: yeah I like Jane Austen's works come on boy
[3] Leo: uh
[3] Leo: defeat
[3] Leo: what are you doing
[3] Leo: how can you make things such a mess
[3] Leo: defeat once again
[4] Mia: thank you
[4] Mia: what are you playing
[5] Leo: I don't know
[5] Leo: I just know that
[5] Leo: in front of me is such foolish
[5] Mia: they're like AI
[5] Leo: yeah
[5] Leo: it seems that this time is an AI again
[5] Mia: what's that
[5] Leo: hey man
[6] Mia: he acts like a fool
[6] Leo: i don't i don't know how can i suffer things recently
[6] Leo: yeah and most of our class they were late
[7] Leo: okay hold up hold up wait a second
[7] Leo: wait a second
[7] Mia: how does playing games make you so thirsty
[8] Leo: maybe I talk about him too much
[11] Leo: John Bob and Justin oh
[11] Mia: you guys have always been good friends
[11] Leo: uh tell me about it
[11] Leo: someone did someone didn't come last night
[12] Mia: who Bob
[12] Leo: no
[12] Mia: oh I remember
[12] Mia: he seems to be Jack's girlfriend's younger brother
[13] Mia: no wonder we've been
[13] Leo: we've not been seen him for a long time
[13] Leo: but why would he
[13] Leo: be in a relationship
[13] Mia: if he doesn't care much about
[13] Mia: his girlfriend
[13] Leo: for him he thought that
[13] Leo: his sister is much important than his friends
[13] Leo: so maybe
[13] Leo: uh Jack broke up with her with with her sister so maybe
[14] Leo: Justin just don't wanna have anything to do with Jack
[14] Mia: wow Jack's so pitiful
[14] Mia: he lost a girlfriend and also a good friend
[14] Leo: not like you
[14] Leo: I haven't seen you and your boyfriend quarrel
[14] Mia: because we
[14] Leo: if I had a boyfriend I don't want
[15] Leo: If I had a boyfriend I don't want to quarrel with him.
[15] Leo: Something.
[15] Leo: But maybe I think quarrel is a good chance to uh each other to know more about each other.
[15] Leo: I think that's why a love-affection can continue.
[15] Mia: Totally agree.
[16] Leo: oh
[16] Leo: I forgot to do my homework
[16] Leo: it is due to you
[19] Leo: to the table which is on the right of sofa
[20] Mia: would you like to eat something
[20] Leo: hmm
[20] Leo: I'm hungry right now but
[20] Leo: I don't know what it is
[20] Leo: um I don't know what you eat exactly
[20] Mia: um hey Ivy uh
[21] Ivy: coffee
[21] Ivy: pudding and strawberries
[21] Leo: um
[21] Leo: are there any grapes
[21] Ivy: yes
[21] Leo: okay Ivy hand me the controller please
[22] Leo: okay
[22] Leo: let me choose some TV shows
[22] Leo: I haven't seen watch TV shows for a long time
[23] Leo: what kind of TV do you like
[23] Mia: variety show
[23] Leo: variety
[23] Leo: but I don't like it I just like
[24] Leo: soap opera
[24] Mia: no soap opera
[24] Mia: just variety show
[25] Leo: they will back to his affection again
[25] Mia: not really
[25] Leo: why
[25] Mia: hmm
[25] Mia: because they did have a lot of problem
[26] Mia: we tolerate each other
[26] Leo: and maybe another reason for the broke up I think
[26] Leo: is the goal towards future
[26] Leo: they they hold different view towards
[26] Leo: their future but
[26] Leo: I think another thing
[27] Leo: is they didn't communicate a lot
[27] Leo: I didn't have a boyfriend
[27] Leo: uh since I got since I went to
[27] Leo: a college but
[27] Leo: but I think communication is very important
[28] Leo: in affection
[28] Leo: who is this
[28] Leo: ah just because I don't I don't watch variety shows
[28] Leo: very usually
[28] Mia: so you don't know him
[28] Mia: he's so famous
[31] Leo: okay that's it
[32] Leo: so I've just I'm going to graduate
[32] Leo: so
[32] Leo: maybe I don't want if I
[32] Leo: graduate and I face piles of work to do
[33] Leo: but i think just focus on the time right now
[33] Leo: do not think too much on
[33] Leo: on what's the future like
[33] Leo: but I'm also dream about
[33] Leo: graduating because I want to make money
[36] Leo: we can call him call him Jack to come with us
[36] Mia: Jack yeah
[36] Leo: to make him
[36] Leo: make him uh out from his sadness
[37] Leo: of his broken breaking up
[37] Leo: with his friend her girlfriend
[37] Mia: yeah if if we if
[37] Mia: if you wants it
[41] Mia: wow you're really asking a lot at once
[41] Leo: but I like videos very much
[41] Leo: which one would you like best
[42] Mia: actually I'm not very familiar with yesterday
[42] Mia: and hey Jude so

Conversation 2: Jack confides in Leo about a recent breakup with Justin's sister, explaining they parted due to differing life goals: she wants to settle down soon while he wants to focus on his career and exploration for the next few years. Jack seeks support from Leo and hopes sharing will help him feel better.
[49] Jack: I know how we feel that is
[49] Jack: this will be a bit better
[49] Leo: yeah
[50] Jack: and I know you
[50] Jack: may feel embarrassed to

Conversation 4: Jack explains a recent breakup that stemmed from unresolved issues and lifestyle differences, noting they ended things maturely and remain friendly. Mia and Leo offer support, suggesting communication, acceptance, and moving forward. The group expresses hope that Jack will heal and focus on positive aspects.
[77] Jack: yeah
[78] Jack: cherish what we have
[78] Leo: yeah
[78] Leo: so I think maybe hmm
[78] Leo: we both hope you can you can quickly get out of it

[Step 2] Evaluating semantic answer...
Action: [Answer]
Content: Leo is Jack’s friend and has an assistant, Ivy.
FINAL ANSWER (from graph):
Leo is Jack’s friend and has an assistant, Ivy.
Question: Who's the previous owner of the book read by Mia?

[Step 1] Searching the graph...
Parse Query Output:
{
  "query_triple": ["<Mia>", "reads", "book#unknown", 0.95, 0.6, 0.7],
  "spatial_constraint": null,
  "speaker_strict": null,
  "allocation": {
    "k_high_level": 6,
    "k_low_level": 36,
    "k_conversations": 8,
    "total_k": 50,
    "reasoning": "Ownership and provenance tied to a specific object referenced by Mia's action; prioritize low-level edges to find the book Mia reads and trace its previous owner, with some high-level for potential ownership/relationship facts and minimal conversations for mentions."
  }
}

Graph Search Results:
**High-Level Information (Character Attributes and Relationships): **

Character Attributes:
- Mia is: female (100), dark pants (100), medium build (100)

Character Relationships:
- Leo friends with Mia (85)
- Mia friend of Jack (75)
- Mia supportive toward Jack (80)

**Low-Level Information (Actions and Events): **

[1] Mia reads book. (living room)
[1] Mia adjusts book. (living room)
[2] Mia reads red-covered book. (living room)
[2] Mia holds close to face red-covered book. (living room)
[3] Mia reads red book. (living room)
[3] Mia holds close to face book. (living room)
[3] Mia lowers book. (living room)
[3] Mia looks at briefly <Mia>'s phone. (living room)
[3] Mia resumes reading red book. (living room)
[3] Mia puts down book. (living room)
[3] Mia scrolls <Mia>'s phone. (living room)
[4] Mia looks at Mia's phone. (living room)
[6] Mia looks at phone. (living room)
[6] Mia checks phone. (living room)
[7] Mia looks at Mia's phone. (living room)
[8] Mia holds notebook. (living room)
[8] Mia carries notebook. (living room)
[8] Mia shows notebook. (living room)
[8] Mia looks at Mia's device. (living room)
[8] Mia reads note notebook. (living room)
[10] Mia looks at Mia's smartphone. (living room)
[11] Mia browses Mia's smartphone. (living room)
[12] Mia looks at Mia's smartphone. (living room)
[12] Mia looks at Mia's phone. (living room)
[12] Mia flips page in <Leo>'s book. (living room)
[12] Mia points at page in <Leo>'s book. (living room)
[20] Mia looks at Mia's phone. (living room)
[20] Mia calls Ivy. (living room)
[22] Mia looks at <Mia>'s smartphone. (living room)
[39] Mia asks robot. (living room)
[41] Mia plays ukulele. (living room)
[43] Mia plays ukulele. (living room)
[77] Mia speaks to character_1. (living room)
[77] Jack listens to Mia. (living room)
[78] Mia talks to character_1. (living room)
[78] Mia looks at small object. (living room)

**Conversations: **

Conversation 1: Leo and Mia chat about school, TV preferences, music, and relationships, focusing on Jack’s recent breakup and how to support him. They consider inviting Jack out to help him recover, but Mia prefers resting at home. Leo proposes games and music to cheer Jack up, yet Jack declines due to lingering sadness. Ivy assists with snacks and items throughout, indicating a helper role.
[1] Leo: come on bro
[1] Leo: hey boy what are you doing
[2] Mia: Why is the book such boring
[2] Leo: I don't know but I just don't like reading it
[2] Leo: but you know it's it's a book sent by my teacher so
[2] Leo: hey boy come on
[2] Mia: I still prefer
[2] Mia: love stories like pride and prejudice
[2] Leo: yeah I like Jane Austen's works come on boy
[3] Leo: uh
[5] Leo: yeah
[5] Leo: it seems that this time is an AI again
[5] Mia: what's that
[5] Leo: hey man
[6] Mia: he acts like a fool
[7] Mia: how does playing games make you so thirsty
[8] Leo: maybe I talk about him too much
[8] Mia: oh
[8] Mia: how is some bottle caps on the carpet
[8] Mia: come on
[11] Leo: uh tell me about it
[11] Leo: someone did someone didn't come last night
[12] Mia: who Bob
[12] Leo: no
[12] Mia: oh I remember
[12] Mia: he seems to be Jack's girlfriend's younger brother
[12] Mia: right didn't he come
[13] Leo: be in a relationship
[13] Mia: if he doesn't care much about
[13] Mia: his girlfriend
[13] Leo: for him he thought that
[13] Leo: his sister is much important than his friends
[16] Leo: Today's twenty eleven fifty fifth
[16] Leo: fifty five oh I forgot it
[16] Mia: I finished it
[16] Leo: why wouldn't you tell me
[17] Leo: I told I told the teacher first I will be late

[Step 2] Evaluating semantic answer...
Action: [Answer]
Content: Leo was the previous owner of the book Mia read.
FINAL ANSWER (from graph):
Leo was the previous owner of the book Mia read.
Question: What fruit does Jack like to eat?

[Step 1] Searching the graph...
Parse Query Output:
{
  "query_triple": ["<Jack>", "likes to eat", "fruit", 0.95, 0.6, 0.6],
  "spatial_constraint": null,
  "speaker_strict": null,
  "allocation": {
    "k_high_level": 6,
    "k_low_level": 34,
    "k_conversations": 10,
    "total_k": 50,
    "reasoning": "Preference/action query about eating; use low-level edges to find specific fruit interactions and occasional conversations for stated preferences; a few high-level edges may capture stable likes."
  }
}

Graph Search Results:
**High-Level Information (Character Attributes and Relationships): **

Character Attributes:
- Jack is: enjoys outdoor adventures (90)

Character Relationships:
- Jack friends with Leo (85)
- Mia supportive toward Jack (80)
- Leo supportive toward Jack (85)
- Mia friendly with Jack (70)
- Mia friend of Jack (75)

**Low-Level Information (Actions and Events): **

[43] Jack sits near coffee table. (living room)
[44] Jack looks at <Jack>'s phone. (living room)
[44] Jack declines music. (living room)
[45] Jack plays game. (living room)
[46] Jack sits small stool. (living room)
[49] Jack tells robot. (kitchen)
[51] Jack explains wanting life. (kitchen)
[56] Jack places small round dessert. (kitchen and adjacent living room)
[56] Jack flips dessert. (kitchen and adjacent living room)
[56] Jack adds another dessert. (kitchen and adjacent living room)
[56] Jack peels film. (kitchen and adjacent living room)
[56] Jack adds third dessert. (kitchen and adjacent living room)
[60] Jack examines item on fridge shelf. (kitchen)
[60] Jack picks up red packaged item from fridge door. (kitchen)
[61] Jack opens sachet. (kitchen counter)
[61] Jack adjusts cup. (kitchen counter)
[62] Jack opens packet. (kitchen counter)
[62] Jack pours packet. (kitchen counter)
[62] Jack arranges packet. (kitchen counter)
[69] Jack looks at <Jack>'s phone. (living room)
[70] Jack places bowl of green fruit. (living room and adjacent kitchen)
[70] Jack sits beside coffee table. (living room and adjacent kitchen)
[71] Jack sits by coffee table. (living room and kitchen)
[71] Jack keeps near Jack's phone. (living room and kitchen)
[73] Jack looks at <Jack>'s phone. (living room)
[74] Jack sits facing coffee table. (living room)
[74] Jack looks at Jack's smartphone. (living room)
[74] Jack glances at snack. (living room)
[75] Jack looks at screen. (living room)
[76] Jack looks at Jack's smartphone. (living room)
[76] Mia talks to Jack. (living room)
[77] Jack listens to Mia. (living room)
[78] Jack sits on stool. (living room)
[78] Mia talks to Jack. (living room)

**Conversations: **

Conversation 1: Leo and Mia chat about school, TV preferences, music, and relationships, focusing on Jack’s recent breakup and how to support him. They consider inviting Jack out to help him recover, but Mia prefers resting at home. Leo proposes games and music to cheer Jack up, yet Jack declines due to lingering sadness. Ivy assists with snacks and items throughout, indicating a helper role.
[43] Leo: hi Ivy let's prepare another afternoon tea please
[43] Ivy: hey Jack
[43] Ivy: what kind of fruit would you like
[43] Jack: um grape is okay for me thanks
[43] Leo: Jack Mia is just ready to play the ukulele
[44] Leo: let's enjoy it together
[45] Leo: Jack let's play game together
[45] Jack: well it's really nice of you Leo
[46] Jack: but
[46] Jack: I don't think I'm
[46] Jack: I'm suitable for the game right now cause

Conversation 4: Jack explains a recent breakup that stemmed from unresolved issues and lifestyle differences, noting they ended things maturely and remain friendly. Mia and Leo offer support, suggesting communication, acceptance, and moving forward. The group expresses hope that Jack will heal and focus on positive aspects.
[74] Jack: tough process
[74] Jack: a lot of problems
[74] Jack: and
[74] Jack: another underlying issue was our lifestyle differences
[74] Jack: she prefers quiet weekends at home whereas I'm more
[75] Leo: okay guys i know how you feel
[75] Leo: things will be better at time
[75] Jack: maybe
[75] Jack: hope so
[75] Jack: silver linings and we will handle it maturely
[77] Mia: didn't meet each other at the appropriate time
[77] Mia: yes it's pity
[77] Jack: hmm
[77] Leo: but life is still need to go on so
[77] Leo: just take it easy don't be so sad in it
[77] Leo: and enjoy your life right now
[77] Jack: yeah
[78] Jack: cherish what we have
[78] Leo: yeah

Conversation 2: Jack confides in Leo about a recent breakup with Justin's sister, explaining they parted due to differing life goals: she wants to settle down soon while he wants to focus on his career and exploration for the next few years. Jack seeks support from Leo and hopes sharing will help him feel better.
[50] Jack: I don't mind telling you about it
[50] Jack: and I hope maybe this will help me
[50] Jack: a bit better
[50] Jack: it is just being
[50] Jack: so strange
[52] Jack: before we go
[53] Jack: but you may feel that there's so many reasons
[53] Jack: maybe
[53] Jack: just one
[53] Jack: top of so
[53] Jack: different steps

[Step 2] Evaluating semantic answer...
Action: [Answer]
Content: Jack likes grapes.
FINAL ANSWER (from graph):
Jack likes grapes.
Question: Would Mia like programs like Running Man?

[Step 1] Searching the graph...
Parse Query Output:
{
  "query_triple": ["<Mia>", "likes", "Running Man", 0.95, 0.3, 0.9],
  "spatial_constraint": null,
  "speaker_strict": null,
  "allocation": {
    "k_high_level": 8,
    "k_low_level": 12,
    "k_conversations": 30,
    "total_k": 50,
    "reasoning": "Preference/attitude query about a character and a specific show; use high-level edges for traits/preferences, conversations to find expressed opinions, and some low-level edges for any actions indicating liking (watching, recommending)."
  }
}

Graph Search Results:
**High-Level Information (Character Attributes and Relationships): **

Character Attributes:
- Mia is: female (100), dark pants (100)

Character Relationships:
- Leo friends with Mia (85)
- Mia supportive toward Jack (80)
- Mia friend of Jack (75)
- Mia friendly with Jack (70)
- Mia is friend of Jack (85)
- robot cooperates with Mia (75)

**Low-Level Information (Actions and Events): **

[3] Mia reads red book. (living room)
[9] Mia uses smartphone. (living room)
[22] Mia glances toward TV. (living room)
[24] Mia glances at TV. (living room)
[24] Mia faces TV. (living room)
[24] Mia adds want variety show. (living room)
[24] Mia watches Mia's TV show. (living room)
[24] Mia looks at TV. (living room)
[25] Mia sits on left side of couch facing TV. (living room)
[25] Mia watches TV. (living room)
[31] Mia watches screen. (living room)
[39] Mia asks robot. (living room)

**Conversations: **

Conversation 1: Leo and Mia chat about school, TV preferences, music, and relationships, focusing on Jack’s recent breakup and how to support him. They consider inviting Jack out to help him recover, but Mia prefers resting at home. Leo proposes games and music to cheer Jack up, yet Jack declines due to lingering sadness. Ivy assists with snacks and items throughout, indicating a helper role.
[2] Leo: I just keep it
[2] Leo: hey boy come on
[2] Mia: I still prefer
[2] Mia: love stories like pride and prejudice
[2] Leo: yeah I like Jane Austen's works come on boy
[3] Leo: uh
[4] Mia: clean up the coffee table
[4] Mia: thank you
[4] Mia: what are you playing
[5] Leo: I don't know
[5] Leo: I just know that
[5] Leo: in front of me is such foolish
[5] Mia: they're like AI
[5] Leo: yeah
[5] Leo: it seems that this time is an AI again
[5] Mia: what's that
[5] Leo: hey man
[6] Mia: he acts like a fool
[6] Leo: yeah but i just got a
[6] Leo: got up early this morning i need to attend such a boring
[6] Mia: yeah totally agree
[6] Mia: yeah our school is always like that
[6] Leo: yeah and most of our class they were late
[7] Leo: okay hold up hold up wait a second
[7] Leo: wait a second
[7] Mia: how does playing games make you so thirsty
[8] Leo: maybe I talk about him too much
[8] Mia: oh
[8] Mia: how is some bottle caps on the carpet
[8] Mia: come on
[8] Mia: clean the carpet
[8] Mia: then smooth it down
[11] Leo: uh tell me about it
[11] Leo: someone did someone didn't come last night
[12] Mia: who Bob
[12] Leo: no
[12] Mia: oh I remember
[12] Mia: he seems to be Jack's girlfriend's younger brother
[12] Mia: right didn't he come
[14] Leo: I haven't seen you and your boyfriend quarrel
[14] Mia: because we
[14] Mia: uh always tolerate
[14] Mia: each other
[14] Mia: and he will always support me whatever I want to do
[15] Leo: But maybe I think quarrel is a good chance to uh each other to know more about each other.
[15] Leo: I think that's why a love-affection can continue.
[15] Mia: Totally agree.
[16] Leo: oh
[16] Leo: I forgot to do my homework
[18] Leo: eh never mind some will come later
[18] Mia: who Bob and John
[18] Mia: are you guys having a gathering again today
[19] Leo: no I invited Jack now
[19] Leo: only the heartbroken guy is coming
[19] Leo: I just invited him to play game with me
[19] Leo: to take his mind off things
[19] Mia: good idea
[19] Leo: hey Ivy please take the game pad from
[19] Leo: to the table which is on the right of sofa
[20] Mia: would you like to eat something
[20] Leo: hmm
[20] Leo: I'm hungry right now but
[22] Leo: I haven't seen watch TV shows for a long time
[22] Mia: yeah you know all of them need
[22] Mia: a membership
[23] Leo: the TV the TV in my home
[23] Leo: uh if I I need I want to watch a TV
[23] Leo: and to put it on the TV screen
[23] Leo: what kind of TV do you like
[23] Mia: variety show
[23] Leo: variety
[23] Leo: but I don't like it I just like
[24] Leo: soap opera
[24] Mia: no soap opera
[24] Mia: just variety show
[24] Leo: okay let me choose
[24] Leo: okay watch your TV show
[25] Leo: they will
[25] Leo: they will back to his affection again
[25] Mia: not really
[25] Leo: why
[25] Mia: hmm
[25] Mia: because they did have a lot of problem
[25] Leo: you mean you mean they quarrel a lot
[26] Mia: yeah
[26] Leo: because I actually I didn't see you
[26] Leo: quarrel a lot with your boyfriend
[34] Leo: I think when money is very happy
[34] Mia: that's what students
[34] Mia: will
[34] Mia: imagine
[35] Leo: oh suddenly it occurs to me that
[35] Leo: are you have any arrangements tomorrow
[35] Leo: to have a rest
[35] Leo: in parks or some natural natural reservations
[35] Mia: but I prefer to stay at home
[36] Mia: what's up I've been very busy recently
[36] Mia: I wanna have a break
[38] Mia: uh hello Ivy um
[38] Mia: hand me the ukulele
[38] Mia: please
[39] Mia: so what would you want to hear
[39] Mia: oh do you know beatles
[39] Leo: I wanna hear let it be, yesterday and hey Jude
[42] Mia: and hey Jude so
[42] Leo: so you could play what you can
[42] Mia: okay but
[42] Mia: uh you know it's been too long since I last played it
[42] Mia: so I wonder if I can still play it
[42] Leo: just take it easy
[42] Leo: have a try okay

[Step 2] Evaluating semantic answer...
Action: [Answer]
Content: Yes, because she prefers variety shows.
FINAL ANSWER (from graph):
Yes, because she prefers variety shows.
Question: Is Mia and Leo positive or negative towards their careers?

[Step 1] Searching the graph...
Parse Query Output:
{
  "query_triple": ["<Mia>", "attitude towards", "career", 0.95, 0.25, 0.6],
  "spatial_constraint": null,
  "speaker_strict": null,
  "allocation": {
    "k_high_level": 9,
    "k_low_level": 12,
    "k_conversations": 29,
    "total_k": 50,
    "reasoning": "Assessing positive/negative stance toward careers is a high-level attribute (sentiment), supported by dialogue evidence. Allocate more to conversations for expressed opinions, some high-level for traits, and a smaller portion of low-level for actions indicating career satisfaction."
  }
}

Graph Search Results:
**High-Level Information (Character Attributes and Relationships): **

Character Attributes:
- Mia is: holding tablet or phone (100), dark pants (100), female (100)

Character Relationships:
- Mia supportive toward Jack (80)
- Leo friends with Mia (85)
- Ivy is assistant to Mia (85)
- Mia friend of Jack (75)
- Ivy assistant to Mia (70)
- Mia friendly with Jack (70)

**Low-Level Information (Actions and Events): **

[1] Mia reads book. (living room)
[1] Mia glances toward character_2. (living room)
[1] Mia adjusts book. (living room)
[3] Mia holds close to face book. (living room)
[3] Mia lowers book. (living room)
[3] Mia puts down book. (living room)
[5] Mia looks toward drawer. (living room)
[6] Mia looks at phone. (living room)
[12] Mia continues conversation. (living room)
[22] Mia glances toward TV. (living room)
[24] Mia glances at TV. (living room)
[24] Mia looks at TV. (living room)

**Conversations: **

Conversation 1: Leo and Mia chat about school, TV preferences, music, and relationships, focusing on Jack’s recent breakup and how to support him. They consider inviting Jack out to help him recover, but Mia prefers resting at home. Leo proposes games and music to cheer Jack up, yet Jack declines due to lingering sadness. Ivy assists with snacks and items throughout, indicating a helper role.
[5] Leo: in front of me is such foolish
[5] Mia: they're like AI
[5] Leo: yeah
[5] Leo: it seems that this time is an AI again
[5] Mia: what's that
[10] Leo: I held I held a breakup party
[10] Leo: for Jack he told me that he messed up with his girlfriend
[10] Leo: they have quarreled recently for several times
[10] Leo: so I think it's no wonder that they will
[10] Leo: they will broke up
[10] Leo: so we
[10] Leo: we drank we drank we drank over overnight
[11] Leo: someone did someone didn't come last night
[12] Mia: who Bob
[12] Leo: no
[12] Mia: oh I remember
[12] Mia: he seems to be Jack's girlfriend's younger brother
[13] Leo: we've not been seen him for a long time
[13] Leo: but why would he
[13] Leo: be in a relationship
[13] Mia: if he doesn't care much about
[13] Mia: his girlfriend
[13] Leo: for him he thought that
[13] Leo: his sister is much important than his friends
[14] Mia: because we
[14] Mia: uh always tolerate
[14] Mia: each other
[14] Mia: and he will always support me whatever I want to do
[14] Leo: maybe if I have a
[17] Leo: okay thank you
[18] Leo: eh never mind some will come later
[18] Mia: who Bob and John
[18] Mia: are you guys having a gathering again today
[19] Leo: no I invited Jack now
[19] Leo: to the table which is on the right of sofa
[20] Mia: would you like to eat something
[20] Leo: hmm
[20] Leo: I'm hungry right now but
[20] Leo: I don't know what it is
[23] Leo: variety
[23] Leo: but I don't like it I just like
[24] Leo: soap opera
[24] Mia: no soap opera
[24] Mia: just variety show
[24] Leo: okay let me choose
[24] Leo: okay watch your TV show
[25] Leo: do you think Jack and his girlfriend will
[25] Leo: they will
[25] Leo: they will back to his affection again
[25] Mia: not really
[25] Leo: why
[25] Mia: hmm
[25] Mia: because they did have a lot of problem
[25] Leo: you mean you mean they quarrel a lot
[26] Leo: because I actually I didn't see you
[26] Leo: quarrel a lot with your boyfriend
[26] Mia: we tolerate each other
[26] Leo: and maybe another reason for the broke up I think
[26] Leo: is the goal towards future
[26] Leo: they they hold different view towards
[26] Leo: their future but
[26] Leo: I think another thing
[27] Leo: is they didn't communicate a lot
[27] Leo: so he didn't know each other
[27] Leo: uh each other's opinions towards future
[27] Leo: that makes sense yes
[27] Mia: it's important in a relationship
[27] Leo: but I think communication is very important
[28] Leo: in affection
[28] Leo: who is this
[28] Leo: ah just because I don't I don't watch variety shows
[28] Leo: very usually
[31] Leo: okay that's it
[32] Leo: so I've just I'm going to graduate
[32] Leo: so
[32] Leo: maybe I don't want if I
[32] Leo: graduate and I face piles of work to do
[33] Leo: but i think just focus on the time right now
[33] Leo: do not think too much on
[33] Leo: on what's the future like
[33] Leo: but I'm also dream about
[33] Leo: graduating because I want to make money
[36] Leo: make him uh out from his sadness
[37] Leo: of his broken breaking up
[37] Leo: with his friend her girlfriend
[37] Mia: yeah if if we if
[37] Mia: if you wants it
[43] Ivy: what kind of fruit would you like
[43] Jack: um grape is okay for me thanks
[43] Leo: Jack Mia is just ready to play the ukulele
[44] Leo: let's enjoy it together
[44] Jack: no thanks Mia

Conversation 4: Jack explains a recent breakup that stemmed from unresolved issues and lifestyle differences, noting they ended things maturely and remain friendly. Mia and Leo offer support, suggesting communication, acceptance, and moving forward. The group expresses hope that Jack will heal and focus on positive aspects.
[76] Leo: because you and
[76] Leo: you and your girlfriend
[76] Leo: you have different opinions towards your future
[76] Leo: exactly you two need to communicate with each other
[76] Leo: that makes sense I think
[77] Jack: yeah
[78] Jack: cherish what we have
[78] Leo: yeah
[78] Leo: so I think maybe hmm
[78] Leo: we both hope you can you can quickly get out of it

Conversation 2: Jack confides in Leo about a recent breakup with Justin's sister, explaining they parted due to differing life goals: she wants to settle down soon while he wants to focus on his career and exploration for the next few years. Jack seeks support from Leo and hopes sharing will help him feel better.
[49] Jack: I know how we feel that is
[49] Jack: this will be a bit better
[49] Leo: yeah
[50] Jack: and I know you
[50] Jack: may feel embarrassed to

[Step 2] Evaluating semantic answer...
Action: [Answer]
Content: They are positive toward their careers.
FINAL ANSWER (from graph):
They are positive toward their careers.
Question: Where is the TV remote control?

[Step 1] Searching the graph...
Parse Query Output:
{
  "query_triple": ["remote control#tv", "is at", "?", 0.9, 0.5, 0.15],
  "spatial_constraint": null,
  "speaker_strict": null,
  "allocation": {
    "k_high_level": 2,
    "k_low_level": 42,
    "k_conversations": 6,
    "total_k": 50,
    "reasoning": "Spatial location query about a specific object; prioritize low-level edges that encode object locations, minimal high-level and conversations."
  }
}

Graph Search Results:
**High-Level Information (Character Attributes and Relationships): **

Character Attributes:
- robot is: black gloves visible (100), camera operator (100)

**Low-Level Information (Actions and Events): **

[5] coffee table is covered with remote. (living room)
[5] cabinet drawer is under TV. (living room)
[20] game controller is on side table. (living room)
[20] controller is on side table. (living room)
[20] cable is on side table. (living room)
[21] Mia holds controller-like device. (living room couch)
[21] Mia holds in hand controller-like device. (living room couch)
[21] Leo watches TV across the room. (living room couch)
[22] camera faces toward TV. (living room)
[22] Leo holds remote. (living room)
[22] remote moves toward camera holder. (living room)
[22] Leo looks at TV screen. (living room)
[23] Leo holds remote. (living room)
[23] Leo looks toward TV on shelf. (living room)
[23] Leo points remote toward TV. (living room)
[23] Leo operates remote. (living room)
[24] Leo holds TV remote. (living room)
[24] Leo looks toward TV screen. (living room)
[24] Leo starts selecting with TV remote. (living room)
[24] program is on TV. (living room)
[24] Mia looks at TV. (living room)
[25] Leo holds remote. (living room)
[31] Leo holds remote. (living room)
[39] Leo reaches for TV remote. (living room)
[39] TV remote is on table. (living room)
[39] Leo places remote. (living room)
[39] remote is on table. (living room)
[45] robot looks at game controller. (living room)
[45] game controller is on sofa. (living room)
[45] game controller is to Leo. (living room)
[46] game controller is on coffee table. (living room)
[52] bowl of green fruit is on table with appliance. (kitchen)
[53] strawberry is at sink. (kitchen)
[58] robot looks down at game controller. (living room and kitchen)
[58] game controller is on table. (living room and kitchen)
[59] control knob is on front-right side of appliance. (kitchen counter)
[60] Jack turns control on appliance. (kitchen)
[64] Jack presses appliance control. (kitchen counter)
[64] Jack turns appliance control. (kitchen counter)
[64] appliance control is with Jack's right hand. (kitchen counter)
[66] robot looks at control panel. (kitchen counter)
[71] plate is at counter. (living room and kitchen)

**Conversations: **

Conversation 1: Leo and Mia chat about school, TV preferences, music, and relationships, focusing on Jack’s recent breakup and how to support him. They consider inviting Jack out to help him recover, but Mia prefers resting at home. Leo proposes games and music to cheer Jack up, yet Jack declines due to lingering sadness. Ivy assists with snacks and items throughout, indicating a helper role.
[19] Mia: good idea
[19] Leo: hey Ivy please take the game pad from
[19] Leo: to the table which is on the right of sofa
[20] Mia: would you like to eat something
[20] Leo: hmm
[22] Mia: yeah you know all of them need
[22] Mia: a membership
[23] Leo: the TV the TV in my home
[23] Leo: uh if I I need I want to watch a TV
[23] Leo: I watch a drama or so so whatever I need to
[23] Leo: oh take out this membership
[23] Leo: and to put it on the TV screen
[23] Leo: what kind of TV do you like
[23] Mia: variety show
[23] Leo: variety
[45] Leo: oh Jack let's play games together
[45] Leo: hi Ivy
[45] Leo: hand me the game pad please
[45] Ivy: okay
[45] Leo: thank you

[Step 2] Evaluating semantic answer...
Action: [Answer]
Content: On the table in the living room.
FINAL ANSWER (from graph):
On the table in the living room.
Question: Where is Mia's ukulele?

[Step 1] Searching the graph...
Parse Query Output:
{
  "query_triple": ["ukulele#Mia", "is at", "?", 0.95, 0.5, 0.15],
  "spatial_constraint": null,
  "speaker_strict": null,
  "allocation": {
    "k_high_level": 3,
    "k_low_level": 40,
    "k_conversations": 7,
    "total_k": 50,
    "reasoning": "Spatial location query for a specific object; prioritize low-level edges for placement/movement, minimal high-level/context and some conversations in case location is mentioned in dialogue."
  }
}

Graph Search Results:
**High-Level Information (Character Attributes and Relationships): **

Character Attributes:
- Mia is: female (100), holding tablet or phone (100), black short-sleeved top (100)

**Low-Level Information (Actions and Events): **

[8] Mia stands near Leo. (living room)
[8] Mia sits. (living room)
[10] Mia sits on left end of couch. (living room)
[11] Mia sits on left side of the couch. (living room)
[13] Mia sits on left side of couch. (living room)
[14] Mia sits on right side of couch. (living room)
[17] Mia sits on left side of couch. (living room)
[18] Mia sits on left side of couch. (living room)
[19] Mia sits on left side of couch. (living room)
[20] Mia sits on left side of couch. (living room)
[20] Mia sits. (living room)
[25] Mia sits. (living room)
[27] Mia sits on left side of couch. (living room)
[27] white pillow is on Mia. (living room)
[28] Mia sits on left side of couch. (living room)
[29] Mia sits on left side of couch. (living room)
[33] Mia sits on left side of couch. (living room couch under birthday banner)
[33] white pillow is on Mia. (living room couch under birthday banner)
[36] Mia sits on left side of couch. (living room)
[36] white pillow is on Mia. (living room)
[37] white pillow is on Mia. (living room)
[37] white pillow is in <Mia>'s arm. (living room)
[38] Mia asks for ukulele. (living room)
[39] Mia takes out ukulele. (living room)
[41] Mia sits on left side of couch. (living room)
[41] Mia plays ukulele. (living room)
[42] Mia sits on couch. (living room)
[42] Mia tunes ukulele. (living room)
[43] Mia sits on couch. (living room)
[43] Mia plays ukulele. (living room)
[43] Mia is ready to play ukulele. (living room)
[44] Mia holds ukulele. (living room)
[44] Mia sits. (living room)
[45] Mia is in living room. (living room)
[45] robot looks at ukulele. (living room)
[45] ukulele is on sofa. (living room)
[45] sofa is near Mia. (living room)
[46] Mia sits left side of couch. (living room)
[75] tablet is on <Mia>'s lap. (living room)
[77] Mia is on right side. (living room)

**Conversations: **

Conversation 1: Leo and Mia chat about school, TV preferences, music, and relationships, focusing on Jack’s recent breakup and how to support him. They consider inviting Jack out to help him recover, but Mia prefers resting at home. Leo proposes games and music to cheer Jack up, yet Jack declines due to lingering sadness. Ivy assists with snacks and items throughout, indicating a helper role.
[5] Leo: yeah
[5] Leo: it seems that this time is an AI again
[5] Mia: what's that
[5] Leo: hey man
[6] Mia: he acts like a fool
[28] Mia: he's so famous
[29] Leo: oh it's such boring
[29] Leo: oh recently I haven't seen you play ukulele have you
[29] Mia: I need to
[30] Mia: complete a system program design this week
[37] Leo: we just have break today
[37] Leo: play something for me
[37] Mia: you mean my ukulele
[38] Leo: it has been a long time since I last saw you play it
[38] Leo: and it's such a precious chance
[38] Leo: and I also like some r&b music
[38] Leo: we can use ukulele to play it
[38] Mia: okay a piece
[38] Mia: uh hello Ivy um
[38] Mia: hand me the ukulele
[38] Mia: please
[39] Mia: so what would you want to hear
[39] Mia: but not very familiar with hey Jude
[39] Leo: I do it doesn't matter
[40] Mia: I need to tune
[41] Leo: that's quite a program
[41] Mia: Mia I want to hear yesterday let it be and hey Jude
[43] Ivy: what kind of fruit would you like
[43] Jack: um grape is okay for me thanks
[43] Leo: Jack Mia is just ready to play the ukulele
[44] Leo: let's enjoy it together
[44] Jack: no thanks Mia

[Step 2] Evaluating semantic answer...
Action: [Answer]
Content: On the sofa in the living room.
FINAL ANSWER (from graph):
On the sofa in the living room.
Question: Who's knocking the door?

[Step 1] Searching the graph...
Parse Query Output:
{
  "query_triple": [null, "knocks", "door", 0.1, 0.35, 0.6],
  "spatial_constraint": null,
  "speaker_strict": null,
  "allocation": {
    "k_high_level": 5,
    "k_low_level": 40,
    "k_conversations": 5,
    "total_k": 50,
    "reasoning": "Action-focused 'who' query about knocking; prioritize low-level edges to find the actor and minimal high-level/conversation for identity hints."
  }
}

Graph Search Results:
**High-Level Information (Character Attributes and Relationships): **

Character Attributes:
- Ivy is: female (100)
- Jack is: male (100)
- Mia is: female (100)
- character_1 is: female (100)
- character_2 is: female (100)

**Low-Level Information (Actions and Events): **

[2] Leo looks through notebook. (living room)
[2] Leo looks through paper. (living room)
[5] robot opens cabinet drawer. (living room)
[5] robot closes drawer. (living room)
[7] Leo exits frame. (living room)
[8] Mia enters from left. (living room)
[13] Leo opens book. (living room)
[13] Leo opens folder. (living room)
[39] Mia opens guitar case. (living room)
[42] robot prepares to open door. (living room)
[43] Jack opens apartment door. (living room)
[43] Jack steps into living room. (living room)
[43] Leo closes door. (living room)
[45] robot opens refrigerator door. (living room)
[45] robot closes refrigerator door. (living room)
[45] robot walks into living room. (living room)
[47] robot opens lower drawer. (kitchen)
[48] robot enters kitchen. (kitchen)
[49] robot opens refrigerator door beside shelf. (kitchen)
[50] robot opens plastic container of strawberry. (kitchen)
[54] robot opens refrigerator door. (kitchen)
[54] robot closes refrigerator door. (kitchen)
[55] robot opens dishwasher drawer. (kitchen)
[57] robot walks into kitchen. (apartment living room and kitchen)
[60] Jack opens refrigerator door. (kitchen)
[60] Jack closes refrigerator. (kitchen)
[61] Jack opens sachet. (kitchen counter)
[61] Jack opens second sachet. (kitchen counter)
[62] Jack opens small packet. (kitchen counter)
[62] Jack opens packet. (kitchen counter)
[63] robot stands counter. (kitchen)
[63] robot opens refrigerator door. (kitchen)
[63] refrigerator is open. (kitchen)
[67] robot opens refrigerator door. (kitchen)
[67] robot closes refrigerator door. (kitchen)
[70] robot walks through kitchen area. (living room and adjacent kitchen)
[71] robot opens lower kitchen drawer. (living room and kitchen)
[72] robot stands by counter. (kitchen)
[72] counter is in kitchen. (kitchen)
[72] stool is by sliding door. (kitchen)

**Conversations: **

Conversation 1: Leo and Mia chat about school, TV preferences, music, and relationships, focusing on Jack’s recent breakup and how to support him. They consider inviting Jack out to help him recover, but Mia prefers resting at home. Leo proposes games and music to cheer Jack up, yet Jack declines due to lingering sadness. Ivy assists with snacks and items throughout, indicating a helper role.
[11] Mia: you guys have always been good friends
[11] Leo: uh tell me about it
[11] Leo: someone did someone didn't come last night
[12] Mia: who Bob
[12] Leo: no
[17] Leo: okay thank you
[18] Leo: eh never mind some will come later
[18] Mia: who Bob and John
[18] Mia: are you guys having a gathering again today
[19] Leo: no I invited Jack now
[27] Leo: but I think communication is very important
[28] Leo: in affection
[28] Leo: who is this
[28] Leo: ah just because I don't I don't watch variety shows
[28] Leo: very usually
[42] Leo: have a try okay
[42] Leo: oh it seems today's main character is here
[43] Ivy: hello Jack
[43] Jack: hey Ivy hello Mia
[43] Leo: okay guys are you okay right now
[43] Leo: hi Ivy let's prepare another afternoon tea please
[43] Ivy: hey Jack
[43] Ivy: what kind of fruit would you like
[43] Jack: um grape is okay for me thanks

[Step 2] Evaluating semantic answer...
Action: [Answer]
Content: Jack.
FINAL ANSWER (from graph):
Jack.
Question: Where is the game pad,  on the large table in front of the sofa or the smaller table to its right?

[Step 1] Searching the graph...
Parse Query Output:
{
  "query_triple": ["game pad", "is on", "?", 0.9, 0.6, 0.2],
  "spatial_constraint": "large table in front of the sofa OR smaller table to the right of the sofa",
  "speaker_strict": null,
  "allocation": {
    "k_high_level": 3,
    "k_low_level": 40,
    "k_conversations": 7,
    "total_k": 50,
    "reasoning": "Spatial location query about an object with specific candidate surfaces; prioritize low-level edges for object-on-surface relations. Minimal high-level and conversations for context if mentioned verbally."
  }
}

Graph Search Results:
**High-Level Information (Character Attributes and Relationships): **

Character Attributes:
- robot is: black gloves visible (100), no face shown (100), camera operator (100)

**Low-Level Information (Actions and Events): **

[3] tablet is on <Leo>'s lap. (living room)
[3] notebook is on <Leo>'s lap. (living room)
[4] tablet is on pillow. (living room)
[5] coffee table is covered with game controller. (living room)
[6] pillow is on <Leo>'s lap. (living room)
[7] tablet is on Leo's lap. (living room)
[8] notebook is on Mia's lap. (living room)
[10] Mia's white clog with cartoon charm is on floor mat. (living room)
[10] Leo's white sneaker is on floor mat. (living room)
[19] tablet is on Leo's lap. (living room)
[19] Leo asks Ivy to move game pad. (living room)
[20] robot places game controller. (living room)
[20] game controller is on side table. (living room)
[20] controller is on side table. (living room)
[20] cable is on side table. (living room)
[21] tablet is on Leo's lap. (living room couch)
[24] program is on TV. (living room)
[29] Mia's smartphone is on blanket. (living room)
[39] guitar case is on shelf. (living room)
[39] guitar case is on Mia's lap. (living room)
[39] TV remote is on table. (living room)
[39] remote is on table. (living room)
[41] tablet is on white pillow. (living room)
[42] tablet is on <Leo>'s lap. (living room)
[45] robot looks at game controller. (living room)
[45] ukulele is on sofa. (living room)
[45] game controller is on sofa. (living room)
[45] robot picks up game controller. (living room)
[45] robot hands game controller. (living room)
[45] game controller is to Leo. (living room)
[46] Leo holds game controller. (living room)
[46] light blue tablet is on pillow. (living room)
[46] Leo places onto game controller. (living room)
[46] game controller is on coffee table. (living room)
[46] pillow is on Mia's lap. (living room)
[58] game controller is on table. (living room and kitchen)
[69] tablet is on pillow. (living room)
[70] tablet is on white pillow. (living room and adjacent kitchen)
[73] tray is on coffee table. (living room)
[75] tablet is on <Mia>'s lap. (living room)

**Conversations: **

Conversation 1: Leo and Mia chat about school, TV preferences, music, and relationships, focusing on Jack’s recent breakup and how to support him. They consider inviting Jack out to help him recover, but Mia prefers resting at home. Leo proposes games and music to cheer Jack up, yet Jack declines due to lingering sadness. Ivy assists with snacks and items throughout, indicating a helper role.
[3] Leo: how can you make things such a mess
[3] Leo: defeat once again
[4] Mia: why is the coffee table such a mess
[4] Mia: hey Ivy come on
[4] Mia: clean up the coffee table
[4] Mia: thank you
[4] Mia: what are you playing
[5] Leo: I don't know
[5] Leo: I just know that
[19] Leo: to take his mind off things
[19] Mia: good idea
[19] Leo: hey Ivy please take the game pad from
[19] Leo: to the table which is on the right of sofa
[20] Mia: would you like to eat something
[20] Leo: hmm
[21] Leo: are there any grapes
[21] Ivy: yes
[21] Leo: okay Ivy hand me the controller please
[22] Leo: okay
[22] Leo: let me choose some TV shows
[45] Leo: oh Jack let's play games together
[45] Leo: hi Ivy
[45] Leo: hand me the game pad please
[45] Ivy: okay
[45] Leo: thank you

[Step 2] Evaluating semantic answer...
Action: [Answer]
Content: On the smaller table to the right of the sofa.
FINAL ANSWER (from graph):
On the smaller table to the right of the sofa.
Question: What's these three people's afternoon tea?

[Step 1] Searching the graph...
Parse Query Output:
{
  "query_triple": ["<person_group#three_people>", "afternoon tea", "?", 0.6, 0.3, 0.15],
  "spatial_constraint": null,
  "speaker_strict": null,
  "allocation": {
    "k_high_level": 5,
    "k_low_level": 38,
    "k_conversations": 7,
    "total_k": 50,
    "reasoning": "Object/scene content query about what the three people have for afternoon tea; prioritize low-level edges describing food/drink items and serving actions, with minimal high-level and limited conversation."
  }
}

Graph Search Results:
**High-Level Information (Character Attributes and Relationships): **

Character Attributes:
- Jack is: medium build (100), glasses (100)
- Mia is: medium build (100)
- character_1 is: medium build (100)
- character_2 is: brown handbag beside (100)

**Low-Level Information (Actions and Events): **

[4] Mia lounges on left side of couch. (living room)
[4] Mia calls out to offscreen person. (living room)
[4] Mia thanks offscreen helper. (living room)
[6] Leo references class. (living room)
[12] Mia continues conversation. (living room)
[12] Leo mentions inviting people to party. (living room)
[19] Leo adds only one person is coming. (living room)
[22] two women sit on couch. (living room)
[36] Leo continues conversation. (living room)
[43] Leo asks everyone. (living room)
[44] Leo invites everyone. (living room)
[44] everyone enjoys music together. (living room)
[48] grape is from bunch. (kitchen)
[53] living area has seated people. (kitchen)
[56] Jack adds third dessert. (kitchen and adjacent living room)
[56] third dessert is to plate. (kitchen and adjacent living room)
[56] film is from third dessert. (kitchen and adjacent living room)
[57] robot faces seated group. (apartment living room and kitchen)
[63] robot looks at items. (kitchen)
[64] camera is from first-person view. (kitchen counter)
[65] robot aligns under three clear cup. (kitchen countertop)
[65] three clear cup are under appliance outlet. (kitchen countertop)
[65] robot fills with third cup. (kitchen countertop)
[65] third cup has powder. (kitchen countertop)
[68] robot sees three people. (kitchen and adjacent living room)
[68] three people sit around coffee table. (kitchen and adjacent living room)
[68] robot focuses on seated group. (kitchen and adjacent living room)
[68] seated group eats. (kitchen and adjacent living room)
[68] seated group uses phone. (kitchen and adjacent living room)
[75] white blanket is on <character_1>'s lap. (living room)
[75] character_1 looks down at <character_1>'s smartphone. (living room)
[75] character_1 holds <character_1>'s smartphone. (living room)
[75] Jack glances toward two woman. (living room)
[76] character_1 looks down at <character_1>'s phone. (living room)
[78] character_1 looks at <character_1>'s smartphone. (living room)
[78] Jack speaks toward others. (living room)
[78] character_1 types on <character_1>'s smartphone. (living room)
[78] Jack watches two woman. (living room)

**Conversations: **

Conversation 1: Leo and Mia chat about school, TV preferences, music, and relationships, focusing on Jack’s recent breakup and how to support him. They consider inviting Jack out to help him recover, but Mia prefers resting at home. Leo proposes games and music to cheer Jack up, yet Jack declines due to lingering sadness. Ivy assists with snacks and items throughout, indicating a helper role.
[3] Leo: how can you make things such a mess
[3] Leo: defeat once again
[4] Mia: why is the coffee table such a mess
[4] Mia: hey Ivy come on
[4] Mia: clean up the coffee table
[11] Mia: oh a picture of your gathering last night
[11] Leo: yeah I invited
[11] Leo: John Bob and Justin oh
[11] Mia: you guys have always been good friends
[11] Leo: uh tell me about it
[18] Leo: eh never mind some will come later
[18] Mia: who Bob and John
[18] Mia: are you guys having a gathering again today
[19] Leo: no I invited Jack now
[19] Leo: only the heartbroken guy is coming
[20] Leo: um I don't know what you eat exactly
[20] Mia: um hey Ivy uh
[20] Mia: what do we have for afternoon tea today
[21] Ivy: coffee
[21] Ivy: pudding and strawberries
[21] Leo: um
[21] Leo: are there any grapes
[43] Jack: hey Ivy hello Mia
[43] Leo: okay guys are you okay right now
[43] Leo: hi Ivy let's prepare another afternoon tea please
[43] Ivy: hey Jack
[43] Ivy: what kind of fruit would you like

[Step 2] Evaluating semantic answer...
Action: [Answer]
Content: Coffee, pudding, strawberries, and grapes.
FINAL ANSWER (from graph):
Coffee, pudding, strawberries, and grapes.
Question: Why are there bottle caps on the carpet?

[Step 1] Searching the graph...
Parse Query Output:
{
  "query_triple": [null, "why are bottle caps on", "carpet", 0.1, 0.25, 0.6],
  "spatial_constraint": "carpet",
  "speaker_strict": null,
  "allocation": {
    "k_high_level": 5,
    "k_low_level": 15,
    "k_conversations": 30,
    "total_k": 50,
    "reasoning": "This is a 'why' causality query about objects and a location. Prioritize conversations for explanations or mentions of events leading to caps on the carpet. Include some low-level edges to trace actions like dropping/opening bottles and placement on the carpet. Minimal high-level edges since character traits/relationships are less relevant."
  }
}

Graph Search Results:
**High-Level Information (Character Attributes and Relationships): **

Character Attributes:
- Ivy is: white pillow on lap (100), seated on sofa (100), sneakers (100), black top (100), casual pants (100)

**Low-Level Information (Actions and Events): **

[6] Leo places bottle. (living room)
[9] robot picks up from floor near couch bottle cap. (living room)
[9] robot holds bottle cap. (living room)
[17] robot carries glass cup. (living room)
[23] Mia raises drink bottle. (living room)
[52] robot picks up white bottle. (kitchen)
[59] robot grabs plastic bottle with red cap. (kitchen counter)
[63] robot picks up empty plastic bottle. (kitchen)
[63] robot fills bottle. (kitchen)
[63] robot sets down filled bottle. (kitchen)
[63] robot picks up bottle cap. (kitchen)
[63] bottle cap is from counter. (kitchen)
[63] robot places capped bottle. (kitchen)
[63] capped bottle is on counter. (kitchen)
[67] countertop has bottle cap. (kitchen)

**Conversations: **

Conversation 1: Leo and Mia chat about school, TV preferences, music, and relationships, focusing on Jack’s recent breakup and how to support him. They consider inviting Jack out to help him recover, but Mia prefers resting at home. Leo proposes games and music to cheer Jack up, yet Jack declines due to lingering sadness. Ivy assists with snacks and items throughout, indicating a helper role.
[3] Leo: defeat
[3] Leo: what are you doing
[3] Leo: how can you make things such a mess
[3] Leo: defeat once again
[4] Mia: why is the coffee table such a mess
[4] Mia: hey Ivy come on
[4] Mia: clean up the coffee table
[4] Mia: thank you
[4] Mia: what are you playing
[5] Leo: yeah
[5] Leo: it seems that this time is an AI again
[5] Mia: what's that
[5] Leo: hey man
[6] Mia: he acts like a fool
[7] Leo: okay hold up hold up wait a second
[7] Leo: wait a second
[7] Mia: how does playing games make you so thirsty
[8] Leo: maybe I talk about him too much
[8] Mia: oh
[8] Mia: how is some bottle caps on the carpet
[8] Mia: come on
[8] Mia: clean the carpet
[8] Mia: then smooth it down
[9] Leo: okay fine
[9] Mia: Leo why there's some bottle caps on the carpet
[9] Mia: did you drink last night
[10] Leo: yeah last night
[10] Leo: I held I held a breakup party
[10] Leo: they will broke up
[10] Leo: so we
[10] Leo: we drank we drank we drank over overnight
[10] Leo: I bought which I bought it
[10] Leo: I bought it I bought it some later
[11] Leo: and because it's what too late
[11] Leo: so I didn't clean the carpet up
[11] Leo: so you can see this rooming is in such a mess
[11] Mia: Fine I'll forgive you
[11] Mia: I see Jack's moment
[11] Mia: oh a picture of your gathering last night
[11] Leo: yeah I invited
[11] Leo: John Bob and Justin oh
[13] Mia: no wonder we've been
[13] Leo: we've not been seen him for a long time
[13] Leo: but why would he
[13] Leo: be in a relationship
[13] Mia: if he doesn't care much about
[17] Leo: I told I told the teacher first I will be late
[17] Leo: to hand hand in the homework
[17] Leo: hey Ivy hand me the cup please
[17] Leo: okay thank you
[18] Leo: eh never mind some will come later
[19] Mia: good idea
[19] Leo: hey Ivy please take the game pad from
[19] Leo: to the table which is on the right of sofa
[20] Mia: would you like to eat something
[20] Leo: hmm
[20] Mia: um hey Ivy uh
[20] Mia: what do we have for afternoon tea today
[21] Ivy: coffee
[21] Ivy: pudding and strawberries
[21] Leo: um
[21] Leo: are there any grapes
[21] Ivy: yes
[21] Leo: okay Ivy hand me the controller please
[25] Leo: they will back to his affection again
[25] Mia: not really
[25] Leo: why
[25] Mia: hmm
[25] Mia: because they did have a lot of problem
[35] Leo: oh suddenly it occurs to me that
[35] Leo: are you have any arrangements tomorrow
[35] Leo: why do we go out
[35] Leo: to have a rest
[35] Leo: in parks or some natural natural reservations
[45] Leo: Jack let's play game together
[45] Jack: well it's really nice of you Leo
[46] Jack: but
[46] Jack: I don't think I'm
[46] Jack: I'm suitable for the game right now cause

Conversation 2: Jack confides in Leo about a recent breakup with Justin's sister, explaining they parted due to differing life goals: she wants to settle down soon while he wants to focus on his career and exploration for the next few years. Jack seeks support from Leo and hopes sharing will help him feel better.
[50] Jack: and I know you
[50] Jack: may feel embarrassed to
[50] Jack: ask me why
[50] Jack: however I actually
[50] Jack: I don't mind telling you about it
[50] Jack: a bit better
[50] Jack: it is just being
[50] Jack: so strange
[51] Jack: maybe it's because
[51] Jack: breaking up is always not
[51] Jack: reason was realizing our life stage wants a life
[53] Jack: but you may feel that there's so many reasons
[53] Jack: maybe
[53] Jack: just one
[53] Jack: top of so
[53] Jack: different steps

Conversation 4: Jack explains a recent breakup that stemmed from unresolved issues and lifestyle differences, noting they ended things maturely and remain friendly. Mia and Leo offer support, suggesting communication, acceptance, and moving forward. The group expresses hope that Jack will heal and focus on positive aspects.
[73] Jack: it was a
[74] Jack: tough process
[74] Jack: a lot of problems
[74] Jack: and
[74] Jack: another underlying issue was our lifestyle differences
[77] Mia: didn't meet each other at the appropriate time
[77] Mia: yes it's pity
[77] Jack: hmm
[77] Leo: but life is still need to go on so
[77] Leo: just take it easy don't be so sad in it

[Step 2] Evaluating semantic answer...
Action: [Answer]
Content: Because Leo had a late-night breakup party, drank with friends, and didn’t clean up afterward, leaving bottle caps on the carpet.
FINAL ANSWER (from graph):
Because Leo had a late-night breakup party, drank with friends, and didn’t clean up afterward, leaving bottle caps on the carpet.
Question: How many people attended the party last night?

[Step 1] Searching the graph...
Parse Query Output:
{
  "query_triple": ["<Party>", "attendance_count", "last night", 0.8, 0.3, 0.6],
  "spatial_constraint": "party",
  "speaker_strict": null,
  "allocation": {
    "k_high_level": 6,
    "k_low_level": 34,
    "k_conversations": 10,
    "total_k": 50,
    "reasoning": "Numerical attendance requires aggregating specific presence/arrival low-level edges (arrives, is at party, headcount). Include a few high-level edges for group/guest associations and minimal conversations for any explicit mentions like 'there were 20 people.'"
  }
}

Graph Search Results:
**High-Level Information (Character Attributes and Relationships): **

Character Attributes:
- character_1 is: holding smartphone (100), female (100)
- character_2 is: female (100), heavyset (100), hair in high bun (100)
- robot is: no face shown (100)

**Low-Level Information (Actions and Events): **

[4] trash is in nearby bin. (living room)
[5] coffee table is covered with drink. (living room)
[6] Leo references class. (living room)
[11] coffee table has drink. (living room)
[12] Mia continues conversation. (living room)
[12] Leo mentions inviting people to party. (living room)
[20] robot adjusts controller. (living room)
[20] controller is on side table. (living room)
[22] camera faces toward TV. (living room)
[22] Mia glances toward TV. (living room)
[24] Mia glances at TV. (living room)
[24] Mia faces TV. (living room)
[24] program is on TV. (living room)
[24] Mia looks at TV. (living room)
[25] Mia watches TV. (living room)
[39] TV remote is on table. (living room)
[44] everyone enjoys music together. (living room)
[44] Jack declines music. (living room)
[45] Jack plays game. (living room)
[50] camera points at fruit. (kitchen)
[50] camera shows counter. (kitchen)
[51] strawberry is on table. (kitchen)
[51] robot picks up from table. (kitchen)
[54] dessert is on counter. (kitchen)
[60] Jack sets red package. (kitchen)
[60] red package is on counter. (kitchen)
[60] red package is near appliance. (kitchen)
[63] robot looks at items. (kitchen)
[63] items are on lower shelf. (kitchen)
[67] robot places jar. (kitchen)
[67] robot looks toward table. (kitchen)
[72] counter is in kitchen. (kitchen)
[72] plate has on cup. (kitchen)
[73] coffee table is beside drink. (living room)

**Conversations: **

Conversation 1: Leo and Mia chat about school, TV preferences, music, and relationships, focusing on Jack’s recent breakup and how to support him. They consider inviting Jack out to help him recover, but Mia prefers resting at home. Leo proposes games and music to cheer Jack up, yet Jack declines due to lingering sadness. Ivy assists with snacks and items throughout, indicating a helper role.
[6] Mia: he acts like a fool
[6] Leo: i don't i don't know how can i suffer things recently
[6] Leo: i stayed up late last night until two a.m.
[6] Leo: yeah but i just got a
[6] Leo: got up early this morning i need to attend such a boring
[9] Leo: okay fine
[9] Mia: Leo why there's some bottle caps on the carpet
[9] Mia: did you drink last night
[10] Leo: yeah last night
[10] Leo: I held I held a breakup party
[10] Leo: for Jack he told me that he messed up with his girlfriend
[10] Leo: they have quarreled recently for several times
[10] Leo: they will broke up
[10] Leo: so we
[10] Leo: we drank we drank we drank over overnight
[10] Leo: I bought which I bought it
[10] Leo: I bought it I bought it some later
[11] Mia: Fine I'll forgive you
[11] Mia: I see Jack's moment
[11] Mia: oh a picture of your gathering last night
[11] Leo: yeah I invited
[11] Leo: John Bob and Justin oh
[11] Mia: you guys have always been good friends
[11] Leo: uh tell me about it
[11] Leo: someone did someone didn't come last night
[12] Mia: who Bob
[12] Leo: no
[12] Mia: right didn't he come
[12] Leo: you can see that once I invited
[12] Leo: invited some all of them to come to a party
[12] Leo: Justin always been not been here
[12] Leo: he sometimes he has has work to do
[18] Leo: eh never mind some will come later
[18] Mia: who Bob and John
[18] Mia: are you guys having a gathering again today
[19] Leo: no I invited Jack now
[19] Leo: only the heartbroken guy is coming

[Step 2] Evaluating semantic answer...
Action: [Answer]
Content: Four people attended the party last night: Leo, Jack, John, and Justin.
FINAL ANSWER (from graph):
Four people attended the party last night: Leo, Jack, John, and Justin.
Question: Why doesn't Mia play Ukulele recently?

[Step 1] Searching the graph...
Parse Query Output:
{
  "query_triple": ["<Mia>", "does not play", "ukulele", 0.95, 0.3, 0.8],
  "spatial_constraint": null,
  "speaker_strict": null,
  "allocation": {
    "k_high_level": 6,
    "k_low_level": 9,
    "k_conversations": 35,
    "total_k": 50,
    "reasoning": "Why question about recent behavior; motivations and explanations are likely in dialogue. Use some high-level edges for traits/ongoing states (injury, busy, lost instrument), a few low-level edges for recent actions or absence of playing, and prioritize conversations for explicit reasons."
  }
}

Graph Search Results:
**High-Level Information (Character Attributes and Relationships): **

Character Attributes:
- Mia is: female (100), dark pants (100), black short-sleeved top (100), holding tablet or phone (100)

Character Relationships:
- Leo friends with Mia (85)
- Mia supportive toward Jack (80)

**Low-Level Information (Actions and Events): **

[39] Mia takes out ukulele. (living room)
[40] Mia continues tuning ukulele. (living room)
[41] Mia strums ukulele. (living room)
[41] Mia plays ukulele. (living room)
[42] Mia tunes ukulele. (living room)
[42] Mia strums lightly ukulele. (living room)
[43] Mia plays ukulele. (living room)
[43] Mia is ready to play ukulele. (living room)
[44] Mia strums lightly ukulele. (living room)

**Conversations: **

Conversation 1: Leo and Mia chat about school, TV preferences, music, and relationships, focusing on Jack’s recent breakup and how to support him. They consider inviting Jack out to help him recover, but Mia prefers resting at home. Leo proposes games and music to cheer Jack up, yet Jack declines due to lingering sadness. Ivy assists with snacks and items throughout, indicating a helper role.
[1] Leo: come on bro
[1] Leo: hey boy what are you doing
[2] Mia: Why is the book such boring
[2] Leo: I don't know but I just don't like reading it
[2] Leo: but you know it's it's a book sent by my teacher so
[4] Mia: clean up the coffee table
[4] Mia: thank you
[4] Mia: what are you playing
[5] Leo: I don't know
[5] Leo: I just know that
[5] Leo: yeah
[5] Leo: it seems that this time is an AI again
[5] Mia: what's that
[5] Leo: hey man
[6] Mia: he acts like a fool
[7] Mia: how does playing games make you so thirsty
[8] Leo: maybe I talk about him too much
[8] Mia: oh
[8] Mia: how is some bottle caps on the carpet
[8] Mia: come on
[8] Mia: clean the carpet
[8] Mia: then smooth it down
[9] Leo: okay fine
[9] Mia: Leo why there's some bottle caps on the carpet
[9] Mia: did you drink last night
[10] Leo: yeah last night
[10] Leo: I held I held a breakup party
[13] Leo: be in a relationship
[13] Mia: if he doesn't care much about
[13] Mia: his girlfriend
[13] Leo: for him he thought that
[13] Leo: his sister is much important than his friends
[14] Leo: not like you
[14] Leo: I haven't seen you and your boyfriend quarrel
[14] Mia: because we
[14] Mia: uh always tolerate
[14] Mia: each other
[14] Mia: and he will always support me whatever I want to do
[23] Leo: and to put it on the TV screen
[23] Leo: what kind of TV do you like
[23] Mia: variety show
[23] Leo: variety
[23] Leo: but I don't like it I just like
[24] Leo: soap opera
[24] Mia: no soap opera
[24] Mia: just variety show
[24] Leo: okay let me choose
[24] Leo: okay watch your TV show
[25] Leo: they will
[25] Leo: they will back to his affection again
[25] Mia: not really
[25] Leo: why
[25] Mia: hmm
[25] Mia: because they did have a lot of problem
[25] Leo: you mean you mean they quarrel a lot
[26] Mia: yeah
[26] Leo: because I actually I didn't see you
[26] Leo: quarrel a lot with your boyfriend
[28] Mia: he's so famous
[29] Leo: oh it's such boring
[29] Leo: oh recently I haven't seen you play ukulele have you
[29] Mia: I need to
[30] Mia: complete a system program design this week
[30] Mia: but I've made several revisions
[30] Mia: but the boss is still not satisfied
[30] Mia: so I've been very busy recently
[30] Leo: ah so that's result of graduate
[31] Mia: hmm no it's my work
[31] Leo: oh the variety is gone
[31] Leo: it's over
[34] Leo: I think when money is very happy
[34] Mia: that's what students
[34] Mia: will
[34] Mia: imagine
[35] Leo: oh suddenly it occurs to me that
[35] Leo: to have a rest
[35] Leo: in parks or some natural natural reservations
[35] Mia: but I prefer to stay at home
[36] Mia: what's up I've been very busy recently
[36] Mia: I wanna have a break
[36] Leo: yeah but if tomorrow we don't
[36] Leo: we we don't have we won't have any arrangements
[37] Leo: we just have break today
[37] Leo: play something for me
[37] Mia: you mean my ukulele
[38] Leo: it has been a long time since I last saw you play it
[38] Leo: and it's such a precious chance
[38] Leo: and I also like some r&b music
[38] Leo: we can use ukulele to play it
[38] Mia: okay a piece
[38] Mia: uh hello Ivy um
[38] Mia: hand me the ukulele
[38] Mia: please
[39] Mia: so what would you want to hear
[39] Mia: oh do you know beatles
[39] Leo: I wanna hear let it be, yesterday and hey Jude
[39] Mia: hey Jude
[39] Mia: but not very familiar with hey Jude
[39] Leo: I do it doesn't matter
[40] Mia: I need to tune
[41] Leo: that's quite a program
[41] Mia: Mia I want to hear yesterday let it be and hey Jude
[41] Leo: but I like videos very much
[41] Leo: which one would you like best
[42] Mia: actually I'm not very familiar with yesterday
[42] Mia: and hey Jude so
[42] Leo: so you could play what you can
[42] Mia: okay but
[42] Mia: uh you know it's been too long since I last played it
[42] Mia: so I wonder if I can still play it
[42] Leo: just take it easy
[42] Leo: have a try okay
[43] Ivy: what kind of fruit would you like
[43] Jack: um grape is okay for me thanks
[43] Leo: Jack Mia is just ready to play the ukulele
[44] Leo: let's enjoy it together
[44] Jack: no thanks Mia

Conversation 4: Jack explains a recent breakup that stemmed from unresolved issues and lifestyle differences, noting they ended things maturely and remain friendly. Mia and Leo offer support, suggesting communication, acceptance, and moving forward. The group expresses hope that Jack will heal and focus on positive aspects.
[73] Mia: so jack did you two just have a quarrel
[73] Mia: and then break that or
[73] Mia: just peacefully
[73] Jack: it was a
[74] Jack: tough process
[76] Jack: don't do the same thing as me and you
[77] Mia: or maybe you two just
[77] Mia: didn't meet each other at the appropriate time
[77] Mia: yes it's pity
[77] Jack: hmm

[Step 2] Evaluating semantic answer...
Action: [Answer]
Content: Because she’s been very busy with work, completing a system program design with multiple revisions that her boss still isn’t satisfied with.
FINAL ANSWER (from graph):
Because she’s been very busy with work, completing a system program design with multiple revisions that her boss still isn’t satisfied with.
✓ Updated results.json for living_room_17 (15 questions)
✓ Cleaned up video and frames for living_room_17

============================================================
Processing video: living_room_18
============================================================
Downloading 1 video(s) to data/videos...

Downloading living_room_18.mp4...
✓ Successfully downloaded living_room_18.mp4 to data/videos/living_room_18.mp4

============================================================
Download Summary:
  Successful: 1/1
============================================================

============================================================
[1/1] Processing: living_room_18
============================================================
Video: data/videos/living_room_18.mp4
Subtitles: data/subtitles/robot/living_room_18.srt
Output: data/frames/living_room_18
============================================================

Parsing subtitle file: data/subtitles/robot/living_room_18.srt
Found 409 subtitle entries
Video: 1280x720, 30.00 FPS, 56227 frames, 1874.23s duration

Extracting frames with subtitles...
Grouping frames into folders of 30 frames each
  Saved 10 frames (up to 9s, folder 1)
  Saved 20 frames (up to 19s, folder 1)
  Saved 30 frames (up to 29s, folder 1)
  Saved 40 frames (up to 39s, folder 2)
  Saved 50 frames (up to 49s, folder 2)
  Saved 60 frames (up to 59s, folder 2)
  Saved 70 frames (up to 69s, folder 3)
  Saved 80 frames (up to 79s, folder 3)
  Saved 90 frames (up to 89s, folder 3)
  Saved 100 frames (up to 99s, folder 4)
  Saved 110 frames (up to 109s, folder 4)
  Saved 120 frames (up to 119s, folder 4)
  Saved 130 frames (up to 129s, folder 5)
  Saved 140 frames (up to 139s, folder 5)
  Saved 150 frames (up to 149s, folder 5)
  Saved 160 frames (up to 159s, folder 6)
  Saved 170 frames (up to 169s, folder 6)
  Saved 180 frames (up to 179s, folder 6)
  Saved 190 frames (up to 189s, folder 7)
  Saved 200 frames (up to 199s, folder 7)
  Saved 210 frames (up to 209s, folder 7)
  Saved 220 frames (up to 219s, folder 8)
  Saved 230 frames (up to 229s, folder 8)
  Saved 240 frames (up to 239s, folder 8)
  Saved 250 frames (up to 249s, folder 9)
  Saved 260 frames (up to 259s, folder 9)
  Saved 270 frames (up to 269s, folder 9)
  Saved 280 frames (up to 279s, folder 10)
  Saved 290 frames (up to 289s, folder 10)
  Saved 300 frames (up to 299s, folder 10)
  Saved 310 frames (up to 309s, folder 11)
  Saved 320 frames (up to 319s, folder 11)
  Saved 330 frames (up to 329s, folder 11)
  Saved 340 frames (up to 339s, folder 12)
  Saved 350 frames (up to 349s, folder 12)
  Saved 360 frames (up to 359s, folder 12)
  Saved 370 frames (up to 369s, folder 13)
  Saved 380 frames (up to 379s, folder 13)
  Saved 390 frames (up to 389s, folder 13)
  Saved 400 frames (up to 399s, folder 14)
  Saved 410 frames (up to 409s, folder 14)
  Saved 420 frames (up to 419s, folder 14)
  Saved 430 frames (up to 429s, folder 15)
  Saved 440 frames (up to 439s, folder 15)
  Saved 450 frames (up to 449s, folder 15)
  Saved 460 frames (up to 459s, folder 16)
  Saved 470 frames (up to 469s, folder 16)
  Saved 480 frames (up to 479s, folder 16)
  Saved 490 frames (up to 489s, folder 17)
  Saved 500 frames (up to 499s, folder 17)
  Saved 510 frames (up to 509s, folder 17)
  Saved 520 frames (up to 519s, folder 18)
  Saved 530 frames (up to 529s, folder 18)
  Saved 540 frames (up to 539s, folder 18)
  Saved 550 frames (up to 549s, folder 19)
  Saved 560 frames (up to 559s, folder 19)
  Saved 570 frames (up to 569s, folder 19)
  Saved 580 frames (up to 579s, folder 20)
  Saved 590 frames (up to 589s, folder 20)
  Saved 600 frames (up to 599s, folder 20)
  Saved 610 frames (up to 609s, folder 21)
  Saved 620 frames (up to 619s, folder 21)
  Saved 630 frames (up to 629s, folder 21)
  Saved 640 frames (up to 639s, folder 22)
  Saved 650 frames (up to 649s, folder 22)
  Saved 660 frames (up to 659s, folder 22)
  Saved 670 frames (up to 669s, folder 23)
  Saved 680 frames (up to 679s, folder 23)
  Saved 690 frames (up to 689s, folder 23)
  Saved 700 frames (up to 699s, folder 24)
  Saved 710 frames (up to 709s, folder 24)
  Saved 720 frames (up to 719s, folder 24)
  Saved 730 frames (up to 729s, folder 25)
  Saved 740 frames (up to 739s, folder 25)
  Saved 750 frames (up to 749s, folder 25)
  Saved 760 frames (up to 759s, folder 26)
  Saved 770 frames (up to 769s, folder 26)
  Saved 780 frames (up to 779s, folder 26)
  Saved 790 frames (up to 789s, folder 27)
  Saved 800 frames (up to 799s, folder 27)
  Saved 810 frames (up to 809s, folder 27)
  Saved 820 frames (up to 819s, folder 28)
  Saved 830 frames (up to 829s, folder 28)
  Saved 840 frames (up to 839s, folder 28)
  Saved 850 frames (up to 849s, folder 29)
  Saved 860 frames (up to 859s, folder 29)
  Saved 870 frames (up to 869s, folder 29)
  Saved 880 frames (up to 879s, folder 30)
  Saved 890 frames (up to 889s, folder 30)
  Saved 900 frames (up to 899s, folder 30)
  Saved 910 frames (up to 909s, folder 31)
  Saved 920 frames (up to 919s, folder 31)
  Saved 930 frames (up to 929s, folder 31)
  Saved 940 frames (up to 939s, folder 32)
  Saved 950 frames (up to 949s, folder 32)
  Saved 960 frames (up to 959s, folder 32)
  Saved 970 frames (up to 969s, folder 33)
  Saved 980 frames (up to 979s, folder 33)
  Saved 990 frames (up to 989s, folder 33)
  Saved 1000 frames (up to 999s, folder 34)
  Saved 1010 frames (up to 1009s, folder 34)
  Saved 1020 frames (up to 1019s, folder 34)
  Saved 1030 frames (up to 1029s, folder 35)
  Saved 1040 frames (up to 1039s, folder 35)
  Saved 1050 frames (up to 1049s, folder 35)
  Saved 1060 frames (up to 1059s, folder 36)
  Saved 1070 frames (up to 1069s, folder 36)
  Saved 1080 frames (up to 1079s, folder 36)
  Saved 1090 frames (up to 1089s, folder 37)
  Saved 1100 frames (up to 1099s, folder 37)
  Saved 1110 frames (up to 1109s, folder 37)
  Saved 1120 frames (up to 1119s, folder 38)
  Saved 1130 frames (up to 1129s, folder 38)
  Saved 1140 frames (up to 1139s, folder 38)
  Saved 1150 frames (up to 1149s, folder 39)
  Saved 1160 frames (up to 1159s, folder 39)
  Saved 1170 frames (up to 1169s, folder 39)
  Saved 1180 frames (up to 1179s, folder 40)
  Saved 1190 frames (up to 1189s, folder 40)
  Saved 1200 frames (up to 1199s, folder 40)
  Saved 1210 frames (up to 1209s, folder 41)
  Saved 1220 frames (up to 1219s, folder 41)
  Saved 1230 frames (up to 1229s, folder 41)
  Saved 1240 frames (up to 1239s, folder 42)
  Saved 1250 frames (up to 1249s, folder 42)
  Saved 1260 frames (up to 1259s, folder 42)
  Saved 1270 frames (up to 1269s, folder 43)
  Saved 1280 frames (up to 1279s, folder 43)
  Saved 1290 frames (up to 1289s, folder 43)
  Saved 1300 frames (up to 1299s, folder 44)
  Saved 1310 frames (up to 1309s, folder 44)
  Saved 1320 frames (up to 1319s, folder 44)
  Saved 1330 frames (up to 1329s, folder 45)
  Saved 1340 frames (up to 1339s, folder 45)
  Saved 1350 frames (up to 1349s, folder 45)
  Saved 1360 frames (up to 1359s, folder 46)
  Saved 1370 frames (up to 1369s, folder 46)
  Saved 1380 frames (up to 1379s, folder 46)
  Saved 1390 frames (up to 1389s, folder 47)
  Saved 1400 frames (up to 1399s, folder 47)
  Saved 1410 frames (up to 1409s, folder 47)
  Saved 1420 frames (up to 1419s, folder 48)
  Saved 1430 frames (up to 1429s, folder 48)
  Saved 1440 frames (up to 1439s, folder 48)
  Saved 1450 frames (up to 1449s, folder 49)
  Saved 1460 frames (up to 1459s, folder 49)
  Saved 1470 frames (up to 1469s, folder 49)
  Saved 1480 frames (up to 1479s, folder 50)
  Saved 1490 frames (up to 1489s, folder 50)
  Saved 1500 frames (up to 1499s, folder 50)
  Saved 1510 frames (up to 1509s, folder 51)
  Saved 1520 frames (up to 1519s, folder 51)
  Saved 1530 frames (up to 1529s, folder 51)
  Saved 1540 frames (up to 1539s, folder 52)
  Saved 1550 frames (up to 1549s, folder 52)
  Saved 1560 frames (up to 1559s, folder 52)
  Saved 1570 frames (up to 1569s, folder 53)
  Saved 1580 frames (up to 1579s, folder 53)
  Saved 1590 frames (up to 1589s, folder 53)
  Saved 1600 frames (up to 1599s, folder 54)
  Saved 1610 frames (up to 1609s, folder 54)
  Saved 1620 frames (up to 1619s, folder 54)
  Saved 1630 frames (up to 1629s, folder 55)
  Saved 1640 frames (up to 1639s, folder 55)
  Saved 1650 frames (up to 1649s, folder 55)
  Saved 1660 frames (up to 1659s, folder 56)
  Saved 1670 frames (up to 1669s, folder 56)
  Saved 1680 frames (up to 1679s, folder 56)
  Saved 1690 frames (up to 1689s, folder 57)
  Saved 1700 frames (up to 1699s, folder 57)
  Saved 1710 frames (up to 1709s, folder 57)
  Saved 1720 frames (up to 1719s, folder 58)
  Saved 1730 frames (up to 1729s, folder 58)
  Saved 1740 frames (up to 1739s, folder 58)
  Saved 1750 frames (up to 1749s, folder 59)
  Saved 1760 frames (up to 1759s, folder 59)
  Saved 1770 frames (up to 1769s, folder 59)
  Saved 1780 frames (up to 1779s, folder 60)
  Saved 1790 frames (up to 1789s, folder 60)
  Saved 1800 frames (up to 1799s, folder 60)
  Saved 1810 frames (up to 1809s, folder 61)
  Saved 1820 frames (up to 1819s, folder 61)
  Saved 1830 frames (up to 1829s, folder 61)
  Saved 1840 frames (up to 1839s, folder 62)
  Saved 1850 frames (up to 1849s, folder 62)
  Saved 1860 frames (up to 1859s, folder 62)
  Saved 1870 frames (up to 1869s, folder 63)

✓ Extracted 1875 frames to data/frames/living_room_18

✓ Successfully processed living_room_18: 1875 frames saved
--------------------------------
Processing folder:  data/frames/living_room_18/1
Inserted 22 triples into graph for clip 1
--------------------------------
Processing folder:  data/frames/living_room_18/2
Inserted 22 triples into graph for clip 2
--------------------------------
Processing folder:  data/frames/living_room_18/3
Inserted 25 triples into graph for clip 3
--------------------------------
Processing folder:  data/frames/living_room_18/4
Inserted 22 triples into graph for clip 4
--------------------------------
Processing folder:  data/frames/living_room_18/5
Inserted 20 triples into graph for clip 5
--------------------------------
Processing folder:  data/frames/living_room_18/6
Inserted 19 triples into graph for clip 6
--------------------------------
Processing folder:  data/frames/living_room_18/7
Inserted 29 triples into graph for clip 7
--------------------------------
Processing folder:  data/frames/living_room_18/8
Inserted 18 triples into graph for clip 8
--------------------------------
Processing folder:  data/frames/living_room_18/9
Inserted 15 triples into graph for clip 9
--------------------------------
Processing folder:  data/frames/living_room_18/10
Inserted 25 triples into graph for clip 10
--------------------------------
Processing folder:  data/frames/living_room_18/11
Inserted 29 triples into graph for clip 11
--------------------------------
Processing folder:  data/frames/living_room_18/12
Inserted 28 triples into graph for clip 12
--------------------------------
Processing folder:  data/frames/living_room_18/13
Inserted 23 triples into graph for clip 13
--------------------------------
Processing folder:  data/frames/living_room_18/14
Inserted 18 triples into graph for clip 14
--------------------------------
Processing folder:  data/frames/living_room_18/15
Inserted 25 triples into graph for clip 15
--------------------------------
Processing folder:  data/frames/living_room_18/16
Inserted 20 triples into graph for clip 16
--------------------------------
Processing folder:  data/frames/living_room_18/17
Inserted 30 triples into graph for clip 17
--------------------------------
Processing folder:  data/frames/living_room_18/18
Inserted 22 triples into graph for clip 18
--------------------------------
Processing folder:  data/frames/living_room_18/19
Inserted 20 triples into graph for clip 19
--------------------------------
Processing folder:  data/frames/living_room_18/20
Inserted 32 triples into graph for clip 20
--------------------------------
Processing folder:  data/frames/living_room_18/21
Inserted 16 triples into graph for clip 21
--------------------------------
Processing folder:  data/frames/living_room_18/22
Extracting summary for completed conversation 1...
✓ Conversation summary extracted. Attributes: 10, Relationships: 6
Inserted 22 triples into graph for clip 22
--------------------------------
Processing folder:  data/frames/living_room_18/23
Inserted 0 triples into graph for clip 23
--------------------------------
Processing folder:  data/frames/living_room_18/24
Inserted 18 triples into graph for clip 24
--------------------------------
Processing folder:  data/frames/living_room_18/25
Inserted 17 triples into graph for clip 25
--------------------------------
Processing folder:  data/frames/living_room_18/26
Inserted 20 triples into graph for clip 26
--------------------------------
Processing folder:  data/frames/living_room_18/27
Inserted 14 triples into graph for clip 27
--------------------------------
Processing folder:  data/frames/living_room_18/28
Inserted 25 triples into graph for clip 28
--------------------------------
Processing folder:  data/frames/living_room_18/29
Inserted 25 triples into graph for clip 29
--------------------------------
Processing folder:  data/frames/living_room_18/30
Inserted 23 triples into graph for clip 30
--------------------------------
Processing folder:  data/frames/living_room_18/31
Inserted 31 triples into graph for clip 31
--------------------------------
Processing folder:  data/frames/living_room_18/32
Inserted 22 triples into graph for clip 32
--------------------------------
Processing folder:  data/frames/living_room_18/33
Inserted 28 triples into graph for clip 33
--------------------------------
Processing folder:  data/frames/living_room_18/34
Inserted 16 triples into graph for clip 34
--------------------------------
Processing folder:  data/frames/living_room_18/35
Inserted 22 triples into graph for clip 35
--------------------------------
Processing folder:  data/frames/living_room_18/36
Inserted 13 triples into graph for clip 36
--------------------------------
Processing folder:  data/frames/living_room_18/37
Inserted 24 triples into graph for clip 37
--------------------------------
Processing folder:  data/frames/living_room_18/38
Inserted 24 triples into graph for clip 38
--------------------------------
Processing folder:  data/frames/living_room_18/39
Extracting summary for completed conversation 2...
✓ Conversation summary extracted. Attributes: 9, Relationships: 5
Inserted 9 triples into graph for clip 39
--------------------------------
Processing folder:  data/frames/living_room_18/40
Inserted 20 triples into graph for clip 40
--------------------------------
Processing folder:  data/frames/living_room_18/41
Inserted 40 triples into graph for clip 41
--------------------------------
Processing folder:  data/frames/living_room_18/42
Inserted 29 triples into graph for clip 42
--------------------------------
Processing folder:  data/frames/living_room_18/43
Inserted 29 triples into graph for clip 43
--------------------------------
Processing folder:  data/frames/living_room_18/44
Inserted 19 triples into graph for clip 44
--------------------------------
Processing folder:  data/frames/living_room_18/45
Inserted 24 triples into graph for clip 45
--------------------------------
Processing folder:  data/frames/living_room_18/46
Inserted 23 triples into graph for clip 46
--------------------------------
Processing folder:  data/frames/living_room_18/47
Inserted 19 triples into graph for clip 47
--------------------------------
Processing folder:  data/frames/living_room_18/48
Inserted 17 triples into graph for clip 48
--------------------------------
Processing folder:  data/frames/living_room_18/49
Inserted 21 triples into graph for clip 49
--------------------------------
Processing folder:  data/frames/living_room_18/50
Inserted 23 triples into graph for clip 50
--------------------------------
Processing folder:  data/frames/living_room_18/51
Extracting summary for completed conversation 3...
✓ Conversation summary extracted. Attributes: 10, Relationships: 4
Inserted 15 triples into graph for clip 51
--------------------------------
Processing folder:  data/frames/living_room_18/52
Inserted 10 triples into graph for clip 52
--------------------------------
Processing folder:  data/frames/living_room_18/53
Inserted 17 triples into graph for clip 53
--------------------------------
Processing folder:  data/frames/living_room_18/54
Inserted 25 triples into graph for clip 54
--------------------------------
Processing folder:  data/frames/living_room_18/55
Extracting summary for completed conversation 4...
✓ Conversation summary extracted. Attributes: 5, Relationships: 2
Inserted 26 triples into graph for clip 55
--------------------------------
Processing folder:  data/frames/living_room_18/56
Inserted 25 triples into graph for clip 56
--------------------------------
Processing folder:  data/frames/living_room_18/57
Inserted 24 triples into graph for clip 57
--------------------------------
Processing folder:  data/frames/living_room_18/58
Inserted 29 triples into graph for clip 58
--------------------------------
Processing folder:  data/frames/living_room_18/59
Inserted 26 triples into graph for clip 59
--------------------------------
Processing folder:  data/frames/living_room_18/60
Inserted 27 triples into graph for clip 60
--------------------------------
Processing folder:  data/frames/living_room_18/61
Inserted 21 triples into graph for clip 61
--------------------------------
Processing folder:  data/frames/living_room_18/62
Inserted 22 triples into graph for clip 62
--------------------------------
Processing folder:  data/frames/living_room_18/63
Inserted 24 triples into graph for clip 63
Extracting summary for final conversation 5...
✓ Final conversation summary extracted. Attributes: 8, Relationships: 3
Inserting character appearances for 5 characters...
✓ Character appearances inserted: 29 appearance edges created
363 node embeddings inserted (5 characters, 358 objects)
1445 edge embeddings inserted
Generating character attributes...
Number of edges:  1445
Character attributes generated.
Number of edges:  1482
Character relationships generated.
Number of edges:  1507
✓ Graph memory built for living_room_18
Question: Why do they use the remote?

[Step 1] Searching the graph...
Parse Query Output:
{
  "query_triple": ["<they>", "uses", "remote", 0.7, 0.4, 0.85],
  "spatial_constraint": null,
  "speaker_strict": null,
  "allocation": {
    "k_high_level": 6,
    "k_low_level": 12,
    "k_conversations": 32,
    "total_k": 50,
    "reasoning": "Why question about purpose/motivation—favor conversations for explanations; include some low-level actions to anchor usage events; a few high-level edges for general context."
  }
}

Graph Search Results:
**High-Level Information (Character Attributes and Relationships): **

Character Attributes:
- robot is: black gloves (100), no visible face (100), camera operator (100), task-oriented (92), helpful assistant role (90), task-oriented assistant (90)

**Low-Level Information (Actions and Events): **

[1] Mia uses phone. (living room and dining area)
[1] Mia uses tablet. (living room and dining area)
[1] robot places glass. (living room and dining area)
[2] Lucas uses phone. (living room)
[3] Lucas uses phone. (living room)
[4] Lucas uses phone. (living room)
[5] Mia uses tablet. (living room)
[20] Mia uses tablet. (living room)
[21] robot places cloth. (living room and adjoining kitchen)
[40] robot places glass. (living room)
[52] character_1 uses smartphone. (living room)
[54] character_1 uses smartphone. (living room)

**Conversations: **

Conversation 1: Mia and Lucas discuss tidying their space, arranging décor, and using a household robot to organize items, turn off the TV, and set a reminder. They coordinate around Mia’s food preferences and chocolate allergy, and Mia requests snacks. Lucas handles a work call about a 3D modeling draft and is reminded by Mia to rest after staying up late. They place a new photo album on the shelf center, plan for Mia to capture the sunrise at 6:30, and agree to be more organized while balancing work, rest, and exercise.
[3] Mia: We should tidy them up.
[3] Lucas: Yes.
[3] Lucas: Hey robot.
[3] Lucas: Arrange this.
[3] Lucas: And the sofa decoration okay.
[3] robot: Okay.
[4] Lucas: Ayo
[5] Mia: Oh Lucas you know
[6] Lucas: You always lie that you always forgetting to exercise after you get the snacks
[6] Mia: It's none of your business ok
[6] Mia: Hey robot, give me some snacks
[6] Lucas: Hey robot, remember not to get the chocolates, Mia is allergic to chocolate
[6] robot: Okay
[7] Mia: Thank you robot
[7] Mia: Oh Lucas remember that i don't like chocolate
[14] Lucas: Oh I think you should place it on the centers of the
[14] Mia: Oh centers of the shelf you know
[14] Mia: Okay so just tell the robot to help us
[14] Mia: Robot adjust the album's place and put it on the center of the shelf
[15] Mia: Robot adjust the album's place and put it on the center of the shelf.
[15] Mia: Thank you robot.
[15] Mia: And you know this is my old one.
[17] Lucas: Yes so
[17] Mia: Okay let's go outside
[17] Mia: So watch a TV continue or have you finished your work
[17] Mia: And maybe you need to make a clock by robot
[18] Mia: Hey robot remind me to capture the sunrise tomorrow morning at six thirty
[18] Lucas: Don't worry
[19] Lucas: I will.
[19] Lucas: This TV has affected me so long so can you help me okay.
[19] Mia: Ok I will take it off.
[19] Mia: Hey robot.
[19] Mia: Turn off the TV with the remote control.
[20] Lucas: Oh
[20] Mia: You finish work
[20] Mia: A little bit hungry
[20] Lucas: I need to have a rest
[20] Mia: So why don't you exercise
[20] Lucas: No I would like to have some snacks
[20] Mia: You like me to do it but you won't

Conversation 4: Mia and Lucas discuss plans to capture a sunrise, with Mia interested in learning phone photography skills. Lucas notes he has work tomorrow and decides to rest, while Mia acknowledges his schedule. Lucas indicates tomorrow is another work-related day. Lucas instructs a robot to turn off the computer and place it on the TV cabinet, and the robot agrees.
[53] Mia: It's another work thing
[53] Lucas: Oh okay
[53] Lucas: Hey robot turn off the computer and put it on the TV cabinet
[54] Lucas: Hey robot turn off the computer and put it on the tv cabinet
[54] robot: Okay

Conversation 3: Mia and Lucas discuss using a reflector and camera while balancing work and exercise. A robot reminds Mia she hasn't completed her exercise, and it reports that tomorrow morning will be sunny, prompting Mia to plan sunrise photography. Lucas is busy finishing his project and is tired, while Mia plans to capture photos in the morning and asks for help with equipment management. The robot assists by providing weather info and handling the reflector.
[40] Mia: Lucas you know that I remember that I forgot to use the reflector
[40] Mia: So fetch it for me
[40] Mia: Right there
[41] Lucas: Oh this
[41] Mia: Yeah
[41] Mia: I forgot to use it
[41] Mia: Such a physical
[41] Lucas: Be careful okay
[43] Lucas: I have finished my design
[43] Lucas: Be careful
[43] Mia: Put the camera back
[43] Lucas: Okay
[43] Mia: On the table
[45] Lucas: Come to see this show with me
[45] Lucas: Uh huh look
[45] Mia: Robot
[45] robot: Mia's exercise plan for today has not been met yet
[46] robot: Mia's exercise plan for today has not been met yet.
[47] Mia: Project okay.
[47] Mia: But I remember that tomorrow morning I must capture the sunrise but I don't know the weather oh.
[47] Lucas: So just ask the robot.
[47] Mia: Hey robot.
[47] Mia: What's the weather.
[47] Mia: Tomorrow morning.
[49] Mia: Reflector okay
[49] Lucas: Yes reflector
[49] Mia: Hey robot put the reflector back
[50] robot: Okay

Conversation 2: Mia and Lucas discuss photographing a bird using Mia’s new camera, with Lucas assisting by fetching equipment and helping adjust lighting. Mia is pleased with the results, plans to create a new photo album, and asks a robot to remind her to back up photos. Lucas compliments her skills and expresses interest in learning to use the camera, while they both admire the images.
[29] Lucas: Put it aboard.
[29] Mia: Oh no it's a little dark, so
[29] Mia: Lucas, can you help me turn on the light
[29] Lucas: Of course
[29] Mia: It's bad enough
[32] Mia: Oh the camera indicate the efficient if it enough insufficient storage space you know.
[33] Mia: Oh the camera indicate the efficient if it enough insufficient storage space you know
[33] Mia: So hey robot
[33] Mia: Remind me to backup photos
[34] Mia: Lucas look at these pictures
[34] Mia: I improved myself
[34] Lucas: So could you help
[34] Lucas: Could you tell me how to use it
[35] Mia: You wanna try
[35] Mia: Oh look at this
[35] Mia: We can flip it out
[35] Mia: And then press it, yes right
[35] Mia: And we can change the diameter by turn this, yes
[35] Mia: You can have a try
[36] Mia: You can stretch the lens and turn it back
[36] Lucas: Amazing
[36] Mia: Yeah press this button yes all right
[36] Mia: You can try it
[36] Lucas: Okay I will do it
[37] Mia: What
[38] Lucas: Just clean the glass
[38] robot: Okay

Conversation 5: Mia and Lucas discuss exercising, decide to do a quick session together, and then transition to watching TV. They consider genres and specific titles, with Mia favoring soap operas like Shameless and romantic films like Titanic, while Lucas prefers romantic content. Mia admires the 'Heart of the Ocean' necklace but acknowledges its expense. They conclude by deciding to rest, with Mia continuing to watch a show as Lucas goes to his bedroom.
[60] Lucas: I'm not thirsty now
[60] Mia: Okay it's ok
[60] Mia: What other kind of tv series
[61] Mia: Like documents
[61] Mia: About animals or about the plants
[62] Mia: Feel sleepy oh okay
[62] Mia: Let's uh take a rest now
[63] Mia: So you can go ahead I wanna watch the uh this TV show.
[63] Lucas: So I just go back to my bedroom.
[63] Mia: Bye bye.

[Step 2] Evaluating semantic answer...
Action: [Answer]
Content: They use the remote to turn off the TV.
FINAL ANSWER (from graph):
They use the remote to turn off the TV.
Question: How many albums are mentioned by Mia?

[Step 1] Searching the graph...
Parse Query Output:
{
  "query_triple": ["<Mia>", "mentions", "albums", 0.95, 0.35, 0.6],
  "spatial_constraint": null,
  "speaker_strict": ["<Mia>"],
  "allocation": {
    "k_high_level": 5,
    "k_low_level": 15,
    "k_conversations": 30,
    "total_k": 50,
    "reasoning": "Counting mentions requires dialogue; prioritize conversations from Mia, with some low-level edges for mentions of album entities and minimal high-level for any character traits if needed."
  }
}

Graph Search Results:
**High-Level Information (Character Attributes and Relationships): **

Character Relationships:
- Lucas collaborates with Mia (85)
- Mia collaborates with Lucas (85)
- Lucas supports Mia (75)
- Mia friends with Lucas (80)
- Mia mentors in photography Lucas (85)

**Low-Level Information (Actions and Events): **

[2] Mia faces camera. (living room)
[2] Mia points camera. (living room)
[14] Mia reaches into shelf. (bedroom)
[14] Mia takes out black album. (bedroom)
[14] Mia shows black album. (bedroom)
[14] Mia returns attention to shelf. (bedroom)
[14] Mia raises slightly black album. (bedroom)
[15] Mia holds black album. (bedroom)
[15] Mia shows black album. (bedroom)
[15] Mia will keep item. (bedroom)
[43] Mia places item. (living room)
[47] Mia mentions needing to capture the sunrise tomorrow. (living room)
[54] Mia holds paper. (living room)
[61] Mia gestures with hand toward item. (living room)
[62] Mia mentions necklace. (living room)

**Conversations: **

Conversation 1: Mia and Lucas discuss tidying their space, arranging décor, and using a household robot to organize items, turn off the TV, and set a reminder. They coordinate around Mia’s food preferences and chocolate allergy, and Mia requests snacks. Lucas handles a work call about a 3D modeling draft and is reminded by Mia to rest after staying up late. They place a new photo album on the shelf center, plan for Mia to capture the sunrise at 6:30, and agree to be more organized while balancing work, rest, and exercise.
[2] Mia: Hey Lucas
[2] Mia: Look at these pictures
[2] Lucas: Hmm
[2] Mia: And I think the camera is pretty good
[7] Lucas: Of course
[7] Mia: Chocolate allergies is not a joke
[7] Mia: What happened
[7] Lucas: Oh it's mommy boss call
[7] Lucas: Okay okay
[7] Lucas: Okay i will attend the meeting later
[8] Mia: So you have work
[8] Mia: Okay
[8] Lucas: Be quiet
[8] Lucas: Yes yes
[10] Lucas: Okay, I know, I know.
[10] Lucas: I will, I will have a rest after I finish this project.
[10] Mia: Okay.
[10] Lucas: Hmm, and I promise to you that I know that because I am not dizzy now.
[10] Mia: Ok, keep your promise.
[11] Mia: I want to get
[11] Lucas: Okay
[12] Mia: That's my new purchase
[12] Mia: Look at this
[12] Lucas: What is it
[12] Mia: It's my new album
[12] Mia: You know new album
[12] Lucas: New album
[12] Mia: Uh so let's go to the study room to see where should we put this
[13] Mia: I think uh we should put it at the top of the shelf
[13] Mia: Top of the shelf yeah
[13] Mia: Oh
[14] Mia: This is a old one
[14] Mia: This is the old one
[14] Mia: And uh do you think it's okay
[14] Mia: Oh centers of the shelf you know
[14] Mia: Okay so just tell the robot to help us
[14] Mia: Robot adjust the album's place and put it on the center of the shelf
[15] Mia: Robot adjust the album's place and put it on the center of the shelf.
[15] Mia: Thank you robot.
[15] Mia: And you know this is my old one.
[16] Mia: Oh which comes to the camera lens you know.
[16] Mia: I remember that I wanna um capture the sunrise tomorrow morning.
[17] Mia: Mm hmm
[17] Lucas: So just remember to rest early don't end up unable to get out next next time okay
[17] Mia: I hope the weather tomorrow will be great

Conversation 5: Mia and Lucas discuss exercising, decide to do a quick session together, and then transition to watching TV. They consider genres and specific titles, with Mia favoring soap operas like Shameless and romantic films like Titanic, while Lucas prefers romantic content. Mia admires the 'Heart of the Ocean' necklace but acknowledges its expense. They conclude by deciding to rest, with Mia continuing to watch a show as Lucas goes to his bedroom.
[57] Lucas: Okay okay
[57] Mia: Okay come with me
[58] Mia: One two three four
[58] Mia: So are you still sleepy
[58] Lucas: Of course
[59] Mia: I wanna watch a soap opera
[59] Lucas: Soap opera
[59] Mia: Shameless
[59] Mia: That's my favorite American soap opera
[60] Mia: Yeah ridiculous but amazing
[60] Mia: Okay it's ok
[60] Mia: What other kind of tv series
[61] Mia: Like documents
[61] Mia: About animals or about the plants
[61] Mia: Whatever
[61] Lucas: I just like to I like to watch something romantic
[61] Mia: Romantic
[61] Mia: Romantic you know
[61] Mia: Romeo and Juliet

Conversation 2: Mia and Lucas discuss photographing a bird using Mia’s new camera, with Lucas assisting by fetching equipment and helping adjust lighting. Mia is pleased with the results, plans to create a new photo album, and asks a robot to remind her to back up photos. Lucas compliments her skills and expresses interest in learning to use the camera, while they both admire the images.
[28] Lucas: Okay
[28] Lucas: I'll help you
[28] Mia: Okay
[29] Lucas: Put it aboard.
[29] Mia: Oh no it's a little dark, so
[30] Lucas: I believe you can do it
[30] Lucas: And I look at the bird it's so cute
[30] Mia: Yes
[31] Lucas: Oh my god
[31] Lucas: Uh
[31] Mia: Mhmm
[31] Lucas: I feel a little bit a little bit thirsty
[31] Mia: Thirsty
[36] Lucas: Okay I will do it
[36] Mia: Are they so beautiful
[36] Mia: So you know that I want to make a new album
[37] Lucas: Yeah you want to
[37] Lucas: You also want to make a new album because of beautiful pictures
[37] Lucas: Oh
[37] Lucas: I remember that
[37] Mia: What
[38] Lucas: Just clean the glass
[38] robot: Okay

Conversation 3: Mia and Lucas discuss using a reflector and camera while balancing work and exercise. A robot reminds Mia she hasn't completed her exercise, and it reports that tomorrow morning will be sunny, prompting Mia to plan sunrise photography. Lucas is busy finishing his project and is tired, while Mia plans to capture photos in the morning and asks for help with equipment management. The robot assists by providing weather info and handling the reflector.
[40] Mia: Lucas you know that I remember that I forgot to use the reflector
[40] Mia: So fetch it for me
[40] Mia: Right there
[41] Lucas: Where is it
[41] Mia: There
[41] Lucas: Oh this
[41] Mia: Yeah
[41] Mia: I forgot to use it
[41] Mia: Such a physical
[44] Lucas: I'm sleepy so you need to rest a little too tomorrow we need to go to watch the sunrise
[45] Mia: You're sleepy so you drink all your coffee
[45] Mia: I don't know that
[45] Mia: What should we do
[45] Lucas: Come to see this show with me
[46] Mia: So so you wanna sleep now or would you please help me to um.
[46] Mia: We can do some exercise together okay.
[46] Mia: Okay.
[46] Lucas: I think I will start my exercise after I finish my project.
[47] Mia: Project okay.

Conversation 4: Mia and Lucas discuss plans to capture a sunrise, with Mia interested in learning phone photography skills. Lucas notes he has work tomorrow and decides to rest, while Mia acknowledges his schedule. Lucas indicates tomorrow is another work-related day. Lucas instructs a robot to turn off the computer and place it on the TV cabinet, and the robot agrees.
[52] Mia: I'm learning skills.
[52] Lucas: It's wonderful.
[52] Mia: Hmm yes.
[53] Lucas: It is a pity that I still have a lot of work tomorrow
[53] Lucas: So maybe
[53] Mia: You have to work tomorrow
[53] Lucas: Yes
[53] Mia: Okay
[53] Mia: You need to know that tomorrow
[53] Mia: It's another work thing

[Step 2] Evaluating semantic answer...
Action: [Answer]
Content: Two albums.
FINAL ANSWER (from graph):
Two albums.
Question: What is Mia adept at?

[Step 1] Searching the graph...
Parse Query Output:
{
  "query_triple": ["<Mia>", "adept at", "?", 0.95, 0.25, 0.15],
  "spatial_constraint": null,
  "speaker_strict": null,
  "allocation": {
    "k_high_level": 8,
    "k_low_level": 12,
    "k_conversations": 30,
    "total_k": 50,
    "reasoning": "Trait/ability query. Use high-level edges for character attributes, and conversations to capture mentions like 'Mia is great at...' or self/others stating skills. Some low-level edges may indicate proficiency via repeated successful actions."
  }
}

Graph Search Results:
**High-Level Information (Character Attributes and Relationships): **

Character Attributes:
- Mia is: dark pants (100), enthusiastic about photography (95), female (100), medium build (100), black jacket (100), long dark hair down (100), black-framed glasses (100), technically engaged with camera gear (90)

**Low-Level Information (Actions and Events): **

[10] Mia works on laptop. (living room)
[27] Mia works on laptop. (living room)
[29] Mia works on device. (living room)
[31] Mia works on laptop. (living room)
[31] Mia adjusts draped cloth. (living room)
[32] Mia approaches Lucas. (living room)
[33] Lucas approaches Mia. (living room and enclosed balcony)
[34] Lucas approaches Mia. (living room)
[40] Mia works on laptop. (living room)
[41] Mia approaches Lucas. (living room)
[41] Mia hands at tripod. (living room)
[57] Lucas approaches Mia. (living room)

**Conversations: **

Conversation 4: Mia and Lucas discuss plans to capture a sunrise, with Mia interested in learning phone photography skills. Lucas notes he has work tomorrow and decides to rest, while Mia acknowledges his schedule. Lucas indicates tomorrow is another work-related day. Lucas instructs a robot to turn off the computer and place it on the TV cabinet, and the robot agrees.
[52] Mia: And I wanna learn some skills how to capture the beautiful sunrise on my phone.
[52] Lucas: What are you doing now?
[52] Mia: I'm learning skills.
[52] Lucas: It's wonderful.
[52] Mia: Hmm yes.
[53] Lucas: It is a pity that I still have a lot of work tomorrow
[53] Lucas: So maybe
[53] Mia: You have to work tomorrow
[53] Lucas: Yes
[53] Mia: Okay
[53] Mia: You need to know that tomorrow
[53] Mia: It's another work thing

Conversation 2: Mia and Lucas discuss photographing a bird using Mia’s new camera, with Lucas assisting by fetching equipment and helping adjust lighting. Mia is pleased with the results, plans to create a new photo album, and asks a robot to remind her to back up photos. Lucas compliments her skills and expresses interest in learning to use the camera, while they both admire the images.
[28] Lucas: Okay
[28] Lucas: I'll help you
[28] Mia: Okay
[29] Lucas: Put it aboard.
[29] Mia: Oh no it's a little dark, so
[30] Lucas: I believe you can do it
[30] Lucas: And I look at the bird it's so cute
[30] Mia: Yes
[31] Lucas: Oh my god
[31] Lucas: Uh
[31] Mia: Mhmm
[31] Lucas: I feel a little bit a little bit thirsty
[31] Mia: Thirsty
[34] Lucas: And I think that your photography skills have indeed improved
[34] Lucas: Significantly
[34] Mia: I improved myself
[34] Lucas: So could you help
[34] Lucas: Could you tell me how to use it
[35] Mia: You wanna try
[35] Mia: Oh look at this
[35] Mia: We can flip it out
[35] Mia: And we can change the diameter by turn this, yes
[35] Mia: You can have a try
[35] Mia: Yes like this
[36] Mia: You can stretch the lens and turn it back
[36] Lucas: Amazing
[37] Lucas: Yeah you want to
[37] Lucas: You also want to make a new album because of beautiful pictures
[37] Mia: And okay
[37] Mia: I finish capturing them
[37] Lucas: Oh
[37] Lucas: I remember that
[37] Mia: What
[38] Lucas: Just clean the glass
[38] robot: Okay

Conversation 3: Mia and Lucas discuss using a reflector and camera while balancing work and exercise. A robot reminds Mia she hasn't completed her exercise, and it reports that tomorrow morning will be sunny, prompting Mia to plan sunrise photography. Lucas is busy finishing his project and is tired, while Mia plans to capture photos in the morning and asks for help with equipment management. The robot assists by providing weather info and handling the reflector.
[40] Mia: Lucas you know that I remember that I forgot to use the reflector
[40] Mia: So fetch it for me
[40] Mia: Right there
[41] Lucas: Where is it
[41] Mia: There
[41] Lucas: Oh this
[41] Mia: Yeah
[41] Mia: I forgot to use it
[41] Mia: Such a physical
[41] Lucas: Be careful okay
[41] Mia: So can you help me to hold it
[44] Lucas: I'm sleepy so you need to rest a little too tomorrow we need to go to watch the sunrise
[45] Mia: You're sleepy so you drink all your coffee
[45] Mia: I don't know that
[45] Mia: What should we do
[45] Lucas: Come to see this show with me
[45] Lucas: Uh huh look
[45] Mia: Robot
[45] robot: Mia's exercise plan for today has not been met yet
[46] robot: Mia's exercise plan for today has not been met yet.
[46] Mia: Okay.
[46] Lucas: I think I will start my exercise after I finish my project.
[47] Mia: Project okay.
[47] Mia: But I remember that tomorrow morning I must capture the sunrise but I don't know the weather oh.
[47] Lucas: So just ask the robot.
[48] Lucas: It is so pity that i can't move on with you i also have a lot of job
[48] Mia: You have too many homework you know
[48] Mia: And i know a boss
[48] Mia: Must under a huge pressure
[48] Mia: Because um a boss could control the many employees and to think responsible for them well
[49] Lucas: And then my camera
[49] Mia: Oh I forgot to
[49] Mia: Reflector okay
[49] Lucas: Yes reflector
[49] Mia: Hey robot put the reflector back

Conversation 5: Mia and Lucas discuss exercising, decide to do a quick session together, and then transition to watching TV. They consider genres and specific titles, with Mia favoring soap operas like Shameless and romantic films like Titanic, while Lucas prefers romantic content. Mia admires the 'Heart of the Ocean' necklace but acknowledges its expense. They conclude by deciding to rest, with Mia continuing to watch a show as Lucas goes to his bedroom.
[56] Lucas: So what kind of exercise.
[56] Lucas: Would you like.
[56] Mia: Jump rope.
[56] Mia: You know but we don't have rope jump rope.
[57] Mia: You know but we don't have jump but we don't have rope jump rope.
[58] Mia: So are you still sleepy
[58] Lucas: Of course
[58] Mia: I do it quickly
[58] Lucas: I believe that exercise can make us feel more
[58] Mia: Feel much more reflect
[59] Mia: I wanna watch a soap opera
[59] Lucas: Soap opera
[59] Mia: Shameless
[59] Mia: That's my favorite American soap opera
[60] Mia: Yeah ridiculous but amazing
[60] Mia: Okay it's ok
[60] Mia: What other kind of tv series
[61] Mia: Like documents
[61] Mia: About animals or about the plants
[61] Mia: Whatever
[61] Lucas: I just like to I like to watch something romantic
[61] Mia: Romantic
[61] Mia: Romantic you know
[61] Mia: Romeo and Juliet

Conversation 1: Mia and Lucas discuss tidying their space, arranging décor, and using a household robot to organize items, turn off the TV, and set a reminder. They coordinate around Mia’s food preferences and chocolate allergy, and Mia requests snacks. Lucas handles a work call about a 3D modeling draft and is reminded by Mia to rest after staying up late. They place a new photo album on the shelf center, plan for Mia to capture the sunrise at 6:30, and agree to be more organized while balancing work, rest, and exercise.
[7] Lucas: Okay i will attend the meeting later
[8] Mia: So you have work
[8] Mia: Okay
[8] Lucas: Be quiet
[8] Lucas: Yes yes
[12] Mia: Uh so let's go to the study room to see where should we put this
[13] Mia: I think uh we should put it at the top of the shelf
[13] Mia: Top of the shelf yeah
[13] Mia: Oh
[14] Mia: This is a old one
[14] Mia: This is the old one
[16] Mia: Oh which comes to the camera lens you know.
[16] Mia: I remember that I wanna um capture the sunrise tomorrow morning.
[17] Mia: Mm hmm
[17] Lucas: So just remember to rest early don't end up unable to get out next next time okay
[17] Mia: I hope the weather tomorrow will be great

[Step 2] Evaluating semantic answer...
Action: [Answer]
Content: Photography.
FINAL ANSWER (from graph):
Photography.
Question: Can Lucas stick to pre-made plans?

[Step 1] Searching the graph...
Parse Query Output:
{
  "query_triple": ["<Lucas>", "adheres to", "plans#pre-made", 0.95, 0.3, 0.8],
  "spatial_constraint": null,
  "speaker_strict": null,
  "allocation": {
    "k_high_level": 9,
    "k_low_level": 20,
    "k_conversations": 21,
    "total_k": 50,
    "reasoning": "Capability/behavior query about consistency with plans. Use high-level edges for traits (reliability, discipline), low-level edges for specific instances of following/abandoning plans, and conversations for explanations or self-reports."
  }
}

Graph Search Results:
**High-Level Information (Character Attributes and Relationships): **

Character Relationships:
- Lucas uses authority/control over robot (85)
- Lucas collaborates with Mia (85)
- Mia collaborates with Lucas (85)
- Lucas directs for household assistance robot (85)
- Lucas supports Mia (75)
- Mia collaborates domestically with Lucas (80)
- Mia friends with Lucas (80)
- Lucas is user/owner of robot (85)
- Lucas directs and instructs robot (85)

**Low-Level Information (Actions and Events): **

[14] Lucas faces shelf. (bedroom)
[27] Lucas holds folded tripod. (living room)
[28] Lucas adjusts tripod leg. (living room)
[28] Lucas holds tripod. (living room)
[28] Lucas attaches camera. (living room)
[29] Lucas adjusts tripod. (living room)
[29] Lucas keeps hand on tripod. (living room)
[31] Lucas holds tripod. (living room)
[34] Lucas reacts to picture. (living room)
[35] Lucas asks for instructions. (living room)
[36] Lucas stands beside tripod. (living room)
[36] Lucas holds steady tripod. (living room)
[37] Lucas stands by tripod. (living room)
[37] Lucas tightens tripod. (living room)
[42] Lucas returns to tripod. (living room)
[44] Lucas adjusts folded tripod. (living room)
[44] Lucas holds folded tripod. (living room)
[44] Lucas holds tripod. (living room)
[47] Lucas sits on center couch. (living room)
[48] Lucas sits on middle couch. (living room)

**Conversations: **

Conversation 1: Mia and Lucas discuss tidying their space, arranging décor, and using a household robot to organize items, turn off the TV, and set a reminder. They coordinate around Mia’s food preferences and chocolate allergy, and Mia requests snacks. Lucas handles a work call about a 3D modeling draft and is reminded by Mia to rest after staying up late. They place a new photo album on the shelf center, plan for Mia to capture the sunrise at 6:30, and agree to be more organized while balancing work, rest, and exercise.
[2] Mia: Hey Lucas
[2] Mia: Look at these pictures
[2] Lucas: Hmm
[2] Mia: And I think the camera is pretty good
[2] Lucas: Yeah
[3] Mia: Oh, such a mess.
[3] Mia: We should tidy them up.
[3] Lucas: Yes.
[3] Lucas: Hey robot.
[3] Lucas: Arrange this.
[3] Lucas: And the sofa decoration okay.
[3] robot: Okay.
[7] Mia: Thank you robot
[7] Mia: Oh Lucas remember that i don't like chocolate
[7] Lucas: Yes
[7] Lucas: Of course
[7] Mia: Chocolate allergies is not a joke
[7] Mia: What happened
[8] Mia: Okay
[8] Lucas: Be quiet
[8] Lucas: Yes yes
[8] Lucas: This is uhh, this is your
[8] Lucas: This is the initial 3D, 3D modeling design um draft that you need, yes yes

Conversation 5: Mia and Lucas discuss exercising, decide to do a quick session together, and then transition to watching TV. They consider genres and specific titles, with Mia favoring soap operas like Shameless and romantic films like Titanic, while Lucas prefers romantic content. Mia admires the 'Heart of the Ocean' necklace but acknowledges its expense. They conclude by deciding to rest, with Mia continuing to watch a show as Lucas goes to his bedroom.
[56] Lucas: Could I just look at you.
[56] Mia: Look at me and I take exercise.
[56] Lucas: Yes.
[56] Mia: Okay it's okay.
[56] Lucas: It's okay.
[56] Mia: You know but we don't have rope jump rope.
[57] Mia: You know but we don't have jump but we don't have rope jump rope.
[57] Lucas: What what should I do
[57] Lucas: Maybe you can
[57] Mia: Do some you wanna join me
[57] Lucas: Okay okay
[58] Mia: One two three four
[58] Mia: So are you still sleepy
[58] Lucas: Of course
[58] Mia: I do it quickly
[58] Lucas: I believe that exercise can make us feel more
[58] Mia: Okay let's go to sleep now
[59] Mia: Oh Lucas
[59] Lucas: Uh huh
[59] Mia: You forgot the iPad
[59] Lucas: Yes I forgot

Conversation 2: Mia and Lucas discuss photographing a bird using Mia’s new camera, with Lucas assisting by fetching equipment and helping adjust lighting. Mia is pleased with the results, plans to create a new photo album, and asks a robot to remind her to back up photos. Lucas compliments her skills and expresses interest in learning to use the camera, while they both admire the images.
[26] Mia: Hey Lucas
[26] Mia: You know I think the uh scenes outside it uh looks very nice
[26] Lucas: Yes
[26] Mia: And look at the bird
[26] Mia: I want to capture it
[26] Lucas: Yes
[26] Mia: And I wanna try my new photography equipment
[26] Lucas: It's here
[26] Lucas: Try your best
[27] Lucas: Hmm
[28] Mia: Hey Lucas, fetch me the camera
[28] Lucas: Okay
[29] Mia: Oh no it's a little dark, so
[29] Mia: Lucas, can you help me turn on the light
[29] Lucas: Of course
[29] Mia: It's bad enough
[30] Mia: So Lucas

Conversation 3: Mia and Lucas discuss using a reflector and camera while balancing work and exercise. A robot reminds Mia she hasn't completed her exercise, and it reports that tomorrow morning will be sunny, prompting Mia to plan sunrise photography. Lucas is busy finishing his project and is tired, while Mia plans to capture photos in the morning and asks for help with equipment management. The robot assists by providing weather info and handling the reflector.
[42] Mia: Okay it's okay
[42] Mia: I will take uh take a photo for you
[42] Lucas: Are you sure
[42] Mia: It's okay
[42] Mia: Just put it here
[43] Lucas: Oh
[43] Lucas: Yeah
[43] Lucas: It's a good idea
[43] Lucas: I have finished my design
[43] Lucas: Be careful
[43] Mia: On the table
[43] Mia: I'm so careless
[43] Lucas: Hmm yes
[44] Lucas: This is a good idea i have finished my work and now i could finally have a rest
[44] Mia: Stay up early today
[44] Lucas: Yes
[44] Lucas: I'm sleepy so you need to rest a little too tomorrow we need to go to watch the sunrise
[45] Mia: You're sleepy so you drink all your coffee

Conversation 4: Mia and Lucas discuss plans to capture a sunrise, with Mia interested in learning phone photography skills. Lucas notes he has work tomorrow and decides to rest, while Mia acknowledges his schedule. Lucas indicates tomorrow is another work-related day. Lucas instructs a robot to turn off the computer and place it on the TV cabinet, and the robot agrees.
[52] Mia: Hey Lucas I'm looking forward for the tomorrow's capturing.
[52] Mia: And I wanna learn some skills how to capture the beautiful sunrise on my phone.
[52] Lucas: What are you doing now?
[52] Mia: I'm learning skills.
[52] Lucas: It's wonderful.
[53] Mia: Have a rest
[53] Mia: You have to work tomorrow
[53] Lucas: Yes
[53] Mia: Okay
[53] Mia: You need to know that tomorrow

[Step 2] Evaluating semantic answer...
Action: [Answer]
Content: Yes, Lucas generally sticks to pre-made plans, coordinating tasks with Mia and the robot and following through on organizing, photography setup, and resting for work and the planned sunrise shoot.
FINAL ANSWER (from graph):
Yes, Lucas generally sticks to pre-made plans, coordinating tasks with Mia and the robot and following through on organizing, photography setup, and resting for work and the planned sunrise shoot.
Question: Do Lucas and Mia both have a good memory?

[Step 1] Searching the graph...
Parse Query Output:
{
  "query_triple": ["<Lucas>", "memory quality", "<Mia>", 0.95, 0.25, 0.95],
  "spatial_constraint": null,
  "speaker_strict": null,
  "allocation": {
    "k_high_level": 10,
    "k_low_level": 10,
    "k_conversations": 30,
    "total_k": 50,
    "reasoning": "Trait/attribute query about both characters' memory; use high-level edges for character traits, and conversations to find evidence of good memory (recall, remembering details). Low-level edges lightly in case of actions demonstrating memory."
  }
}

Graph Search Results:
**High-Level Information (Character Attributes and Relationships): **

Character Relationships:
- Lucas collaborates with Mia (85)
- Mia collaborates with Lucas (85)
- Mia mentors in photography Lucas (85)
- Mia is housemate with Lucas (90)
- Mia is friend with Lucas (90)
- Lucas trusts/respects <Mia>'s skills Mia (80)
- Lucas protective about Mia’s health Mia (80)
- Mia friends with Lucas (80)
- Lucas is protective about <Mia>'s health Mia (85)
- Mia has friendly rapport with Lucas (85)

**Low-Level Information (Actions and Events): **

[12] Mia asks Lucas. (living room)
[18] Mia reminds Lucas. (living room)
[34] Lucas asks Mia. (living room)
[41] Lucas asks Mia. (living room)
[41] Mia asks Lucas. (living room)
[42] Lucas asks Mia. (living room)
[46] Mia asks Lucas. (living room)
[56] Lucas asks Mia. (living room)
[58] Mia asks Lucas. (living room)
[60] Mia asks Lucas. (living room)

**Conversations: **

Conversation 2: Mia and Lucas discuss photographing a bird using Mia’s new camera, with Lucas assisting by fetching equipment and helping adjust lighting. Mia is pleased with the results, plans to create a new photo album, and asks a robot to remind her to back up photos. Lucas compliments her skills and expresses interest in learning to use the camera, while they both admire the images.
[26] Mia: Hey Lucas
[26] Mia: You know I think the uh scenes outside it uh looks very nice
[26] Lucas: Yes
[26] Mia: And look at the bird
[26] Mia: I want to capture it
[26] Lucas: Yes
[26] Mia: And I wanna try my new photography equipment
[26] Lucas: It's here
[26] Lucas: Try your best
[27] Lucas: Hmm
[28] Mia: Hey Lucas, fetch me the camera
[28] Lucas: Okay
[28] Lucas: I'll help you
[29] Mia: Oh no it's a little dark, so
[29] Mia: Lucas, can you help me turn on the light
[29] Lucas: Of course
[29] Mia: It's bad enough
[30] Mia: So Lucas
[30] Mia: Look outside
[30] Mia: It's so beautiful
[31] Lucas: I like it, it's sweet
[32] Mia: So look at here look at the picture that I captured.
[32] Lucas: Yeah.
[32] Mia: Are they so pretty.
[32] Lucas: Yes it's so good.
[33] Mia: So hey robot
[33] Mia: Remind me to backup photos
[34] Mia: Lucas look at these pictures
[34] Lucas: Wow
[34] Lucas: It's so wonderful
[37] Mia: I finish capturing them
[37] Lucas: Oh
[37] Lucas: I remember that
[37] Mia: What
[38] Lucas: Just clean the glass

Conversation 5: Mia and Lucas discuss exercising, decide to do a quick session together, and then transition to watching TV. They consider genres and specific titles, with Mia favoring soap operas like Shameless and romantic films like Titanic, while Lucas prefers romantic content. Mia admires the 'Heart of the Ocean' necklace but acknowledges its expense. They conclude by deciding to rest, with Mia continuing to watch a show as Lucas goes to his bedroom.
[56] Mia: Hey Lucas, I forgot to exercise today.
[56] Mia: Uh huh so you wanna come with me or you just rest ahead.
[56] Lucas: Could I just look at you.
[56] Mia: Look at me and I take exercise.
[56] Lucas: Yes.
[56] Mia: Okay it's okay.
[56] Lucas: It's okay.
[58] Mia: One two three four
[58] Mia: So are you still sleepy
[58] Lucas: Of course
[58] Mia: I do it quickly
[58] Lucas: I believe that exercise can make us feel more
[58] Mia: Feel much more reflect
[58] Mia: Okay let's go to sleep now
[59] Mia: Oh Lucas
[59] Lucas: Uh huh
[59] Mia: You forgot the iPad
[59] Lucas: Yes I forgot
[59] Mia: iPad you forgot it here
[59] Mia: Maybe we can search a TV series you know

Conversation 1: Mia and Lucas discuss tidying their space, arranging décor, and using a household robot to organize items, turn off the TV, and set a reminder. They coordinate around Mia’s food preferences and chocolate allergy, and Mia requests snacks. Lucas handles a work call about a 3D modeling draft and is reminded by Mia to rest after staying up late. They place a new photo album on the shelf center, plan for Mia to capture the sunrise at 6:30, and agree to be more organized while balancing work, rest, and exercise.
[2] Mia: Hey Lucas
[2] Mia: Look at these pictures
[2] Lucas: Hmm
[2] Mia: And I think the camera is pretty good
[2] Lucas: Yeah
[3] Lucas: Oh.
[3] Lucas: Oh no it's all where a mess.
[3] Mia: Oh, such a mess.
[3] Mia: We should tidy them up.
[3] Lucas: Yes.
[3] Lucas: Hey robot.
[3] Lucas: Arrange this.
[3] robot: Okay.
[4] Lucas: Ayo
[5] Mia: Oh Lucas you know
[5] Mia: I'm a little hungry I wanna eat some food
[5] Lucas: Oh you have to exercise before you get the snacks
[6] Mia: It's none of your business ok
[6] Mia: Hey robot, give me some snacks
[6] Lucas: Hey robot, remember not to get the chocolates, Mia is allergic to chocolate
[6] robot: Okay
[7] Mia: Thank you robot
[7] Mia: Oh Lucas remember that i don't like chocolate
[7] Lucas: Yes
[7] Lucas: Of course
[7] Mia: Chocolate allergies is not a joke
[7] Mia: What happened
[8] Mia: Okay
[8] Lucas: Be quiet
[8] Lucas: Yes yes
[8] Lucas: This is uhh, this is your
[8] Lucas: This is the initial 3D, 3D modeling design um draft that you need, yes yes
[9] Lucas: I'm waiting for your reply.
[9] Lucas: Okay.
[9] Mia: Hey Lucas.
[9] Mia: You just you know you stayed all night last night to revise your draft so you have to go to bed early today.
[9] Mia: And you know uh
[10] Lucas: Hmm, and I promise to you that I know that because I am not dizzy now.
[10] Mia: Ok, keep your promise.
[10] Lucas: Oh yeah.
[11] Mia: Okay the bell run
[11] Mia: I think that must be my new purchase you know

Conversation 3: Mia and Lucas discuss using a reflector and camera while balancing work and exercise. A robot reminds Mia she hasn't completed her exercise, and it reports that tomorrow morning will be sunny, prompting Mia to plan sunrise photography. Lucas is busy finishing his project and is tired, while Mia plans to capture photos in the morning and asks for help with equipment management. The robot assists by providing weather info and handling the reflector.
[40] Mia: Lucas you know that I remember that I forgot to use the reflector
[40] Mia: So fetch it for me
[40] Mia: Right there
[43] Mia: On the table
[43] Mia: I'm so careless
[43] Lucas: Hmm yes
[44] Lucas: This is a good idea i have finished my work and now i could finally have a rest
[44] Mia: Stay up early today
[44] Lucas: Yes
[44] Lucas: I'm sleepy so you need to rest a little too tomorrow we need to go to watch the sunrise
[45] Mia: You're sleepy so you drink all your coffee

Conversation 4: Mia and Lucas discuss plans to capture a sunrise, with Mia interested in learning phone photography skills. Lucas notes he has work tomorrow and decides to rest, while Mia acknowledges his schedule. Lucas indicates tomorrow is another work-related day. Lucas instructs a robot to turn off the computer and place it on the TV cabinet, and the robot agrees.
[53] Mia: Have a rest
[53] Mia: You have to work tomorrow
[53] Lucas: Yes
[53] Mia: Okay
[53] Mia: You need to know that tomorrow

[Step 2] Evaluating semantic answer...
Action: [Answer]
Content: No, Mia is forgetful about reminders and equipment while Lucas often needs reminders, so they do not both have a good memory.
FINAL ANSWER (from graph):
No, Mia is forgetful about reminders and equipment while Lucas often needs reminders, so they do not both have a good memory.
Question: Why should Mia ask about the weather?

[Step 1] Searching the graph...
Parse Query Output:
{
  "query_triple": ["<Mia>", "asks about", "weather", 0.95, 0.5, 0.6],
  "spatial_constraint": null,
  "speaker_strict": null,
  "allocation": {
    "k_high_level": 6,
    "k_low_level": 9,
    "k_conversations": 35,
    "total_k": 50,
    "reasoning": "Why query focused on Mia's motivation; prioritize conversations to capture explanations, with some high-level traits/relationships and a few low-level actions for context."
  }
}

Graph Search Results:
**High-Level Information (Character Attributes and Relationships): **

Character Relationships:
- Mia relies on robot (80)
- Mia relies on for household assistance robot (85)
- Lucas collaborates with Mia (85)
- Mia collaborates with Lucas (85)
- Mia friends with Lucas (80)
- Lucas trusts/respects <Mia>'s skills Mia (80)

**Low-Level Information (Actions and Events): **

[6] Mia asks for snack. (living room)
[12] Mia asks Lucas. (living room)
[37] Mia asks clarifying question. (living room)
[46] Mia asks sleep. (living room)
[46] Mia asks help <Mia>. (living room)
[47] Mia asks robot. (living room)
[47] Mia asks about the weather for tomorrow morning. (living room)
[47] Mia says the robot said the weather will be nice. (living room)
[49] Mia asks robot. (living room)

**Conversations: **

Conversation 3: Mia and Lucas discuss using a reflector and camera while balancing work and exercise. A robot reminds Mia she hasn't completed her exercise, and it reports that tomorrow morning will be sunny, prompting Mia to plan sunrise photography. Lucas is busy finishing his project and is tired, while Mia plans to capture photos in the morning and asks for help with equipment management. The robot assists by providing weather info and handling the reflector.
[40] Mia: Right there
[41] Lucas: Where is it
[41] Mia: There
[41] Lucas: Oh this
[41] Mia: Yeah
[41] Mia: I forgot to use it
[41] Mia: Such a physical
[43] Lucas: Hmm yes
[44] Lucas: This is a good idea i have finished my work and now i could finally have a rest
[44] Mia: Stay up early today
[44] Lucas: Yes
[44] Lucas: I'm sleepy so you need to rest a little too tomorrow we need to go to watch the sunrise
[45] Mia: You're sleepy so you drink all your coffee
[45] Mia: I don't know that
[45] Mia: What should we do
[45] Lucas: Come to see this show with me
[45] Lucas: Uh huh look
[46] Mia: So so you wanna sleep now or would you please help me to um.
[46] Mia: We can do some exercise together okay.
[46] Mia: Okay.
[46] Lucas: I think I will start my exercise after I finish my project.
[47] Mia: Project okay.
[47] Mia: But I remember that tomorrow morning I must capture the sunrise but I don't know the weather oh.
[47] Lucas: So just ask the robot.
[47] Mia: Hey robot.
[47] Mia: What's the weather.
[47] Mia: Tomorrow morning.
[47] robot: Tomorrow is sunny.
[47] Mia: The robot said the weather tomorrow morning is really nice.
[47] Mia: So I think it is a good opportunities for me to capture some beautiful pictures at a sunny day I'm looking forward.
[48] Mia: So i think it is a good opportunities for me to capture some beautiful pictures at a sunny day i'm looking forward
[48] Lucas: It is so pity that i can't move on with you i also have a lot of job
[48] Mia: You have too many homework you know

Conversation 1: Mia and Lucas discuss tidying their space, arranging décor, and using a household robot to organize items, turn off the TV, and set a reminder. They coordinate around Mia’s food preferences and chocolate allergy, and Mia requests snacks. Lucas handles a work call about a 3D modeling draft and is reminded by Mia to rest after staying up late. They place a new photo album on the shelf center, plan for Mia to capture the sunrise at 6:30, and agree to be more organized while balancing work, rest, and exercise.
[6] Mia: I think I can exercise after eating you know it's uh there's no such a rush um that we work out today
[6] Lucas: You always lie that you always forgetting to exercise after you get the snacks
[6] Mia: It's none of your business ok
[6] Mia: Hey robot, give me some snacks
[6] Lucas: Hey robot, remember not to get the chocolates, Mia is allergic to chocolate
[7] Lucas: Of course
[7] Mia: Chocolate allergies is not a joke
[7] Mia: What happened
[7] Lucas: Oh it's mommy boss call
[7] Lucas: Okay okay
[7] Lucas: Okay i will attend the meeting later
[8] Mia: So you have work
[8] Mia: Okay
[8] Lucas: Be quiet
[8] Lucas: Yes yes
[10] Lucas: Okay, I know, I know.
[10] Lucas: I will, I will have a rest after I finish this project.
[10] Mia: Okay.
[10] Lucas: Hmm, and I promise to you that I know that because I am not dizzy now.
[10] Mia: Ok, keep your promise.
[13] Mia: I think uh we should put it at the top of the shelf
[13] Mia: Top of the shelf yeah
[13] Mia: Oh
[14] Mia: This is a old one
[14] Mia: This is the old one
[14] Mia: And uh do you think it's okay
[14] Lucas: Oh I think you should place it on the centers of the
[14] Mia: Oh centers of the shelf you know
[16] Mia: Oh which comes to the camera lens you know.
[16] Mia: I remember that I wanna um capture the sunrise tomorrow morning.
[17] Mia: Mm hmm
[17] Lucas: So just remember to rest early don't end up unable to get out next next time okay
[17] Mia: I hope the weather tomorrow will be great
[17] Lucas: Yes so
[17] Mia: Okay let's go outside
[17] Mia: So watch a TV continue or have you finished your work
[17] Mia: And maybe you need to make a clock by robot

Conversation 2: Mia and Lucas discuss photographing a bird using Mia’s new camera, with Lucas assisting by fetching equipment and helping adjust lighting. Mia is pleased with the results, plans to create a new photo album, and asks a robot to remind her to back up photos. Lucas compliments her skills and expresses interest in learning to use the camera, while they both admire the images.
[26] Mia: Hey Lucas
[26] Mia: You know I think the uh scenes outside it uh looks very nice
[26] Lucas: Yes
[26] Mia: And look at the bird
[28] Lucas: Okay
[28] Lucas: I'll help you
[28] Mia: Okay
[29] Lucas: Put it aboard.
[29] Mia: Oh no it's a little dark, so
[29] Mia: It's bad enough
[30] Mia: So Lucas
[30] Mia: Look outside
[30] Mia: It's so beautiful
[30] Lucas: Yeah
[30] Mia: It's been a long time that I captured the bird so
[30] Lucas: I believe you can do it
[30] Lucas: And I look at the bird it's so cute
[30] Mia: Yes
[31] Lucas: Oh my god
[31] Lucas: Uh
[31] Mia: Mhmm
[31] Lucas: I feel a little bit a little bit thirsty
[31] Mia: Thirsty
[37] Lucas: Yeah you want to
[37] Lucas: You also want to make a new album because of beautiful pictures
[37] Mia: And okay
[37] Mia: I finish capturing them
[37] Lucas: Oh
[37] Lucas: I remember that
[37] Mia: What
[38] Lucas: Just clean the glass
[38] robot: Okay

Conversation 5: Mia and Lucas discuss exercising, decide to do a quick session together, and then transition to watching TV. They consider genres and specific titles, with Mia favoring soap operas like Shameless and romantic films like Titanic, while Lucas prefers romantic content. Mia admires the 'Heart of the Ocean' necklace but acknowledges its expense. They conclude by deciding to rest, with Mia continuing to watch a show as Lucas goes to his bedroom.
[60] Mia: What other kind of tv series
[61] Mia: Like documents
[61] Mia: About animals or about the plants
[61] Mia: Whatever
[61] Lucas: I just like to I like to watch something romantic
[61] Mia: Romantic

Conversation 4: Mia and Lucas discuss plans to capture a sunrise, with Mia interested in learning phone photography skills. Lucas notes he has work tomorrow and decides to rest, while Mia acknowledges his schedule. Lucas indicates tomorrow is another work-related day. Lucas instructs a robot to turn off the computer and place it on the TV cabinet, and the robot agrees.
[52] Mia: I'm learning skills.
[52] Lucas: It's wonderful.
[52] Mia: Hmm yes.
[53] Lucas: It is a pity that I still have a lot of work tomorrow
[53] Lucas: So maybe
[53] Mia: You have to work tomorrow
[53] Lucas: Yes
[53] Mia: Okay
[53] Mia: You need to know that tomorrow
[53] Mia: It's another work thing
[53] Lucas: Oh okay
[53] Lucas: Hey robot turn off the computer and put it on the TV cabinet

[Step 2] Evaluating semantic answer...
Action: [Answer]
Content: She wants to know if it will be suitable to capture the sunrise tomorrow morning.
FINAL ANSWER (from graph):
She wants to know if it will be suitable to capture the sunrise tomorrow morning.
Question: Where should the robot put the reflector?

[Step 1] Searching the graph...
Parse Query Output:
{
  "query_triple": ["<robot>", "should put", "reflector", 0.9, 0.3, 0.8],
  "spatial_constraint": null,
  "speaker_strict": null,
  "allocation": {
    "k_high_level": 6,
    "k_low_level": 34,
    "k_conversations": 10,
    "total_k": 50,
    "reasoning": "Location/placement guidance query—prioritize low-level edges to find prior mentions of reflector locations or instructions; include some conversations for explicit directives; a few high-level edges for any general rules or roles."
  }
}

Graph Search Results:
**High-Level Information (Character Attributes and Relationships): **

Character Attributes:
- robot is: black gloves (100), no visible face (100)

Character Relationships:
- Lucas uses authority/control over robot (85)
- Lucas directs for household assistance robot (85)
- Mia relies on robot (80)
- Mia relies on for household assistance robot (85)

**Low-Level Information (Actions and Events): **

[1] robot opens refrigerator door. (living room and dining area)
[1] robot picks up small glass. (living room and dining area)
[1] robot closes refrigerator door. (living room and dining area)
[1] robot carries glass. (living room and dining area)
[1] robot places glass. (living room and dining area)
[2] robot sets on coffee cup. (living room)
[15] robot moves closer to open bookshelf. (bedroom)
[21] robot places cloth. (living room and adjoining kitchen)
[22] robot moves to corner. (living room)
[22] robot cleans around radiator. (living room)
[24] robot holds broom. (living room)
[25] robot opens glass door. (home interior (kitchen, dining room, living room))
[38] robot picks up dirty glass. (living room and kitchen)
[38] robot carries glass. (living room and kitchen)
[38] robot rinses under running water glass. (living room and kitchen)
[38] robot scrubs with gloved hand glass. (living room and kitchen)
[38] robot continues rinsing glass. (living room and kitchen)
[39] robot turns on faucet. (kitchen sink)
[39] robot rubs with gloved hand glass. (kitchen sink)
[39] robot empties water from glass. (kitchen sink)
[39] robot continues rinsing under stream glass. (kitchen sink)
[39] robot turns off faucet. (kitchen sink)
[40] robot carries empty glass. (living room)
[40] robot places glass. (living room)
[45] robot holds camera. (living room)
[49] robot puts back reflector. (living room)
[50] robot stands near couch. (living room)
[50] robot picks up folded gold reflector disk. (living room)
[50] robot holds in front of couch. (living room)
[50] robot holds gold reflector. (living room)
[50] robot folds reflector. (living room)
[50] robot stuffs folded reflector. (living room)
[50] robot places down near couch. (living room)
[55] robot adjusts cable. (living room)

**Conversations: **

Conversation 3: Mia and Lucas discuss using a reflector and camera while balancing work and exercise. A robot reminds Mia she hasn't completed her exercise, and it reports that tomorrow morning will be sunny, prompting Mia to plan sunrise photography. Lucas is busy finishing his project and is tired, while Mia plans to capture photos in the morning and asks for help with equipment management. The robot assists by providing weather info and handling the reflector.
[49] Lucas: And then my camera
[49] Mia: Oh I forgot to
[49] Mia: Reflector okay
[49] Lucas: Yes reflector
[49] Mia: Hey robot put the reflector back
[50] robot: Okay

Conversation 1: Mia and Lucas discuss tidying their space, arranging décor, and using a household robot to organize items, turn off the TV, and set a reminder. They coordinate around Mia’s food preferences and chocolate allergy, and Mia requests snacks. Lucas handles a work call about a 3D modeling draft and is reminded by Mia to rest after staying up late. They place a new photo album on the shelf center, plan for Mia to capture the sunrise at 6:30, and agree to be more organized while balancing work, rest, and exercise.
[3] Lucas: Arrange this.
[3] Lucas: And the sofa decoration okay.
[3] robot: Okay.
[4] Lucas: Ayo
[5] Mia: Oh Lucas you know
[6] Mia: Hey robot, give me some snacks
[6] Lucas: Hey robot, remember not to get the chocolates, Mia is allergic to chocolate
[6] robot: Okay
[7] Mia: Thank you robot
[7] Mia: Oh Lucas remember that i don't like chocolate
[14] Mia: Oh centers of the shelf you know
[14] Mia: Okay so just tell the robot to help us
[14] Mia: Robot adjust the album's place and put it on the center of the shelf
[15] Mia: Robot adjust the album's place and put it on the center of the shelf.
[15] Mia: Thank you robot.
[15] Mia: And you know this is my old one.

Conversation 2: Mia and Lucas discuss photographing a bird using Mia’s new camera, with Lucas assisting by fetching equipment and helping adjust lighting. Mia is pleased with the results, plans to create a new photo album, and asks a robot to remind her to back up photos. Lucas compliments her skills and expresses interest in learning to use the camera, while they both admire the images.
[37] Mia: What
[38] Lucas: Just clean the glass
[38] robot: Okay

Conversation 4: Mia and Lucas discuss plans to capture a sunrise, with Mia interested in learning phone photography skills. Lucas notes he has work tomorrow and decides to rest, while Mia acknowledges his schedule. Lucas indicates tomorrow is another work-related day. Lucas instructs a robot to turn off the computer and place it on the TV cabinet, and the robot agrees.
[53] Lucas: Hey robot turn off the computer and put it on the TV cabinet
[54] Lucas: Hey robot turn off the computer and put it on the tv cabinet
[54] robot: Okay

[Step 2] Evaluating semantic answer...
Action: [Answer]
Content: Back in its place near the couch.
FINAL ANSWER (from graph):
Back in its place near the couch.
Question: What is Lucas going to do next?

[Step 1] Searching the graph...
Parse Query Output:
{
  "query_triple": ["<Lucas>", "next action", "?", 0.95, 0.3, 0.2],
  "spatial_constraint": null,
  "speaker_strict": null,
  "allocation": {
    "k_high_level": 6,
    "k_low_level": 34,
    "k_conversations": 10,
    "total_k": 50,
    "reasoning": "Predictive action query focused on immediate future; prioritize low-level edges to trace recent actions and states, include some conversations for intent hints, and a small number of high-level edges for traits influencing behavior."
  }
}

Graph Search Results:
**High-Level Information (Character Attributes and Relationships): **

Character Attributes:
- Lucas is: dark pants (100), casual style (100), no glasses visible (100), female (100), white hoodie (100), medium build (100)

**Low-Level Information (Actions and Events): **

[8] Lucas continues scrolling on phone. (living room)
[12] Lucas continues scrolling on phone. (living room)
[13] Lucas follows Mia. (living room to bedroom)
[14] Lucas steps closer to cabinet. (bedroom)
[17] Lucas steps toward doorway. (home interior moving from bedroom to living room)
[17] Lucas follows Mia. (home interior moving from bedroom to living room)
[17] Lucas moves to glass coffee table. (home interior moving from bedroom to living room)
[26] Lucas looks toward Mia. (living room)
[27] Lucas looks toward Mia. (living room)
[28] Lucas sets up tripod. (living room)
[32] Mia approaches Lucas. (living room)
[33] Lucas approaches Mia. (living room and enclosed balcony)
[34] Lucas approaches Mia. (living room)
[35] Mia steps closer to Lucas. (living room)
[41] Lucas looks toward TV stand. (living room)
[41] Lucas reacts. (living room)
[41] Mia approaches Lucas. (living room)
[42] Mia looks toward Lucas. (living room)
[42] Lucas works on tripod. (living room)
[42] Lucas works on camera. (living room)
[42] Lucas steps back to check camera position. (living room)
[44] Lucas looks toward Mia. (living room)
[44] Lucas continues folding tripod leg. (living room)
[46] Lucas looks toward Mia. (living room)
[46] Mia steps toward Lucas. (living room)
[48] Lucas looks toward Mia. (living room)
[48] Lucas shifts forward on couch. (living room)
[57] Lucas approaches Mia. (living room)
[58] Mia follows Lucas. (living room)
[59] Lucas follows behind Mia. (living room)
[59] Lucas steps toward coffee table. (living room)
[60] yellow cup moves toward Lucas. (living room)
[61] Lucas looks toward Mia. (living room)
[63] Lucas exits living room. (living room)

**Conversations: **

Conversation 5: Mia and Lucas discuss exercising, decide to do a quick session together, and then transition to watching TV. They consider genres and specific titles, with Mia favoring soap operas like Shameless and romantic films like Titanic, while Lucas prefers romantic content. Mia admires the 'Heart of the Ocean' necklace but acknowledges its expense. They conclude by deciding to rest, with Mia continuing to watch a show as Lucas goes to his bedroom.
[56] Mia: You know but we don't have rope jump rope.
[57] Mia: You know but we don't have jump but we don't have rope jump rope.
[57] Lucas: What what should I do
[57] Lucas: Maybe you can
[57] Mia: Do some you wanna join me

Conversation 4: Mia and Lucas discuss plans to capture a sunrise, with Mia interested in learning phone photography skills. Lucas notes he has work tomorrow and decides to rest, while Mia acknowledges his schedule. Lucas indicates tomorrow is another work-related day. Lucas instructs a robot to turn off the computer and place it on the TV cabinet, and the robot agrees.
[52] Mia: Hey Lucas I'm looking forward for the tomorrow's capturing.
[52] Mia: And I wanna learn some skills how to capture the beautiful sunrise on my phone.
[52] Lucas: What are you doing now?
[52] Mia: I'm learning skills.
[52] Lucas: It's wonderful.

Conversation 1: Mia and Lucas discuss tidying their space, arranging décor, and using a household robot to organize items, turn off the TV, and set a reminder. They coordinate around Mia’s food preferences and chocolate allergy, and Mia requests snacks. Lucas handles a work call about a 3D modeling draft and is reminded by Mia to rest after staying up late. They place a new photo album on the shelf center, plan for Mia to capture the sunrise at 6:30, and agree to be more organized while balancing work, rest, and exercise.
[2] Mia: Hey Lucas
[2] Mia: Look at these pictures
[2] Lucas: Hmm
[2] Mia: And I think the camera is pretty good
[2] Lucas: Yeah
[7] Mia: Thank you robot
[7] Mia: Oh Lucas remember that i don't like chocolate
[7] Lucas: Yes
[7] Lucas: Of course
[7] Mia: Chocolate allergies is not a joke
[12] Mia: That's my new purchase
[12] Mia: Look at this
[12] Lucas: What is it
[12] Mia: It's my new album
[12] Mia: You know new album
[12] Lucas: New album
[12] Mia: Uh so let's go to the study room to see where should we put this
[13] Mia: I think uh we should put it at the top of the shelf
[18] Mia: And don't forget to take a rest after work
[18] Lucas: Don't worry
[19] Lucas: I will.
[19] Lucas: This TV has affected me so long so can you help me okay.
[19] Mia: Ok I will take it off.

Conversation 2: Mia and Lucas discuss photographing a bird using Mia’s new camera, with Lucas assisting by fetching equipment and helping adjust lighting. Mia is pleased with the results, plans to create a new photo album, and asks a robot to remind her to back up photos. Lucas compliments her skills and expresses interest in learning to use the camera, while they both admire the images.
[26] Mia: Hey Lucas
[26] Mia: You know I think the uh scenes outside it uh looks very nice
[26] Lucas: Yes
[26] Mia: And look at the bird
[26] Mia: I want to capture it
[26] Lucas: It's here
[26] Lucas: Try your best
[27] Lucas: Hmm
[28] Mia: Hey Lucas, fetch me the camera
[28] Lucas: Okay
[30] Mia: Yes
[31] Lucas: Oh my god
[31] Lucas: Uh
[31] Mia: Mhmm
[31] Lucas: I feel a little bit a little bit thirsty

[Step 2] Evaluating semantic answer...
Action: [Answer]
Content: Lucas is going to go to his bedroom to rest.
FINAL ANSWER (from graph):
Lucas is going to go to his bedroom to rest.
Question: What's Lucas job?

[Step 1] Searching the graph...
Parse Query Output:
{
  "query_triple": ["<Lucas>", "job", null, 0.95, 0.25, 0.1],
  "spatial_constraint": null,
  "speaker_strict": null,
  "allocation": {
    "k_high_level": 9,
    "k_low_level": 6,
    "k_conversations": 35,
    "total_k": 50,
    "reasoning": "Occupation is a high-level attribute but often revealed via dialogue; allocate mostly to conversations, with several high-level edges for traits/roles and a few low-level edges for job-related actions."
  }
}

Graph Search Results:
**High-Level Information (Character Attributes and Relationships): **

Character Attributes:
- Lucas is: female (100), casual style (100), dark pants (100), white hoodie (100), long dark hair down (100), medium build (100), no glasses visible (100), hardworking (90), work-focused (88)

**Low-Level Information (Actions and Events): **

[27] Lucas positions tripod. (living room)
[41] Lucas positions device. (living room)
[42] Lucas works on tripod. (living room)
[42] Lucas works on camera. (living room)
[44] Lucas keeps working on tripod. (living room)
[53] Lucas needs rest. (living room)

**Conversations: **

Conversation 1: Mia and Lucas discuss tidying their space, arranging décor, and using a household robot to organize items, turn off the TV, and set a reminder. They coordinate around Mia’s food preferences and chocolate allergy, and Mia requests snacks. Lucas handles a work call about a 3D modeling draft and is reminded by Mia to rest after staying up late. They place a new photo album on the shelf center, plan for Mia to capture the sunrise at 6:30, and agree to be more organized while balancing work, rest, and exercise.
[2] Mia: Hey Lucas
[2] Mia: Look at these pictures
[2] Lucas: Hmm
[2] Mia: And I think the camera is pretty good
[2] Lucas: Yeah
[3] Lucas: Oh.
[3] Lucas: Oh no it's all where a mess.
[3] Mia: Oh, such a mess.
[3] Mia: We should tidy them up.
[3] Lucas: Yes.
[3] Lucas: Hey robot.
[3] Lucas: Arrange this.
[7] Mia: Thank you robot
[7] Mia: Oh Lucas remember that i don't like chocolate
[7] Lucas: Yes
[7] Lucas: Of course
[7] Mia: Chocolate allergies is not a joke
[7] Mia: What happened
[11] Mia: I think that must be my new purchase you know
[11] Mia: I want to get
[11] Lucas: Okay
[12] Mia: That's my new purchase
[12] Mia: Look at this
[12] Lucas: What is it
[12] Mia: It's my new album
[12] Mia: You know new album
[19] Mia: Hey robot.
[19] Mia: Turn off the TV with the remote control.
[20] Lucas: Oh
[20] Mia: You finish work
[20] Mia: A little bit hungry

Conversation 4: Mia and Lucas discuss plans to capture a sunrise, with Mia interested in learning phone photography skills. Lucas notes he has work tomorrow and decides to rest, while Mia acknowledges his schedule. Lucas indicates tomorrow is another work-related day. Lucas instructs a robot to turn off the computer and place it on the TV cabinet, and the robot agrees.
[52] Mia: Hey Lucas I'm looking forward for the tomorrow's capturing.
[52] Mia: And I wanna learn some skills how to capture the beautiful sunrise on my phone.
[52] Lucas: What are you doing now?
[52] Mia: I'm learning skills.
[52] Lucas: It's wonderful.
[53] Mia: Have a rest
[53] Mia: You have to work tomorrow
[53] Lucas: Yes
[53] Mia: Okay
[53] Mia: You need to know that tomorrow

Conversation 2: Mia and Lucas discuss photographing a bird using Mia’s new camera, with Lucas assisting by fetching equipment and helping adjust lighting. Mia is pleased with the results, plans to create a new photo album, and asks a robot to remind her to back up photos. Lucas compliments her skills and expresses interest in learning to use the camera, while they both admire the images.
[26] Mia: Hey Lucas
[26] Mia: You know I think the uh scenes outside it uh looks very nice
[26] Lucas: Yes
[26] Mia: And look at the bird
[26] Mia: I want to capture it
[26] Lucas: Yes
[26] Mia: And I wanna try my new photography equipment
[26] Lucas: It's here
[26] Lucas: Try your best
[27] Lucas: Hmm
[28] Mia: Hey Lucas, fetch me the camera
[28] Lucas: Okay
[28] Lucas: I'll help you
[28] Mia: Okay
[29] Mia: Oh no it's a little dark, so
[29] Mia: Lucas, can you help me turn on the light
[29] Lucas: Of course
[29] Mia: It's bad enough
[30] Mia: So Lucas
[30] Mia: Look outside
[30] Mia: It's so beautiful
[30] Lucas: Yeah
[30] Mia: It's been a long time that I captured the bird so
[30] Mia: And I wanna take the most beautiful picture today
[30] Mia: Yes
[31] Lucas: Oh my god
[31] Lucas: Uh
[31] Mia: Mhmm
[31] Lucas: I feel a little bit a little bit thirsty
[31] Lucas: I like it, it's sweet
[32] Mia: So look at here look at the picture that I captured.
[32] Lucas: Yeah.
[32] Mia: Are they so pretty.
[32] Lucas: Yes it's so good.
[33] Mia: Remind me to backup photos
[34] Mia: Lucas look at these pictures
[34] Lucas: Wow
[34] Lucas: It's so wonderful
[34] Mia: Look at this bird
[34] Lucas: Significantly
[34] Mia: I improved myself
[34] Lucas: So could you help
[34] Lucas: Could you tell me how to use it
[35] Mia: You wanna try
[35] Mia: Yes like this
[36] Mia: You can stretch the lens and turn it back
[36] Lucas: Amazing
[36] Mia: Yeah press this button yes all right
[36] Mia: You can try it
[37] Mia: And okay
[37] Mia: I finish capturing them
[37] Lucas: Oh
[37] Lucas: I remember that
[37] Mia: What

Conversation 3: Mia and Lucas discuss using a reflector and camera while balancing work and exercise. A robot reminds Mia she hasn't completed her exercise, and it reports that tomorrow morning will be sunny, prompting Mia to plan sunrise photography. Lucas is busy finishing his project and is tired, while Mia plans to capture photos in the morning and asks for help with equipment management. The robot assists by providing weather info and handling the reflector.
[40] Mia: So fetch it for me
[40] Mia: Right there
[41] Lucas: Where is it
[41] Mia: There
[41] Lucas: Oh this
[42] Mia: It's okay
[42] Mia: Just put it here
[43] Lucas: Oh
[43] Lucas: Yeah
[43] Lucas: It's a good idea
[43] Lucas: I have finished my design
[43] Lucas: Be careful
[43] Mia: Put the camera back
[43] Lucas: Okay
[43] Mia: On the table
[43] Mia: I'm so careless
[43] Lucas: Hmm yes
[44] Lucas: This is a good idea i have finished my work and now i could finally have a rest
[44] Mia: Stay up early today
[44] Lucas: Yes
[44] Lucas: I'm sleepy so you need to rest a little too tomorrow we need to go to watch the sunrise
[45] Mia: You're sleepy so you drink all your coffee

Conversation 5: Mia and Lucas discuss exercising, decide to do a quick session together, and then transition to watching TV. They consider genres and specific titles, with Mia favoring soap operas like Shameless and romantic films like Titanic, while Lucas prefers romantic content. Mia admires the 'Heart of the Ocean' necklace but acknowledges its expense. They conclude by deciding to rest, with Mia continuing to watch a show as Lucas goes to his bedroom.
[56] Lucas: Could I just look at you.
[56] Mia: Look at me and I take exercise.
[56] Lucas: Yes.
[56] Mia: Okay it's okay.
[56] Lucas: It's okay.
[56] Mia: You know but we don't have rope jump rope.
[57] Mia: You know but we don't have jump but we don't have rope jump rope.
[57] Lucas: What what should I do
[57] Lucas: Maybe you can
[57] Mia: Do some you wanna join me
[58] Mia: One two three four
[58] Mia: So are you still sleepy
[58] Lucas: Of course
[58] Mia: I do it quickly
[58] Lucas: I believe that exercise can make us feel more
[58] Mia: Okay let's go to sleep now
[59] Mia: Oh Lucas
[59] Lucas: Uh huh
[59] Mia: You forgot the iPad
[59] Lucas: Yes I forgot
[59] Mia: iPad you forgot it here
[59] Mia: Maybe we can search a TV series you know
[59] Lucas: Hmm so what kind is
[59] Mia: I wanna watch a soap opera
[59] Lucas: Soap opera
[60] Mia: You said that you wanna eat some snakes you know
[60] Mia: I'll help you to okay
[60] Lucas: Okay
[60] Mia: Okay drink it
[60] Lucas: I'm not thirsty now

[Step 2] Evaluating semantic answer...
Action: [Search]
Content: [43, 44, 52, 53, 41, 42]
Summary: The graph shows Lucas repeatedly working on a tripod/camera and mentioning finishing a design and having work tomorrow, but it does not specify his exact job title or profession; conversations reference a work call about a 3D modeling draft and ongoing projects without clarifying his role.

[Step 3] Watching video clips: [43, 44, 52, 53, 41, 42]

   Processing clip 43 (1/6)...
Question: Do Lucas and Mia both care about tidiness?

[Step 1] Searching the graph...
Parse Query Output:
{
  "query_triple": ["<Lucas>", "cares about", "tidiness", 0.95, 0.25, 0.6],
  "spatial_constraint": null,
  "speaker_strict": null,
  "allocation": {
    "k_high_level": 9,
    "k_low_level": 8,
    "k_conversations": 33,
    "total_k": 50,
    "reasoning": "Trait/attitude query for two characters; use high-level edges for personality traits and relationships. Conversations can reveal expressed preferences (e.g., remarks about cleanliness). Some low-level edges may show tidy actions (cleaning, organizing) as supporting evidence."
  }
}

Graph Search Results:
**High-Level Information (Character Attributes and Relationships): **

Character Attributes:
- Lucas is: casual style (100)

Character Relationships:
- Lucas collaborates with Mia (85)
- Mia collaborates with Lucas (85)
- Lucas uses authority/control over robot (85)
- Lucas protective about Mia’s health Mia (80)
- Lucas directs for household assistance robot (85)
- Lucas trusts/respects <Mia>'s skills Mia (80)
- Mia friends with Lucas (80)
- Mia collaborates domestically with Lucas (80)

**Low-Level Information (Actions and Events): **

[3] Lucas looks around messy coffee table. (living room)
[3] Lucas asks to arrange clutter on table. (living room)
[5] Lucas arranges thing. (living room)
[14] Lucas faces shelf. (bedroom)
[15] Lucas watches shelf. (bedroom)
[19] Lucas looks at device. (living room)
[21] Lucas adjusts something on windowsill. (living room and adjoining kitchen)
[62] Lucas looks at item. (living room)

**Conversations: **

Conversation 2: Mia and Lucas discuss photographing a bird using Mia’s new camera, with Lucas assisting by fetching equipment and helping adjust lighting. Mia is pleased with the results, plans to create a new photo album, and asks a robot to remind her to back up photos. Lucas compliments her skills and expresses interest in learning to use the camera, while they both admire the images.
[26] Mia: Hey Lucas
[26] Mia: You know I think the uh scenes outside it uh looks very nice
[26] Lucas: Yes
[26] Mia: And look at the bird
[26] Mia: I want to capture it
[26] Lucas: Yes
[26] Mia: And I wanna try my new photography equipment
[26] Lucas: It's here
[26] Lucas: Try your best
[27] Lucas: Hmm
[28] Mia: Hey Lucas, fetch me the camera
[28] Lucas: Okay
[28] Lucas: I'll help you
[29] Lucas: Put it aboard.
[29] Mia: Oh no it's a little dark, so
[29] Mia: Lucas, can you help me turn on the light
[29] Lucas: Of course
[29] Mia: It's bad enough
[30] Mia: So Lucas
[30] Mia: Look outside
[30] Mia: It's so beautiful
[30] Lucas: Yeah
[30] Mia: It's been a long time that I captured the bird so
[30] Mia: And I wanna take the most beautiful picture today
[31] Lucas: I like it, it's sweet
[32] Mia: So look at here look at the picture that I captured.
[32] Lucas: Yeah.
[32] Mia: Are they so pretty.
[32] Lucas: Yes it's so good.
[33] Mia: So hey robot
[33] Mia: Remind me to backup photos
[34] Mia: Lucas look at these pictures
[34] Lucas: Wow
[34] Lucas: It's so wonderful
[37] Lucas: I remember that
[37] Mia: What
[38] Lucas: Just clean the glass
[38] robot: Okay

Conversation 5: Mia and Lucas discuss exercising, decide to do a quick session together, and then transition to watching TV. They consider genres and specific titles, with Mia favoring soap operas like Shameless and romantic films like Titanic, while Lucas prefers romantic content. Mia admires the 'Heart of the Ocean' necklace but acknowledges its expense. They conclude by deciding to rest, with Mia continuing to watch a show as Lucas goes to his bedroom.
[56] Mia: Hey Lucas, I forgot to exercise today.
[56] Mia: Uh huh so you wanna come with me or you just rest ahead.
[56] Lucas: Could I just look at you.
[56] Mia: Look at me and I take exercise.
[56] Lucas: Yes.
[56] Mia: Okay it's okay.
[56] Lucas: It's okay.
[58] Mia: One two three four
[58] Mia: So are you still sleepy
[58] Lucas: Of course
[58] Mia: I do it quickly
[58] Lucas: I believe that exercise can make us feel more
[58] Mia: Feel much more reflect
[58] Mia: Okay let's go to sleep now
[59] Mia: Oh Lucas
[59] Lucas: Uh huh
[59] Mia: You forgot the iPad

Conversation 1: Mia and Lucas discuss tidying their space, arranging décor, and using a household robot to organize items, turn off the TV, and set a reminder. They coordinate around Mia’s food preferences and chocolate allergy, and Mia requests snacks. Lucas handles a work call about a 3D modeling draft and is reminded by Mia to rest after staying up late. They place a new photo album on the shelf center, plan for Mia to capture the sunrise at 6:30, and agree to be more organized while balancing work, rest, and exercise.
[2] Mia: Hey Lucas
[2] Mia: Look at these pictures
[2] Lucas: Hmm
[3] Lucas: Oh no it's all where a mess.
[3] Mia: Oh, such a mess.
[3] Mia: We should tidy them up.
[3] Lucas: Yes.
[3] Lucas: Hey robot.
[3] Lucas: Arrange this.
[3] Lucas: And the sofa decoration okay.
[3] robot: Okay.
[4] Lucas: Ayo
[5] Mia: Oh Lucas you know
[5] Mia: I'm a little hungry I wanna eat some food
[5] Lucas: Oh you have to exercise before you get the snacks
[6] Mia: It's none of your business ok
[6] Mia: Hey robot, give me some snacks
[6] Lucas: Hey robot, remember not to get the chocolates, Mia is allergic to chocolate
[6] robot: Okay
[7] Mia: Thank you robot
[7] Mia: Oh Lucas remember that i don't like chocolate
[7] Lucas: Yes
[7] Lucas: Of course
[7] Mia: Chocolate allergies is not a joke
[7] Mia: What happened
[8] Mia: Okay
[8] Lucas: Be quiet
[8] Lucas: Yes yes
[8] Lucas: This is uhh, this is your
[8] Lucas: This is the initial 3D, 3D modeling design um draft that you need, yes yes
[9] Lucas: I'm waiting for your reply.
[9] Lucas: Okay.
[9] Mia: Hey Lucas.
[9] Mia: You just you know you stayed all night last night to revise your draft so you have to go to bed early today.
[9] Mia: And you know uh
[15] Mia: Thank you robot.
[15] Mia: And you know this is my old one.
[15] Mia: And I want to clean it that's all dust you know.
[15] Lucas: This thing that you take it as your treasure.
[15] Mia: These are all my memory you know these pictures.
[17] Lucas: So just remember to rest early don't end up unable to get out next next time okay
[17] Mia: I hope the weather tomorrow will be great
[17] Lucas: Yes so
[17] Mia: Okay let's go outside
[17] Mia: So watch a TV continue or have you finished your work
[17] Mia: And maybe you need to make a clock by robot
[18] Mia: Hey robot remind me to capture the sunrise tomorrow morning at six thirty
[18] Lucas: You are always so organized and so a mighter okay
[18] Mia: Ok you know um filming is a very relaxed way for me I love films
[18] Lucas: Yeah I have to continue my work continue work

Conversation 3: Mia and Lucas discuss using a reflector and camera while balancing work and exercise. A robot reminds Mia she hasn't completed her exercise, and it reports that tomorrow morning will be sunny, prompting Mia to plan sunrise photography. Lucas is busy finishing his project and is tired, while Mia plans to capture photos in the morning and asks for help with equipment management. The robot assists by providing weather info and handling the reflector.
[43] Mia: On the table
[43] Mia: I'm so careless
[43] Lucas: Hmm yes
[44] Lucas: This is a good idea i have finished my work and now i could finally have a rest
[44] Mia: Stay up early today
[44] Lucas: Yes
[44] Lucas: I'm sleepy so you need to rest a little too tomorrow we need to go to watch the sunrise
[45] Mia: You're sleepy so you drink all your coffee

Conversation 4: Mia and Lucas discuss plans to capture a sunrise, with Mia interested in learning phone photography skills. Lucas notes he has work tomorrow and decides to rest, while Mia acknowledges his schedule. Lucas indicates tomorrow is another work-related day. Lucas instructs a robot to turn off the computer and place it on the TV cabinet, and the robot agrees.
[52] Mia: Hey Lucas I'm looking forward for the tomorrow's capturing.
[52] Mia: And I wanna learn some skills how to capture the beautiful sunrise on my phone.
[52] Lucas: What are you doing now?
[53] Mia: Have a rest
[53] Mia: You have to work tomorrow
[53] Lucas: Yes
[53] Mia: Okay
[53] Mia: You need to know that tomorrow

[Step 2] Evaluating semantic answer...
Action: [Answer]
Content: Yes, both Lucas and Mia care about tidiness and organizing their space.
FINAL ANSWER (from graph):
Yes, both Lucas and Mia care about tidiness and organizing their space.
Question: What's Mia's hobby?

[Step 1] Searching the graph...
Parse Query Output:
{
  "query_triple": ["<Mia>", "hobby", null, 0.95, 0.25, 0.1],
  "spatial_constraint": null,
  "speaker_strict": null,
  "allocation": {
    "k_high_level": 9,
    "k_low_level": 6,
    "k_conversations": 35,
    "total_k": 50,
    "reasoning": "Character attribute query; use high-level edges for traits like hobbies, and conversations to capture mentions of hobbies or self-descriptions. Minimal low-level edges in case hobby is inferred from actions."
  }
}

Graph Search Results:
**High-Level Information (Character Attributes and Relationships): **

Character Attributes:
- Mia is: female (100), medium build (100), black jacket (100), dark pants (100), long dark hair down (100), black-framed glasses (100), enthusiastic about photography (95), interested in photography/film (90), technically engaged with camera gear (90)

**Low-Level Information (Actions and Events): **

[7] Mia dislikes chocolate. (living room)
[10] Mia works on laptop. (living room)
[27] Mia works on laptop. (living room)
[29] Mia works on device. (living room)
[31] Mia works on laptop. (living room)
[40] Mia works on laptop. (living room)

**Conversations: **

Conversation 2: Mia and Lucas discuss photographing a bird using Mia’s new camera, with Lucas assisting by fetching equipment and helping adjust lighting. Mia is pleased with the results, plans to create a new photo album, and asks a robot to remind her to back up photos. Lucas compliments her skills and expresses interest in learning to use the camera, while they both admire the images.
[26] Mia: I want to capture it
[26] Lucas: Yes
[26] Mia: And I wanna try my new photography equipment
[26] Lucas: It's here
[26] Lucas: Try your best
[28] Lucas: Okay
[28] Lucas: I'll help you
[28] Mia: Okay
[29] Lucas: Put it aboard.
[29] Mia: Oh no it's a little dark, so
[30] Lucas: I believe you can do it
[30] Lucas: And I look at the bird it's so cute
[30] Mia: Yes
[31] Lucas: Oh my god
[31] Lucas: Uh
[31] Mia: Mhmm
[31] Lucas: I feel a little bit a little bit thirsty
[31] Mia: Thirsty
[34] Lucas: So could you help
[34] Lucas: Could you tell me how to use it
[35] Mia: You wanna try
[35] Mia: Oh look at this
[35] Mia: We can flip it out
[35] Mia: And then press it, yes right
[35] Mia: And we can change the diameter by turn this, yes
[35] Mia: You can have a try
[35] Mia: Yes like this
[36] Mia: You can stretch the lens and turn it back
[36] Lucas: Amazing
[37] Lucas: Oh
[37] Lucas: I remember that
[37] Mia: What
[38] Lucas: Just clean the glass
[38] robot: Okay

Conversation 4: Mia and Lucas discuss plans to capture a sunrise, with Mia interested in learning phone photography skills. Lucas notes he has work tomorrow and decides to rest, while Mia acknowledges his schedule. Lucas indicates tomorrow is another work-related day. Lucas instructs a robot to turn off the computer and place it on the TV cabinet, and the robot agrees.
[52] Mia: And I wanna learn some skills how to capture the beautiful sunrise on my phone.
[52] Lucas: What are you doing now?
[52] Mia: I'm learning skills.
[52] Lucas: It's wonderful.
[52] Mia: Hmm yes.
[53] Lucas: It is a pity that I still have a lot of work tomorrow
[53] Lucas: So maybe
[53] Mia: You have to work tomorrow
[53] Lucas: Yes
[53] Mia: Okay
[53] Mia: You need to know that tomorrow
[53] Mia: It's another work thing
[53] Lucas: Oh okay
[53] Lucas: Hey robot turn off the computer and put it on the TV cabinet

Conversation 3: Mia and Lucas discuss using a reflector and camera while balancing work and exercise. A robot reminds Mia she hasn't completed her exercise, and it reports that tomorrow morning will be sunny, prompting Mia to plan sunrise photography. Lucas is busy finishing his project and is tired, while Mia plans to capture photos in the morning and asks for help with equipment management. The robot assists by providing weather info and handling the reflector.
[40] Mia: Right there
[41] Lucas: Where is it
[41] Mia: There
[41] Lucas: Oh this
[41] Mia: Yeah
[41] Mia: I forgot to use it
[41] Mia: Such a physical
[41] Lucas: Be careful okay
[41] Mia: So can you help me to hold it
[42] Mia: I will take uh take a photo for you
[42] Lucas: Are you sure
[42] Mia: It's okay
[42] Mia: Just put it here
[43] Lucas: Oh
[43] Lucas: Okay
[43] Mia: On the table
[43] Mia: I'm so careless
[43] Lucas: Hmm yes
[44] Lucas: This is a good idea i have finished my work and now i could finally have a rest
[44] Lucas: I'm sleepy so you need to rest a little too tomorrow we need to go to watch the sunrise
[45] Mia: You're sleepy so you drink all your coffee
[45] Mia: I don't know that
[45] Mia: What should we do
[45] Lucas: Come to see this show with me
[45] Lucas: Uh huh look
[45] Mia: Robot
[45] robot: Mia's exercise plan for today has not been met yet
[46] robot: Mia's exercise plan for today has not been met yet.
[46] Mia: So so you wanna sleep now or would you please help me to um.
[46] Mia: We can do some exercise together okay.
[46] Mia: Okay.
[46] Lucas: I think I will start my exercise after I finish my project.
[47] Mia: Project okay.

Conversation 5: Mia and Lucas discuss exercising, decide to do a quick session together, and then transition to watching TV. They consider genres and specific titles, with Mia favoring soap operas like Shameless and romantic films like Titanic, while Lucas prefers romantic content. Mia admires the 'Heart of the Ocean' necklace but acknowledges its expense. They conclude by deciding to rest, with Mia continuing to watch a show as Lucas goes to his bedroom.
[56] Mia: Uh huh so you wanna come with me or you just rest ahead.
[56] Lucas: Could I just look at you.
[56] Mia: Look at me and I take exercise.
[56] Lucas: Yes.
[56] Mia: Okay it's okay.
[56] Lucas: So what kind of exercise.
[56] Lucas: Would you like.
[56] Mia: Jump rope.
[56] Mia: You know but we don't have rope jump rope.
[57] Mia: You know but we don't have jump but we don't have rope jump rope.
[59] Mia: I wanna watch a soap opera
[59] Lucas: Soap opera
[59] Mia: Shameless
[59] Mia: That's my favorite American soap opera
[60] Mia: Yeah ridiculous but amazing
[61] Mia: Like documents
[61] Mia: About animals or about the plants
[61] Mia: Whatever
[61] Lucas: I just like to I like to watch something romantic
[61] Mia: Romantic
[61] Mia: Romantic you know
[61] Mia: Romeo and Juliet

Conversation 1: Mia and Lucas discuss tidying their space, arranging décor, and using a household robot to organize items, turn off the TV, and set a reminder. They coordinate around Mia’s food preferences and chocolate allergy, and Mia requests snacks. Lucas handles a work call about a 3D modeling draft and is reminded by Mia to rest after staying up late. They place a new photo album on the shelf center, plan for Mia to capture the sunrise at 6:30, and agree to be more organized while balancing work, rest, and exercise.
[2] Mia: Hey Lucas
[2] Mia: Look at these pictures
[2] Lucas: Hmm
[2] Mia: And I think the camera is pretty good
[7] Lucas: Of course
[7] Mia: Chocolate allergies is not a joke
[7] Mia: What happened
[7] Lucas: Oh it's mommy boss call
[7] Lucas: Okay okay
[7] Lucas: Okay i will attend the meeting later
[8] Mia: So you have work
[8] Mia: Okay
[8] Lucas: Be quiet
[8] Lucas: Yes yes
[10] Lucas: Okay, I know, I know.
[10] Lucas: I will, I will have a rest after I finish this project.
[10] Mia: Okay.
[10] Lucas: Hmm, and I promise to you that I know that because I am not dizzy now.
[10] Mia: Ok, keep your promise.
[11] Mia: I want to get
[11] Lucas: Okay
[12] Mia: That's my new purchase
[12] Mia: Look at this
[12] Lucas: What is it
[12] Mia: It's my new album
[13] Mia: I think uh we should put it at the top of the shelf
[13] Mia: Top of the shelf yeah
[13] Mia: Oh
[14] Mia: This is a old one
[14] Mia: This is the old one
[16] Mia: Oh which comes to the camera lens you know.
[16] Mia: I remember that I wanna um capture the sunrise tomorrow morning.
[17] Mia: Mm hmm
[17] Lucas: So just remember to rest early don't end up unable to get out next next time okay
[17] Mia: I hope the weather tomorrow will be great

[Step 2] Evaluating semantic answer...
Action: [Answer]
Content: Mia’s hobby is photography.
FINAL ANSWER (from graph):
Mia’s hobby is photography.
Question: How many tools are used by Mia to take photoes?

[Step 1] Searching the graph...
Parse Query Output:
{
  "query_triple": ["<Mia>", "uses", "tools for photos", 0.95, 0.35, 0.6],
  "spatial_constraint": null,
  "speaker_strict": null,
  "allocation": {
    "k_high_level": 5,
    "k_low_level": 40,
    "k_conversations": 5,
    "total_k": 50,
    "reasoning": "Quantitative action query about tools used by Mia for taking photos; prioritize low-level edges capturing specific tool-use actions. Minimal conversations and high-level edges needed."
  }
}

Graph Search Results:
**High-Level Information (Character Attributes and Relationships): **

Character Relationships:
- Mia relies on robot (80)
- Mia relies on for household assistance robot (85)
- Lucas supports Mia (75)
- Lucas collaborates with Mia (85)
- Mia collaborates with Lucas (85)

**Low-Level Information (Actions and Events): **

[1] Mia uses phone. (living room and dining area)
[1] Mia uses tablet. (living room and dining area)
[1] Mia adjusts camera. (living room and dining area)
[2] Mia faces camera. (living room)
[2] Mia adjusts in hand camera. (living room)
[2] Mia lifts camera. (living room)
[2] Mia points camera. (living room)
[2] Mia checks camera button. (living room)
[3] Mia holds camera. (living room)
[3] Mia sits with camera. (living room)
[4] Mia holds camera. (living room)
[4] Mia checks camera. (living room)
[4] Mia operates camera. (living room)
[5] Mia uses tablet. (living room)
[16] Mia uses one hand. (bedroom)
[20] Mia uses tablet. (living room)
[28] Mia uses laptop. (living room)
[28] Mia carries camera. (living room)
[28] Mia hands camera. (living room)
[32] Mia stands at camera. (living room)
[32] Mia operates camera control. (living room)
[32] Mia stays focused on camera. (living room)
[32] Mia adjusts camera setting. (living room)
[33] Mia adjusts camera. (living room and enclosed balcony)
[33] Mia holds tripod. (living room and enclosed balcony)
[33] Mia works with camera. (living room and enclosed balcony)
[33] Mia faces tripod. (living room and enclosed balcony)
[34] Mia points toward photo. (living room)
[34] Mia adjusts camera. (living room)
[34] Mia handles camera. (living room)
[36] Mia adjusts camera lens. (living room)
[42] Mia will take photo. (living room)
[43] Mia uses laptop. (living room)
[43] Mia takes camera. (living room)
[43] Mia inspects camera. (living room)
[45] Mia looks toward camera. (living room)
[46] Mia tells camera. (living room)
[53] Mia uses blue laptop. (living room)
[56] Mia uses Mia's smartphone. (living room)
[59] Mia uses iPad. (living room)

**Conversations: **

Conversation 2: Mia and Lucas discuss photographing a bird using Mia’s new camera, with Lucas assisting by fetching equipment and helping adjust lighting. Mia is pleased with the results, plans to create a new photo album, and asks a robot to remind her to back up photos. Lucas compliments her skills and expresses interest in learning to use the camera, while they both admire the images.
[26] Mia: I want to capture it
[26] Lucas: Yes
[26] Mia: And I wanna try my new photography equipment
[26] Lucas: It's here
[26] Lucas: Try your best
[34] Mia: Look at this bird
[34] Lucas: It's so cute
[34] Mia: And I think the uh my new progrophy camera it's really nice
[34] Lucas: And I think that your photography skills have indeed improved
[34] Lucas: Significantly

Conversation 1: Mia and Lucas discuss tidying their space, arranging décor, and using a household robot to organize items, turn off the TV, and set a reminder. They coordinate around Mia’s food preferences and chocolate allergy, and Mia requests snacks. Lucas handles a work call about a 3D modeling draft and is reminded by Mia to rest after staying up late. They place a new photo album on the shelf center, plan for Mia to capture the sunrise at 6:30, and agree to be more organized while balancing work, rest, and exercise.
[2] Mia: Look at these pictures
[2] Lucas: Hmm
[2] Mia: And I think the camera is pretty good
[2] Lucas: Yeah
[3] Lucas: Oh.
[16] Mia: Properly get to the back.
[16] Lucas: Okay but that money you spend on the photo album is enough to buy a new lens.
[16] Mia: New lens okay where.
[16] Mia: Oh which comes to the camera lens you know.
[16] Mia: I remember that I wanna um capture the sunrise tomorrow morning.
[17] Mia: Mm hmm

[Step 2] Evaluating semantic answer...
Action: [Search]
Content: [32, 33, 34, 42, 43]
Summary: The graph shows Mia operating and adjusting a camera and tripod around clips 32–34, planning to take photos at clip 42, and handling the camera at clip 43, but it does not explicitly enumerate all distinct tools used (e.g., camera, tripod, lighting, laptop/tablet) or confirm their role in taking photos; additional video context is needed to determine the exact number of tools.

[Step 3] Watching video clips: [32, 33, 34, 42, 43]

   Processing clip 32 (1/5)...
Question: What does Lucas dislike when she is working?

[Step 1] Searching the graph...
Parse Query Output:
{
  "query_triple": ["<Lucas>", "dislikes", "?", 0.95, 0.3, 0.2],
  "spatial_constraint": null,
  "speaker_strict": null,
  "allocation": {
    "k_high_level": 7,
    "k_low_level": 28,
    "k_conversations": 15,
    "total_k": 50,
    "reasoning": "Preference query tied to an activity context ('when she is working'). Use some high-level edges for traits/preferences, low-level edges for specific disliked actions/objects during work scenes, and conversations for explicit statements."
  }
}

Graph Search Results:
**High-Level Information (Character Attributes and Relationships): **

Character Attributes:
- Lucas is: female (100), dark pants (100), no glasses visible (100), casual style (100), long dark hair down (100), white hoodie (100), medium build (100)

**Low-Level Information (Actions and Events): **

[5] Lucas sits. (living room)
[6] Lucas warns about chocolate. (living room)
[6] Lucas warns robot. (living room)
[7] Lucas sits couch. (living room)
[11] Lucas eats. (living room)
[15] Lucas comments Mia. (bedroom)
[16] Lucas replies to Mia. (bedroom)
[17] Lucas agrees. (home interior moving from bedroom to living room)
[20] Lucas replies. (living room)
[26] Lucas agrees. (living room)
[28] Lucas replies to Mia. (living room)
[29] Lucas replies to Mia. (living room)
[34] Lucas reacts to picture. (living room)
[35] Mia invites Lucas. (living room)
[37] Lucas replies to Mia. (living room)
[41] Lucas reacts. (living room)
[41] Lucas warns Mia. (living room)
[46] Lucas replies. (living room)
[48] Lucas replies. (living room)
[48] Lucas sits. (living room)
[49] Lucas replies. (living room)
[56] Lucas eats. (living room)
[57] Mia invites Lucas. (living room)
[58] Lucas replies. (living room)
[60] Lucas declines drink. (living room)
[61] Lucas replies to Mia. (living room)
[62] Lucas agrees. (living room)
[62] Lucas comments about necklace price. (living room)

**Conversations: **

Conversation 1: Mia and Lucas discuss tidying their space, arranging décor, and using a household robot to organize items, turn off the TV, and set a reminder. They coordinate around Mia’s food preferences and chocolate allergy, and Mia requests snacks. Lucas handles a work call about a 3D modeling draft and is reminded by Mia to rest after staying up late. They place a new photo album on the shelf center, plan for Mia to capture the sunrise at 6:30, and agree to be more organized while balancing work, rest, and exercise.
[2] Mia: Hey Lucas
[2] Mia: Look at these pictures
[2] Lucas: Hmm
[2] Mia: And I think the camera is pretty good
[2] Lucas: Yeah
[8] Mia: So you have work
[8] Mia: Okay
[8] Lucas: Be quiet
[8] Lucas: Yes yes
[8] Lucas: This is uhh, this is your
[12] Mia: That's my new purchase
[12] Mia: Look at this
[12] Lucas: What is it
[12] Mia: It's my new album
[12] Mia: You know new album
[18] Lucas: You are always so organized and so a mighter okay
[18] Mia: Ok you know um filming is a very relaxed way for me I love films
[18] Lucas: Yeah I have to continue my work continue work
[18] Mia: And don't forget to take a rest after work
[18] Lucas: Don't worry
[19] Mia: Hey robot.
[19] Mia: Turn off the TV with the remote control.
[20] Lucas: Oh
[20] Mia: You finish work
[20] Mia: A little bit hungry
[20] Lucas: I need to have a rest
[20] Mia: So why don't you exercise
[20] Lucas: No I would like to have some snacks

Conversation 4: Mia and Lucas discuss plans to capture a sunrise, with Mia interested in learning phone photography skills. Lucas notes he has work tomorrow and decides to rest, while Mia acknowledges his schedule. Lucas indicates tomorrow is another work-related day. Lucas instructs a robot to turn off the computer and place it on the TV cabinet, and the robot agrees.
[52] Mia: Hey Lucas I'm looking forward for the tomorrow's capturing.
[52] Mia: And I wanna learn some skills how to capture the beautiful sunrise on my phone.
[52] Lucas: What are you doing now?
[52] Mia: I'm learning skills.
[52] Lucas: It's wonderful.
[52] Mia: Hmm yes.
[53] Lucas: It is a pity that I still have a lot of work tomorrow
[53] Lucas: So maybe
[53] Lucas: I need to have a rest now

Conversation 3: Mia and Lucas discuss using a reflector and camera while balancing work and exercise. A robot reminds Mia she hasn't completed her exercise, and it reports that tomorrow morning will be sunny, prompting Mia to plan sunrise photography. Lucas is busy finishing his project and is tired, while Mia plans to capture photos in the morning and asks for help with equipment management. The robot assists by providing weather info and handling the reflector.
[47] Mia: So I think it is a good opportunities for me to capture some beautiful pictures at a sunny day I'm looking forward.
[48] Mia: So i think it is a good opportunities for me to capture some beautiful pictures at a sunny day i'm looking forward
[48] Lucas: It is so pity that i can't move on with you i also have a lot of job
[48] Mia: You have too many homework you know
[48] Mia: And i know a boss
[48] Mia: Because um a boss could control the many employees and to think responsible for them well
[48] Lucas: I'm not the managers
[48] Lucas: So i don't want to be pressed
[48] Mia: You just under your boss step you know
[49] Mia: So just do what you need

Conversation 2: Mia and Lucas discuss photographing a bird using Mia’s new camera, with Lucas assisting by fetching equipment and helping adjust lighting. Mia is pleased with the results, plans to create a new photo album, and asks a robot to remind her to back up photos. Lucas compliments her skills and expresses interest in learning to use the camera, while they both admire the images.
[26] Lucas: It's here
[26] Lucas: Try your best
[27] Lucas: Hmm
[28] Mia: Hey Lucas, fetch me the camera
[28] Lucas: Okay
[30] Mia: Yes
[31] Lucas: Oh my god
[31] Lucas: Uh
[31] Mia: Mhmm
[31] Lucas: I feel a little bit a little bit thirsty

Conversation 5: Mia and Lucas discuss exercising, decide to do a quick session together, and then transition to watching TV. They consider genres and specific titles, with Mia favoring soap operas like Shameless and romantic films like Titanic, while Lucas prefers romantic content. Mia admires the 'Heart of the Ocean' necklace but acknowledges its expense. They conclude by deciding to rest, with Mia continuing to watch a show as Lucas goes to his bedroom.
[56] Mia: Okay it's okay.
[56] Lucas: It's okay.
[56] Lucas: So what kind of exercise.
[56] Lucas: Would you like.
[56] Mia: Jump rope.
[56] Mia: You know but we don't have rope jump rope.
[59] Mia: iPad you forgot it here
[59] Mia: Maybe we can search a TV series you know
[59] Lucas: Hmm so what kind is
[59] Mia: I wanna watch a soap opera
[59] Lucas: Soap opera

[Step 2] Evaluating semantic answer...
Action: [Answer]
Content: Being disturbed or pressed by a boss while working.
FINAL ANSWER (from graph):
Being disturbed or pressed by a boss while working.
✓ Updated results.json for living_room_18 (13 questions)
✓ Cleaned up video and frames for living_room_18

============================================================
Processing video: office_04
============================================================
Downloading 1 video(s) to data/videos...

Downloading office_04.mp4...
✓ Successfully downloaded office_04.mp4 to data/videos/office_04.mp4

============================================================
Download Summary:
  Successful: 1/1
============================================================

============================================================
[1/1] Processing: office_04
============================================================
Video: data/videos/office_04.mp4
Subtitles: data/subtitles/robot/office_04.srt
Output: data/frames/office_04
============================================================

Parsing subtitle file: data/subtitles/robot/office_04.srt
Found 166 subtitle entries
Video: 1280x720, 30.00 FPS, 58269 frames, 1942.30s duration

Extracting frames with subtitles...
Grouping frames into folders of 30 frames each
  Saved 10 frames (up to 9s, folder 1)
  Saved 20 frames (up to 19s, folder 1)
  Saved 30 frames (up to 29s, folder 1)
  Saved 40 frames (up to 39s, folder 2)
  Saved 50 frames (up to 49s, folder 2)
  Saved 60 frames (up to 59s, folder 2)
  Saved 70 frames (up to 69s, folder 3)
  Saved 80 frames (up to 79s, folder 3)
  Saved 90 frames (up to 89s, folder 3)
  Saved 100 frames (up to 99s, folder 4)
  Saved 110 frames (up to 109s, folder 4)
  Saved 120 frames (up to 119s, folder 4)
  Saved 130 frames (up to 129s, folder 5)
  Saved 140 frames (up to 139s, folder 5)
  Saved 150 frames (up to 149s, folder 5)
  Saved 160 frames (up to 159s, folder 6)
  Saved 170 frames (up to 169s, folder 6)
  Saved 180 frames (up to 179s, folder 6)
  Saved 190 frames (up to 189s, folder 7)
  Saved 200 frames (up to 199s, folder 7)
  Saved 210 frames (up to 209s, folder 7)
  Saved 220 frames (up to 219s, folder 8)
  Saved 230 frames (up to 229s, folder 8)
  Saved 240 frames (up to 239s, folder 8)
  Saved 250 frames (up to 249s, folder 9)
  Saved 260 frames (up to 259s, folder 9)
  Saved 270 frames (up to 269s, folder 9)
  Saved 280 frames (up to 279s, folder 10)
  Saved 290 frames (up to 289s, folder 10)
  Saved 300 frames (up to 299s, folder 10)
  Saved 310 frames (up to 309s, folder 11)
  Saved 320 frames (up to 319s, folder 11)
  Saved 330 frames (up to 329s, folder 11)
  Saved 340 frames (up to 339s, folder 12)
  Saved 350 frames (up to 349s, folder 12)
  Saved 360 frames (up to 359s, folder 12)
  Saved 370 frames (up to 369s, folder 13)
  Saved 380 frames (up to 379s, folder 13)
  Saved 390 frames (up to 389s, folder 13)
  Saved 400 frames (up to 399s, folder 14)
  Saved 410 frames (up to 409s, folder 14)
  Saved 420 frames (up to 419s, folder 14)
  Saved 430 frames (up to 429s, folder 15)
  Saved 440 frames (up to 439s, folder 15)
  Saved 450 frames (up to 449s, folder 15)
  Saved 460 frames (up to 459s, folder 16)
  Saved 470 frames (up to 469s, folder 16)
  Saved 480 frames (up to 479s, folder 16)
  Saved 490 frames (up to 489s, folder 17)
  Saved 500 frames (up to 499s, folder 17)
  Saved 510 frames (up to 509s, folder 17)
  Saved 520 frames (up to 519s, folder 18)
  Saved 530 frames (up to 529s, folder 18)
  Saved 540 frames (up to 539s, folder 18)
  Saved 550 frames (up to 549s, folder 19)
  Saved 560 frames (up to 559s, folder 19)
  Saved 570 frames (up to 569s, folder 19)
  Saved 580 frames (up to 579s, folder 20)
  Saved 590 frames (up to 589s, folder 20)
  Saved 600 frames (up to 599s, folder 20)
  Saved 610 frames (up to 609s, folder 21)
  Saved 620 frames (up to 619s, folder 21)
  Saved 630 frames (up to 629s, folder 21)
  Saved 640 frames (up to 639s, folder 22)
  Saved 650 frames (up to 649s, folder 22)
  Saved 660 frames (up to 659s, folder 22)
  Saved 670 frames (up to 669s, folder 23)
  Saved 680 frames (up to 679s, folder 23)
  Saved 690 frames (up to 689s, folder 23)
  Saved 700 frames (up to 699s, folder 24)
  Saved 710 frames (up to 709s, folder 24)
  Saved 720 frames (up to 719s, folder 24)
  Saved 730 frames (up to 729s, folder 25)
  Saved 740 frames (up to 739s, folder 25)
  Saved 750 frames (up to 749s, folder 25)
  Saved 760 frames (up to 759s, folder 26)
  Saved 770 frames (up to 769s, folder 26)
  Saved 780 frames (up to 779s, folder 26)
  Saved 790 frames (up to 789s, folder 27)
  Saved 800 frames (up to 799s, folder 27)
  Saved 810 frames (up to 809s, folder 27)
  Saved 820 frames (up to 819s, folder 28)
  Saved 830 frames (up to 829s, folder 28)
  Saved 840 frames (up to 839s, folder 28)
  Saved 850 frames (up to 849s, folder 29)
  Saved 860 frames (up to 859s, folder 29)
  Saved 870 frames (up to 869s, folder 29)
  Saved 880 frames (up to 879s, folder 30)
  Saved 890 frames (up to 889s, folder 30)
  Saved 900 frames (up to 899s, folder 30)
  Saved 910 frames (up to 909s, folder 31)
  Saved 920 frames (up to 919s, folder 31)
  Saved 930 frames (up to 929s, folder 31)
  Saved 940 frames (up to 939s, folder 32)
  Saved 950 frames (up to 949s, folder 32)
  Saved 960 frames (up to 959s, folder 32)
  Saved 970 frames (up to 969s, folder 33)
  Saved 980 frames (up to 979s, folder 33)
  Saved 990 frames (up to 989s, folder 33)
  Saved 1000 frames (up to 999s, folder 34)
  Saved 1010 frames (up to 1009s, folder 34)
  Saved 1020 frames (up to 1019s, folder 34)
  Saved 1030 frames (up to 1029s, folder 35)
  Saved 1040 frames (up to 1039s, folder 35)
  Saved 1050 frames (up to 1049s, folder 35)
  Saved 1060 frames (up to 1059s, folder 36)
  Saved 1070 frames (up to 1069s, folder 36)
  Saved 1080 frames (up to 1079s, folder 36)
  Saved 1090 frames (up to 1089s, folder 37)
  Saved 1100 frames (up to 1099s, folder 37)
  Saved 1110 frames (up to 1109s, folder 37)
  Saved 1120 frames (up to 1119s, folder 38)
  Saved 1130 frames (up to 1129s, folder 38)
  Saved 1140 frames (up to 1139s, folder 38)
  Saved 1150 frames (up to 1149s, folder 39)
  Saved 1160 frames (up to 1159s, folder 39)
  Saved 1170 frames (up to 1169s, folder 39)
  Saved 1180 frames (up to 1179s, folder 40)
  Saved 1190 frames (up to 1189s, folder 40)
  Saved 1200 frames (up to 1199s, folder 40)
  Saved 1210 frames (up to 1209s, folder 41)
  Saved 1220 frames (up to 1219s, folder 41)
  Saved 1230 frames (up to 1229s, folder 41)
  Saved 1240 frames (up to 1239s, folder 42)
  Saved 1250 frames (up to 1249s, folder 42)
  Saved 1260 frames (up to 1259s, folder 42)
  Saved 1270 frames (up to 1269s, folder 43)
  Saved 1280 frames (up to 1279s, folder 43)
  Saved 1290 frames (up to 1289s, folder 43)
  Saved 1300 frames (up to 1299s, folder 44)
  Saved 1310 frames (up to 1309s, folder 44)
  Saved 1320 frames (up to 1319s, folder 44)
  Saved 1330 frames (up to 1329s, folder 45)
  Saved 1340 frames (up to 1339s, folder 45)
  Saved 1350 frames (up to 1349s, folder 45)
  Saved 1360 frames (up to 1359s, folder 46)
  Saved 1370 frames (up to 1369s, folder 46)
  Saved 1380 frames (up to 1379s, folder 46)
  Saved 1390 frames (up to 1389s, folder 47)
  Saved 1400 frames (up to 1399s, folder 47)
  Saved 1410 frames (up to 1409s, folder 47)
  Saved 1420 frames (up to 1419s, folder 48)
  Saved 1430 frames (up to 1429s, folder 48)
  Saved 1440 frames (up to 1439s, folder 48)
  Saved 1450 frames (up to 1449s, folder 49)
  Saved 1460 frames (up to 1459s, folder 49)
  Saved 1470 frames (up to 1469s, folder 49)
  Saved 1480 frames (up to 1479s, folder 50)
  Saved 1490 frames (up to 1489s, folder 50)
  Saved 1500 frames (up to 1499s, folder 50)
  Saved 1510 frames (up to 1509s, folder 51)
  Saved 1520 frames (up to 1519s, folder 51)
  Saved 1530 frames (up to 1529s, folder 51)
  Saved 1540 frames (up to 1539s, folder 52)
  Saved 1550 frames (up to 1549s, folder 52)
  Saved 1560 frames (up to 1559s, folder 52)
  Saved 1570 frames (up to 1569s, folder 53)
  Saved 1580 frames (up to 1579s, folder 53)
  Saved 1590 frames (up to 1589s, folder 53)
  Saved 1600 frames (up to 1599s, folder 54)
  Saved 1610 frames (up to 1609s, folder 54)
  Saved 1620 frames (up to 1619s, folder 54)
  Saved 1630 frames (up to 1629s, folder 55)
  Saved 1640 frames (up to 1639s, folder 55)
  Saved 1650 frames (up to 1649s, folder 55)
  Saved 1660 frames (up to 1659s, folder 56)
  Saved 1670 frames (up to 1669s, folder 56)
  Saved 1680 frames (up to 1679s, folder 56)
  Saved 1690 frames (up to 1689s, folder 57)
  Saved 1700 frames (up to 1699s, folder 57)
  Saved 1710 frames (up to 1709s, folder 57)
  Saved 1720 frames (up to 1719s, folder 58)
  Saved 1730 frames (up to 1729s, folder 58)
  Saved 1740 frames (up to 1739s, folder 58)
  Saved 1750 frames (up to 1749s, folder 59)
  Saved 1760 frames (up to 1759s, folder 59)
  Saved 1770 frames (up to 1769s, folder 59)
  Saved 1780 frames (up to 1779s, folder 60)
  Saved 1790 frames (up to 1789s, folder 60)
  Saved 1800 frames (up to 1799s, folder 60)
  Saved 1810 frames (up to 1809s, folder 61)
  Saved 1820 frames (up to 1819s, folder 61)
  Saved 1830 frames (up to 1829s, folder 61)
  Saved 1840 frames (up to 1839s, folder 62)
  Saved 1850 frames (up to 1849s, folder 62)
  Saved 1860 frames (up to 1859s, folder 62)
  Saved 1870 frames (up to 1869s, folder 63)
  Saved 1880 frames (up to 1879s, folder 63)
  Saved 1890 frames (up to 1889s, folder 63)
  Saved 1900 frames (up to 1899s, folder 64)
  Saved 1910 frames (up to 1909s, folder 64)
  Saved 1920 frames (up to 1919s, folder 64)
  Saved 1930 frames (up to 1929s, folder 65)
  Saved 1940 frames (up to 1939s, folder 65)

✓ Extracted 1943 frames to data/frames/office_04

✓ Successfully processed office_04: 1943 frames saved
--------------------------------
Processing folder:  data/frames/office_04/1
Inserted 20 triples into graph for clip 1
--------------------------------
Processing folder:  data/frames/office_04/2
Inserted 15 triples into graph for clip 2
--------------------------------
Processing folder:  data/frames/office_04/3
Inserted 22 triples into graph for clip 3
--------------------------------
Processing folder:  data/frames/office_04/4
Inserted 20 triples into graph for clip 4
--------------------------------
Processing folder:  data/frames/office_04/5
Inserted 18 triples into graph for clip 5
--------------------------------
Processing folder:  data/frames/office_04/6
Inserted 18 triples into graph for clip 6
--------------------------------
Processing folder:  data/frames/office_04/7
Inserted 29 triples into graph for clip 7
--------------------------------
Processing folder:  data/frames/office_04/8
Inserted 19 triples into graph for clip 8
--------------------------------
Processing folder:  data/frames/office_04/9
Inserted 11 triples into graph for clip 9
--------------------------------
Processing folder:  data/frames/office_04/10
Inserted 22 triples into graph for clip 10
--------------------------------
Processing folder:  data/frames/office_04/11
Inserted 18 triples into graph for clip 11
--------------------------------
Processing folder:  data/frames/office_04/12
Inserted 22 triples into graph for clip 12
--------------------------------
Processing folder:  data/frames/office_04/13
Extracting summary for completed conversation 1...
Warning: Character '<Leo>' not found in graph, skipping attribute: helpful
Warning: Character '<Leo>' not found in graph, skipping relationship
✓ Conversation summary extracted. Attributes: 8, Relationships: 3
Inserted 20 triples into graph for clip 13
--------------------------------
Processing folder:  data/frames/office_04/14
Inserted 21 triples into graph for clip 14
--------------------------------
Processing folder:  data/frames/office_04/15
Extracting summary for completed conversation 2...
✓ Conversation summary extracted. Attributes: 4, Relationships: 2
Inserted 17 triples into graph for clip 15
--------------------------------
Processing folder:  data/frames/office_04/16
Inserted 16 triples into graph for clip 16
--------------------------------
Processing folder:  data/frames/office_04/17
Inserted 14 triples into graph for clip 17
--------------------------------
Processing folder:  data/frames/office_04/18
Inserted 25 triples into graph for clip 18
--------------------------------
Processing folder:  data/frames/office_04/19
Extracting summary for completed conversation 3...
✓ Conversation summary extracted. Attributes: 3, Relationships: 1
Inserted 16 triples into graph for clip 19
--------------------------------
Processing folder:  data/frames/office_04/20
Inserted 28 triples into graph for clip 20
--------------------------------
Processing folder:  data/frames/office_04/21
Inserted 24 triples into graph for clip 21
--------------------------------
Processing folder:  data/frames/office_04/22
Inserted 14 triples into graph for clip 22
--------------------------------
Processing folder:  data/frames/office_04/23
Inserted 13 triples into graph for clip 23
--------------------------------
Processing folder:  data/frames/office_04/24
Inserted 16 triples into graph for clip 24
--------------------------------
Processing folder:  data/frames/office_04/25
Extracting summary for completed conversation 4...
✓ Conversation summary extracted. Attributes: 4, Relationships: 2
Inserted 18 triples into graph for clip 25
--------------------------------
Processing folder:  data/frames/office_04/26
Inserted 15 triples into graph for clip 26
--------------------------------
Processing folder:  data/frames/office_04/27
Inserted 15 triples into graph for clip 27
--------------------------------
Processing folder:  data/frames/office_04/28
Inserted 23 triples into graph for clip 28
--------------------------------
Processing folder:  data/frames/office_04/29
Inserted 14 triples into graph for clip 29
--------------------------------
Processing folder:  data/frames/office_04/30
Extracting summary for completed conversation 5...
✓ Conversation summary extracted. Attributes: 5, Relationships: 2
Inserted 15 triples into graph for clip 30
--------------------------------
Processing folder:  data/frames/office_04/31
Inserted 26 triples into graph for clip 31
--------------------------------
Processing folder:  data/frames/office_04/32
Extracting summary for completed conversation 6...
✓ Conversation summary extracted. Attributes: 5, Relationships: 3
Inserted 20 triples into graph for clip 32
--------------------------------
Processing folder:  data/frames/office_04/33
Inserted 15 triples into graph for clip 33
--------------------------------
Processing folder:  data/frames/office_04/34
Extracting summary for completed conversation 7...
✓ Conversation summary extracted. Attributes: 3, Relationships: 2
Inserted 19 triples into graph for clip 34
--------------------------------
Processing folder:  data/frames/office_04/35
Inserted 21 triples into graph for clip 35
--------------------------------
Processing folder:  data/frames/office_04/36
Inserted 14 triples into graph for clip 36
--------------------------------
Processing folder:  data/frames/office_04/37
Inserted 24 triples into graph for clip 37
--------------------------------
Processing folder:  data/frames/office_04/38
Inserted 22 triples into graph for clip 38
--------------------------------
Processing folder:  data/frames/office_04/39
Extracting summary for completed conversation 8...
✓ Conversation summary extracted. Attributes: 4, Relationships: 2
Inserted 20 triples into graph for clip 39
--------------------------------
Processing folder:  data/frames/office_04/40
Inserted 19 triples into graph for clip 40
--------------------------------
Processing folder:  data/frames/office_04/41
Inserted 21 triples into graph for clip 41
--------------------------------
Processing folder:  data/frames/office_04/42
Extracting summary for completed conversation 9...
✓ Conversation summary extracted. Attributes: 4, Relationships: 3
Inserted 20 triples into graph for clip 42
--------------------------------
Processing folder:  data/frames/office_04/43
Inserted 18 triples into graph for clip 43
--------------------------------
Processing folder:  data/frames/office_04/44
Inserted 22 triples into graph for clip 44
--------------------------------
Processing folder:  data/frames/office_04/45
Inserted 29 triples into graph for clip 45
--------------------------------
Processing folder:  data/frames/office_04/46
Extracting summary for completed conversation 10...
✓ Conversation summary extracted. Attributes: 4, Relationships: 2
Inserted 23 triples into graph for clip 46
--------------------------------
Processing folder:  data/frames/office_04/47
Inserted 15 triples into graph for clip 47
--------------------------------
Processing folder:  data/frames/office_04/48
Inserted 25 triples into graph for clip 48
--------------------------------
Processing folder:  data/frames/office_04/49
Extracting summary for completed conversation 11...
✓ Conversation summary extracted. Attributes: 4, Relationships: 2
Inserted 14 triples into graph for clip 49
--------------------------------
Processing folder:  data/frames/office_04/50
Inserted 17 triples into graph for clip 50
--------------------------------
Processing folder:  data/frames/office_04/51
Inserted 16 triples into graph for clip 51
--------------------------------
Processing folder:  data/frames/office_04/52
Inserted 26 triples into graph for clip 52
--------------------------------
Processing folder:  data/frames/office_04/53
Extracting summary for completed conversation 12...
✓ Conversation summary extracted. Attributes: 7, Relationships: 6
Inserted 19 triples into graph for clip 53
--------------------------------
Processing folder:  data/frames/office_04/54
Inserted 16 triples into graph for clip 54
--------------------------------
Processing folder:  data/frames/office_04/55
Inserted 16 triples into graph for clip 55
--------------------------------
Processing folder:  data/frames/office_04/56
Inserted 11 triples into graph for clip 56
--------------------------------
Processing folder:  data/frames/office_04/57
Inserted 22 triples into graph for clip 57
--------------------------------
Processing folder:  data/frames/office_04/58
Inserted 15 triples into graph for clip 58
--------------------------------
Processing folder:  data/frames/office_04/59
Inserted 25 triples into graph for clip 59
--------------------------------
Processing folder:  data/frames/office_04/60
Inserted 19 triples into graph for clip 60
--------------------------------
Processing folder:  data/frames/office_04/61
Extracting summary for completed conversation 13...
✓ Conversation summary extracted. Attributes: 7, Relationships: 6
Inserted 20 triples into graph for clip 61
--------------------------------
Processing folder:  data/frames/office_04/62
Inserted 30 triples into graph for clip 62
--------------------------------
Processing folder:  data/frames/office_04/63
Inserted 18 triples into graph for clip 63
--------------------------------
Processing folder:  data/frames/office_04/64
Inserted 11 triples into graph for clip 64
--------------------------------
Processing folder:  data/frames/office_04/65
Inserted 23 triples into graph for clip 65
Extracting summary for final conversation 14...
✓ Final conversation summary extracted. Attributes: 5, Relationships: 4
Inserting character appearances for 7 characters...
✓ Character appearances inserted: 38 appearance edges created
301 node embeddings inserted (16 characters, 285 objects)
1365 edge embeddings inserted
Generating character attributes...
Number of edges:  1365
Character attributes generated.
Number of edges:  1429
Character relationships generated.
Number of edges:  1510
✓ Graph memory built for office_04
Question: What's Lila's job?

[Step 1] Searching the graph...
Parse Query Output:
{
  "query_triple": ["<Lila>", "job", null, 0.98, 0.25, 0.1],
  "spatial_constraint": null,
  "speaker_strict": null,
  "allocation": {
    "k_high_level": 10,
    "k_low_level": 5,
    "k_conversations": 35,
    "total_k": 50,
    "reasoning": "Occupation is a high-level attribute; use high-level edges for traits, and conversations to catch explicit mentions (e.g., introductions). Low-level edges are minimally needed."
  }
}

Graph Search Results:
**High-Level Information (Character Attributes and Relationships): **

Character Attributes:
- Lila is: female (100), slim (100), blue jeans (100), seated at left desk writing (100), dark hair in a bun (100), white sneakers (100), light pink T-shirt (100), diligent (90), dedicated to improving teaching (90)

Character Relationships:
- Anne is colleague of Lila (95)

**Low-Level Information (Actions and Events): **

[3] Lila works on computer. (office)
[5] Winnie asks Lila. (office)
[36] Lila moves mouse. (office)
[40] Lila works at paper. (office)
[55] Lila asks Winnie. (office)

**Conversations: **

Conversation 13: The group discussed poor exam results for a class, with Lila expressing concern about her teaching effectiveness. Anne and Winnie reassured her, noting one exam isn’t definitive, while reporting their own students did well. Lila resolved to prepare more seriously and requested a textbook and supplies to plan lessons.
[55] Winnie: they are children but you are adult
[55] Winnie: so it's easy for you
[55] Lila: stop lecturing me
[56] Lila: I'm already annoyed enough
[56] Lila: did your two students do very well on this exam
[56] Lila: hmm
[56] Anne: pretty good
[56] Winnie: pretty good
[57] Lila: It seems I should be indeed serious.
[57] Lila: Leo please bring me the textbook.
[57] Lila: I need it for lesson preparation.
[58] Lila: Winnie could I borrow your black pen
[58] Winnie: okay of course
[59] Winnie: Leo please take a black pen from my bag
[59] Leo: okay
[60] Lila: thank you

Conversation 1: Lila is reminded by Winnie to focus on work instead of watching TikToks, and Lila agrees. Lila mentions a likely unreimbursed expense and decides to proceed with non-computer tasks, requesting supplies and test papers from Leo. Winnie offers limited assistance, and Lila relocates to work with an available office chair before resuming tasks.
[2] Lila: let me watch some TikToks
[2] Lila: it's funny
[3] Winnie: hi Lila morning
[3] Lila: morning Winnie
[4] Winnie: get to work
[4] Winnie: okay?
[4] Lila: got it
[5] Lila: oh no oh my god
[5] Lila: oh my god
[5] Winnie: what happened
[5] Lila: the school won't probably reimburse this kind of thing
[6] Lila: I have to pay out of my pocket again
[6] Lila: oh no
[6] Lila: okay there's no computer work
[6] Lila: anyway
[6] Lila: well
[7] Lila: can I take my bag with you
[7] Winnie: okay
[7] Lila: do you have tissue
[7] Winnie: let me find
[7] Winnie: no I forget for it today
[8] Winnie: you are diligent
[8] Winnie: and can you help me
[8] Lila: no
[8] Winnie: oh all right
[9] Lila: the office back chair is so hard
[10] Winnie: is there a office chair you can work here
[10] Winnie: and since you don't need a computer anyway
[10] Lila: okay
[11] Lila: okay stop, I need to work
[11] Lila: Leo please bring the test papers on my desk
[11] Leo: okay
[12] Lila: please bring the red pen in my bag
[12] Lila: thank you

Conversation 9: Anne asks why Lila moved to office work, and Leo explains that Lila has back issues, an uncomfortable chair, and a broken keyboard, preventing computer use. Anne comments on Lila’s bad luck, and Lila agrees. No decisions are made beyond acknowledging Lila’s situation.
[41] Anne: hey Leo why Lila have moved to the office work
[41] Leo: Lila's back is not good
[41] Leo: the chair back at the desk is too hard
[41] Leo: and Lila's keyboard got water damage and broke
[41] Leo: so she can't use the computer
[41] Anne: Lila
[41] Anne: you are unlucky today
[41] Lila: yeah

Conversation 12: Lila was deciding what to eat and preferred rice, but a new office rule prohibited ordering takeout, leaving her without food. Anne offered her chips, and Winnie affirmed they were good. Anne asked Leo to bring the chips to Lila, resolving Lila’s immediate hunger.
[50] Lila: what should I eat
[50] Lila: chicken, burgers or salad
[50] Anne: hmm what do you want to eat noodles
[51] Anne: The office isn't allowed to order takeout didn't you see it.
[51] Anne: Oh.
[51] Lila: Oh no.
[51] Winnie: I forget it.
[51] Lila: I didn't bring any food today what should I do.
[52] Anne: why don't you eat my chips I'm not hungry anyway
[52] Winnie: hmm yeah it's delicious
[52] Lila: please give me
[52] Anne: hi Leo please bring the chips to Lila
[52] Lila: thank you

Conversation 10: Lila asked for help returning test papers and a red pen to their original locations. The robot agreed to assist, indicating a cooperative outcome.
[45] Lila: Leo:
[45] Lila: please help me put these test papers and the red pen
[45] Lila: in the original places
[45] robot: okay

Conversation 5: Winnie asks Leo to dispose of an orange peel, and Leo agrees. Winnie comments that the orange is sweet and asks where it was bought; Lila says she bought a bag for $5 on her way home yesterday. Winnie offers Lila some, but Lila declines, noting she already ate some last night.
[29] Lila: I bought it on the way my home yesterday $5 per bag
[29] Winnie: you want to try it
[29] Lila: no need
[29] Lila: I ate it last night
[29] Winnie: all right

Conversation 11: Lila expresses a desire to order takeout and asks Leo to bring her the iPad to do so. Leo agrees, indicating cooperation and alignment on facilitating the order.
[48] Lila: Leo I'm hungry
[48] Lila: please bring me the iPad
[48] Lila: I want to order the takeout
[48] Leo: okay

Conversation 2: They discussed a towel not being put back. Lila acknowledged forgetting and asked Leo to return the towel to its original place. Winnie accepted the explanation without objection.
[14] Winnie: oh why don't you put the towel back up using it
[14] Lila: I forgot it hmm
[14] Winnie: humm okay
[14] Lila: Leo please put towel back in its original place

[Step 2] Evaluating semantic answer...
Action: [Answer]
Content: Lila is a teacher.
FINAL ANSWER (from graph):
Lila is a teacher.
Question: Who gets to the office earliest every day, lila or Winnie?

[Step 1] Searching the graph...
Parse Query Output:
{
  "query_triple": ["null", "arrives earliest at", "office", 0.1, 0.25, 0.6],
  "spatial_constraint": "office",
  "speaker_strict": null,
  "allocation": {
    "k_high_level": 6,
    "k_low_level": 34,
    "k_conversations": 10,
    "total_k": 50,
    "reasoning": "Temporal/action comparison between specific people arriving at a specific location; prioritize low-level edges for arrival times and routine patterns, include some high-level for habitual traits, and a small portion of conversations in case dialogue mentions arrival schedules."
  }
}

Graph Search Results:
**High-Level Information (Character Attributes and Relationships): **

Character Attributes:
- character_1 is: seated at laptop (100)
- character_2 is: seated at center desk (100)
- robot is: no visible face (100), camera-holder (100)

Character Relationships:
- robot complies with Lila (85)
- robot is helpful toward female at left desk (80)

**Low-Level Information (Actions and Events): **

[1] Lila enters from left office. (office)
[2] Lila stands at front desk. (office)
[2] keyboard is from desk. (office)
[3] Lila sits at central desk. (office)
[4] Winnie sits at desk. (office)
[6] Winnie sits at desk. (office)
[7] Lila picks up from desk. (office)
[13] white knitted item is from desk. (office)
[14] Winnie turns toward desk. (office)
[18] robot stands near desk. (office)
[18] glass is from desk. (office)
[22] robot walks toward desk. (office)
[22] female at left desk is at desk. (office)
[23] character_2 sits at right desk. (office)
[26] character_2 sits at central desk. (office)
[27] peeled orange segment is at desk. (office)
[28] character_2 sits at central desk. (office)
[28] robot picks up from desk. (office)
[29] document is on desk. (office)
[29] Anne is at desk. (office)
[30] character_2 picks up from desk. (office)
[35] desk is near Winnie's laptop. (office)
[40] document is on desk. (office)
[46] robot sets back on desk. (office)
[50] keyboard is at central desk. (office)
[51] character_1 sits at right desk. (office)
[53] Lila eats at desk. (office)
[55] character_1 sits at right desk. (office)
[56] character_1 sits at right desk. (office)
[60] Lila sits at desk. (office)
[60] Anne is at other desk. (office)
[61] keyboard is at central desk. (office)
[61] character_1 sits at right desk. (office)
[61] red bottle is from desk. (office)

**Conversations: **

Conversation 1: Lila is reminded by Winnie to focus on work instead of watching TikToks, and Lila agrees. Lila mentions a likely unreimbursed expense and decides to proceed with non-computer tasks, requesting supplies and test papers from Leo. Winnie offers limited assistance, and Lila relocates to work with an available office chair before resuming tasks.
[2] Lila: let me watch some TikToks
[2] Lila: it's funny
[3] Winnie: hi Lila morning
[3] Lila: morning Winnie
[3] Winnie: oh you're the first to arrive every day
[4] Winnie: but after you get here you are always on TikToks
[4] Winnie: get to work
[4] Winnie: okay?
[4] Lila: got it
[7] Winnie: yeah here
[8] Lila: it's dirty too, I wipe it
[8] Winnie: hmm
[8] Winnie: you are diligent
[8] Winnie: and can you help me
[8] Lila: no

Conversation 13: The group discussed poor exam results for a class, with Lila expressing concern about her teaching effectiveness. Anne and Winnie reassured her, noting one exam isn’t definitive, while reporting their own students did well. Lila resolved to prepare more seriously and requested a textbook and supplies to plan lessons.
[55] Lila: I don't know why second
[55] Lila: grade knowledge is so difficult for them
[55] Winnie: hmm
[55] Winnie: they are children but you are adult
[55] Winnie: so it's easy for you
[57] Lila: Leo please bring me the textbook.
[57] Lila: I need it for lesson preparation.
[58] Lila: Winnie could I borrow your black pen
[58] Winnie: okay of course
[59] Winnie: Leo please take a black pen from my bag

Conversation 6: The group exchanges morning greetings and discusses punctuality. Winnie points out that Anne is late compared to the others, and Anne suggests her watch might be slow.
[31] Lila: morning Anne
[31] Anne: you are so early today
[31] Winnie: hmm
[31] Winnie: it's not we are early it's that
[31] Winnie: you are too late

Conversation 14: Anne and Winnie share and enjoy Cola, with Anne agreeing to give Winnie a small amount once Winnie gets a cup. Winnie expresses appreciation and mentions she hasn't had Cola in a long time. Anne asks Leo to handle disposing of the bottle, and Leo agrees.
[62] Anne: Cola is so delicious
[62] Winnie: hmm
[62] Winnie: can you share some Cola with me
[62] Anne: of course do you have cup

[Step 2] Evaluating semantic answer...
Action: [Answer]
Content: Lila arrives earliest every day.
FINAL ANSWER (from graph):
Lila arrives earliest every day.
Question: Do Lila and Annie have the same taste for drinks?

[Step 1] Searching the graph...
Parse Query Output:
{
  "query_triple": ["<Lila>", "drink preference similarity", "<Annie>", 0.95, 0.25, 0.95],
  "spatial_constraint": null,
  "speaker_strict": null,
  "allocation": {
    "k_high_level": 9,
    "k_low_level": 11,
    "k_conversations": 30,
    "total_k": 50,
    "reasoning": "Preference/relationship comparison; use high-level for traits, conversations for stated likes/dislikes, and some low-level for observed drink choices."
  }
}

Graph Search Results:
**High-Level Information (Character Attributes and Relationships): **

Character Attributes:
- Lila is: blue jeans (100), light pink T-shirt (100), female (100), slim (100), white sneakers (100), dark hair in a bun (100), seated at left desk writing (100), dedicated to improving teaching (90)

Character Relationships:
- Anne is colleague of Lila (95)

**Low-Level Information (Actions and Events): **

[5] Lila sits at Lila's desk. (office)
[9] Lila leans back in Lila's chair. (office)
[10] Lila looks at Lila's phone. (office)
[10] Lila uses Lila's phone. (office)
[11] Lila looks at Lila's phone. (office)
[45] Lila points at Lila's desk. (office)
[46] Lila looks at Lila's phone. (office)
[48] Lila looks at Lila's phone. (office)
[48] Lila drinks from bottle. (office)
[50] Lila uses Lila's phone. (office)
[56] Lila rests head on Lila's hand. (office)

**Conversations: **

Conversation 9: Anne asks why Lila moved to office work, and Leo explains that Lila has back issues, an uncomfortable chair, and a broken keyboard, preventing computer use. Anne comments on Lila’s bad luck, and Lila agrees. No decisions are made beyond acknowledging Lila’s situation.
[41] Anne: hey Leo why Lila have moved to the office work
[41] Leo: Lila's back is not good
[41] Leo: the chair back at the desk is too hard
[41] Leo: and Lila's keyboard got water damage and broke
[41] Leo: so she can't use the computer
[41] Anne: Lila
[41] Anne: you are unlucky today
[41] Lila: yeah

Conversation 13: The group discussed poor exam results for a class, with Lila expressing concern about her teaching effectiveness. Anne and Winnie reassured her, noting one exam isn’t definitive, while reporting their own students did well. Lila resolved to prepare more seriously and requested a textbook and supplies to plan lessons.
[55] Winnie: so it's easy for you
[55] Lila: stop lecturing me
[56] Lila: I'm already annoyed enough
[56] Lila: did your two students do very well on this exam
[56] Lila: hmm
[56] Anne: pretty good
[56] Winnie: pretty good
[56] Lila: it's clearly the same test paper
[56] Lila: could it really be because I'm not teaching well
[56] Anne: it's okay one exam doesn't mean anything
[59] Winnie: Leo please take a black pen from my bag
[59] Leo: okay
[60] Lila: thank you

Conversation 14: Anne and Winnie share and enjoy Cola, with Anne agreeing to give Winnie a small amount once Winnie gets a cup. Winnie expresses appreciation and mentions she hasn't had Cola in a long time. Anne asks Leo to handle disposing of the bottle, and Leo agrees.
[62] Anne: Cola is so delicious
[62] Winnie: hmm
[62] Winnie: can you share some Cola with me
[62] Anne: of course do you have cup
[62] Winnie: hmm I'll get it
[62] Anne: okay

Conversation 6: The group exchanges morning greetings and discusses punctuality. Winnie points out that Anne is late compared to the others, and Anne suggests her watch might be slow.
[31] Anne: hi morning
[31] Lila: morning Anne
[31] Anne: you are so early today
[31] Winnie: hmm

Conversation 3: Lila requested a cup of tea, and Leo agreed to fulfill the request. The interaction indicates a simple service-oriented exchange with consent and cooperation.
[18] Lila: Leo I'm thirsty please make me a cup of tea
[18] Leo: okay

Conversation 12: Lila was deciding what to eat and preferred rice, but a new office rule prohibited ordering takeout, leaving her without food. Anne offered her chips, and Winnie affirmed they were good. Anne asked Leo to bring the chips to Lila, resolving Lila’s immediate hunger.
[50] Lila: what should I eat
[50] Lila: chicken, burgers or salad
[50] Anne: hmm what do you want to eat noodles
[51] Anne: The office isn't allowed to order takeout didn't you see it.
[51] Anne: Oh.
[51] Lila: Oh no.
[51] Winnie: I forget it.
[51] Lila: I didn't bring any food today what should I do.
[52] Lila: drink water to stave off hunger
[52] Anne: why don't you eat my chips I'm not hungry anyway
[52] Winnie: hmm yeah it's delicious
[52] Lila: please give me
[52] Anne: hi Leo please bring the chips to Lila
[52] Lila: thank you

Conversation 1: Lila is reminded by Winnie to focus on work instead of watching TikToks, and Lila agrees. Lila mentions a likely unreimbursed expense and decides to proceed with non-computer tasks, requesting supplies and test papers from Leo. Winnie offers limited assistance, and Lila relocates to work with an available office chair before resuming tasks.
[2] Lila: let me watch some TikToks
[2] Lila: it's funny
[3] Winnie: hi Lila morning
[3] Lila: morning Winnie
[4] Winnie: get to work
[4] Winnie: okay?
[4] Lila: got it
[5] Lila: oh no oh my god
[5] Lila: oh my god
[5] Winnie: what happened
[5] Lila: the school won't probably reimburse this kind of thing
[6] Lila: I have to pay out of my pocket again
[6] Lila: oh no
[6] Lila: okay there's no computer work
[6] Lila: anyway
[6] Lila: well
[7] Lila: can I take my bag with you
[7] Winnie: okay
[7] Lila: do you have tissue
[7] Winnie: let me find
[7] Winnie: no I forget for it today
[8] Winnie: you are diligent
[8] Winnie: and can you help me
[8] Lila: no
[8] Winnie: oh all right
[9] Lila: the office back chair is so hard
[10] Winnie: is there a office chair you can work here
[10] Winnie: and since you don't need a computer anyway
[10] Lila: okay
[11] Lila: okay stop, I need to work
[11] Lila: Leo please bring the test papers on my desk
[11] Leo: okay
[12] Lila: please bring the red pen in my bag
[12] Lila: thank you

Conversation 11: Lila expresses a desire to order takeout and asks Leo to bring her the iPad to do so. Leo agrees, indicating cooperation and alignment on facilitating the order.
[48] Lila: Leo I'm hungry
[48] Lila: please bring me the iPad
[48] Lila: I want to order the takeout
[48] Leo: okay

Conversation 5: Winnie asks Leo to dispose of an orange peel, and Leo agrees. Winnie comments that the orange is sweet and asks where it was bought; Lila says she bought a bag for $5 on her way home yesterday. Winnie offers Lila some, but Lila declines, noting she already ate some last night.
[29] Lila: I bought it on the way my home yesterday $5 per bag
[29] Winnie: you want to try it
[29] Lila: no need
[29] Lila: I ate it last night
[29] Winnie: all right

[Step 2] Evaluating semantic answer...
Action: [Search]
Content: [62, 18, 48, 52, 50, 31, 41, 55]
Summary: Lila is involved in various conversations about food and drink: she asks for tea [18], drinks water [52], wants to order takeout [48], and discusses meal choices [50]. Anne (Annie) shares and enjoys Cola and agrees to give Winnie some once she gets a cup [62]. However, the graph does not provide explicit information about Lila’s preference for Cola or Anne’s preference for tea/water, so we cannot determine whether Lila and Anne have the same drink taste from the current data.

[Step 3] Watching video clips: [62, 18, 48, 52, 50, 31, 41, 55]

   Processing clip 62 (1/8)...
Question: How many pens were used by Lila?

[Step 1] Searching the graph...
Parse Query Output:
{
  "query_triple": ["<Lila>", "uses", "pen", 0.95, 0.4, 0.6],
  "spatial_constraint": null,
  "speaker_strict": null,
  "allocation": {
    "k_high_level": 5,
    "k_low_level": 40,
    "k_conversations": 5,
    "total_k": 50,
    "reasoning": "Quantitative action query about objects used; prioritize low-level edges to enumerate each 'uses pen' instance. Minimal need for conversations or high-level edges."
  }
}

Graph Search Results:
**High-Level Information (Character Attributes and Relationships): **

Character Relationships:
- Anne supports Lila (85)
- robot complies with Lila (85)
- Lila gives instructions to robot (80)
- Winnie supports Lila (70)
- Lila comfortable making requests to Leo (80)

**Low-Level Information (Actions and Events): **

[1] Lila sets on tablet. (office)
[1] Lila checks briefly paper. (office)
[2] Lila looks at tablet. (office)
[3] Lila works on computer. (office)
[3] Lila adjusts tablet. (office)
[4] Lila holds tablet. (office)
[4] Lila sets down tablet. (office)
[10] Lila uses Lila's phone. (office)
[12] red pen is to Lila. (office)
[12] Lila writes with red pen. (office)
[15] Lila writes on paper. (office)
[16] Lila writes on paper. (office)
[16] Lila keeps working with pen. (office)
[17] Lila writes on paper. (office)
[18] Lila writes on paper. (office)
[18] Lila holds pen. (office)
[37] Lila writes in notebook. (office)
[40] Lila writes on paper. (office)
[40] Lila writes with pen. (office)
[40] Lila works at paper. (office)
[42] Lila writes on paper. (office)
[42] Lila places paper. (office)
[43] Lila writes on paper. (office)
[43] Lila picks up pen. (office)
[44] Lila flips through paper. (office)
[45] Lila looks at paper. (office)
[45] Lila points at paper. (office)
[45] Lila points at red pen. (office)
[49] tablet is to Lila. (office)
[49] Lila receives tablet. (office)
[49] Lila uses tablet. (office)
[50] Lila uses Lila's phone. (office)
[52] Lila looks at tablet. (office)
[53] Lila places notebook. (office)
[60] Lila gestures for pen. (office)
[60] pen is to Lila. (office)
[60] Lila accepts pen. (office)
[61] Lila writes in notebook. (office)
[63] Lila writes in notebook. (office)
[64] Lila writes in notebook. (office)

**Conversations: **

Conversation 1: Lila is reminded by Winnie to focus on work instead of watching TikToks, and Lila agrees. Lila mentions a likely unreimbursed expense and decides to proceed with non-computer tasks, requesting supplies and test papers from Leo. Winnie offers limited assistance, and Lila relocates to work with an available office chair before resuming tasks.
[6] Lila: oh no
[6] Lila: okay there's no computer work
[6] Lila: anyway
[6] Lila: well
[7] Lila: can I take my bag with you
[11] Lila: Leo please bring the test papers on my desk
[11] Leo: okay
[12] Lila: please bring the red pen in my bag
[12] Lila: thank you

Conversation 13: The group discussed poor exam results for a class, with Lila expressing concern about her teaching effectiveness. Anne and Winnie reassured her, noting one exam isn’t definitive, while reporting their own students did well. Lila resolved to prepare more seriously and requested a textbook and supplies to plan lessons.
[56] Lila: I'm already annoyed enough
[56] Lila: did your two students do very well on this exam
[56] Lila: hmm
[56] Anne: pretty good
[56] Winnie: pretty good
[57] Lila: Leo please bring me the textbook.
[57] Lila: I need it for lesson preparation.
[58] Lila: Winnie could I borrow your black pen
[58] Winnie: okay of course
[59] Winnie: Leo please take a black pen from my bag

Conversation 10: Lila asked for help returning test papers and a red pen to their original locations. The robot agreed to assist, indicating a cooperative outcome.
[45] Lila: Leo:
[45] Lila: please help me put these test papers and the red pen
[45] Lila: in the original places
[45] robot: okay

[Step 2] Evaluating semantic answer...
Action: [Answer]
Content: Two pens.
FINAL ANSWER (from graph):
Two pens.
Question: How many things brought by Annie were dumped into the dustbin?

[Step 1] Searching the graph...
Parse Query Output:
{
  "query_triple": ["<Annie>", "brings -> dumped into", "dustbin", 0.95, 0.3, 0.7],
  "spatial_constraint": "dustbin",
  "speaker_strict": null,
  "allocation": {
    "k_high_level": 5,
    "k_low_level": 40,
    "k_conversations": 5,
    "total_k": 50,
    "reasoning": "Counting specific actions: identify items Annie brought and that were subsequently dumped into the dustbin. Prioritize low-level action/state edges to trace bring -> dump events; minimal high-level for character context; little conversation expected."
  }
}

Graph Search Results:
**High-Level Information (Character Attributes and Relationships): **

Character Attributes:
- Winnie is: medium build (100), seated at laptop (100)
- robot is: camera-holder (100), no visible face (100), black gloves (100)

**Low-Level Information (Actions and Events): **

[11] paper cup is at Winnie's desk. (office)
[20] filled glass is from dispenser. (break room)
[20] robot carries glass. (break room)
[20] tea leaf is from container. (break room)
[20] robot returns spoon. (break room)
[20] spoon is to paper cup. (break room)
[20] tea container is with lid. (break room)
[24] plastic bag is on <character_1>'s desk. (office)
[24] mandarin is from plastic bag. (office)
[28] bin is on floor. (office)
[28] orange peel is in yellow trash can. (office)
[31] Anne says Anne is early today. (office)
[31] Winnie says <Anne> is too late. (office)
[31] plastic bag is on chair. (office)
[32] plastic bag contains green item. (office)
[33] plastic bag is in trash can. (office)
[33] plastic bag is in green trash can. (office)
[35] cup is near Anne's paper. (office)
[37] paper is on Anne's desk. (office)
[39] bottle is beside Winnie's laptop. (office)
[42] bottle is near Winnie's laptop. (office)
[43] Anne raises hand to <Anne>'s face. (office)
[44] paper is beside Anne's keyboard. (office)
[45] robot carries away from Lila's desk. (office)
[46] brown shoulder bag is on Anne's desk. (office)
[59] robot walks to <Anne>'s desk. (office)
[59] robot opens Winnie's bag. (office)
[59] robot takes out from Winnie's bag. (office)
[59] robot closes Winnie's bag. (office)
[59] robot steps back from <Anne>'s desk. (office)
[62] Anne sits at Anne's desk. (office)
[62] Anne is from Anne's desk. (office)
[64] stack of paper is beside Anne's keyboard. (office)
[65] paper is beside Anne's computer. (office)
[65] small plastic bottle is from Winnie's desk. (office)
[65] robot walks toward trash bin. (office)
[65] trash bin is near Anne's desk. (office)
[65] bottle is in yellow trash bin. (office)
[65] robot steps back from trash bin. (office)
[65] Anne resumes writing at Anne's desk. (office)

**Conversations: **

Conversation 5: Winnie asks Leo to dispose of an orange peel, and Leo agrees. Winnie comments that the orange is sweet and asks where it was bought; Lila says she bought a bag for $5 on her way home yesterday. Winnie offers Lila some, but Lila declines, noting she already ate some last night.
[27] Winnie: Leo please throw the peel in the
[28] Winnie: trash can
[28] Leo: okay
[29] Winnie: oh the orange is really sweet

Conversation 7: Anne requested that a plastic bag be disposed of in a trash can, and Leo agreed to comply. The brief exchange indicates a simple task assignment and acknowledgement.
[33] Anne: please throw the plastic bag into the trash can
[33] Leo: okay

Conversation 14: Anne and Winnie share and enjoy Cola, with Anne agreeing to give Winnie a small amount once Winnie gets a cup. Winnie expresses appreciation and mentions she hasn't had Cola in a long time. Anne asks Leo to handle disposing of the bottle, and Leo agrees.
[63] Winnie: it's so delicious
[63] Anne: I also think too
[64] Anne: hey Leo please help me bring the bottle into the trash can
[65] Leo: okay

Conversation 8: Winnie and Anne discuss sharing chips. Anne confirms she has chips and gives Winnie permission to eat them. Winnie expresses gratitude and then seeks clarification about ownership of an item.
[37] Winnie: oh are you eat your chips
[37] Anne: yes
[37] Winnie: hmm can I eat
[37] Anne: of course

Conversation 13: The group discussed poor exam results for a class, with Lila expressing concern about her teaching effectiveness. Anne and Winnie reassured her, noting one exam isn’t definitive, while reporting their own students did well. Lila resolved to prepare more seriously and requested a textbook and supplies to plan lessons.
[56] Lila: did your two students do very well on this exam
[56] Lila: hmm
[56] Anne: pretty good
[56] Winnie: pretty good
[56] Lila: it's clearly the same test paper

[Step 2] Evaluating semantic answer...
Action: [Answer]
Content: One item—the plastic bag—brought by Anne was dumped into the dustbin.
FINAL ANSWER (from graph):
One item—the plastic bag—brought by Anne was dumped into the dustbin.
Question: What has Winne eaten?

[Step 1] Searching the graph...
Parse Query Output:
{
  "query_triple": ["<Winne>", "eats", "?", 0.95, 0.3, 0.2],
  "spatial_constraint": null,
  "speaker_strict": null,
  "allocation": {
    "k_high_level": 5,
    "k_low_level": 40,
    "k_conversations": 5,
    "total_k": 50,
    "reasoning": "Action-focused query about consumed items; prioritize low-level edges capturing eating actions, minimal high-level for context, few conversations for any verbal mentions."
  }
}

Graph Search Results:
**High-Level Information (Character Attributes and Relationships): **

Character Attributes:
- Lila is: slim (100), female (100)
- Winnie is: female (100)
- character_1 is: female (100)
- character_2 is: slim (100)

**Low-Level Information (Actions and Events): **

[3] Winnie places Winnie's cup. (office)
[3] Winnie's cup is down. (office)
[5] Winnie sits at Winnie's desk. (office)
[5] Winnie looks at Winnie's computer monitor. (office)
[8] Winnie looks at Winnie's screen. (office)
[11] paper cup is at Winnie's desk. (office)
[11] Winnie gestures with Winnie's right hand. (office)
[13] computer keyboard is at Winnie's desk. (office)
[13] Winnie adjusts Winnie's glasses. (office)
[13] Winnie stands up from Winnie's chair. (office)
[33] Winnie keeps working on Winnie's laptop. (office)
[35] Winnie looks at Winnie's laptop. (office)
[35] desk is near Winnie's laptop. (office)
[36] green snack bag is near Winnie's laptop. (office)
[37] green bottle is beside Winnie's laptop. (office)
[38] green snack bag is on Winnie's right desk. (office)
[38] green snack bag is near Winnie's laptop. (office)
[38] Winnie types on Winnie's laptop. (office)
[38] Winnie is at Winnie's right desk. (office)
[39] Winnie types on Winnie's laptop. (office)
[39] green snack bag is near Winnie's laptop. (office)
[39] bottle is beside Winnie's laptop. (office)
[40] green snack bag is beside Winnie's laptop. (office)
[42] Winnie types on Winnie's laptop. (office)
[42] mouse is beside Winnie's laptop. (office)
[42] bottle is near Winnie's laptop. (office)
[45] Winnie focuses on Winnie's laptop. (office)
[58] document is on Winnie's desk. (office)
[59] Leo takes from Winnie's bag. (office)
[59] robot opens Winnie's bag. (office)
[59] robot searches inside Winnie's bag. (office)
[59] robot takes out from Winnie's bag. (office)
[59] robot closes Winnie's bag. (office)
[62] Winnie is at Winnie's seat. (office)
[62] Winnie says Winnie will get cup. (office)
[62] Winnie holds out Winnie's cup. (office)
[62] drink is into Winnie's cup. (office)
[63] Winnie types on Winnie's laptop. (office)
[65] small plastic bottle is from Winnie's desk. (office)
[65] Winnie continues typing on Winnie's laptop. (office)

**Conversations: **

Conversation 8: Winnie and Anne discuss sharing chips. Anne confirms she has chips and gives Winnie permission to eat them. Winnie expresses gratitude and then seeks clarification about ownership of an item.
[37] Winnie: oh are you eat your chips
[37] Anne: yes
[37] Winnie: hmm can I eat
[37] Anne: of course
[38] Winnie: thank you

Conversation 12: Lila was deciding what to eat and preferred rice, but a new office rule prohibited ordering takeout, leaving her without food. Anne offered her chips, and Winnie affirmed they were good. Anne asked Leo to bring the chips to Lila, resolving Lila’s immediate hunger.
[52] Lila: drink water to stave off hunger
[52] Anne: why don't you eat my chips I'm not hungry anyway
[52] Winnie: hmm yeah it's delicious
[52] Lila: please give me
[52] Anne: hi Leo please bring the chips to Lila

Conversation 14: Anne and Winnie share and enjoy Cola, with Anne agreeing to give Winnie a small amount once Winnie gets a cup. Winnie expresses appreciation and mentions she hasn't had Cola in a long time. Anne asks Leo to handle disposing of the bottle, and Leo agrees.
[63] Anne: you're welcome
[63] Winnie: I haven't had Cola for a long time
[63] Winnie: it's so delicious
[63] Anne: I also think too
[64] Anne: hey Leo please help me bring the bottle into the trash can

Conversation 1: Lila is reminded by Winnie to focus on work instead of watching TikToks, and Lila agrees. Lila mentions a likely unreimbursed expense and decides to proceed with non-computer tasks, requesting supplies and test papers from Leo. Winnie offers limited assistance, and Lila relocates to work with an available office chair before resuming tasks.
[5] Lila: oh no oh my god
[5] Lila: oh my god
[5] Winnie: what happened
[5] Lila: the school won't probably reimburse this kind of thing
[6] Lila: I have to pay out of my pocket again

[Step 2] Evaluating semantic answer...
Action: [Answer]
Content: Winnie ate Anne’s chips.
FINAL ANSWER (from graph):
Winnie ate Anne’s chips.
Question: Where should the robot place the towel?

[Step 1] Searching the graph...
Parse Query Output:
{
  "query_triple": ["<robot>", "should place", "towel", 0.9, 0.3, 0.8],
  "spatial_constraint": null,
  "speaker_strict": null,
  "allocation": {
    "k_high_level": 5,
    "k_low_level": 35,
    "k_conversations": 10,
    "total_k": 50,
    "reasoning": "Instruction/where-to-place query benefits from low-level edges about past placements, locations, and rules; small conversations allocation to capture any spoken instructions; minimal high-level edges for general norms."
  }
}

Graph Search Results:
**High-Level Information (Character Attributes and Relationships): **

Character Relationships:
- robot complies with Lila (85)
- Lila gives instructions to robot (80)
- robot cooperates with Lila (90)
- robot cooperates with character_2 (85)
- Lila supervises/directs robot (88)

**Low-Level Information (Actions and Events): **

[12] robot holds paper. (office)
[12] robot searches inside bag. (office)
[12] robot closes bag. (office)
[14] robot picks up from desk shelf small red towel. (office)
[14] robot unfolds on desk surface towel. (office)
[14] robot folds neatly towel. (office)
[15] robot folds red cloth. (office)
[15] robot carries folded cloth. (office)
[15] robot places red cloth. (office)
[18] robot places glass. (office)
[18] robot holds next to dispenser. (office)
[19] robot places lid. (break room with water dispenser)
[20] robot places glass. (break room)
[20] robot adds tea leaf. (break room)
[20] robot returns spoon. (break room)
[20] robot closes tea container. (break room)
[21] robot places jar. (office break area)
[21] robot positions under glass. (office break area)
[21] robot dispenses into water. (office break area)
[21] robot adds into tea. (office break area)
[22] robot uses spoon. (office)
[22] robot places spoon. (office)
[33] robot holds plastic bag. (office)
[33] robot drops plastic bag. (office)
[45] robot carries paper. (office)
[45] robot places paper. (office)
[45] robot keeps near paper. (office)
[46] robot holds stack of paper. (office)
[46] robot places stack of paper. (office)
[46] robot slides paper. (office)
[46] robot closes drawer. (office)
[57] robot moves toward small table. (office)
[57] robot picks up textbook. (office)
[59] robot places Winnie's white textured bag. (office)
[65] robot drops bottle. (office)

**Conversations: **

Conversation 2: They discussed a towel not being put back. Lila acknowledged forgetting and asked Leo to return the towel to its original place. Winnie accepted the explanation without objection.
[14] Winnie: oh why don't you put the towel back up using it
[14] Lila: I forgot it hmm
[14] Winnie: humm okay
[14] Lila: Leo please put towel back in its original place

Conversation 1: Lila is reminded by Winnie to focus on work instead of watching TikToks, and Lila agrees. Lila mentions a likely unreimbursed expense and decides to proceed with non-computer tasks, requesting supplies and test papers from Leo. Winnie offers limited assistance, and Lila relocates to work with an available office chair before resuming tasks.
[7] Winnie: let me find
[7] Winnie: no I forget for it today
[7] Lila: okay I'll get a towel to wipe
[7] Winnie: yeah here
[8] Lila: it's dirty too, I wipe it
[8] Winnie: hmm
[8] Winnie: you are diligent

Conversation 10: Lila asked for help returning test papers and a red pen to their original locations. The robot agreed to assist, indicating a cooperative outcome.
[45] Lila: Leo:
[45] Lila: please help me put these test papers and the red pen
[45] Lila: in the original places
[45] robot: okay

Conversation 7: Anne requested that a plastic bag be disposed of in a trash can, and Leo agreed to comply. The brief exchange indicates a simple task assignment and acknowledgement.
[33] Anne: please throw the plastic bag into the trash can
[33] Leo: okay

Conversation 14: Anne and Winnie share and enjoy Cola, with Anne agreeing to give Winnie a small amount once Winnie gets a cup. Winnie expresses appreciation and mentions she hasn't had Cola in a long time. Anne asks Leo to handle disposing of the bottle, and Leo agrees.
[63] Winnie: it's so delicious
[63] Anne: I also think too
[64] Anne: hey Leo please help me bring the bottle into the trash can
[65] Leo: okay

Conversation 5: Winnie asks Leo to dispose of an orange peel, and Leo agrees. Winnie comments that the orange is sweet and asks where it was bought; Lila says she bought a bag for $5 on her way home yesterday. Winnie offers Lila some, but Lila declines, noting she already ate some last night.
[27] Winnie: Leo please throw the peel in the
[28] Winnie: trash can
[28] Leo: okay
[29] Winnie: oh the orange is really sweet

[Step 2] Evaluating semantic answer...
Action: [Answer]
Content: Back in its original place.
FINAL ANSWER (from graph):
Back in its original place.
Question: Why did Lila move to another chair to work?

[Step 1] Searching the graph...
Parse Query Output:
{
  "query_triple": ["<Lila>", "moves to another chair to work — why", null, 0.95, 0.25, 0.1],
  "spatial_constraint": null,
  "speaker_strict": null,
  "allocation": {
    "k_high_level": 6,
    "k_low_level": 14,
    "k_conversations": 30,
    "total_k": 50,
    "reasoning": "Why question about an action: use some low-level edges to locate the move action and context (seating, work), and prioritize conversations to capture spoken reasons or explanations. Include a few high-level edges for traits/ongoing states (e.g., preferences, relationships to work/tasks) that might explain the motive."
  }
}

Graph Search Results:
**High-Level Information (Character Attributes and Relationships): **

Character Attributes:
- Lila is: seated at left desk writing (100), female (100), blue jeans (100), dark hair in a bun (100), white sneakers (100), light pink T-shirt (100)

**Low-Level Information (Actions and Events): **

[4] Lila sits across from Winnie. (office)
[34] Lila moves right hand to mouse. (office)
[36] Lila moves mouse. (office)
[41] Lila remains seated. (office)
[49] Lila sits back chair. (office)
[51] Lila continues to sit. (office)
[55] Lila sits at left desk. (office)
[56] Lila sits at left desk. (office)
[59] Lila sits at left desk. (office)
[60] Lila sits at desk. (office)
[61] Lila sits at left desk. (office)
[63] Lila sits at left desk. (office)
[64] Lila sits at left desk. (office)
[65] Lila sits at back-left table. (office)

**Conversations: **

Conversation 9: Anne asks why Lila moved to office work, and Leo explains that Lila has back issues, an uncomfortable chair, and a broken keyboard, preventing computer use. Anne comments on Lila’s bad luck, and Lila agrees. No decisions are made beyond acknowledging Lila’s situation.
[41] Anne: hey Leo why Lila have moved to the office work
[41] Leo: Lila's back is not good
[41] Leo: the chair back at the desk is too hard
[41] Leo: and Lila's keyboard got water damage and broke
[41] Leo: so she can't use the computer
[41] Anne: Lila
[41] Anne: you are unlucky today
[41] Lila: yeah

Conversation 1: Lila is reminded by Winnie to focus on work instead of watching TikToks, and Lila agrees. Lila mentions a likely unreimbursed expense and decides to proceed with non-computer tasks, requesting supplies and test papers from Leo. Winnie offers limited assistance, and Lila relocates to work with an available office chair before resuming tasks.
[4] Winnie: get to work
[4] Winnie: okay?
[4] Lila: got it
[5] Lila: oh no oh my god
[5] Lila: oh my god
[6] Lila: I have to pay out of my pocket again
[6] Lila: oh no
[6] Lila: okay there's no computer work
[6] Lila: anyway
[6] Lila: well
[7] Lila: can I take my bag with you
[7] Winnie: okay
[8] Winnie: you are diligent
[8] Winnie: and can you help me
[8] Lila: no
[8] Winnie: oh all right
[9] Lila: the office back chair is so hard
[10] Winnie: is there a office chair you can work here
[10] Winnie: and since you don't need a computer anyway
[10] Lila: okay
[11] Lila: okay stop, I need to work
[11] Lila: Leo please bring the test papers on my desk
[11] Leo: okay
[12] Lila: please bring the red pen in my bag
[12] Lila: thank you

Conversation 10: Lila asked for help returning test papers and a red pen to their original locations. The robot agreed to assist, indicating a cooperative outcome.
[45] Lila: Leo:
[45] Lila: please help me put these test papers and the red pen
[45] Lila: in the original places
[45] robot: okay

Conversation 13: The group discussed poor exam results for a class, with Lila expressing concern about her teaching effectiveness. Anne and Winnie reassured her, noting one exam isn’t definitive, while reporting their own students did well. Lila resolved to prepare more seriously and requested a textbook and supplies to plan lessons.
[55] Leo: the results are not optimistic
[55] Anne: okay thank you
[55] Lila: I don't know why second
[55] Lila: grade knowledge is so difficult for them
[55] Winnie: hmm
[55] Winnie: they are children but you are adult
[55] Winnie: so it's easy for you
[55] Lila: stop lecturing me
[56] Lila: I'm already annoyed enough
[56] Lila: did your two students do very well on this exam
[56] Lila: hmm
[56] Anne: pretty good
[56] Winnie: pretty good
[56] Lila: it's clearly the same test paper
[56] Lila: could it really be because I'm not teaching well
[56] Anne: it's okay one exam doesn't mean anything
[56] Anne: there are always unexpected situations
[57] Lila: It seems I should be indeed serious.
[57] Lila: Leo please bring me the textbook.
[57] Lila: I need it for lesson preparation.
[58] Lila: Winnie could I borrow your black pen
[58] Winnie: okay of course

Conversation 11: Lila expresses a desire to order takeout and asks Leo to bring her the iPad to do so. Leo agrees, indicating cooperation and alignment on facilitating the order.
[48] Lila: Leo I'm hungry
[48] Lila: please bring me the iPad
[48] Lila: I want to order the takeout
[48] Leo: okay

Conversation 5: Winnie asks Leo to dispose of an orange peel, and Leo agrees. Winnie comments that the orange is sweet and asks where it was bought; Lila says she bought a bag for $5 on her way home yesterday. Winnie offers Lila some, but Lila declines, noting she already ate some last night.
[29] Lila: I bought it on the way my home yesterday $5 per bag
[29] Winnie: you want to try it
[29] Lila: no need
[29] Lila: I ate it last night
[29] Winnie: all right

Conversation 2: They discussed a towel not being put back. Lila acknowledged forgetting and asked Leo to return the towel to its original place. Winnie accepted the explanation without objection.
[14] Lila: I forgot it hmm
[14] Winnie: humm okay
[14] Lila: Leo please put towel back in its original place

[Step 2] Evaluating semantic answer...
Action: [Answer]
Content: Because her back wasn’t good, the original chair was too hard, and her keyboard was broken, so she couldn’t use the computer.
FINAL ANSWER (from graph):
Because her back wasn’t good, the original chair was too hard, and her keyboard was broken, so she couldn’t use the computer.
Question: Where can the robot get Lila's ipad?

[Step 1] Searching the graph...
Parse Query Output:
{
  "query_triple": ["<robot>", "gets", "ipad#Lila", 0.9, 0.3, 0.9],
  "spatial_constraint": null,
  "speaker_strict": null,
  "allocation": {
    "k_high_level": 5,
    "k_low_level": 40,
    "k_conversations": 5,
    "total_k": 50,
    "reasoning": "Spatial/action query about where to obtain an object. Emphasize low-level edges to find locations and states of Lila's iPad (e.g., is on table, in bag, in room). Minimal high-level for any character-object associations; minimal conversations since dialogue is unlikely to be primary source."
  }
}

Graph Search Results:
**High-Level Information (Character Attributes and Relationships): **

Character Relationships:
- robot complies with Lila (85)
- Lila gives instructions to robot (80)
- robot cooperates with Lila (90)
- Lila supervises/directs robot (88)
- robot is subordinate to Lila (88)

**Low-Level Information (Actions and Events): **

[12] robot holds paper. (office)
[12] robot approaches <Winnie>'s computer desk. (office)
[12] robot searches inside bag. (office)
[12] robot retrieves red pen from bag. (office)
[12] robot closes bag. (office)
[12] robot picks up pen. (office)
[12] robot hands red pen to <Lila>. (office)
[12] Lila thanks robot. (office)
[15] robot adjusts black chair. (office)
[18] robot carries toward Lila. (office)
[18] robot stands beside Lila's table. (office)
[19] robot twists jar lid. (break room with water dispenser)
[19] robot places lid. (break room with water dispenser)
[19] robot sets aside lid. (break room with water dispenser)
[20] robot returns spoon. (break room)
[21] robot holds black-lidded jar. (office break area)
[22] robot looks at content. (office)
[28] robot picks up from desk. (office)
[45] Lila speaks toward robot. (office)
[45] robot walks toward Lila's desk. (office)
[45] robot picks up red pen. (office)
[45] robot carries away from Lila's desk. (office)
[45] robot places paper. (office)
[46] robot holds red pen. (office)
[46] robot slides paper. (office)
[46] robot sets back on desk. (office)
[49] robot picks up tablet. (office)
[49] robot hands tablet. (office)
[52] robot walks toward Lila. (office)
[54] camera moves with robot. (office)
[57] robot carries toward Lila. (office)
[57] robot hands to Lila. (office)
[59] robot replies to Winnie. (office)
[59] robot walks to <Anne>'s desk. (office)
[59] robot opens Winnie's bag. (office)
[59] robot searches inside Winnie's bag. (office)
[59] robot finds black pen. (office)
[59] robot closes Winnie's bag. (office)
[59] robot holds black pen. (office)
[60] robot holds pen. (office)

**Conversations: **

Conversation 11: Lila expresses a desire to order takeout and asks Leo to bring her the iPad to do so. Leo agrees, indicating cooperation and alignment on facilitating the order.
[48] Lila: Leo I'm hungry
[48] Lila: please bring me the iPad
[48] Lila: I want to order the takeout
[48] Leo: okay

Conversation 1: Lila is reminded by Winnie to focus on work instead of watching TikToks, and Lila agrees. Lila mentions a likely unreimbursed expense and decides to proceed with non-computer tasks, requesting supplies and test papers from Leo. Winnie offers limited assistance, and Lila relocates to work with an available office chair before resuming tasks.
[4] Winnie: get to work
[4] Winnie: okay?
[4] Lila: got it
[5] Lila: oh no oh my god
[5] Lila: oh my god
[6] Lila: anyway
[6] Lila: well
[7] Lila: can I take my bag with you
[7] Winnie: okay
[7] Lila: do you have tissue
[11] Lila: Leo please bring the test papers on my desk
[11] Leo: okay
[12] Lila: please bring the red pen in my bag
[12] Lila: thank you

Conversation 9: Anne asks why Lila moved to office work, and Leo explains that Lila has back issues, an uncomfortable chair, and a broken keyboard, preventing computer use. Anne comments on Lila’s bad luck, and Lila agrees. No decisions are made beyond acknowledging Lila’s situation.
[41] Leo: Lila's back is not good
[41] Leo: the chair back at the desk is too hard
[41] Leo: and Lila's keyboard got water damage and broke
[41] Leo: so she can't use the computer
[41] Anne: Lila

[Step 2] Evaluating semantic answer...
Action: [Answer]
Content: From Lila’s desk in the office.
FINAL ANSWER (from graph):
From Lila’s desk in the office.
Question: How did the class that Lila is teaching perform in the exam?

[Step 1] Searching the graph...
Parse Query Output:
{
  "query_triple": ["<Lila>", "class performance in exam", "?", 0.95, 0.3, 0.2],
  "spatial_constraint": null,
  "speaker_strict": null,
  "allocation": {
    "k_high_level": 7,
    "k_low_level": 33,
    "k_conversations": 10,
    "total_k": 50,
    "reasoning": "Performance outcome query involving a class and an exam. Use low-level edges to find specific exam results, scores, pass/fail counts, and grade distributions tied to Lila's class. Include some high-level edges for teacher-class linkage and general status. Allocate a small portion to conversations for commentary or explanations about performance."
  }
}

Graph Search Results:
**High-Level Information (Character Attributes and Relationships): **

Character Attributes:
- Lila is: seated at left desk writing (100), slim (100), blue jeans (100), female (100), dark hair in a bun (100), light pink T-shirt (100), white sneakers (100)

**Low-Level Information (Actions and Events): **

[1] Lila enters from left office. (office)
[1] Lila checks briefly paper. (office)
[2] Lila continues viewing tablet. (office)
[3] Lila works on computer. (office)
[5] Lila types on keyboard. (office)
[5] Winnie asks Lila. (office)
[7] Lila asks about taking Winnie. (office)
[7] Lila asks Winnie. (office)
[7] Lila will get towel. (office)
[8] Winnie asks Lila. (office)
[13] Lila writes in open notebook. (office)
[14] Lila asks Leo. (office)
[17] Lila stays focused on Lila's paperwork. (office)
[31] Lila types on keyboard. (office)
[32] Lila types on keyboard. (office)
[33] Lila types on computer at center desk. (office)
[34] Lila types on keyboard. (office)
[35] Lila types on keyboard. (office)
[36] Lila types on keyboard. (office)
[37] Lila writes in notebook. (office)
[39] Lila checks briefly phone. (office)
[41] Lila types on laptop. (office)
[44] Lila reviews sheet. (office)
[47] Lila continues reading. (office)
[55] Lila asks Winnie. (office)
[58] Winnie answers Lila. (office)
[60] Lila studies open workbook. (office)
[60] Lila checks briefly Lila's phone. (office)
[60] Lila resumes writing notebook. (office)
[60] Lila continues studying. (office)
[61] Lila writes in notebook. (office)
[63] Lila writes in notebook. (office)
[64] Lila writes in notebook. (office)

**Conversations: **

Conversation 13: The group discussed poor exam results for a class, with Lila expressing concern about her teaching effectiveness. Anne and Winnie reassured her, noting one exam isn’t definitive, while reporting their own students did well. Lila resolved to prepare more seriously and requested a textbook and supplies to plan lessons.
[54] Anne: Leo come on
[54] Anne: how did their class do on the exam this time
[55] Leo: the results are not optimistic
[55] Anne: okay thank you
[55] Lila: I don't know why second
[55] Lila: grade knowledge is so difficult for them
[55] Winnie: hmm
[55] Winnie: they are children but you are adult
[55] Lila: stop lecturing me
[56] Lila: I'm already annoyed enough
[56] Lila: did your two students do very well on this exam
[56] Lila: hmm
[56] Anne: pretty good
[56] Winnie: pretty good
[56] Lila: it's clearly the same test paper
[56] Lila: could it really be because I'm not teaching well
[56] Anne: it's okay one exam doesn't mean anything
[56] Anne: there are always unexpected situations

Conversation 10: Lila asked for help returning test papers and a red pen to their original locations. The robot agreed to assist, indicating a cooperative outcome.
[45] Lila: Leo:
[45] Lila: please help me put these test papers and the red pen
[45] Lila: in the original places
[45] robot: okay

Conversation 9: Anne asks why Lila moved to office work, and Leo explains that Lila has back issues, an uncomfortable chair, and a broken keyboard, preventing computer use. Anne comments on Lila’s bad luck, and Lila agrees. No decisions are made beyond acknowledging Lila’s situation.
[41] Leo: and Lila's keyboard got water damage and broke
[41] Leo: so she can't use the computer
[41] Anne: Lila
[41] Anne: you are unlucky today
[41] Lila: yeah

Conversation 1: Lila is reminded by Winnie to focus on work instead of watching TikToks, and Lila agrees. Lila mentions a likely unreimbursed expense and decides to proceed with non-computer tasks, requesting supplies and test papers from Leo. Winnie offers limited assistance, and Lila relocates to work with an available office chair before resuming tasks.
[4] Winnie: get to work
[4] Winnie: okay?
[4] Lila: got it
[5] Lila: oh no oh my god
[5] Lila: oh my god
[6] Lila: okay there's no computer work
[6] Lila: anyway
[6] Lila: well
[7] Lila: can I take my bag with you
[7] Winnie: okay
[10] Lila: okay
[11] Lila: okay stop, I need to work
[11] Lila: Leo please bring the test papers on my desk
[11] Leo: okay
[12] Lila: please bring the red pen in my bag

[Step 2] Evaluating semantic answer...
Action: [Answer]
Content: Lila’s class performed poorly on the exam.
FINAL ANSWER (from graph):
Lila’s class performed poorly on the exam.
Question: What fruits are there in the office?

[Step 1] Searching the graph...
Parse Query Output:
{
  "query_triple": ["office", "has", "fruits", 0.6, 0.5, 0.5],
  "spatial_constraint": "office",
  "speaker_strict": null,
  "allocation": {
    "k_high_level": 3,
    "k_low_level": 40,
    "k_conversations": 7,
    "total_k": 50,
    "reasoning": "Object presence in a location is best answered via low-level edges (inventory/spatial). Minimal high-level and conversations needed."
  }
}

Graph Search Results:
**High-Level Information (Character Attributes and Relationships): **

Character Relationships:
- Anne supports Lila (85)
- robot complies with Lila (85)
- Lila gives instructions to robot (80)

**Low-Level Information (Actions and Events): **

[1] Lila enters from left office. (office)
[1] tablet is on desk. (office)
[1] booklet is on desk. (office)
[1] snack package is on desk. (office)
[2] cable is on desktop. (office)
[2] keyboard is from desk. (office)
[7] Lila stands by desk. (office)
[7] handbag is on desk. (office)
[13] white knitted item is from desk. (office)
[15] red cloth is on desk. (office)
[18] glass is from desk. (office)
[22] female at left desk is at desk. (office)
[24] character_2 asks for fruit. (office)
[24] plastic bag is on <character_1>'s desk. (office)
[25] orange is on desk. (office)
[26] page is on desk. (office)
[26] paper is on desk. (office)
[27] peeled orange segment is at desk. (office)
[29] document is on desk. (office)
[31] phone is on desk. (office)
[31] plastic bag is on chair. (office)
[32] bag is on desk. (office)
[35] green bag is on desk. (office)
[36] laptop is at right desk. (office)
[40] document is on desk. (office)
[42] paper is on desk. (office)
[44] stack of paper is on desk. (office)
[47] book is on desk. (office)
[48] food is on plate. (office)
[48] laptop is at right desk. (office)
[48] Lila holds phone. (office)
[50] keyboard is at central desk. (office)
[50] laptop is at right desk. (office)
[52] laptop is at right desk. (office)
[53] green snack bag is on desk. (office)
[57] laptop is at right desk. (office)
[60] Lila sits at desk. (office)
[61] keyboard is at central desk. (office)
[61] red bottle is from desk. (office)
[65] laptop is at right desk. (office)

**Conversations: **

Conversation 4: Winnie requested fruit from Leo, and Leo agreed to help. Winnie expressed gratitude multiple times, indicating a polite and appreciative tone.
[24] Winnie: Leo
[24] Winnie: please bring me some fruit
[24] Leo: okay
[24] Winnie: thank you

Conversation 1: Lila is reminded by Winnie to focus on work instead of watching TikToks, and Lila agrees. Lila mentions a likely unreimbursed expense and decides to proceed with non-computer tasks, requesting supplies and test papers from Leo. Winnie offers limited assistance, and Lila relocates to work with an available office chair before resuming tasks.
[8] Winnie: oh all right
[9] Lila: the office back chair is so hard
[10] Winnie: is there a office chair you can work here
[10] Winnie: and since you don't need a computer anyway
[10] Lila: okay

Conversation 5: Winnie asks Leo to dispose of an orange peel, and Leo agrees. Winnie comments that the orange is sweet and asks where it was bought; Lila says she bought a bag for $5 on her way home yesterday. Winnie offers Lila some, but Lila declines, noting she already ate some last night.
[27] Winnie: Leo please throw the peel in the
[28] Winnie: trash can
[28] Leo: okay
[29] Winnie: oh the orange is really sweet
[29] Winnie: where did you buy
[29] Lila: I bought it on the way my home yesterday $5 per bag

Conversation 12: Lila was deciding what to eat and preferred rice, but a new office rule prohibited ordering takeout, leaving her without food. Anne offered her chips, and Winnie affirmed they were good. Anne asked Leo to bring the chips to Lila, resolving Lila’s immediate hunger.
[50] Lila: what should I eat
[50] Lila: chicken, burgers or salad
[50] Anne: hmm what do you want to eat noodles
[51] Winnie: Hmm all right.
[51] Anne: A new rule came out today.
[51] Anne: The office isn't allowed to order takeout didn't you see it.
[51] Anne: Oh.
[51] Lila: Oh no.
[51] Winnie: I forget it.
[51] Lila: I didn't bring any food today what should I do.
[52] Lila: drink water to stave off hunger
[52] Anne: why don't you eat my chips I'm not hungry anyway

[Step 2] Evaluating semantic answer...
Action: [Answer]
Content: Oranges.
FINAL ANSWER (from graph):
Oranges.
Question: Is Annie willing to share?

[Step 1] Searching the graph...
Parse Query Output:
{
  "query_triple": ["<Annie>", "willing to share", null, 0.95, 0.3, 0.1],
  "spatial_constraint": null,
  "speaker_strict": null,
  "allocation": {
    "k_high_level": 8,
    "k_low_level": 12,
    "k_conversations": 30,
    "total_k": 50,
    "reasoning": "Trait/intent query about generosity; use high-level edges for character attribute, conversations to capture statements about sharing willingness, and some low-level edges for observed sharing actions."
  }
}

Graph Search Results:
**High-Level Information (Character Attributes and Relationships): **

Character Attributes:
- Leo is: unknown gender (100)
- Lila is: female (100)
- Winnie is: seated at laptop (100), female (100)
- character_1 is: seated at laptop (100), female (100)
- character_2 is: female (100)
- robot is: camera-holder (100)

**Low-Level Information (Actions and Events): **

[31] Anne says Anne is early today. (office)
[31] Winnie says <Anne> is too late. (office)
[37] paper is on Anne's desk. (office)
[43] Anne raises hand to <Anne>'s face. (office)
[44] paper is beside Anne's keyboard. (office)
[46] brown shoulder bag is on Anne's desk. (office)
[59] robot steps back from <Anne>'s desk. (office)
[62] Anne sits at Anne's desk. (office)
[62] Anne is from Anne's desk. (office)
[64] stack of paper is beside Anne's keyboard. (office)
[65] paper is beside Anne's computer. (office)
[65] trash bin is near Anne's desk. (office)

**Conversations: **

Conversation 8: Winnie and Anne discuss sharing chips. Anne confirms she has chips and gives Winnie permission to eat them. Winnie expresses gratitude and then seeks clarification about ownership of an item.
[37] Winnie: oh are you eat your chips
[37] Anne: yes
[37] Winnie: hmm can I eat
[37] Anne: of course
[38] Winnie: thank you
[38] Anne: you're welcome
[38] Winnie: hmm is this yours

Conversation 14: Anne and Winnie share and enjoy Cola, with Anne agreeing to give Winnie a small amount once Winnie gets a cup. Winnie expresses appreciation and mentions she hasn't had Cola in a long time. Anne asks Leo to handle disposing of the bottle, and Leo agrees.
[62] Anne: Cola is so delicious
[62] Winnie: hmm
[62] Winnie: can you share some Cola with me
[62] Anne: of course do you have cup
[62] Winnie: hmm I'll get it
[62] Anne: okay
[62] Winnie: please give me a little
[62] Anne: of course
[63] Winnie: thank you
[63] Anne: you're welcome
[63] Winnie: I haven't had Cola for a long time
[63] Winnie: it's so delicious
[63] Anne: I also think too
[64] Anne: hey Leo please help me bring the bottle into the trash can
[65] Leo: okay

Conversation 13: The group discussed poor exam results for a class, with Lila expressing concern about her teaching effectiveness. Anne and Winnie reassured her, noting one exam isn’t definitive, while reporting their own students did well. Lila resolved to prepare more seriously and requested a textbook and supplies to plan lessons.
[54] Anne: Leo come on
[54] Anne: how did their class do on the exam this time
[55] Leo: the results are not optimistic
[55] Anne: okay thank you
[55] Lila: I don't know why second
[55] Lila: grade knowledge is so difficult for them
[56] Lila: did your two students do very well on this exam
[56] Lila: hmm
[56] Anne: pretty good
[56] Winnie: pretty good
[56] Lila: it's clearly the same test paper
[56] Lila: could it really be because I'm not teaching well
[56] Anne: it's okay one exam doesn't mean anything
[56] Anne: there are always unexpected situations
[57] Lila: It seems I should be indeed serious.
[57] Lila: Leo please bring me the textbook.

Conversation 12: Lila was deciding what to eat and preferred rice, but a new office rule prohibited ordering takeout, leaving her without food. Anne offered her chips, and Winnie affirmed they were good. Anne asked Leo to bring the chips to Lila, resolving Lila’s immediate hunger.
[50] Lila: what should I eat
[50] Lila: chicken, burgers or salad
[50] Anne: hmm what do you want to eat noodles
[51] Lila: No I don't think it's a good idea.
[51] Lila: I want a rice to full my stomach.
[51] Anne: A new rule came out today.
[51] Anne: The office isn't allowed to order takeout didn't you see it.
[51] Anne: Oh.
[51] Lila: Oh no.
[51] Winnie: I forget it.
[51] Lila: I didn't bring any food today what should I do.
[52] Lila: drink water to stave off hunger
[52] Anne: why don't you eat my chips I'm not hungry anyway
[52] Winnie: hmm yeah it's delicious
[52] Lila: please give me
[52] Anne: hi Leo please bring the chips to Lila
[52] Lila: thank you

Conversation 9: Anne asks why Lila moved to office work, and Leo explains that Lila has back issues, an uncomfortable chair, and a broken keyboard, preventing computer use. Anne comments on Lila’s bad luck, and Lila agrees. No decisions are made beyond acknowledging Lila’s situation.
[41] Anne: hey Leo why Lila have moved to the office work
[41] Leo: Lila's back is not good
[41] Leo: the chair back at the desk is too hard
[41] Leo: and Lila's keyboard got water damage and broke
[41] Leo: so she can't use the computer
[41] Anne: Lila
[41] Anne: you are unlucky today
[41] Lila: yeah

Conversation 6: The group exchanges morning greetings and discusses punctuality. Winnie points out that Anne is late compared to the others, and Anne suggests her watch might be slow.
[31] Anne: hi morning
[31] Lila: morning Anne
[31] Anne: you are so early today
[31] Winnie: hmm
[31] Winnie: it's not we are early it's that
[31] Winnie: you are too late
[31] Winnie: already too late
[31] Anne: oh my watch might be slow

Conversation 1: Lila is reminded by Winnie to focus on work instead of watching TikToks, and Lila agrees. Lila mentions a likely unreimbursed expense and decides to proceed with non-computer tasks, requesting supplies and test papers from Leo. Winnie offers limited assistance, and Lila relocates to work with an available office chair before resuming tasks.
[4] Winnie: but after you get here you are always on TikToks
[4] Winnie: get to work
[4] Winnie: okay?
[4] Lila: got it
[5] Lila: oh no oh my god
[8] Winnie: and can you help me
[8] Lila: no
[8] Winnie: oh all right
[9] Lila: the office back chair is so hard
[10] Winnie: is there a office chair you can work here

[Step 2] Evaluating semantic answer...
Action: [Answer]
Content: Yes, Anne is willing to share.
FINAL ANSWER (from graph):
Yes, Anne is willing to share.
Question: Did Lila order any takeout?

[Step 1] Searching the graph...
Parse Query Output:
{
  "query_triple": ["<Lila>", "orders", "takeout", 0.95, 0.4, 0.6],
  "spatial_constraint": null,
  "speaker_strict": null,
  "allocation": {
    "k_high_level": 5,
    "k_low_level": 37,
    "k_conversations": 8,
    "total_k": 50,
    "reasoning": "Action-focused yes/no query about a specific act (ordering takeout). Prioritize low-level edges to find concrete actions; small conversations budget to capture spoken ordering or mentions; minimal high-level edges."
  }
}

Graph Search Results:
**High-Level Information (Character Attributes and Relationships): **

Character Attributes:
- Lila is: seated at left desk writing (100)

Character Relationships:
- robot complies with Lila (85)
- Lila gives instructions to robot (80)
- Anne supports Lila (85)
- Lila comfortable making requests to Leo (80)

**Low-Level Information (Actions and Events): **

[1] Lila sets on booklet. (office)
[1] Lila places near monitor snack package. (office)
[1] Lila faces shelf. (office)
[2] Lila arranges cable. (office)
[2] Lila looks at tablet. (office)
[4] Lila holds tablet. (office)
[4] Lila sets down tablet. (office)
[4] Lila reads booklet. (office)
[5] Lila holds booklet. (office)
[7] Lila places handbag. (office)
[7] Lila asks for tissue. (office)
[7] Lila will get towel. (office)
[14] Lila asks to put back in original place towel. (office)
[17] Lila picks up drink cup. (office)
[17] Lila sips drink cup. (office)
[31] Lila reads text. (office)
[40] Lila works at paper. (office)
[41] Lila types on laptop. (office)
[42] Lila places paper. (office)
[44] Lila places stack of paper. (office)
[44] Lila reviews sheet. (office)
[45] Lila looks at paper. (office)
[47] Lila looks at book. (office)
[47] Lila picks up cup. (office)
[47] Lila puts down cup. (office)
[48] Lila handles food. (office)
[48] Lila holds phone. (office)
[48] Lila says she wants to order takeout. (office)
[48] Lila drinks from bottle. (office)
[49] Lila receives tablet. (office)
[49] Lila uses tablet. (office)
[52] Lila accepts chip. (office)
[52] Lila looks at package. (office)
[52] Lila opens bottle. (office)
[53] Lila opens green snack bag. (office)
[53] Lila places notebook. (office)
[54] Lila eats from lunch box. (office)

**Conversations: **

Conversation 11: Lila expresses a desire to order takeout and asks Leo to bring her the iPad to do so. Leo agrees, indicating cooperation and alignment on facilitating the order.
[48] Lila: Leo I'm hungry
[48] Lila: please bring me the iPad
[48] Lila: I want to order the takeout
[48] Leo: okay

Conversation 5: Winnie asks Leo to dispose of an orange peel, and Leo agrees. Winnie comments that the orange is sweet and asks where it was bought; Lila says she bought a bag for $5 on her way home yesterday. Winnie offers Lila some, but Lila declines, noting she already ate some last night.
[29] Winnie: you want to try it
[29] Lila: no need
[29] Lila: I ate it last night
[29] Winnie: all right

Conversation 12: Lila was deciding what to eat and preferred rice, but a new office rule prohibited ordering takeout, leaving her without food. Anne offered her chips, and Winnie affirmed they were good. Anne asked Leo to bring the chips to Lila, resolving Lila’s immediate hunger.
[50] Lila: what should I eat
[50] Lila: chicken, burgers or salad
[50] Anne: hmm what do you want to eat noodles
[51] Lila: No I don't think it's a good idea.
[51] Lila: Oh no.
[51] Winnie: I forget it.
[51] Lila: I didn't bring any food today what should I do.
[52] Lila: drink water to stave off hunger
[52] Anne: why don't you eat my chips I'm not hungry anyway

Conversation 13: The group discussed poor exam results for a class, with Lila expressing concern about her teaching effectiveness. Anne and Winnie reassured her, noting one exam isn’t definitive, while reporting their own students did well. Lila resolved to prepare more seriously and requested a textbook and supplies to plan lessons.
[56] Lila: I'm already annoyed enough
[56] Lila: did your two students do very well on this exam
[56] Lila: hmm
[56] Anne: pretty good
[56] Winnie: pretty good

Conversation 1: Lila is reminded by Winnie to focus on work instead of watching TikToks, and Lila agrees. Lila mentions a likely unreimbursed expense and decides to proceed with non-computer tasks, requesting supplies and test papers from Leo. Winnie offers limited assistance, and Lila relocates to work with an available office chair before resuming tasks.
[4] Winnie: get to work
[4] Winnie: okay?
[4] Lila: got it
[5] Lila: oh no oh my god
[5] Lila: oh my god
[6] Lila: oh no
[6] Lila: okay there's no computer work
[6] Lila: anyway
[6] Lila: well
[7] Lila: can I take my bag with you

[Step 2] Evaluating semantic answer...
Action: [Answer]
Content: No, she wanted to order takeout but didn’t due to the new office rule and ate chips instead.
FINAL ANSWER (from graph):
No, she wanted to order takeout but didn’t due to the new office rule and ate chips instead.
Question: Is Lila addicted to electronic products?

[Step 1] Searching the graph...
Parse Query Output:
{
  "query_triple": ["<Lila>", "addicted to", "electronic products", 0.95, 0.3, 0.6],
  "spatial_constraint": null,
  "speaker_strict": null,
  "allocation": {
    "k_high_level": 9,
    "k_low_level": 11,
    "k_conversations": 30,
    "total_k": 50,
    "reasoning": "Trait/condition query about addiction; use high-level edges for character attributes, conversations to find explicit statements or implications, and some low-level edges to check behavior patterns with electronics."
  }
}

Graph Search Results:
**High-Level Information (Character Attributes and Relationships): **

Character Attributes:
- Lila is: slim (100), female (100), blue jeans (100)

Character Relationships:
- robot complies with Lila (85)
- Lila gives instructions to robot (80)
- robot cooperates with Lila (90)
- Lila supervises/directs robot (88)
- robot is subordinate to Lila (88)
- Lila holds higher situational authority than robot (85)

**Low-Level Information (Actions and Events): **

[3] Lila works on computer. (office)
[4] Lila looks at tablet screen. (office)
[8] Lila looks at computer monitor. (office)
[33] Lila types on computer at center desk. (office)
[37] Lila writes in notebook. (office)
[41] Lila types on laptop. (office)
[43] Lila is in notebook. (office)
[53] Lila looks at notebook. (office)
[61] Lila writes in notebook. (office)
[63] Lila writes in notebook. (office)
[64] Lila writes in notebook. (office)

**Conversations: **

Conversation 11: Lila expresses a desire to order takeout and asks Leo to bring her the iPad to do so. Leo agrees, indicating cooperation and alignment on facilitating the order.
[48] Lila: Leo I'm hungry
[48] Lila: please bring me the iPad
[48] Lila: I want to order the takeout
[48] Leo: okay

Conversation 13: The group discussed poor exam results for a class, with Lila expressing concern about her teaching effectiveness. Anne and Winnie reassured her, noting one exam isn’t definitive, while reporting their own students did well. Lila resolved to prepare more seriously and requested a textbook and supplies to plan lessons.
[55] Winnie: they are children but you are adult
[55] Winnie: so it's easy for you
[55] Lila: stop lecturing me
[56] Lila: I'm already annoyed enough
[56] Lila: did your two students do very well on this exam
[56] Lila: hmm
[56] Anne: pretty good
[56] Winnie: pretty good
[59] Winnie: Leo please take a black pen from my bag
[59] Leo: okay
[60] Lila: thank you

Conversation 9: Anne asks why Lila moved to office work, and Leo explains that Lila has back issues, an uncomfortable chair, and a broken keyboard, preventing computer use. Anne comments on Lila’s bad luck, and Lila agrees. No decisions are made beyond acknowledging Lila’s situation.
[41] Anne: hey Leo why Lila have moved to the office work
[41] Leo: Lila's back is not good
[41] Leo: the chair back at the desk is too hard
[41] Leo: and Lila's keyboard got water damage and broke
[41] Leo: so she can't use the computer
[41] Anne: Lila
[41] Anne: you are unlucky today
[41] Lila: yeah

Conversation 1: Lila is reminded by Winnie to focus on work instead of watching TikToks, and Lila agrees. Lila mentions a likely unreimbursed expense and decides to proceed with non-computer tasks, requesting supplies and test papers from Leo. Winnie offers limited assistance, and Lila relocates to work with an available office chair before resuming tasks.
[2] Lila: let me watch some TikToks
[2] Lila: it's funny
[3] Winnie: hi Lila morning
[3] Lila: morning Winnie
[4] Winnie: get to work
[4] Winnie: okay?
[4] Lila: got it
[5] Lila: oh no oh my god
[5] Lila: oh my god
[5] Winnie: what happened
[5] Lila: the school won't probably reimburse this kind of thing
[6] Lila: I have to pay out of my pocket again
[6] Lila: oh no
[6] Lila: okay there's no computer work
[6] Lila: anyway
[6] Lila: well
[7] Lila: can I take my bag with you
[7] Winnie: okay
[7] Lila: do you have tissue
[7] Winnie: let me find
[7] Winnie: no I forget for it today
[8] Winnie: you are diligent
[8] Winnie: and can you help me
[8] Lila: no
[8] Winnie: oh all right
[9] Lila: the office back chair is so hard
[10] Winnie: is there a office chair you can work here
[10] Winnie: and since you don't need a computer anyway
[10] Lila: okay
[11] Lila: okay stop, I need to work
[11] Lila: Leo please bring the test papers on my desk
[11] Leo: okay
[12] Lila: please bring the red pen in my bag
[12] Lila: thank you

Conversation 12: Lila was deciding what to eat and preferred rice, but a new office rule prohibited ordering takeout, leaving her without food. Anne offered her chips, and Winnie affirmed they were good. Anne asked Leo to bring the chips to Lila, resolving Lila’s immediate hunger.
[50] Lila: what should I eat
[50] Lila: chicken, burgers or salad
[50] Anne: hmm what do you want to eat noodles
[51] Anne: The office isn't allowed to order takeout didn't you see it.
[51] Anne: Oh.
[51] Lila: Oh no.
[51] Winnie: I forget it.
[51] Lila: I didn't bring any food today what should I do.
[52] Anne: why don't you eat my chips I'm not hungry anyway
[52] Winnie: hmm yeah it's delicious
[52] Lila: please give me
[52] Anne: hi Leo please bring the chips to Lila
[52] Lila: thank you

Conversation 5: Winnie asks Leo to dispose of an orange peel, and Leo agrees. Winnie comments that the orange is sweet and asks where it was bought; Lila says she bought a bag for $5 on her way home yesterday. Winnie offers Lila some, but Lila declines, noting she already ate some last night.
[29] Lila: I bought it on the way my home yesterday $5 per bag
[29] Winnie: you want to try it
[29] Lila: no need
[29] Lila: I ate it last night
[29] Winnie: all right

Conversation 2: They discussed a towel not being put back. Lila acknowledged forgetting and asked Leo to return the towel to its original place. Winnie accepted the explanation without objection.
[14] Winnie: oh why don't you put the towel back up using it
[14] Lila: I forgot it hmm
[14] Winnie: humm okay
[14] Lila: Leo please put towel back in its original place

[Step 2] Evaluating semantic answer...
Action: [Answer]
Content: No, Lila is not portrayed as addicted; she agrees to focus on work after briefly mentioning TikToks and spends most of the time working with notebooks and non-computer tasks.
FINAL ANSWER (from graph):
No, Lila is not portrayed as addicted; she agrees to focus on work after briefly mentioning TikToks and spends most of the time working with notebooks and non-computer tasks.
✓ Updated results.json for office_04 (14 questions)
✓ Cleaned up video and frames for office_04

============================================================
Processing video: living_room_07
============================================================
Downloading 1 video(s) to data/videos...

Downloading living_room_07.mp4...
✓ Successfully downloaded living_room_07.mp4 to data/videos/living_room_07.mp4

============================================================
Download Summary:
  Successful: 1/1
============================================================

============================================================
[1/1] Processing: living_room_07
============================================================
Video: data/videos/living_room_07.mp4
Subtitles: data/subtitles/robot/living_room_07.srt
Output: data/frames/living_room_07
============================================================

Parsing subtitle file: data/subtitles/robot/living_room_07.srt
Found 292 subtitle entries
Video: 1280x720, 30.00 FPS, 59324 frames, 1977.47s duration

Extracting frames with subtitles...
Grouping frames into folders of 30 frames each
  Saved 10 frames (up to 9s, folder 1)
  Saved 20 frames (up to 19s, folder 1)
  Saved 30 frames (up to 29s, folder 1)
  Saved 40 frames (up to 39s, folder 2)
  Saved 50 frames (up to 49s, folder 2)
  Saved 60 frames (up to 59s, folder 2)
  Saved 70 frames (up to 69s, folder 3)
  Saved 80 frames (up to 79s, folder 3)
  Saved 90 frames (up to 89s, folder 3)
  Saved 100 frames (up to 99s, folder 4)
  Saved 110 frames (up to 109s, folder 4)
  Saved 120 frames (up to 119s, folder 4)
  Saved 130 frames (up to 129s, folder 5)
  Saved 140 frames (up to 139s, folder 5)
  Saved 150 frames (up to 149s, folder 5)
  Saved 160 frames (up to 159s, folder 6)
  Saved 170 frames (up to 169s, folder 6)
  Saved 180 frames (up to 179s, folder 6)
  Saved 190 frames (up to 189s, folder 7)
  Saved 200 frames (up to 199s, folder 7)
  Saved 210 frames (up to 209s, folder 7)
  Saved 220 frames (up to 219s, folder 8)
  Saved 230 frames (up to 229s, folder 8)
  Saved 240 frames (up to 239s, folder 8)
  Saved 250 frames (up to 249s, folder 9)
  Saved 260 frames (up to 259s, folder 9)
  Saved 270 frames (up to 269s, folder 9)
  Saved 280 frames (up to 279s, folder 10)
  Saved 290 frames (up to 289s, folder 10)
  Saved 300 frames (up to 299s, folder 10)
  Saved 310 frames (up to 309s, folder 11)
  Saved 320 frames (up to 319s, folder 11)
  Saved 330 frames (up to 329s, folder 11)
  Saved 340 frames (up to 339s, folder 12)
  Saved 350 frames (up to 349s, folder 12)
  Saved 360 frames (up to 359s, folder 12)
  Saved 370 frames (up to 369s, folder 13)
  Saved 380 frames (up to 379s, folder 13)
  Saved 390 frames (up to 389s, folder 13)
  Saved 400 frames (up to 399s, folder 14)
  Saved 410 frames (up to 409s, folder 14)
  Saved 420 frames (up to 419s, folder 14)
  Saved 430 frames (up to 429s, folder 15)
  Saved 440 frames (up to 439s, folder 15)
  Saved 450 frames (up to 449s, folder 15)
  Saved 460 frames (up to 459s, folder 16)
  Saved 470 frames (up to 469s, folder 16)
  Saved 480 frames (up to 479s, folder 16)
  Saved 490 frames (up to 489s, folder 17)
  Saved 500 frames (up to 499s, folder 17)
  Saved 510 frames (up to 509s, folder 17)
  Saved 520 frames (up to 519s, folder 18)
  Saved 530 frames (up to 529s, folder 18)
  Saved 540 frames (up to 539s, folder 18)
  Saved 550 frames (up to 549s, folder 19)
  Saved 560 frames (up to 559s, folder 19)
  Saved 570 frames (up to 569s, folder 19)
  Saved 580 frames (up to 579s, folder 20)
  Saved 590 frames (up to 589s, folder 20)
  Saved 600 frames (up to 599s, folder 20)
  Saved 610 frames (up to 609s, folder 21)
  Saved 620 frames (up to 619s, folder 21)
  Saved 630 frames (up to 629s, folder 21)
  Saved 640 frames (up to 639s, folder 22)
  Saved 650 frames (up to 649s, folder 22)
  Saved 660 frames (up to 659s, folder 22)
  Saved 670 frames (up to 669s, folder 23)
  Saved 680 frames (up to 679s, folder 23)
  Saved 690 frames (up to 689s, folder 23)
  Saved 700 frames (up to 699s, folder 24)
  Saved 710 frames (up to 709s, folder 24)
  Saved 720 frames (up to 719s, folder 24)
  Saved 730 frames (up to 729s, folder 25)
  Saved 740 frames (up to 739s, folder 25)
  Saved 750 frames (up to 749s, folder 25)
  Saved 760 frames (up to 759s, folder 26)
  Saved 770 frames (up to 769s, folder 26)
  Saved 780 frames (up to 779s, folder 26)
  Saved 790 frames (up to 789s, folder 27)
  Saved 800 frames (up to 799s, folder 27)
  Saved 810 frames (up to 809s, folder 27)
  Saved 820 frames (up to 819s, folder 28)
  Saved 830 frames (up to 829s, folder 28)
  Saved 840 frames (up to 839s, folder 28)
  Saved 850 frames (up to 849s, folder 29)
  Saved 860 frames (up to 859s, folder 29)
  Saved 870 frames (up to 869s, folder 29)
  Saved 880 frames (up to 879s, folder 30)
  Saved 890 frames (up to 889s, folder 30)
  Saved 900 frames (up to 899s, folder 30)
  Saved 910 frames (up to 909s, folder 31)
  Saved 920 frames (up to 919s, folder 31)
  Saved 930 frames (up to 929s, folder 31)
  Saved 940 frames (up to 939s, folder 32)
  Saved 950 frames (up to 949s, folder 32)
  Saved 960 frames (up to 959s, folder 32)
  Saved 970 frames (up to 969s, folder 33)
  Saved 980 frames (up to 979s, folder 33)
  Saved 990 frames (up to 989s, folder 33)
  Saved 1000 frames (up to 999s, folder 34)
  Saved 1010 frames (up to 1009s, folder 34)
  Saved 1020 frames (up to 1019s, folder 34)
  Saved 1030 frames (up to 1029s, folder 35)
  Saved 1040 frames (up to 1039s, folder 35)
  Saved 1050 frames (up to 1049s, folder 35)
  Saved 1060 frames (up to 1059s, folder 36)
  Saved 1070 frames (up to 1069s, folder 36)
  Saved 1080 frames (up to 1079s, folder 36)
  Saved 1090 frames (up to 1089s, folder 37)
  Saved 1100 frames (up to 1099s, folder 37)
  Saved 1110 frames (up to 1109s, folder 37)
  Saved 1120 frames (up to 1119s, folder 38)
  Saved 1130 frames (up to 1129s, folder 38)
  Saved 1140 frames (up to 1139s, folder 38)
  Saved 1150 frames (up to 1149s, folder 39)
  Saved 1160 frames (up to 1159s, folder 39)
  Saved 1170 frames (up to 1169s, folder 39)
  Saved 1180 frames (up to 1179s, folder 40)
  Saved 1190 frames (up to 1189s, folder 40)
  Saved 1200 frames (up to 1199s, folder 40)
  Saved 1210 frames (up to 1209s, folder 41)
  Saved 1220 frames (up to 1219s, folder 41)
  Saved 1230 frames (up to 1229s, folder 41)
  Saved 1240 frames (up to 1239s, folder 42)
  Saved 1250 frames (up to 1249s, folder 42)
  Saved 1260 frames (up to 1259s, folder 42)
  Saved 1270 frames (up to 1269s, folder 43)
  Saved 1280 frames (up to 1279s, folder 43)
  Saved 1290 frames (up to 1289s, folder 43)
  Saved 1300 frames (up to 1299s, folder 44)
  Saved 1310 frames (up to 1309s, folder 44)
  Saved 1320 frames (up to 1319s, folder 44)
  Saved 1330 frames (up to 1329s, folder 45)
  Saved 1340 frames (up to 1339s, folder 45)
  Saved 1350 frames (up to 1349s, folder 45)
  Saved 1360 frames (up to 1359s, folder 46)
  Saved 1370 frames (up to 1369s, folder 46)
  Saved 1380 frames (up to 1379s, folder 46)
  Saved 1390 frames (up to 1389s, folder 47)
  Saved 1400 frames (up to 1399s, folder 47)
  Saved 1410 frames (up to 1409s, folder 47)
  Saved 1420 frames (up to 1419s, folder 48)
  Saved 1430 frames (up to 1429s, folder 48)
  Saved 1440 frames (up to 1439s, folder 48)
  Saved 1450 frames (up to 1449s, folder 49)
  Saved 1460 frames (up to 1459s, folder 49)
  Saved 1470 frames (up to 1469s, folder 49)
  Saved 1480 frames (up to 1479s, folder 50)
  Saved 1490 frames (up to 1489s, folder 50)
  Saved 1500 frames (up to 1499s, folder 50)
  Saved 1510 frames (up to 1509s, folder 51)
  Saved 1520 frames (up to 1519s, folder 51)
  Saved 1530 frames (up to 1529s, folder 51)
  Saved 1540 frames (up to 1539s, folder 52)
  Saved 1550 frames (up to 1549s, folder 52)
  Saved 1560 frames (up to 1559s, folder 52)
  Saved 1570 frames (up to 1569s, folder 53)
  Saved 1580 frames (up to 1579s, folder 53)
  Saved 1590 frames (up to 1589s, folder 53)
  Saved 1600 frames (up to 1599s, folder 54)
  Saved 1610 frames (up to 1609s, folder 54)
  Saved 1620 frames (up to 1619s, folder 54)
  Saved 1630 frames (up to 1629s, folder 55)
  Saved 1640 frames (up to 1639s, folder 55)
  Saved 1650 frames (up to 1649s, folder 55)
  Saved 1660 frames (up to 1659s, folder 56)
  Saved 1670 frames (up to 1669s, folder 56)
  Saved 1680 frames (up to 1679s, folder 56)
  Saved 1690 frames (up to 1689s, folder 57)
  Saved 1700 frames (up to 1699s, folder 57)
  Saved 1710 frames (up to 1709s, folder 57)
  Saved 1720 frames (up to 1719s, folder 58)
  Saved 1730 frames (up to 1729s, folder 58)
  Saved 1740 frames (up to 1739s, folder 58)
  Saved 1750 frames (up to 1749s, folder 59)
  Saved 1760 frames (up to 1759s, folder 59)
  Saved 1770 frames (up to 1769s, folder 59)
  Saved 1780 frames (up to 1779s, folder 60)
  Saved 1790 frames (up to 1789s, folder 60)
  Saved 1800 frames (up to 1799s, folder 60)
  Saved 1810 frames (up to 1809s, folder 61)
  Saved 1820 frames (up to 1819s, folder 61)
  Saved 1830 frames (up to 1829s, folder 61)
  Saved 1840 frames (up to 1839s, folder 62)
  Saved 1850 frames (up to 1849s, folder 62)
  Saved 1860 frames (up to 1859s, folder 62)
  Saved 1870 frames (up to 1869s, folder 63)
  Saved 1880 frames (up to 1879s, folder 63)
  Saved 1890 frames (up to 1889s, folder 63)
  Saved 1900 frames (up to 1899s, folder 64)
  Saved 1910 frames (up to 1909s, folder 64)
  Saved 1920 frames (up to 1919s, folder 64)
  Saved 1930 frames (up to 1929s, folder 65)
  Saved 1940 frames (up to 1939s, folder 65)
  Saved 1950 frames (up to 1949s, folder 65)
  Saved 1960 frames (up to 1959s, folder 66)
  Saved 1970 frames (up to 1969s, folder 66)

✓ Extracted 1978 frames to data/frames/living_room_07

✓ Successfully processed living_room_07: 1978 frames saved
--------------------------------
Processing folder:  data/frames/living_room_07/1
Inserted 19 triples into graph for clip 1
--------------------------------
Processing folder:  data/frames/living_room_07/2
Inserted 16 triples into graph for clip 2
--------------------------------
Processing folder:  data/frames/living_room_07/3
Inserted 17 triples into graph for clip 3
--------------------------------
Processing folder:  data/frames/living_room_07/4
Inserted 27 triples into graph for clip 4
--------------------------------
Processing folder:  data/frames/living_room_07/5
Inserted 25 triples into graph for clip 5
--------------------------------
Processing folder:  data/frames/living_room_07/6
Inserted 23 triples into graph for clip 6
--------------------------------
Processing folder:  data/frames/living_room_07/7
Inserted 34 triples into graph for clip 7
--------------------------------
Processing folder:  data/frames/living_room_07/8
Inserted 43 triples into graph for clip 8
--------------------------------
Processing folder:  data/frames/living_room_07/9
Inserted 25 triples into graph for clip 9
--------------------------------
Processing folder:  data/frames/living_room_07/10
Inserted 18 triples into graph for clip 10
--------------------------------
Processing folder:  data/frames/living_room_07/11
Inserted 19 triples into graph for clip 11
--------------------------------
Processing folder:  data/frames/living_room_07/12
Inserted 26 triples into graph for clip 12
--------------------------------
Processing folder:  data/frames/living_room_07/13
Inserted 29 triples into graph for clip 13
--------------------------------
Processing folder:  data/frames/living_room_07/14
Inserted 19 triples into graph for clip 14
--------------------------------
Processing folder:  data/frames/living_room_07/15
Inserted 27 triples into graph for clip 15
--------------------------------
Processing folder:  data/frames/living_room_07/16
Inserted 22 triples into graph for clip 16
--------------------------------
Processing folder:  data/frames/living_room_07/17
Inserted 25 triples into graph for clip 17
--------------------------------
Processing folder:  data/frames/living_room_07/18
Inserted 17 triples into graph for clip 18
--------------------------------
Processing folder:  data/frames/living_room_07/19
Inserted 23 triples into graph for clip 19
--------------------------------
Processing folder:  data/frames/living_room_07/20
Inserted 30 triples into graph for clip 20
--------------------------------
Processing folder:  data/frames/living_room_07/21
Extracting summary for completed conversation 1...
Warning: Character '<X>' not found in graph, skipping attribute: helpful
Warning: Character '<X>' not found in graph, skipping relationship
Warning: Character '<X>' not found in graph, skipping relationship
Warning: Character '<Bella>' not found in graph, skipping relationship
Warning: Character '<Bella>' not found in graph, skipping relationship
✓ Conversation summary extracted. Attributes: 7, Relationships: 5
Inserted 39 triples into graph for clip 21
--------------------------------
Processing folder:  data/frames/living_room_07/22
Inserted 22 triples into graph for clip 22
--------------------------------
Processing folder:  data/frames/living_room_07/23
Inserted 21 triples into graph for clip 23
--------------------------------
Processing folder:  data/frames/living_room_07/24
Inserted 22 triples into graph for clip 24
--------------------------------
Processing folder:  data/frames/living_room_07/25
Inserted 22 triples into graph for clip 25
--------------------------------
Processing folder:  data/frames/living_room_07/26
Inserted 16 triples into graph for clip 26
--------------------------------
Processing folder:  data/frames/living_room_07/27
Inserted 23 triples into graph for clip 27
--------------------------------
Processing folder:  data/frames/living_room_07/28
Inserted 27 triples into graph for clip 28
--------------------------------
Processing folder:  data/frames/living_room_07/29
Inserted 24 triples into graph for clip 29
--------------------------------
Processing folder:  data/frames/living_room_07/30
Extracting summary for completed conversation 2...
Warning: Character '<Bella>' not found in graph, skipping attribute: long-time friend of Mia and Dave
Warning: Character '<Bella>' not found in graph, skipping relationship
Warning: Character '<Bella>' not found in graph, skipping relationship
✓ Conversation summary extracted. Attributes: 7, Relationships: 5
Inserted 38 triples into graph for clip 30
--------------------------------
Processing folder:  data/frames/living_room_07/31
Inserted 16 triples into graph for clip 31
--------------------------------
Processing folder:  data/frames/living_room_07/32
Extracting summary for completed conversation 3...
✓ Conversation summary extracted. Attributes: 1, Relationships: 0
Inserted 21 triples into graph for clip 32
--------------------------------
Processing folder:  data/frames/living_room_07/33
Inserted 30 triples into graph for clip 33
--------------------------------
Processing folder:  data/frames/living_room_07/34
Inserted 35 triples into graph for clip 34
--------------------------------
Processing folder:  data/frames/living_room_07/35
Inserted 22 triples into graph for clip 35
--------------------------------
Processing folder:  data/frames/living_room_07/36
Extracting summary for completed conversation 4...
Warning: Character '<X>' not found in graph, skipping attribute: responsive
Warning: Character '<X>' not found in graph, skipping relationship
Warning: Character '<X>' not found in graph, skipping relationship
✓ Conversation summary extracted. Attributes: 6, Relationships: 4
Inserted 22 triples into graph for clip 36
--------------------------------
Processing folder:  data/frames/living_room_07/37
Inserted 35 triples into graph for clip 37
--------------------------------
Processing folder:  data/frames/living_room_07/38
Inserted 21 triples into graph for clip 38
--------------------------------
Processing folder:  data/frames/living_room_07/39
Inserted 35 triples into graph for clip 39
--------------------------------
Processing folder:  data/frames/living_room_07/40
Inserted 25 triples into graph for clip 40
--------------------------------
Processing folder:  data/frames/living_room_07/41
Inserted 25 triples into graph for clip 41
--------------------------------
Processing folder:  data/frames/living_room_07/42
Inserted 34 triples into graph for clip 42
--------------------------------
Processing folder:  data/frames/living_room_07/43
Inserted 35 triples into graph for clip 43
--------------------------------
Processing folder:  data/frames/living_room_07/44
Inserted 24 triples into graph for clip 44
--------------------------------
Processing folder:  data/frames/living_room_07/45
Inserted 16 triples into graph for clip 45
--------------------------------
Processing folder:  data/frames/living_room_07/46
Extracting summary for completed conversation 5...
Warning: Character '<X>' not found in graph, skipping attribute: helpful
Warning: Character '<Bella>' not found in graph, skipping attribute: guest of honor
Warning: Character '<X>' not found in graph, skipping relationship
Warning: Character '<X>' not found in graph, skipping relationship
Warning: Character '<Group>' not found in graph, skipping relationship
✓ Conversation summary extracted. Attributes: 7, Relationships: 6
Inserted 24 triples into graph for clip 46
--------------------------------
Processing folder:  data/frames/living_room_07/47
Inserted 33 triples into graph for clip 47
--------------------------------
Processing folder:  data/frames/living_room_07/48
Inserted 28 triples into graph for clip 48
--------------------------------
Processing folder:  data/frames/living_room_07/49
Extracting summary for completed conversation 6...
Warning: Character '<X>' not found in graph, skipping relationship
✓ Conversation summary extracted. Attributes: 4, Relationships: 3
Inserted 25 triples into graph for clip 49
--------------------------------
Processing folder:  data/frames/living_room_07/50
Inserted 15 triples into graph for clip 50
--------------------------------
Processing folder:  data/frames/living_room_07/51
Inserted 21 triples into graph for clip 51
--------------------------------
Processing folder:  data/frames/living_room_07/52
Inserted 17 triples into graph for clip 52
--------------------------------
Processing folder:  data/frames/living_room_07/53
Inserted 9 triples into graph for clip 53
--------------------------------
Processing folder:  data/frames/living_room_07/54
Extracting summary for completed conversation 7...
Warning: Character '<Bella>' not found in graph, skipping relationship
Warning: Character '<Bella>' not found in graph, skipping relationship
✓ Conversation summary extracted. Attributes: 4, Relationships: 3
Inserted 25 triples into graph for clip 54
--------------------------------
Processing folder:  data/frames/living_room_07/55
Inserted 27 triples into graph for clip 55
--------------------------------
Processing folder:  data/frames/living_room_07/56
Inserted 16 triples into graph for clip 56
--------------------------------
Processing folder:  data/frames/living_room_07/57
Inserted 29 triples into graph for clip 57
--------------------------------
Processing folder:  data/frames/living_room_07/58
Inserted 24 triples into graph for clip 58
--------------------------------
Processing folder:  data/frames/living_room_07/59
Inserted 25 triples into graph for clip 59
--------------------------------
Processing folder:  data/frames/living_room_07/60
Inserted 27 triples into graph for clip 60
--------------------------------
Processing folder:  data/frames/living_room_07/61
Inserted 32 triples into graph for clip 61
--------------------------------
Processing folder:  data/frames/living_room_07/62
Inserted 24 triples into graph for clip 62
--------------------------------
Processing folder:  data/frames/living_room_07/63
Inserted 40 triples into graph for clip 63
--------------------------------
Processing folder:  data/frames/living_room_07/64
Inserted 26 triples into graph for clip 64
--------------------------------
Processing folder:  data/frames/living_room_07/65
Inserted 32 triples into graph for clip 65
--------------------------------
Processing folder:  data/frames/living_room_07/66
Inserted 20 triples into graph for clip 66
Extracting summary for final conversation 8...
✓ Final conversation summary extracted. Attributes: 10, Relationships: 5
Inserting character appearances for 6 characters...
✓ Character appearances inserted: 33 appearance edges created
380 node embeddings inserted (6 characters, 374 objects)
1711 edge embeddings inserted
Generating character attributes...
Number of edges:  1711
Character attributes generated.
Number of edges:  1758
Character relationships generated.
Number of edges:  1817
✓ Graph memory built for living_room_07
Question: Where can the robot get the ballons?

[Step 1] Searching the graph...
Parse Query Output:
{
  "query_triple": ["<Robot>", "gets", "balloons", 0.9, 0.4, 0.6],
  "spatial_constraint": null,
  "speaker_strict": null,
  "allocation": {
    "k_high_level": 5,
    "k_low_level": 38,
    "k_conversations": 7,
    "total_k": 50,
    "reasoning": "Spatial/action query about where the robot can obtain balloons; prioritize low-level edges for locations and actions, minimal high-level edges for any role/context, and a small number of conversations for hints like directions or suggestions."
  }
}

Graph Search Results:
**High-Level Information (Character Attributes and Relationships): **

Character Attributes:
- Bella is: glasses (100), female (100)
- X is: glasses (100)
- robot is: black gloves (100)

Character Relationships:
- robot assists Mia (95)

**Low-Level Information (Actions and Events): **

[3] ornament is from box. (living room)
[5] Mia picks up from object. (living room)
[5] object is in box. (living room)
[5] Mia sets back near device. (living room)
[5] device is near box. (living room)
[12] Dave asks about balloon. (living room)
[16] ribbon is on tree. (living room)
[17] pink ribbon is at top. (living room)
[22] Mia takes phone from <robot>. (living room)
[28] item is in box. (living room)
[28] photo is from box. (living room)
[29] open bag reveals balloon. (living room)
[33] red object is beside pink balloon. (living room)
[34] balloon is on sofa. (living room)
[34] pink balloon is from sofa. (living room)
[34] robot points at box. (living room)
[35] robot holds camera. (living room)
[35] item is in box. (living room)
[37] open box is under blue balloon. (living room)
[39] something is from box. (living room)
[42] Dave watches robot’s placement. (living room)
[46] Mia picks up balloon. (living room)
[46] Mia moves balloon. (living room)
[46] metallic balloon is on sofa. (living room)
[47] robot has with camera. (living room)
[47] small black bag is near balloon. (living room)
[49] ribbon is from box. (living room)
[49] small ornament string is from box. (living room)
[52] robot holds camera. (apartment balcony)
[52] camera faces balcony door. (apartment balcony)
[56] rose-gold number balloon is on couch. (living room)
[57] robot holds camera. (living room)
[58] X adjusts object. (living room)
[58] rose-gold balloon is on sofa. (living room)
[58] X fixes balloon. (living room)
[58] balloon is on sofa. (living room)
[59] X gets drink. (living room)
[64] cake has lit candle. (living room)

**Conversations: **

Conversation 1: Dave and Mia plan and coordinate decorations for Bella’s birthday, deciding on a simpler theme with pink, yellow, and orange ribbons and inflating pink balloons. They agree to repurpose the Christmas tree as a ‘birthday tree’ by removing leftover Christmas items and adding bows and ribbons. Dave confirms the cake order with specific fillings and will wrap the gift, while X assists by fetching drinks and materials and decorating the living room.
[12] Mia: it's very nice
[12] Dave: Then I think
[12] Dave: we should inflate the balloons first
[12] Dave: X, could you please bring over the materials
[12] Dave: which kind of
[12] Dave: balloon
[12] Dave: should we blow
[12] Dave: I bought pink and purple
[14] Dave: X, could you please decorate the living room
[14] Dave: when we are blowing up
[14] Dave: the balloons
[14] Dave: the Christmas tree set up for Christmas haven't been
[14] Dave: taken down yet
[14] Dave: so the ribbons can be hung on the Christmas tree
[16] Dave: Mia, you go decorate the Christmas tree.
[16] Dave: and I will just blow up the balloons.
[16] Dave: thank you
[16] Mia: I think pink is really essential

Conversation 5: The group is preparing for Bella’s arrival, coordinating cake placement, gift hiding, and arranging balloons and lights. Mia directs tasks to X and others, deciding to put the cake on the coffee table and the gift behind the sofa. Dave monitors timing, notes a clock discrepancy, and Mia asks X to set the clock correctly. Overall, they finalize party setup before Bella arrives at six.
[40] Mia: just let just leave it on the handle
[40] Mia: X please help me get the cake
[40] robot: okay
[40] Mia: Bella will arrive in about 20 minutes
[41] Mia: please put the cake on the coffee table
[43] Dave: humm
[44] Dave: okay so there is the last step left
[44] Dave: we should arrange the inflated balloons
[44] Dave: and electronic lights
[44] Dave: hmm let me check the time

Conversation 4: Mia and Dave coordinated party preparations: Mia will inflate the balloons while Dave wraps the gift. Dave asked another person, X, for wrapping paper and expressed liking the pink paper.
[34] Mia: that's okay you can wrap the gift first
[34] Mia: and I will handle blowing up
[34] Mia: the balloons myself
[34] Dave: thank you
[34] Dave: X, could you please give me

[Step 2] Evaluating semantic answer...
Action: [Answer]
Content: From the box in the living room.
FINAL ANSWER (from graph):
From the box in the living room.
Question: Does Mia care about tidiness?

[Step 1] Searching the graph...
Parse Query Output:
{
  "query_triple": ["<Mia>", "tidiness", null, 0.95, 0.25, 0.1],
  "spatial_constraint": null,
  "speaker_strict": null,
  "allocation": {
    "k_high_level": 9,
    "k_low_level": 11,
    "k_conversations": 30,
    "total_k": 50,
    "reasoning": "Trait/attitude query. Use high-level edges for character attributes, conversations to find explicit statements or indications of caring about tidiness, and some low-level edges for evidence like cleaning actions or organizing behavior."
  }
}

Graph Search Results:
**High-Level Information (Character Attributes and Relationships): **

Character Attributes:
- Mia is: dark hair tied back in low ponytail (100), female (100), medium build (100), black-and-white sneakers (100), light cream short-sleeve T-shirt (100), blue jeans (100), organized (90)

Character Relationships:
- robot assists Mia (95)
- Mia collaborates with robot (95)

**Low-Level Information (Actions and Events): **

[3] Mia keeps Mia's black handbag. (living room)
[17] Mia ties pink ribbon. (living room)
[18] Mia ties yellow ribbon. (living room)
[20] Mia ties pale ribbon. (living room)
[21] Mia ties ribbon. (living room)
[33] Mia tidies item. (living room)
[36] Mia tidies wrapping material. (living room)
[37] Mia ties off balloon. (living room)
[42] Mia tidies sofa area. (living room)
[44] Mia keeps Mia's phone. (living room)
[48] Mia keeps. (living room)

**Conversations: **

Conversation 1: Dave and Mia plan and coordinate decorations for Bella’s birthday, deciding on a simpler theme with pink, yellow, and orange ribbons and inflating pink balloons. They agree to repurpose the Christmas tree as a ‘birthday tree’ by removing leftover Christmas items and adding bows and ribbons. Dave confirms the cake order with specific fillings and will wrap the gift, while X assists by fetching drinks and materials and decorating the living room.
[3] Dave: I've already bought birthday decorations
[3] Dave: let's decorate the living room together
[3] Mia: wait a minute
[3] Dave: fine I will
[3] Dave: categorize the thing
[6] Dave: okay
[7] Mia: Dave
[7] Mia: remember to wrap the gift
[7] Dave: okay??? I'll wrap the gift in a bit
[7] Mia: did you order the cake
[7] Dave: of course??? I've already ordered
[8] Dave: The cake fillings are strawberry, mango, and Oreo—your strawberry, Bella's Oreo.
[9] Mia: X, could you please help me get
[9] Mia: a bottle of orange juice and a bottle of coconut milk
[9] Mia: from the cabinet
[9] X: okay
[9] Mia: thank you
[9] Dave: Thank you??? but I'm not thirsty
[10] Dave: let me check how to make a birthday decoration
[11] Dave: What do you think about this kind of decoration?
[12] Mia: it's very nice
[12] Dave: Then I think
[12] Dave: we should inflate the balloons first
[16] Dave: and I will just blow up the balloons.
[16] Dave: thank you
[16] Mia: I think pink is really essential
[16] Mia: we can put the pink ribbons first
[17] Mia: I think tying a bow may be better.
[17] Mia: We need to decorate it more simply.
[18] Mia: not as colorful as Christmas
[18] Dave: yeah of course
[18] Dave: it's a birthday tree not a Christmas tree
[18] Mia: there are still
[18] Mia: the Christmas decorations left
[18] Dave: please take off the Christmas hat and put it in the box
[19] Mia: Alright I think we can put up some
[19] Dave: Actually, I think adding some orange would look nice
[19] Mia: um
[19] Mia: hmm
[19] Mia: then you and I will put up
[20] Mia: the yellow and orange ribbons

Conversation 8: Friends Dave, Mia, X, and Bella gather to surprise Bella with a birthday celebration, complete with decorations, photos, cake, and a gift. They share drinks, reminisce over old photos, sing, and make a wish, emphasizing their close bond and appreciation for each other. The event centers on celebrating Bella and highlighting their friendship and thoughtfulness.
[55] X: okay
[55] Dave: thank you I love mango
[55] Mia: so why don't you wash your hands
[55] Mia: before eating the mango
[55] Dave: sorry, I won't eat it for now
[56] Dave: I'll finish setting up first
[56] Mia: hi Bella, this is Mia
[57] Mia: oh okay okay okay
[57] Mia: Bella is coming soon
[57] Dave: oh she's finally back
[57] Mia: so X could you please bring me the ribbons spray gun
[57] Mia: thank you
[58] Mia: oh it's fella
[58] Dave: she's finally back
[61] Dave: I love you too
[61] Mia: come and look at these photos
[61] Mia: I carefully selected all of them
[61] Mia: look this is
[61] Mia: from when we attended the dance that time
[62] Bella: oh we've really changed a lot
[62] Bella: but we're also very beautiful now
[62] Mia: yeah
[63] Mia: let's eat a cake and make a wish
[63] Bella: okay
[66] Bella: it's made on top
[66] Bella: oh
[66] Mia: oh huh
[66] Bella: it's delicious
[66] Dave: hmm

Conversation 2: Mia and Dave decide to decorate with printed photos of their friend Bella, arranging them chronologically to reflect shared memories from high school. They reminisce about dances and baking together, and Mia coordinates printing and delivery while asking for help putting photos up. Dave proposes baking a cake at home another day and offers to handle ingredients. Overall, they collaborate to create a nostalgic display for Bella.
[22] Dave: okay
[22] Mia: I will select some photos
[22] Mia: thank you
[23] Mia: we've known Bella since we were 16. Time really flies
[23] Dave: yeah back then
[24] Dave: I think maybe we can make a cake another day at home.
[24] Dave: and I will prepare the ingredients.
[24] Mia: that's a good idea.
[24] Dave: oh.
[24] Dave: let's hang Bella's
[26] Dave: your efficiency is really high, Nina.
[27] Mia: oh the photos arrived
[28] Mia: oh
[28] Dave: this is a picture when you're dancing
[28] Mia: yeah
[28] Mia: I was dancing with Bella
[29] Dave: and this is a picture

Conversation 4: Mia and Dave coordinated party preparations: Mia will inflate the balloons while Dave wraps the gift. Dave asked another person, X, for wrapping paper and expressed liking the pink paper.
[34] Mia: is the gift wrapped
[34] Dave: oh no I haven't had time to pack yet
[34] Mia: that's okay you can wrap the gift first

Conversation 6: Dave and Mia plan birthday decorations, deciding to put candles on the cake and use star-style candles. Mia assigns X to fetch the candles and set up electronic lights symmetrically along both sides of the windows, with Dave acknowledging and agreeing.
[47] Dave: thank you
[48] Mia: X would you please take out the electronic lights
[48] Mia: and set them up
[48] Mia: hanging them symmetrically along both sides of the windows

Conversation 5: The group is preparing for Bella’s arrival, coordinating cake placement, gift hiding, and arranging balloons and lights. Mia directs tasks to X and others, deciding to put the cake on the coffee table and the gift behind the sofa. Dave monitors timing, notes a clock discrepancy, and Mia asks X to set the clock correctly. Overall, they finalize party setup before Bella arrives at six.
[39] Dave: thank you
[40] Mia: oh the cake arrives
[40] Mia: just let just leave it on the handle
[40] Mia: X please help me get the cake
[40] robot: okay
[40] Mia: Bella will arrive in about 20 minutes
[41] Mia: please put the cake on the coffee table
[41] Mia: thank you
[41] Dave: okay
[41] Dave: so where should the gift be placed
[44] Dave: hmm but how is the clock showing 6:22
[44] Mia: walk faster
[44] Mia: oh so X
[45] Mia: would you please set the clock to the correct time

Conversation 3: The conversation is incomplete and provides insufficient content to determine topics, decisions, or outcomes. Only a brief thank-you from Mia is present.
[31] Mia: thank you

Conversation 7: Mia and Dave note that it's 6 o'clock and Bella, the birthday honoree, hasn't arrived. They speculate she's delayed by traffic and joke that her tardiness is typical, sharing a light, humorous tone.
[52] Dave: It's probably a traffic jam now.
[53] Dave: it wouldn't be Bella if she wasn't late hahaha
[53] Mia: hahaha

[Step 2] Evaluating semantic answer...
Action: [Answer]
Content: Yes, Mia cares about tidiness.
FINAL ANSWER (from graph):
Yes, Mia cares about tidiness.
Question: How many years ago did Mia, Bella and Dave meet?

[Step 1] Searching the graph...
Parse Query Output:
{
  "query_triple": ["<Mia>", "met", "<Bella>|<Dave>", 0.95, 0.35, 0.9],
  "spatial_constraint": null,
  "speaker_strict": null,
  "allocation": {
    "k_high_level": 6,
    "k_low_level": 14,
    "k_conversations": 30,
    "total_k": 50,
    "reasoning": "Temporal 'how many years ago' requires evidence of first meeting and time references; use conversations to capture dialogue mentioning years ago; some low-level edges for specific meeting events; a few high-level edges for relationship/meeting summaries."
  }
}

Graph Search Results:
**High-Level Information (Character Attributes and Relationships): **

Character Attributes:
- Mia is: female (100), medium build (100), blue jeans (100), black-and-white sneakers (100), dark hair tied back in low ponytail (100)

Character Relationships:
- robot assists Mia (95)

**Low-Level Information (Actions and Events): **

[2] Mia places Mia's phone. (living room)
[23] Mia looks at Mia's phone. (living room)
[23] Mia faces Mia's phone. (living room)
[24] Mia views <Dave>'s phone. (living room)
[25] Mia picks up Mia's phone. (living room)
[25] Mia views Mia's phone. (living room)
[27] Mia uses Mia's phone. (living room)
[27] Mia looks at Mia's phone. (living room)
[27] Mia glances toward <Dave>'s hand. (living room)
[28] Mia places Mia's phone. (living room)
[30] Mia holds <Mia>'s phone. (living room)
[36] Mia reaches toward briefly <Dave>'s item. (living room)
[38] Mia glances at <Dave>'s package. (living room)
[56] Mia looks at Mia's phone. (living room)

**Conversations: **

Conversation 2: Mia and Dave decide to decorate with printed photos of their friend Bella, arranging them chronologically to reflect shared memories from high school. They reminisce about dances and baking together, and Mia coordinates printing and delivery while asking for help putting photos up. Dave proposes baking a cake at home another day and offers to handle ingredients. Overall, they collaborate to create a nostalgic display for Bella.
[22] Mia: I will select some photos
[22] Mia: thank you
[23] Mia: we've known Bella since we were 16. Time really flies
[23] Dave: yeah back then
[23] Dave: three of us were in the same high school class
[23] Dave: you and I attended dances with her
[23] Dave: really nostalgic
[24] Mia: that's a good idea.
[24] Dave: oh.
[24] Dave: let's hang Bella's
[24] Dave: photos from top to bottom in order of age.
[24] Dave: and there are all memories
[24] Dave: of our youth.
[26] Dave: your efficiency is really high, Nina.
[27] Mia: oh the photos arrived
[28] Mia: oh
[28] Dave: this is a picture when you're dancing
[28] Mia: yeah
[28] Mia: I was dancing with Bella
[29] Dave: and this is a picture
[29] Dave: when we are making a cake
[29] Mia: this is a photo
[29] Mia: from when I was 16
[29] Mia: x could you please help me put it up

Conversation 1: Dave and Mia plan and coordinate decorations for Bella’s birthday, deciding on a simpler theme with pink, yellow, and orange ribbons and inflating pink balloons. They agree to repurpose the Christmas tree as a ‘birthday tree’ by removing leftover Christmas items and adding bows and ribbons. Dave confirms the cake order with specific fillings and will wrap the gift, while X assists by fetching drinks and materials and decorating the living room.
[2] Dave: um
[2] Dave: yeah
[2] Dave: Mia, come out quickly, today is Bella's birthday
[3] Dave: I've already bought birthday decorations
[3] Dave: let's decorate the living room together
[5] Dave: still some rooms left
[6] Dave: okay
[7] Mia: Dave
[7] Mia: remember to wrap the gift
[7] Dave: okay??? I'll wrap the gift in a bit
[8] Mia: oh well done
[8] Dave: hmm
[8] Dave: oh Mia, could you please help me cut off the ribbons
[8] Dave: in this box
[9] Mia: I'm a little thirsty
[14] Dave: taken down yet
[14] Dave: so the ribbons can be hung on the Christmas tree
[16] Dave: Mia, you go decorate the Christmas tree.
[16] Dave: and I will just blow up the balloons.
[16] Dave: thank you

Conversation 8: Friends Dave, Mia, X, and Bella gather to surprise Bella with a birthday celebration, complete with decorations, photos, cake, and a gift. They share drinks, reminisce over old photos, sing, and make a wish, emphasizing their close bond and appreciation for each other. The event centers on celebrating Bella and highlighting their friendship and thoughtfulness.
[55] Dave: sorry, I won't eat it for now
[56] Dave: I'll finish setting up first
[56] Mia: hi Bella, this is Mia
[57] Mia: oh okay okay okay
[57] Mia: Bella is coming soon
[57] Dave: oh she's finally back
[57] Mia: so X could you please bring me the ribbons spray gun
[58] Mia: oh it's fella
[58] Dave: she's finally back
[59] Mia: happy birthday
[59] Dave: Happy birthday
[59] Bella: wow
[59] Bella: what a surprise
[59] Dave: wow we have more surprises for you
[59] Bella: thank you Dave
[59] Dave: oh what do you want to drink Bella
[59] Bella: the same as Mia
[59] Dave: X could you get a drink
[59] Dave: for Bella
[59] Dave: thank you
[60] Bella: thank you
[61] Bella: oh no birthday tree
[61] Dave: yeah
[61] Bella: you are so nice Mia and Dave I'm really touched and I love you all
[61] Dave: I love you too
[61] Mia: come and look at these photos
[61] Mia: I carefully selected all of them
[61] Mia: look this is
[61] Mia: from when we attended the dance that time
[61] Mia: taken by our classmates of three of us
[62] Mia: we looked so young and naive back then
[62] Bella: yeah
[62] Dave: and look at this one
[62] Dave: it obviously looks much more mature
[62] Bella: yes and what when was this photo taken
[62] Bella: X do you know
[62] X: it was filmed this year
[62] Bella: oh we've really changed a lot
[62] Bella: but we're also very beautiful now
[62] Mia: yeah
[63] Mia: let's eat a cake and make a wish
[63] Bella: okay

Conversation 7: Mia and Dave note that it's 6 o'clock and Bella, the birthday honoree, hasn't arrived. They speculate she's delayed by traffic and joke that her tardiness is typical, sharing a light, humorous tone.
[52] Mia: It's already 6 o'clock.
[52] Mia: Why hasn't Bella, the birthday star, come yet?
[52] Dave: It's probably a traffic jam now.
[53] Dave: it wouldn't be Bella if she wasn't late hahaha
[53] Mia: hahaha

Conversation 5: The group is preparing for Bella’s arrival, coordinating cake placement, gift hiding, and arranging balloons and lights. Mia directs tasks to X and others, deciding to put the cake on the coffee table and the gift behind the sofa. Dave monitors timing, notes a clock discrepancy, and Mia asks X to set the clock correctly. Overall, they finalize party setup before Bella arrives at six.
[40] Mia: X please help me get the cake
[40] robot: okay
[40] Mia: Bella will arrive in about 20 minutes
[41] Mia: please put the cake on the coffee table
[41] Mia: thank you
[44] Dave: and electronic lights
[44] Dave: hmm let me check the time
[44] Dave: it's five minutes to six, Bella should arrive at six
[44] Dave: hmm but how is the clock showing 6:22
[44] Mia: walk faster

[Step 2] Evaluating semantic answer...
Action: [Answer]
Content: They met when they were 16 years old, so the exact number of years ago isn’t specified.
FINAL ANSWER (from graph):
They met when they were 16 years old, so the exact number of years ago isn’t specified.
Question: Who is the least sensitive to time, Dave，Bella or Mia?

[Step 1] Searching the graph...
Parse Query Output:
{
  "query_triple": ["null", "least sensitive to time", ["<Dave>", "<Bella>", "<Mia>"], 0.1, 0.25, 0.9],
  "spatial_constraint": null,
  "speaker_strict": null,
  "allocation": {
    "k_high_level": 9,
    "k_low_level": 16,
    "k_conversations": 25,
    "total_k": 50,
    "reasoning": "Trait/comparison query across named characters. Use high-level edges for time-sensitivity traits. Include some low-level edges to capture behaviors indicating punctuality/tardiness. Conversations can reveal attitudes toward time and scheduling."
  }
}

Graph Search Results:
**High-Level Information (Character Attributes and Relationships): **

Character Attributes:
- Dave is: time-conscious (85), medium build (100)
- Mia is: medium build (100)
- X is: medium build (100)
- character_1 is: light skin (100), no glasses visible (100), light yellow t-shirt (100)
- robot is: no visible face (100), camera-held viewpoint (100)

**Low-Level Information (Actions and Events): **

[12] Mia selects item. (living room)
[17] Mia steadies tree. (living room)
[18] robot holds near yellow ribbon. (living room)
[18] robot steadies tree. (living room)
[21] Mia steadies small Christmas tree. (living room)
[21] robot adjusts at decoration. (living room)
[43] Dave approaches table. (living room)
[44] Dave checks time. (living room)
[45] robot adjusts minute hand wall clock. (living room)
[45] robot adjusts hour hand wall clock. (living room)
[56] Dave holds near hand something. (living room)
[58] X adjusts object. (living room)
[60] Bella moves with other. (living room)
[62] Bella touches sleeve lightly X. (living room)
[65] Mia shifts closer to table. (living room)
[66] Bella sits closest to camera. (living room)

**Conversations: **

Conversation 1: Dave and Mia plan and coordinate decorations for Bella’s birthday, deciding on a simpler theme with pink, yellow, and orange ribbons and inflating pink balloons. They agree to repurpose the Christmas tree as a ‘birthday tree’ by removing leftover Christmas items and adding bows and ribbons. Dave confirms the cake order with specific fillings and will wrap the gift, while X assists by fetching drinks and materials and decorating the living room.
[2] Dave: um
[2] Dave: yeah
[2] Dave: Mia, come out quickly, today is Bella's birthday
[3] Dave: I've already bought birthday decorations
[3] Dave: let's decorate the living room together
[5] Dave: still some rooms left
[6] Dave: okay
[7] Mia: Dave
[7] Mia: remember to wrap the gift
[7] Dave: okay??? I'll wrap the gift in a bit
[8] Dave: The cake fillings are strawberry, mango, and Oreo—your strawberry, Bella's Oreo.
[8] Mia: oh well done
[8] Dave: hmm
[8] Dave: oh Mia, could you please help me cut off the ribbons
[8] Dave: in this box
[9] Mia: I'm a little thirsty
[12] Dave: we should inflate the balloons first
[12] Dave: X, could you please bring over the materials
[12] Dave: which kind of
[12] Dave: balloon
[12] Dave: should we blow
[14] Dave: taken down yet
[14] Dave: so the ribbons can be hung on the Christmas tree
[16] Dave: Mia, you go decorate the Christmas tree.
[16] Dave: and I will just blow up the balloons.
[16] Dave: thank you
[19] Dave: Actually, I think adding some orange would look nice
[19] Mia: um
[19] Mia: hmm
[19] Mia: then you and I will put up
[20] Mia: the yellow and orange ribbons

Conversation 7: Mia and Dave note that it's 6 o'clock and Bella, the birthday honoree, hasn't arrived. They speculate she's delayed by traffic and joke that her tardiness is typical, sharing a light, humorous tone.
[52] Mia: It's already 6 o'clock.
[52] Mia: Why hasn't Bella, the birthday star, come yet?
[52] Dave: It's probably a traffic jam now.
[53] Dave: it wouldn't be Bella if she wasn't late hahaha
[53] Mia: hahaha

Conversation 8: Friends Dave, Mia, X, and Bella gather to surprise Bella with a birthday celebration, complete with decorations, photos, cake, and a gift. They share drinks, reminisce over old photos, sing, and make a wish, emphasizing their close bond and appreciation for each other. The event centers on celebrating Bella and highlighting their friendship and thoughtfulness.
[55] Dave: sorry, I won't eat it for now
[56] Dave: I'll finish setting up first
[56] Mia: hi Bella, this is Mia
[57] Mia: oh okay okay okay
[57] Mia: Bella is coming soon
[57] Dave: oh she's finally back
[57] Mia: so X could you please bring me the ribbons spray gun
[59] Bella: what a surprise
[59] Dave: wow we have more surprises for you
[59] Bella: thank you Dave
[59] Dave: oh what do you want to drink Bella
[59] Bella: the same as Mia
[59] Dave: X could you get a drink
[59] Dave: for Bella
[59] Dave: thank you
[60] Bella: thank you
[61] Bella: oh no birthday tree
[61] Dave: yeah
[61] Bella: you are so nice Mia and Dave I'm really touched and I love you all
[61] Dave: I love you too
[61] Mia: come and look at these photos

Conversation 2: Mia and Dave decide to decorate with printed photos of their friend Bella, arranging them chronologically to reflect shared memories from high school. They reminisce about dances and baking together, and Mia coordinates printing and delivery while asking for help putting photos up. Dave proposes baking a cake at home another day and offers to handle ingredients. Overall, they collaborate to create a nostalgic display for Bella.
[22] Mia: I will select some photos
[22] Mia: thank you
[23] Mia: we've known Bella since we were 16. Time really flies
[23] Dave: yeah back then
[23] Dave: three of us were in the same high school class
[24] Mia: that's a good idea.
[24] Dave: oh.
[24] Dave: let's hang Bella's
[24] Dave: photos from top to bottom in order of age.
[24] Dave: and there are all memories
[28] Dave: this is a picture when you're dancing
[28] Mia: yeah
[28] Mia: I was dancing with Bella
[29] Dave: and this is a picture
[29] Dave: when we are making a cake

Conversation 5: The group is preparing for Bella’s arrival, coordinating cake placement, gift hiding, and arranging balloons and lights. Mia directs tasks to X and others, deciding to put the cake on the coffee table and the gift behind the sofa. Dave monitors timing, notes a clock discrepancy, and Mia asks X to set the clock correctly. Overall, they finalize party setup before Bella arrives at six.
[40] Mia: X please help me get the cake
[40] robot: okay
[40] Mia: Bella will arrive in about 20 minutes
[41] Mia: please put the cake on the coffee table
[41] Mia: thank you
[44] Dave: we should arrange the inflated balloons
[44] Dave: and electronic lights
[44] Dave: hmm let me check the time
[44] Dave: it's five minutes to six, Bella should arrive at six
[44] Dave: hmm but how is the clock showing 6:22
[44] Mia: walk faster
[44] Mia: oh so X
[45] Mia: would you please set the clock to the correct time

[Step 2] Evaluating semantic answer...
Action: [Answer]
Content: Bella is the least sensitive to time.
FINAL ANSWER (from graph):
Bella is the least sensitive to time.
Question: What color does Mia prefer?

[Step 1] Searching the graph...
Parse Query Output:
{
  "query_triple": ["<Mia>", "prefers color", "?", 0.95, 0.3, 0.15],
  "spatial_constraint": null,
  "speaker_strict": null,
  "allocation": {
    "k_high_level": 8,
    "k_low_level": 12,
    "k_conversations": 30,
    "total_k": 50,
    "reasoning": "Preference is a character attribute often revealed in dialogue; use high-level edges for traits and conversations for explicit statements. Some low-level edges in case preference is shown via actions (choosing a color)."
  }
}

Graph Search Results:
**High-Level Information (Character Attributes and Relationships): **

Character Attributes:
- Mia is: female (100), blue jeans (100), medium build (100), black-and-white sneakers (100), dark hair tied back in low ponytail (100), light cream short-sleeve T-shirt (100)

Character Relationships:
- robot assists Mia (95)
- Dave collaborates with Mia (90)

**Low-Level Information (Actions and Events): **

[12] Mia selects item. (living room)
[16] Mia decorates tree. (living room)
[19] Mia decorates Christmas tree. (living room)
[19] Mia decorates tree. (living room)
[20] Mia specifies using yellow ribbon. (living room)
[20] Mia decorates upper branch. (living room)
[33] Mia decorates tree. (living room)
[33] Mia turns toward Dave. (living room)
[39] Mia accepts item. (living room)
[57] Mia accepts spray gun. (living room)
[61] Bella turns toward Mia. (living room)
[63] Bella turns toward Mia. (living room)

**Conversations: **

Conversation 1: Dave and Mia plan and coordinate decorations for Bella’s birthday, deciding on a simpler theme with pink, yellow, and orange ribbons and inflating pink balloons. They agree to repurpose the Christmas tree as a ‘birthday tree’ by removing leftover Christmas items and adding bows and ribbons. Dave confirms the cake order with specific fillings and will wrap the gift, while X assists by fetching drinks and materials and decorating the living room.
[3] Dave: I've already bought birthday decorations
[3] Dave: let's decorate the living room together
[3] Mia: wait a minute
[3] Dave: fine I will
[3] Dave: categorize the thing
[5] Dave: still some rooms left
[6] Dave: okay
[7] Mia: Dave
[7] Mia: remember to wrap the gift
[7] Dave: okay??? I'll wrap the gift in a bit
[9] Mia: X, could you please help me get
[9] Mia: a bottle of orange juice and a bottle of coconut milk
[9] Mia: from the cabinet
[9] X: okay
[9] Mia: thank you
[9] Dave: Thank you??? but I'm not thirsty
[10] Dave: let me check how to make a birthday decoration
[11] Dave: What do you think about this kind of decoration?
[12] Mia: it's very nice
[12] Dave: Then I think
[12] Dave: we should inflate the balloons first
[12] Dave: should we blow
[12] Dave: I bought pink and purple
[12] Mia: I think 2 pink ones will be fine
[14] Dave: X, could you please decorate the living room
[14] Dave: when we are blowing up
[16] Dave: and I will just blow up the balloons.
[16] Dave: thank you
[16] Mia: I think pink is really essential
[16] Mia: we can put the pink ribbons first
[17] Mia: I think tying a bow may be better.
[17] Mia: We need to decorate it more simply.
[18] Mia: not as colorful as Christmas
[18] Dave: yeah of course
[18] Dave: it's a birthday tree not a Christmas tree
[18] Dave: please take off the Christmas hat and put it in the box
[19] Mia: Alright I think we can put up some
[19] Mia: yellow ribbons
[19] Dave: Actually, I think adding some orange would look nice
[19] Mia: um
[19] Mia: hmm
[19] Mia: then you and I will put up
[20] Mia: the yellow and orange ribbons
[20] Mia: on both sides of the bow
[20] character_1: okay

Conversation 8: Friends Dave, Mia, X, and Bella gather to surprise Bella with a birthday celebration, complete with decorations, photos, cake, and a gift. They share drinks, reminisce over old photos, sing, and make a wish, emphasizing their close bond and appreciation for each other. The event centers on celebrating Bella and highlighting their friendship and thoughtfulness.
[56] Dave: I'll finish setting up first
[56] Mia: hi Bella, this is Mia
[57] Mia: oh okay okay okay
[57] Mia: Bella is coming soon
[57] Dave: oh she's finally back
[57] Mia: so X could you please bring me the ribbons spray gun
[57] Mia: thank you
[58] Mia: oh it's fella
[58] Dave: she's finally back
[59] Mia: happy birthday
[59] Dave: Happy birthday
[59] Bella: wow
[59] Bella: thank you Dave
[59] Dave: oh what do you want to drink Bella
[59] Bella: the same as Mia
[59] Dave: X could you get a drink
[59] Dave: for Bella
[62] Bella: oh we've really changed a lot
[62] Bella: but we're also very beautiful now
[62] Mia: yeah
[63] Mia: let's eat a cake and make a wish
[63] Bella: okay
[65] Dave: this is Oreo it's for you
[65] Bella: oh thank you I like it
[65] Mia: it's strawberry for me
[65] Dave: and mango for me
[66] Bella: it's made on top
[66] Bella: oh
[66] Mia: oh huh
[66] Bella: it's delicious
[66] Dave: hmm

Conversation 2: Mia and Dave decide to decorate with printed photos of their friend Bella, arranging them chronologically to reflect shared memories from high school. They reminisce about dances and baking together, and Mia coordinates printing and delivery while asking for help putting photos up. Dave proposes baking a cake at home another day and offers to handle ingredients. Overall, they collaborate to create a nostalgic display for Bella.
[22] Dave: okay
[22] Mia: I will select some photos
[22] Mia: thank you
[23] Mia: we've known Bella since we were 16. Time really flies
[23] Dave: yeah back then
[23] Dave: you and I attended dances with her
[23] Dave: really nostalgic
[23] Mia: look at this one
[23] Mia: Bella is wearing a pink dress and making a cake with me
[23] Mia: you took a photo of us
[23] Dave: yeah
[26] Dave: your efficiency is really high, Nina.
[27] Mia: oh the photos arrived
[28] Mia: oh
[28] Dave: this is a picture when you're dancing
[28] Mia: yeah
[28] Mia: I was dancing with Bella
[29] Dave: and this is a picture

Conversation 6: Dave and Mia plan birthday decorations, deciding to put candles on the cake and use star-style candles. Mia assigns X to fetch the candles and set up electronic lights symmetrically along both sides of the windows, with Dave acknowledging and agreeing.
[47] Dave: which kind of candles do you like
[47] Mia: I want a star—
[47] Mia: style candle
[47] Mia: X would you please get the candles
[47] Dave: okay

Conversation 4: Mia and Dave coordinated party preparations: Mia will inflate the balloons while Dave wraps the gift. Dave asked another person, X, for wrapping paper and expressed liking the pink paper.
[34] Mia: is the gift wrapped
[34] Dave: oh no I haven't had time to pack yet
[34] Mia: that's okay you can wrap the gift first

Conversation 5: The group is preparing for Bella’s arrival, coordinating cake placement, gift hiding, and arranging balloons and lights. Mia directs tasks to X and others, deciding to put the cake on the coffee table and the gift behind the sofa. Dave monitors timing, notes a clock discrepancy, and Mia asks X to set the clock correctly. Overall, they finalize party setup before Bella arrives at six.
[40] Mia: Bella will arrive in about 20 minutes
[41] Mia: please put the cake on the coffee table
[41] Mia: thank you
[41] Dave: okay
[41] Dave: so where should the gift be placed
[44] Dave: hmm but how is the clock showing 6:22
[44] Mia: walk faster
[44] Mia: oh so X
[45] Mia: would you please set the clock to the correct time

Conversation 3: The conversation is incomplete and provides insufficient content to determine topics, decisions, or outcomes. Only a brief thank-you from Mia is present.
[31] Mia: thank you

Conversation 7: Mia and Dave note that it's 6 o'clock and Bella, the birthday honoree, hasn't arrived. They speculate she's delayed by traffic and joke that her tardiness is typical, sharing a light, humorous tone.
[52] Dave: It's probably a traffic jam now.
[53] Dave: it wouldn't be Bella if she wasn't late hahaha
[53] Mia: hahaha

[Step 2] Evaluating semantic answer...
Action: [Answer]
Content: Pink.
FINAL ANSWER (from graph):
Pink.
Question: What color ribbon should be used to decorate the Christmas tree?

[Step 1] Searching the graph...
Parse Query Output:
{
  "query_triple": ["Christmas tree", "should be decorated with ribbon color", "?", 0.6, 0.25, 0.15],
  "spatial_constraint": null,
  "speaker_strict": null,
  "allocation": {
    "k_high_level": 6,
    "k_low_level": 14,
    "k_conversations": 30,
    "total_k": 50,
    "reasoning": "Normative/decision question likely discussed in dialogue; use conversations to find stated preference. Include some low-level edges for visual evidence of ribbon color on the tree, and limited high-level for any noted traditions or character preferences."
  }
}

Graph Search Results:
**High-Level Information (Character Attributes and Relationships): **

Character Attributes:
- Bella is: long dark hair (100)
- X is: long dark hair (100), blue jeans (100), oversized light striped shirt over light yellow sweater (100)
- character_1 is: light yellow t-shirt (100), light skin (100)

**Low-Level Information (Actions and Events): **

[14] Dave points toward Christmas tree. (living room)
[14] Christmas tree is by balcony. (living room)
[16] robot approaches Christmas tree. (living room)
[19] Mia decorates Christmas tree. (living room)
[20] ribbon is on Christmas tree. (living room)
[20] upper branch is of Christmas tree. (living room)
[20] yellow ribbon is toward Christmas tree. (living room)
[20] yellow ribbon is on Christmas tree. (living room)
[21] Mia stands beside small Christmas tree. (living room)
[21] Mia steps to left of small Christmas tree. (living room)
[31] printed photo is in front of Christmas tree. (living room)
[31] robot looks at Christmas tree. (living room)
[31] robot moves closer to Christmas tree. (living room)
[62] Mia stands near Christmas tree. (living room)

**Conversations: **

Conversation 1: Dave and Mia plan and coordinate decorations for Bella’s birthday, deciding on a simpler theme with pink, yellow, and orange ribbons and inflating pink balloons. They agree to repurpose the Christmas tree as a ‘birthday tree’ by removing leftover Christmas items and adding bows and ribbons. Dave confirms the cake order with specific fillings and will wrap the gift, while X assists by fetching drinks and materials and decorating the living room.
[2] Dave: yeah
[2] Dave: Mia, come out quickly, today is Bella's birthday
[3] Dave: I've already bought birthday decorations
[3] Dave: let's decorate the living room together
[3] Mia: wait a minute
[3] Dave: fine I will
[3] Dave: ok
[4] Dave: wow
[4] Dave: three kinds of colors
[4] Dave: and
[5] Dave: still some rooms left
[6] Dave: okay
[7] Mia: Dave
[7] Mia: remember to wrap the gift
[7] Dave: okay??? I'll wrap the gift in a bit
[7] Mia: did you order the cake
[8] Mia: oh well done
[8] Dave: hmm
[8] Dave: oh Mia, could you please help me cut off the ribbons
[8] Dave: in this box
[9] Mia: I'm a little thirsty
[9] Mia: thank you
[9] Dave: Thank you??? but I'm not thirsty
[10] Dave: let me check how to make a birthday decoration
[11] Dave: What do you think about this kind of decoration?
[12] Mia: it's very nice
[12] Dave: Then I think
[12] Dave: balloon
[12] Dave: should we blow
[12] Dave: I bought pink and purple
[12] Mia: I think 2 pink ones will be fine
[14] Dave: X, could you please decorate the living room
[14] Dave: when we are blowing up
[14] Dave: the balloons
[14] Dave: the Christmas tree set up for Christmas haven't been
[14] Dave: taken down yet
[14] Dave: so the ribbons can be hung on the Christmas tree
[16] Dave: Mia, you go decorate the Christmas tree.
[16] Dave: and I will just blow up the balloons.
[16] Dave: thank you
[16] Mia: I think pink is really essential
[16] Mia: we can put the pink ribbons first
[17] Mia: I think tying a bow may be better.
[17] Mia: We need to decorate it more simply.
[18] Mia: not as colorful as Christmas
[18] Dave: yeah of course
[18] Dave: it's a birthday tree not a Christmas tree
[18] Mia: there are still
[18] Mia: the Christmas decorations left
[18] Dave: please take off the Christmas hat and put it in the box
[19] Mia: Alright I think we can put up some
[19] Mia: yellow ribbons
[19] Dave: Actually, I think adding some orange would look nice
[19] Mia: um
[19] Mia: hmm
[19] Mia: then you and I will put up
[20] Mia: the yellow and orange ribbons
[20] Mia: on both sides of the bow
[20] character_1: okay

Conversation 8: Friends Dave, Mia, X, and Bella gather to surprise Bella with a birthday celebration, complete with decorations, photos, cake, and a gift. They share drinks, reminisce over old photos, sing, and make a wish, emphasizing their close bond and appreciation for each other. The event centers on celebrating Bella and highlighting their friendship and thoughtfulness.
[57] Mia: Bella is coming soon
[57] Dave: oh she's finally back
[57] Mia: so X could you please bring me the ribbons spray gun
[57] Mia: thank you
[58] Mia: oh it's fella
[60] Dave: oh yeah I completely forgot about it
[60] Bella: oh my God
[60] Bella: you actually decorated a Christmas tree like this
[60] Dave: No, it's not a Christmas tree, it's a birthday tree.
[61] Bella: oh I swear
[61] Bella: this is the best Christmas tree I've ever seen
[61] Bella: oh no birthday tree
[61] Dave: yeah
[61] Bella: you are so nice Mia and Dave I'm really touched and I love you all

Conversation 5: The group is preparing for Bella’s arrival, coordinating cake placement, gift hiding, and arranging balloons and lights. Mia directs tasks to X and others, deciding to put the cake on the coffee table and the gift behind the sofa. Dave monitors timing, notes a clock discrepancy, and Mia asks X to set the clock correctly. Overall, they finalize party setup before Bella arrives at six.
[41] Mia: thank you
[41] Dave: okay
[41] Dave: so where should the gift be placed
[41] Mia: we can place it behind the sofa as a surprise
[41] Dave: hmm good idea

Conversation 6: Dave and Mia plan birthday decorations, deciding to put candles on the cake and use star-style candles. Mia assigns X to fetch the candles and set up electronic lights symmetrically along both sides of the windows, with Dave acknowledging and agreeing.
[47] Dave: okay I think it's time to put the candles on the cake
[47] Dave: which kind of candles do you like
[47] Mia: I want a star—
[47] Mia: style candle

Conversation 4: Mia and Dave coordinated party preparations: Mia will inflate the balloons while Dave wraps the gift. Dave asked another person, X, for wrapping paper and expressed liking the pink paper.
[34] Dave: thank you
[34] Dave: X, could you please give me
[34] Dave: a wrapping paper from the cabinet
[34] Dave: okay
[35] Dave: thank you, wow pink

[Step 2] Evaluating semantic answer...
Action: [Answer]
Content: Pink, yellow, and orange ribbons.
FINAL ANSWER (from graph):
Pink, yellow, and orange ribbons.
Question: From what color box should the ribbons be taken?

[Step 1] Searching the graph...
Parse Query Output:
{
  "query_triple": [null, "ribbons should be taken from", "box#color:?", 0.1, 0.25, 0.6],
  "spatial_constraint": null,
  "speaker_strict": null,
  "allocation": {
    "k_high_level": 3,
    "k_low_level": 40,
    "k_conversations": 7,
    "total_k": 50,
    "reasoning": "Action/spatial query about object source and color; prioritize low-level edges to find which colored box contains ribbons or is used to take ribbons from. Minimal high-level and some conversations in case instructions are spoken."
  }
}

Graph Search Results:
**High-Level Information (Character Attributes and Relationships): **

Character Attributes:
- character_1 is: light yellow t-shirt (100), light skin (100), standing by sofa (100)

**Low-Level Information (Actions and Events): **

[8] Dave asks for help cutting ribbon. (living room)
[8] Dave indicates ribbon are in box. (living room)
[8] Mia cuts ribbon piece. (living room)
[8] Mia separates ribbon piece. (living room)
[8] ribbon piece is on table. (living room)
[13] Dave handles yellow ribbon roll. (living room)
[13] Dave sorts ribbon. (living room)
[13] ribbon is inside gift-supplies box. (living room)
[14] Mia picks up ribbon. (living room)
[15] robot shows bundle of ribbon. (living room)
[15] Dave holds yellow ribbon end. (living room)
[15] ribbon is above table. (living room)
[16] robot holds handful of colorful ribbon. (living room)
[16] robot arranges ribbon. (living room)
[16] ribbon is on tree. (living room)
[16] Mia uses additional ribbon. (living room)
[17] robot holds yellow ribbon. (living room)
[17] robot presents ribbon. (living room)
[17] curled ribbon is on front branch. (living room)
[17] robot arranges ribbon. (living room)
[18] Mia ties yellow ribbon. (living room)
[18] yellow ribbon is on branch. (living room)
[19] Mia handles yellow ribbon. (living room)
[19] Mia uses ribbon. (living room)
[20] Mia holds several ribbon. (living room)
[20] Mia specifies using yellow ribbon. (living room)
[20] Mia specifies using orange ribbon. (living room)
[20] ribbon is on Christmas tree. (living room)
[20] Mia picks up additional ribbon. (living room)
[20] Mia ties pale ribbon. (living room)
[20] robot continues positioning yellow ribbon. (living room)
[20] yellow ribbon is on Christmas tree. (living room)
[21] robot holds yellow ribbon. (living room)
[21] robot adjusts yellow ribbon. (living room)
[21] yellow ribbon is on tree. (living room)
[21] Mia ties ribbon. (living room)
[21] ribbon is on right side of small Christmas tree. (living room)
[21] yellow ribbon end is in branch. (living room)
[21] Mia fixes ribbon. (living room)
[21] Mia refines placement of ribbon. (living room)

**Conversations: **

Conversation 1: Dave and Mia plan and coordinate decorations for Bella’s birthday, deciding on a simpler theme with pink, yellow, and orange ribbons and inflating pink balloons. They agree to repurpose the Christmas tree as a ‘birthday tree’ by removing leftover Christmas items and adding bows and ribbons. Dave confirms the cake order with specific fillings and will wrap the gift, while X assists by fetching drinks and materials and decorating the living room.
[3] Dave: ok
[4] Dave: wow
[4] Dave: three kinds of colors
[4] Dave: and
[5] Dave: still some rooms left
[8] Mia: oh well done
[8] Dave: hmm
[8] Dave: oh Mia, could you please help me cut off the ribbons
[8] Dave: in this box
[9] Mia: I'm a little thirsty
[12] Dave: balloon
[12] Dave: should we blow
[12] Dave: I bought pink and purple
[12] Mia: I think 2 pink ones will be fine
[14] Dave: X, could you please decorate the living room
[14] Dave: the Christmas tree set up for Christmas haven't been
[14] Dave: taken down yet
[14] Dave: so the ribbons can be hung on the Christmas tree
[16] Dave: Mia, you go decorate the Christmas tree.
[16] Dave: and I will just blow up the balloons.
[16] Dave: thank you
[16] Mia: I think pink is really essential
[16] Mia: we can put the pink ribbons first
[17] Mia: I think tying a bow may be better.
[17] Mia: We need to decorate it more simply.
[18] Dave: please take off the Christmas hat and put it in the box
[19] Mia: Alright I think we can put up some
[19] Mia: yellow ribbons
[19] Dave: Actually, I think adding some orange would look nice
[19] Mia: um
[19] Mia: hmm
[19] Mia: then you and I will put up
[20] Mia: the yellow and orange ribbons
[20] Mia: on both sides of the bow
[20] character_1: okay

[Step 2] Evaluating semantic answer...
Action: [Answer]
Content: From a yellow box.
FINAL ANSWER (from graph):
From a yellow box.
Question: What fruit should the robot take to Dave?

[Step 1] Searching the graph...
Parse Query Output:
{
  "query_triple": ["<robot>", "takes", "fruit→<Dave>", 0.95, 0.3, 0.9],
  "spatial_constraint": null,
  "speaker_strict": null,
  "allocation": {
    "k_high_level": 6,
    "k_low_level": 34,
    "k_conversations": 10,
    "total_k": 50,
    "reasoning": "Action and goal-oriented query about delivery; prioritize low-level edges to find which fruit is taken to Dave, include some conversations for instructions/preferences, and a few high-level edges for roles or relationships (robot delivers to Dave)."
  }
}

Graph Search Results:
**High-Level Information (Character Attributes and Relationships): **

Character Relationships:
- robot shows cooperative behavior with Dave (90)
- robot is helper/assistant to Dave (85)
- robot is responsive to requests from Dave (80)
- Dave trusts robot (75)
- robot assists Mia (95)
- Dave shows friendly attitude toward robot (70)

**Low-Level Information (Actions and Events): **

[9] robot picks up bottle of orange juice. (living room)
[9] Dave takes from robot. (living room)
[13] robot shows Dave. (living room)
[15] robot shows Dave. (living room)
[15] robot gathers ribbon. (living room)
[16] robot arranges ribbon. (living room)
[16] robot hands ribbon. (living room)
[17] robot holds yellow ribbon. (living room)
[17] robot presents ribbon. (living room)
[17] robot faces tree. (living room)
[17] robot arranges ribbon. (living room)
[18] robot steadies tree. (living room)
[18] robot offers ribbon. (living room)
[21] robot holds yellow ribbon. (living room)
[29] robot takes small printed photo. (living room)
[30] robot shows Dave. (living room)
[30] robot takes roll of tape. (living room)
[31] robot looks at Christmas tree. (living room)
[31] robot takes small clear adhesive strip. (living room)
[34] robot points at box. (living room)
[40] robot helps bring cake. (living room)
[40] robot picks up cake package. (living room)
[40] robot carries cake package. (living room)
[40] robot places cake package. (living room)
[42] robot places pink-wrapped box. (living room)
[42] robot tucks pink box. (living room)
[47] Dave reaches to take from robot. (living room)
[53] robot manipulates string. (apartment balcony)
[54] robot adjusts string. (apartment balcony and living room)
[54] robot keeps in place string. (apartment balcony and living room)
[54] robot views string. (apartment balcony and living room)
[55] robot picks up mango. (living room)
[55] robot carries mango. (living room)
[55] mango is from robot. (living room)

**Conversations: **

Conversation 8: Friends Dave, Mia, X, and Bella gather to surprise Bella with a birthday celebration, complete with decorations, photos, cake, and a gift. They share drinks, reminisce over old photos, sing, and make a wish, emphasizing their close bond and appreciation for each other. The event centers on celebrating Bella and highlighting their friendship and thoughtfulness.
[55] Dave: oh I am little hugry
[55] Dave: could you please give me some fruit from the cabinet
[55] X: okay
[55] Dave: thank you I love mango
[55] Mia: so why don't you wash your hands
[55] Mia: before eating the mango
[59] Dave: thank you
[60] Bella: thank you
[60] Dave: oh, where is my orange juice
[60] Dave: X, do you know
[60] X: it's on the cabinet
[65] Bella: oh thank you I like it
[65] Mia: it's strawberry for me
[65] Dave: and mango for me
[66] Bella: it's made on top
[66] Bella: oh
[66] Bella: it's delicious
[66] Dave: hmm
[66] Dave: and I think the mango is very

Conversation 1: Dave and Mia plan and coordinate decorations for Bella’s birthday, deciding on a simpler theme with pink, yellow, and orange ribbons and inflating pink balloons. They agree to repurpose the Christmas tree as a ‘birthday tree’ by removing leftover Christmas items and adding bows and ribbons. Dave confirms the cake order with specific fillings and will wrap the gift, while X assists by fetching drinks and materials and decorating the living room.
[7] Mia: did you order the cake
[7] Dave: of course??? I've already ordered
[8] Dave: The cake fillings are strawberry, mango, and Oreo—your strawberry, Bella's Oreo.
[8] Mia: oh well done
[8] Dave: hmm
[8] Dave: oh Mia, could you please help me cut off the ribbons
[8] Dave: in this box
[12] Dave: we should inflate the balloons first
[12] Dave: X, could you please bring over the materials
[12] Dave: which kind of
[12] Dave: balloon
[12] Dave: should we blow
[12] Dave: I bought pink and purple
[14] Dave: X, could you please decorate the living room
[14] Dave: when we are blowing up
[14] Dave: the balloons
[14] Dave: the Christmas tree set up for Christmas haven't been
[14] Dave: taken down yet

[Step 2] Evaluating semantic answer...
Action: [Answer]
Content: A mango.
FINAL ANSWER (from graph):
A mango.
Question: What drink should the robot take to Bella?

[Step 1] Searching the graph...
Parse Query Output:
{
  "query_triple": ["<robot>", "should take", "<Bella>", 0.9, 0.3, 0.9],
  "spatial_constraint": null,
  "speaker_strict": null,
  "allocation": {
    "k_high_level": 6,
    "k_low_level": 24,
    "k_conversations": 20,
    "total_k": 50,
    "reasoning": "This is a recommendation/intent query likely determined by prior dialogue (requests or instructions) and actions involving drinks. Allocate some high-level edges for roles/relationships (robot serving Bella), sufficient low-level edges to find specific drink-related actions, and a strong portion of conversations to capture directives or preferences."
  }
}

Graph Search Results:
**High-Level Information (Character Attributes and Relationships): **

Character Relationships:
- Bella shows appreciation toward robot (75)
- Bella is friendly with robot (70)
- robot cooperates with Bella (70)
- Bella has a positive attitude toward robot (70)
- robot is supportive of Bella (65)
- robot engages in minor service role relative to Bella (60)

**Low-Level Information (Actions and Events): **

[22] robot hands phone to <Mia>. (living room)
[40] robot helps bring cake. (living room)
[55] robot picks up mango. (living room)
[55] robot carries mango. (living room)
[55] mango is from robot. (living room)
[59] Bella enters from right. (living room)
[60] Bella says thanks robot. (living room)
[60] Bella moves with other. (living room)
[61] Bella stands on right. (living room)
[61] Bella looks at tree. (living room)
[61] Bella points at tree. (living room)
[62] Bella leans toward tree. (living room)
[62] Bella looks at tree. (living room)
[62] Bella points toward tree. (living room)
[64] Bella leans toward cake. (living room)
[64] Bella faces cake. (living room)
[64] Bella thanks group. (living room)
[64] Bella looks at cake. (living room)
[65] Bella leans forward toward cake. (living room)
[65] Bella takes plate. (living room)
[65] Bella eats cake with fork. (living room)
[66] Bella sits closest to camera. (living room)
[66] Bella sits on couch. (living room)
[66] Bella tastes food. (living room)

**Conversations: **

Conversation 8: Friends Dave, Mia, X, and Bella gather to surprise Bella with a birthday celebration, complete with decorations, photos, cake, and a gift. They share drinks, reminisce over old photos, sing, and make a wish, emphasizing their close bond and appreciation for each other. The event centers on celebrating Bella and highlighting their friendship and thoughtfulness.
[59] Mia: happy birthday
[59] Dave: Happy birthday
[59] Bella: wow
[59] Bella: what a surprise
[59] Dave: wow we have more surprises for you
[59] Bella: thank you Dave
[59] Dave: oh what do you want to drink Bella
[59] Bella: the same as Mia
[59] Dave: X could you get a drink
[59] Dave: for Bella
[59] Dave: thank you
[60] Bella: thank you
[60] Dave: oh, where is my orange juice
[60] Dave: X, do you know
[61] Mia: taken by our classmates of three of us
[62] Mia: we looked so young and naive back then
[62] Bella: yeah
[62] Dave: and look at this one
[62] Dave: it obviously looks much more mature
[62] Bella: yes and what when was this photo taken
[62] Bella: X do you know
[62] X: it was filmed this year
[62] Bella: oh we've really changed a lot
[62] Mia: yeah
[63] Mia: let's eat a cake and make a wish
[63] Bella: okay
[63] Dave: surprise
[63] Bella: what is this
[63] Mia: this is a gift for you
[63] Bella: thank you you are so nice
[64] Bella: I hope we can be safe and happy next year
[65] Dave: wow
[65] Bella: let's eat the cake
[65] Dave: this is Oreo it's for you
[65] Bella: oh thank you I like it
[65] Mia: it's strawberry for me
[65] Dave: and mango for me
[66] Bella: it's made on top
[66] Bella: oh
[66] Mia: oh huh
[66] Bella: it's delicious
[66] Dave: hmm
[66] Dave: and I think the mango is very

Conversation 1: Dave and Mia plan and coordinate decorations for Bella’s birthday, deciding on a simpler theme with pink, yellow, and orange ribbons and inflating pink balloons. They agree to repurpose the Christmas tree as a ‘birthday tree’ by removing leftover Christmas items and adding bows and ribbons. Dave confirms the cake order with specific fillings and will wrap the gift, while X assists by fetching drinks and materials and decorating the living room.
[7] Mia: did you order the cake
[7] Dave: of course??? I've already ordered
[8] Dave: The cake fillings are strawberry, mango, and Oreo—your strawberry, Bella's Oreo.
[8] Mia: oh well done
[8] Dave: hmm
[8] Dave: oh Mia, could you please help me cut off the ribbons
[8] Dave: in this box
[9] Mia: I'm a little thirsty
[9] Mia: X, could you please help me get
[9] Mia: a bottle of orange juice and a bottle of coconut milk
[9] Mia: from the cabinet
[9] X: okay

Conversation 5: The group is preparing for Bella’s arrival, coordinating cake placement, gift hiding, and arranging balloons and lights. Mia directs tasks to X and others, deciding to put the cake on the coffee table and the gift behind the sofa. Dave monitors timing, notes a clock discrepancy, and Mia asks X to set the clock correctly. Overall, they finalize party setup before Bella arrives at six.
[40] Mia: just let just leave it on the handle
[40] Mia: X please help me get the cake
[40] robot: okay
[40] Mia: Bella will arrive in about 20 minutes
[41] Mia: please put the cake on the coffee table

Conversation 2: Mia and Dave decide to decorate with printed photos of their friend Bella, arranging them chronologically to reflect shared memories from high school. They reminisce about dances and baking together, and Mia coordinates printing and delivery while asking for help putting photos up. Dave proposes baking a cake at home another day and offers to handle ingredients. Overall, they collaborate to create a nostalgic display for Bella.
[24] Mia: that's a good idea.
[24] Dave: oh.
[24] Dave: let's hang Bella's
[24] Dave: photos from top to bottom in order of age.
[24] Dave: and there are all memories

Conversation 7: Mia and Dave note that it's 6 o'clock and Bella, the birthday honoree, hasn't arrived. They speculate she's delayed by traffic and joke that her tardiness is typical, sharing a light, humorous tone.
[52] Mia: It's already 6 o'clock.
[52] Mia: Why hasn't Bella, the birthday star, come yet?
[52] Dave: It's probably a traffic jam now.
[53] Dave: it wouldn't be Bella if she wasn't late hahaha

[Step 2] Evaluating semantic answer...
Action: [Answer]
Content: Orange juice and coconut milk.
FINAL ANSWER (from graph):
Orange juice and coconut milk.
Question: what time should the robot adjust the clock to?

[Step 1] Searching the graph...
Parse Query Output:
{
  "query_triple": ["<robot>", "adjusts clock to time", "?", 0.8, 0.3, 0.15],
  "spatial_constraint": null,
  "speaker_strict": null,
  "allocation": {
    "k_high_level": 3,
    "k_low_level": 37,
    "k_conversations": 10,
    "total_k": 50,
    "reasoning": "Action/state query about a specific time value; prioritize low-level edges for concrete actions and timestamps, small conversations budget for any verbal instructions about the time."
  }
}

Graph Search Results:
**High-Level Information (Character Attributes and Relationships): **

Character Attributes:
- robot is: black gloves (100), camera-held viewpoint (100)

Character Relationships:
- robot assists Mia (95)

**Low-Level Information (Actions and Events): **

[9] robot moves toward cabinet with drink. (living room)
[9] robot returns to coffee table. (living room)
[16] robot adjusts tree topped with Santa hat. (living room)
[16] robot arranges ribbon. (living room)
[17] robot arranges ribbon. (living room)
[20] robot continues positioning yellow ribbon. (living room)
[21] robot adjusts yellow ribbon. (living room)
[21] robot adjusts at decoration. (living room)
[22] robot walks back to living room. (living room)
[31] robot rotates printed photo. (living room)
[31] robot moves closer to Christmas tree. (living room)
[40] robot walks to entrance door. (living room)
[40] robot closes entrance door. (living room)
[40] robot adjusts small white door sensor. (living room)
[42] robot adjusts cushion back. (living room)
[45] robot adjusts minute hand wall clock. (living room)
[45] robot adjusts hour hand wall clock. (living room)
[45] robot aligns hand desired time. (living room)
[46] robot adjusts wall clock. (living room)
[48] robot moves toward living room. (living room)
[49] robot moves to balcony door. (living room)
[49] robot adjusts ornament string. (living room)
[49] robot prepares for hanging on door. (living room)
[50] robot adjusts length of wire. (balcony doorway)
[50] robot works on wire. (balcony doorway)
[51] robot adds above adhesive hook. (apartment balcony doorway)
[51] robot adjusts position second hook. (apartment balcony doorway)
[52] robot adjusts small white device. (apartment balcony)
[52] robot installs small white device. (apartment balcony)
[52] robot steps back. (apartment balcony)
[53] robot manipulates thin wire. (apartment balcony)
[53] robot manipulates string. (apartment balcony)
[54] robot adjusts string. (apartment balcony and living room)
[54] robot steps back. (apartment balcony and living room)
[55] robot walks to cabinet area. (living room)
[58] robot moves through dining area. (living room)
[58] robot moves toward living room. (living room)

**Conversations: **

Conversation 5: The group is preparing for Bella’s arrival, coordinating cake placement, gift hiding, and arranging balloons and lights. Mia directs tasks to X and others, deciding to put the cake on the coffee table and the gift behind the sofa. Dave monitors timing, notes a clock discrepancy, and Mia asks X to set the clock correctly. Overall, they finalize party setup before Bella arrives at six.
[40] Mia: just let just leave it on the handle
[40] Mia: X please help me get the cake
[40] robot: okay
[40] Mia: Bella will arrive in about 20 minutes
[41] Mia: please put the cake on the coffee table
[41] Mia: we can place it behind the sofa as a surprise
[41] Dave: hmm good idea
[42] Mia: X please set the gift properly.
[42] X: okay
[43] Dave: humm
[44] Dave: okay so there is the last step left
[44] Dave: we should arrange the inflated balloons
[44] Dave: and electronic lights
[44] Dave: hmm let me check the time
[44] Dave: it's five minutes to six, Bella should arrive at six
[44] Dave: hmm but how is the clock showing 6:22
[44] Mia: walk faster
[44] Mia: oh so X
[45] Mia: would you please set the clock to the correct time

Conversation 7: Mia and Dave note that it's 6 o'clock and Bella, the birthday honoree, hasn't arrived. They speculate she's delayed by traffic and joke that her tardiness is typical, sharing a light, humorous tone.
[52] Mia: It's already 6 o'clock.
[52] Mia: Why hasn't Bella, the birthday star, come yet?
[52] Dave: It's probably a traffic jam now.

Conversation 8: Friends Dave, Mia, X, and Bella gather to surprise Bella with a birthday celebration, complete with decorations, photos, cake, and a gift. They share drinks, reminisce over old photos, sing, and make a wish, emphasizing their close bond and appreciation for each other. The event centers on celebrating Bella and highlighting their friendship and thoughtfulness.
[55] Mia: before eating the mango
[55] Dave: sorry, I won't eat it for now
[56] Dave: I'll finish setting up first
[56] Mia: hi Bella, this is Mia
[57] Mia: oh okay okay okay

Conversation 6: Dave and Mia plan birthday decorations, deciding to put candles on the cake and use star-style candles. Mia assigns X to fetch the candles and set up electronic lights symmetrically along both sides of the windows, with Dave acknowledging and agreeing.
[47] Dave: okay
[47] Dave: thank you
[48] Mia: X would you please take out the electronic lights
[48] Mia: and set them up
[48] Mia: hanging them symmetrically along both sides of the windows

[Step 2] Evaluating semantic answer...
Action: [Answer]
Content: The robot should adjust the clock to 5:55.
FINAL ANSWER (from graph):
The robot should adjust the clock to 5:55.
Question: Who is more careful, Mia or Dave?

[Step 1] Searching the graph...
Parse Query Output:
{
  "query_triple": ["null", "carefulness comparison", "null", 0.1, 0.25, 0.1],
  "spatial_constraint": null,
  "speaker_strict": null,
  "allocation": {
    "k_high_level": 10,
    "k_low_level": 10,
    "k_conversations": 30,
    "total_k": 50,
    "reasoning": "Trait comparison between specific characters. Use high-level edges to retrieve traits (careful/precise/cautious) for <Mia> and <Dave>, conversations to find statements supporting carefulness, and a small number of low-level edges to gather behavioral evidence indicating careful actions."
  }
}

Graph Search Results:
**High-Level Information (Character Attributes and Relationships): **

Character Attributes:
- Dave is: considerate (90), time-conscious (85), thoughtful (85)
- Mia is: caring (85), detail-oriented (85)
- X is: helpful (90), medium build (100)
- character_1 is: female (100)
- robot is: camera-held viewpoint (100)

Character Relationships:
- robot assists Mia (95)

**Low-Level Information (Actions and Events): **

[5] Mia examines with both hands object. (living room)
[14] Mia looks through item. (living room)
[32] Mia examines item. (living room)
[37] Mia examines item. (living room)
[39] Dave examines item. (living room)
[43] Dave approaches table. (living room)
[46] robot checks position wall clock. (living room)
[48] robot approaches table. (living room)
[57] robot approaches table. (living room)
[66] X leans toward table. (living room)

**Conversations: **

Conversation 1: Dave and Mia plan and coordinate decorations for Bella’s birthday, deciding on a simpler theme with pink, yellow, and orange ribbons and inflating pink balloons. They agree to repurpose the Christmas tree as a ‘birthday tree’ by removing leftover Christmas items and adding bows and ribbons. Dave confirms the cake order with specific fillings and will wrap the gift, while X assists by fetching drinks and materials and decorating the living room.
[1] Dave: oh
[1] Dave: what a mess
[1] Dave: so tired
[2] Dave: um
[2] Dave: yeah
[2] Dave: Mia, come out quickly, today is Bella's birthday
[3] Dave: I've already bought birthday decorations
[3] Dave: let's decorate the living room together
[4] Dave: wow
[4] Dave: three kinds of colors
[4] Dave: and
[5] Dave: still some rooms left
[6] Dave: okay
[7] Mia: Dave
[7] Mia: remember to wrap the gift
[7] Dave: okay??? I'll wrap the gift in a bit
[8] Dave: The cake fillings are strawberry, mango, and Oreo—your strawberry, Bella's Oreo.
[8] Mia: oh well done
[8] Dave: hmm
[8] Dave: oh Mia, could you please help me cut off the ribbons
[8] Dave: in this box
[9] Mia: I'm a little thirsty
[9] Mia: X, could you please help me get
[9] Mia: a bottle of orange juice and a bottle of coconut milk
[9] Mia: from the cabinet
[9] X: okay
[9] Mia: thank you
[12] Dave: we should inflate the balloons first
[12] Dave: X, could you please bring over the materials
[12] Dave: which kind of
[12] Dave: balloon
[12] Dave: should we blow
[14] Dave: taken down yet
[14] Dave: so the ribbons can be hung on the Christmas tree
[16] Dave: Mia, you go decorate the Christmas tree.
[16] Dave: and I will just blow up the balloons.
[16] Dave: thank you
[19] Dave: Actually, I think adding some orange would look nice
[19] Mia: um
[19] Mia: hmm
[19] Mia: then you and I will put up
[20] Mia: the yellow and orange ribbons

Conversation 8: Friends Dave, Mia, X, and Bella gather to surprise Bella with a birthday celebration, complete with decorations, photos, cake, and a gift. They share drinks, reminisce over old photos, sing, and make a wish, emphasizing their close bond and appreciation for each other. The event centers on celebrating Bella and highlighting their friendship and thoughtfulness.
[59] Bella: the same as Mia
[59] Dave: X could you get a drink
[59] Dave: for Bella
[59] Dave: thank you
[60] Bella: thank you
[61] Bella: this is the best Christmas tree I've ever seen
[61] Bella: oh no birthday tree
[61] Dave: yeah
[61] Bella: you are so nice Mia and Dave I'm really touched and I love you all
[61] Dave: I love you too
[61] Mia: come and look at these photos
[61] Mia: I carefully selected all of them
[61] Mia: look this is
[61] Mia: from when we attended the dance that time
[62] Bella: oh we've really changed a lot
[62] Bella: but we're also very beautiful now
[62] Mia: yeah
[63] Mia: let's eat a cake and make a wish
[63] Bella: okay
[65] Bella: oh thank you I like it
[65] Mia: it's strawberry for me
[65] Dave: and mango for me
[66] Bella: it's made on top
[66] Bella: oh
[66] Mia: oh huh
[66] Bella: it's delicious
[66] Dave: hmm
[66] Dave: and I think the mango is very

Conversation 5: The group is preparing for Bella’s arrival, coordinating cake placement, gift hiding, and arranging balloons and lights. Mia directs tasks to X and others, deciding to put the cake on the coffee table and the gift behind the sofa. Dave monitors timing, notes a clock discrepancy, and Mia asks X to set the clock correctly. Overall, they finalize party setup before Bella arrives at six.
[41] Mia: please put the cake on the coffee table
[41] Mia: thank you
[41] Dave: okay
[41] Dave: so where should the gift be placed
[41] Mia: we can place it behind the sofa as a surprise
[42] Mia: X please set the gift properly.
[42] X: okay
[43] Dave: humm
[44] Dave: okay so there is the last step left
[44] Dave: we should arrange the inflated balloons
[44] Dave: hmm but how is the clock showing 6:22
[44] Mia: walk faster
[44] Mia: oh so X
[45] Mia: would you please set the clock to the correct time

Conversation 2: Mia and Dave decide to decorate with printed photos of their friend Bella, arranging them chronologically to reflect shared memories from high school. They reminisce about dances and baking together, and Mia coordinates printing and delivery while asking for help putting photos up. Dave proposes baking a cake at home another day and offers to handle ingredients. Overall, they collaborate to create a nostalgic display for Bella.
[22] Mia: I feel like something is still missing.
[22] Dave: what?
[22] Mia: got it, we can put up some photos
[22] Dave: good idea
[22] Mia: x, please help me get my phone
[22] Dave: okay
[22] Mia: I will select some photos
[22] Mia: thank you
[23] Mia: Bella is wearing a pink dress and making a cake with me
[23] Mia: you took a photo of us
[23] Dave: yeah
[23] Dave: I think maybe we can make a cake another day at home
[24] Dave: I think maybe we can make a cake another day at home.
[26] Dave: your efficiency is really high, Nina.
[27] Mia: oh the photos arrived
[28] Mia: oh
[28] Dave: this is a picture when you're dancing
[28] Mia: yeah
[28] Mia: I was dancing with Bella
[29] Dave: and this is a picture

Conversation 4: Mia and Dave coordinated party preparations: Mia will inflate the balloons while Dave wraps the gift. Dave asked another person, X, for wrapping paper and expressed liking the pink paper.
[34] Dave: X, could you please give me
[34] Dave: a wrapping paper from the cabinet
[34] Dave: okay
[35] Dave: thank you, wow pink
[35] Dave: I love it

Conversation 6: Dave and Mia plan birthday decorations, deciding to put candles on the cake and use star-style candles. Mia assigns X to fetch the candles and set up electronic lights symmetrically along both sides of the windows, with Dave acknowledging and agreeing.
[47] Mia: style candle
[47] Mia: X would you please get the candles
[47] Dave: okay
[47] Dave: thank you
[48] Mia: X would you please take out the electronic lights

[Step 2] Evaluating semantic answer...
Action: [Answer]
Content: Mia is more careful.
FINAL ANSWER (from graph):
Mia is more careful.
Question: Is Mia good at planning?

[Step 1] Searching the graph...
Parse Query Output:
{
  "query_triple": ["<Mia>", "good at planning", null, 0.95, 0.6, 0.2],
  "spatial_constraint": null,
  "speaker_strict": null,
  "allocation": {
    "k_high_level": 9,
    "k_low_level": 11,
    "k_conversations": 30,
    "total_k": 50,
    "reasoning": "Trait/ability query about planning; use high-level edges for character attributes, and conversations to find evidence (others praising/criticizing Mia's planning). Include some low-level edges for actions showing planning behavior."
  }
}

Graph Search Results:
**High-Level Information (Character Attributes and Relationships): **

Character Attributes:
- Mia is: medium build (100), female (100), blue jeans (100), dark hair tied back in low ponytail (100), organized (90), black-and-white sneakers (100), light cream short-sleeve T-shirt (100), detail-oriented (85)

Character Relationships:
- robot assists Mia (95)

**Low-Level Information (Actions and Events): **

[10] Mia arranges item. (living room)
[11] Mia arranges item. (living room)
[20] Mia prepares decoration. (living room)
[21] Mia arranges decoration. (living room)
[21] Mia arranges right side of small Christmas tree. (living room)
[33] Mia arranges decoration. (living room)
[35] Mia organizes item. (living room)
[39] Mia arranges wrapping paper. (living room)
[42] Mia arranges pillow. (living room)
[42] Mia arranges rose-gold balloon. (living room)
[63] Mia arranges cake slice. (living room)

**Conversations: **

Conversation 1: Dave and Mia plan and coordinate decorations for Bella’s birthday, deciding on a simpler theme with pink, yellow, and orange ribbons and inflating pink balloons. They agree to repurpose the Christmas tree as a ‘birthday tree’ by removing leftover Christmas items and adding bows and ribbons. Dave confirms the cake order with specific fillings and will wrap the gift, while X assists by fetching drinks and materials and decorating the living room.
[3] Dave: I've already bought birthday decorations
[3] Dave: let's decorate the living room together
[3] Mia: wait a minute
[3] Dave: fine I will
[3] Dave: categorize the thing
[5] Dave: still some rooms left
[6] Dave: okay
[7] Mia: Dave
[7] Mia: remember to wrap the gift
[7] Dave: okay??? I'll wrap the gift in a bit
[7] Mia: did you order the cake
[7] Dave: of course??? I've already ordered
[8] Dave: The cake fillings are strawberry, mango, and Oreo—your strawberry, Bella's Oreo.
[8] Mia: oh well done
[8] Dave: hmm
[8] Dave: oh Mia, could you please help me cut off the ribbons
[9] Mia: X, could you please help me get
[9] Mia: a bottle of orange juice and a bottle of coconut milk
[9] Mia: from the cabinet
[9] X: okay
[9] Mia: thank you
[9] Dave: Thank you??? but I'm not thirsty
[10] Dave: let me check how to make a birthday decoration
[11] Dave: What do you think about this kind of decoration?
[12] Mia: it's very nice
[12] Dave: Then I think
[12] Dave: we should inflate the balloons first
[16] Mia: I think pink is really essential
[16] Mia: we can put the pink ribbons first
[17] Mia: I think tying a bow may be better.
[17] Mia: We need to decorate it more simply.
[18] Mia: not as colorful as Christmas
[19] Dave: Actually, I think adding some orange would look nice
[19] Mia: um
[19] Mia: hmm
[19] Mia: then you and I will put up
[20] Mia: the yellow and orange ribbons

Conversation 2: Mia and Dave decide to decorate with printed photos of their friend Bella, arranging them chronologically to reflect shared memories from high school. They reminisce about dances and baking together, and Mia coordinates printing and delivery while asking for help putting photos up. Dave proposes baking a cake at home another day and offers to handle ingredients. Overall, they collaborate to create a nostalgic display for Bella.
[22] Mia: I feel like something is still missing.
[22] Dave: what?
[22] Mia: got it, we can put up some photos
[22] Dave: good idea
[22] Mia: x, please help me get my phone
[22] Dave: okay
[22] Mia: I will select some photos
[22] Mia: thank you
[23] Mia: we've known Bella since we were 16. Time really flies
[23] Dave: yeah back then
[24] Dave: I think maybe we can make a cake another day at home.
[24] Dave: and I will prepare the ingredients.
[24] Mia: that's a good idea.
[24] Dave: oh.
[24] Dave: let's hang Bella's
[26] Dave: your efficiency is really high, Nina.
[27] Mia: oh the photos arrived
[28] Mia: oh
[28] Dave: this is a picture when you're dancing
[28] Mia: yeah
[28] Mia: I was dancing with Bella
[29] Dave: and this is a picture

Conversation 8: Friends Dave, Mia, X, and Bella gather to surprise Bella with a birthday celebration, complete with decorations, photos, cake, and a gift. They share drinks, reminisce over old photos, sing, and make a wish, emphasizing their close bond and appreciation for each other. The event centers on celebrating Bella and highlighting their friendship and thoughtfulness.
[56] Dave: I'll finish setting up first
[56] Mia: hi Bella, this is Mia
[57] Mia: oh okay okay okay
[57] Mia: Bella is coming soon
[57] Dave: oh she's finally back
[57] Mia: so X could you please bring me the ribbons spray gun
[57] Mia: thank you
[58] Mia: oh it's fella
[58] Dave: she's finally back
[59] Mia: happy birthday
[59] Dave: Happy birthday
[59] Bella: wow
[61] Dave: I love you too
[61] Mia: come and look at these photos
[61] Mia: I carefully selected all of them
[61] Mia: look this is
[61] Mia: from when we attended the dance that time
[62] Bella: oh we've really changed a lot
[62] Bella: but we're also very beautiful now
[62] Mia: yeah
[63] Mia: let's eat a cake and make a wish
[63] Bella: okay
[66] Bella: it's made on top
[66] Bella: oh
[66] Mia: oh huh
[66] Bella: it's delicious
[66] Dave: hmm

Conversation 6: Dave and Mia plan birthday decorations, deciding to put candles on the cake and use star-style candles. Mia assigns X to fetch the candles and set up electronic lights symmetrically along both sides of the windows, with Dave acknowledging and agreeing.
[47] Dave: thank you
[48] Mia: X would you please take out the electronic lights
[48] Mia: and set them up
[48] Mia: hanging them symmetrically along both sides of the windows

Conversation 5: The group is preparing for Bella’s arrival, coordinating cake placement, gift hiding, and arranging balloons and lights. Mia directs tasks to X and others, deciding to put the cake on the coffee table and the gift behind the sofa. Dave monitors timing, notes a clock discrepancy, and Mia asks X to set the clock correctly. Overall, they finalize party setup before Bella arrives at six.
[40] Mia: Bella will arrive in about 20 minutes
[41] Mia: please put the cake on the coffee table
[41] Mia: thank you
[41] Dave: okay
[41] Dave: so where should the gift be placed
[44] Dave: hmm but how is the clock showing 6:22
[44] Mia: walk faster
[44] Mia: oh so X
[45] Mia: would you please set the clock to the correct time

Conversation 7: Mia and Dave note that it's 6 o'clock and Bella, the birthday honoree, hasn't arrived. They speculate she's delayed by traffic and joke that her tardiness is typical, sharing a light, humorous tone.
[52] Mia: It's already 6 o'clock.
[52] Mia: Why hasn't Bella, the birthday star, come yet?
[52] Dave: It's probably a traffic jam now.
[53] Dave: it wouldn't be Bella if she wasn't late hahaha
[53] Mia: hahaha

Conversation 3: The conversation is incomplete and provides insufficient content to determine topics, decisions, or outcomes. Only a brief thank-you from Mia is present.
[31] Mia: thank you

Conversation 4: Mia and Dave coordinated party preparations: Mia will inflate the balloons while Dave wraps the gift. Dave asked another person, X, for wrapping paper and expressed liking the pink paper.
[34] Mia: is the gift wrapped
[34] Dave: oh no I haven't had time to pack yet
[34] Mia: that's okay you can wrap the gift first
[34] Mia: and I will handle blowing up
[34] Mia: the balloons myself
[34] Dave: thank you
[34] Dave: X, could you please give me

[Step 2] Evaluating semantic answer...
Action: [Answer]
Content: Yes, Mia is good at planning.
FINAL ANSWER (from graph):
Yes, Mia is good at planning.
✓ Updated results.json for living_room_07 (12 questions)
✓ Cleaned up video and frames for living_room_07

============================================================
Processing video: living_room_10
============================================================
Downloading 1 video(s) to data/videos...

Downloading living_room_10.mp4...
✓ Successfully downloaded living_room_10.mp4 to data/videos/living_room_10.mp4

============================================================
Download Summary:
  Successful: 1/1
============================================================

============================================================
[1/1] Processing: living_room_10
============================================================
Video: data/videos/living_room_10.mp4
Subtitles: data/subtitles/robot/living_room_10.srt
Output: data/frames/living_room_10
============================================================

Parsing subtitle file: data/subtitles/robot/living_room_10.srt
Found 392 subtitle entries
Video: 1280x720, 30.00 FPS, 54812 frames, 1827.07s duration

Extracting frames with subtitles...
Grouping frames into folders of 30 frames each
  Saved 10 frames (up to 9s, folder 1)
  Saved 20 frames (up to 19s, folder 1)
  Saved 30 frames (up to 29s, folder 1)
  Saved 40 frames (up to 39s, folder 2)
  Saved 50 frames (up to 49s, folder 2)
  Saved 60 frames (up to 59s, folder 2)
  Saved 70 frames (up to 69s, folder 3)
  Saved 80 frames (up to 79s, folder 3)
  Saved 90 frames (up to 89s, folder 3)
  Saved 100 frames (up to 99s, folder 4)
  Saved 110 frames (up to 109s, folder 4)
  Saved 120 frames (up to 119s, folder 4)
  Saved 130 frames (up to 129s, folder 5)
  Saved 140 frames (up to 139s, folder 5)
  Saved 150 frames (up to 149s, folder 5)
  Saved 160 frames (up to 159s, folder 6)
  Saved 170 frames (up to 169s, folder 6)
  Saved 180 frames (up to 179s, folder 6)
  Saved 190 frames (up to 189s, folder 7)
  Saved 200 frames (up to 199s, folder 7)
  Saved 210 frames (up to 209s, folder 7)
  Saved 220 frames (up to 219s, folder 8)
  Saved 230 frames (up to 229s, folder 8)
  Saved 240 frames (up to 239s, folder 8)
  Saved 250 frames (up to 249s, folder 9)
  Saved 260 frames (up to 259s, folder 9)
  Saved 270 frames (up to 269s, folder 9)
  Saved 280 frames (up to 279s, folder 10)
  Saved 290 frames (up to 289s, folder 10)
  Saved 300 frames (up to 299s, folder 10)
  Saved 310 frames (up to 309s, folder 11)
  Saved 320 frames (up to 319s, folder 11)
  Saved 330 frames (up to 329s, folder 11)
  Saved 340 frames (up to 339s, folder 12)
  Saved 350 frames (up to 349s, folder 12)
  Saved 360 frames (up to 359s, folder 12)
  Saved 370 frames (up to 369s, folder 13)
  Saved 380 frames (up to 379s, folder 13)
  Saved 390 frames (up to 389s, folder 13)
  Saved 400 frames (up to 399s, folder 14)
  Saved 410 frames (up to 409s, folder 14)
  Saved 420 frames (up to 419s, folder 14)
  Saved 430 frames (up to 429s, folder 15)
  Saved 440 frames (up to 439s, folder 15)
  Saved 450 frames (up to 449s, folder 15)
  Saved 460 frames (up to 459s, folder 16)
  Saved 470 frames (up to 469s, folder 16)
  Saved 480 frames (up to 479s, folder 16)
  Saved 490 frames (up to 489s, folder 17)
  Saved 500 frames (up to 499s, folder 17)
  Saved 510 frames (up to 509s, folder 17)
  Saved 520 frames (up to 519s, folder 18)
  Saved 530 frames (up to 529s, folder 18)
  Saved 540 frames (up to 539s, folder 18)
  Saved 550 frames (up to 549s, folder 19)
  Saved 560 frames (up to 559s, folder 19)
  Saved 570 frames (up to 569s, folder 19)
  Saved 580 frames (up to 579s, folder 20)
  Saved 590 frames (up to 589s, folder 20)
  Saved 600 frames (up to 599s, folder 20)
  Saved 610 frames (up to 609s, folder 21)
  Saved 620 frames (up to 619s, folder 21)
  Saved 630 frames (up to 629s, folder 21)
  Saved 640 frames (up to 639s, folder 22)
  Saved 650 frames (up to 649s, folder 22)
  Saved 660 frames (up to 659s, folder 22)
  Saved 670 frames (up to 669s, folder 23)
  Saved 680 frames (up to 679s, folder 23)
  Saved 690 frames (up to 689s, folder 23)
  Saved 700 frames (up to 699s, folder 24)
  Saved 710 frames (up to 709s, folder 24)
  Saved 720 frames (up to 719s, folder 24)
  Saved 730 frames (up to 729s, folder 25)
  Saved 740 frames (up to 739s, folder 25)
  Saved 750 frames (up to 749s, folder 25)
  Saved 760 frames (up to 759s, folder 26)
  Saved 770 frames (up to 769s, folder 26)
  Saved 780 frames (up to 779s, folder 26)
  Saved 790 frames (up to 789s, folder 27)
  Saved 800 frames (up to 799s, folder 27)
  Saved 810 frames (up to 809s, folder 27)
  Saved 820 frames (up to 819s, folder 28)
  Saved 830 frames (up to 829s, folder 28)
  Saved 840 frames (up to 839s, folder 28)
  Saved 850 frames (up to 849s, folder 29)
  Saved 860 frames (up to 859s, folder 29)
  Saved 870 frames (up to 869s, folder 29)
  Saved 880 frames (up to 879s, folder 30)
  Saved 890 frames (up to 889s, folder 30)
  Saved 900 frames (up to 899s, folder 30)
  Saved 910 frames (up to 909s, folder 31)
  Saved 920 frames (up to 919s, folder 31)
  Saved 930 frames (up to 929s, folder 31)
  Saved 940 frames (up to 939s, folder 32)
  Saved 950 frames (up to 949s, folder 32)
  Saved 960 frames (up to 959s, folder 32)
  Saved 970 frames (up to 969s, folder 33)
  Saved 980 frames (up to 979s, folder 33)
  Saved 990 frames (up to 989s, folder 33)
  Saved 1000 frames (up to 999s, folder 34)
  Saved 1010 frames (up to 1009s, folder 34)
  Saved 1020 frames (up to 1019s, folder 34)
  Saved 1030 frames (up to 1029s, folder 35)
  Saved 1040 frames (up to 1039s, folder 35)
  Saved 1050 frames (up to 1049s, folder 35)
  Saved 1060 frames (up to 1059s, folder 36)
  Saved 1070 frames (up to 1069s, folder 36)
  Saved 1080 frames (up to 1079s, folder 36)
  Saved 1090 frames (up to 1089s, folder 37)
  Saved 1100 frames (up to 1099s, folder 37)
  Saved 1110 frames (up to 1109s, folder 37)
  Saved 1120 frames (up to 1119s, folder 38)
  Saved 1130 frames (up to 1129s, folder 38)
  Saved 1140 frames (up to 1139s, folder 38)
  Saved 1150 frames (up to 1149s, folder 39)
  Saved 1160 frames (up to 1159s, folder 39)
  Saved 1170 frames (up to 1169s, folder 39)
  Saved 1180 frames (up to 1179s, folder 40)
  Saved 1190 frames (up to 1189s, folder 40)
  Saved 1200 frames (up to 1199s, folder 40)
  Saved 1210 frames (up to 1209s, folder 41)
  Saved 1220 frames (up to 1219s, folder 41)
  Saved 1230 frames (up to 1229s, folder 41)
  Saved 1240 frames (up to 1239s, folder 42)
  Saved 1250 frames (up to 1249s, folder 42)
  Saved 1260 frames (up to 1259s, folder 42)
  Saved 1270 frames (up to 1269s, folder 43)
  Saved 1280 frames (up to 1279s, folder 43)
  Saved 1290 frames (up to 1289s, folder 43)
  Saved 1300 frames (up to 1299s, folder 44)
  Saved 1310 frames (up to 1309s, folder 44)
  Saved 1320 frames (up to 1319s, folder 44)
  Saved 1330 frames (up to 1329s, folder 45)
  Saved 1340 frames (up to 1339s, folder 45)
  Saved 1350 frames (up to 1349s, folder 45)
  Saved 1360 frames (up to 1359s, folder 46)
  Saved 1370 frames (up to 1369s, folder 46)
  Saved 1380 frames (up to 1379s, folder 46)
  Saved 1390 frames (up to 1389s, folder 47)
  Saved 1400 frames (up to 1399s, folder 47)
  Saved 1410 frames (up to 1409s, folder 47)
  Saved 1420 frames (up to 1419s, folder 48)
  Saved 1430 frames (up to 1429s, folder 48)
  Saved 1440 frames (up to 1439s, folder 48)
  Saved 1450 frames (up to 1449s, folder 49)
  Saved 1460 frames (up to 1459s, folder 49)
  Saved 1470 frames (up to 1469s, folder 49)
  Saved 1480 frames (up to 1479s, folder 50)
  Saved 1490 frames (up to 1489s, folder 50)
  Saved 1500 frames (up to 1499s, folder 50)
  Saved 1510 frames (up to 1509s, folder 51)
  Saved 1520 frames (up to 1519s, folder 51)
  Saved 1530 frames (up to 1529s, folder 51)
  Saved 1540 frames (up to 1539s, folder 52)
  Saved 1550 frames (up to 1549s, folder 52)
  Saved 1560 frames (up to 1559s, folder 52)
  Saved 1570 frames (up to 1569s, folder 53)
  Saved 1580 frames (up to 1579s, folder 53)
  Saved 1590 frames (up to 1589s, folder 53)
  Saved 1600 frames (up to 1599s, folder 54)
  Saved 1610 frames (up to 1609s, folder 54)
  Saved 1620 frames (up to 1619s, folder 54)
  Saved 1630 frames (up to 1629s, folder 55)
  Saved 1640 frames (up to 1639s, folder 55)
  Saved 1650 frames (up to 1649s, folder 55)
  Saved 1660 frames (up to 1659s, folder 56)
  Saved 1670 frames (up to 1669s, folder 56)
  Saved 1680 frames (up to 1679s, folder 56)
  Saved 1690 frames (up to 1689s, folder 57)
  Saved 1700 frames (up to 1699s, folder 57)
  Saved 1710 frames (up to 1709s, folder 57)
  Saved 1720 frames (up to 1719s, folder 58)
  Saved 1730 frames (up to 1729s, folder 58)
  Saved 1740 frames (up to 1739s, folder 58)
  Saved 1750 frames (up to 1749s, folder 59)
  Saved 1760 frames (up to 1759s, folder 59)
  Saved 1770 frames (up to 1769s, folder 59)
  Saved 1780 frames (up to 1779s, folder 60)
  Saved 1790 frames (up to 1789s, folder 60)
  Saved 1800 frames (up to 1799s, folder 60)
  Saved 1810 frames (up to 1809s, folder 61)
  Saved 1820 frames (up to 1819s, folder 61)

✓ Extracted 1828 frames to data/frames/living_room_10

✓ Successfully processed living_room_10: 1828 frames saved
--------------------------------
Processing folder:  data/frames/living_room_10/1
Inserted 16 triples into graph for clip 1
--------------------------------
Processing folder:  data/frames/living_room_10/2
Inserted 19 triples into graph for clip 2
--------------------------------
Processing folder:  data/frames/living_room_10/3
Inserted 16 triples into graph for clip 3
--------------------------------
Processing folder:  data/frames/living_room_10/4
Inserted 21 triples into graph for clip 4
--------------------------------
Processing folder:  data/frames/living_room_10/5
Inserted 24 triples into graph for clip 5
--------------------------------
Processing folder:  data/frames/living_room_10/6
Inserted 28 triples into graph for clip 6
--------------------------------
Processing folder:  data/frames/living_room_10/7
Inserted 21 triples into graph for clip 7
--------------------------------
Processing folder:  data/frames/living_room_10/8
Inserted 35 triples into graph for clip 8
--------------------------------
Processing folder:  data/frames/living_room_10/9
Inserted 32 triples into graph for clip 9
--------------------------------
Processing folder:  data/frames/living_room_10/10
Inserted 21 triples into graph for clip 10
--------------------------------
Processing folder:  data/frames/living_room_10/11
Inserted 26 triples into graph for clip 11
--------------------------------
Processing folder:  data/frames/living_room_10/12
Inserted 30 triples into graph for clip 12
--------------------------------
Processing folder:  data/frames/living_room_10/13
Inserted 29 triples into graph for clip 13
--------------------------------
Processing folder:  data/frames/living_room_10/14
Inserted 37 triples into graph for clip 14
--------------------------------
Processing folder:  data/frames/living_room_10/15
Inserted 30 triples into graph for clip 15
--------------------------------
Processing folder:  data/frames/living_room_10/16
Inserted 34 triples into graph for clip 16
--------------------------------
Processing folder:  data/frames/living_room_10/17
Inserted 38 triples into graph for clip 17
--------------------------------
Processing folder:  data/frames/living_room_10/18
Inserted 29 triples into graph for clip 18
--------------------------------
Processing folder:  data/frames/living_room_10/19
Inserted 31 triples into graph for clip 19
--------------------------------
Processing folder:  data/frames/living_room_10/20
Extracting summary for completed conversation 1...
Warning: Character '<X>' not found in graph, skipping attribute: helpful
Warning: Character '<All>' not found in graph, skipping relationship
✓ Conversation summary extracted. Attributes: 9, Relationships: 4
Inserted 45 triples into graph for clip 20
--------------------------------
Processing folder:  data/frames/living_room_10/21
Inserted 34 triples into graph for clip 21
--------------------------------
Processing folder:  data/frames/living_room_10/22
Inserted 38 triples into graph for clip 22
--------------------------------
Processing folder:  data/frames/living_room_10/23
Extracting summary for completed conversation 2...
✓ Conversation summary extracted. Attributes: 4, Relationships: 3
Inserted 30 triples into graph for clip 23
--------------------------------
Processing folder:  data/frames/living_room_10/24
Inserted 29 triples into graph for clip 24
--------------------------------
Processing folder:  data/frames/living_room_10/25
Inserted 28 triples into graph for clip 25
--------------------------------
Processing folder:  data/frames/living_room_10/26
Inserted 59 triples into graph for clip 26
--------------------------------
Processing folder:  data/frames/living_room_10/27
Inserted 36 triples into graph for clip 27
--------------------------------
Processing folder:  data/frames/living_room_10/28
Inserted 20 triples into graph for clip 28
--------------------------------
Processing folder:  data/frames/living_room_10/29
Inserted 30 triples into graph for clip 29
--------------------------------
Processing folder:  data/frames/living_room_10/30
Inserted 28 triples into graph for clip 30
--------------------------------
Processing folder:  data/frames/living_room_10/31
Inserted 34 triples into graph for clip 31
--------------------------------
Processing folder:  data/frames/living_room_10/32
Inserted 22 triples into graph for clip 32
--------------------------------
Processing folder:  data/frames/living_room_10/33
Inserted 34 triples into graph for clip 33
--------------------------------
Processing folder:  data/frames/living_room_10/34
Inserted 36 triples into graph for clip 34
--------------------------------
Processing folder:  data/frames/living_room_10/35
Inserted 36 triples into graph for clip 35
--------------------------------
Processing folder:  data/frames/living_room_10/36
Extracting summary for completed conversation 3...
✓ Conversation summary extracted. Attributes: 7, Relationships: 7
Inserted 47 triples into graph for clip 36
--------------------------------
Processing folder:  data/frames/living_room_10/37
Inserted 25 triples into graph for clip 37
--------------------------------
Processing folder:  data/frames/living_room_10/38
Inserted 16 triples into graph for clip 38
--------------------------------
Processing folder:  data/frames/living_room_10/39
Inserted 26 triples into graph for clip 39
--------------------------------
Processing folder:  data/frames/living_room_10/40
Inserted 21 triples into graph for clip 40
--------------------------------
Processing folder:  data/frames/living_room_10/41
Inserted 33 triples into graph for clip 41
--------------------------------
Processing folder:  data/frames/living_room_10/42
Inserted 24 triples into graph for clip 42
--------------------------------
Processing folder:  data/frames/living_room_10/43
Extracting summary for completed conversation 4...
Warning: Character '<Group>' not found in graph, skipping relationship
✓ Conversation summary extracted. Attributes: 5, Relationships: 4
Inserted 44 triples into graph for clip 43
--------------------------------
Processing folder:  data/frames/living_room_10/44
Inserted 22 triples into graph for clip 44
--------------------------------
Processing folder:  data/frames/living_room_10/45
Inserted 32 triples into graph for clip 45
--------------------------------
Processing folder:  data/frames/living_room_10/46
Inserted 25 triples into graph for clip 46
--------------------------------
Processing folder:  data/frames/living_room_10/47
Inserted 32 triples into graph for clip 47
--------------------------------
Processing folder:  data/frames/living_room_10/48
Inserted 28 triples into graph for clip 48
--------------------------------
Processing folder:  data/frames/living_room_10/49
Inserted 20 triples into graph for clip 49
--------------------------------
Processing folder:  data/frames/living_room_10/50
Inserted 21 triples into graph for clip 50
--------------------------------
Processing folder:  data/frames/living_room_10/51
Inserted 32 triples into graph for clip 51
--------------------------------
Processing folder:  data/frames/living_room_10/52
Inserted 23 triples into graph for clip 52
--------------------------------
Processing folder:  data/frames/living_room_10/53
Inserted 30 triples into graph for clip 53
--------------------------------
Processing folder:  data/frames/living_room_10/54
Inserted 26 triples into graph for clip 54
--------------------------------
Processing folder:  data/frames/living_room_10/55
Inserted 27 triples into graph for clip 55
--------------------------------
Processing folder:  data/frames/living_room_10/56
Inserted 29 triples into graph for clip 56
--------------------------------
Processing folder:  data/frames/living_room_10/57
Inserted 18 triples into graph for clip 57
--------------------------------
Processing folder:  data/frames/living_room_10/58
Inserted 24 triples into graph for clip 58
--------------------------------
Processing folder:  data/frames/living_room_10/59
Inserted 17 triples into graph for clip 59
--------------------------------
Processing folder:  data/frames/living_room_10/60
Inserted 27 triples into graph for clip 60
--------------------------------
Processing folder:  data/frames/living_room_10/61
Inserted 20 triples into graph for clip 61
Extracting summary for final conversation 5...
Warning: Character '<Group>' not found in graph, skipping relationship
✓ Final conversation summary extracted. Attributes: 10, Relationships: 7
Inserting character appearances for 6 characters...
✓ Character appearances inserted: 38 appearance edges created
442 node embeddings inserted (7 characters, 435 objects)
1777 edge embeddings inserted
Generating character attributes...
Number of edges:  1777
Character attributes generated.
Number of edges:  1832
Character relationships generated.
Number of edges:  1898
✓ Graph memory built for living_room_10
Question: In what box should the coloured lights be placed?

[Step 1] Searching the graph...
Parse Query Output:
{
  "query_triple": ["lights#colored", "should be placed in", "box", 0.9, 0.3, 0.6],
  "spatial_constraint": null,
  "speaker_strict": null,
  "allocation": {
    "k_high_level": 5,
    "k_low_level": 38,
    "k_conversations": 7,
    "total_k": 50,
    "reasoning": "Spatial/placement action query focusing on where an object should go; prioritize low-level edges for specific placement actions and locations, minimal high-level edges, and a small amount of conversation for any instructions."
  }
}

Graph Search Results:
**High-Level Information (Character Attributes and Relationships): **

Character Attributes:
- X is: female (100), medium build (100)

Character Relationships:
- Jame relies on assistance from X (85)
- Emily delegates tasks to X (85)
- Emily relies on X (80)

**Low-Level Information (Actions and Events): **

[1] small object is around box. (living room)
[1] item is in box. (living room)
[2] Emily picks up from box. (living room)
[2] Emily stacks box. (living room)
[2] box is on table. (living room)
[3] small decoration is from box. (living room)
[6] item is in box. (living room)
[13] Finn holds box. (living room)
[13] Jame gestures at box. (living room)
[13] Jame steps closer to box. (living room)
[14] Jame opens box. (living room)
[14] Emily starts sorting from box. (living room)
[14] Jame starts sorting from box. (living room)
[15] Jame looks into box. (living room)
[16] ornament is from box. (living room)
[16] Emily gestures at box. (living room)
[16] Emily points down to box. (living room)
[16] small wreath is from box. (living room)
[17] yellow decoration is on tree. (living room)
[17] Finn looks into box. (living room)
[18] white ornament is from box. (living room)
[18] Emily checks box. (living room)
[19] Finn picks up from box. (living room)
[22] character_1 searches inside red box. (living room)
[23] decoration is from red box. (living room)
[24] something is from red box. (living room)
[24] X checks tree light. (living room)
[25] ornament is from box. (living room)
[27] ornament is from box. (living room)
[31] box is in living room. (living room)
[39] Finn reaches out to take box. (living room)
[39] robot releases box. (living room)
[39] box is into Finn's hand. (living room)
[39] Finn looks into box. (living room)
[43] Emily places light on tree. (living room)
[47] robot carries back toward box. (living room)
[47] Jame thanks for bringing box. (living room)
[48] Jame opens box. (living room)

**Conversations: **

Conversation 1: Emily, Finn, and Jame plan and begin decorating for Christmas. Emily organizes tasks, asks Finn and Jame to clean and help, and manages an item list, discovering they lack a red ribbon but have gold. They decide to decorate the tree with snowflakes and golden/white ribbons, with Finn and Jame cooperating on cleaning and setup. X is asked to provide the item list, move boxes, and help pack and decorate.
[8] Finn: We're just discussing when you'd return.
[8] Jame: Sorry, I'm late.
[8] Jame: I bought some fairy lights
[8] Jame: and a Santa Claus doll.
[8] Jame: I show it to you.
[11] Finn: okay, I have packed the gifts.
[11] Jame: oh.
[11] Jame: X, please help me pack the gloves and ceramic ornaments.
[11] Jame: Thank you.
[12] Finn: Thank you, X.
[13] Emily: let's decorate from the Christmas tree
[13] Emily: and X could you please help me move the
[13] Emily: boxes in front of the Christmas tree
[13] Jame: okay
[14] Emily: thank you
[16] Emily: dang dang dang
[16] Finn: Wow, the Christmas atmosphere already here.
[16] Jame: Red ribbon and green ornaments may go better together.
[16] Emily: and X could you please give me
[16] Emily: the Christmas wreath
[19] Emily: yeah it's also nice
[19] Emily: okay X please
[19] Emily: decorate the tree with the snowflakes and ribbons
[19] Emily: let me check the item list again

Conversation 4: The group is decorating for a festive occasion, handling ornaments and admiring the tree. They play the song 'Jingle Bells' and share lighthearted wishes to Santa for items like a microphone and a backpack. The mood is collaborative and celebratory as they finish placing stars on the tree.
[38] Finn: hey X, please bring me over
[38] Finn: the box containing the ornaments.
[38] Emily: okay
[39] Finn: thank you

Conversation 3: A small group plans and decorates a space together, with X assisting by playing energetic music, fetching items, and distributing gifts. Emily often directs the activities, while Finn adds humor and suggests breaks. Jame collaborates on decorations and expresses gratitude for help. The group shares a friendly, cooperative atmosphere while organizing gifts and arranging the table and wall decor.
[32] Emily: and we still need to decorate the wall and the coffee table
[32] Emily: everyone listen to me
[32] Emily: let's put the ornaments on the table
[32] Finn: oh no!
[32] Finn: we should take a break

[Step 2] Evaluating semantic answer...
Action: [Answer]
Content: In the red box.
FINAL ANSWER (from graph):
In the red box.
Question: What is Jame's occupation?

[Step 1] Searching the graph...
Parse Query Output:
{
  "query_triple": ["<James>", "occupation", null, 0.95, 0.25, 0.1],
  "spatial_constraint": null,
  "speaker_strict": null,
  "allocation": {
    "k_high_level": 9,
    "k_low_level": 10,
    "k_conversations": 31,
    "total_k": 50,
    "reasoning": "Occupation is a high-level attribute; use high-level edges for role/occupation, conversations for explicit mentions (introductions, job talk), and a small number of low-level edges to catch job-related actions."
  }
}

Graph Search Results:
**High-Level Information (Character Attributes and Relationships): **

Character Attributes:
- Emily is: wears glasses (100), female (100)
- Finn is: wears glasses (100), female (100)
- Jame is: wears glasses (100), female (100)
- X is: female (100)
- character_1 is: female (100)
- robot is: camera holder (100)

**Low-Level Information (Actions and Events): **

[8] discussion is about Jame's return. (living room)
[8] bundle of fairy light is in Jame's hand. (living room)
[12] Jame starts scrolling on Jame's phone. (living room)
[13] Jame looks at Jame's phone. (living room)
[41] Jame keeps on lap Jame's hand. (living room)
[42] Jame rests hand on Jame's lap. (living room)
[46] Jame raises Jame's phone. (living room)
[46] Emily faces Jame's phone. (living room)
[46] Finn looks toward Jame's phone. (living room)
[46] Jame holds Jame's phone. (living room)

**Conversations: **

Conversation 1: Emily, Finn, and Jame plan and begin decorating for Christmas. Emily organizes tasks, asks Finn and Jame to clean and help, and manages an item list, discovering they lack a red ribbon but have gold. They decide to decorate the tree with snowflakes and golden/white ribbons, with Finn and Jame cooperating on cleaning and setup. X is asked to provide the item list, move boxes, and help pack and decorate.
[8] Jame: I show it to you.
[8] Emily: wow so cute
[8] Jame: Yeah.
[8] Jame: So what are you doing?
[8] Finn: Cleaning.
[8] Jame: Oh.
[8] Emily: so Finn um Jame
[8] Emily: Could you please help Finn and do the cleaning
[10] Finn: Okay.
[11] Finn: okay, I have packed the gifts.
[11] Jame: oh.
[11] Jame: X, please help me pack the gloves and ceramic ornaments.
[11] Jame: Thank you.
[12] Finn: Thank you, X.
[13] Emily: okay I'm already done and
[13] Emily: and X could you please help me move the
[13] Emily: boxes in front of the Christmas tree
[13] Jame: okay
[14] Emily: thank you
[14] Emily: oh
[14] Emily: let's decorate the Christmas tree
[14] Jame: Okay.
[15] Jame: So many things.
[15] Emily: yes
[15] Emily: here

Conversation 4: The group is decorating for a festive occasion, handling ornaments and admiring the tree. They play the song 'Jingle Bells' and share lighthearted wishes to Santa for items like a microphone and a backpack. The mood is collaborative and celebratory as they finish placing stars on the tree.
[39] Finn: thank you
[39] Finn: okay
[39] Jame: oh nice
[40] Jame: oh
[40] Emily: wow
[40] Emily: wow so beautiful

Conversation 5: Emily, Finn, Jame, and X share a festive day planning Christmas activities, exchanging gifts, and taking photos. They decide to invite neighbors and friends, document the day, and discuss New Year goals like learning painting and organizing a music party, with Emily helping to organize plans. The group affirms their close bond and appreciation for each other.
[44] Emily: oh X who put this rag here
[44] Finn: it's Jame
[44] Jame: Oh!
[44] Jame: Sorry about that.
[44] Finn: Don't feel sorry
[46] Emily: yeah
[46] Jame: Smile.
[46] Jame: Okay.
[46] Emily: let me see
[46] Finn: let me have let me see
[47] Jame: Please bring the gifts to me.
[47] X: okay
[47] Jame: Thank you.
[47] Finn: Thank you for your gifts
[47] Jame: I'll send to you.
[47] Emily: do you like it
[47] Jame: Yes, I will use it next time on my
[48] Jame: homework.
[48] Emily: this is for you Finn
[48] Finn: thank you
[49] Finn: haha
[49] Finn: where is my gift
[49] Jame: Oh.
[49] Jame: This is a gift for you.
[49] Finn: thanks
[50] Emily: oh don't be so sentimental
[50] Emily: and let's organize our plan for the New Year
[50] Jame: oh
[50] Jame: um to
[50] Jame: learn a new skill next year, such as painting.
[51] Jame: I bought it on the internet and I
[51] Jame: I saw many useful and fantastics things on
[51] Jame: one of the shop.
[52] Jame: And I will recommend it to you next time.
[52] Finn: okay so nice of you
[52] Jame: I think we can take more photos because the photos
[52] Jame: we just took is
[52] Jame: hmm so
[52] Emily: okay and we can wear the gloves
[52] Finn: yeah oh
[52] Jame: Yes, we can take photos with our gifts.
[53] Jame: you take the camera?
[53] Jame: wow
[53] Jame: the scene outside is really beautiful
[53] Jame: We can
[54] Jame: And we can also take this as background.
[54] Finn: this Christmas tree is so cute
[54] Jame: haha
[54] Finn: yeah 3 2 1
[55] Emily: and we can take photos with the Christmas tree
[56] Emily: next one
[56] All: hahaha
[56] Jame: 1 2
[56] Jame: 3
[56] Jame: ah this
[57] Finn: you are good at taking photos
[57] Jame: Of course.
[57] Jame: change another posture
[57] Jame: hahaha
[57] Jame: it's like a business woman
[57] All: hahahaha
[57] Finn: a very successful business woman
[58] Finn: yeah, show time
[58] Jame: it's like industrial line
[58] Jame: change
[59] Jame: next
[59] Emily: hmm
[59] Jame: don't be so serious
[59] Jame: okay
[59] Jame: remove your face from the light
[59] Jame: because the light on your face
[60] Emily: oh I know what you want
[60] Emily: yeah let's take photo again
[61] Jame: um
[61] Jame: is it okay?
[61] Emily: yeah and you can check it

Conversation 3: A small group plans and decorates a space together, with X assisting by playing energetic music, fetching items, and distributing gifts. Emily often directs the activities, while Finn adds humor and suggests breaks. Jame collaborates on decorations and expresses gratitude for help. The group shares a friendly, cooperative atmosphere while organizing gifts and arranging the table and wall decor.
[30] Jame: And also help me choose some suitable decorations to hang up.
[30] X: Okay.
[31] Jame: Thank you.
[31] Jame: These decorations and stickers look good together.
[31] Finn: Yes.

[Step 2] Evaluating semantic answer...
Action: [Search]
Content: [57, 50, 51, 48, 47, 46, 39, 31, 8]
Summary: The extracted graph covers a festive gathering where Emily, Finn, Jame, and others decorate, exchange gifts, and take photos. Dialogue includes jokes like “it’s like a business woman” but no explicit statement of Jame’s occupation; available info focuses on activities (decorating, photographing, gifting) without job details.

[Step 3] Watching video clips: [57, 50, 51, 48, 47, 46, 39, 31, 8]

   Processing clip 57 (1/9)...
Question: Who has more leadership skills, Jame or Finn or Emily?

[Step 1] Searching the graph...
Parse Query Output:
{
  "query_triple": ["null", "leadership skill comparison", null, 0.1, 0.25, 0.1],
  "spatial_constraint": null,
  "speaker_strict": null,
  "allocation": {
    "k_high_level": 9,
    "k_low_level": 11,
    "k_conversations": 30,
    "total_k": 50,
    "reasoning": "Trait comparison across named characters. Use high-level edges for traits, conversations to find evidence of leadership, and some low-level actions that demonstrate leadership."
  },
  "candidates": [
    ["<Jame>", "leadership", null, 0.95, 0.3, 0.1],
    ["<Finn>", "leadership", null, 0.95, 0.3, 0.1],
    ["<Emily>", "leadership", null, 0.95, 0.3, 0.1],
    ["<Jame>", "leads", null, 0.95, 0.35, 0.1],
    ["<Finn>", "leads", null, 0.95, 0.35, 0.1],
    ["<Emily>", "leads", null, 0.95, 0.35, 0.1],
    ["<Jame>", "is team leader of", null, 0.95, 0.3, 0.1],
    ["<Finn>", "is team leader of", null, 0.95, 0.3, 0.1],
    ["<Emily>", "is team leader of", null, 0.95, 0.3, 0.1]
  ]
}

Graph Search Results:
**High-Level Information (Character Attributes and Relationships): **

Character Attributes:
- X is: medium build (100), female (100)
- character_1 is: female (100), slim (100), light striped robe or long shirt (100), no visible glasses (100), long straight dark hair (100), cropped green pants (100)
- robot is: black gloves (100)

**Low-Level Information (Actions and Events): **

[2] Emily sorts item. (living room)
[5] Emily organizes item. (living room)
[12] Jame writes note. (living room)
[15] Emily says here. (living room)
[22] X watches other. (living room)
[28] Finn speaks across table. (living room)
[30] robot compares ornament from right box. (living room)
[43] Finn watches result. (living room)
[47] Jame asks other. (living room)
[53] Finn joins other. (living room)
[53] other are near tree. (living room)

**Conversations: **

Conversation 1: Emily, Finn, and Jame plan and begin decorating for Christmas. Emily organizes tasks, asks Finn and Jame to clean and help, and manages an item list, discovering they lack a red ribbon but have gold. They decide to decorate the tree with snowflakes and golden/white ribbons, with Finn and Jame cooperating on cleaning and setup. X is asked to provide the item list, move boxes, and help pack and decorate.
[3] Emily: okay
[3] Emily: This is a Christmas wreath so cute
[3] Finn: Hey, Emily!
[3] Emily: oh Finn
[3] Emily: uh could you please clean up the living room
[4] Emily: before decorating
[6] Finn: Ok, I'll do the cleaning.
[6] Emily: Thank you
[7] Emily: So Finn, where is Jame?
[7] Emily: Why hasn't he come back from shopping?
[7] Finn: It should be soon.
[7] Finn: He has been out for an hour already.
[7] Emily: Okay.
[7] Jame: Emily, Finn, I'm back.
[8] Finn: Hi.
[8] Finn: You're finally back.
[8] Finn: Cleaning.
[8] Jame: Oh.
[8] Emily: so Finn um Jame
[8] Emily: Could you please help Finn and do the cleaning
[8] Jame: please help me put these away properly.
[8] Finn: okay
[9] Jame: Okay, my pleasure.
[9] Jame: It's been so sunny these days. What did you usually do
[9] Jame: Yeah, that's so nice. I hope I can go with you next time.
[9] Emily: I hope so
[10] Finn: Hey Emily, have we packed the gifts we prepare
[10] Finn: to exchange this year.
[10] Emily: oh not yet and you need to pack it by yourselves
[16] Emily: and X could you please give me
[16] Emily: the Christmas wreath
[17] Emily: hey Finn could you please help
[17] Emily: help us decorate the Christmas tree
[17] Finn: sure
[17] Finn: well there's no ribbon
[17] Emily: I'm not sure if there is a red ribbon

Conversation 3: A small group plans and decorates a space together, with X assisting by playing energetic music, fetching items, and distributing gifts. Emily often directs the activities, while Finn adds humor and suggests breaks. Jame collaborates on decorations and expresses gratitude for help. The group shares a friendly, cooperative atmosphere while organizing gifts and arranging the table and wall decor.
[28] Emily: I don't know
[28] Finn: Think, just think
[28] Finn: Jame
[28] Finn: Do you know
[28] Finn: why is the doctor so angry?
[31] Jame: Thank you.
[31] Jame: These decorations and stickers look good together.
[31] Finn: Yes.
[32] Emily: and we still need to decorate the wall and the coffee table
[32] Emily: everyone listen to me
[34] Jame: I really like it. Thank you. Here's a dog.
[34] Emily: yeah so cute
[34] Finn: so cute
[34] Emily: okay now let's start from the coffee table
[34] Jame: Let's put these gifts on the table.
[34] Finn: Okay
[35] Finn: hmm
[35] Finn: okay
[35] Finn: Let me decorate the wall behind us 
[35] Finn: Let me decorate the wall behind us

Conversation 5: Emily, Finn, Jame, and X share a festive day planning Christmas activities, exchanging gifts, and taking photos. They decide to invite neighbors and friends, document the day, and discuss New Year goals like learning painting and organizing a music party, with Emily helping to organize plans. The group affirms their close bond and appreciation for each other.
[44] Emily: oh X who put this rag here
[44] Finn: it's Jame
[44] Jame: Oh!
[44] Jame: Sorry about that.
[44] Emily: ok let's see my plan for the Christmas
[44] Emily: and tomorrow we'll watch a movie and then bake cookies
[44] Finn: oh
[44] Finn: I think we can also invite our neighbors and friends
[44] Finn: that will be more fun
[45] Finn: I agree with you
[45] Jame: You can sit on the sofa and or we can take a selfie.
[45] Finn: yes
[46] Jame: 1, 2, 3...
[46] Emily: yeah
[47] Finn: Thank you for your gifts
[47] Jame: I'll send to you.
[47] Emily: this pen is for you Jame
[47] Jame: Thank you, Emily.
[47] Emily: do you like it
[47] Jame: Yes, I will use it next time on my
[48] Jame: homework.
[48] Emily: this is for you Finn
[48] Finn: thank you
[48] Finn: so cute
[48] Jame: This is for you.
[48] Emily: thank you
[48] Finn: I wish you drink more water
[48] Emily: oh so sweetheart I love it
[48] Finn: and this is for you, Jame
[48] Finn: keep warm
[48] Jame: so lovely
[49] Jame: Oh.
[49] Jame: This is a gift for you.
[49] Finn: thanks
[49] Finn: okay
[49] Jame: Emily you are like a sister to both of us.
[49] Jame: I really don't know what our life would be without you.
[50] Finn: what I'm most grateful for is meeting you all
[50] Emily: oh and then
[50] Emily: my plan is organize your plans in an orderly manner
[51] Finn: You're so nice, Emily, you're my best friend
[51] Finn: and I think
[51] Finn: where do you buy these gifts
[55] Emily: and we can take photos with the Christmas tree
[55] Emily: one by one
[55] Finn: first one
[55] Jame: I believe you are a good photographer.
[55] Finn: just believe me
[57] Jame: it's like a business woman
[57] All: hahahaha
[57] Finn: a very successful business woman
[58] Emily: okay next one
[58] Finn: yeah, show time

Conversation 4: The group is decorating for a festive occasion, handling ornaments and admiring the tree. They play the song 'Jingle Bells' and share lighthearted wishes to Santa for items like a microphone and a backpack. The mood is collaborative and celebratory as they finish placing stars on the tree.
[38] Emily: okay
[39] Finn: thank you
[39] Finn: okay
[39] Jame: oh nice
[40] Jame: oh

[Step 2] Evaluating semantic answer...
Action: [Answer]
Content: Emily has more leadership skills.
FINAL ANSWER (from graph):
Emily has more leadership skills.
Question: Is Emily a person who likes to plan?

[Step 1] Searching the graph...
Parse Query Output:
{
  "query_triple": ["<Emily>", "is planner", null, 0.95, 0.3, 0.1],
  "spatial_constraint": null,
  "speaker_strict": null,
  "allocation": {
    "k_high_level": 9,
    "k_low_level": 11,
    "k_conversations": 30,
    "total_k": 50,
    "reasoning": "Trait/characterization query; use high-level edges for attributes, conversations for evidence of liking to plan, and a small set of low-level edges for concrete planning actions."
  }
}

Graph Search Results:
**High-Level Information (Character Attributes and Relationships): **

Character Attributes:
- Emily is: slim (100), female (100), wears glasses (100), tall (100), white sneakers (100), grey short-sleeve top under grey pinafore overalls (100), long straight hair (100), organized/plan-oriented (95), organized (85)

**Low-Level Information (Actions and Events): **

[2] Emily places paper. (living room)
[2] Emily places card. (living room)
[5] Emily organizes item. (living room)
[6] Emily arranges gift box. (living room)
[14] Emily arranges item. (living room)
[36] Emily arranges item. (living room)
[43] Emily places light on tree. (living room)
[43] Emily places ornament onto tree. (living room)
[47] Emily places large black bag. (living room)
[50] Emily plans to organize others' plan. (living room)
[53] Emily places cup. (living room)

**Conversations: **

Conversation 5: Emily, Finn, Jame, and X share a festive day planning Christmas activities, exchanging gifts, and taking photos. They decide to invite neighbors and friends, document the day, and discuss New Year goals like learning painting and organizing a music party, with Emily helping to organize plans. The group affirms their close bond and appreciation for each other.
[44] Jame: Sorry about that.
[44] Finn: Don't feel sorry
[44] Emily: ok let's see my plan for the Christmas
[44] Emily: and tomorrow we'll watch a movie and then bake cookies
[44] Finn: oh
[45] Jame: It's a good idea.
[45] Jame: And I will sing a song for you tomorrow.
[45] Emily: wow
[45] Emily: what which song
[45] Jame: Keep it a secret.
[45] Finn: yes
[46] Jame: 1, 2, 3...
[46] Emily: yeah
[46] Jame: Smile.
[46] Jame: Okay.
[47] Emily: this pen is for you Jame
[47] Jame: Thank you, Emily.
[47] Emily: do you like it
[47] Jame: Yes, I will use it next time on my
[48] Jame: homework.
[48] Jame: This is for you.
[48] Emily: thank you
[48] Emily: I like it
[48] Finn: and this is for you
[48] Emily: oh
[48] Finn: this glass
[48] Finn: I wish you drink more water
[50] Finn: which has filled my life with joy
[50] Emily: oh don't be so sentimental
[50] Emily: and let's organize our plan for the New Year
[50] Jame: oh
[50] Jame: um to
[50] Finn: I want to organize a big music party
[50] Emily: oh and then
[50] Emily: my plan is organize your plans in an orderly manner
[51] Finn: You're so nice, Emily, you're my best friend
[51] Finn: and I think
[55] Emily: and change another gesture
[56] Finn: you can change your pose
[56] Emily: okay
[56] Emily: next one
[56] All: hahaha
[56] Jame: 1 2
[58] Jame: change
[59] Jame: next
[59] Emily: hmm
[59] Jame: don't be so serious
[59] Jame: okay
[60] Emily: photoed by me
[60] Finn: sorry I'm not so good at
[60] Emily: oh I know what you want
[60] Emily: yeah let's take photo again
[61] Jame: um

Conversation 1: Emily, Finn, and Jame plan and begin decorating for Christmas. Emily organizes tasks, asks Finn and Jame to clean and help, and manages an item list, discovering they lack a red ribbon but have gold. They decide to decorate the tree with snowflakes and golden/white ribbons, with Finn and Jame cooperating on cleaning and setup. X is asked to provide the item list, move boxes, and help pack and decorate.
[2] Emily: this one
[2] Emily: for this one
[3] Emily: okay
[3] Emily: This is a Christmas wreath so cute
[3] Finn: Hey, Emily!
[3] Emily: oh Finn
[3] Emily: uh could you please clean up the living room
[4] Emily: before decorating
[4] Finn: okay got it I will follow your arrangement.
[4] Finn: What are you doing?
[5] Emily: look at this
[5] Finn: So cute.
[5] Emily: yeah I think so
[6] Finn: Ok, I'll do the cleaning.
[6] Emily: Thank you
[7] Finn: It should be soon.
[7] Finn: He has been out for an hour already.
[7] Emily: Okay.
[7] Jame: Emily, Finn, I'm back.
[8] Finn: Hi.
[9] Finn: I usually go on a picnic with my friends.
[9] Jame: Yeah, that's so nice. I hope I can go with you next time.
[9] Emily: I hope so
[10] Finn: Hey Emily, have we packed the gifts we prepare
[10] Finn: to exchange this year.
[13] Jame: okay
[14] Emily: thank you
[14] Emily: oh
[14] Emily: let's decorate the Christmas tree
[14] Jame: Okay.
[15] Jame: So many things.
[15] Emily: yes
[15] Emily: here
[16] Emily: dang dang dang
[16] Finn: Wow, the Christmas atmosphere already here.
[18] X: okay.
[18] Emily: thank you.
[18] Emily: let me check.
[18] Emily: oh I forgot to buy it.
[18] Emily: there is only a golden ribbon.

Conversation 3: A small group plans and decorates a space together, with X assisting by playing energetic music, fetching items, and distributing gifts. Emily often directs the activities, while Finn adds humor and suggests breaks. Jame collaborates on decorations and expresses gratitude for help. The group shares a friendly, cooperative atmosphere while organizing gifts and arranging the table and wall decor.
[27] Emily: and I'll...
[28] Finn: hey I have a very funny joke.
[28] Emily: what
[28] Finn: Why is the doctor so angry?
[28] Emily: why is the doctor so angry let me guess
[28] Emily: I don't know
[28] Finn: Think, just think
[28] Finn: Jame
[28] Finn: Do you know
[28] Finn: why is the doctor so angry?
[28] Emily: So angry?
[29] Finn: Because he has no patience (patients).
[29] Emily: hahaha
[33] Emily: un gift bag
[33] Finn: Yeah, I want this one
[33] Emily: I want this
[34] Jame: X, choose a gift for me.
[34] Jame: Wow, a green cup.

Conversation 4: The group is decorating for a festive occasion, handling ornaments and admiring the tree. They play the song 'Jingle Bells' and share lighthearted wishes to Santa for items like a microphone and a backpack. The mood is collaborative and celebratory as they finish placing stars on the tree.
[38] Finn: hey X, please bring me over
[38] Finn: the box containing the ornaments.
[38] Emily: okay
[39] Finn: thank you
[39] Finn: okay
[39] Jame: oh nice
[40] Jame: oh
[40] Emily: wow
[40] Emily: wow so beautiful
[40] Finn: so beautiful
[40] Finn: Oh, I got an idea
[40] Emily: what
[40] Finn: X, please play the song Jingle Bells
[40] X: okay
[42] Finn: a microphone so that the party will be more lively
[42] Jame: Hmm, I want the backpack to pack my books.
[42] Emily: so funny
[42] Emily: now let's put the last few stars on the tree

Conversation 2: Emily initiates a plan to decorate a window and coordinates others by asking X for stickers and inviting Finn to collaborate. Finn agrees, indicating a cooperative decorating activity among the group.
[21] X: okay
[21] Emily: great
[21] Emily: then let's decorate the window
[22] Emily: X please give me the stickers

[Step 2] Evaluating semantic answer...
Action: [Answer]
Content: Yes, Emily likes to plan.
FINAL ANSWER (from graph):
Yes, Emily likes to plan.
Question: In what ways are the three used to documenting their lives?

[Step 1] Searching the graph...
Parse Query Output:
{
  "query_triple": ["null", "documentation habits", "?", 0.1, 0.25, 0.2],
  "spatial_constraint": null,
  "speaker_strict": null,
  "allocation": {
    "k_high_level": 8,
    "k_low_level": 10,
    "k_conversations": 32,
    "total_k": 50,
    "reasoning": "The query asks how 'the three' document their lives—likely habits or methods (e.g., journaling, vlogging). This is a higher-level behavioral trait inferred from dialogue and possibly shown actions. Prioritize conversations to capture mentions of how they document, use some high-level edges for traits/patterns, and a modest number of low-level edges to catch explicit actions like filming, writing, or posting."
  }
}

Graph Search Results:
**High-Level Information (Character Attributes and Relationships): **

Character Attributes:
- Emily is: organized (85)
- Jame is: collaborative (95)
- X is: female (100)
- character_1 is: female (100), light striped robe or long shirt (100)
- robot is: camera holder (100), black gloves (100), no visible face (100)

**Low-Level Information (Actions and Events): **

[2] Emily writes on Emily's phone. (living room)
[9] Emily writes in open notebook. (living room)
[11] Finn writes on card. (living room)
[12] Jame writes in notebook. (living room)
[12] Jame writes note. (living room)
[18] Emily checks item. (living room)
[23] Finn writes paper. (living room)
[35] Jame writes briefly on sheet. (living room)
[45] Jame remarks today is funny and fulfilling. (living room)
[59] Finn records. (living room)

**Conversations: **

Conversation 5: Emily, Finn, Jame, and X share a festive day planning Christmas activities, exchanging gifts, and taking photos. They decide to invite neighbors and friends, document the day, and discuss New Year goals like learning painting and organizing a music party, with Emily helping to organize plans. The group affirms their close bond and appreciation for each other.
[45] Jame: Keep it a secret.
[45] Jame: Today is such a funny and fulfilling day,
[45] Jame: I think we can document it.
[45] Finn: I agree with you
[45] Jame: You can sit on the sofa and or we can take a selfie.
[45] Finn: yes
[46] Jame: 1, 2, 3...
[46] Emily: yeah
[46] Jame: Smile.
[47] Finn: Thank you for your gifts
[47] Jame: I'll send to you.
[47] Emily: this pen is for you Jame
[47] Jame: Thank you, Emily.
[47] Emily: do you like it
[47] Jame: Yes, I will use it next time on my
[48] Jame: homework.
[48] Emily: this is for you Finn
[48] Finn: thank you
[50] Jame: oh
[50] Jame: um to
[50] Jame: learn a new skill next year, such as painting.
[50] Finn: I want to organize a big music party
[50] Emily: oh and then
[51] Emily: I buy it in the supermarket nearby our home
[51] Jame: I bought it on the internet and I
[51] Jame: I saw many useful and fantastics things on
[51] Jame: one of the shop.
[52] Jame: And I will recommend it to you next time.
[52] Finn: okay so nice of you
[52] Finn: tell the reason
[52] Jame: I think we can take more photos because the photos
[52] Jame: we just took is
[52] Jame: hmm so
[52] Emily: okay and we can wear the gloves
[52] Finn: yeah oh
[52] Jame: Yes, we can take photos with our gifts.
[53] Jame: you take the camera?
[53] Jame: wow
[53] Jame: the scene outside is really beautiful
[53] Finn: okay yeah
[54] Finn: 3 2 1
[54] Jame: And we can also take this as background.
[54] Finn: this Christmas tree is so cute
[54] Jame: haha
[54] Finn: yeah 3 2 1
[55] Emily: and we can take photos with the Christmas tree
[55] Emily: one by one
[55] Finn: first one
[55] Jame: I believe you are a good photographer.
[55] Finn: just believe me
[55] Emily: wow so beautiful
[55] Finn: 3 2
[55] Finn: 1
[55] Finn: You take it
[55] Emily: and change another gesture
[56] Finn: you can change your pose
[56] Emily: okay
[56] Emily: next one
[56] All: hahaha
[56] Jame: 1 2
[56] Jame: 3
[56] Jame: ah this
[57] Finn: you are good at taking photos
[57] Jame: Of course.
[57] Jame: change another posture
[60] Jame: I will check the photo you took for me.
[60] Jame: hahaha take it again
[60] Emily: photoed by me
[60] Finn: sorry I'm not so good at
[60] Emily: oh I know what you want

Conversation 1: Emily, Finn, and Jame plan and begin decorating for Christmas. Emily organizes tasks, asks Finn and Jame to clean and help, and manages an item list, discovering they lack a red ribbon but have gold. They decide to decorate the tree with snowflakes and golden/white ribbons, with Finn and Jame cooperating on cleaning and setup. X is asked to provide the item list, move boxes, and help pack and decorate.
[1] Emily: um what's this
[1] Emily: this one let me check
[2] Emily: okay it's right
[2] Emily: this one
[2] Emily: for this one
[3] Emily: okay
[3] Emily: This is a Christmas wreath so cute
[3] Finn: Hey, Emily!
[8] Emily: wow so cute
[8] Jame: Yeah.
[8] Jame: So what are you doing?
[8] Finn: Cleaning.
[8] Jame: Oh.
[8] Finn: okay
[9] Jame: Okay, my pleasure.
[9] Jame: It's been so sunny these days. What did you usually do
[9] Jame: on a nice day like this?
[9] Finn: I usually go on a picnic with my friends.
[14] Emily: let's decorate the Christmas tree
[14] Jame: Okay.
[15] Jame: So many things.
[15] Emily: yes
[15] Emily: here
[16] Emily: dang dang dang
[16] Finn: Wow, the Christmas atmosphere already here.

Conversation 3: A small group plans and decorates a space together, with X assisting by playing energetic music, fetching items, and distributing gifts. Emily often directs the activities, while Finn adds humor and suggests breaks. Jame collaborates on decorations and expresses gratitude for help. The group shares a friendly, cooperative atmosphere while organizing gifts and arranging the table and wall decor.
[27] Emily: and I'll...
[28] Finn: hey I have a very funny joke.
[28] Emily: what
[28] Finn: Why is the doctor so angry?
[28] Emily: why is the doctor so angry let me guess
[30] X: Okay.
[31] Jame: Thank you.
[31] Jame: These decorations and stickers look good together.
[31] Finn: Yes.
[32] Emily: and we still need to decorate the wall and the coffee table
[32] Emily: everyone listen to me
[32] Emily: let's put the ornaments on the table

Conversation 4: The group is decorating for a festive occasion, handling ornaments and admiring the tree. They play the song 'Jingle Bells' and share lighthearted wishes to Santa for items like a microphone and a backpack. The mood is collaborative and celebratory as they finish placing stars on the tree.
[38] Finn: hey X, please bring me over
[38] Finn: the box containing the ornaments.
[38] Emily: okay
[39] Finn: thank you
[39] Finn: okay
[40] Finn: so beautiful
[40] Finn: Oh, I got an idea
[40] Emily: what
[40] Finn: X, please play the song Jingle Bells
[40] X: okay
[42] Finn: I hope Santa Claus gives me
[42] Finn: a microphone so that the party will be more lively
[42] Jame: Hmm, I want the backpack to pack my books.
[42] Emily: so funny
[42] Emily: now let's put the last few stars on the tree

[Step 2] Evaluating semantic answer...
Action: [Answer]
Content: They habitually write notes (in notebooks and on cards), take photos and selfies, and record videos to document their lives.
FINAL ANSWER (from graph):
They habitually write notes (in notebooks and on cards), take photos and selfies, and record videos to document their lives.
Question: How should the ceramic ornament be placed and packed?

[Step 1] Searching the graph...
Parse Query Output:
{
  "query_triple": [null, "placement and packing instructions", "ceramic ornament", 0.1, 0.25, 0.6],
  "spatial_constraint": null,
  "speaker_strict": null,
  "allocation": {
    "k_high_level": 4,
    "k_low_level": 16,
    "k_conversations": 30,
    "total_k": 50,
    "reasoning": "This is a 'how' instructional query likely answered by dialogue or narration. Allocate more to conversations for explicit packing guidance, some low-level edges for specific actions (place, wrap, box), and minimal high-level edges for any general guidelines."
  }
}

Graph Search Results:
**High-Level Information (Character Attributes and Relationships): **

Character Attributes:
- character_1 is: house slippers (100), cropped green pants (100), female (100)
- robot is: camera holder (100)

**Low-Level Information (Actions and Events): **

[16] Emily decorates tree. (living room)
[16] Jame decorates tree. (living room)
[16] Emily decorates together Jame. (living room)
[19] Emily instructs to decorate with snowflake. (living room)
[19] Emily instructs to decorate with ribbon. (living room)
[22] character_1 decorates Christmas tree. (living room)
[22] Emily invites to decorate window. (living room)
[22] character_1 attaches ornament Christmas tree. (living room)
[24] X decorates small Christmas tree. (living room)
[24] X decorates with ribbon. (living room)
[26] X decorates Christmas tree. (living room)
[28] X decorates small Christmas tree. (living room)
[29] X decorates small Christmas tree. (living room)
[33] Jame decorates window near balcony. (living room)
[35] Finn will decorate. (living room)
[39] robot presents open box with ornament. (living room)

**Conversations: **

Conversation 1: Emily, Finn, and Jame plan and begin decorating for Christmas. Emily organizes tasks, asks Finn and Jame to clean and help, and manages an item list, discovering they lack a red ribbon but have gold. They decide to decorate the tree with snowflakes and golden/white ribbons, with Finn and Jame cooperating on cleaning and setup. X is asked to provide the item list, move boxes, and help pack and decorate.
[2] Emily: for this one
[3] Emily: okay
[3] Emily: This is a Christmas wreath so cute
[3] Finn: Hey, Emily!
[3] Emily: oh Finn
[3] Emily: uh could you please clean up the living room
[4] Emily: before decorating
[4] Finn: okay got it I will follow your arrangement.
[4] Finn: What are you doing?
[4] Emily: uh I'm doing the classification
[4] Emily: and this is the decorations that I bought
[5] Emily: look at this
[5] Finn: So cute.
[8] Jame: Sorry, I'm late.
[8] Jame: I bought some fairy lights
[8] Jame: and a Santa Claus doll.
[8] Jame: I show it to you.
[8] Emily: wow so cute
[8] Emily: so Finn um Jame
[8] Emily: Could you please help Finn and do the cleaning
[8] Jame: please help me put these away properly.
[8] Finn: okay
[9] Jame: Okay, my pleasure.
[9] Jame: Yeah, that's so nice. I hope I can go with you next time.
[9] Emily: I hope so
[10] Finn: Hey Emily, have we packed the gifts we prepare
[10] Finn: to exchange this year.
[10] Emily: oh not yet and you need to pack it by yourselves
[10] Finn: Okay.
[11] Finn: okay, I have packed the gifts.
[11] Jame: oh.
[11] Jame: X, please help me pack the gloves and ceramic ornaments.
[11] Jame: Thank you.
[12] Finn: Thank you, X.
[13] Emily: okay I'm already done and
[13] Emily: let's decorate from the Christmas tree
[13] Emily: and X could you please help me move the
[13] Emily: boxes in front of the Christmas tree
[13] Jame: okay
[14] Emily: thank you
[14] Emily: oh
[14] Emily: let's decorate the Christmas tree
[14] Jame: Okay.
[15] Jame: So many things.
[16] Emily: dang dang dang
[16] Finn: Wow, the Christmas atmosphere already here.
[16] Jame: Red ribbon and green ornaments may go better together.
[16] Emily: and X could you please give me
[16] Emily: the Christmas wreath
[17] Emily: hey Finn could you please help
[17] Emily: help us decorate the Christmas tree
[17] Finn: sure
[17] Finn: well there's no ribbon
[19] Emily: yeah it's also nice
[19] Emily: okay X please
[19] Emily: decorate the tree with the snowflakes and ribbons
[19] Emily: let me check the item list again

Conversation 4: The group is decorating for a festive occasion, handling ornaments and admiring the tree. They play the song 'Jingle Bells' and share lighthearted wishes to Santa for items like a microphone and a backpack. The mood is collaborative and celebratory as they finish placing stars on the tree.
[38] Finn: hey X, please bring me over
[38] Finn: the box containing the ornaments.
[38] Emily: okay
[39] Finn: thank you
[42] Jame: Hmm, I want the backpack to pack my books.
[42] Emily: so funny
[42] Emily: now let's put the last few stars on the tree

Conversation 3: A small group plans and decorates a space together, with X assisting by playing energetic music, fetching items, and distributing gifts. Emily often directs the activities, while Finn adds humor and suggests breaks. Jame collaborates on decorations and expresses gratitude for help. The group shares a friendly, cooperative atmosphere while organizing gifts and arranging the table and wall decor.
[29] Jame: Oh, got it!
[29] Jame: X, please bring the stool to me.
[30] Jame: And also help me choose some suitable decorations to hang up.
[30] X: Okay.
[31] Jame: Thank you.
[31] Jame: These decorations and stickers look good together.
[31] Finn: Yes.
[32] Emily: and we still need to decorate the wall and the coffee table
[32] Emily: everyone listen to me
[32] Emily: let's put the ornaments on the table
[32] Finn: oh no!
[32] Finn: we should take a break
[33] Jame: I also need a break.
[33] Emily: uh okay uh then let's give the gifts to everyone first
[33] Finn: Yeah!
[33] Emily: X please give the gifts from the gift table
[33] Emily: un gift bag
[33] Finn: Yeah, I want this one
[33] Emily: I want this
[34] Finn: so cute
[34] Emily: okay now let's start from the coffee table
[34] Jame: Let's put these gifts on the table.
[34] Finn: Okay
[35] Finn: hmm

Conversation 5: Emily, Finn, Jame, and X share a festive day planning Christmas activities, exchanging gifts, and taking photos. They decide to invite neighbors and friends, document the day, and discuss New Year goals like learning painting and organizing a music party, with Emily helping to organize plans. The group affirms their close bond and appreciation for each other.
[46] Emily: oh oh we still didn't exchange our gifts
[46] Finn: wow
[47] Jame: Please bring the gifts to me.
[47] X: okay
[47] Jame: Thank you.
[52] Emily: okay and we can wear the gloves
[52] Finn: yeah oh
[52] Jame: Yes, we can take photos with our gifts.
[53] Jame: you take the camera?
[53] Jame: wow
[54] Jame: haha
[54] Finn: yeah 3 2 1
[55] Emily: and we can take photos with the Christmas tree
[55] Emily: one by one
[55] Finn: first one

Conversation 2: Emily initiates a plan to decorate a window and coordinates others by asking X for stickers and inviting Finn to collaborate. Finn agrees, indicating a cooperative decorating activity among the group.
[21] X: okay
[21] Emily: great
[21] Emily: then let's decorate the window
[22] Emily: X please give me the stickers
[22] Emily: Finn let's decorate the window together

[Step 2] Evaluating semantic answer...
Action: [Answer]
Content: Jame asked X to help pack the ceramic ornaments, implying they should be carefully placed and packed by X as requested.
FINAL ANSWER (from graph):
Jame asked X to help pack the ceramic ornaments, implying they should be carefully placed and packed by X as requested.
Question: Which box is the wreath in?

[Step 1] Searching the graph...
Parse Query Output:
{
  "query_triple": ["wreath", "is in", "box#?", 0.9, 0.6, 0.2],
  "spatial_constraint": null,
  "speaker_strict": null,
  "allocation": {
    "k_high_level": 2,
    "k_low_level": 42,
    "k_conversations": 6,
    "total_k": 50,
    "reasoning": "Spatial containment query about an object; prioritize low-level edges for specific location/state. Minimal need for high-level edges or conversations."
  }
}

Graph Search Results:
**High-Level Information (Character Attributes and Relationships): **

Character Relationships:
- Emily coordinates with Jame (85)
- Emily coordinates with Finn (85)

**Low-Level Information (Actions and Events): **

[1] item is in box. (living room)
[3] small decoration is from box. (living room)
[3] Emily examines small wreath. (living room)
[3] small wreath is in <Emily>'s hand. (living room)
[4] decoration is on table. (living room)
[5] small ornament is from red gift box. (living room)
[5] wrapping paper is on table. (living room)
[6] gift box is on table. (living room)
[6] item is in box. (living room)
[8] bundle of fairy light is in Jame's hand. (living room)
[10] gift box is on table. (living room)
[12] packaging material is in kraft paper bag. (living room)
[16] ornament is from box. (living room)
[16] ornament is on tree. (living room)
[16] box of ornament is on floor. (living room)
[16] robot takes out small wreath. (living room)
[16] small wreath is from box. (living room)
[17] robot holds small wreath ornament. (living room)
[17] ornament is on tree. (living room)
[18] white ornament is from box. (living room)
[18] white ornament is on tree. (living room)
[20] ornament is on branch. (living room with Christmas tree and TV stand)
[23] ornament is on Christmas tree. (living room)
[23] decoration is from red box. (living room)
[23] ornament is on tree. (living room)
[24] ornament is on small Christmas tree. (living room)
[25] decoration is on glass. (living room)
[25] ornament is from box. (living room)
[25] ribbon is on tree. (living room)
[27] ornament is from box. (living room)
[27] ornament is on Christmas tree. (living room)
[28] ornament is on small Christmas tree. (living room)
[29] ornament is from red box. (living room)
[30] open gift box of ornament is on floor. (living room)
[30] ornament from right box is with item in left box. (living room)
[30] examined ornament is in left box. (living room)
[31] box is in living room. (living room)
[34] gift is on table. (living room)
[39] ornament is on coffee table. (living room)
[39] decoration is on table. (living room)
[51] gift is on table. (living room)
[51] small package is in Jame. (living room)

**Conversations: **

Conversation 4: The group is decorating for a festive occasion, handling ornaments and admiring the tree. They play the song 'Jingle Bells' and share lighthearted wishes to Santa for items like a microphone and a backpack. The mood is collaborative and celebratory as they finish placing stars on the tree.
[38] Finn: hey X, please bring me over
[38] Finn: the box containing the ornaments.
[38] Emily: okay
[39] Finn: thank you

Conversation 1: Emily, Finn, and Jame plan and begin decorating for Christmas. Emily organizes tasks, asks Finn and Jame to clean and help, and manages an item list, discovering they lack a red ribbon but have gold. They decide to decorate the tree with snowflakes and golden/white ribbons, with Finn and Jame cooperating on cleaning and setup. X is asked to provide the item list, move boxes, and help pack and decorate.
[2] Emily: for this one
[3] Emily: okay
[3] Emily: This is a Christmas wreath so cute
[3] Finn: Hey, Emily!
[3] Emily: oh Finn
[11] Finn: okay, I have packed the gifts.
[11] Jame: oh.
[11] Jame: X, please help me pack the gloves and ceramic ornaments.
[11] Jame: Thank you.
[12] Finn: Thank you, X.
[13] Emily: let's decorate from the Christmas tree
[13] Emily: and X could you please help me move the
[13] Emily: boxes in front of the Christmas tree
[13] Jame: okay
[14] Emily: thank you
[16] Emily: dang dang dang
[16] Finn: Wow, the Christmas atmosphere already here.
[16] Jame: Red ribbon and green ornaments may go better together.
[16] Emily: and X could you please give me
[16] Emily: the Christmas wreath
[17] Emily: hey Finn could you please help
[17] Emily: help us decorate the Christmas tree

[Step 2] Evaluating semantic answer...
Action: [Answer]
Content: The wreath is in the box on the floor in the living room.
FINAL ANSWER (from graph):
The wreath is in the box on the floor in the living room.
Question: Which color notebook should I bring to Emily?"

[Step 1] Searching the graph...
Parse Query Output:
{
  "query_triple": ["<Emily>", "prefers", "notebook#color:?", 0.9, 0.3, 0.2],
  "spatial_constraint": null,
  "speaker_strict": null,
  "allocation": {
    "k_high_level": 8,
    "k_low_level": 12,
    "k_conversations": 30,
    "total_k": 50,
    "reasoning": "Preference/recommendation query about Emily’s favored notebook color. Use high-level edges for traits/preferences, conversations for explicit mentions or requests, and some low-level edges for scenes showing Emily choosing or using a specific color notebook."
  }
}

Graph Search Results:
**High-Level Information (Character Attributes and Relationships): **

Character Attributes:
- Emily is: wears glasses (100), female (100), tall (100), slim (100), white sneakers (100)

Character Relationships:
- Emily relies on X (80)
- Emily delegates tasks to X (85)
- Finn trusts Emily (85)

**Low-Level Information (Actions and Events): **

[9] Emily bends over notebook. (living room)
[9] Emily writes in open notebook. (living room)
[21] Emily suggests decorating the window next. (living room)
[23] Emily works with paper. (living room)
[33] Emily selects green booklet. (living room)
[34] Emily holds green notebook. (living room)
[34] Emily sets Emily's notebook. (living room)
[44] Emily has notebook. (living room)
[44] Emily opens Emily's notebook. (living room)
[45] Emily holds notebook. (living room)
[50] Emily suggests plan. (living room)
[55] Emily suggests taking photo by Christmas tree. (living room)

**Conversations: **

Conversation 3: A small group plans and decorates a space together, with X assisting by playing energetic music, fetching items, and distributing gifts. Emily often directs the activities, while Finn adds humor and suggests breaks. Jame collaborates on decorations and expresses gratitude for help. The group shares a friendly, cooperative atmosphere while organizing gifts and arranging the table and wall decor.
[27] Emily: and I'll...
[28] Finn: hey I have a very funny joke.
[28] Emily: what
[28] Finn: Why is the doctor so angry?
[28] Emily: why is the doctor so angry let me guess
[28] Emily: I don't know
[28] Finn: Think, just think
[28] Finn: Jame
[33] Emily: un gift bag
[33] Finn: Yeah, I want this one
[33] Emily: I want this
[34] Jame: X, choose a gift for me.
[34] Jame: Wow, a green cup.

Conversation 4: The group is decorating for a festive occasion, handling ornaments and admiring the tree. They play the song 'Jingle Bells' and share lighthearted wishes to Santa for items like a microphone and a backpack. The mood is collaborative and celebratory as they finish placing stars on the tree.
[38] Finn: hey X, please bring me over
[38] Finn: the box containing the ornaments.
[38] Emily: okay
[39] Finn: thank you
[39] Finn: okay
[40] Finn: so beautiful
[40] Finn: Oh, I got an idea
[40] Emily: what
[40] Finn: X, please play the song Jingle Bells
[40] X: okay

Conversation 1: Emily, Finn, and Jame plan and begin decorating for Christmas. Emily organizes tasks, asks Finn and Jame to clean and help, and manages an item list, discovering they lack a red ribbon but have gold. They decide to decorate the tree with snowflakes and golden/white ribbons, with Finn and Jame cooperating on cleaning and setup. X is asked to provide the item list, move boxes, and help pack and decorate.
[1] Emily: um what's this
[1] Emily: this one let me check
[2] Emily: okay it's right
[2] Emily: this one
[2] Emily: for this one
[3] Emily: okay
[3] Emily: This is a Christmas wreath so cute
[3] Finn: Hey, Emily!
[3] Emily: oh Finn
[3] Emily: uh could you please clean up the living room
[4] Emily: before decorating
[4] Finn: okay got it I will follow your arrangement.
[4] Finn: What are you doing?
[4] Emily: uh I'm doing the classification
[4] Emily: and this is the decorations that I bought
[5] Emily: look at this
[5] Finn: So cute.
[5] Emily: yeah I think so
[7] Finn: It should be soon.
[7] Finn: He has been out for an hour already.
[7] Emily: Okay.
[7] Jame: Emily, Finn, I'm back.
[8] Finn: Hi.
[13] Jame: okay
[14] Emily: thank you
[14] Emily: oh
[14] Emily: let's decorate the Christmas tree
[14] Jame: Okay.
[15] Jame: So many things.
[15] Emily: yes
[15] Emily: here
[16] Emily: dang dang dang
[16] Finn: Wow, the Christmas atmosphere already here.
[17] Finn: sure
[17] Finn: well there's no ribbon
[17] Emily: I'm not sure if there is a red ribbon
[17] Emily: X please give me the item list
[18] Emily: X, please give me the item list.
[18] X: okay.
[18] Emily: thank you.
[18] Emily: let me check.
[18] Emily: oh I forgot to buy it.
[18] Emily: there is only a golden ribbon.
[18] Finn: Maybe white and gold would go better together.

Conversation 5: Emily, Finn, Jame, and X share a festive day planning Christmas activities, exchanging gifts, and taking photos. They decide to invite neighbors and friends, document the day, and discuss New Year goals like learning painting and organizing a music party, with Emily helping to organize plans. The group affirms their close bond and appreciation for each other.
[45] Jame: And I will sing a song for you tomorrow.
[45] Emily: wow
[45] Emily: what which song
[45] Jame: Keep it a secret.
[45] Jame: Today is such a funny and fulfilling day,
[46] Jame: Smile.
[46] Jame: Okay.
[46] Emily: let me see
[46] Finn: let me have let me see
[46] Emily: oh oh we still didn't exchange our gifts
[47] Finn: Thank you for your gifts
[47] Jame: I'll send to you.
[47] Emily: this pen is for you Jame
[47] Jame: Thank you, Emily.
[47] Emily: do you like it
[47] Jame: Yes, I will use it next time on my
[48] Jame: homework.
[48] Emily: I like it
[48] Finn: and this is for you
[48] Emily: oh
[48] Finn: this glass
[48] Finn: I wish you drink more water
[55] Emily: and change another gesture
[56] Finn: you can change your pose
[56] Emily: okay
[56] Emily: next one
[56] All: hahaha
[58] Jame: change
[59] Jame: next
[59] Emily: hmm
[59] Jame: don't be so serious
[59] Jame: okay

Conversation 2: Emily initiates a plan to decorate a window and coordinates others by asking X for stickers and inviting Finn to collaborate. Finn agrees, indicating a cooperative decorating activity among the group.
[21] X: okay
[21] Emily: great
[21] Emily: then let's decorate the window
[22] Emily: X please give me the stickers
[22] Emily: Finn let's decorate the window together
[22] Finn: Okay.

[Step 2] Evaluating semantic answer...
Action: [Answer]
Content: A green notebook.
FINAL ANSWER (from graph):
A green notebook.
Question: What decorations are preferred to choose?

[Step 1] Searching the graph...
Parse Query Output:
{
  "query_triple": [null, "preferred decorations", "?", 0.2, 0.25, 0.15],
  "spatial_constraint": null,
  "speaker_strict": null,
  "allocation": {
    "k_high_level": 6,
    "k_low_level": 24,
    "k_conversations": 20,
    "total_k": 50,
    "reasoning": "Vague preference query; use some high-level edges for general tastes, low-level for scenes showing choices of decorations, and conversations to capture explicit statements of preference."
  }
}

Graph Search Results:
**High-Level Information (Character Attributes and Relationships): **

Character Attributes:
- character_1 is: female (100), slim (100), long straight dark hair (100), light striped robe or long shirt (100), cropped green pants (100), house slippers (100)

**Low-Level Information (Actions and Events): **

[3] Emily continues sorting decoration. (living room)
[3] Emily holds decoration. (living room)
[4] Emily continues sorting decoration. (living room)
[4] decoration is on table. (living room)
[14] Emily holds decoration. (living room)
[14] Emily starts sorting decoration. (living room)
[14] Jame starts sorting decoration. (living room)
[16] Jame adjusts decoration. (living room)
[17] Jame prepares decoration. (living room)
[20] robot views overall decoration. (living room with Christmas tree and TV stand)
[23] X picks decoration. (living room)
[23] decoration is from red box. (living room)
[25] Emily sticks decoration. (living room)
[25] decoration is on glass. (living room)
[27] Finn sticks onto decoration. (living room)
[27] decoration is onto window. (living room)
[31] Jame comments on decoration. (living room)
[35] Finn takes decoration. (living room)
[35] decoration is from red-and-white box. (living room)
[35] Finn holds decoration. (living room)
[39] Emily glances at decoration. (living room)
[39] Finn works with decoration. (living room)
[39] decoration is on table. (living room)
[53] Jame holds decoration. (living room)

**Conversations: **

Conversation 3: A small group plans and decorates a space together, with X assisting by playing energetic music, fetching items, and distributing gifts. Emily often directs the activities, while Finn adds humor and suggests breaks. Jame collaborates on decorations and expresses gratitude for help. The group shares a friendly, cooperative atmosphere while organizing gifts and arranging the table and wall decor.
[29] Jame: Oh, got it!
[29] Jame: X, please bring the stool to me.
[30] Jame: And also help me choose some suitable decorations to hang up.
[30] X: Okay.
[31] Jame: Thank you.
[31] Jame: These decorations and stickers look good together.
[31] Finn: Yes.
[32] Emily: and we still need to decorate the wall and the coffee table
[32] Emily: everyone listen to me
[32] Emily: let's put the ornaments on the table
[32] Finn: oh no!
[32] Finn: we should take a break
[33] Finn: Yeah, I want this one
[33] Emily: I want this
[34] Jame: X, choose a gift for me.
[34] Jame: Wow, a green cup.
[34] Jame: I really like it. Thank you. Here's a dog.
[35] Finn: hmm
[35] Finn: okay
[35] Finn: Let me decorate the wall behind us 
[35] Finn: Let me decorate the wall behind us

Conversation 1: Emily, Finn, and Jame plan and begin decorating for Christmas. Emily organizes tasks, asks Finn and Jame to clean and help, and manages an item list, discovering they lack a red ribbon but have gold. They decide to decorate the tree with snowflakes and golden/white ribbons, with Finn and Jame cooperating on cleaning and setup. X is asked to provide the item list, move boxes, and help pack and decorate.
[2] Emily: for this one
[3] Emily: okay
[3] Emily: This is a Christmas wreath so cute
[3] Finn: Hey, Emily!
[3] Emily: oh Finn
[3] Emily: uh could you please clean up the living room
[4] Emily: before decorating
[4] Finn: okay got it I will follow your arrangement.
[4] Finn: What are you doing?
[4] Emily: uh I'm doing the classification
[4] Emily: and this is the decorations that I bought
[5] Emily: look at this
[5] Finn: So cute.
[12] Finn: Thank you, X.
[13] Emily: okay I'm already done and
[13] Emily: let's decorate from the Christmas tree
[13] Emily: and X could you please help me move the
[13] Emily: boxes in front of the Christmas tree
[13] Jame: okay
[14] Emily: thank you
[14] Emily: oh
[14] Emily: let's decorate the Christmas tree
[14] Jame: Okay.
[15] Jame: So many things.
[16] Emily: dang dang dang
[16] Finn: Wow, the Christmas atmosphere already here.
[16] Jame: Red ribbon and green ornaments may go better together.
[16] Emily: and X could you please give me
[16] Emily: the Christmas wreath
[17] Emily: hey Finn could you please help
[17] Emily: help us decorate the Christmas tree
[17] Finn: sure
[17] Finn: well there's no ribbon
[18] Emily: oh I forgot to buy it.
[18] Emily: there is only a golden ribbon.
[18] Finn: Maybe white and gold would go better together.
[18] Finn: Look.
[19] Emily: yeah it's also nice
[19] Emily: okay X please
[19] Emily: decorate the tree with the snowflakes and ribbons
[19] Emily: let me check the item list again

Conversation 2: Emily initiates a plan to decorate a window and coordinates others by asking X for stickers and inviting Finn to collaborate. Finn agrees, indicating a cooperative decorating activity among the group.
[21] X: okay
[21] Emily: great
[21] Emily: then let's decorate the window
[22] Emily: X please give me the stickers
[22] Emily: Finn let's decorate the window together
[22] Finn: Okay.

[Step 2] Evaluating semantic answer...
Action: [Answer]
Content: Red ribbon with green ornaments, or alternatively white and gold ribbons with snowflakes.
FINAL ANSWER (from graph):
Red ribbon with green ornaments, or alternatively white and gold ribbons with snowflakes.
Question: Which box should be brought over?

[Step 1] Searching the graph...
Parse Query Output:
{
  "query_triple": [null, "should bring over", "box", 0.1, 0.3, 0.6],
  "spatial_constraint": null,
  "speaker_strict": null,
  "allocation": {
    "k_high_level": 5,
    "k_low_level": 30,
    "k_conversations": 15,
    "total_k": 50,
    "reasoning": "The query asks which specific box is designated to be brought over; likely determined by actions or instructions. Prioritize low-level edges to find mentions of bringing/carrying a box, and use some conversations to capture directives like 'bring the blue box.' Minimal high-level edges since traits/relationships are not central."
  }
}

Graph Search Results:
**High-Level Information (Character Attributes and Relationships): **

Character Attributes:
- X is: medium build (100), female (100)
- character_1 is: slim (100), female (100)
- robot is: black gloves (100)

**Low-Level Information (Actions and Events): **

[1] character_1 opens red holiday-themed box. (living room)
[2] Emily stacks box. (living room)
[5] item is inside red gift box. (living room)
[7] Emily opens gift box on table. (living room)
[7] Jame holds package. (living room)
[11] Finn packs into green box on table. (living room)
[12] robot sets red glove. (living room)
[13] Emily opens drawer. (living room)
[14] Jame opens box. (living room)
[15] Emily opens green box. (living room)
[15] Emily says here. (living room)
[16] Emily asks item. (living room)
[20] robot centers ornament. (living room with Christmas tree and TV stand)
[23] Finn opens paper. (living room)
[25] Emily sticks decoration. (living room)
[25] X opens red storage box. (living room)
[27] X opens red ornament box. (living room)
[29] X sticks something. (living room)
[29] Finn asks X. (living room)
[33] robot opens black bag. (living room)
[35] Finn opens red-and-white box. (living room)
[36] Jame opens packaging. (living room)
[39] Finn sets ornament. (living room)
[39] Finn sets small tool. (living room)
[45] Jame asks to keep it a secret. (living room)
[47] Jame asks other. (living room)
[47] Jame opens small box. (living room)
[48] Jame opens box. (living room)
[55] Emily asks change to another gesture. (living room)
[55] Jame forms arm heart. (living room)

**Conversations: **

Conversation 1: Emily, Finn, and Jame plan and begin decorating for Christmas. Emily organizes tasks, asks Finn and Jame to clean and help, and manages an item list, discovering they lack a red ribbon but have gold. They decide to decorate the tree with snowflakes and golden/white ribbons, with Finn and Jame cooperating on cleaning and setup. X is asked to provide the item list, move boxes, and help pack and decorate.
[8] Emily: so Finn um Jame
[8] Emily: Could you please help Finn and do the cleaning
[8] Jame: please help me put these away properly.
[8] Finn: okay
[9] Jame: Okay, my pleasure.
[10] Finn: Hey Emily, have we packed the gifts we prepare
[10] Finn: to exchange this year.
[10] Emily: oh not yet and you need to pack it by yourselves
[10] Finn: Okay.
[11] Finn: okay, I have packed the gifts.
[11] Jame: oh.
[11] Jame: X, please help me pack the gloves and ceramic ornaments.
[11] Jame: Thank you.
[12] Finn: Thank you, X.
[13] Emily: okay I'm already done and
[13] Emily: let's decorate from the Christmas tree
[13] Emily: and X could you please help me move the
[13] Emily: boxes in front of the Christmas tree
[13] Jame: okay
[14] Emily: thank you
[17] Emily: I'm not sure if there is a red ribbon
[17] Emily: X please give me the item list
[18] Emily: X, please give me the item list.
[18] X: okay.
[18] Emily: thank you.

Conversation 4: The group is decorating for a festive occasion, handling ornaments and admiring the tree. They play the song 'Jingle Bells' and share lighthearted wishes to Santa for items like a microphone and a backpack. The mood is collaborative and celebratory as they finish placing stars on the tree.
[38] Finn: hey X, please bring me over
[38] Finn: the box containing the ornaments.
[38] Emily: okay
[39] Finn: thank you

Conversation 3: A small group plans and decorates a space together, with X assisting by playing energetic music, fetching items, and distributing gifts. Emily often directs the activities, while Finn adds humor and suggests breaks. Jame collaborates on decorations and expresses gratitude for help. The group shares a friendly, cooperative atmosphere while organizing gifts and arranging the table and wall decor.
[29] Jame: Patients.
[29] Jame: Oh, got it!
[29] Jame: X, please bring the stool to me.
[30] Jame: And also help me choose some suitable decorations to hang up.
[30] X: Okay.
[32] Emily: and we still need to decorate the wall and the coffee table
[32] Emily: everyone listen to me
[32] Emily: let's put the ornaments on the table
[32] Finn: oh no!
[32] Finn: we should take a break
[33] Emily: uh okay uh then let's give the gifts to everyone first
[33] Finn: Yeah!
[33] Emily: X please give the gifts from the gift table
[33] Emily: un gift bag
[33] Finn: Yeah, I want this one
[33] Emily: I want this
[34] Jame: X, choose a gift for me.
[34] Jame: Wow, a green cup.
[34] Jame: I really like it. Thank you. Here's a dog.
[34] Finn: so cute
[34] Emily: okay now let's start from the coffee table
[34] Jame: Let's put these gifts on the table.
[34] Finn: Okay
[35] Finn: hmm

Conversation 5: Emily, Finn, Jame, and X share a festive day planning Christmas activities, exchanging gifts, and taking photos. They decide to invite neighbors and friends, document the day, and discuss New Year goals like learning painting and organizing a music party, with Emily helping to organize plans. The group affirms their close bond and appreciation for each other.
[46] Emily: oh oh we still didn't exchange our gifts
[46] Finn: wow
[47] Jame: Please bring the gifts to me.
[47] X: okay
[47] Jame: Thank you.

[Step 2] Evaluating semantic answer...
Action: [Answer]
Content: The box containing the ornaments.
FINAL ANSWER (from graph):
The box containing the ornaments.
Question: Who put the rag by the red box?

[Step 1] Searching the graph...
Parse Query Output:
{
  "query_triple": [null, "puts", "rag", 0.1, 0.35, 0.6],
  "spatial_constraint": "by the red box",
  "speaker_strict": null,
  "allocation": {
    "k_high_level": 5,
    "k_low_level": 40,
    "k_conversations": 5,
    "total_k": 50,
    "reasoning": "Action and spatial query focused on identifying the actor who placed the rag near a specific object; prioritize low-level edges for actions and location context, minimal high-level and conversations."
  }
}

Graph Search Results:
**High-Level Information (Character Attributes and Relationships): **

Character Attributes:
- X is: blue jeans (100), female (100)
- character_1 is: female (100), light striped robe or long shirt (100), slim (100)

**Low-Level Information (Actions and Events): **

[1] character_1 faces coffee table. (living room)
[1] character_1 sorts small object. (living room)
[2] Emily stacks box. (living room)
[2] Emily sorts item. (living room)
[6] Finn tidies item. (living room)
[7] Jame holds package. (living room)
[12] Jame writes note. (living room)
[13] Finn holds box. (living room)
[15] Emily says here. (living room)
[16] Emily asks item. (living room)
[18] Emily checks item. (living room)
[18] Emily checks box. (living room)
[22] character_1 uses item. (living room)
[23] Emily handles sheet. (living room)
[23] Emily faces window. (living room)
[23] Finn writes paper. (living room)
[24] Emily faces window. (living room)
[24] X picks something. (living room)
[25] Emily faces window. (living room)
[25] Emily handles paper. (living room)
[25] Finn sorts paper. (living room)
[26] Emily faces window. (living room)
[28] Emily holds cup. (living room)
[29] Finn reviews paper. (living room)
[29] Emily reviews paper. (living room)
[29] X sticks something. (living room)
[29] Finn asks X. (living room)
[29] X agrees to request. (living room)
[32] Jame faces window. (living room)
[33] Jame faces others. (living room)
[35] Finn handles paper. (living room)
[37] Jame reads notebook. (living room)
[42] Jame faces table. (living room)
[46] Finn reviews picture. (living room)
[47] Jame asks other. (living room)
[48] Jame passes container. (living room)
[50] Finn faces couch. (living room)
[53] Jame cuts ribbon. (living room)
[53] Finn raises phone. (living room)
[57] Jame raises phone. (living room)

**Conversations: **

Conversation 5: Emily, Finn, Jame, and X share a festive day planning Christmas activities, exchanging gifts, and taking photos. They decide to invite neighbors and friends, document the day, and discuss New Year goals like learning painting and organizing a music party, with Emily helping to organize plans. The group affirms their close bond and appreciation for each other.
[44] Emily: oh X who put this rag here
[44] Finn: it's Jame
[44] Jame: Oh!

Conversation 4: The group is decorating for a festive occasion, handling ornaments and admiring the tree. They play the song 'Jingle Bells' and share lighthearted wishes to Santa for items like a microphone and a backpack. The mood is collaborative and celebratory as they finish placing stars on the tree.
[38] Finn: hey X, please bring me over
[38] Finn: the box containing the ornaments.
[38] Emily: okay
[39] Finn: thank you

Conversation 1: Emily, Finn, and Jame plan and begin decorating for Christmas. Emily organizes tasks, asks Finn and Jame to clean and help, and manages an item list, discovering they lack a red ribbon but have gold. They decide to decorate the tree with snowflakes and golden/white ribbons, with Finn and Jame cooperating on cleaning and setup. X is asked to provide the item list, move boxes, and help pack and decorate.
[8] Emily: so Finn um Jame
[8] Emily: Could you please help Finn and do the cleaning
[8] Jame: please help me put these away properly.
[8] Finn: okay
[9] Jame: Okay, my pleasure.
[13] Emily: let's decorate from the Christmas tree
[13] Emily: and X could you please help me move the
[13] Emily: boxes in front of the Christmas tree
[13] Jame: okay
[14] Emily: thank you
[17] Finn: sure
[17] Finn: well there's no ribbon
[17] Emily: I'm not sure if there is a red ribbon
[17] Emily: X please give me the item list
[18] Emily: X, please give me the item list.

[Step 2] Evaluating semantic answer...
Action: [Answer]
Content: Jame put the rag by the red box.
FINAL ANSWER (from graph):
Jame put the rag by the red box.
Question: What colour does Jame like?

[Step 1] Searching the graph...
Parse Query Output:
{
  "query_triple": ["<Jame>", "likes", "colour", 0.9, 0.5, 0.3],
  "spatial_constraint": null,
  "speaker_strict": null,
  "allocation": {
    "k_high_level": 8,
    "k_low_level": 12,
    "k_conversations": 30,
    "total_k": 50,
    "reasoning": "Preference/why-style query; use conversations to find explicit statements of likes, some high-level edges for traits/preferences, and a small amount of low-level edges for any actions indicating color preference."
  }
}

Graph Search Results:
**High-Level Information (Character Attributes and Relationships): **

Character Attributes:
- Jame is: friendly (95), female (100), wears glasses (100), blue jeans (100)

Character Relationships:
- Emily close friends with Jame (85)
- Finn trusts Jame (85)
- Finn close friends with Jame (80)
- Emily coordinates with Jame (85)

**Low-Level Information (Actions and Events): **

[12] Jame writes note. (living room)
[15] Jame adds ornament. (living room)
[15] Jame faces tree. (living room)
[17] Jame takes ornament. (living room)
[18] Jame faces tree. (living room)
[31] Jame comments on decoration. (living room)
[31] Jame faces living room. (living room)
[32] Jame faces window. (living room)
[42] Jame faces table. (living room)
[46] Jame takes photo. (living room)
[48] Jame comments it is lovely. (living room)
[57] Jame takes photo. (living room)

**Conversations: **

Conversation 5: Emily, Finn, Jame, and X share a festive day planning Christmas activities, exchanging gifts, and taking photos. They decide to invite neighbors and friends, document the day, and discuss New Year goals like learning painting and organizing a music party, with Emily helping to organize plans. The group affirms their close bond and appreciation for each other.
[44] Emily: oh X who put this rag here
[44] Finn: it's Jame
[44] Jame: Oh!
[44] Jame: Sorry about that.
[44] Finn: Don't feel sorry
[46] Jame: 1, 2, 3...
[46] Emily: yeah
[46] Jame: Smile.
[46] Jame: Okay.
[46] Emily: let me see
[46] Finn: let me have let me see
[48] Finn: and this is for you, Jame
[48] Finn: keep warm
[48] Jame: so lovely
[49] Finn: haha
[49] Finn: where is my gift
[49] Jame: Oh.
[49] Jame: This is a gift for you.
[49] Finn: thanks
[50] Emily: oh don't be so sentimental
[50] Emily: and let's organize our plan for the New Year
[50] Jame: oh
[50] Jame: um to
[50] Jame: learn a new skill next year, such as painting.
[52] Jame: I think we can take more photos because the photos
[52] Jame: we just took is
[52] Jame: hmm so
[52] Emily: okay and we can wear the gloves
[52] Finn: yeah oh
[52] Jame: Yes, we can take photos with our gifts.
[53] Jame: you take the camera?
[53] Jame: wow
[53] Jame: the scene outside is really beautiful
[53] Jame: We can
[54] Jame: And we can also take this as background.
[54] Finn: this Christmas tree is so cute
[54] Jame: haha
[54] Finn: yeah 3 2 1
[55] Emily: and we can take photos with the Christmas tree
[56] Emily: next one
[56] All: hahaha
[56] Jame: 1 2
[56] Jame: 3
[56] Jame: ah this
[57] Finn: you are good at taking photos
[57] Jame: Of course.
[57] Jame: change another posture
[57] Jame: hahaha
[57] Jame: it's like a business woman
[57] All: hahahaha
[58] Finn: yeah, show time
[58] Jame: it's like industrial line
[58] Jame: change
[59] Jame: next
[59] Emily: hmm
[59] Jame: don't be so serious
[59] Jame: okay
[59] Jame: remove your face from the light
[59] Jame: because the light on your face
[60] Emily: oh I know what you want
[60] Emily: yeah let's take photo again
[61] Jame: um
[61] Jame: is it okay?
[61] Emily: yeah and you can check it

Conversation 4: The group is decorating for a festive occasion, handling ornaments and admiring the tree. They play the song 'Jingle Bells' and share lighthearted wishes to Santa for items like a microphone and a backpack. The mood is collaborative and celebratory as they finish placing stars on the tree.
[39] Finn: thank you
[39] Finn: okay
[39] Jame: oh nice
[40] Jame: oh
[40] Emily: wow
[40] Emily: wow so beautiful

Conversation 1: Emily, Finn, and Jame plan and begin decorating for Christmas. Emily organizes tasks, asks Finn and Jame to clean and help, and manages an item list, discovering they lack a red ribbon but have gold. They decide to decorate the tree with snowflakes and golden/white ribbons, with Finn and Jame cooperating on cleaning and setup. X is asked to provide the item list, move boxes, and help pack and decorate.
[8] Jame: I show it to you.
[8] Emily: wow so cute
[8] Jame: Yeah.
[8] Jame: So what are you doing?
[8] Finn: Cleaning.
[8] Jame: Oh.
[8] Emily: so Finn um Jame
[8] Emily: Could you please help Finn and do the cleaning
[9] Jame: Okay, my pleasure.
[9] Jame: It's been so sunny these days. What did you usually do
[9] Jame: on a nice day like this?
[9] Finn: I usually go on a picnic with my friends.
[9] Jame: Yeah, that's so nice. I hope I can go with you next time.
[10] Finn: Okay.
[11] Finn: okay, I have packed the gifts.
[11] Jame: oh.
[11] Jame: X, please help me pack the gloves and ceramic ornaments.
[11] Jame: Thank you.
[12] Finn: Thank you, X.
[13] Emily: okay I'm already done and
[13] Emily: and X could you please help me move the
[13] Emily: boxes in front of the Christmas tree
[13] Jame: okay
[14] Emily: thank you
[14] Emily: oh
[14] Emily: let's decorate the Christmas tree
[14] Jame: Okay.
[15] Jame: So many things.
[15] Emily: yes
[16] Emily: dang dang dang
[16] Finn: Wow, the Christmas atmosphere already here.
[16] Jame: Red ribbon and green ornaments may go better together.
[16] Emily: and X could you please give me
[16] Emily: the Christmas wreath

Conversation 3: A small group plans and decorates a space together, with X assisting by playing energetic music, fetching items, and distributing gifts. Emily often directs the activities, while Finn adds humor and suggests breaks. Jame collaborates on decorations and expresses gratitude for help. The group shares a friendly, cooperative atmosphere while organizing gifts and arranging the table and wall decor.
[33] Emily: I want this
[34] Jame: X, choose a gift for me.
[34] Jame: Wow, a green cup.
[34] Jame: I really like it. Thank you. Here's a dog.
[34] Emily: yeah so cute

[Step 2] Evaluating semantic answer...
Action: [Answer]
Content: Green.
FINAL ANSWER (from graph):
Green.
✓ Updated results.json for living_room_10 (12 questions)
✓ Cleaned up video and frames for living_room_10

============================================================
Processing video: study_16
============================================================
Downloading 1 video(s) to data/videos...

Downloading study_16.mp4...
✓ Successfully downloaded study_16.mp4 to data/videos/study_16.mp4

============================================================
Download Summary:
  Successful: 1/1
============================================================

============================================================
[1/1] Processing: study_16
============================================================
Video: data/videos/study_16.mp4
Subtitles: data/subtitles/robot/study_16.srt
Output: data/frames/study_16
============================================================

Parsing subtitle file: data/subtitles/robot/study_16.srt
Found 431 subtitle entries
Video: 1280x720, 30.00 FPS, 75811 frames, 2527.03s duration

Extracting frames with subtitles...
Grouping frames into folders of 30 frames each
  Saved 10 frames (up to 9s, folder 1)
  Saved 20 frames (up to 19s, folder 1)
  Saved 30 frames (up to 29s, folder 1)
  Saved 40 frames (up to 39s, folder 2)
  Saved 50 frames (up to 49s, folder 2)
  Saved 60 frames (up to 59s, folder 2)
  Saved 70 frames (up to 69s, folder 3)
  Saved 80 frames (up to 79s, folder 3)
  Saved 90 frames (up to 89s, folder 3)
  Saved 100 frames (up to 99s, folder 4)
  Saved 110 frames (up to 109s, folder 4)
  Saved 120 frames (up to 119s, folder 4)
  Saved 130 frames (up to 129s, folder 5)
  Saved 140 frames (up to 139s, folder 5)
  Saved 150 frames (up to 149s, folder 5)
  Saved 160 frames (up to 159s, folder 6)
  Saved 170 frames (up to 169s, folder 6)
  Saved 180 frames (up to 179s, folder 6)
  Saved 190 frames (up to 189s, folder 7)
  Saved 200 frames (up to 199s, folder 7)
  Saved 210 frames (up to 209s, folder 7)
  Saved 220 frames (up to 219s, folder 8)
  Saved 230 frames (up to 229s, folder 8)
  Saved 240 frames (up to 239s, folder 8)
  Saved 250 frames (up to 249s, folder 9)
  Saved 260 frames (up to 259s, folder 9)
  Saved 270 frames (up to 269s, folder 9)
  Saved 280 frames (up to 279s, folder 10)
  Saved 290 frames (up to 289s, folder 10)
  Saved 300 frames (up to 299s, folder 10)
  Saved 310 frames (up to 309s, folder 11)
  Saved 320 frames (up to 319s, folder 11)
  Saved 330 frames (up to 329s, folder 11)
  Saved 340 frames (up to 339s, folder 12)
  Saved 350 frames (up to 349s, folder 12)
  Saved 360 frames (up to 359s, folder 12)
  Saved 370 frames (up to 369s, folder 13)
  Saved 380 frames (up to 379s, folder 13)
  Saved 390 frames (up to 389s, folder 13)
  Saved 400 frames (up to 399s, folder 14)
  Saved 410 frames (up to 409s, folder 14)
  Saved 420 frames (up to 419s, folder 14)
  Saved 430 frames (up to 429s, folder 15)
  Saved 440 frames (up to 439s, folder 15)
  Saved 450 frames (up to 449s, folder 15)
  Saved 460 frames (up to 459s, folder 16)
  Saved 470 frames (up to 469s, folder 16)
  Saved 480 frames (up to 479s, folder 16)
  Saved 490 frames (up to 489s, folder 17)
  Saved 500 frames (up to 499s, folder 17)
  Saved 510 frames (up to 509s, folder 17)
  Saved 520 frames (up to 519s, folder 18)
  Saved 530 frames (up to 529s, folder 18)
  Saved 540 frames (up to 539s, folder 18)
  Saved 550 frames (up to 549s, folder 19)
  Saved 560 frames (up to 559s, folder 19)
  Saved 570 frames (up to 569s, folder 19)
  Saved 580 frames (up to 579s, folder 20)
  Saved 590 frames (up to 589s, folder 20)
  Saved 600 frames (up to 599s, folder 20)
  Saved 610 frames (up to 609s, folder 21)
  Saved 620 frames (up to 619s, folder 21)
  Saved 630 frames (up to 629s, folder 21)
  Saved 640 frames (up to 639s, folder 22)
  Saved 650 frames (up to 649s, folder 22)
  Saved 660 frames (up to 659s, folder 22)
  Saved 670 frames (up to 669s, folder 23)
  Saved 680 frames (up to 679s, folder 23)
  Saved 690 frames (up to 689s, folder 23)
  Saved 700 frames (up to 699s, folder 24)
  Saved 710 frames (up to 709s, folder 24)
  Saved 720 frames (up to 719s, folder 24)
  Saved 730 frames (up to 729s, folder 25)
  Saved 740 frames (up to 739s, folder 25)
  Saved 750 frames (up to 749s, folder 25)
  Saved 760 frames (up to 759s, folder 26)
  Saved 770 frames (up to 769s, folder 26)
  Saved 780 frames (up to 779s, folder 26)
  Saved 790 frames (up to 789s, folder 27)
  Saved 800 frames (up to 799s, folder 27)
  Saved 810 frames (up to 809s, folder 27)
  Saved 820 frames (up to 819s, folder 28)
  Saved 830 frames (up to 829s, folder 28)
  Saved 840 frames (up to 839s, folder 28)
  Saved 850 frames (up to 849s, folder 29)
  Saved 860 frames (up to 859s, folder 29)
  Saved 870 frames (up to 869s, folder 29)
  Saved 880 frames (up to 879s, folder 30)
  Saved 890 frames (up to 889s, folder 30)
  Saved 900 frames (up to 899s, folder 30)
  Saved 910 frames (up to 909s, folder 31)
  Saved 920 frames (up to 919s, folder 31)
  Saved 930 frames (up to 929s, folder 31)
  Saved 940 frames (up to 939s, folder 32)
  Saved 950 frames (up to 949s, folder 32)
  Saved 960 frames (up to 959s, folder 32)
  Saved 970 frames (up to 969s, folder 33)
  Saved 980 frames (up to 979s, folder 33)
  Saved 990 frames (up to 989s, folder 33)
  Saved 1000 frames (up to 999s, folder 34)
  Saved 1010 frames (up to 1009s, folder 34)
  Saved 1020 frames (up to 1019s, folder 34)
  Saved 1030 frames (up to 1029s, folder 35)
  Saved 1040 frames (up to 1039s, folder 35)
  Saved 1050 frames (up to 1049s, folder 35)
  Saved 1060 frames (up to 1059s, folder 36)
  Saved 1070 frames (up to 1069s, folder 36)
  Saved 1080 frames (up to 1079s, folder 36)
  Saved 1090 frames (up to 1089s, folder 37)
  Saved 1100 frames (up to 1099s, folder 37)
  Saved 1110 frames (up to 1109s, folder 37)
  Saved 1120 frames (up to 1119s, folder 38)
  Saved 1130 frames (up to 1129s, folder 38)
  Saved 1140 frames (up to 1139s, folder 38)
  Saved 1150 frames (up to 1149s, folder 39)
  Saved 1160 frames (up to 1159s, folder 39)
  Saved 1170 frames (up to 1169s, folder 39)
  Saved 1180 frames (up to 1179s, folder 40)
  Saved 1190 frames (up to 1189s, folder 40)
  Saved 1200 frames (up to 1199s, folder 40)
  Saved 1210 frames (up to 1209s, folder 41)
  Saved 1220 frames (up to 1219s, folder 41)
  Saved 1230 frames (up to 1229s, folder 41)
  Saved 1240 frames (up to 1239s, folder 42)
  Saved 1250 frames (up to 1249s, folder 42)
  Saved 1260 frames (up to 1259s, folder 42)
  Saved 1270 frames (up to 1269s, folder 43)
  Saved 1280 frames (up to 1279s, folder 43)
  Saved 1290 frames (up to 1289s, folder 43)
  Saved 1300 frames (up to 1299s, folder 44)
  Saved 1310 frames (up to 1309s, folder 44)
  Saved 1320 frames (up to 1319s, folder 44)
  Saved 1330 frames (up to 1329s, folder 45)
  Saved 1340 frames (up to 1339s, folder 45)
  Saved 1350 frames (up to 1349s, folder 45)
  Saved 1360 frames (up to 1359s, folder 46)
  Saved 1370 frames (up to 1369s, folder 46)
  Saved 1380 frames (up to 1379s, folder 46)
  Saved 1390 frames (up to 1389s, folder 47)
  Saved 1400 frames (up to 1399s, folder 47)
  Saved 1410 frames (up to 1409s, folder 47)
  Saved 1420 frames (up to 1419s, folder 48)
  Saved 1430 frames (up to 1429s, folder 48)
  Saved 1440 frames (up to 1439s, folder 48)
  Saved 1450 frames (up to 1449s, folder 49)
  Saved 1460 frames (up to 1459s, folder 49)
  Saved 1470 frames (up to 1469s, folder 49)
  Saved 1480 frames (up to 1479s, folder 50)
  Saved 1490 frames (up to 1489s, folder 50)
  Saved 1500 frames (up to 1499s, folder 50)
  Saved 1510 frames (up to 1509s, folder 51)
  Saved 1520 frames (up to 1519s, folder 51)
  Saved 1530 frames (up to 1529s, folder 51)
  Saved 1540 frames (up to 1539s, folder 52)
  Saved 1550 frames (up to 1549s, folder 52)
  Saved 1560 frames (up to 1559s, folder 52)
  Saved 1570 frames (up to 1569s, folder 53)
  Saved 1580 frames (up to 1579s, folder 53)
  Saved 1590 frames (up to 1589s, folder 53)
  Saved 1600 frames (up to 1599s, folder 54)
  Saved 1610 frames (up to 1609s, folder 54)
  Saved 1620 frames (up to 1619s, folder 54)
  Saved 1630 frames (up to 1629s, folder 55)
  Saved 1640 frames (up to 1639s, folder 55)
  Saved 1650 frames (up to 1649s, folder 55)
  Saved 1660 frames (up to 1659s, folder 56)
  Saved 1670 frames (up to 1669s, folder 56)
  Saved 1680 frames (up to 1679s, folder 56)
  Saved 1690 frames (up to 1689s, folder 57)
  Saved 1700 frames (up to 1699s, folder 57)
  Saved 1710 frames (up to 1709s, folder 57)
  Saved 1720 frames (up to 1719s, folder 58)
  Saved 1730 frames (up to 1729s, folder 58)
  Saved 1740 frames (up to 1739s, folder 58)
  Saved 1750 frames (up to 1749s, folder 59)
  Saved 1760 frames (up to 1759s, folder 59)
  Saved 1770 frames (up to 1769s, folder 59)
  Saved 1780 frames (up to 1779s, folder 60)
  Saved 1790 frames (up to 1789s, folder 60)
  Saved 1800 frames (up to 1799s, folder 60)
  Saved 1810 frames (up to 1809s, folder 61)
  Saved 1820 frames (up to 1819s, folder 61)
  Saved 1830 frames (up to 1829s, folder 61)
  Saved 1840 frames (up to 1839s, folder 62)
  Saved 1850 frames (up to 1849s, folder 62)
  Saved 1860 frames (up to 1859s, folder 62)
  Saved 1870 frames (up to 1869s, folder 63)
  Saved 1880 frames (up to 1879s, folder 63)
  Saved 1890 frames (up to 1889s, folder 63)
  Saved 1900 frames (up to 1899s, folder 64)
  Saved 1910 frames (up to 1909s, folder 64)
  Saved 1920 frames (up to 1919s, folder 64)
  Saved 1930 frames (up to 1929s, folder 65)
  Saved 1940 frames (up to 1939s, folder 65)
  Saved 1950 frames (up to 1949s, folder 65)
  Saved 1960 frames (up to 1959s, folder 66)
  Saved 1970 frames (up to 1969s, folder 66)
  Saved 1980 frames (up to 1979s, folder 66)
  Saved 1990 frames (up to 1989s, folder 67)
  Saved 2000 frames (up to 1999s, folder 67)
  Saved 2010 frames (up to 2009s, folder 67)
  Saved 2020 frames (up to 2019s, folder 68)
  Saved 2030 frames (up to 2029s, folder 68)
  Saved 2040 frames (up to 2039s, folder 68)
  Saved 2050 frames (up to 2049s, folder 69)
  Saved 2060 frames (up to 2059s, folder 69)
  Saved 2070 frames (up to 2069s, folder 69)
  Saved 2080 frames (up to 2079s, folder 70)
  Saved 2090 frames (up to 2089s, folder 70)
  Saved 2100 frames (up to 2099s, folder 70)
  Saved 2110 frames (up to 2109s, folder 71)
  Saved 2120 frames (up to 2119s, folder 71)
  Saved 2130 frames (up to 2129s, folder 71)
  Saved 2140 frames (up to 2139s, folder 72)
  Saved 2150 frames (up to 2149s, folder 72)
  Saved 2160 frames (up to 2159s, folder 72)
  Saved 2170 frames (up to 2169s, folder 73)
  Saved 2180 frames (up to 2179s, folder 73)
  Saved 2190 frames (up to 2189s, folder 73)
  Saved 2200 frames (up to 2199s, folder 74)
  Saved 2210 frames (up to 2209s, folder 74)
  Saved 2220 frames (up to 2219s, folder 74)
  Saved 2230 frames (up to 2229s, folder 75)
  Saved 2240 frames (up to 2239s, folder 75)
  Saved 2250 frames (up to 2249s, folder 75)
  Saved 2260 frames (up to 2259s, folder 76)
  Saved 2270 frames (up to 2269s, folder 76)
  Saved 2280 frames (up to 2279s, folder 76)
  Saved 2290 frames (up to 2289s, folder 77)
  Saved 2300 frames (up to 2299s, folder 77)
  Saved 2310 frames (up to 2309s, folder 77)
  Saved 2320 frames (up to 2319s, folder 78)
  Saved 2330 frames (up to 2329s, folder 78)
  Saved 2340 frames (up to 2339s, folder 78)
  Saved 2350 frames (up to 2349s, folder 79)
  Saved 2360 frames (up to 2359s, folder 79)
  Saved 2370 frames (up to 2369s, folder 79)
  Saved 2380 frames (up to 2379s, folder 80)
  Saved 2390 frames (up to 2389s, folder 80)
  Saved 2400 frames (up to 2399s, folder 80)
  Saved 2410 frames (up to 2409s, folder 81)
  Saved 2420 frames (up to 2419s, folder 81)
  Saved 2430 frames (up to 2429s, folder 81)
  Saved 2440 frames (up to 2439s, folder 82)
  Saved 2450 frames (up to 2449s, folder 82)
  Saved 2460 frames (up to 2459s, folder 82)
  Saved 2470 frames (up to 2469s, folder 83)
  Saved 2480 frames (up to 2479s, folder 83)
  Saved 2490 frames (up to 2489s, folder 83)
  Saved 2500 frames (up to 2499s, folder 84)
  Saved 2510 frames (up to 2509s, folder 84)
  Saved 2520 frames (up to 2519s, folder 84)

✓ Extracted 2528 frames to data/frames/study_16

✓ Successfully processed study_16: 2528 frames saved
--------------------------------
Processing folder:  data/frames/study_16/1
Inserted 19 triples into graph for clip 1
--------------------------------
Processing folder:  data/frames/study_16/2
Inserted 9 triples into graph for clip 2
--------------------------------
Processing folder:  data/frames/study_16/3
Inserted 15 triples into graph for clip 3
--------------------------------
Processing folder:  data/frames/study_16/4
Inserted 17 triples into graph for clip 4
--------------------------------
Processing folder:  data/frames/study_16/5
Inserted 35 triples into graph for clip 5
--------------------------------
Processing folder:  data/frames/study_16/6
Inserted 19 triples into graph for clip 6
--------------------------------
Processing folder:  data/frames/study_16/7
Inserted 24 triples into graph for clip 7
--------------------------------
Processing folder:  data/frames/study_16/8
Inserted 25 triples into graph for clip 8
--------------------------------
Processing folder:  data/frames/study_16/9
Inserted 23 triples into graph for clip 9
--------------------------------
Processing folder:  data/frames/study_16/10
Inserted 26 triples into graph for clip 10
--------------------------------
Processing folder:  data/frames/study_16/11
Inserted 28 triples into graph for clip 11
--------------------------------
Processing folder:  data/frames/study_16/12
Inserted 24 triples into graph for clip 12
--------------------------------
Processing folder:  data/frames/study_16/13
Inserted 25 triples into graph for clip 13
--------------------------------
Processing folder:  data/frames/study_16/14
Inserted 19 triples into graph for clip 14
--------------------------------
Processing folder:  data/frames/study_16/15
Inserted 27 triples into graph for clip 15
--------------------------------
Processing folder:  data/frames/study_16/16
Extracting summary for completed conversation 1...
✓ Conversation summary extracted. Attributes: 10, Relationships: 4
Inserted 14 triples into graph for clip 16
--------------------------------
Processing folder:  data/frames/study_16/17
Inserted 28 triples into graph for clip 17
--------------------------------
Processing folder:  data/frames/study_16/18
Inserted 19 triples into graph for clip 18
--------------------------------
Processing folder:  data/frames/study_16/19
Inserted 18 triples into graph for clip 19
--------------------------------
Processing folder:  data/frames/study_16/20
Inserted 38 triples into graph for clip 20
--------------------------------
Processing folder:  data/frames/study_16/21
Inserted 20 triples into graph for clip 21
--------------------------------
Processing folder:  data/frames/study_16/22
Inserted 22 triples into graph for clip 22
--------------------------------
Processing folder:  data/frames/study_16/23
Inserted 30 triples into graph for clip 23
--------------------------------
Processing folder:  data/frames/study_16/24
Inserted 18 triples into graph for clip 24
--------------------------------
Processing folder:  data/frames/study_16/25
Inserted 28 triples into graph for clip 25
--------------------------------
Processing folder:  data/frames/study_16/26
Extracting summary for completed conversation 2...
✓ Conversation summary extracted. Attributes: 8, Relationships: 4
Inserted 0 triples into graph for clip 26
--------------------------------
Processing folder:  data/frames/study_16/27
Inserted 30 triples into graph for clip 27
--------------------------------
Processing folder:  data/frames/study_16/28
Inserted 25 triples into graph for clip 28
--------------------------------
Processing folder:  data/frames/study_16/29
Inserted 19 triples into graph for clip 29
--------------------------------
Processing folder:  data/frames/study_16/30
Inserted 23 triples into graph for clip 30
--------------------------------
Processing folder:  data/frames/study_16/31
Inserted 27 triples into graph for clip 31
--------------------------------
Processing folder:  data/frames/study_16/32
Inserted 20 triples into graph for clip 32
--------------------------------
Processing folder:  data/frames/study_16/33
Inserted 27 triples into graph for clip 33
--------------------------------
Processing folder:  data/frames/study_16/34
Inserted 36 triples into graph for clip 34
--------------------------------
Processing folder:  data/frames/study_16/35
Inserted 25 triples into graph for clip 35
--------------------------------
Processing folder:  data/frames/study_16/36
Extracting summary for completed conversation 3...
✓ Conversation summary extracted. Attributes: 8, Relationships: 4
Inserted 17 triples into graph for clip 36
--------------------------------
Processing folder:  data/frames/study_16/37
Inserted 18 triples into graph for clip 37
--------------------------------
Processing folder:  data/frames/study_16/38
Inserted 18 triples into graph for clip 38
--------------------------------
Processing folder:  data/frames/study_16/39
Inserted 25 triples into graph for clip 39
--------------------------------
Processing folder:  data/frames/study_16/40
Inserted 22 triples into graph for clip 40
--------------------------------
Processing folder:  data/frames/study_16/41
Extracting summary for completed conversation 4...
✓ Conversation summary extracted. Attributes: 5, Relationships: 3
Inserted 15 triples into graph for clip 41
--------------------------------
Processing folder:  data/frames/study_16/42
Inserted 21 triples into graph for clip 42
--------------------------------
Processing folder:  data/frames/study_16/43
Inserted 18 triples into graph for clip 43
--------------------------------
Processing folder:  data/frames/study_16/44
Inserted 24 triples into graph for clip 44
--------------------------------
Processing folder:  data/frames/study_16/45
Inserted 35 triples into graph for clip 45
--------------------------------
Processing folder:  data/frames/study_16/46
Inserted 25 triples into graph for clip 46
--------------------------------
Processing folder:  data/frames/study_16/47
Inserted 22 triples into graph for clip 47
--------------------------------
Processing folder:  data/frames/study_16/48
Inserted 22 triples into graph for clip 48
--------------------------------
Processing folder:  data/frames/study_16/49
Inserted 17 triples into graph for clip 49
--------------------------------
Processing folder:  data/frames/study_16/50
Inserted 21 triples into graph for clip 50
--------------------------------
Processing folder:  data/frames/study_16/51
Inserted 27 triples into graph for clip 51
--------------------------------
Processing folder:  data/frames/study_16/52
Inserted 30 triples into graph for clip 52
--------------------------------
Processing folder:  data/frames/study_16/53
Inserted 21 triples into graph for clip 53
--------------------------------
Processing folder:  data/frames/study_16/54
Inserted 30 triples into graph for clip 54
--------------------------------
Processing folder:  data/frames/study_16/55
Inserted 12 triples into graph for clip 55
--------------------------------
Processing folder:  data/frames/study_16/56
Inserted 19 triples into graph for clip 56
--------------------------------
Processing folder:  data/frames/study_16/57
Inserted 19 triples into graph for clip 57
--------------------------------
Processing folder:  data/frames/study_16/58
Inserted 19 triples into graph for clip 58
--------------------------------
Processing folder:  data/frames/study_16/59
Inserted 19 triples into graph for clip 59
--------------------------------
Processing folder:  data/frames/study_16/60
Extracting summary for completed conversation 5...
✓ Conversation summary extracted. Attributes: 7, Relationships: 4
Inserted 17 triples into graph for clip 60
--------------------------------
Processing folder:  data/frames/study_16/61
Inserted 23 triples into graph for clip 61
--------------------------------
Processing folder:  data/frames/study_16/62
Extracting summary for completed conversation 6...
✓ Conversation summary extracted. Attributes: 5, Relationships: 4
Inserted 26 triples into graph for clip 62
--------------------------------
Processing folder:  data/frames/study_16/63
Inserted 28 triples into graph for clip 63
--------------------------------
Processing folder:  data/frames/study_16/64
Inserted 20 triples into graph for clip 64
--------------------------------
Processing folder:  data/frames/study_16/65
Inserted 26 triples into graph for clip 65
--------------------------------
Processing folder:  data/frames/study_16/66
Extracting summary for completed conversation 7...
✓ Conversation summary extracted. Attributes: 5, Relationships: 4
Inserted 16 triples into graph for clip 66
--------------------------------
Processing folder:  data/frames/study_16/67
Inserted 20 triples into graph for clip 67
--------------------------------
Processing folder:  data/frames/study_16/68
Inserted 22 triples into graph for clip 68
--------------------------------
Processing folder:  data/frames/study_16/69
Inserted 24 triples into graph for clip 69
--------------------------------
Processing folder:  data/frames/study_16/70
Inserted 26 triples into graph for clip 70
--------------------------------
Processing folder:  data/frames/study_16/71
Inserted 12 triples into graph for clip 71
--------------------------------
Processing folder:  data/frames/study_16/72
Inserted 27 triples into graph for clip 72
--------------------------------
Processing folder:  data/frames/study_16/73
Inserted 25 triples into graph for clip 73
--------------------------------
Processing folder:  data/frames/study_16/74
Inserted 13 triples into graph for clip 74
--------------------------------
Processing folder:  data/frames/study_16/75
Inserted 23 triples into graph for clip 75
--------------------------------
Processing folder:  data/frames/study_16/76
Inserted 23 triples into graph for clip 76
--------------------------------
Processing folder:  data/frames/study_16/77
Inserted 14 triples into graph for clip 77
--------------------------------
Processing folder:  data/frames/study_16/78
Inserted 26 triples into graph for clip 78
--------------------------------
Processing folder:  data/frames/study_16/79
Inserted 26 triples into graph for clip 79
--------------------------------
Processing folder:  data/frames/study_16/80
Inserted 19 triples into graph for clip 80
--------------------------------
Processing folder:  data/frames/study_16/81
Inserted 17 triples into graph for clip 81
--------------------------------
Processing folder:  data/frames/study_16/82
Inserted 34 triples into graph for clip 82
--------------------------------
Processing folder:  data/frames/study_16/83
Inserted 43 triples into graph for clip 83
--------------------------------
Processing folder:  data/frames/study_16/84
Inserted 16 triples into graph for clip 84
--------------------------------
Processing folder:  data/frames/study_16/85
Inserted 18 triples into graph for clip 85
Extracting summary for final conversation 8...
✓ Final conversation summary extracted. Attributes: 9, Relationships: 5
Inserting character appearances for 7 characters...
✓ Character appearances inserted: 37 appearance edges created
438 node embeddings inserted (7 characters, 431 objects)
1947 edge embeddings inserted
Generating character attributes...
Number of edges:  1947
Character attributes generated.
Number of edges:  1997
Character relationships generated.
Number of edges:  2053
✓ Graph memory built for study_16
Question: Where did the robot put the eraser?

[Step 1] Searching the graph...
Parse Query Output:
{
  "query_triple": ["<robot>", "puts", "eraser", 0.9, 0.6, 0.8],
  "spatial_constraint": null,
  "speaker_strict": null,
  "allocation": {
    "k_high_level": 5,
    "k_low_level": 40,
    "k_conversations": 5,
    "total_k": 50,
    "reasoning": "Spatial/action query about where an object was placed—prioritize low-level edges to find the placement action and resulting location; minimal high-level for context, minimal conversations as dialogue is unlikely to be primary evidence."
  }
}

Graph Search Results:
**High-Level Information (Character Attributes and Relationships): **

Character Relationships:
- Paul commands robot (85)
- robot assists Chris (85)
- Chris directs requests to robot (80)
- Paul relies on robot (88)
- Chris relies on robot (80)

**Low-Level Information (Actions and Events): **

[4] robot flips through paper. (bedroom)
[4] robot drops paper scrap. (bedroom)
[5] robot picks up small green eraser. (bedroom)
[5] robot carries eraser. (bedroom)
[5] robot prepares to place eraser. (bedroom)
[9] robot takes ruler. (bedroom)
[10] robot picks up large clear triangle ruler. (bedroom)
[10] robot places large clear triangle ruler. (bedroom)
[13] robot takes white rag. (bedroom)
[13] robot places white rag. (bedroom)
[14] robot pulls out white box. (bedroom office)
[15] robot holds glass. (bedroom and living room)
[16] robot carries empty glass. (home living room and kitchen)
[16] robot places glass. (home living room and kitchen)
[16] robot fills glass. (home living room and kitchen)
[21] robot sorts through paper clip. (bedroom office)
[21] robot picks paper clip. (bedroom office)
[21] robot hands paper clip. (bedroom office)
[31] robot opens desk drawer. (bedroom study desk)
[35] robot places camera. (bedroom)
[36] robot shows empty interior of box. (bookshelf)
[36] robot places iPad Pro box. (bookshelf)
[37] robot holds under plastic bag. (bathroom)
[38] robot fills plastic bag. (apartment bedroom and bathroom)
[38] robot holds bag. (apartment bedroom and bathroom)
[38] robot places plastic bag. (apartment bedroom and bathroom)
[39] robot holds needle. (bedroom)
[41] robot returns iPad Pro box. (living room bookshelf)
[45] robot carries empty glass. (bedroom)
[51] robot sets glass. (bedroom)
[58] robot opens drawer. (apartment interior moving from kitchen to study/bedroom)
[60] robot holds spoon. (home kitchen and living room)
[62] robot holds glass cup. (bedroom with bookcase)
[65] robot fetches egg. (bedroom)
[67] robot places container. (bedroom)
[76] robot picks up white cloth. (bedroom)
[77] robot opens desk drawer. (bedroom)
[77] robot closes desk drawer. (bedroom)
[80] robot places yellow bottle. (bedroom to kitchen)
[80] robot opens drawer. (bedroom to kitchen)

**Conversations: **

Conversation 1: Chris and Paul prepare to conduct a science experiment on water’s surface tension, permeability, and mobility using simple materials. Before starting, they decide to tidy their workspace and repeatedly direct a robot helper to organize items and gather supplies. They collect tools like a plastic bag, glass, and water, aiming to begin the experiment once the area is orderly.
[2] Paul: So we cannot make our books and stationeries wet.
[3] Chris: Alright but I need the robot to help me.
[3] Chris: Hi robot please help me to tidy up the desk.
[3] robot: Okay.
[4] Paul: Well there's a book on the floor.
[5] Chris: And put it into the shelf.
[5] Paul: Hello robot.
[5] Paul: Please put the eraser in the right place for it.
[6] Paul: Well it's still so messy of our tabletop.
[6] Paul: So let's do the tidy up maybe, Chris.
[12] Paul: Yes.
[12] Paul: Maybe I should help you for there're so many things in the box.
[12] Paul: Well hello robot please put the rag into its original place for me.
[13] Paul: Hmm let me...
[13] Paul: Let me see.

Conversation 8: Chris and Paul conduct a simple experiment comparing egg buoyancy in pure vs. salty water, concluding that increased water density from salt causes the egg to float. They document results, tidy up with help from a robot, and plan future experiments about water and ice. Paul reviews Chris’s notes and praises the accuracy, encouraging sharing with classmates.
[75] Chris: We really need to do some cleaning.
[75] Chris: But I think I need other ones to help me.
[76] Chris: So hi robot please help me tidy up the desk and put the experiment tools back to its original places.
[76] robot: Okay.
[77] Chris: Well I think maybe we should...
[79] Paul: Hmm let me think.
[79] Paul: Okay.
[79] Paul: So hello robot please put the salt into its original place.
[80] Paul: And the dishwasher.
[81] Paul: Well robot maybe I think you should also put the... hmm our needle, our needle roll into the cabinet for us.

[Step 2] Evaluating semantic answer...
Action: [Answer]
Content: In the bedroom.
FINAL ANSWER (from graph):
In the bedroom.
Question: How many cups did the robot take out in total?

[Step 1] Searching the graph...
Parse Query Output:
{
  "query_triple": ["<robot>", "takes out", "cup", 0.95, 0.35, 0.6],
  "spatial_constraint": null,
  "speaker_strict": null,
  "allocation": {
    "k_high_level": 4,
    "k_low_level": 40,
    "k_conversations": 6,
    "total_k": 50,
    "reasoning": "Counting action instances of the robot taking out cups requires many low-level edges. Minimal high-level edges for entity context; limited conversations in case counting is stated verbally."
  }
}

Graph Search Results:
**High-Level Information (Character Attributes and Relationships): **

Character Relationships:
- Paul commands robot (85)
- robot assists Chris (85)
- Paul relies on robot (88)
- Chris relies on assistance from robot (85)

**Low-Level Information (Actions and Events): **

[5] robot prepares to place inside shelf. (bedroom)
[7] robot collects book. (bedroom)
[7] robot pulls out book. (bedroom)
[10] robot picks up from shelf. (bedroom)
[14] robot searches shelf. (bedroom office)
[14] robot pulls out from upper shelf. (bedroom office)
[14] robot pulls out white box. (bedroom office)
[15] robot carries glass. (bedroom and living room)
[16] robot turns off faucet. (home living room and kitchen)
[35] robot reveals shelf. (bedroom)
[36] robot adjusts position of box. (bookshelf)
[37] robot turns off faucet. (bathroom)
[38] robot turns off faucet. (apartment bedroom and bathroom)
[38] robot holds bag. (apartment bedroom and bathroom)
[44] robot places small glass cup. (bedroom)
[44] robot adjusts position box. (bedroom)
[50] robot reveals small glass cup. (bedroom study desk)
[50] robot picks up glass. (bedroom study desk)
[51] robot removes small glass. (bedroom)
[51] robot carries glass. (bedroom)
[57] robot looks down at drawer. (home interior moving from bedroom to kitchen)
[58] robot opens drawer. (apartment interior moving from kitchen to study/bedroom)
[59] robot agrees to fetch spoon. (bedroom leading to kitchen)
[60] robot approaches floral cup holding utensil. (home kitchen and living room)
[60] robot reaches into floral cup holding utensil. (home kitchen and living room)
[60] robot grasps spoon. (home kitchen and living room)
[60] robot lifts out of spoon. (home kitchen and living room)
[60] robot holds up in front of spoon. (home kitchen and living room)
[60] robot carries from kitchen toward living room spoon. (home kitchen and living room)
[60] robot holds spoon. (home kitchen and living room)
[61] robot scans shelf. (bedroom)
[62] robot reveals shelf. (bedroom with bookcase)
[62] robot looks over shelf. (bedroom with bookcase)
[63] robot carries toward small glass cup. (bedroom)
[63] robot places on cup. (bedroom)
[65] robot fetches egg. (bedroom)
[67] robot carries plastic container. (bedroom)
[67] robot places container. (bedroom)
[80] robot carries bottle. (bedroom to kitchen)
[80] robot opens drawer. (bedroom to kitchen)

**Conversations: **

Conversation 5: Chris and Paul conduct informal experiments on water flow and capillarity using tissues and glasses, concluding that opening size and shape affect flow and that water can move via capillary action. They compare warm and cold water, inferring higher temperature increases mobility, and plan a density/floatation test using eggs and salt. A robot assists by fetching materials.
[43] Paul: Maybe Chris.
[43] Paul: I think you could use some glass to do this experiment.
[43] Paul: Hello robot please fetch me two glasses.
[44] robot: Okay.
[45] Paul: Okay hello...
[49] Paul: You should be careful when you do a heating experiment.
[49] Paul: Hmm we can use the cold water and warm water to make a comparison.
[50] Chris: Hi robot please give me another two glasses.
[51] Chris: Thank you robot.
[52] Chris: Then I will pour some cold water into one glass.

Conversation 6: Chris and Paul coordinated the need for two glasses and requested assistance from a robot. The robot acknowledged the request, indicating agreement to help.
[61] Paul: Yeah two glasses.
[61] Chris: I will need the robot help.
[61] Chris: Hello robot please fetch me two glasses.
[61] robot: Okay.

Conversation 3: Chris and Paul conduct simple experiments on water, discussing how dish soap reduces surface tension and comparing absorbency of tissues and a sponge. They plan deeper research on absorbability across materials and record observations. A robot assists by fetching items, and Paul suggests using a plastic bag to test water mobility and filling a pot with water.
[34] Paul: I think Chris maybe we can use the plastic...
[34] Paul: I think we can use the plastic bag to test the mobility of our water.
[35] Paul: Hello robot please fetch me a plastic bag and then pour the water into the pot until it's full.

Conversation 1: Chris and Paul prepare to conduct a science experiment on water’s surface tension, permeability, and mobility using simple materials. Before starting, they decide to tidy their workspace and repeatedly direct a robot helper to organize items and gather supplies. They collect tools like a plastic bag, glass, and water, aiming to begin the experiment once the area is orderly.
[14] Paul: Hello robots please fetch me a transparent glass.
[15] Paul: Thank you robot.
[15] Paul: Well robot could you pour...
[15] Paul: Pour the water into it until it is full thank you.

Conversation 2: Paul and Chris conduct a simple experiment floating paper clips on water, discussing surface tension as an invisible film. After multiple attempts, they note disturbance weakens the effect and consider using dish soap or milk to break surface tension. They discover the milk is unavailable and decide to use dishwashing liquid, asking a robot assistant to fetch supplies.
[25] Paul: Maybe we have no choice... no any other choice today.
[25] Paul: Hmm...
[25] Chris: Hi robot please fetch me the dishwashers.

[Step 2] Evaluating semantic answer...
Action: [Answer]
Content: The robot took out two cups in total.
FINAL ANSWER (from graph):
The robot took out two cups in total.
Question: How many times did the robot fetch water in total?

[Step 1] Searching the graph...
Parse Query Output:
{
  "query_triple": ["<robot>", "fetches", "water", 0.95, 0.35, 0.8],
  "spatial_constraint": null,
  "speaker_strict": null,
  "allocation": {
    "k_high_level": 5,
    "k_low_level": 40,
    "k_conversations": 5,
    "total_k": 50,
    "reasoning": "Counting action occurrences requires scanning specific action/state edges; minimal need for conversations or high-level traits."
  }
}

Graph Search Results:
**High-Level Information (Character Attributes and Relationships): **

Character Relationships:
- Paul commands robot (85)
- Paul relies on robot (88)
- robot assists Chris (85)
- Chris directs requests to robot (80)
- Chris relies on assistance from robot (85)

**Low-Level Information (Actions and Events): **

[4] robot flips through paper. (bedroom)
[7] robot collects book. (bedroom)
[14] robot searches shelf. (bedroom office)
[15] robot picks up small glass. (bedroom and living room)
[15] robot inspects glass. (bedroom and living room)
[15] robot holds glass. (bedroom and living room)
[15] robot carries glass. (bedroom and living room)
[15] glass is from robot. (bedroom and living room)
[15] glass is to robot. (bedroom and living room)
[16] robot carries empty glass. (home living room and kitchen)
[16] robot enters kitchen. (home living room and kitchen)
[16] robot places glass. (home living room and kitchen)
[16] robot turns on faucet. (home living room and kitchen)
[16] robot fills glass. (home living room and kitchen)
[16] robot turns off faucet. (home living room and kitchen)
[16] robot has filled glass. (home living room and kitchen)
[17] robot carries glass of water. (bedroom office)
[17] robot holds glass of water. (bedroom office)
[27] robot holds near yellow bottle. (bedroom desk)
[35] robot places camera. (bedroom)
[36] robot withdraws hand. (bookshelf)
[37] robot approaches sink. (bathroom)
[37] robot turns on faucet. (bathroom)
[37] robot turns off faucet. (bathroom)
[38] robot adjusts water flow. (apartment bedroom and bathroom)
[38] robot turns off faucet. (apartment bedroom and bathroom)
[38] robot carries water-filled plastic bag. (apartment bedroom and bathroom)
[43] Paul asks to fetch robot. (bedroom)
[45] robot carries empty glass. (bedroom)
[45] Woman takes from robot. (bedroom)
[50] robot picks up glass. (bedroom study desk)
[51] robot picks up small glass. (bedroom)
[51] robot carries glass. (bedroom)
[51] robot sets glass. (bedroom)
[59] Woman takes from robot. (bedroom leading to kitchen)
[59] robot agrees to fetch spoon. (bedroom leading to kitchen)
[65] robot fetches egg. (bedroom)
[67] robot carries plastic container. (bedroom)
[67] robot places container. (bedroom)
[80] robot carries bottle. (bedroom to kitchen)

**Conversations: **

Conversation 3: Chris and Paul conduct simple experiments on water, discussing how dish soap reduces surface tension and comparing absorbency of tissues and a sponge. They plan deeper research on absorbability across materials and record observations. A robot assists by fetching items, and Paul suggests using a plastic bag to test water mobility and filling a pot with water.
[31] Chris: Well Paul, it is an additional one.
[31] Paul: Okay maybe we should do it together.
[31] Chris: Hi robot please fetch me the sponge.
[31] robot: Okay.
[32] Paul: Now Chris.
[34] Paul: I think Chris maybe we can use the plastic...
[34] Paul: I think we can use the plastic bag to test the mobility of our water.
[35] Paul: Hello robot please fetch me a plastic bag and then pour the water into the pot until it's full.

Conversation 6: Chris and Paul coordinated the need for two glasses and requested assistance from a robot. The robot acknowledged the request, indicating agreement to help.
[61] Paul: Yeah two glasses.
[61] Chris: I will need the robot help.
[61] Chris: Hello robot please fetch me two glasses.
[61] robot: Okay.

Conversation 2: Paul and Chris conduct a simple experiment floating paper clips on water, discussing surface tension as an invisible film. After multiple attempts, they note disturbance weakens the effect and consider using dish soap or milk to break surface tension. They discover the milk is unavailable and decide to use dishwashing liquid, asking a robot assistant to fetch supplies.
[25] Paul: Maybe we have no choice... no any other choice today.
[25] Paul: Hmm...
[25] Chris: Hi robot please fetch me the dishwashers.

Conversation 5: Chris and Paul conduct informal experiments on water flow and capillarity using tissues and glasses, concluding that opening size and shape affect flow and that water can move via capillary action. They compare warm and cold water, inferring higher temperature increases mobility, and plan a density/floatation test using eggs and salt. A robot assists by fetching materials.
[43] Paul: Maybe Chris.
[43] Paul: I think you could use some glass to do this experiment.
[43] Paul: Hello robot please fetch me two glasses.
[44] robot: Okay.
[45] Paul: Okay hello...

[Step 2] Evaluating semantic answer...
Action: [Answer]
Content: Twice.
FINAL ANSWER (from graph):
Twice.
Question: How many types of items did the robot take out from the white box in the bookshelf?

[Step 1] Searching the graph...
Parse Query Output:
{
  "query_triple": ["<robot>", "takes out", "items#from white box", 0.9, 0.3, 0.8],
  "spatial_constraint": "bookshelf",
  "speaker_strict": null,
  "allocation": {
    "k_high_level": 5,
    "k_low_level": 40,
    "k_conversations": 5,
    "total_k": 50,
    "reasoning": "Quantitative action query focused on specific extractions from a particular container and location; prioritize low-level edges to enumerate distinct item types and their occurrences. Minimal need for conversations or high-level traits."
  }
}

Graph Search Results:
**High-Level Information (Character Attributes and Relationships): **

Character Relationships:
- robot assists Chris (85)
- robot cooperates with character_1 (85)
- Paul relies on robot (88)
- Chris relies on assistance from robot (85)
- Paul commands robot (85)

**Low-Level Information (Actions and Events): **

[36] robot opens glass-fronted bookshelf. (bookshelf)
[36] robot reaches to top shelf. (bookshelf)
[36] robot pulls out white iPad Pro box. (bookshelf)
[36] robot lowers iPad Pro box. (bookshelf)
[36] robot opens iPad Pro box lid. (bookshelf)
[36] robot shows empty interior of box. (bookshelf)
[36] robot closes iPad Pro box. (bookshelf)
[36] robot lifts closed iPad Pro box. (bookshelf)
[36] robot places iPad Pro box. (bookshelf)
[36] robot adjusts position of box. (bookshelf)
[36] robot withdraws hand. (bookshelf)
[36] robot closes bookshelf door. (bookshelf)
[41] robot opens glass door of bookshelf. (living room bookshelf)
[41] robot reaches to top shelf. (living room bookshelf)
[41] robot slides out white box labeled iPad Pro. (living room bookshelf)
[41] robot lowers iPad Pro box. (living room bookshelf)
[41] robot lifts off lid of iPad Pro box. (living room bookshelf)
[41] robot reveals glass cup. (living room bookshelf)
[41] robot places onto lid of iPad Pro box. (living room bookshelf)
[41] robot returns iPad Pro box. (living room bookshelf)
[41] robot adjusts iPad Pro box. (living room bookshelf)
[41] robot points briefly toward book on lower shelf. (living room bookshelf)
[41] robot closes glass door of bookshelf. (living room bookshelf)
[62] robot approaches wooden glass-front bookcase. (bedroom with bookcase)
[62] robot slides apart glass door. (bedroom with bookcase)
[62] robot reveals shelf. (bedroom with bookcase)
[62] robot reaches to top shelf. (bedroom with bookcase)
[62] robot pulls out white rectangular box labeled iPad Pro. (bedroom with bookcase)
[62] robot lowers onto middle shelf. (bedroom with bookcase)
[62] robot opens lid of iPad Pro box. (bedroom with bookcase)
[62] robot sets beside open box. (bedroom with bookcase)
[62] robot closes iPad Pro box. (bedroom with bookcase)
[62] robot lifts up to top shelf. (bedroom with bookcase)
[62] robot places on top shelf. (bedroom with bookcase)
[62] robot looks over shelf. (bedroom with bookcase)
[62] robot slides closed glass door. (bedroom with bookcase)
[62] robot turns toward bedroom interior. (bedroom with bookcase)
[62] robot holds glass cup. (bedroom with bookcase)
[62] robot walks toward doorway. (bedroom with bookcase)
[62] robot exits bedroom. (bedroom with bookcase)

**Conversations: **

Conversation 1: Chris and Paul prepare to conduct a science experiment on water’s surface tension, permeability, and mobility using simple materials. Before starting, they decide to tidy their workspace and repeatedly direct a robot helper to organize items and gather supplies. They collect tools like a plastic bag, glass, and water, aiming to begin the experiment once the area is orderly.
[2] Paul: So we cannot make our books and stationeries wet.
[3] Chris: Alright but I need the robot to help me.
[3] Chris: Hi robot please help me to tidy up the desk.
[3] robot: Okay.
[4] Paul: Well there's a book on the floor.
[7] Chris: Okay here's the book.
[7] Paul: Okay.
[7] Chris: Please put... collect the books for me robot.
[8] Paul: Well let me think.
[8] Paul: So oh I think maybe I should take the rag.

Conversation 8: Chris and Paul conduct a simple experiment comparing egg buoyancy in pure vs. salty water, concluding that increased water density from salt causes the egg to float. They document results, tidy up with help from a robot, and plan future experiments about water and ice. Paul reviews Chris’s notes and praises the accuracy, encouraging sharing with classmates.
[75] Chris: We really need to do some cleaning.
[75] Chris: But I think I need other ones to help me.
[76] Chris: So hi robot please help me tidy up the desk and put the experiment tools back to its original places.
[76] robot: Okay.
[77] Chris: Well I think maybe we should...

Conversation 6: Chris and Paul coordinated the need for two glasses and requested assistance from a robot. The robot acknowledged the request, indicating agreement to help.
[61] Paul: Yeah two glasses.
[61] Chris: I will need the robot help.
[61] Chris: Hello robot please fetch me two glasses.
[61] robot: Okay.

Conversation 5: Chris and Paul conduct informal experiments on water flow and capillarity using tissues and glasses, concluding that opening size and shape affect flow and that water can move via capillary action. They compare warm and cold water, inferring higher temperature increases mobility, and plan a density/floatation test using eggs and salt. A robot assists by fetching materials.
[49] Paul: You should be careful when you do a heating experiment.
[49] Paul: Hmm we can use the cold water and warm water to make a comparison.
[50] Chris: Hi robot please give me another two glasses.
[51] Chris: Thank you robot.
[52] Chris: Then I will pour some cold water into one glass.

[Step 2] Evaluating semantic answer...
Action: [Answer]
Content: Two types of items: an iPad Pro box and a glass cup.
FINAL ANSWER (from graph):
Two types of items: an iPad Pro box and a glass cup.
Question: Where did the robot put the book?

[Step 1] Searching the graph...
Parse Query Output:
{
  "query_triple": ["<robot>", "puts", "book", 0.95, 0.5, 0.6],
  "spatial_constraint": null,
  "speaker_strict": null,
  "allocation": {
    "k_high_level": 5,
    "k_low_level": 40,
    "k_conversations": 5,
    "total_k": 50,
    "reasoning": "Spatial/action query about where an object was placed—prioritize low-level edges for actions and resulting locations; minimal high-level and conversations for context if needed."
  }
}

Graph Search Results:
**High-Level Information (Character Attributes and Relationships): **

Character Relationships:
- Paul commands robot (85)
- Paul relies on robot (88)
- robot assists Chris (85)
- Paul directs tasks to robot (80)
- Chris directs requests to robot (80)

**Low-Level Information (Actions and Events): **

[4] robot flips through paper. (bedroom)
[5] robot prepares to place inside shelf. (bedroom)
[6] robot opens glass door of book cabinet. (bedroom)
[7] robot collects book. (bedroom)
[7] robot walks to book cabinet. (bedroom)
[7] robot looks at shelf of book. (bedroom)
[7] robot pulls out book. (bedroom)
[7] robot adjusts book. (bedroom)
[7] robot takes another book. (bedroom)
[8] robot adjusts book. (bedroom)
[10] robot picks up from shelf. (bedroom)
[14] robot searches shelf. (bedroom office)
[15] robot holds glass. (bedroom and living room)
[16] robot places glass. (home living room and kitchen)
[16] robot fills glass. (home living room and kitchen)
[35] robot places camera. (bedroom)
[35] robot reveals shelf. (bedroom)
[35] robot points at upper shelf of book. (bedroom)
[36] robot opens glass-fronted bookshelf. (bookshelf)
[36] robot adjusts position of box. (bookshelf)
[37] robot walks from study. (bathroom)
[38] robot holds bag. (apartment bedroom and bathroom)
[40] robot moves toward book cabinet. (bedroom)
[41] robot opens glass door of bookshelf. (living room bookshelf)
[41] robot points briefly toward book on lower shelf. (living room bookshelf)
[44] robot examines shelf of book. (bedroom)
[44] robot adjusts position box. (bedroom)
[45] robot walks from bookcase. (bedroom)
[50] robot moves toward book cabinet. (bedroom study desk)
[51] robot sets glass. (bedroom)
[58] robot opens drawer. (apartment interior moving from kitchen to study/bedroom)
[60] robot holds spoon. (home kitchen and living room)
[61] robot scans shelf. (bedroom)
[62] robot reveals shelf. (bedroom with bookcase)
[62] robot looks over shelf. (bedroom with bookcase)
[63] robot places on cup. (bedroom)
[65] robot fetches egg. (bedroom)
[66] robot looks at table. (home interior walkthrough)
[67] robot places container. (bedroom)
[80] robot opens drawer. (bedroom to kitchen)

**Conversations: **

Conversation 1: Chris and Paul prepare to conduct a science experiment on water’s surface tension, permeability, and mobility using simple materials. Before starting, they decide to tidy their workspace and repeatedly direct a robot helper to organize items and gather supplies. They collect tools like a plastic bag, glass, and water, aiming to begin the experiment once the area is orderly.
[4] Paul: Okay let me see, hmm here.
[5] Chris: Right now I'll take away the pencil box.
[5] Chris: And put it into the shelf.
[5] Paul: Hello robot.
[5] Paul: Please put the eraser in the right place for it.
[7] Chris: Okay here's the book.
[7] Paul: Okay.
[7] Chris: Please put... collect the books for me robot.
[8] Paul: Well let me think.
[8] Paul: So oh I think maybe I should take the rag.
[12] Paul: Yes.
[12] Paul: Maybe I should help you for there're so many things in the box.
[12] Paul: Well hello robot please put the rag into its original place for me.
[13] Paul: Hmm let me...
[13] Paul: Let me see.

Conversation 8: Chris and Paul conduct a simple experiment comparing egg buoyancy in pure vs. salty water, concluding that increased water density from salt causes the egg to float. They document results, tidy up with help from a robot, and plan future experiments about water and ice. Paul reviews Chris’s notes and praises the accuracy, encouraging sharing with classmates.
[75] Chris: We really need to do some cleaning.
[75] Chris: But I think I need other ones to help me.
[76] Chris: So hi robot please help me tidy up the desk and put the experiment tools back to its original places.
[76] robot: Okay.
[77] Chris: Well I think maybe we should...
[79] Paul: Hmm let me think.
[79] Paul: Okay.
[79] Paul: So hello robot please put the salt into its original place.
[80] Paul: And the dishwasher.
[81] Paul: Well robot maybe I think you should also put the... hmm our needle, our needle roll into the cabinet for us.

[Step 2] Evaluating semantic answer...
Action: [Search]
Content: [7, 8, 10, 14, 36, 41, 44, 50]
Summary: The robot interacts with books and shelves multiple times (e.g., pulling out, adjusting, taking another book, moving toward/pointing at book cabinets or bookshelves), but the extracted data does not state where the robot put the book; relevant clips include those where it handles books or bookshelves.

[Step 3] Watching video clips: [7, 8, 10, 14, 36, 41, 44, 50]

   Processing clip 7 (1/8)...
Question: Where did the robot place the set three corner ruler together with?

[Step 1] Searching the graph...
Parse Query Output:
{
  "query_triple": ["<robot>", "places", "set three corner ruler", 0.9, 0.6, 0.7],
  "spatial_constraint": null,
  "speaker_strict": null,
  "allocation": {
    "k_high_level": 5,
    "k_low_level": 40,
    "k_conversations": 5,
    "total_k": 50,
    "reasoning": "Spatial/action query about where an object was placed and potentially with what; prioritize low-level edges to find placement location and co-placement context, minimal high-level and conversations."
  }
}

Graph Search Results:
**High-Level Information (Character Attributes and Relationships): **

Character Attributes:
- robot is: first-person camera holder (100)

Character Relationships:
- Paul commands robot (85)
- Paul relies on robot (88)
- robot assists Chris (85)
- Chris directs requests to robot (80)

**Low-Level Information (Actions and Events): **

[5] robot opens cabinet door. (bedroom)
[5] robot prepares to place eraser. (bedroom)
[6] robot places back onto lid of black box. (bedroom)
[9] robot takes ruler. (bedroom)
[10] robot picks up large clear triangle ruler. (bedroom)
[10] robot places large clear triangle ruler. (bedroom)
[13] robot takes white rag. (bedroom)
[13] robot places white rag. (bedroom)
[14] robot opens cabinet door. (bedroom office)
[14] robot searches shelf. (bedroom office)
[15] robot opens cabinet door. (bedroom and living room)
[16] robot places glass. (home living room and kitchen)
[21] robot opens small plastic box of paper clip. (bedroom office)
[21] robot picks paper clip. (bedroom office)
[21] robot hands paper clip. (bedroom office)
[21] paper clip is from robot. (bedroom office)
[31] robot opens desk drawer. (bedroom study desk)
[35] robot moves along right wall. (bedroom)
[35] robot places camera. (bedroom)
[35] robot points at upper shelf of book. (bedroom)
[36] robot shows empty interior of box. (bookshelf)
[36] robot places iPad Pro box. (bookshelf)
[38] robot places plastic bag. (apartment bedroom and bathroom)
[39] robot holds needle. (bedroom)
[41] robot places onto lid of iPad Pro box. (living room bookshelf)
[44] robot places small glass cup. (bedroom)
[51] robot places back on upper shelf. (bedroom)
[58] robot opens drawer. (apartment interior moving from kitchen to study/bedroom)
[60] robot holds spoon. (home kitchen and living room)
[62] robot places gloved hand. (bedroom with bookcase)
[62] robot places on top shelf. (bedroom with bookcase)
[62] robot holds glass cup. (bedroom with bookcase)
[63] robot places on cup. (bedroom)
[66] robot sets white takeout container with two bagged bun. (home interior walkthrough)
[67] robot places container. (bedroom)
[77] robot opens desk drawer. (bedroom)
[77] robot closes desk drawer. (bedroom)
[80] robot places on dining table. (bedroom to kitchen)
[80] robot places yellow bottle. (bedroom to kitchen)
[80] robot opens drawer. (bedroom to kitchen)

**Conversations: **

Conversation 1: Chris and Paul prepare to conduct a science experiment on water’s surface tension, permeability, and mobility using simple materials. Before starting, they decide to tidy their workspace and repeatedly direct a robot helper to organize items and gather supplies. They collect tools like a plastic bag, glass, and water, aiming to begin the experiment once the area is orderly.
[8] Paul: So oh I think maybe I should take the rag.
[8] Paul: Oh my God.
[8] Paul: Is this the 3 corner ruler that you didn't find when you...
[9] Paul: Hmm when you did your homework last time Chris?
[9] Chris: Oh wow it's right here.
[9] Paul: Saying that you cannot find the things you need when you need it.
[9] Chris: Okay.
[9] Paul: Okay hello robot please collect the ruler for me.
[10] Paul: Oh there are so many paper on a table.
[10] Paul: Let me tidy them up.

Conversation 8: Chris and Paul conduct a simple experiment comparing egg buoyancy in pure vs. salty water, concluding that increased water density from salt causes the egg to float. They document results, tidy up with help from a robot, and plan future experiments about water and ice. Paul reviews Chris’s notes and praises the accuracy, encouraging sharing with classmates.
[75] Chris: We really need to do some cleaning.
[75] Chris: But I think I need other ones to help me.
[76] Chris: So hi robot please help me tidy up the desk and put the experiment tools back to its original places.
[76] robot: Okay.
[77] Chris: Well I think maybe we should...
[79] Paul: Hmm let me think.
[79] Paul: Okay.
[79] Paul: So hello robot please put the salt into its original place.
[80] Paul: And the dishwasher.
[81] Paul: Well robot maybe I think you should also put the... hmm our needle, our needle roll into the cabinet for us.
[82] Paul: Okay thank you.
[82] Paul: Now Chris maybe we should do the, the other jobs for for ourselves.

[Step 2] Evaluating semantic answer...
Action: [Answer]
Content: On a shelf in the bedroom.
FINAL ANSWER (from graph):
On a shelf in the bedroom.
Question: Where did the robot put the rag?

[Step 1] Searching the graph...
Parse Query Output:
{
  "query_triple": ["<robot>", "puts", "rag", 0.95, 0.35, 0.8],
  "spatial_constraint": null,
  "speaker_strict": null,
  "allocation": {
    "k_high_level": 5,
    "k_low_level": 40,
    "k_conversations": 5,
    "total_k": 50,
    "reasoning": "Spatial/action query about where an object was placed; prioritize low-level edges capturing the put action and resulting location. Minimal need for conversations; a few high-level edges in case of summarized actions."
  }
}

Graph Search Results:
**High-Level Information (Character Attributes and Relationships): **

Character Relationships:
- Paul commands robot (85)
- Paul relies on robot (88)
- robot assists Chris (85)
- Chris directs requests to robot (80)
- robot assists and supports Paul (95)

**Low-Level Information (Actions and Events): **

[4] robot flips through paper. (bedroom)
[4] robot drops paper scrap. (bedroom)
[5] robot carries eraser. (bedroom)
[5] robot prepares to place eraser. (bedroom)
[7] robot collects book. (bedroom)
[7] robot acknowledges request. (bedroom)
[7] robot pulls out book. (bedroom)
[7] robot adjusts book. (bedroom)
[8] robot adjusts book. (bedroom)
[9] robot takes ruler. (bedroom)
[13] robot takes white rag. (bedroom)
[13] robot folds white rag. (bedroom)
[13] robot places white rag. (bedroom)
[13] robot leaves white rag. (bedroom)
[14] robot searches shelf. (bedroom office)
[15] robot holds glass. (bedroom and living room)
[16] robot places glass. (home living room and kitchen)
[16] robot fills glass. (home living room and kitchen)
[35] robot places camera. (bedroom)
[37] robot holds under plastic bag. (bathroom)
[38] robot fills plastic bag. (apartment bedroom and bathroom)
[38] robot holds bag. (apartment bedroom and bathroom)
[38] robot places plastic bag. (apartment bedroom and bathroom)
[39] robot holds needle. (bedroom)
[40] robot acknowledges request. (bedroom)
[45] robot walks toward bed. (bedroom)
[50] robot brings to desk. (bedroom study desk)
[51] robot sets glass. (bedroom)
[57] robot looks down at drawer. (home interior moving from bedroom to kitchen)
[58] robot opens drawer. (apartment interior moving from kitchen to study/bedroom)
[60] robot holds spoon. (home kitchen and living room)
[61] robot acknowledges request. (bedroom)
[63] robot places on cup. (bedroom)
[65] robot fetches egg. (bedroom)
[66] robot looks at table. (home interior walkthrough)
[67] robot places container. (bedroom)
[76] robot replies to request. (bedroom)
[76] robot picks up white cloth. (bedroom)
[80] robot confirms verbally request. (bedroom to kitchen)
[80] robot opens drawer. (bedroom to kitchen)

**Conversations: **

Conversation 1: Chris and Paul prepare to conduct a science experiment on water’s surface tension, permeability, and mobility using simple materials. Before starting, they decide to tidy their workspace and repeatedly direct a robot helper to organize items and gather supplies. They collect tools like a plastic bag, glass, and water, aiming to begin the experiment once the area is orderly.
[12] Paul: Yes.
[12] Paul: Maybe I should help you for there're so many things in the box.
[12] Paul: Well hello robot please put the rag into its original place for me.
[13] Paul: Hmm let me...
[13] Paul: Let me see.

Conversation 8: Chris and Paul conduct a simple experiment comparing egg buoyancy in pure vs. salty water, concluding that increased water density from salt causes the egg to float. They document results, tidy up with help from a robot, and plan future experiments about water and ice. Paul reviews Chris’s notes and praises the accuracy, encouraging sharing with classmates.
[75] Chris: We really need to do some cleaning.
[75] Chris: But I think I need other ones to help me.
[76] Chris: So hi robot please help me tidy up the desk and put the experiment tools back to its original places.
[76] robot: Okay.
[77] Chris: Well I think maybe we should...
[79] Paul: Hmm let me think.
[79] Paul: Okay.
[79] Paul: So hello robot please put the salt into its original place.
[80] Paul: And the dishwasher.
[81] Paul: Well robot maybe I think you should also put the... hmm our needle, our needle roll into the cabinet for us.
[82] Paul: Okay thank you.
[82] Paul: Now Chris maybe we should do the, the other jobs for for ourselves.

Conversation 3: Chris and Paul conduct simple experiments on water, discussing how dish soap reduces surface tension and comparing absorbency of tissues and a sponge. They plan deeper research on absorbability across materials and record observations. A robot assists by fetching items, and Paul suggests using a plastic bag to test water mobility and filling a pot with water.
[31] Chris: Well Paul, it is an additional one.
[31] Paul: Okay maybe we should do it together.
[31] Chris: Hi robot please fetch me the sponge.
[31] robot: Okay.
[32] Paul: Now Chris.

[Step 2] Evaluating semantic answer...
Action: [Answer]
Content: In its original place.
FINAL ANSWER (from graph):
In its original place.
Question: Where is the transparent glass ?

[Step 1] Searching the graph...
Parse Query Output:
{
  "query_triple": ["glass#transparent", "is at", "?", 0.9, 0.5, 0.15],
  "spatial_constraint": null,
  "speaker_strict": null,
  "allocation": {
    "k_high_level": 2,
    "k_low_level": 40,
    "k_conversations": 8,
    "total_k": 50,
    "reasoning": "Spatial location query for a specific object; prioritize low-level edges to find where it is, minimal need for high-level and limited conversations."
  }
}

Graph Search Results:
**High-Level Information (Character Attributes and Relationships): **

Character Attributes:
- character_1 is: female (100)
- character_2 is: female (100)

**Low-Level Information (Actions and Events): **

[7] glass door is of cabinet. (bedroom)
[15] small glass is from tray. (bedroom and living room)
[15] glass is from bookshelf area. (bedroom and living room)
[15] glass moves toward bedroom. (bedroom and living room)
[15] glass is from robot. (bedroom and living room)
[15] Paul holds near glass. (bedroom and living room)
[15] glass is near desk. (bedroom and living room)
[15] glass is to robot. (bedroom and living room)
[16] robot places glass. (home living room and kitchen)
[16] glass is under sink faucet. (home living room and kitchen)
[16] robot has filled glass. (home living room and kitchen)
[17] glass is with Chris. (bedroom office)
[17] glass is on plastic bag. (bedroom office)
[29] water is from glass. (bedroom)
[32] water is from glass. (bedroom workspace)
[37] glass door is of bookcase. (bathroom)
[41] glass cup is in iPad Pro box. (living room bookshelf)
[42] glass door is of wooden bookcase. (bedroom)
[44] small glass cup is in white iPad Pro box. (bedroom)
[45] Woman places glass. (bedroom)
[45] glass is near blue basin. (bedroom)
[45] glass is on desk. (bedroom)
[46] Woman points toward glass. (bedroom)
[46] glass is on desk. (bedroom)
[46] tissue is in glass with liquid. (bedroom)
[46] tissue is in empty glass. (bedroom)
[46] tissue is between two glass. (bedroom)
[51] small glass is from cabinet shelf. (bedroom)
[51] small glass is from cabinet. (bedroom)
[51] glass is to desk in bedroom. (bedroom)
[51] Woman points toward glass. (bedroom)
[51] glass is on plastic bag. (bedroom)
[51] Chris reaches for glass. (bedroom)
[51] glass is on desk. (bedroom)
[53] item is into glass. (bedroom)
[53] glass is on tray. (bedroom)
[62] glass cup is beside open box. (bedroom with bookcase)
[62] robot holds glass cup. (bedroom with bookcase)
[65] liquid is in glass. (bedroom)
[82] glass cup is on desk. (bedroom)

**Conversations: **

Conversation 1: Chris and Paul prepare to conduct a science experiment on water’s surface tension, permeability, and mobility using simple materials. Before starting, they decide to tidy their workspace and repeatedly direct a robot helper to organize items and gather supplies. They collect tools like a plastic bag, glass, and water, aiming to begin the experiment once the area is orderly.
[14] Paul: It's so fat now.
[14] Paul: And hmm...
[14] Paul: I think we need a... we need a transparent glass.
[14] Paul: Hello robots please fetch me a transparent glass.
[15] Paul: Thank you robot.
[15] Paul: Well robot could you pour...

Conversation 5: Chris and Paul conduct informal experiments on water flow and capillarity using tissues and glasses, concluding that opening size and shape affect flow and that water can move via capillary action. They compare warm and cold water, inferring higher temperature increases mobility, and plan a density/floatation test using eggs and salt. A robot assists by fetching materials.
[43] Paul: Of course.
[43] Paul: Maybe Chris.
[43] Paul: I think you could use some glass to do this experiment.
[43] Paul: Hello robot please fetch me two glasses.
[44] robot: Okay.
[46] Chris: Okay.
[46] Chris: And Paul, what should I do next?
[46] Paul: And then you should put this side of the tissue into this, this one, and put the other side of the tissue into the empty glass, okay?
[46] Paul: Okay just stand there and observe it.
[47] Paul: Okay just stand there and observe it.
[47] Paul: You can see that the water is going into another glass right?
[47] Chris: Yes.
[47] Chris: It moves slowly but it's penetrating.

Conversation 2: Paul and Chris conduct a simple experiment floating paper clips on water, discussing surface tension as an invisible film. After multiple attempts, they note disturbance weakens the effect and consider using dish soap or milk to break surface tension. They discover the milk is unavailable and decide to use dishwashing liquid, asking a robot assistant to fetch supplies.
[19] Paul: Hmm an invisible...
[19] Chris: Film?
[19] Chris: Yes an invisible film so you know the slight thing can float on the surface of the water.
[19] Chris: Alright I will write down this.
[19] Paul: Write down, hmm.

Conversation 6: Chris and Paul coordinated the need for two glasses and requested assistance from a robot. The robot acknowledged the request, indicating agreement to help.
[61] Paul: Okay thank you robot.
[61] Chris: So we also need some glasses I think.
[61] Paul: Yeah two glasses.
[61] Chris: I will need the robot help.
[61] Chris: Hello robot please fetch me two glasses.
[61] robot: Okay.

[Step 2] Evaluating semantic answer...
Action: [Answer]
Content: On the desk in the bedroom.
FINAL ANSWER (from graph):
On the desk in the bedroom.
Question: Where are the dishwashing liquid?

[Step 1] Searching the graph...
Parse Query Output:
{
  "query_triple": ["dishwashing liquid", "is at", "?", 0.7, 0.5, 0.15],
  "spatial_constraint": null,
  "speaker_strict": null,
  "allocation": {
    "k_high_level": 3,
    "k_low_level": 40,
    "k_conversations": 7,
    "total_k": 50,
    "reasoning": "Spatial location query about an object; prioritize low-level edges for locations, minimal need for high-level or conversations."
  }
}

Graph Search Results:
**High-Level Information (Character Attributes and Relationships): **

Character Attributes:
- character_1 is: female (100)
- character_2 is: female (100)

Character Relationships:
- robot assists Chris (85)

**Low-Level Information (Actions and Events): **

[11] sheet of paper is at center of desk. (bedroom office)
[13] white rag is at cabinet base. (bedroom)
[13] plastic bag is on desk. (bedroom)
[13] plastic bag is on desktop. (bedroom)
[16] glass is under sink faucet. (home living room and kitchen)
[17] glass is on plastic bag. (bedroom office)
[17] plastic bag is on desk. (bedroom office)
[22] Paul suggests using dishwashing liquid. (bedroom desk area)
[25] Chris asks to fetch dishwasher. (bedroom)
[27] yellow bottle is near desk. (bedroom desk)
[27] plastic bag is on desk. (bedroom desk)
[27] bottle is on desk. (bedroom desk)
[29] Chris is at desk. (bedroom)
[29] character_2 is at desk. (bedroom)
[30] character_2 is at desk. (bedroom)
[32] plastic tray is on desk. (bedroom workspace)
[34] item next to yellow bottle is on desk. (bedroom)
[34] yellow bottle is on desk. (bedroom)
[38] plastic bag is in blue basin. (apartment bedroom and bathroom)
[41] glass cup is in iPad Pro box. (living room bookshelf)
[46] tissue is in glass with liquid. (bedroom)
[46] tissue is in empty glass. (bedroom)
[49] small plastic container is on tray. (bedroom desk)
[51] glass is on plastic bag. (bedroom)
[51] plastic bag is on desk. (bedroom)
[59] salt shaker is on desk. (bedroom leading to kitchen)
[63] cup is on plastic-covered tray. (bedroom)
[63] plastic-covered tray is on desk. (bedroom)
[64] Chris is at desk. (bedroom)
[65] liquid is in glass. (bedroom)
[68] plastic bag is on desk. (bedroom)
[68] egg is in pure water. (bedroom)
[68] egg is in bottle of pure water. (bedroom)
[68] egg is in water with salt. (bedroom)
[70] bottle is on desk. (bedroom)
[78] Chris is at desk. (bedroom)
[78] Paul is at desk. (bedroom)
[78] plastic container is on desk. (bedroom)
[78] liquid is in blue bowl. (bedroom)
[82] glass cup is on desk. (bedroom)

**Conversations: **

Conversation 2: Paul and Chris conduct a simple experiment floating paper clips on water, discussing surface tension as an invisible film. After multiple attempts, they note disturbance weakens the effect and consider using dish soap or milk to break surface tension. They discover the milk is unavailable and decide to use dishwashing liquid, asking a robot assistant to fetch supplies.
[22] Chris: Okay I will write the renounce down.
[22] Chris: So Paul how can I break the surface tension?
[22] Paul: Maybe I think you can use some milk or dishwashers so hmm maybe...
[23] Paul: First I will take out the paper clips for you again.
[23] Paul: Okay very good.
[25] Paul: Maybe we have no choice... no any other choice today.
[25] Paul: Hmm...
[25] Chris: Hi robot please fetch me the dishwashers.

Conversation 8: Chris and Paul conduct a simple experiment comparing egg buoyancy in pure vs. salty water, concluding that increased water density from salt causes the egg to float. They document results, tidy up with help from a robot, and plan future experiments about water and ice. Paul reviews Chris’s notes and praises the accuracy, encouraging sharing with classmates.
[79] Paul: Okay.
[79] Paul: So hello robot please put the salt into its original place.
[80] Paul: And the dishwasher.
[81] Paul: Well robot maybe I think you should also put the... hmm our needle, our needle roll into the cabinet for us.
[82] Paul: Okay thank you.

Conversation 3: Chris and Paul conduct simple experiments on water, discussing how dish soap reduces surface tension and comparing absorbency of tissues and a sponge. They plan deeper research on absorbability across materials and record observations. A robot assists by fetching items, and Paul suggests using a plastic bag to test water mobility and filling a pot with water.
[27] Chris: Thank you.
[27] Paul: Wow it's keep floating okay.
[27] Paul: So maybe you should add the dishwasher into it.
[27] Chris: Okay I'll add a drop of that.
[27] Paul: Oh it's so magical right?
[27] Chris: Yeah I think.
[27] Paul: Well maybe I can make a conclusion for you.
[28] Paul: The dishwasher will destroy the attraction between molecules.
[28] Paul: So it will reduce the surface tension.
[28] Paul: Maybe you should write it down.
[31] Chris: Well Paul, it is an additional one.
[31] Paul: Okay maybe we should do it together.
[31] Chris: Hi robot please fetch me the sponge.
[31] robot: Okay.
[32] Paul: Now Chris.

Conversation 5: Chris and Paul conduct informal experiments on water flow and capillarity using tissues and glasses, concluding that opening size and shape affect flow and that water can move via capillary action. They compare warm and cold water, inferring higher temperature increases mobility, and plan a density/floatation test using eggs and salt. A robot assists by fetching materials.
[53] Paul: Okay I will put in the warm water.
[53] Chris: Yeah.
[54] Paul: And you put in the cold water right???
[54] Paul: Okay let me help you Chris.
[54] Paul: Okay so let's wait.

[Step 2] Evaluating semantic answer...
Action: [Answer]
Content: On the bedroom desk near the yellow bottle.
FINAL ANSWER (from graph):
On the bedroom desk near the yellow bottle.
Question: Where is the sponge?

[Step 1] Searching the graph...
Parse Query Output:
{
  "query_triple": ["sponge", "is at", "?", 0.7, 0.5, 0.15],
  "spatial_constraint": null,
  "speaker_strict": null,
  "allocation": {
    "k_high_level": 2,
    "k_low_level": 40,
    "k_conversations": 8,
    "total_k": 50,
    "reasoning": "Spatial location query for a general object; prioritize low-level edges to find where the sponge is, minimal high-level and limited conversations for incidental mentions."
  }
}

Graph Search Results:
**High-Level Information (Character Attributes and Relationships): **

Character Attributes:
- robot is: first-person camera holder (100)

Character Relationships:
- robot assists Chris (85)

**Low-Level Information (Actions and Events): **

[4] paper is on desk. (bedroom)
[5] eraser is in right place. (bedroom)
[11] sheet of paper is at center of desk. (bedroom office)
[13] white rag is at cabinet base. (bedroom)
[20] paper is on desk. (bedroom desk)
[23] paper is on desk. (bedroom)
[28] paper is on desk. (bedroom)
[29] Chris is at desk. (bedroom)
[29] character_2 is at desk. (bedroom)
[30] character_2 is at desk. (bedroom)
[30] paper is on desk. (bedroom)
[30] paper is in stack. (bedroom)
[31] Chris asks to fetch sponge. (bedroom study desk)
[31] robot picks up yellow sponge. (bedroom study desk)
[31] yellow sponge is from drawer. (bedroom study desk)
[31] robot hands yellow sponge. (bedroom study desk)
[31] yellow sponge is to Chris. (bedroom study desk)
[31] Chris takes sponge. (bedroom study desk)
[31] sponge is from robot. (bedroom study desk)
[32] Chris holds yellow sponge. (bedroom workspace)
[32] Chris places yellow sponge. (bedroom workspace)
[32] yellow sponge is near plastic tray. (bedroom workspace)
[32] Chris pours water onto yellow sponge. (bedroom workspace)
[32] character_2 watches closely yellow sponge. (bedroom workspace)
[32] Chris taps yellow sponge. (bedroom workspace)
[32] yellow sponge is on tray. (bedroom workspace)
[32] Chris lifts yellow sponge. (bedroom workspace)
[32] Chris examines yellow sponge. (bedroom workspace)
[32] character_2 glances at yellow sponge. (bedroom workspace)
[43] note is on paper. (bedroom)
[46] tissue is in glass with liquid. (bedroom)
[46] tissue is in empty glass. (bedroom)
[60] spoon is out of floral cup holding utensil. (home kitchen and living room)
[60] spoon is in front of window. (home kitchen and living room)
[64] spoon is in bowl. (bedroom)
[64] Chris is at desk. (bedroom)
[67] container is on desk. (bedroom)
[69] something is in Chris's hand. (bedroom)
[78] Chris is at desk. (bedroom)
[78] Paul is at desk. (bedroom)

**Conversations: **

Conversation 3: Chris and Paul conduct simple experiments on water, discussing how dish soap reduces surface tension and comparing absorbency of tissues and a sponge. They plan deeper research on absorbability across materials and record observations. A robot assists by fetching items, and Paul suggests using a plastic bag to test water mobility and filling a pot with water.
[28] Chris: So what materials do we use?
[28] Paul: Well hmm maybe I think we have tissues.
[29] Paul: And sponge now for the test.
[29] Chris: Okay I will prepare for the tissue.
[29] Paul: Hmm now Chris maybe you should pour some water on the tissue.
[30] Chris: Okay I will write down the results.
[30] Chris: My teacher told me that we can do a deeper research.
[30] Chris: To test the absorbability of different materials.
[30] Paul: Let me check your experiment tasks.
[30] Paul: Let me see.
[31] Chris: Well Paul, it is an additional one.
[31] Paul: Okay maybe we should do it together.
[31] Chris: Hi robot please fetch me the sponge.
[31] robot: Okay.
[32] Paul: Now Chris.
[32] Chris: Water into it.
[32] Paul: Hmm be careful.
[32] Chris: Wow it's absorbing the water.
[32] Paul: Yes you know Chris...
[32] Paul: Hmm maybe try to tap it.
[32] Paul: You see the water?
[32] Paul: You know that's because there are so many holes inside the sponge.
[33] Paul: So the holes will absorb so much water for it.
[33] Chris: I will record that.

Conversation 1: Chris and Paul prepare to conduct a science experiment on water’s surface tension, permeability, and mobility using simple materials. Before starting, they decide to tidy their workspace and repeatedly direct a robot helper to organize items and gather supplies. They collect tools like a plastic bag, glass, and water, aiming to begin the experiment once the area is orderly.
[5] Chris: And put it into the shelf.
[5] Paul: Hello robot.
[5] Paul: Please put the eraser in the right place for it.
[6] Paul: Well it's still so messy of our tabletop.
[6] Paul: So let's do the tidy up maybe, Chris.
[8] Paul: Is this the 3 corner ruler that you didn't find when you...
[9] Paul: Hmm when you did your homework last time Chris?
[9] Chris: Oh wow it's right here.
[9] Chris: I didn't find it for a long time.
[9] Paul: Well Chris please do not throw away your things.

Conversation 4: Paul guides Chris through a simple experiment involving pricking a plastic bag to observe water flow. They note the slow flow due to a small opening, and Chris suggests enlarging it; Paul agrees. Chris then asks the robot to provide tools (needle, scissors) to proceed.
[39] Chris: Thank you.
[39] Paul: Okay now try it.
[39] Chris: The water gets out.
[39] Paul: Yes it's very slow right?
[39] Paul: So you know Chris that's because the opening is too small now.

[Step 2] Evaluating semantic answer...
Action: [Answer]
Content: On the plastic tray at the bedroom workspace.
FINAL ANSWER (from graph):
On the plastic tray at the bedroom workspace.
Question: Where are the scissors?

[Step 1] Searching the graph...
Parse Query Output:
{
  "query_triple": ["scissors", "is at", "?", 0.8, 0.5, 0.15],
  "spatial_constraint": null,
  "speaker_strict": null,
  "allocation": {
    "k_high_level": 2,
    "k_low_level": 40,
    "k_conversations": 8,
    "total_k": 50,
    "reasoning": "Spatial location query for an object—prioritize low-level edges to find placement and movement; minimal need for high-level edges; some conversations in case location is mentioned verbally."
  }
}

Graph Search Results:
**High-Level Information (Character Attributes and Relationships): **

Character Attributes:
- robot is: first-person camera holder (100)

Character Relationships:
- robot assists Chris (85)

**Low-Level Information (Actions and Events): **

[4] paper is on desk. (bedroom)
[4] paper scrap is in trash bin. (bedroom)
[5] pencil box is on shelf. (bedroom)
[5] eraser is in right place. (bedroom)
[10] large clear triangle ruler is on shelf. (bedroom)
[11] folded cloth is on desk. (bedroom office)
[11] sheet of paper is at center of desk. (bedroom office)
[13] white rag is at cabinet base. (bedroom)
[13] plastic bag is on desk. (bedroom)
[13] plastic bag is on desktop. (bedroom)
[14] piece of paper is on desk. (bedroom office)
[17] glass is on plastic bag. (bedroom office)
[17] plastic bag is on desk. (bedroom office)
[20] paper is on desk. (bedroom desk)
[20] task is with paper. (bedroom desk)
[21] small plastic box of paper clip is on desk. (bedroom office)
[21] paper clip is to Chris. (bedroom office)
[21] paper clip is from robot. (bedroom office)
[23] paper is on desk. (bedroom)
[27] plastic bag is on desk. (bedroom desk)
[28] paper is on desk. (bedroom)
[29] Chris is at desk. (bedroom)
[29] character_2 is at desk. (bedroom)
[29] sheet of paper is on desk. (bedroom)
[30] character_2 is at desk. (bedroom)
[30] paper is on desk. (bedroom)
[30] paper is in stack. (bedroom)
[34] small paper is on desk. (bedroom)
[38] plastic bag is in blue basin. (apartment bedroom and bathroom)
[40] Chris requests scissor. (bedroom)
[42] Chris receives pair of scissor. (bedroom)
[42] Chris adjusts cut. (bedroom)
[43] note is on paper. (bedroom)
[51] glass is on plastic bag. (bedroom)
[51] plastic bag is on desk. (bedroom)
[64] spoon is in bowl. (bedroom)
[64] Chris is at desk. (bedroom)
[68] plastic bag is on desk. (bedroom)
[78] Chris is at desk. (bedroom)
[78] Paul is at desk. (bedroom)

**Conversations: **

Conversation 4: Paul guides Chris through a simple experiment involving pricking a plastic bag to observe water flow. They note the slow flow due to a small opening, and Chris suggests enlarging it; Paul agrees. Chris then asks the robot to provide tools (needle, scissors) to proceed.
[40] Chris: So in order to observe the experiment, why not enlarge it?
[40] Paul: Hmm that's a good suggestion.
[40] Chris: Hi robot please fetch me a scissors.

Conversation 2: Paul and Chris conduct a simple experiment floating paper clips on water, discussing surface tension as an invisible film. After multiple attempts, they note disturbance weakens the effect and consider using dish soap or milk to break surface tension. They discover the milk is unavailable and decide to use dishwashing liquid, asking a robot assistant to fetch supplies.
[17] Paul: Okay let me put it on the plastic bag.
[17] Paul: And Chris maybe now you can put the paper clips on the water.
[17] Paul: Let me think where is the paper clips.
[17] Paul: Hmm let me see.
[18] Paul: Let me open it maybe I think you need a...
[22] Chris: So Paul how can I break the surface tension?
[22] Paul: Maybe I think you can use some milk or dishwashers so hmm maybe...
[23] Paul: First I will take out the paper clips for you again.
[23] Paul: Okay very good.
[23] Paul: Oh let me find some milk for you.
[23] Chris: I think it's in the box.
[23] Chris: Oh let me see.
[24] Paul: Well I think maybe we don't have milk in the box but...

Conversation 1: Chris and Paul prepare to conduct a science experiment on water’s surface tension, permeability, and mobility using simple materials. Before starting, they decide to tidy their workspace and repeatedly direct a robot helper to organize items and gather supplies. They collect tools like a plastic bag, glass, and water, aiming to begin the experiment once the area is orderly.
[5] Chris: And put it into the shelf.
[5] Paul: Hello robot.
[5] Paul: Please put the eraser in the right place for it.
[6] Paul: Well it's still so messy of our tabletop.
[6] Paul: So let's do the tidy up maybe, Chris.
[8] Paul: So oh I think maybe I should take the rag.
[8] Paul: Oh my God.
[8] Paul: Is this the 3 corner ruler that you didn't find when you...
[9] Paul: Hmm when you did your homework last time Chris?
[9] Chris: Oh wow it's right here.
[9] Chris: I didn't find it for a long time.
[9] Paul: Well Chris please do not throw away your things.

Conversation 3: Chris and Paul conduct simple experiments on water, discussing how dish soap reduces surface tension and comparing absorbency of tissues and a sponge. They plan deeper research on absorbability across materials and record observations. A robot assists by fetching items, and Paul suggests using a plastic bag to test water mobility and filling a pot with water.
[33] Paul: Hmm a...
[33] Paul: A pot for the experiment.
[33] Paul: Let me see where is the pot.
[34] Paul: Okay.
[34] Chris: Ah okay.

[Step 2] Evaluating semantic answer...
Action: [Answer]
Content: In the bedroom, with Chris after he receives a pair of scissors.
FINAL ANSWER (from graph):
In the bedroom, with Chris after he receives a pair of scissors.
Question: Where is the spoon?

[Step 1] Searching the graph...
Parse Query Output:
{
  "query_triple": ["spoon", "is at", "?", 0.6, 0.5, 0.15],
  "spatial_constraint": null,
  "speaker_strict": null,
  "allocation": {
    "k_high_level": 2,
    "k_low_level": 40,
    "k_conversations": 8,
    "total_k": 50,
    "reasoning": "Spatial location query for an object; prioritize low-level edges that track positions. Minimal high-level and limited conversations for incidental mentions."
  }
}

Graph Search Results:
**High-Level Information (Character Attributes and Relationships): **

Character Relationships:
- robot assists Chris (85)
- Paul relies on robot (88)

**Low-Level Information (Actions and Events): **

[11] sheet of paper is at center of desk. (bedroom office)
[13] white rag is at cabinet base. (bedroom)
[20] tray is on desk. (bedroom desk)
[20] item is on tray. (bedroom desk)
[20] cup is on desk. (bedroom desk)
[27] bottle is on desk. (bedroom desk)
[29] Chris is at desk. (bedroom)
[29] character_2 is at desk. (bedroom)
[30] character_2 is at desk. (bedroom)
[32] yellow sponge is on tray. (bedroom workspace)
[49] small plastic container is on tray. (bedroom desk)
[53] small item is on tray. (bedroom)
[53] glass is on tray. (bedroom)
[59] Paul asks for spoon. (bedroom leading to kitchen)
[59] Paul asks again for spoon. (bedroom leading to kitchen)
[59] robot agrees to fetch spoon. (bedroom leading to kitchen)
[60] robot grasps spoon. (home kitchen and living room)
[60] robot lifts out of spoon. (home kitchen and living room)
[60] spoon is out of floral cup holding utensil. (home kitchen and living room)
[60] robot holds up in front of spoon. (home kitchen and living room)
[60] spoon is in front of window. (home kitchen and living room)
[60] robot carries from kitchen toward living room spoon. (home kitchen and living room)
[60] robot holds spoon. (home kitchen and living room)
[61] Chris reaches to take spoon. (bedroom)
[63] cup is on plastic-covered tray. (bedroom)
[64] spoon is in bowl. (bedroom)
[64] Chris is at desk. (bedroom)
[65] Chris uses spoon. (bedroom)
[69] bowl is on desk. (bedroom)
[70] bowl is on desk. (bedroom)
[70] bottle is on desk. (bedroom)
[78] Chris is at desk. (bedroom)
[78] Paul is at desk. (bedroom)
[78] liquid is in blue bowl. (bedroom)
[78] blue bowl is on desk. (bedroom)
[78] pink bottle is near bowl. (bedroom)
[79] item is near bowl. (bedroom)
[83] small object is in blue bowl. (bedroom)
[83] tray is on shelf in cabinet. (bedroom)
[83] tray is on upper shelf. (bedroom)

**Conversations: **

Conversation 5: Chris and Paul conduct informal experiments on water flow and capillarity using tissues and glasses, concluding that opening size and shape affect flow and that water can move via capillary action. They compare warm and cold water, inferring higher temperature increases mobility, and plan a density/floatation test using eggs and salt. A robot assists by fetching materials.
[56] Paul: Hello robot please give me some salt.
[58] Paul: Well by the way robot.
[58] Paul: I forget maybe you can can you fetch me a spoon.
[59] Paul: You can give me the salt now and please give me a spoon.

Conversation 7: Chris and Paul prepared cups of water, making one with salt by stirring until dissolved. They then planned to proceed to a low-voltage experiment involving eggs and asked the robot to fetch an egg. The conversation reflects collaborative setup for a simple science experiment. The robot agreed to assist.
[63] Paul: Okay now add some salt into it.
[64] Chris: Maybe a little.
[64] Paul: Yes I think you should use a spoon to stir it right?
[64] Chris: Right.
[64] Paul: Maybe I think you should stir it again and again, until it is... the salt is fully resolved in the water, so be patient.

Conversation 3: Chris and Paul conduct simple experiments on water, discussing how dish soap reduces surface tension and comparing absorbency of tissues and a sponge. They plan deeper research on absorbability across materials and record observations. A robot assists by fetching items, and Paul suggests using a plastic bag to test water mobility and filling a pot with water.
[33] Paul: Hmm a...
[33] Paul: A pot for the experiment.
[33] Paul: Let me see where is the pot.
[34] Paul: Okay.
[34] Chris: Ah okay.

Conversation 1: Chris and Paul prepare to conduct a science experiment on water’s surface tension, permeability, and mobility using simple materials. Before starting, they decide to tidy their workspace and repeatedly direct a robot helper to organize items and gather supplies. They collect tools like a plastic bag, glass, and water, aiming to begin the experiment once the area is orderly.
[5] Chris: And put it into the shelf.
[5] Paul: Hello robot.
[5] Paul: Please put the eraser in the right place for it.
[6] Paul: Well it's still so messy of our tabletop.
[6] Paul: So let's do the tidy up maybe, Chris.
[8] Paul: So oh I think maybe I should take the rag.
[8] Paul: Oh my God.
[8] Paul: Is this the 3 corner ruler that you didn't find when you...
[9] Paul: Hmm when you did your homework last time Chris?
[9] Chris: Oh wow it's right here.

Conversation 2: Paul and Chris conduct a simple experiment floating paper clips on water, discussing surface tension as an invisible film. After multiple attempts, they note disturbance weakens the effect and consider using dish soap or milk to break surface tension. They discover the milk is unavailable and decide to use dishwashing liquid, asking a robot assistant to fetch supplies.
[23] Paul: Okay very good.
[23] Paul: Oh let me find some milk for you.
[23] Chris: I think it's in the box.
[23] Chris: Oh let me see.
[24] Paul: Well I think maybe we don't have milk in the box but...

Conversation 8: Chris and Paul conduct a simple experiment comparing egg buoyancy in pure vs. salty water, concluding that increased water density from salt causes the egg to float. They document results, tidy up with help from a robot, and plan future experiments about water and ice. Paul reviews Chris’s notes and praises the accuracy, encouraging sharing with classmates.
[68] Paul: Oh what can you see Chris?
[68] Chris: It's going down.
[68] Paul: Yes it has sunk to the bottom of our bottle right?
[68] Chris: Yes.
[68] Paul: It's so magical and now we will put the egg into a water with salt.

[Step 2] Evaluating semantic answer...
Action: [Answer]
Content: The spoon is in the bowl in the bedroom.
FINAL ANSWER (from graph):
The spoon is in the bowl in the bedroom.
✓ Updated results.json for study_16 (12 questions)
✓ Cleaned up video and frames for study_16

============================================================
Processing video: office_08
============================================================
Downloading 1 video(s) to data/videos...

Downloading office_08.mp4...
✓ Successfully downloaded office_08.mp4 to data/videos/office_08.mp4

============================================================
Download Summary:
  Successful: 1/1
============================================================

============================================================
[1/1] Processing: office_08
============================================================
Video: data/videos/office_08.mp4
Subtitles: data/subtitles/robot/office_08.srt
Output: data/frames/office_08
============================================================

Parsing subtitle file: data/subtitles/robot/office_08.srt
Found 409 subtitle entries
Video: 1280x720, 30.00 FPS, 54288 frames, 1809.60s duration

Extracting frames with subtitles...
Grouping frames into folders of 30 frames each
  Saved 10 frames (up to 9s, folder 1)
  Saved 20 frames (up to 19s, folder 1)
  Saved 30 frames (up to 29s, folder 1)
  Saved 40 frames (up to 39s, folder 2)
  Saved 50 frames (up to 49s, folder 2)
  Saved 60 frames (up to 59s, folder 2)
  Saved 70 frames (up to 69s, folder 3)
  Saved 80 frames (up to 79s, folder 3)
  Saved 90 frames (up to 89s, folder 3)
  Saved 100 frames (up to 99s, folder 4)
  Saved 110 frames (up to 109s, folder 4)
  Saved 120 frames (up to 119s, folder 4)
  Saved 130 frames (up to 129s, folder 5)
  Saved 140 frames (up to 139s, folder 5)
  Saved 150 frames (up to 149s, folder 5)
  Saved 160 frames (up to 159s, folder 6)
  Saved 170 frames (up to 169s, folder 6)
  Saved 180 frames (up to 179s, folder 6)
  Saved 190 frames (up to 189s, folder 7)
  Saved 200 frames (up to 199s, folder 7)
  Saved 210 frames (up to 209s, folder 7)
  Saved 220 frames (up to 219s, folder 8)
  Saved 230 frames (up to 229s, folder 8)
  Saved 240 frames (up to 239s, folder 8)
  Saved 250 frames (up to 249s, folder 9)
  Saved 260 frames (up to 259s, folder 9)
  Saved 270 frames (up to 269s, folder 9)
  Saved 280 frames (up to 279s, folder 10)
  Saved 290 frames (up to 289s, folder 10)
  Saved 300 frames (up to 299s, folder 10)
  Saved 310 frames (up to 309s, folder 11)
  Saved 320 frames (up to 319s, folder 11)
  Saved 330 frames (up to 329s, folder 11)
  Saved 340 frames (up to 339s, folder 12)
  Saved 350 frames (up to 349s, folder 12)
  Saved 360 frames (up to 359s, folder 12)
  Saved 370 frames (up to 369s, folder 13)
  Saved 380 frames (up to 379s, folder 13)
  Saved 390 frames (up to 389s, folder 13)
  Saved 400 frames (up to 399s, folder 14)
  Saved 410 frames (up to 409s, folder 14)
  Saved 420 frames (up to 419s, folder 14)
  Saved 430 frames (up to 429s, folder 15)
  Saved 440 frames (up to 439s, folder 15)
  Saved 450 frames (up to 449s, folder 15)
  Saved 460 frames (up to 459s, folder 16)
  Saved 470 frames (up to 469s, folder 16)
  Saved 480 frames (up to 479s, folder 16)
  Saved 490 frames (up to 489s, folder 17)
  Saved 500 frames (up to 499s, folder 17)
  Saved 510 frames (up to 509s, folder 17)
  Saved 520 frames (up to 519s, folder 18)
  Saved 530 frames (up to 529s, folder 18)
  Saved 540 frames (up to 539s, folder 18)
  Saved 550 frames (up to 549s, folder 19)
  Saved 560 frames (up to 559s, folder 19)
  Saved 570 frames (up to 569s, folder 19)
  Saved 580 frames (up to 579s, folder 20)
  Saved 590 frames (up to 589s, folder 20)
  Saved 600 frames (up to 599s, folder 20)
  Saved 610 frames (up to 609s, folder 21)
  Saved 620 frames (up to 619s, folder 21)
  Saved 630 frames (up to 629s, folder 21)
  Saved 640 frames (up to 639s, folder 22)
  Saved 650 frames (up to 649s, folder 22)
  Saved 660 frames (up to 659s, folder 22)
  Saved 670 frames (up to 669s, folder 23)
  Saved 680 frames (up to 679s, folder 23)
  Saved 690 frames (up to 689s, folder 23)
  Saved 700 frames (up to 699s, folder 24)
  Saved 710 frames (up to 709s, folder 24)
  Saved 720 frames (up to 719s, folder 24)
  Saved 730 frames (up to 729s, folder 25)
  Saved 740 frames (up to 739s, folder 25)
  Saved 750 frames (up to 749s, folder 25)
  Saved 760 frames (up to 759s, folder 26)
  Saved 770 frames (up to 769s, folder 26)
  Saved 780 frames (up to 779s, folder 26)
  Saved 790 frames (up to 789s, folder 27)
  Saved 800 frames (up to 799s, folder 27)
  Saved 810 frames (up to 809s, folder 27)
  Saved 820 frames (up to 819s, folder 28)
  Saved 830 frames (up to 829s, folder 28)
  Saved 840 frames (up to 839s, folder 28)
  Saved 850 frames (up to 849s, folder 29)
  Saved 860 frames (up to 859s, folder 29)
  Saved 870 frames (up to 869s, folder 29)
  Saved 880 frames (up to 879s, folder 30)
  Saved 890 frames (up to 889s, folder 30)
  Saved 900 frames (up to 899s, folder 30)
  Saved 910 frames (up to 909s, folder 31)
  Saved 920 frames (up to 919s, folder 31)
  Saved 930 frames (up to 929s, folder 31)
  Saved 940 frames (up to 939s, folder 32)
  Saved 950 frames (up to 949s, folder 32)
  Saved 960 frames (up to 959s, folder 32)
  Saved 970 frames (up to 969s, folder 33)
  Saved 980 frames (up to 979s, folder 33)
  Saved 990 frames (up to 989s, folder 33)
  Saved 1000 frames (up to 999s, folder 34)
  Saved 1010 frames (up to 1009s, folder 34)
  Saved 1020 frames (up to 1019s, folder 34)
  Saved 1030 frames (up to 1029s, folder 35)
  Saved 1040 frames (up to 1039s, folder 35)
  Saved 1050 frames (up to 1049s, folder 35)
  Saved 1060 frames (up to 1059s, folder 36)
  Saved 1070 frames (up to 1069s, folder 36)
  Saved 1080 frames (up to 1079s, folder 36)
  Saved 1090 frames (up to 1089s, folder 37)
  Saved 1100 frames (up to 1099s, folder 37)
  Saved 1110 frames (up to 1109s, folder 37)
  Saved 1120 frames (up to 1119s, folder 38)
  Saved 1130 frames (up to 1129s, folder 38)
  Saved 1140 frames (up to 1139s, folder 38)
  Saved 1150 frames (up to 1149s, folder 39)
  Saved 1160 frames (up to 1159s, folder 39)
  Saved 1170 frames (up to 1169s, folder 39)
  Saved 1180 frames (up to 1179s, folder 40)
  Saved 1190 frames (up to 1189s, folder 40)
  Saved 1200 frames (up to 1199s, folder 40)
  Saved 1210 frames (up to 1209s, folder 41)
  Saved 1220 frames (up to 1219s, folder 41)
  Saved 1230 frames (up to 1229s, folder 41)
  Saved 1240 frames (up to 1239s, folder 42)
  Saved 1250 frames (up to 1249s, folder 42)
  Saved 1260 frames (up to 1259s, folder 42)
  Saved 1270 frames (up to 1269s, folder 43)
  Saved 1280 frames (up to 1279s, folder 43)
  Saved 1290 frames (up to 1289s, folder 43)
  Saved 1300 frames (up to 1299s, folder 44)
  Saved 1310 frames (up to 1309s, folder 44)
  Saved 1320 frames (up to 1319s, folder 44)
  Saved 1330 frames (up to 1329s, folder 45)
  Saved 1340 frames (up to 1339s, folder 45)
  Saved 1350 frames (up to 1349s, folder 45)
  Saved 1360 frames (up to 1359s, folder 46)
  Saved 1370 frames (up to 1369s, folder 46)
  Saved 1380 frames (up to 1379s, folder 46)
  Saved 1390 frames (up to 1389s, folder 47)
  Saved 1400 frames (up to 1399s, folder 47)
  Saved 1410 frames (up to 1409s, folder 47)
  Saved 1420 frames (up to 1419s, folder 48)
  Saved 1430 frames (up to 1429s, folder 48)
  Saved 1440 frames (up to 1439s, folder 48)
  Saved 1450 frames (up to 1449s, folder 49)
  Saved 1460 frames (up to 1459s, folder 49)
  Saved 1470 frames (up to 1469s, folder 49)
  Saved 1480 frames (up to 1479s, folder 50)
  Saved 1490 frames (up to 1489s, folder 50)
  Saved 1500 frames (up to 1499s, folder 50)
  Saved 1510 frames (up to 1509s, folder 51)
  Saved 1520 frames (up to 1519s, folder 51)
  Saved 1530 frames (up to 1529s, folder 51)
  Saved 1540 frames (up to 1539s, folder 52)
  Saved 1550 frames (up to 1549s, folder 52)
  Saved 1560 frames (up to 1559s, folder 52)
  Saved 1570 frames (up to 1569s, folder 53)
  Saved 1580 frames (up to 1579s, folder 53)
  Saved 1590 frames (up to 1589s, folder 53)
  Saved 1600 frames (up to 1599s, folder 54)
  Saved 1610 frames (up to 1609s, folder 54)
  Saved 1620 frames (up to 1619s, folder 54)
  Saved 1630 frames (up to 1629s, folder 55)
  Saved 1640 frames (up to 1639s, folder 55)
  Saved 1650 frames (up to 1649s, folder 55)
  Saved 1660 frames (up to 1659s, folder 56)
  Saved 1670 frames (up to 1669s, folder 56)
  Saved 1680 frames (up to 1679s, folder 56)
  Saved 1690 frames (up to 1689s, folder 57)
  Saved 1700 frames (up to 1699s, folder 57)
  Saved 1710 frames (up to 1709s, folder 57)
  Saved 1720 frames (up to 1719s, folder 58)
  Saved 1730 frames (up to 1729s, folder 58)
  Saved 1740 frames (up to 1739s, folder 58)
  Saved 1750 frames (up to 1749s, folder 59)
  Saved 1760 frames (up to 1759s, folder 59)
  Saved 1770 frames (up to 1769s, folder 59)
  Saved 1780 frames (up to 1779s, folder 60)
  Saved 1790 frames (up to 1789s, folder 60)
  Saved 1800 frames (up to 1799s, folder 60)
  Saved 1810 frames (up to 1809s, folder 61)

✓ Extracted 1810 frames to data/frames/office_08

✓ Successfully processed office_08: 1810 frames saved
--------------------------------
Processing folder:  data/frames/office_08/1
Inserted 32 triples into graph for clip 1
--------------------------------
Processing folder:  data/frames/office_08/2
Inserted 22 triples into graph for clip 2
--------------------------------
Processing folder:  data/frames/office_08/3
Inserted 23 triples into graph for clip 3
--------------------------------
Processing folder:  data/frames/office_08/4
Inserted 35 triples into graph for clip 4
--------------------------------
Processing folder:  data/frames/office_08/5
Inserted 19 triples into graph for clip 5
--------------------------------
Processing folder:  data/frames/office_08/6
Inserted 27 triples into graph for clip 6
--------------------------------
Processing folder:  data/frames/office_08/7
Inserted 23 triples into graph for clip 7
--------------------------------
Processing folder:  data/frames/office_08/8
Inserted 19 triples into graph for clip 8
--------------------------------
Processing folder:  data/frames/office_08/9
Inserted 25 triples into graph for clip 9
--------------------------------
Processing folder:  data/frames/office_08/10
Inserted 17 triples into graph for clip 10
--------------------------------
Processing folder:  data/frames/office_08/11
Inserted 19 triples into graph for clip 11
--------------------------------
Processing folder:  data/frames/office_08/12
Inserted 24 triples into graph for clip 12
--------------------------------
Processing folder:  data/frames/office_08/13
Inserted 12 triples into graph for clip 13
--------------------------------
Processing folder:  data/frames/office_08/14
Inserted 21 triples into graph for clip 14
--------------------------------
Processing folder:  data/frames/office_08/15
Inserted 16 triples into graph for clip 15
--------------------------------
Processing folder:  data/frames/office_08/16
Inserted 26 triples into graph for clip 16
--------------------------------
Processing folder:  data/frames/office_08/17
Inserted 22 triples into graph for clip 17
--------------------------------
Processing folder:  data/frames/office_08/18
Inserted 13 triples into graph for clip 18
--------------------------------
Processing folder:  data/frames/office_08/19
Inserted 16 triples into graph for clip 19
--------------------------------
Processing folder:  data/frames/office_08/20
Inserted 20 triples into graph for clip 20
--------------------------------
Processing folder:  data/frames/office_08/21
Inserted 14 triples into graph for clip 21
--------------------------------
Processing folder:  data/frames/office_08/22
Inserted 17 triples into graph for clip 22
--------------------------------
Processing folder:  data/frames/office_08/23
Inserted 21 triples into graph for clip 23
--------------------------------
Processing folder:  data/frames/office_08/24
Inserted 19 triples into graph for clip 24
--------------------------------
Processing folder:  data/frames/office_08/25
Inserted 21 triples into graph for clip 25
--------------------------------
Processing folder:  data/frames/office_08/26
Inserted 18 triples into graph for clip 26
--------------------------------
Processing folder:  data/frames/office_08/27
Extracting summary for completed conversation 1...
✓ Conversation summary extracted. Attributes: 12, Relationships: 6
Inserted 14 triples into graph for clip 27
--------------------------------
Processing folder:  data/frames/office_08/28
Inserted 25 triples into graph for clip 28
--------------------------------
Processing folder:  data/frames/office_08/29
Inserted 30 triples into graph for clip 29
--------------------------------
Processing folder:  data/frames/office_08/30
Inserted 23 triples into graph for clip 30
--------------------------------
Processing folder:  data/frames/office_08/31
Inserted 18 triples into graph for clip 31
--------------------------------
Processing folder:  data/frames/office_08/32
Inserted 36 triples into graph for clip 32
--------------------------------
Processing folder:  data/frames/office_08/33
Extracting summary for completed conversation 2...
Warning: Character '<Mr. James>' not found in graph, skipping attribute: principal/administrator
Warning: Character '<Ms. Lucy>' not found in graph, skipping attribute: principal/administrator
✓ Conversation summary extracted. Attributes: 9, Relationships: 4
Inserted 16 triples into graph for clip 33
--------------------------------
Processing folder:  data/frames/office_08/34
Inserted 10 triples into graph for clip 34
--------------------------------
Processing folder:  data/frames/office_08/35
Inserted 23 triples into graph for clip 35
--------------------------------
Processing folder:  data/frames/office_08/36
Inserted 12 triples into graph for clip 36
--------------------------------
Processing folder:  data/frames/office_08/37
Inserted 19 triples into graph for clip 37
--------------------------------
Processing folder:  data/frames/office_08/38
Inserted 12 triples into graph for clip 38
--------------------------------
Processing folder:  data/frames/office_08/39
Inserted 29 triples into graph for clip 39
--------------------------------
Processing folder:  data/frames/office_08/40
Inserted 21 triples into graph for clip 40
--------------------------------
Processing folder:  data/frames/office_08/41
Inserted 21 triples into graph for clip 41
--------------------------------
Processing folder:  data/frames/office_08/42
Inserted 24 triples into graph for clip 42
--------------------------------
Processing folder:  data/frames/office_08/43
Inserted 23 triples into graph for clip 43
--------------------------------
Processing folder:  data/frames/office_08/44
Inserted 20 triples into graph for clip 44
--------------------------------
Processing folder:  data/frames/office_08/45
Inserted 14 triples into graph for clip 45
--------------------------------
Processing folder:  data/frames/office_08/46
Inserted 17 triples into graph for clip 46
--------------------------------
Processing folder:  data/frames/office_08/47
Inserted 21 triples into graph for clip 47
--------------------------------
Processing folder:  data/frames/office_08/48
Inserted 24 triples into graph for clip 48
--------------------------------
Processing folder:  data/frames/office_08/49
Inserted 42 triples into graph for clip 49
--------------------------------
Processing folder:  data/frames/office_08/50
Extracting summary for completed conversation 3...
✓ Conversation summary extracted. Attributes: 12, Relationships: 6
Inserted 38 triples into graph for clip 50
--------------------------------
Processing folder:  data/frames/office_08/51
Inserted 18 triples into graph for clip 51
--------------------------------
Processing folder:  data/frames/office_08/52
Inserted 29 triples into graph for clip 52
--------------------------------
Processing folder:  data/frames/office_08/53
Inserted 26 triples into graph for clip 53
--------------------------------
Processing folder:  data/frames/office_08/54
Inserted 26 triples into graph for clip 54
--------------------------------
Processing folder:  data/frames/office_08/55
Inserted 23 triples into graph for clip 55
--------------------------------
Processing folder:  data/frames/office_08/56
Inserted 10 triples into graph for clip 56
--------------------------------
Processing folder:  data/frames/office_08/57
Inserted 11 triples into graph for clip 57
--------------------------------
Processing folder:  data/frames/office_08/58
Inserted 15 triples into graph for clip 58
--------------------------------
Processing folder:  data/frames/office_08/59
Inserted 11 triples into graph for clip 59
--------------------------------
Processing folder:  data/frames/office_08/60
Inserted 17 triples into graph for clip 60
--------------------------------
Processing folder:  data/frames/office_08/61
Extracting summary for completed conversation 4...
✓ Conversation summary extracted. Attributes: 8, Relationships: 4
Inserted 16 triples into graph for clip 61
Inserting character appearances for 7 characters...
Warning: Character '<<Jessica>:>' not found in graph, skipping appearance
✓ Character appearances inserted: 33 appearance edges created
315 node embeddings inserted (6 characters, 309 objects)
1350 edge embeddings inserted
Generating character attributes...
Number of edges:  1350
Character attributes generated.
Number of edges:  1388
Character relationships generated.
Number of edges:  1427
✓ Graph memory built for office_08
Question: Is Jessica a workaholic?

[Step 1] Searching the graph...
Parse Query Output:
{
  "query_triple": ["<Jessica>", "workaholic", null, 0.95, 0.25, 0.1],
  "spatial_constraint": null,
  "speaker_strict": null,
  "allocation": {
    "k_high_level": 8,
    "k_low_level": 7,
    "k_conversations": 35,
    "total_k": 50,
    "reasoning": "Trait/characterization query. Use high-level edges for attributes; conversations to capture dialogue indicating overworking; a small portion of low-level edges for repeated work actions."
  }
}

Graph Search Results:
**High-Level Information (Character Attributes and Relationships): **

Character Attributes:
- Jessica is: female (100), hardworking (90), straight dark hair tied back with scrunchie (100), medium build (100), fair skin (100), holds pink cup (100), gray long-sleeve dress (100), light flats (100)

**Low-Level Information (Actions and Events): **

[3] Jessica continues working. (office)
[18] Jessica occasionally looks up from <Jessica>'s phone. (office)
[28] Jessica works on paper. (office)
[30] Jessica works at Jessica's computer. (office)
[41] Jessica works with paper. (office)
[49] Jessica watches two men. (office)
[50] Jessica watches cleaning. (office)

**Conversations: **

Conversation 4: Andrew borrowed a new magazine from Tom and then hurried to class, forgetting his math textbook. Jessica and Tom discussed student learning difficulties (pronunciation, confusing words like to/too/two, and long reading comprehension) and considered holding a special class to address them. Jessica asked the robot for help with solutions and coordinated with Tom about rain and ensuring Andrew has what he needs.
[52] Tom: I finished reading it, you can have it.
[52] Andrew: Okay thank you!
[52] Jessica: Oh yeah.
[52] Jessica: It's time for you to have the class, Andrew.
[52] Andrew: And don't forget to take the things you need.
[53] Tom: Yeah okay.
[53] Andrew: Bye bye.
[54] Tom: Jessica.
[54] Jessica: Yeah.
[54] Tom: Are you feeling better?
[54] Tom: If you are not feeling well, I can take you to the school hospital.
[54] Jessica: I feel better now.
[54] Jessica: And but there are some works for me.
[54] Jessica: And I must deal with them and so come here.
[54] Tom: Hmm okay!
[55] Tom: You can send it to me.
[55] Jessica: Okay, yeah, and now I send it.
[55] Jessica: Hmm yeah. Would you find it?
[55] Tom: Yeah I got this.
[55] Jessica: Hmm yeah.
[55] Jessica: From WeChat, my students say they not familiar.
[56] Jessica: from wechat, my students say they not farmiliar
[58] Jessica: so they can't solve the problems.
[58] Jessica: Oh yeah robot!
[58] Jessica: Can you help me and solve some problems?
[58] Jessica: And then I will teach the students.
[59] Tom: Jessica is always so serious about her work.
[59] Jessica: Oh yeah! By the way,
[59] Jessica: Didn't they say it would rain today???

Conversation 3: Tom discusses a class focused on basic geometric shapes and creative applications, addressing concerns about engagement and color choices. They consider organizing a school painting event involving students and teachers, with support from Andrew and Jessica. Jessica feels unwell and is encouraged to rest while Andrew takes over meeting minutes and materials; the group plans to tidy the office before a student reward distribution.
[35] Jessica: Okay thank you robot.
[36] Tom: Oh hey guys! Look outside, today weather is very good huh.
[36] Jessica: Oh yes and very nice.
[36] Tom: But do you know that the weather report says it is going to rain this afternoon?
[36] Tom: Oh I originally plan to take my students in our class to go out for sketching.
[37] Jessica: Okay so I can see in the wechat,
[37] Jessica: some students very curious about what will you paint.
[37] Jessica: so can you tell me?
[37] Andrew: Yeah me too.
[37] Andrew: I also want to know something about your class.
[39] Tom: That's the purpose of our painting
[39] Jessica: Oh it sounds great!
[39] Jessica: So but will it be sound boring?
[39] Jessica: If you teach them.
[39] Tom: Hmm I think not at all. Teaching is a very meaningful thing.
[43] Andrew: if we can involve both students and teacher. And Jessica,
[43] Andrew: what do you think about it?
[43] Jessica: Yeah!
[43] Jessica: I definitely support it and hopefully there will be less work then.
[43] Jessica: Ouch!
[44] Jessica: Oh I feel a little cold.
[44] Andrew: Maybe just got a fever?
[44] Jessica: Yes.
[44] Jessica: Thank you.
[44] Tom: I just know.
[44] Jessica: Thank you Andrew.
[44] Andrew: Take good care of yourself, okay?
[44] Jessica: Okay yes yes.
[44] Tom: Jessica you must have stayed up late till down, right?
[44] Tom: You should go home and take a rest now.
[44] Jessica: Oh yeah!
[45] Jessica: But there are some any other things you know,
[45] Jessica: the teaching research meetings and
[48] Andrew: let's take this opportunity to tidy up our office. Okay?
[49] Tom: Okay I'll help you.
[49] Jessica: Oh, do you need me help
[49] Tom: Oh. That's okay?
[49] Andrew: You just rest a bit and the two of us are enough.

Conversation 2: Jessica is worried about a lost or damaged document, but Andrew reminds her that she shared a copy earlier and can reprint it. Tom and Andrew offer support, and a robot is asked to help copy the material. Jessica also notes that Mr. James and Ms. Lucy, likely principals, will serve as additional judges for the competition.
[28] Jessica: Ah!
[28] Tom: Oh what's wrong?
[28] Jessica: Oh my document!
[28] Tom: Oh you should take good rest, come on!
[28] Tom: Have a seat. Let me have a play.
[29] Andrew: So just reprint it. Don't worry about it.
[30] Andrew: So Jessica besides you, is there any other judges in this competition?
[30] Jessica: Yeah.
[30] Jessica: I think here's the principles, Mr. James and Ms. Lucy.
[31] Jessica: Thank you thank you.
[31] Andrew: And Tom what about you?
[31] Tom: Yeah!

Conversation 1: Andrew, Jessica, and Tom chat about movies, breakfast, and an upcoming student debate where Jessica will serve as a judge. They discuss and praise Andrew’s teaching, share enthusiasm for Chinese cuisine, and consider trying a new nearby Chinese restaurant after work. Jessica will dine with her boyfriend, so Andrew and Tom plan to shop for a jacket and see a movie together. The robot assists by handling small tasks and is asked to record their plans.
[1] Andrew: Good morning Tom, Jessica.
[1] Jessica: Good morning.
[1] Andrew: You are so early.
[1] Andrew: I thought I was the first one arriving.
[3] Andrew: and I think weather forecast says it will rain later.
[3] robot: I will place the umbrella at the doorway.
[3] Jessica: Oh yeah!
[3] Jessica: As soon as arrived I started working.
[3] Jessica: And I feel I am so hungry and I forgot to have the breakfast
[3] Jessica: So would you have the breakfast?
[5] Andrew: the same as Jessica's?
[5] robot: okay.
[5] Jessica: Ouch!
[5] Jessica: Oh I feel so bad
[5] Tom: Oh Jessica?
[5] Tom: Are you feeling unwell?
[5] Tom: Did you wake up late last night?
[5] Jessica: Yes it's all because of this competition. I stayed up late
[6] Jessica: writing the materials and now
[6] Jessica: I very need a coffee to survive.
[6] Tom: Working late again,
[6] Tom: You are really a workaholic
[6] Tom: I think you should drink hot water.
[6] Andrew: Hey, Robot, could you please pour the hot water to Jessica?
[12] Tom: I agree with you.
[13] Tom: Oh I'm hungry guys!
[13] Jessica: Yes me too.
[14] Andrew: Hey Tom and Jessica!
[14] Andrew: And I'm craving for Chinese food today and do you like it?
[21] Tom: I'm curious about the braised pork belly as well,
[22] Tom: I'm curious about the braised pork belly as well, and the melt-in-your-mouth texture and rich sauce are just irresistible that's very good.
[22] Jessica: Hahaha
[22] Tom: Why?
[22] Tom: It's so funny.
[22] Andrew: That's a lot of joke.
[22] Jessica: Yeah!
[22] Jessica: So there are so many delicious options and I'm afraid
[23] Jessica: I will end up ordering too much,
[24] Jessica: Let we see it okay?
[24] Andrew: Oh okay okay that's a good idea.
[24] Jessica: Oh yeah very nice!
[24] Tom: Oh let's continue to work.
[24] Andrew: Hey Jessica! and Tom! By the way,

[Step 2] Evaluating semantic answer...
Action: [Answer]
Content: Yes, Jessica is a workaholic.
FINAL ANSWER (from graph):
Yes, Jessica is a workaholic.
Question: Is Andrew a responsible teacher?

[Step 1] Searching the graph...
Parse Query Output:
{
  "query_triple": ["<Andrew>", "responsible", "teacher", 0.95, 0.25, 0.6],
  "spatial_constraint": null,
  "speaker_strict": null,
  "allocation": {
    "k_high_level": 9,
    "k_low_level": 11,
    "k_conversations": 30,
    "total_k": 50,
    "reasoning": "Trait/role query about Andrew being a responsible teacher. Use high-level edges for attributes and role associations, conversations to gather evidence/opinions, and a small set of low-level edges for specific actions demonstrating responsibility."
  }
}

Graph Search Results:
**High-Level Information (Character Attributes and Relationships): **

Character Relationships:
- Jessica collaborates with Andrew (90)
- Jessica respects Andrew (80)
- Andrew supports Jessica (85)
- Andrew colleague of Jessica (85)
- Andrew is colleague of Jessica (95)
- Jessica cooperates with Andrew (90)
- robot assistant to Andrew (90)
- Andrew colleague of Tom (85)
- Tom is colleague of Andrew (95)

**Low-Level Information (Actions and Events): **

[5] Andrew looks at computer. (office)
[6] Andrew sits in chair. (office)
[9] Andrew works on device. (office)
[12] Andrew finishes statement about doing better for student. (office)
[25] Andrew proposes trying restaurant. (office)
[29] Andrew moves toward printer. (office)
[36] Andrew works on device. (office)
[43] Andrew suggests involving student and teacher. (office)
[46] Andrew adds comment about promise to student. (office)
[49] Andrew stands up from chair. (office)
[52] Andrew stands up from chair. (office)

**Conversations: **

Conversation 1: Andrew, Jessica, and Tom chat about movies, breakfast, and an upcoming student debate where Jessica will serve as a judge. They discuss and praise Andrew’s teaching, share enthusiasm for Chinese cuisine, and consider trying a new nearby Chinese restaurant after work. Jessica will dine with her boyfriend, so Andrew and Tom plan to shop for a jacket and see a movie together. The robot assists by handling small tasks and is asked to record their plans.
[1] Andrew: You are so early.
[1] Andrew: I thought I was the first one arriving.
[1] Andrew: How about you yesterday?
[1] Tom: Oh! I went to see the cinema and I think the movie is very nice.
[1] Andrew: Okay, I think it's very good.
[1] Tom: Wow! Is this your new cup, Jessica? That's very nice.
[1] Andrew: Okay I think it likes a couple of sets.
[2] Jessica: Oh yeah! The bottle on the table near the dispenser that my boyfriend gave me.
[2] Andrew: Alright!
[2] Andrew: I heard the students will have a debate competition the day after tomorrow.
[2] Tom: Yes. And Jessica is one of the judges.
[2] Tom: She's busy preparing all the materials right now.
[2] Andrew: Okay that's so cool.
[2] Andrew: Okay,
[3] Andrew: robot could you please put the umbrella by the door
[3] Andrew: and I think weather forecast says it will rain later.
[4] Andrew: Uh I also don't have breakfast and can the robot help me order
[5] Andrew: don't have breakfast and can the robot help me order
[5] Andrew: the same as Jessica's?
[5] robot: okay.
[5] Jessica: Ouch!
[9] Andrew: Wow amazing!
[9] Andrew: I just placed the order yesterday and it already arrived.
[9] Tom: Oh Andrew!
[9] Tom: what did you buy again?
[9] Tom: I thought the breakfast had arrived.
[10] Andrew: So today I can use it.
[10] Tom: So many pens I mean we don't need to buy pens anymore.
[10] Andrew: Who says them for me. These are just small gifts for my class students.
[10] Andrew: who got the A in the test.
[10] Tom: With a teacher like you no wonder the classmates in your class has so many good grades in math.
[11] Jessica: I also think that you are a nice teacher
[12] Jessica: Thank you for your efforts.
[12] Jessica: And we all like you.
[12] Andrew: Thank you very much.
[12] Andrew: And I think we are all the good teachers and let's
[12] Andrew: do better for our students.
[12] Tom: Okay!
[12] Tom: I agree with you.
[16] Tom: I could eat uh about three ducks and that day I um
[16] Tom: I just can't see anymore.
[16] Andrew: It's very funny
[16] Andrew: I see it very funny! Yeah!
[17] Jessica: Me too and also
[26] Andrew: and then we can go and watch a movie. Hmm,
[26] Tom: That's good.
[26] Andrew: Ah it's very good.
[26] Tom: Yes.
[26] Tom: Ending the last day of work week like this is really relaxing!

Conversation 4: Andrew borrowed a new magazine from Tom and then hurried to class, forgetting his math textbook. Jessica and Tom discussed student learning difficulties (pronunciation, confusing words like to/too/two, and long reading comprehension) and considered holding a special class to address them. Jessica asked the robot for help with solutions and coordinated with Tom about rain and ensuring Andrew has what he needs.
[52] Andrew: Okay thank you!
[52] Jessica: Oh yeah.
[52] Jessica: It's time for you to have the class, Andrew.
[52] Andrew: And don't forget to take the things you need.
[52] Andrew: Okay guys I will leave first, Byebye!
[59] Jessica: Didn't they say it would rain today???
[59] Jessica: The robot just now give the Andrew an umbrella when he went out?
[59] Tom: Hmm which teaching building is Andrew in for this class?
[60] Tom: Do I need to deliver it to him?
[60] Jessica: Hmm yeah. It seems to be the teaching building too.

Conversation 3: Tom discusses a class focused on basic geometric shapes and creative applications, addressing concerns about engagement and color choices. They consider organizing a school painting event involving students and teachers, with support from Andrew and Jessica. Jessica feels unwell and is encouraged to rest while Andrew takes over meeting minutes and materials; the group plans to tidy the office before a student reward distribution.
[36] Tom: But do you know that the weather report says it is going to rain this afternoon?
[36] Tom: Oh I originally plan to take my students in our class to go out for sketching.
[36] Andrew: I want all the students enjoy your class and if I am a student,
[37] Andrew: I also want to join it.
[37] Tom: HaHa! Thank you.
[37] Jessica: so can you tell me?
[37] Andrew: Yeah me too.
[37] Andrew: I also want to know something about your class.
[37] Tom: Hmm well, I will let you know something first, before
[38] Tom: We think we can start with some very simple geographic pictures,
[40] Tom: Or we can make the squares, you know, into house.
[40] Andrew: Yes and that's good idea. Then it will be more creative.
[40] Andrew: And it can cultivate the students imagination.
[40] Andrew: But what about color?
[40] Tom: Hmm that's up to students.
[42] Jessica: That sounds exciting now.
[42] Jessica: So I'm also looking for it,
[42] Andrew: And I think your class will be a fun class.
[42] Andrew: With these things to paint.
[42] Andrew: and that's by the way if I have the choice,
[42] Andrew: I will enjoy your class too.
[42] Tom: Okay.
[43] Tom: Uh by the way guys.
[43] Tom: What do you think about it?
[43] Andrew: And I just think it interesting,
[43] Andrew: if we can involve both students and teacher. And Jessica,
[43] Andrew: what do you think about it?
[43] Jessica: Yeah!
[43] Jessica: I definitely support it and hopefully there will be less work then.
[44] Tom: I just know.
[44] Jessica: Thank you Andrew.
[44] Andrew: Take good care of yourself, okay?
[44] Jessica: Okay yes yes.
[44] Tom: Jessica you must have stayed up late till down, right?
[45] Jessica: the teaching research meetings and
[45] Jessica: the competition materials I should have done.
[45] Andrew: And I will take care of the
[45] Andrew: meeting minutes and the material has already been printed.
[45] Andrew: And health is the most important thing.
[45] Andrew: just as the principle often says so too.
[46] Andrew: I really can't do anything about you.
[46] Andrew: You work as if you don't care of your life.
[46] Andrew: The next task is mine.
[46] Tom: Haha why are you so nervous.
[46] Andrew: And I promised the student to bring the rewards.
[47] Andrew: Let me see, the pen is here, but where is the stack of notebook?
[47] Andrew: I prepared.
[47] Andrew: And where's my notebook?
[47] Andrew: Hey robot.
[47] Andrew: Did you see where red my notebook?
[47] Andrew: Can you find it?
[47] robot: I see it, and I will give you it.
[48] Andrew: Okay, thank you robot.

Conversation 2: Jessica is worried about a lost or damaged document, but Andrew reminds her that she shared a copy earlier and can reprint it. Tom and Andrew offer support, and a robot is asked to help copy the material. Jessica also notes that Mr. James and Ms. Lucy, likely principals, will serve as additional judges for the competition.
[30] Jessica: I think here's the principles, Mr. James and Ms. Lucy.
[31] Jessica: Thank you thank you.
[31] Andrew: And Tom what about you?
[31] Tom: Yeah!
[31] Tom: That's will be okay.

[Step 2] Evaluating semantic answer...
Action: [Answer]
Content: Yes, Andrew appears to be a responsible teacher, as he prepares rewards for high-achieving students, supports colleagues, manages meeting materials, and prioritizes student involvement and improvement.
FINAL ANSWER (from graph):
Yes, Andrew appears to be a responsible teacher, as he prepares rewards for high-achieving students, supports colleagues, manages meeting materials, and prioritizes student involvement and improvement.
Question: Did Andrew, Tom and Jessica all get new things?

[Step 1] Searching the graph...
Parse Query Output:
{
  "query_triple": ["<Andrew>", "gets", "new thing", 0.95, 0.35, 0.5],
  "spatial_constraint": null,
  "speaker_strict": null,
  "allocation": {
    "k_high_level": 6,
    "k_low_level": 38,
    "k_conversations": 6,
    "total_k": 50,
    "reasoning": "Action-focused yes/no across multiple characters; prioritize low-level edges for acquisition actions, use limited high-level for traits/summary if needed, minimal conversations unless dialogue states they got new items."
  }
}

Graph Search Results:
**High-Level Information (Character Attributes and Relationships): **

Character Attributes:
- Andrew is: glasses (100), male (100)

Character Relationships:
- Andrew supports Jessica (85)
- Jessica collaborates with Andrew (90)
- robot assists Andrew (70)
- robot assistant to Andrew (90)

**Low-Level Information (Actions and Events): **

[1] Andrew holds folder. (office)
[1] Andrew asks Tom. (office)
[4] Jessica asks Andrew. (office)
[4] Andrew gives order. (office)
[4] Andrew likes it. (office)
[4] Andrew asks robot. (office)
[4] robot helps Andrew. (office)
[5] Andrew looks at paper. (office)
[6] Andrew watches exchange. (office)
[7] Andrew watches exchange. (office)
[9] Andrew works on device. (office)
[9] Andrew grabs large white package. (office)
[9] Andrew checks content. (office)
[19] Andrew looks at small device. (office)
[21] Andrew faces others. (office)
[25] Andrew mentions new Chinese restaurant nearby. (office)
[25] Andrew wants to buy new jacket. (office)
[26] Andrew addresses robot. (office)
[26] Andrew asks to robot. (office)
[29] Andrew takes bag. (office)
[29] Andrew opens bag. (office)
[30] Andrew looks at item. (office)
[30] Andrew asks Jessica. (office)
[32] Andrew addresses robot. (office)
[36] Andrew uses smartphone. (office)
[36] Andrew works on device. (office)
[42] Andrew sets bottle. (office)
[44] Andrew uses <Andrew>'s phone. (office)
[46] Tom asks Andrew. (office)
[47] Andrew looks through item. (office)
[49] Andrew uses tablet. (office)
[51] Andrew holds magazine. (office)
[51] Andrew asks Tom. (office)
[52] Andrew holds book. (office)
[52] Andrew gathers item. (office)
[52] Andrew reminds other. (office)
[52] Andrew holds folder. (office)
[53] Andrew places folder. (office)

**Conversations: **

Conversation 1: Andrew, Jessica, and Tom chat about movies, breakfast, and an upcoming student debate where Jessica will serve as a judge. They discuss and praise Andrew’s teaching, share enthusiasm for Chinese cuisine, and consider trying a new nearby Chinese restaurant after work. Jessica will dine with her boyfriend, so Andrew and Tom plan to shop for a jacket and see a movie together. The robot assists by handling small tasks and is asked to record their plans.
[1] Andrew: Good morning Tom, Jessica.
[1] Jessica: Good morning.
[1] Andrew: You are so early.
[4] Andrew: Uh I also don't have breakfast and can the robot help me order
[5] Andrew: don't have breakfast and can the robot help me order
[5] Andrew: the same as Jessica's?
[5] robot: okay.
[5] Jessica: Ouch!
[13] Tom: Oh I'm hungry guys!
[13] Jessica: Yes me too.
[14] Andrew: Hey Tom and Jessica!
[14] Andrew: And I'm craving for Chinese food today and do you like it?
[14] Tom: Oh definitely, Chinese food is so diverse and delicious,
[24] Jessica: Oh yeah very nice!
[24] Tom: Oh let's continue to work.
[24] Andrew: Hey Jessica! and Tom! By the way,
[25] Andrew: I found a new Chinese restaurant has opened nearby.
[25] Andrew: And how about we try it for dinner later.

Conversation 4: Andrew borrowed a new magazine from Tom and then hurried to class, forgetting his math textbook. Jessica and Tom discussed student learning difficulties (pronunciation, confusing words like to/too/two, and long reading comprehension) and considered holding a special class to address them. Jessica asked the robot for help with solutions and coordinated with Tom about rain and ensuring Andrew has what he needs.
[59] Jessica: Oh yeah! By the way,
[59] Jessica: Didn't they say it would rain today???
[59] Jessica: The robot just now give the Andrew an umbrella when he went out?
[59] Tom: Hmm which teaching building is Andrew in for this class?
[60] Tom: Do I need to deliver it to him?

Conversation 2: Jessica is worried about a lost or damaged document, but Andrew reminds her that she shared a copy earlier and can reprint it. Tom and Andrew offer support, and a robot is asked to help copy the material. Jessica also notes that Mr. James and Ms. Lucy, likely principals, will serve as additional judges for the competition.
[30] Jessica: I think here's the principles, Mr. James and Ms. Lucy.
[31] Jessica: Thank you thank you.
[31] Andrew: And Tom what about you?
[31] Tom: Yeah!
[31] Tom: That's will be okay.

[Step 2] Evaluating semantic answer...
Action: [Answer]
Content: No, only Andrew planned to buy a new jacket; there’s no evidence that Tom or Jessica got new things.
FINAL ANSWER (from graph):
No, only Andrew planned to buy a new jacket; there’s no evidence that Tom or Jessica got new things.
Question: Did Jessica leave and have a rest finally?

[Step 1] Searching the graph...
Parse Query Output:
{
  "query_triple": ["<Jessica>", "leaves and rests", "final scene", 0.95, 0.3, 0.6],
  "spatial_constraint": null,
  "speaker_strict": null,
  "allocation": {
    "k_high_level": 6,
    "k_low_level": 34,
    "k_conversations": 10,
    "total_k": 50,
    "reasoning": "Action/temporal query about whether Jessica leaves and then rests by the end; prioritize low-level edges for specific actions and timing, with some conversations for confirmations or narration, and a few high-level edges for character state summaries."
  }
}

Graph Search Results:
**High-Level Information (Character Attributes and Relationships): **

Character Relationships:
- Jessica collaborates with Andrew (90)
- Andrew supports Jessica (85)
- Jessica relies on robot (85)
- Jessica respects Andrew (80)
- Tom supports Jessica (85)
- Andrew is colleague of Jessica (95)

**Low-Level Information (Actions and Events): **

[4] Jessica sits at center desk. (office)
[5] Jessica sits at center desk. (office)
[12] Jessica sits at center desk. (office)
[13] Jessica sits at center desk. (office)
[14] Jessica sits at center desk. (office)
[14] Jessica looks toward the others. (office)
[15] Jessica sits at center desk. (office)
[16] Jessica sits at center desk. (office)
[17] Jessica sits at center desk. (office)
[18] Jessica sits at center desk. (office)
[19] Jessica sits at center desk. (office)
[19] Jessica looks at Jessica's screen. (office)
[20] Jessica sits at center desk. (office)
[21] Jessica sits at center desk. (office)
[22] Jessica sits at center desk. (office)
[22] Jessica looks toward Jessica's screen. (office)
[23] Jessica sits at center desk. (office)
[24] Jessica sits at center desk. (office)
[25] Jessica sits at center desk. (office)
[26] Jessica sits at center desk. (office)
[27] Jessica sits at center desk. (office)
[27] Jessica looks at Jessica's screen. (office)
[28] Jessica sits at center desk. (office)
[30] Jessica sits at center desk. (office)
[31] Jessica sits at center desk. (office)
[32] Jessica sits at center desk. (office)
[32] Jessica looks toward the others. (office)
[39] Jessica looks toward the others. (office)
[40] Jessica sits at center desk. (office)
[42] Jessica sits at center desk. (office)
[42] Jessica looks toward the others. (office)
[48] Jessica looks toward the others. (office)
[54] Jessica stands beside center desk. (office)
[61] Jessica rests hand on desk. (office)

**Conversations: **

Conversation 4: Andrew borrowed a new magazine from Tom and then hurried to class, forgetting his math textbook. Jessica and Tom discussed student learning difficulties (pronunciation, confusing words like to/too/two, and long reading comprehension) and considered holding a special class to address them. Jessica asked the robot for help with solutions and coordinated with Tom about rain and ensuring Andrew has what he needs.
[52] Andrew: And don't forget to take the things you need.
[52] Andrew: Okay guys I will leave first, Byebye!
[52] Jessica: Bye bye.
[53] Andrew: I just forgot my math textbook how can I have a class without it.
[53] Tom: Yeah okay.
[53] Andrew: Bye bye.
[54] Tom: Jessica.
[54] Jessica: Yeah.
[54] Tom: Are you feeling better?
[54] Tom: If you are not feeling well, I can take you to the school hospital.
[54] Jessica: I feel better now.
[54] Jessica: And but there are some works for me.
[54] Jessica: And I must deal with them and so come here.
[55] Jessica: Hmm yeah. Would you find it?
[55] Tom: Yeah I got this.
[55] Jessica: Hmm yeah.
[55] Jessica: From WeChat, my students say they not familiar.
[56] Jessica: from wechat, my students say they not farmiliar

Conversation 3: Tom discusses a class focused on basic geometric shapes and creative applications, addressing concerns about engagement and color choices. They consider organizing a school painting event involving students and teachers, with support from Andrew and Jessica. Jessica feels unwell and is encouraged to rest while Andrew takes over meeting minutes and materials; the group plans to tidy the office before a student reward distribution.
[37] Jessica: Okay so I can see in the wechat,
[37] Jessica: some students very curious about what will you paint.
[37] Jessica: so can you tell me?
[37] Andrew: Yeah me too.
[37] Andrew: I also want to know something about your class.
[44] Jessica: Oh I feel a little cold.
[44] Andrew: Maybe just got a fever?
[44] Jessica: Yes.
[44] Jessica: Thank you.
[44] Tom: I just know.
[44] Andrew: Take good care of yourself, okay?
[44] Jessica: Okay yes yes.
[44] Tom: Jessica you must have stayed up late till down, right?
[44] Tom: You should go home and take a rest now.
[44] Jessica: Oh yeah!

Conversation 1: Andrew, Jessica, and Tom chat about movies, breakfast, and an upcoming student debate where Jessica will serve as a judge. They discuss and praise Andrew’s teaching, share enthusiasm for Chinese cuisine, and consider trying a new nearby Chinese restaurant after work. Jessica will dine with her boyfriend, so Andrew and Tom plan to shop for a jacket and see a movie together. The robot assists by handling small tasks and is asked to record their plans.
[5] Jessica: Ouch!
[5] Jessica: Oh I feel so bad
[5] Tom: Oh Jessica?
[5] Tom: Are you feeling unwell?
[5] Tom: Did you wake up late last night?
[6] robot: I will pour a cup of hot water for Jessica.
[7] Jessica: Okay thank you robot.
[7] Jessica: I feel so better.
[8] Tom: Oh I just ordered it's here so quickly!
[8] Tom: Hey, robot, could you go and get it for me?

Conversation 2: Jessica is worried about a lost or damaged document, but Andrew reminds her that she shared a copy earlier and can reprint it. Tom and Andrew offer support, and a robot is asked to help copy the material. Jessica also notes that Mr. James and Ms. Lucy, likely principals, will serve as additional judges for the competition.
[29] Andrew: So just reprint it. Don't worry about it.
[30] Andrew: So Jessica besides you, is there any other judges in this competition?
[30] Jessica: Yeah.
[30] Jessica: I think here's the principles, Mr. James and Ms. Lucy.
[31] Jessica: Thank you thank you.

[Step 2] Evaluating semantic answer...
Action: [Answer]
Content: No, Jessica stayed at the center desk and did not leave to rest.
FINAL ANSWER (from graph):
No, Jessica stayed at the center desk and did not leave to rest.
Question: What should the robot order for Tom?

[Step 1] Searching the graph...
Parse Query Output:
{
  "query_triple": ["<robot>", "should order", "<Tom>", 0.9, 0.3, 0.9],
  "spatial_constraint": null,
  "speaker_strict": null,
  "allocation": {
    "k_high_level": 6,
    "k_low_level": 14,
    "k_conversations": 30,
    "total_k": 50,
    "reasoning": "Recommendation/intent question likely based on dialogue/context (Tom's preferences or instructions). Allocate more to conversations to find what Tom asked for; some low-level edges to capture ordering actions/items; limited high-level for roles/traits."
  }
}

Graph Search Results:
**High-Level Information (Character Attributes and Relationships): **

Character Attributes:
- Tom is: seated at left desk (100)

Character Relationships:
- robot cooperates with Tom (80)
- Tom leads task for robot (70)
- Tom is colleague of robot (65)
- Tom trusts robot (60)
- robot is subordinate to Tom (60)

**Low-Level Information (Actions and Events): **

[1] Tom types on keyboard. (office)
[3] Tom types on keyboard. (office)
[4] robot orders something. (office)
[8] Tom asks to retrieve robot. (office)
[8] robot informs about Tom. (office)
[19] Tom types on keyboard. (office)
[26] robot records Andrew and Tom's plan. (office)
[28] Tom arranges around monitor. (office)
[32] Tom gestures toward camera. (office)
[39] Tom elaborates about object. (office)
[43] Tom asks other. (office)
[52] Tom is on chair. (office)
[60] Tom rests hand near keyboard. (office)
[61] Tom uses mouse. (office)

**Conversations: **

Conversation 4: Andrew borrowed a new magazine from Tom and then hurried to class, forgetting his math textbook. Jessica and Tom discussed student learning difficulties (pronunciation, confusing words like to/too/two, and long reading comprehension) and considered holding a special class to address them. Jessica asked the robot for help with solutions and coordinated with Tom about rain and ensuring Andrew has what he needs.
[51] Andrew: New magazine.
[51] Andrew: And hey robot who buy this new magazine?
[51] robot: It should be Tom's.
[51] Andrew: Tom, have you finished reading this new magazine?
[51] Andrew: Can you lend it to me have a look?
[52] Tom: Yes of course!
[52] Tom: I finished reading it, you can have it.
[52] Andrew: Okay thank you!
[54] Jessica: And but there are some works for me.
[54] Jessica: And I must deal with them and so come here.
[54] Tom: Hmm okay!
[54] Jessica: Oh I think there are some problems and could you help me check them,
[55] Jessica: If there's some omissions in the scoring criteria.
[55] Tom: Hmm of course.
[55] Tom: You can send it to me.
[55] Jessica: Okay, yeah, and now I send it.
[59] Jessica: The robot just now give the Andrew an umbrella when he went out?
[59] Tom: Hmm which teaching building is Andrew in for this class?
[60] Tom: Do I need to deliver it to him?
[60] Jessica: Hmm yeah. It seems to be the teaching building too.
[60] Jessica: and if it rain after class,

Conversation 1: Andrew, Jessica, and Tom chat about movies, breakfast, and an upcoming student debate where Jessica will serve as a judge. They discuss and praise Andrew’s teaching, share enthusiasm for Chinese cuisine, and consider trying a new nearby Chinese restaurant after work. Jessica will dine with her boyfriend, so Andrew and Tom plan to shop for a jacket and see a movie together. The robot assists by handling small tasks and is asked to record their plans.
[3] Jessica: And I feel I am so hungry and I forgot to have the breakfast
[3] Jessica: So would you have the breakfast?
[4] Jessica: And don't we let the robot to order something for us?
[4] Tom: Oh I have this.
[4] Tom: But maybe could you order a drink for me?
[4] Tom: I used to drink coffee but today I want something sweeter.
[4] Jessica: Yeah I want some Americano and a set of the bagel. And Andrew?
[4] Jessica: And would you like it?
[4] Andrew: Uh I also don't have breakfast and can the robot help me order
[5] Andrew: don't have breakfast and can the robot help me order
[5] Andrew: the same as Jessica's?
[5] robot: okay.
[5] Jessica: Ouch!
[5] Jessica: Oh I feel so bad
[7] Jessica: Okay thank you robot.
[7] Jessica: I feel so better.
[8] Tom: Oh I just ordered it's here so quickly!
[8] Tom: Hey, robot, could you go and get it for me?
[8] robot: Here is a package outside the door. It says the recipient is Andrew.
[9] Andrew: Wow amazing!
[9] Andrew: I just placed the order yesterday and it already arrived.
[9] Tom: Oh Andrew!
[9] Tom: what did you buy again?
[9] Tom: I thought the breakfast had arrived.
[9] Andrew: I bought some pens and I bought these pens just yesterday.
[10] Andrew: So today I can use it.
[12] Andrew: And I think we are all the good teachers and let's
[12] Andrew: do better for our students.
[12] Tom: Okay!
[12] Tom: I agree with you.
[13] Tom: Oh I'm hungry guys!
[13] Jessica: Yes me too.
[14] Andrew: Hey Tom and Jessica!
[20] Jessica: That's very nice!
[20] Tom: When I feel bad about my stomach,
[20] Tom: I used to have some soup that's a very good choice.
[20] Andrew: And if I get the chance to Beijing
[20] Andrew: And I think I will try the Peking Duck in the future
[22] Tom: I'm curious about the braised pork belly as well, and the melt-in-your-mouth texture and rich sauce are just irresistible that's very good.
[22] Jessica: Hahaha
[22] Tom: Why?
[22] Tom: It's so funny.
[22] Andrew: That's a lot of joke.
[23] Andrew: we can enjoy more varieties.
[23] Tom: Hmm good point
[23] Tom: And we can also ask the waiter for recommendations,
[23] Tom: they usually know which ones are the best choices for us.
[24] Jessica: Oh yeah I'm so excited to see what's the surprise us.
[24] Jessica: And if we have some times to go the restaurants,
[25] Tom: Uh so,
[25] Tom: I guess we can go shopping together and at the nearby hall
[25] Tom: To see a movie or something.
[25] Andrew: Okay sure, and I just happen to want to buy a new jacket,
[26] Andrew: Okay sure. and I just happen to want to buy a new jacket,
[26] Andrew: and then we can go and watch a movie. Hmm,
[26] Tom: That's good.
[26] Andrew: Ah it's very good.
[26] Tom: Yes.
[26] Tom: Ending the last day of work week like this is really relaxing!
[26] Andrew: And hey

Conversation 3: Tom discusses a class focused on basic geometric shapes and creative applications, addressing concerns about engagement and color choices. They consider organizing a school painting event involving students and teachers, with support from Andrew and Jessica. Jessica feels unwell and is encouraged to rest while Andrew takes over meeting minutes and materials; the group plans to tidy the office before a student reward distribution.
[38] Tom: And many other things.
[38] Andrew: Yes I think it's the basic for the all the print.
[38] Tom: Hmm.
[38] Andrew: Like a triangle,
[38] Tom: Like a square,
[42] Andrew: and that's by the way if I have the choice,
[42] Andrew: I will enjoy your class too.
[42] Tom: Okay.
[43] Tom: Uh by the way guys.
[43] Tom: I want to apply to hold a painting student event in our school.
[43] Tom: What do you think about it?
[43] Andrew: And I just think it interesting,
[43] Andrew: if we can involve both students and teacher. And Jessica,
[47] Andrew: I prepared.
[47] Andrew: And where's my notebook?
[47] Andrew: Hey robot.
[47] Andrew: Did you see where red my notebook?
[47] Andrew: Can you find it?

Conversation 2: Jessica is worried about a lost or damaged document, but Andrew reminds her that she shared a copy earlier and can reprint it. Tom and Andrew offer support, and a robot is asked to help copy the material. Jessica also notes that Mr. James and Ms. Lucy, likely principals, will serve as additional judges for the competition.
[31] Jessica: Thank you thank you.
[31] Andrew: And Tom what about you?
[31] Tom: Yeah!
[31] Tom: That's will be okay.
[31] Tom: Thank you.
[31] Andrew: You're welcome.
[32] Andrew: Hey robot!
[32] Andrew: Please help me copy the material.
[32] robot: OK!

[Step 2] Evaluating semantic answer...
Action: [Answer]
Content: A sweet drink.
FINAL ANSWER (from graph):
A sweet drink.
Question: How many arrangements do Andrew and Tom have after work?

[Step 1] Searching the graph...
Parse Query Output:
{
  "query_triple": ["<Andrew>", "arrangements after work", "<Tom>", 0.95, 0.3, 0.95],
  "spatial_constraint": null,
  "speaker_strict": ["<Andrew>", "<Tom>"],
  "allocation": {
    "k_high_level": 6,
    "k_low_level": 14,
    "k_conversations": 30,
    "total_k": 50,
    "reasoning": "Counting their post-work plans likely requires dialogue mentions (conversations) and possibly some low-level scheduling actions; a few high-level edges for relationship/context."
  }
}

Graph Search Results:
**High-Level Information (Character Attributes and Relationships): **

Character Relationships:
- Andrew plans social outing with Tom (80)
- Andrew colleague of Tom (85)
- Tom is colleague of Andrew (95)
- Andrew collaborates with Tom (80)
- Tom colleague of Andrew (80)
- Andrew friends/classmates with Tom (75)

**Low-Level Information (Actions and Events): **

[1] Andrew greets Tom. (office)
[1] Andrew chats with Tom. (office)
[14] Andrew greets Tom. (office)
[16] Tom replies to Andrew. (office)
[21] Tom replies to Andrew. (office)
[25] Andrew greets Tom. (office)
[25] Tom agrees to dinner with Andrew. (office)
[31] Tom shakes hands with Andrew. (office)
[39] Tom looks between Andrew. (office)
[41] Tom addresses Andrew. (office)
[46] Tom continues discussion with Andrew. (office)
[49] Andrew replies to Tom. (office)
[52] Tom offers Andrew. (office)
[53] Andrew approaches Tom. (office)

**Conversations: **

Conversation 2: Jessica is worried about a lost or damaged document, but Andrew reminds her that she shared a copy earlier and can reprint it. Tom and Andrew offer support, and a robot is asked to help copy the material. Jessica also notes that Mr. James and Ms. Lucy, likely principals, will serve as additional judges for the competition.
[30] Jessica: I think here's the principles, Mr. James and Ms. Lucy.
[31] Jessica: Thank you thank you.
[31] Andrew: And Tom what about you?
[31] Tom: Yeah!
[31] Tom: That's will be okay.

Conversation 1: Andrew, Jessica, and Tom chat about movies, breakfast, and an upcoming student debate where Jessica will serve as a judge. They discuss and praise Andrew’s teaching, share enthusiasm for Chinese cuisine, and consider trying a new nearby Chinese restaurant after work. Jessica will dine with her boyfriend, so Andrew and Tom plan to shop for a jacket and see a movie together. The robot assists by handling small tasks and is asked to record their plans.
[1] Andrew: Good morning Tom, Jessica.
[1] Jessica: Good morning.
[1] Andrew: You are so early.
[1] Andrew: I thought I was the first one arriving.
[1] Andrew: How about you yesterday?
[1] Tom: Oh! I went to see the cinema and I think the movie is very nice.
[1] Andrew: Okay, I think it's very good.
[1] Tom: Wow! Is this your new cup, Jessica? That's very nice.
[1] Andrew: Okay I think it likes a couple of sets.
[2] Jessica: Oh yeah! The bottle on the table near the dispenser that my boyfriend gave me.
[2] Andrew: Alright!
[2] Andrew: I heard the students will have a debate competition the day after tomorrow.
[2] Tom: Yes. And Jessica is one of the judges.
[2] Tom: She's busy preparing all the materials right now.
[2] Andrew: Okay that's so cool.
[2] Andrew: Okay,
[3] Andrew: robot could you please put the umbrella by the door
[3] Andrew: and I think weather forecast says it will rain later.
[4] Andrew: Uh I also don't have breakfast and can the robot help me order
[5] Andrew: don't have breakfast and can the robot help me order
[5] Andrew: the same as Jessica's?
[5] robot: okay.
[5] Jessica: Ouch!
[6] Jessica: writing the materials and now
[6] Jessica: I very need a coffee to survive.
[6] Tom: Working late again,
[6] Tom: You are really a workaholic
[6] Tom: I think you should drink hot water.
[9] Andrew: Wow amazing!
[9] Andrew: I just placed the order yesterday and it already arrived.
[9] Tom: Oh Andrew!
[9] Tom: what did you buy again?
[9] Tom: I thought the breakfast had arrived.
[13] Tom: Oh I'm hungry guys!
[13] Jessica: Yes me too.
[14] Andrew: Hey Tom and Jessica!
[14] Andrew: And I'm craving for Chinese food today and do you like it?
[14] Tom: Oh definitely, Chinese food is so diverse and delicious,
[18] Andrew: tofu and wonton and dumplings and peking duck.
[18] Andrew: I think it's a good choice for us to get here.
[18] Tom: Yeah maybe after work
[18] Tom: we can get here to have good fun.
[19] Tom: And the restaurant you just mentioned, is very amazing.
[23] Andrew: That's okay!
[23] Andrew: And we can just share and taste different dishes and by the way,
[23] Andrew: we can enjoy more varieties.
[23] Tom: Hmm good point
[23] Tom: And we can also ask the waiter for recommendations,
[24] Jessica: Oh yeah very nice!
[24] Tom: Oh let's continue to work.
[24] Andrew: Hey Jessica! and Tom! By the way,
[25] Andrew: I found a new Chinese restaurant has opened nearby.
[25] Andrew: And how about we try it for dinner later.
[25] Tom: Hmm sure, but it will be just two of us,
[25] Tom: because Jessica will have dinner with her boyfriend today.
[25] Tom: Uh so,
[25] Andrew: Okay sure, and I just happen to want to buy a new jacket,
[26] Andrew: Okay sure. and I just happen to want to buy a new jacket,
[26] Andrew: and then we can go and watch a movie. Hmm,
[26] Tom: That's good.
[26] Andrew: Ah it's very good.
[26] Tom: Yes.
[26] Tom: Ending the last day of work week like this is really relaxing!
[26] Andrew: And hey
[26] Andrew: robot,
[26] Andrew: could you please help us record the plans?

Conversation 4: Andrew borrowed a new magazine from Tom and then hurried to class, forgetting his math textbook. Jessica and Tom discussed student learning difficulties (pronunciation, confusing words like to/too/two, and long reading comprehension) and considered holding a special class to address them. Jessica asked the robot for help with solutions and coordinated with Tom about rain and ensuring Andrew has what he needs.
[51] Andrew: And hey robot who buy this new magazine?
[51] robot: It should be Tom's.
[51] Andrew: Tom, have you finished reading this new magazine?
[51] Andrew: Can you lend it to me have a look?
[52] Tom: Yes of course!
[59] Jessica: Didn't they say it would rain today???
[59] Jessica: The robot just now give the Andrew an umbrella when he went out?
[59] Tom: Hmm which teaching building is Andrew in for this class?
[60] Tom: Do I need to deliver it to him?
[60] Jessica: Hmm yeah. It seems to be the teaching building too.

Conversation 3: Tom discusses a class focused on basic geometric shapes and creative applications, addressing concerns about engagement and color choices. They consider organizing a school painting event involving students and teachers, with support from Andrew and Jessica. Jessica feels unwell and is encouraged to rest while Andrew takes over meeting minutes and materials; the group plans to tidy the office before a student reward distribution.
[38] Tom: And many other things.
[38] Andrew: Yes I think it's the basic for the all the print.
[38] Tom: Hmm.
[38] Andrew: Like a triangle,
[38] Tom: Like a square,
[38] Tom: And any others.
[39] Tom: and especially the line.
[39] Tom: Hmm yeah that's right.
[43] Andrew: And I just think it interesting,
[43] Andrew: if we can involve both students and teacher. And Jessica,
[43] Andrew: what do you think about it?
[43] Jessica: Yeah!
[43] Jessica: I definitely support it and hopefully there will be less work then.
[46] Andrew: You work as if you don't care of your life.
[46] Jessica: Don't worry I can lean here and I will be okay. Thank you.
[46] Tom: Okay are there any other works to do today?
[46] Andrew: What seems like, alright!
[46] Andrew: The next task is mine.
[46] Tom: Haha why are you so nervous.
[46] Andrew: And I promised the student to bring the rewards.
[47] Andrew: Let me see, the pen is here, but where is the stack of notebook?
[47] Andrew: I prepared.
[47] Andrew: And where's my notebook?
[47] Andrew: Hey robot.
[47] Andrew: Did you see where red my notebook?
[47] Andrew: Can you find it?
[47] robot: I see it, and I will give you it.
[48] Andrew: Okay, thank you robot.
[48] Andrew: I thought I lost it. Thank you!
[48] Andrew: And it just left thirty minutes. So
[48] Andrew: let's take this opportunity to tidy up our office. Okay?
[49] Tom: Okay I'll help you.
[49] Jessica: Oh, do you need me help
[49] Tom: Oh. That's okay?
[49] Andrew: You just rest a bit and the two of us are enough.

[Step 2] Evaluating semantic answer...
Action: [Answer]
Content: Two arrangements: shopping for a jacket and watching a movie.
FINAL ANSWER (from graph):
Two arrangements: shopping for a jacket and watching a movie.
Question: What's wrong with Jessica’s document right now?

[Step 1] Searching the graph...
Parse Query Output:
{
  "query_triple": ["<Jessica>", "document status issue", "?", 0.95, 0.3, 0.2],
  "spatial_constraint": null,
  "speaker_strict": null,
  "allocation": {
    "k_high_level": 6,
    "k_low_level": 32,
    "k_conversations": 12,
    "total_k": 50,
    "reasoning": "Current-state problem query about a specific object owned by Jessica. Emphasize low-level edges to find recent actions/states affecting the document (errors, broken, corrupted, missing pages), include some conversations for explanations, and a few high-level edges for ownership/attributes."
  }
}

Graph Search Results:
**High-Level Information (Character Attributes and Relationships): **

Character Attributes:
- Jessica is: holds pink cup (100), female (100), light flats (100), concerned for students' learning needs (95), medium build (100), gray long-sleeve dress (100)

**Low-Level Information (Actions and Events): **

[3] Jessica continues working. (office)
[4] Jessica faces Tom. (office)
[4] Jessica asks group. (office)
[4] Tom asks Jessica. (office)
[4] Jessica orders drink. (office)
[4] Jessica states. (office)
[4] Jessica orders Americano. (office)
[4] Jessica orders bagel set. (office)
[5] Andrew asks if the order should be the same as Jessica. (office)
[6] Tom faces Jessica. (office)
[14] Andrew faces Jessica. (office)
[14] Jessica mentions ordering food. (office)
[15] Jessica checks Jessica's phone. (office)
[19] Jessica faces Jessica's monitor. (office)
[21] Jessica faces Jessica's monitor. (office)
[22] Jessica adds comment. (office)
[26] Jessica faces Jessica's monitor. (office)
[30] Andrew faces Jessica. (office)
[37] Jessica faces Tom. (office)
[40] Jessica faces Jessica's monitor. (office)
[49] Jessica faces Jessica's monitor. (office)
[52] Jessica is on seat. (office)
[53] Jessica faces Tom. (office)
[54] Jessica faces Tom. (office)
[54] Jessica asks for assistance with checking problem. (office)
[55] Tom faces Jessica. (office)
[55] Jessica checks Jessica's phone. (office)
[55] Jessica asks Tom. (office)
[57] Jessica faces Tom. (office)
[58] Jessica asks Tom. (office)
[60] Jessica faces Tom. (office)
[61] Jessica faces monitor. (office)

**Conversations: **

Conversation 2: Jessica is worried about a lost or damaged document, but Andrew reminds her that she shared a copy earlier and can reprint it. Tom and Andrew offer support, and a robot is asked to help copy the material. Jessica also notes that Mr. James and Ms. Lucy, likely principals, will serve as additional judges for the competition.
[28] Jessica: Ah!
[28] Tom: Oh what's wrong?
[28] Jessica: Oh my document!
[28] Tom: Oh you should take good rest, come on!
[28] Tom: Have a seat. Let me have a play.
[28] Jessica: I write the documents last night and so bad!
[28] Tom: That's okay! Let me help you.
[28] Jessica: Okay thank you thank you.

Conversation 4: Andrew borrowed a new magazine from Tom and then hurried to class, forgetting his math textbook. Jessica and Tom discussed student learning difficulties (pronunciation, confusing words like to/too/two, and long reading comprehension) and considered holding a special class to address them. Jessica asked the robot for help with solutions and coordinated with Tom about rain and ensuring Andrew has what he needs.
[54] Jessica: And I must deal with them and so come here.
[54] Tom: Hmm okay!
[54] Jessica: Oh I think there are some problems and could you help me check them,
[55] Jessica: If there's some omissions in the scoring criteria.
[55] Tom: Hmm of course.
[55] Tom: You can send it to me.
[56] Jessica: And can we
[56] Jessica: Oh it seems the students encounter
[56] Jessica: quite a lot of the problems in learning.
[56] Jessica: See that,
[57] Jessica: to/too/two are easy to confuse and long articals are in distracting.
[57] Jessica: Hmm it's hard to grasp the main points.
[57] Tom: Um I think you could hold a special class,
[57] Tom: specifically addressing their questions,
[58] Jessica: The step English classes might have already made
[58] Jessica: the children feel very boring
[58] Jessica: so they can't solve the problems.
[58] Jessica: Oh yeah robot!
[58] Jessica: Can you help me and solve some problems?
[58] Jessica: And then I will teach the students.
[59] Tom: Jessica is always so serious about her work.

Conversation 1: Andrew, Jessica, and Tom chat about movies, breakfast, and an upcoming student debate where Jessica will serve as a judge. They discuss and praise Andrew’s teaching, share enthusiasm for Chinese cuisine, and consider trying a new nearby Chinese restaurant after work. Jessica will dine with her boyfriend, so Andrew and Tom plan to shop for a jacket and see a movie together. The robot assists by handling small tasks and is asked to record their plans.
[5] Tom: Did you wake up late last night?
[5] Jessica: Yes it's all because of this competition. I stayed up late
[6] Jessica: writing the materials and now
[6] Jessica: I very need a coffee to survive.
[6] Tom: Working late again,
[24] Jessica: Oh yeah I'm so excited to see what's the surprise us.
[24] Jessica: And if we have some times to go the restaurants,
[24] Jessica: Let we see it okay?
[24] Andrew: Oh okay okay that's a good idea.
[24] Jessica: Oh yeah very nice!

Conversation 3: Tom discusses a class focused on basic geometric shapes and creative applications, addressing concerns about engagement and color choices. They consider organizing a school painting event involving students and teachers, with support from Andrew and Jessica. Jessica feels unwell and is encouraged to rest while Andrew takes over meeting minutes and materials; the group plans to tidy the office before a student reward distribution.
[45] Jessica: But there are some any other things you know,
[45] Jessica: the teaching research meetings and
[45] Jessica: the competition materials I should have done.
[45] Andrew: And I will take care of the
[45] Andrew: meeting minutes and the material has already been printed.

[Step 2] Evaluating semantic answer...
Action: [Answer]
Content: It’s lost or damaged.
FINAL ANSWER (from graph):
It’s lost or damaged.
Question: What subject is Tom teaching?

[Step 1] Searching the graph...
Parse Query Output:
{
  "query_triple": ["<Tom>", "teaches", "?", 0.95, 0.3, 0.2],
  "spatial_constraint": null,
  "speaker_strict": null,
  "allocation": {
    "k_high_level": 6,
    "k_low_level": 36,
    "k_conversations": 8,
    "total_k": 50,
    "reasoning": "Action/content query focused on what Tom teaches; prioritize low-level edges for teaching actions and objects (subjects), with a small allocation to conversations for mentions and a few high-level edges for character attributes."
  }
}

Graph Search Results:
**High-Level Information (Character Attributes and Relationships): **

Character Attributes:
- Tom is: teacher/educator (90), seated at left desk (100), helpful (95), enthusiastic about teaching (85), supportive (95), male (100)

**Low-Level Information (Actions and Events): **

[1] Andrew asks Tom. (office)
[4] Tom asks Jessica. (office)
[4] Tom explains. (office)
[8] robot informs about Tom. (office)
[10] Tom listens. (office)
[11] Tom speaks. (office)
[16] Tom tells story. (office)
[16] Tom describes trip. (office)
[16] Tom describes restaurant. (office)
[18] Tom listens. (office)
[19] Tom speaks. (office)
[19] Tom talks about restaurant. (office)
[20] Tom listens. (office)
[22] Tom talks. (office)
[25] Tom listens. (office)
[25] Tom explains Jessica. (office)
[28] Tom encourages Jessica. (office)
[36] Tom speaks. (office)
[36] Tom explains plan. (office)
[37] Tom talks. (office)
[38] Tom explains. (office)
[39] Tom speaks. (office)
[39] Tom explains. (office)
[39] Tom talks. (office)
[39] Jessica asks Tom. (office)
[39] Tom gives example. (office)
[40] Tom talks. (office)
[41] Tom talks. (office)
[41] Tom explains. (office)
[41] Tom explains color choice. (office)
[43] Tom speaks. (office)
[43] Tom asks other. (office)
[44] Tom speaks. (office)
[55] Jessica talks to Tom. (office)
[58] Jessica explains Tom. (office)
[59] Tom talks. (office)

**Conversations: **

Conversation 4: Andrew borrowed a new magazine from Tom and then hurried to class, forgetting his math textbook. Jessica and Tom discussed student learning difficulties (pronunciation, confusing words like to/too/two, and long reading comprehension) and considered holding a special class to address them. Jessica asked the robot for help with solutions and coordinated with Tom about rain and ensuring Andrew has what he needs.
[57] Jessica: to/too/two are easy to confuse and long articals are in distracting.
[57] Jessica: Hmm it's hard to grasp the main points.
[57] Tom: Um I think you could hold a special class,
[57] Tom: specifically addressing their questions,
[57] Tom: it might have a great effect.
[59] Jessica: Didn't they say it would rain today???
[59] Jessica: The robot just now give the Andrew an umbrella when he went out?
[59] Tom: Hmm which teaching building is Andrew in for this class?
[60] Tom: Do I need to deliver it to him?
[60] Jessica: Hmm yeah. It seems to be the teaching building too.

Conversation 3: Tom discusses a class focused on basic geometric shapes and creative applications, addressing concerns about engagement and color choices. They consider organizing a school painting event involving students and teachers, with support from Andrew and Jessica. Jessica feels unwell and is encouraged to rest while Andrew takes over meeting minutes and materials; the group plans to tidy the office before a student reward distribution.
[36] Jessica: Oh yes and very nice.
[36] Tom: But do you know that the weather report says it is going to rain this afternoon?
[36] Tom: Oh I originally plan to take my students in our class to go out for sketching.
[36] Andrew: I want all the students enjoy your class and if I am a student,
[37] Andrew: I also want to join it.
[39] Jessica: So but will it be sound boring?
[39] Jessica: If you teach them.
[39] Tom: Hmm I think not at all. Teaching is a very meaningful thing.
[39] Tom: We can turn these simple shapes
[39] Tom: You know, into very uh interesting objects,
[40] Andrew: And it can cultivate the students imagination.
[40] Andrew: But what about color?
[40] Tom: Hmm that's up to students.
[41] Tom: We can make various colors you know.
[41] Tom: You can choose the ones you like to make your creations.

Conversation 1: Andrew, Jessica, and Tom chat about movies, breakfast, and an upcoming student debate where Jessica will serve as a judge. They discuss and praise Andrew’s teaching, share enthusiasm for Chinese cuisine, and consider trying a new nearby Chinese restaurant after work. Jessica will dine with her boyfriend, so Andrew and Tom plan to shop for a jacket and see a movie together. The robot assists by handling small tasks and is asked to record their plans.
[10] Andrew: Who says them for me. These are just small gifts for my class students.
[10] Andrew: who got the A in the test.
[10] Tom: With a teacher like you no wonder the classmates in your class has so many good grades in math.
[11] Jessica: I also think that you are a nice teacher
[11] Jessica: And I can remember let we see in my phone—
[22] Tom: I'm curious about the braised pork belly as well, and the melt-in-your-mouth texture and rich sauce are just irresistible that's very good.
[22] Jessica: Hahaha
[22] Tom: Why?
[22] Tom: It's so funny.
[22] Andrew: That's a lot of joke.

Conversation 2: Jessica is worried about a lost or damaged document, but Andrew reminds her that she shared a copy earlier and can reprint it. Tom and Andrew offer support, and a robot is asked to help copy the material. Jessica also notes that Mr. James and Ms. Lucy, likely principals, will serve as additional judges for the competition.
[30] Jessica: I think here's the principles, Mr. James and Ms. Lucy.
[31] Jessica: Thank you thank you.
[31] Andrew: And Tom what about you?
[31] Tom: Yeah!
[31] Tom: That's will be okay.

[Step 2] Evaluating semantic answer...
Action: [Answer]
Content: Art and basic geometric shapes.
FINAL ANSWER (from graph):
Art and basic geometric shapes.
Question: What subject is Andrew teaching?

[Step 1] Searching the graph...
Parse Query Output:
{
  "query_triple": ["<Andrew>", "teaches", "?", 0.95, 0.3, 0.2],
  "spatial_constraint": null,
  "speaker_strict": null,
  "allocation": {
    "k_high_level": 6,
    "k_low_level": 38,
    "k_conversations": 6,
    "total_k": 50,
    "reasoning": "Action/content query focusing on what Andrew teaches; prioritize low-level edges for specific teaching actions or subjects, use limited high-level for role/traits, minimal conversations for any direct statements."
  }
}

Graph Search Results:
**High-Level Information (Character Attributes and Relationships): **

Character Attributes:
- Andrew is: teacher (90), holds notebook (100), glasses (100), male (100), medium build (100)

Character Relationships:
- Jessica collaborates with Andrew (90)

**Low-Level Information (Actions and Events): **

[1] Andrew asks Tom. (office)
[2] Andrew speaks. (office)
[3] Andrew speaks. (office)
[4] Jessica asks Andrew. (office)
[4] Andrew gives order. (office)
[4] Andrew asks robot. (office)
[4] robot helps Andrew. (office)
[9] Andrew explains. (office)
[10] Andrew talks. (office)
[10] Andrew explains pen are gift for Andrew's class student. (office)
[11] Andrew listens. (office)
[12] Andrew speaks. (office)
[14] Andrew talks. (office)
[15] Andrew listens. (office)
[15] Andrew talks. (office)
[16] Andrew speaks. (office)
[17] Andrew speaks. (office)
[18] Andrew talks. (office)
[20] Andrew talks about trying Peking Duck in the future. (office)
[21] Andrew talks. (office)
[26] Andrew talks. (office)
[29] Andrew tells Jessica. (office)
[30] Andrew asks Jessica. (office)
[31] Andrew speaks. (office)
[38] Andrew listens. (office)
[40] Andrew listens. (office)
[40] Andrew speaks. (office)
[41] Andrew listens. (office)
[42] Andrew explains. (office)
[45] Andrew talks to group. (office)
[46] Andrew speaks. (office)
[46] Tom asks Andrew. (office)
[48] Andrew talks. (office)
[48] Andrew proposes tidying the office. (office)
[49] Andrew asks. (office)
[51] Andrew asks Tom. (office)
[52] Jessica reminds Andrew. (office)
[52] Andrew reminds other. (office)

**Conversations: **

Conversation 4: Andrew borrowed a new magazine from Tom and then hurried to class, forgetting his math textbook. Jessica and Tom discussed student learning difficulties (pronunciation, confusing words like to/too/two, and long reading comprehension) and considered holding a special class to address them. Jessica asked the robot for help with solutions and coordinated with Tom about rain and ensuring Andrew has what he needs.
[59] Jessica: Didn't they say it would rain today???
[59] Jessica: The robot just now give the Andrew an umbrella when he went out?
[59] Tom: Hmm which teaching building is Andrew in for this class?
[60] Tom: Do I need to deliver it to him?
[60] Jessica: Hmm yeah. It seems to be the teaching building too.

Conversation 3: Tom discusses a class focused on basic geometric shapes and creative applications, addressing concerns about engagement and color choices. They consider organizing a school painting event involving students and teachers, with support from Andrew and Jessica. Jessica feels unwell and is encouraged to rest while Andrew takes over meeting minutes and materials; the group plans to tidy the office before a student reward distribution.
[37] Jessica: so can you tell me?
[37] Andrew: Yeah me too.
[37] Andrew: I also want to know something about your class.
[37] Tom: Hmm well, I will let you know something first, before
[38] Tom: We think we can start with some very simple geographic pictures,
[40] Tom: Or we can make the squares, you know, into house.
[40] Andrew: Yes and that's good idea. Then it will be more creative.
[40] Andrew: And it can cultivate the students imagination.
[40] Andrew: But what about color?
[40] Tom: Hmm that's up to students.
[42] Jessica: That sounds exciting now.
[42] Jessica: So I'm also looking for it,
[42] Andrew: And I think your class will be a fun class.
[42] Andrew: With these things to paint.
[42] Andrew: and that's by the way if I have the choice,
[42] Andrew: I will enjoy your class too.
[42] Tom: Okay.
[43] Tom: Uh by the way guys.

Conversation 1: Andrew, Jessica, and Tom chat about movies, breakfast, and an upcoming student debate where Jessica will serve as a judge. They discuss and praise Andrew’s teaching, share enthusiasm for Chinese cuisine, and consider trying a new nearby Chinese restaurant after work. Jessica will dine with her boyfriend, so Andrew and Tom plan to shop for a jacket and see a movie together. The robot assists by handling small tasks and is asked to record their plans.
[10] Tom: So many pens I mean we don't need to buy pens anymore.
[10] Andrew: Who says them for me. These are just small gifts for my class students.
[10] Andrew: who got the A in the test.
[10] Tom: With a teacher like you no wonder the classmates in your class has so many good grades in math.
[11] Jessica: I also think that you are a nice teacher

[Step 2] Evaluating semantic answer...
Action: [Answer]
Content: Andrew is teaching math.
FINAL ANSWER (from graph):
Andrew is teaching math.
Question: Does Andrew care about Jessica's health?

[Step 1] Searching the graph...
Parse Query Output:
{
  "query_triple": ["<Andrew>", "cares about health of", "<Jessica>", 0.95, 0.25, 0.95],
  "spatial_constraint": null,
  "speaker_strict": null,
  "allocation": {
    "k_high_level": 9,
    "k_low_level": 6,
    "k_conversations": 35,
    "total_k": 50,
    "reasoning": "Attitude/relationship query focusing on concern for health. Use high-level edges for traits/relationships, and conversations to capture expressions of concern or statements. Some low-level edges may show actions (e.g., helping, calling doctor)."
  }
}

Graph Search Results:
**High-Level Information (Character Attributes and Relationships): **

Character Relationships:
- Jessica collaborates with Andrew (90)
- Andrew supports Jessica (85)
- Andrew colleague of Jessica (85)
- Andrew is colleague of Jessica (95)
- Jessica respects Andrew (80)
- Jessica cooperates with Andrew (90)
- Andrew is supportive toward Jessica (85)
- Andrew is friend/classmate of Jessica (75)
- Jessica has generally positive attitude toward Andrew (75)

**Low-Level Information (Actions and Events): **

[4] Andrew listens toward Jessica. (office)
[4] Jessica asks Andrew. (office)
[6] Andrew looks toward Jessica. (office)
[30] Andrew asks Jessica. (office)
[47] Andrew looks toward Jessica. (office)
[52] Jessica looks toward Andrew. (office)

**Conversations: **

Conversation 1: Andrew, Jessica, and Tom chat about movies, breakfast, and an upcoming student debate where Jessica will serve as a judge. They discuss and praise Andrew’s teaching, share enthusiasm for Chinese cuisine, and consider trying a new nearby Chinese restaurant after work. Jessica will dine with her boyfriend, so Andrew and Tom plan to shop for a jacket and see a movie together. The robot assists by handling small tasks and is asked to record their plans.
[1] Andrew: Good morning Tom, Jessica.
[1] Jessica: Good morning.
[1] Andrew: You are so early.
[4] Tom: But maybe could you order a drink for me?
[4] Tom: I used to drink coffee but today I want something sweeter.
[4] Jessica: Yeah I want some Americano and a set of the bagel. And Andrew?
[4] Jessica: And would you like it?
[4] Andrew: Uh I also don't have breakfast and can the robot help me order
[5] Andrew: don't have breakfast and can the robot help me order
[5] Andrew: the same as Jessica's?
[5] robot: okay.
[5] Jessica: Ouch!
[5] Jessica: Oh I feel so bad
[5] Tom: Oh Jessica?
[5] Tom: Are you feeling unwell?
[5] Tom: Did you wake up late last night?
[6] Tom: You are really a workaholic
[6] Tom: I think you should drink hot water.
[6] Andrew: Hey, Robot, could you please pour the hot water to Jessica?
[6] robot: I will pour a cup of hot water for Jessica.
[7] Jessica: Okay thank you robot.
[9] Andrew: Wow amazing!
[9] Andrew: I just placed the order yesterday and it already arrived.
[9] Tom: Oh Andrew!
[9] Tom: what did you buy again?
[9] Tom: I thought the breakfast had arrived.
[11] Jessica: and you have a unique ability to break down complex concepts
[12] Jessica: into simple and understandable parts for the students.
[12] Jessica: It's evident that you are deeply about their progress and growth.
[12] Jessica: Thank you for your efforts.
[12] Jessica: And we all like you.
[13] Tom: Oh I'm hungry guys!
[13] Jessica: Yes me too.
[14] Andrew: Hey Tom and Jessica!
[14] Andrew: And I'm craving for Chinese food today and do you like it?
[14] Tom: Oh definitely, Chinese food is so diverse and delicious,
[22] Tom: It's so funny.
[22] Andrew: That's a lot of joke.
[22] Jessica: Yeah!
[22] Jessica: So there are so many delicious options and I'm afraid
[23] Jessica: I will end up ordering too much,
[24] Jessica: Oh yeah very nice!
[24] Tom: Oh let's continue to work.
[24] Andrew: Hey Jessica! and Tom! By the way,
[25] Andrew: I found a new Chinese restaurant has opened nearby.
[25] Andrew: And how about we try it for dinner later.

Conversation 2: Jessica is worried about a lost or damaged document, but Andrew reminds her that she shared a copy earlier and can reprint it. Tom and Andrew offer support, and a robot is asked to help copy the material. Jessica also notes that Mr. James and Ms. Lucy, likely principals, will serve as additional judges for the competition.
[28] Tom: That's okay! Let me help you.
[28] Jessica: Okay thank you thank you.
[29] Andrew: Don't worry Jessica.
[29] Andrew: You just sent a copy in the group this morning.
[29] Andrew: So just reprint it. Don't worry about it.
[30] Andrew: So Jessica besides you, is there any other judges in this competition?
[30] Jessica: Yeah.
[30] Jessica: I think here's the principles, Mr. James and Ms. Lucy.
[31] Jessica: Thank you thank you.

Conversation 3: Tom discusses a class focused on basic geometric shapes and creative applications, addressing concerns about engagement and color choices. They consider organizing a school painting event involving students and teachers, with support from Andrew and Jessica. Jessica feels unwell and is encouraged to rest while Andrew takes over meeting minutes and materials; the group plans to tidy the office before a student reward distribution.
[37] Jessica: Okay so I can see in the wechat,
[37] Jessica: some students very curious about what will you paint.
[37] Jessica: so can you tell me?
[37] Andrew: Yeah me too.
[37] Andrew: I also want to know something about your class.
[43] Tom: What do you think about it?
[43] Andrew: And I just think it interesting,
[43] Andrew: if we can involve both students and teacher. And Jessica,
[43] Andrew: what do you think about it?
[43] Jessica: Yeah!
[43] Jessica: I definitely support it and hopefully there will be less work then.
[43] Jessica: Ouch!
[44] Jessica: Oh I feel a little cold.
[44] Andrew: Maybe just got a fever?
[44] Jessica: Yes.
[44] Jessica: Thank you.
[44] Tom: I just know.
[44] Jessica: Thank you Andrew.
[44] Andrew: Take good care of yourself, okay?
[44] Jessica: Okay yes yes.
[44] Tom: Jessica you must have stayed up late till down, right?
[45] Jessica: the teaching research meetings and
[45] Jessica: the competition materials I should have done.
[45] Andrew: And I will take care of the
[45] Andrew: meeting minutes and the material has already been printed.
[45] Andrew: And health is the most important thing.
[45] Andrew: just as the principle often says so too.
[46] Andrew: I really can't do anything about you.
[46] Andrew: You work as if you don't care of your life.
[46] Jessica: Don't worry I can lean here and I will be okay. Thank you.
[46] Tom: Okay are there any other works to do today?
[49] Jessica: Oh, do you need me help
[49] Tom: Oh. That's okay?
[49] Andrew: You just rest a bit and the two of us are enough.

Conversation 4: Andrew borrowed a new magazine from Tom and then hurried to class, forgetting his math textbook. Jessica and Tom discussed student learning difficulties (pronunciation, confusing words like to/too/two, and long reading comprehension) and considered holding a special class to address them. Jessica asked the robot for help with solutions and coordinated with Tom about rain and ensuring Andrew has what he needs.
[52] Tom: I finished reading it, you can have it.
[52] Andrew: Okay thank you!
[52] Jessica: Oh yeah.
[52] Jessica: It's time for you to have the class, Andrew.
[52] Andrew: And don't forget to take the things you need.
[52] Andrew: Okay guys I will leave first, Byebye!
[53] Tom: Yeah okay.
[53] Andrew: Bye bye.
[54] Tom: Jessica.
[54] Jessica: Yeah.
[54] Tom: Are you feeling better?
[54] Tom: If you are not feeling well, I can take you to the school hospital.
[55] Jessica: Hmm yeah. Would you find it?
[55] Tom: Yeah I got this.
[55] Jessica: Hmm yeah.
[55] Jessica: From WeChat, my students say they not familiar.
[56] Jessica: from wechat, my students say they not farmiliar
[59] Jessica: Oh yeah! By the way,
[59] Jessica: Didn't they say it would rain today???
[59] Jessica: The robot just now give the Andrew an umbrella when he went out?
[59] Tom: Hmm which teaching building is Andrew in for this class?
[60] Tom: Do I need to deliver it to him?

[Step 2] Evaluating semantic answer...
Action: [Answer]
Content: Yes, Andrew cares about Jessica’s health.
FINAL ANSWER (from graph):
Yes, Andrew cares about Jessica’s health.
Question: What kind of food do Andrew, Tom and Jessica like?

[Step 1] Searching the graph...
Parse Query Output:
{
  "query_triple": ["<Andrew>|<Tom>|<Jessica>", "likes", "food", 0.9, 0.3, 0.6],
  "spatial_constraint": null,
  "speaker_strict": null,
  "allocation": {
    "k_high_level": 10,
    "k_low_level": 10,
    "k_conversations": 30,
    "total_k": 50,
    "reasoning": "Preference query about what kind of food they like. Use high-level edges for character tastes, and conversations to capture explicit statements like 'I love sushi'. Low-level edges minimally in case preferences appear via actions (eating/ordering)."
  }
}

Graph Search Results:
**High-Level Information (Character Attributes and Relationships): **

Character Attributes:
- Andrew is: male (100), glasses (100)
- Jessica is: female (100), holds pink cup (100), light flats (100)
- Tom is: male (100), friendly (90)
- robot is: black gloves (100), camera holder (100), no visible face (100)

**Low-Level Information (Actions and Events): **

[14] Jessica adds Jessica's comment. (office)
[18] Jessica looks at <Jessica>'s phone. (office)
[19] Jessica faces Jessica's monitor. (office)
[19] Jessica looks at Jessica's screen. (office)
[21] Jessica faces Jessica's monitor. (office)
[26] Jessica faces Jessica's monitor. (office)
[27] Jessica looks at Jessica's screen. (office)
[40] Jessica faces Jessica's monitor. (office)
[47] Jessica looks at <Jessica>'s phone. (office)
[49] Jessica faces Jessica's monitor. (office)

**Conversations: **

Conversation 1: Andrew, Jessica, and Tom chat about movies, breakfast, and an upcoming student debate where Jessica will serve as a judge. They discuss and praise Andrew’s teaching, share enthusiasm for Chinese cuisine, and consider trying a new nearby Chinese restaurant after work. Jessica will dine with her boyfriend, so Andrew and Tom plan to shop for a jacket and see a movie together. The robot assists by handling small tasks and is asked to record their plans.
[1] Andrew: Good morning Tom, Jessica.
[1] Jessica: Good morning.
[1] Andrew: You are so early.
[3] Jessica: As soon as arrived I started working.
[3] Jessica: And I feel I am so hungry and I forgot to have the breakfast
[3] Jessica: So would you have the breakfast?
[4] Jessica: And don't we let the robot to order something for us?
[4] Tom: Oh I have this.
[4] Tom: But maybe could you order a drink for me?
[4] Tom: I used to drink coffee but today I want something sweeter.
[4] Jessica: Yeah I want some Americano and a set of the bagel. And Andrew?
[4] Jessica: And would you like it?
[4] Andrew: Uh I also don't have breakfast and can the robot help me order
[5] Andrew: don't have breakfast and can the robot help me order
[5] Andrew: the same as Jessica's?
[5] robot: okay.
[5] Jessica: Ouch!
[9] Andrew: Wow amazing!
[9] Andrew: I just placed the order yesterday and it already arrived.
[9] Tom: Oh Andrew!
[9] Tom: what did you buy again?
[9] Tom: I thought the breakfast had arrived.
[12] Tom: Okay!
[12] Tom: I agree with you.
[13] Tom: Oh I'm hungry guys!
[13] Jessica: Yes me too.
[14] Andrew: Hey Tom and Jessica!
[14] Andrew: And I'm craving for Chinese food today and do you like it?
[14] Tom: Oh definitely, Chinese food is so diverse and delicious,
[14] Tom: and there are so many classic dishes,
[14] Tom: like dumplings and uh mooncakes
[14] Tom: and many other things.
[14] Tom: I love them very much
[14] Jessica: I ordered many the dishes in my phone.
[15] Jessica: Let me see in MeiTuan.
[15] Jessica: like the Kung pao chicken and the combination of chicken,
[15] Jessica: The peanuts and spicy sauce is just amazing!
[15] Tom: Oh that's very good I like that.
[15] Andrew: I also like it.
[15] Andrew: The rice and also have Peking Duck.
[15] Andrew: and I think it's very famous for the worldwide and the crispy skin
[15] Andrew: And the tender meat are very very unforgettable.
[16] Tom: Yeah that's very good!
[16] Tom: Once upon time, I went to Beijing to visit and my cousin took me to a restaurant,
[17] Jessica: Me too and also
[17] Jessica: Let's see the photos I took the last week. Oh yeah!
[17] Jessica: the dumplings that are so great!
[17] Jessica: They can be filled with the various ingredients,
[17] Jessica: like pork vegetables or even seafood,
[17] Jessica: and it's very delicious.
[17] Tom: Hmm yeah.
[17] Andrew: True and it seems that
[17] Andrew: we all have our favorite Chinese dishes and last week
[18] Andrew: I just heard
[18] Andrew: there is a new Chinese restaurant around the corner,
[18] Andrew: it's said to have an authentic taste and it has very classical dishes like Mapo
[18] Andrew: tofu and wonton and dumplings and peking duck.
[18] Andrew: I think it's a good choice for us to get here.
[18] Tom: Yeah maybe after work
[21] Andrew: It's amazing. And I also want
[21] Andrew: to see if their spring rolls like in China called chunjuan
[21] Andrew: and crispy on the outside and fill with fresh vegetables,
[21] Andrew: and they are always a good start for a meal. Yeah,
[21] Tom: I'm curious about the braised pork belly as well,
[22] Tom: I'm curious about the braised pork belly as well, and the melt-in-your-mouth texture and rich sauce are just irresistible that's very good.
[22] Jessica: So there are so many delicious options and I'm afraid
[23] Jessica: I will end up ordering too much,
[23] Jessica: but who can resist when it's come to Chinese food.
[23] Andrew: That's okay!
[23] Andrew: And we can just share and taste different dishes and by the way,
[23] Andrew: we can enjoy more varieties.
[23] Tom: Hmm good point
[23] Tom: And we can also ask the waiter for recommendations,
[24] Jessica: Oh yeah very nice!
[24] Tom: Oh let's continue to work.
[24] Andrew: Hey Jessica! and Tom! By the way,
[25] Andrew: I found a new Chinese restaurant has opened nearby.
[25] Andrew: And how about we try it for dinner later.
[25] Tom: Hmm sure, but it will be just two of us,
[25] Tom: because Jessica will have dinner with her boyfriend today.
[25] Tom: Uh so,
[25] Tom: I guess we can go shopping together and at the nearby hall

Conversation 2: Jessica is worried about a lost or damaged document, but Andrew reminds her that she shared a copy earlier and can reprint it. Tom and Andrew offer support, and a robot is asked to help copy the material. Jessica also notes that Mr. James and Ms. Lucy, likely principals, will serve as additional judges for the competition.
[29] Andrew: You just sent a copy in the group this morning.
[29] Andrew: So just reprint it. Don't worry about it.
[30] Andrew: So Jessica besides you, is there any other judges in this competition?
[30] Jessica: Yeah.
[30] Jessica: I think here's the principles, Mr. James and Ms. Lucy.
[31] Jessica: Thank you thank you.
[31] Andrew: And Tom what about you?
[31] Tom: Yeah!
[31] Tom: That's will be okay.

Conversation 3: Tom discusses a class focused on basic geometric shapes and creative applications, addressing concerns about engagement and color choices. They consider organizing a school painting event involving students and teachers, with support from Andrew and Jessica. Jessica feels unwell and is encouraged to rest while Andrew takes over meeting minutes and materials; the group plans to tidy the office before a student reward distribution.
[44] Jessica: Thank you.
[44] Tom: I just know.
[44] Jessica: Thank you Andrew.
[44] Andrew: Take good care of yourself, okay?
[44] Jessica: Okay yes yes.

Conversation 4: Andrew borrowed a new magazine from Tom and then hurried to class, forgetting his math textbook. Jessica and Tom discussed student learning difficulties (pronunciation, confusing words like to/too/two, and long reading comprehension) and considered holding a special class to address them. Jessica asked the robot for help with solutions and coordinated with Tom about rain and ensuring Andrew has what he needs.
[53] Tom: Yeah okay.
[53] Andrew: Bye bye.
[54] Tom: Jessica.
[54] Jessica: Yeah.
[54] Tom: Are you feeling better?

[Step 2] Evaluating semantic answer...
Action: [Answer]
Content: They like Chinese food.
FINAL ANSWER (from graph):
They like Chinese food.
✓ Updated results.json for office_08 (11 questions)
✓ Cleaned up video and frames for office_08

============================================================
Processing video: kitchen_22
============================================================
Downloading 1 video(s) to data/videos...

Downloading kitchen_22.mp4...
✓ Successfully downloaded kitchen_22.mp4 to data/videos/kitchen_22.mp4

============================================================
Download Summary:
  Successful: 1/1
============================================================

============================================================
[1/1] Processing: kitchen_22
============================================================
Video: data/videos/kitchen_22.mp4
Subtitles: data/subtitles/robot/kitchen_22.srt
Output: data/frames/kitchen_22
============================================================

Parsing subtitle file: data/subtitles/robot/kitchen_22.srt
Found 98 subtitle entries
Video: 1280x720, 30.00 FPS, 35140 frames, 1171.33s duration

Extracting frames with subtitles...
Grouping frames into folders of 30 frames each
  Saved 10 frames (up to 9s, folder 1)
  Saved 20 frames (up to 19s, folder 1)
  Saved 30 frames (up to 29s, folder 1)
  Saved 40 frames (up to 39s, folder 2)
  Saved 50 frames (up to 49s, folder 2)
  Saved 60 frames (up to 59s, folder 2)
  Saved 70 frames (up to 69s, folder 3)
  Saved 80 frames (up to 79s, folder 3)
  Saved 90 frames (up to 89s, folder 3)
  Saved 100 frames (up to 99s, folder 4)
  Saved 110 frames (up to 109s, folder 4)
  Saved 120 frames (up to 119s, folder 4)
  Saved 130 frames (up to 129s, folder 5)
  Saved 140 frames (up to 139s, folder 5)
  Saved 150 frames (up to 149s, folder 5)
  Saved 160 frames (up to 159s, folder 6)
  Saved 170 frames (up to 169s, folder 6)
  Saved 180 frames (up to 179s, folder 6)
  Saved 190 frames (up to 189s, folder 7)
  Saved 200 frames (up to 199s, folder 7)
  Saved 210 frames (up to 209s, folder 7)
  Saved 220 frames (up to 219s, folder 8)
  Saved 230 frames (up to 229s, folder 8)
  Saved 240 frames (up to 239s, folder 8)
  Saved 250 frames (up to 249s, folder 9)
  Saved 260 frames (up to 259s, folder 9)
  Saved 270 frames (up to 269s, folder 9)
  Saved 280 frames (up to 279s, folder 10)
  Saved 290 frames (up to 289s, folder 10)
  Saved 300 frames (up to 299s, folder 10)
  Saved 310 frames (up to 309s, folder 11)
  Saved 320 frames (up to 319s, folder 11)
  Saved 330 frames (up to 329s, folder 11)
  Saved 340 frames (up to 339s, folder 12)
  Saved 350 frames (up to 349s, folder 12)
  Saved 360 frames (up to 359s, folder 12)
  Saved 370 frames (up to 369s, folder 13)
  Saved 380 frames (up to 379s, folder 13)
  Saved 390 frames (up to 389s, folder 13)
  Saved 400 frames (up to 399s, folder 14)
  Saved 410 frames (up to 409s, folder 14)
  Saved 420 frames (up to 419s, folder 14)
  Saved 430 frames (up to 429s, folder 15)
  Saved 440 frames (up to 439s, folder 15)
  Saved 450 frames (up to 449s, folder 15)
  Saved 460 frames (up to 459s, folder 16)
  Saved 470 frames (up to 469s, folder 16)
  Saved 480 frames (up to 479s, folder 16)
  Saved 490 frames (up to 489s, folder 17)
  Saved 500 frames (up to 499s, folder 17)
  Saved 510 frames (up to 509s, folder 17)
  Saved 520 frames (up to 519s, folder 18)
  Saved 530 frames (up to 529s, folder 18)
  Saved 540 frames (up to 539s, folder 18)
  Saved 550 frames (up to 549s, folder 19)
  Saved 560 frames (up to 559s, folder 19)
  Saved 570 frames (up to 569s, folder 19)
  Saved 580 frames (up to 579s, folder 20)
  Saved 590 frames (up to 589s, folder 20)
  Saved 600 frames (up to 599s, folder 20)
  Saved 610 frames (up to 609s, folder 21)
  Saved 620 frames (up to 619s, folder 21)
  Saved 630 frames (up to 629s, folder 21)
  Saved 640 frames (up to 639s, folder 22)
  Saved 650 frames (up to 649s, folder 22)
  Saved 660 frames (up to 659s, folder 22)
  Saved 670 frames (up to 669s, folder 23)
  Saved 680 frames (up to 679s, folder 23)
  Saved 690 frames (up to 689s, folder 23)
  Saved 700 frames (up to 699s, folder 24)
  Saved 710 frames (up to 709s, folder 24)
  Saved 720 frames (up to 719s, folder 24)
  Saved 730 frames (up to 729s, folder 25)
  Saved 740 frames (up to 739s, folder 25)
  Saved 750 frames (up to 749s, folder 25)
  Saved 760 frames (up to 759s, folder 26)
  Saved 770 frames (up to 769s, folder 26)
  Saved 780 frames (up to 779s, folder 26)
  Saved 790 frames (up to 789s, folder 27)
  Saved 800 frames (up to 799s, folder 27)
  Saved 810 frames (up to 809s, folder 27)
  Saved 820 frames (up to 819s, folder 28)
  Saved 830 frames (up to 829s, folder 28)
  Saved 840 frames (up to 839s, folder 28)
  Saved 850 frames (up to 849s, folder 29)
  Saved 860 frames (up to 859s, folder 29)
  Saved 870 frames (up to 869s, folder 29)
  Saved 880 frames (up to 879s, folder 30)
  Saved 890 frames (up to 889s, folder 30)
  Saved 900 frames (up to 899s, folder 30)
  Saved 910 frames (up to 909s, folder 31)
  Saved 920 frames (up to 919s, folder 31)
  Saved 930 frames (up to 929s, folder 31)
  Saved 940 frames (up to 939s, folder 32)
  Saved 950 frames (up to 949s, folder 32)
  Saved 960 frames (up to 959s, folder 32)
  Saved 970 frames (up to 969s, folder 33)
  Saved 980 frames (up to 979s, folder 33)
  Saved 990 frames (up to 989s, folder 33)
  Saved 1000 frames (up to 999s, folder 34)
  Saved 1010 frames (up to 1009s, folder 34)
  Saved 1020 frames (up to 1019s, folder 34)
  Saved 1030 frames (up to 1029s, folder 35)
  Saved 1040 frames (up to 1039s, folder 35)
  Saved 1050 frames (up to 1049s, folder 35)
  Saved 1060 frames (up to 1059s, folder 36)
  Saved 1070 frames (up to 1069s, folder 36)
  Saved 1080 frames (up to 1079s, folder 36)
  Saved 1090 frames (up to 1089s, folder 37)
  Saved 1100 frames (up to 1099s, folder 37)
  Saved 1110 frames (up to 1109s, folder 37)
  Saved 1120 frames (up to 1119s, folder 38)
  Saved 1130 frames (up to 1129s, folder 38)
  Saved 1140 frames (up to 1139s, folder 38)
  Saved 1150 frames (up to 1149s, folder 39)
  Saved 1160 frames (up to 1159s, folder 39)
  Saved 1170 frames (up to 1169s, folder 39)

✓ Extracted 1172 frames to data/frames/kitchen_22

✓ Successfully processed kitchen_22: 1172 frames saved
--------------------------------
Processing folder:  data/frames/kitchen_22/1
Inserted 30 triples into graph for clip 1
--------------------------------
Processing folder:  data/frames/kitchen_22/2
Inserted 29 triples into graph for clip 2
--------------------------------
Processing folder:  data/frames/kitchen_22/3
Inserted 43 triples into graph for clip 3
--------------------------------
Processing folder:  data/frames/kitchen_22/4
Inserted 31 triples into graph for clip 4
--------------------------------
Processing folder:  data/frames/kitchen_22/5
Inserted 33 triples into graph for clip 5
--------------------------------
Processing folder:  data/frames/kitchen_22/6
Inserted 27 triples into graph for clip 6
--------------------------------
Processing folder:  data/frames/kitchen_22/7
Extracting summary for completed conversation 1...
Warning: Character '<Robot>' not found in graph, skipping relationship
Warning: Character '<Robot>' not found in graph, skipping relationship
✓ Conversation summary extracted. Attributes: 8, Relationships: 4
Inserted 20 triples into graph for clip 7
--------------------------------
Processing folder:  data/frames/kitchen_22/8
Inserted 24 triples into graph for clip 8
--------------------------------
Processing folder:  data/frames/kitchen_22/9
Inserted 26 triples into graph for clip 9
--------------------------------
Processing folder:  data/frames/kitchen_22/10
Inserted 28 triples into graph for clip 10
--------------------------------
Processing folder:  data/frames/kitchen_22/11
Extracting summary for completed conversation 2...
✓ Conversation summary extracted. Attributes: 3, Relationships: 0
Inserted 18 triples into graph for clip 11
--------------------------------
Processing folder:  data/frames/kitchen_22/12
Inserted 16 triples into graph for clip 12
--------------------------------
Processing folder:  data/frames/kitchen_22/13
Inserted 23 triples into graph for clip 13
--------------------------------
Processing folder:  data/frames/kitchen_22/14
Inserted 30 triples into graph for clip 14
--------------------------------
Processing folder:  data/frames/kitchen_22/15
Inserted 19 triples into graph for clip 15
--------------------------------
Processing folder:  data/frames/kitchen_22/16
Inserted 31 triples into graph for clip 16
--------------------------------
Processing folder:  data/frames/kitchen_22/17
Extracting summary for completed conversation 3...
✓ Conversation summary extracted. Attributes: 4, Relationships: 2
Inserted 20 triples into graph for clip 17
--------------------------------
Processing folder:  data/frames/kitchen_22/18
Inserted 18 triples into graph for clip 18
--------------------------------
Processing folder:  data/frames/kitchen_22/19
Inserted 21 triples into graph for clip 19
--------------------------------
Processing folder:  data/frames/kitchen_22/20
Inserted 16 triples into graph for clip 20
--------------------------------
Processing folder:  data/frames/kitchen_22/21
Inserted 20 triples into graph for clip 21
--------------------------------
Processing folder:  data/frames/kitchen_22/22
Inserted 19 triples into graph for clip 22
--------------------------------
Processing folder:  data/frames/kitchen_22/23
Inserted 24 triples into graph for clip 23
--------------------------------
Processing folder:  data/frames/kitchen_22/24
Inserted 20 triples into graph for clip 24
--------------------------------
Processing folder:  data/frames/kitchen_22/25
Inserted 15 triples into graph for clip 25
--------------------------------
Processing folder:  data/frames/kitchen_22/26
Inserted 20 triples into graph for clip 26
--------------------------------
Processing folder:  data/frames/kitchen_22/27
Inserted 29 triples into graph for clip 27
--------------------------------
Processing folder:  data/frames/kitchen_22/28
Inserted 35 triples into graph for clip 28
--------------------------------
Processing folder:  data/frames/kitchen_22/29
Inserted 26 triples into graph for clip 29
--------------------------------
Processing folder:  data/frames/kitchen_22/30
Inserted 34 triples into graph for clip 30
--------------------------------
Processing folder:  data/frames/kitchen_22/31
Inserted 21 triples into graph for clip 31
--------------------------------
Processing folder:  data/frames/kitchen_22/32
Inserted 25 triples into graph for clip 32
--------------------------------
Processing folder:  data/frames/kitchen_22/33
Inserted 17 triples into graph for clip 33
--------------------------------
Processing folder:  data/frames/kitchen_22/34
Inserted 25 triples into graph for clip 34
--------------------------------
Processing folder:  data/frames/kitchen_22/35
Inserted 26 triples into graph for clip 35
--------------------------------
Processing folder:  data/frames/kitchen_22/36
Inserted 27 triples into graph for clip 36
--------------------------------
Processing folder:  data/frames/kitchen_22/37
Inserted 41 triples into graph for clip 37
--------------------------------
Processing folder:  data/frames/kitchen_22/38
Inserted 36 triples into graph for clip 38
--------------------------------
Processing folder:  data/frames/kitchen_22/39
Inserted 31 triples into graph for clip 39
--------------------------------
Processing folder:  data/frames/kitchen_22/40
Extracting summary for completed conversation 4...
✓ Conversation summary extracted. Attributes: 8, Relationships: 6
Inserted 0 triples into graph for clip 40
Inserting character appearances for 3 characters...
✓ Character appearances inserted: 15 appearance edges created
305 node embeddings inserted (3 characters, 302 objects)
1003 edge embeddings inserted
Generating character attributes...
Number of edges:  1003
Character attributes generated.
Number of edges:  1023
Character relationships generated.
Number of edges:  1038
✓ Graph memory built for kitchen_22
Question: When should the winter melon be put into the stewed spareribs?

[Step 1] Searching the graph...
Parse Query Output:
{
  "query_triple": ["winter melon", "is added to", "stewed spareribs", 0.7, 0.35, 0.7],
  "spatial_constraint": null,
  "speaker_strict": null,
  "allocation": {
    "k_high_level": 5,
    "k_low_level": 37,
    "k_conversations": 8,
    "total_k": 50,
    "reasoning": "Temporal/action cooking step query—focus on low-level edges to find when the ingredient is added; small conversations allocation in case timing is mentioned verbally; minimal high-level edges for any general procedural context."
  }
}

Graph Search Results:
**High-Level Information (Character Attributes and Relationships): **

Character Relationships:
- robot cooperates with Cary (90)
- Cary commands/instructs robot (90)
- Cary collaborates with Abel (85)
- Cary cooperates with robot (80)
- Abel expresses appreciation toward Cary (85)

**Low-Level Information (Actions and Events): **

[3] Cary indicates braised pork. (kitchen)
[3] meat is into metal bowl. (kitchen)
[4] radish is on third shelf. (kitchen)
[4] robot retrieves wrapped winter melon piece. (kitchen)
[4] Abel receives winter melon. (kitchen)
[4] winter melon is from robot. (kitchen)
[4] Abel carries winter melon. (kitchen)
[4] winter melon moves toward sink. (kitchen)
[4] Abel suggests washing winter melon. (kitchen)
[4] Abel asks about cooking time for winter melon. (kitchen)
[9] round green squash is on cutting board. (kitchen)
[10] Cary transfers winter melon cube. (kitchen)
[10] winter melon cube is from cutting board. (kitchen)
[10] winter melon cube is into bowl. (kitchen)
[10] Cary adds remaining melon piece. (kitchen)
[10] remaining melon piece is into bowl. (kitchen)
[10] tomato is into small bowl. (kitchen)
[12] Cary places into seasoned meat. (kitchen)
[12] seasoned meat is in white bowl. (kitchen)
[12] more meat is in bowl. (kitchen)
[13] chopped piece is in small bowl. (kitchen)
[14] cooked piece is from yellow pan. (kitchen)
[14] cooked piece is into red Dutch oven. (kitchen)
[15] orange-handled wok is on stove. (kitchen)
[21] food is in yellow-handled wok. (kitchen)
[22] sauce is into frying pan. (kitchen)
[26] orange peel is on cutting board. (kitchen)
[27] orange peel is on cutting board. (kitchen)
[28] orange peel is from cutting board. (kitchen)
[31] robot holds over metal bowl of melon piece. (kitchen)
[31] metal bowl of melon piece is over red pot. (kitchen)
[31] robot pours melon piece. (kitchen)
[31] melon piece is into red pot. (kitchen)
[31] robot empties melon piece. (kitchen)
[34] robot handles braised pork. (kitchen)
[34] frying pan contains braised pork. (kitchen)
[35] cooked meat moves into bowl. (kitchen and dining area)

**Conversations: **

Conversation 1: Cary and Abel coordinate cooking a meal, switching from radish to winter melon and discussing spices, washing, and cooking time. They also interact with a robot to organize items, including placing yogurt and moving ingredients. Abel makes a yogurt-based drink that Cary enjoys, leading to a light conflict when Cary finishes it, and they decide to make more.
[1] Cary: Yeah two more yogurts yeah please.
[2] Abel: Hey what are you cooking?
[2] Cary: Hey I'm trying to make the braised pork,
[2] Cary: and the carrots ......
[2] Abel: Oh that doesn't look very delicious.
[3] Cary: Leave or help.
[3] Abel: Is there anything I can help you with?
[3] Cary: Yeah you can give me some spices and I will make the braised pork.
[3] Cary: give me some spices and I will make the braised pork.
[3] Abel: Is this enough?
[3] Cary: Yeah that's enough.
[4] Cary: Yeah sure!
[4] Abel: Hey robots can you put this on the third shelf?
[4] Abel: And get the winter melon please!
[4] Abel: Thank you robot.
[4] Abel: Maybe we need to wash this.
[4] Abel: How long do we need to cook the winter melon?
[4] Cary: Yeah I will check my phone and make it step by step.
[4] Cary: Maybe half hours ago and you can wash it now.

Conversation 2: Cary issues brief reminders about timing and including winter melon, and emphasizes not forgetting a robot. The conversation lacks context or responses from others, so no clear decisions or outcomes are established.
[10] Cary: Don't forget the time.
[10] Cary: Please pour the winter melon in it.
[10] Cary: Don't forget robot!

Conversation 4: Cary directs a household robot to serve braised pork, provide a heat pad, fetch orange juice, and clean up the kitchen. Abel compliments the meal, reassures there’s no anger over the juice, and asks the robot to store apple and milk in the refrigerator. Overall, the interaction centers on meal serving, kitchen organization, and positive feedback on the food.
[34] Cary: Hey robot the braised pork is ready and please......
[34] Cary: Pour the braised pork into a bowl.
[34] robot: OK.
[35] Cary: Okay, thank you!

[Step 2] Evaluating semantic answer...
Action: [Answer]
Content: Cary says to “please pour the winter melon in it” while reminding “don’t forget the time,” indicating it should be added at the designated time during cooking.
FINAL ANSWER (from graph):
Cary says to “please pour the winter melon in it” while reminding “don’t forget the time,” indicating it should be added at the designated time during cooking.
Question: What is the next step after taking out the spices to make the braised pork?

[Step 1] Searching the graph...
Parse Query Output:
{
  "query_triple": ["null", "next step after taking out", "spices#for_braised_pork", 0.1, 0.3, 0.8],
  "spatial_constraint": null,
  "speaker_strict": null,
  "allocation": {
    "k_high_level": 4,
    "k_low_level": 40,
    "k_conversations": 6,
    "total_k": 50,
    "reasoning": "Procedure/action sequencing query focused on cooking steps. Prioritize low-level edges to trace actions before/after 'taking out spices' and identify the immediate subsequent step. Minimal high-level edges and limited conversations, as dialogue is unlikely to define step order."
  }
}

Graph Search Results:
**High-Level Information (Character Attributes and Relationships): **

Character Attributes:
- Cary is: medium to heavy build (100), smartwatch on left wrist (100), long straight black hair (100)

Character Relationships:
- Cary commands/instructs robot (90)

**Low-Level Information (Actions and Events): **

[3] Cary prepares ingredient. (kitchen)
[3] Cary gestures toward spice. (kitchen)
[3] Cary requests spice. (kitchen)
[3] Cary indicates braised pork. (kitchen)
[3] Abel looks for spice. (kitchen)
[3] Abel mixes spice. (kitchen)
[3] Abel holds small bowl of spice. (kitchen)
[3] Abel shows small bowl of spice. (kitchen)
[3] Cary glances back at small bowl of spice. (kitchen)
[3] Abel returns with spice. (kitchen)
[4] Abel picks up white radish. (kitchen)
[4] robot takes radish. (kitchen)
[10] Cary sprinkles seasoning. (kitchen)
[10] seasoning is from small packet. (kitchen)
[10] seasoning is into bowl. (kitchen)
[11] Cary moves closer slightly bowl with vegetable. (kitchen)
[12] Cary slides aside chopped meat. (kitchen)
[12] Cary sprinkles from small packet onto seasoning. (kitchen)
[12] seasoning is onto meat. (kitchen)
[12] Cary places into seasoned meat. (kitchen)
[12] seasoned meat is in white bowl. (kitchen)
[13] remaining meat is on board. (kitchen)
[13] Cary takes out red pot. (kitchen)
[14] Cary moves onto red Dutch oven. (kitchen)
[14] Cary removes red Dutch oven lid. (kitchen)
[15] Cary adjusts orange-handled wok. (kitchen)
[18] robot holds near bowl of chopped squash. (kitchen)
[18] robot sets on bowl of chopped squash. (kitchen)
[18] Cary stirs food in the wok. (kitchen)
[21] Cary adjusts position on yellow-handled wok. (kitchen)
[23] Cary pours seasoning. (kitchen)
[23] seasoning is from red bottle. (kitchen)
[23] seasoning is into frying pan. (kitchen)
[31] robot approaches with red pot. (kitchen)
[34] robot handles braised pork. (kitchen)
[34] frying pan contains braised pork. (kitchen)
[35] cooked meat moves into bowl. (kitchen and dining area)
[35] sauce moves into bowl. (kitchen and dining area)
[36] robot carries red pot. (kitchen and dining area)
[36] red pot moves to dining table. (kitchen and dining area)

**Conversations: **

Conversation 4: Cary directs a household robot to serve braised pork, provide a heat pad, fetch orange juice, and clean up the kitchen. Abel compliments the meal, reassures there’s no anger over the juice, and asks the robot to store apple and milk in the refrigerator. Overall, the interaction centers on meal serving, kitchen organization, and positive feedback on the food.
[34] Cary: Hey robot the braised pork is ready and please......
[34] Cary: Pour the braised pork into a bowl.
[34] robot: OK.
[35] Cary: Okay, thank you!

Conversation 1: Cary and Abel coordinate cooking a meal, switching from radish to winter melon and discussing spices, washing, and cooking time. They also interact with a robot to organize items, including placing yogurt and moving ingredients. Abel makes a yogurt-based drink that Cary enjoys, leading to a light conflict when Cary finishes it, and they decide to make more.
[1] Cary: Yeah two more yogurts yeah please.
[2] Abel: Hey what are you cooking?
[2] Cary: Hey I'm trying to make the braised pork,
[2] Cary: and the carrots ......
[2] Abel: Oh that doesn't look very delicious.
[3] Cary: Leave or help.
[3] Abel: Is there anything I can help you with?
[3] Cary: Yeah you can give me some spices and I will make the braised pork.
[3] Cary: give me some spices and I will make the braised pork.
[3] Abel: Is this enough?
[3] Cary: Yeah that's enough.
[4] Abel: Thank you robot.
[4] Abel: Maybe we need to wash this.
[4] Abel: How long do we need to cook the winter melon?
[4] Cary: Yeah I will check my phone and make it step by step.
[4] Cary: Maybe half hours ago and you can wash it now.

[Step 2] Evaluating semantic answer...
Action: [Answer]
Content: Cary sprinkles seasoning from a small packet into a bowl.
FINAL ANSWER (from graph):
Cary sprinkles seasoning from a small packet into a bowl.
Question: Where did Abel take out the yogurt from to make the beverage?

[Step 1] Searching the graph...
Parse Query Output:
{
  "query_triple": ["<Abel>", "takes out from", "?", 0.95, 0.3, 0.15],
  "spatial_constraint": null,
  "speaker_strict": null,
  "allocation": {
    "k_high_level": 5,
    "k_low_level": 40,
    "k_conversations": 5,
    "total_k": 50,
    "reasoning": "Action and location-focused query about a specific retrieval event; prioritize low-level edges to find the source location/object container. Minimal high-level for context, minimal conversations as dialogue is unlikely to be critical."
  }
}

Graph Search Results:
**High-Level Information (Character Attributes and Relationships): **

Character Attributes:
- Abel is: male (100), dark pants (100), plaid button-up shirt (100), casual shoes (100), short light brown hair (100)

**Low-Level Information (Actions and Events): **

[3] Abel asks Cary. (kitchen)
[3] Abel turns to cabinet near stove. (kitchen)
[3] Abel looks for spice. (kitchen)
[3] Abel searches in lower cabinet drawer. (kitchen)
[3] Abel searches around stove area. (kitchen)
[3] Abel holds small bowl of spice. (kitchen)
[3] Abel shows to Cary. (kitchen)
[3] Abel returns toward stove. (kitchen)
[3] Abel returns with spice. (kitchen)
[4] Abel looks at vegetable. (kitchen)
[4] Abel asks to change radish. (kitchen)
[4] Abel picks up white radish. (kitchen)
[4] radish is from Abel. (kitchen)
[4] Abel receives winter melon. (kitchen)
[4] Abel carries winter melon. (kitchen)
[5] Abel takes bowl. (kitchen)
[5] Abel takes from Cary. (kitchen)
[5] Abel washes bowl. (kitchen)
[5] Abel rinses item. (kitchen)
[5] Abel prepares drink. (kitchen)
[5] Abel is at counter. (kitchen)
[5] Abel walks to Cary. (kitchen)
[5] Cary accepts from Abel. (kitchen)
[6] small bowl is to Abel. (kitchen)
[6] Abel reaches toward small bowl. (kitchen)
[6] Abel tries to get small bowl. (kitchen)
[6] Abel takes from small bowl. (kitchen)
[6] Abel places by small bowl. (kitchen)
[6] Abel rinses at small bowl. (kitchen)
[37] Cary calls out to Abel. (dining room and kitchen)
[37] Abel walks from living area. (dining room and kitchen)
[37] Abel tries it. (dining room and kitchen)
[38] Abel sits dining table. (kitchen)
[38] Abel calls out to robot. (kitchen)
[38] Abel calls out from table. (kitchen)
[39] Abel sits at dining table. (kitchen dining area)
[39] Abel holds small carton drink. (kitchen dining area)
[39] Abel lifts glass of orange juice. (kitchen dining area)
[39] Abel takes a sip glass of orange juice. (kitchen dining area)
[39] Abel asks about taste. (kitchen dining area)

**Conversations: **

Conversation 4: Cary directs a household robot to serve braised pork, provide a heat pad, fetch orange juice, and clean up the kitchen. Abel compliments the meal, reassures there’s no anger over the juice, and asks the robot to store apple and milk in the refrigerator. Overall, the interaction centers on meal serving, kitchen organization, and positive feedback on the food.
[37] Cary: Just have a try!
[37] Cary: Taking it away to the original place and just clean up the kitchen thank you!
[37] Abel: Very delicious!
[37] Cary: Yeah I think
[38] Cary: you can just have a try!
[38] Abel: Hey! robot!
[38] Abel: Hey robots can you put the apple and the milk?
[38] Abel: Inside the refrigerator please.
[39] Abel: Very delicious dinner.
[39] Cary: Yeah.
[39] Abel: Thank you for cooking!
[39] Abel: Is it good?
[39] Abel: Yeah very delicious.
[39] Abel: Yeah...
[39] Cary: Just have a try yeah!

Conversation 1: Cary and Abel coordinate cooking a meal, switching from radish to winter melon and discussing spices, washing, and cooking time. They also interact with a robot to organize items, including placing yogurt and moving ingredients. Abel makes a yogurt-based drink that Cary enjoys, leading to a light conflict when Cary finishes it, and they decide to make more.
[4] Cary: Maybe half hours ago and you can wash it now.
[5] Cary: Give you the bowl.
[5] Abel: I think I will make a drink. That's okay with you.
[5] Cary: Yeah I want to try.
[5] Cary: I want to try it! I like the yogurt.
[6] Abel: Is it good?
[6] Abel: Don't eat all of it. I want a little bit.
[6] Abel: You ate all the drink. I wanted some.
[6] Cary: Emm yeah.
[6] Cary: Don't be angry.

[Step 2] Evaluating semantic answer...
Action: [Answer]
Content: From the refrigerator.
FINAL ANSWER (from graph):
From the refrigerator.
Question: Why is Abel a little bit angry?

[Step 1] Searching the graph...
Parse Query Output:
{
  "query_triple": ["<Abel>", "angry", null, 0.95, 0.3, 0.1],
  "spatial_constraint": null,
  "speaker_strict": null,
  "allocation": {
    "k_high_level": 6,
    "k_low_level": 9,
    "k_conversations": 35,
    "total_k": 50,
    "reasoning": "Why query about Abel's emotional state—use conversations to find causes, a few high-level edges for traits/state, and some low-level edges for precipitating actions."
  }
}

Graph Search Results:
**High-Level Information (Character Attributes and Relationships): **

Character Attributes:
- Abel is: male (100), dark pants (100), short light brown hair (100), plaid button-up shirt (100), average build (100), casual shoes (100)

**Low-Level Information (Actions and Events): **

[3] Abel asks Cary. (kitchen)
[3] Abel faces Cary. (kitchen)
[4] Abel asks to change radish. (kitchen)
[4] Abel hands radish. (kitchen)
[6] Abel complains Cary. (kitchen)
[6] Cary tells not to be angry Abel. (kitchen)
[37] Abel is not mad. (dining room and kitchen)
[37] Cary urges Abel. (dining room and kitchen)
[39] Abel speaks. (kitchen dining area)

**Conversations: **

Conversation 1: Cary and Abel coordinate cooking a meal, switching from radish to winter melon and discussing spices, washing, and cooking time. They also interact with a robot to organize items, including placing yogurt and moving ingredients. Abel makes a yogurt-based drink that Cary enjoys, leading to a light conflict when Cary finishes it, and they decide to make more.
[1] Cary: Please okay.
[1] Cary: Yeah two more yogurts yeah please.
[2] Abel: Hey what are you cooking?
[2] Cary: Hey I'm trying to make the braised pork,
[2] Cary: and the carrots ......
[2] Abel: Oh that doesn't look very delicious.
[2] Cary: Hey! I can make it!
[2] Cary: I can check my phone and step by step.
[2] Abel: Let me see......
[3] Cary: Do not disturb me.
[3] Cary: Leave or help.
[3] Abel: Is there anything I can help you with?
[3] Cary: Yeah you can give me some spices and I will make the braised pork.
[3] Cary: give me some spices and I will make the braised pork.
[3] Abel: Is this enough?
[3] Cary: Yeah that's enough.
[3] Cary: yeah just enough.
[4] Abel: Oh no is that a radish?
[4] Cary: Yeah!
[4] Abel: I don't like radish, can we change it?
[4] Cary: Yeah sure!
[4] Abel: Hey robots can you put this on the third shelf?
[4] Abel: And get the winter melon please!
[4] Abel: Thank you robot.
[4] Abel: Maybe we need to wash this.
[4] Abel: How long do we need to cook the winter melon?
[4] Cary: Yeah I will check my phone and make it step by step.
[4] Cary: Maybe half hours ago and you can wash it now.
[5] Cary: Give you the bowl.
[5] Abel: I think I will make a drink. That's okay with you.
[5] Cary: Yeah I want to try.
[5] Cary: I want to try it! I like the yogurt.
[5] Abel: Okay?
[5] Cary: Okay!
[5] Abel: Try to drink.
[5] Cary: Thank you oh.
[6] Abel: Is it good?
[6] Abel: Don't eat all of it. I want a little bit.
[6] Abel: You ate all the drink. I wanted some.
[6] Cary: Emm yeah.
[6] Cary: Don't be angry.
[6] Cary: Just make more.

Conversation 4: Cary directs a household robot to serve braised pork, provide a heat pad, fetch orange juice, and clean up the kitchen. Abel compliments the meal, reassures there’s no anger over the juice, and asks the robot to store apple and milk in the refrigerator. Overall, the interaction centers on meal serving, kitchen organization, and positive feedback on the food.
[36] Cary: And then open the refrigerator and...
[36] Cary: Give me two bottles of the orange juice please.
[37] Cary: Thank you. Hey Abel!
[37] Abel: Hey!
[37] Abel: I'm not mad at you.
[37] Abel: Yeah I'm not angry, just because of the orange juice.
[37] Cary: Just have a try!
[37] Cary: Taking it away to the original place and just clean up the kitchen thank you!
[37] Abel: Very delicious!
[37] Cary: Yeah I think
[38] Cary: you can just have a try!
[38] Cary: and I think it is very delicious.
[38] Abel: Hey! robot!
[38] Abel: Hey robots can you put the apple and the milk?
[38] Abel: Inside the refrigerator please.
[39] Abel: Very delicious dinner.
[39] Cary: Yeah.
[39] Abel: Thank you for cooking!
[39] Abel: Is it good?
[39] Abel: Yeah very delicious.
[39] Abel: Yeah...
[39] Cary: Just have a try yeah!
[39] Abel: I like it very much.
[39] Cary: Yay!

[Step 2] Evaluating semantic answer...
Action: [Answer]
Content: Because Cary drank all of the yogurt drink Abel made, leaving none for him.
FINAL ANSWER (from graph):
Because Cary drank all of the yogurt drink Abel made, leaving none for him.
Question: Is the orange juice in the refrigerator freshly squeezed?

[Step 1] Searching the graph...
Parse Query Output:
{
  "query_triple": ["orange juice", "freshly squeezed", "refrigerator", 0.8, 0.3, 0.7],
  "spatial_constraint": "refrigerator",
  "speaker_strict": null,
  "allocation": {
    "k_high_level": 4,
    "k_low_level": 36,
    "k_conversations": 10,
    "total_k": 50,
    "reasoning": "Property verification about an object in a specific location; prioritize low-level edges for state/attributes and placement, with some conversations for mentions or descriptions."
  }
}

Graph Search Results:
**High-Level Information (Character Attributes and Relationships): **

Character Attributes:
- robot is: black gloves (100), camera holder (100)

Character Relationships:
- Cary commands/instructs robot (90)
- robot cooperates with Cary (90)

**Low-Level Information (Actions and Events): **

[1] robot walks to refrigerator. (kitchen)
[1] robot opens refrigerator door. (kitchen)
[1] robot walks back to refrigerator. (kitchen)
[2] robot opens refrigerator door. (kitchen)
[2] robot closes refrigerator door. (kitchen)
[2] robot walks to refrigerator. (kitchen)
[4] robot opens refrigerator. (kitchen)
[4] top shelf is in refrigerator. (kitchen)
[23] red bottle is beside stove. (kitchen)
[23] Cary walks to refrigerator. (kitchen)
[23] Cary looks inside refrigerator. (kitchen)
[23] orange is from refrigerator. (kitchen)
[24] orange is on cutting board. (kitchen)
[24] Cary continues trimming orange piece. (kitchen)
[24] orange piece is on cutting board. (kitchen)
[25] orange is on cutting board. (kitchen)
[25] Cary moves orange piece. (kitchen)
[25] orange piece is on board. (kitchen)
[25] orange chunk is near halved orange. (kitchen)
[26] orange peel is on cutting board. (kitchen)
[26] Cary arranges into small pile orange piece. (kitchen)
[26] Cary inspects orange piece. (kitchen)
[27] orange peel is on cutting board. (kitchen)
[27] white pith is from orange slice. (kitchen)
[27] Cary picks up orange piece. (kitchen)
[27] orange piece is from board. (kitchen)
[28] orange peel is from cutting board. (kitchen)
[28] orange peel is toward small purple appliance. (kitchen)
[30] Cary walks to refrigerator. (kitchen)
[30] glass is on refrigerator shelf. (kitchen)
[30] second glass is on refrigerator shelf. (kitchen)
[30] Cary looks into refrigerator. (kitchen)
[31] Cary looks inside refrigerator. (kitchen)
[33] orange peel is in trash bin. (kitchen)
[37] glass of orange juice is inside refrigerator. (dining room and kitchen)
[38] Abel gestures toward refrigerator. (kitchen)

**Conversations: **

Conversation 4: Cary directs a household robot to serve braised pork, provide a heat pad, fetch orange juice, and clean up the kitchen. Abel compliments the meal, reassures there’s no anger over the juice, and asks the robot to store apple and milk in the refrigerator. Overall, the interaction centers on meal serving, kitchen organization, and positive feedback on the food.
[35] Cary: And please give me a heat insulated pad and put it on it.
[36] Cary: Yeah thank you.
[36] Cary: And then open the refrigerator and...
[36] Cary: Give me two bottles of the orange juice please.
[37] Cary: Thank you. Hey Abel!
[37] Abel: Hey!
[37] Abel: I'm not mad at you.
[37] Abel: Yeah I'm not angry, just because of the orange juice.
[37] Cary: Just have a try!
[37] Cary: Taking it away to the original place and just clean up the kitchen thank you!
[37] Cary: Yeah I think
[38] Cary: you can just have a try!
[38] Cary: and I think it is very delicious.
[38] Abel: Hey! robot!
[38] Abel: Hey robots can you put the apple and the milk?
[38] Abel: Inside the refrigerator please.
[39] Abel: Very delicious dinner.
[39] Cary: Yeah.

Conversation 1: Cary and Abel coordinate cooking a meal, switching from radish to winter melon and discussing spices, washing, and cooking time. They also interact with a robot to organize items, including placing yogurt and moving ingredients. Abel makes a yogurt-based drink that Cary enjoys, leading to a light conflict when Cary finishes it, and they decide to make more.
[1] Cary: Hey Robot please.
[1] Cary: Let me check what I have bought?
[1] Cary: Yeah please put yogurt into the second floor of the refrigerator.
[1] Cary: Please okay.
[1] Cary: Yeah two more yogurts yeah please.
[2] Abel: Hey what are you cooking?
[2] Cary: Hey I'm trying to make the braised pork,
[5] Abel: I think I will make a drink. That's okay with you.
[5] Cary: Yeah I want to try.
[5] Cary: I want to try it! I like the yogurt.
[5] Abel: Okay?
[5] Cary: Okay!

Conversation 2: Cary issues brief reminders about timing and including winter melon, and emphasizes not forgetting a robot. The conversation lacks context or responses from others, so no clear decisions or outcomes are established.
[10] Cary: Don't forget the time.
[10] Cary: Please pour the winter melon in it.
[10] Cary: Don't forget robot!

[Step 2] Evaluating semantic answer...
Action: [Answer]
Content: Yes, the orange juice appears to be freshly squeezed, as Cary was cutting and preparing oranges before placing a glass of orange juice in the refrigerator.
FINAL ANSWER (from graph):
Yes, the orange juice appears to be freshly squeezed, as Cary was cutting and preparing oranges before placing a glass of orange juice in the refrigerator.
Question: What's for dinner?

[Step 1] Searching the graph...
Parse Query Output:
{
  "query_triple": ["null", "what is for", "dinner", 0.1, 0.25, 0.8],
  "spatial_constraint": null,
  "speaker_strict": null,
  "allocation": {
    "k_high_level": 3,
    "k_low_level": 35,
    "k_conversations": 12,
    "total_k": 50,
    "reasoning": "Menu/meal content is best derived from low-level actions/states (cooking, serving, mentioning dishes). Some dialogue may explicitly state what's for dinner. High-level edges are minimally useful."
  }
}

Graph Search Results:
**High-Level Information (Character Attributes and Relationships): **

Character Attributes:
- robot is: camera holder (100)

Character Relationships:
- Cary commands/instructs robot (90)
- robot cooperates with Cary (90)

**Low-Level Information (Actions and Events): **

[3] meat is from plastic bag. (kitchen)
[3] meat is into metal bowl. (kitchen)
[3] meat is in sink. (kitchen)
[5] Cary stirs food. (kitchen)
[14] Cary stirs food. (kitchen)
[14] Cary tosses food. (kitchen)
[14] food is in yellow pan. (kitchen)
[17] Cary prepares food. (kitchen)
[19] Cary stirs food. (kitchen)
[21] Cary continues stirring food. (kitchen)
[21] food is in yellow-handled wok. (kitchen)
[22] Cary stirs food. (kitchen)
[22] food is in frying pan. (kitchen)
[23] Cary stirs food. (kitchen)
[23] food is in frying pan. (kitchen)
[27] countertop appliance is on dining table. (kitchen)
[33] camera is in kitchen. (kitchen)
[34] stained cutting board is with other dish. (kitchen)
[34] robot turns toward dining area. (kitchen)
[35] robot scrapes food. (kitchen and dining area)
[35] food is in pan. (kitchen and dining area)
[35] robot walks to dining table. (kitchen and dining area)
[36] robot walks toward dining table. (kitchen and dining area)
[36] Cary sits at dining table. (kitchen and dining area)
[36] bowl of food is in front of Cary. (kitchen and dining area)
[36] red pot moves to dining table. (kitchen and dining area)
[37] robot walks toward dining table. (dining room and kitchen)
[37] Cary sits at dining table. (dining room and kitchen)
[37] glass is beside dish. (dining room and kitchen)
[37] Abel walks toward dining table. (dining room and kitchen)
[37] helper cleans kitchen. (dining room and kitchen)
[38] Cary sits dining table. (kitchen)
[38] Abel sits dining table. (kitchen)
[38] robot turns toward dining table. (kitchen)
[39] Abel sits at dining table. (kitchen dining area)

**Conversations: **

Conversation 4: Cary directs a household robot to serve braised pork, provide a heat pad, fetch orange juice, and clean up the kitchen. Abel compliments the meal, reassures there’s no anger over the juice, and asks the robot to store apple and milk in the refrigerator. Overall, the interaction centers on meal serving, kitchen organization, and positive feedback on the food.
[34] Cary: Hey robot the braised pork is ready and please......
[34] Cary: Pour the braised pork into a bowl.
[34] robot: OK.
[35] Cary: Okay, thank you!
[37] Cary: Just have a try!
[37] Cary: Taking it away to the original place and just clean up the kitchen thank you!
[37] Abel: Very delicious!
[37] Cary: Yeah I think
[38] Cary: you can just have a try!
[38] Abel: Hey robots can you put the apple and the milk?
[38] Abel: Inside the refrigerator please.
[39] Abel: Very delicious dinner.
[39] Cary: Yeah.
[39] Abel: Thank you for cooking!
[39] Abel: Is it good?
[39] Abel: Yeah very delicious.
[39] Abel: Yeah...
[39] Cary: Just have a try yeah!

Conversation 1: Cary and Abel coordinate cooking a meal, switching from radish to winter melon and discussing spices, washing, and cooking time. They also interact with a robot to organize items, including placing yogurt and moving ingredients. Abel makes a yogurt-based drink that Cary enjoys, leading to a light conflict when Cary finishes it, and they decide to make more.
[1] Cary: Please okay.
[1] Cary: Yeah two more yogurts yeah please.
[2] Abel: Hey what are you cooking?
[2] Cary: Hey I'm trying to make the braised pork,
[2] Cary: and the carrots ......
[2] Abel: Oh that doesn't look very delicious.
[3] Cary: Leave or help.
[3] Abel: Is there anything I can help you with?
[3] Cary: Yeah you can give me some spices and I will make the braised pork.
[3] Cary: give me some spices and I will make the braised pork.
[3] Abel: Is this enough?
[3] Cary: Yeah that's enough.
[4] Abel: Oh no is that a radish?
[4] Cary: Yeah!
[4] Abel: I don't like radish, can we change it?
[4] Cary: Yeah sure!
[4] Abel: Hey robots can you put this on the third shelf?
[4] Abel: Thank you robot.
[4] Abel: Maybe we need to wash this.
[4] Abel: How long do we need to cook the winter melon?
[4] Cary: Yeah I will check my phone and make it step by step.
[4] Cary: Maybe half hours ago and you can wash it now.

[Step 2] Evaluating semantic answer...
Action: [Answer]
Content: Braised pork.
FINAL ANSWER (from graph):
Braised pork.
Question: Where should the most of the tableware items be placed?

[Step 1] Searching the graph...
Parse Query Output:
{
  "query_triple": [null, "placement location", "tableware items", 0.1, 0.25, 0.5],
  "spatial_constraint": null,
  "speaker_strict": null,
  "allocation": {
    "k_high_level": 5,
    "k_low_level": 37,
    "k_conversations": 8,
    "total_k": 50,
    "reasoning": "Spatial/placement query about general objects (tableware). Prioritize low-level edges to find where items are placed. Limited high-level edges for any overarching rules; small conversations budget in case dialogue explains placement norms."
  }
}

Graph Search Results:
**High-Level Information (Character Attributes and Relationships): **

Character Attributes:
- Abel is: casual shoes (100), dark pants (100)
- Cary is: bracelet (100)
- robot is: camera holder (100), black gloves (100)

**Low-Level Information (Actions and Events): **

[1] Cary places shopping bag. (kitchen)
[3] Abel watches Cary. (kitchen)
[3] Cary handles meat. (kitchen)
[4] Cary handles vegetable. (kitchen)
[5] Cary cooks. (kitchen)
[6] Cary sips from small bowl. (kitchen)
[7] Cary sets metal bowl. (kitchen)
[8] Cary places shopping bag. (kitchen)
[10] Cary places filled bowl. (kitchen)
[11] Cary places cut piece. (kitchen)
[12] Cary tidies with cutting board. (kitchen)
[13] Cary places red pot. (kitchen)
[15] Cary places pot lid. (kitchen)
[16] Cary points toward sink area. (kitchen)
[17] robot sets down appliance. (kitchen)
[17] robot checks outlet. (kitchen)
[20] Cary places lid. (kitchen)
[21] Cary cooks. (kitchen)
[21] Cary places back on container. (kitchen)
[24] Cary places tray. (kitchen)
[25] Cary slices orange. (kitchen)
[25] Cary slices remaining orange piece. (kitchen)
[27] Cary sets aside on container. (kitchen)
[27] Cary pours water into appliance jug. (kitchen)
[28] Cary places lid onto appliance. (kitchen)
[28] Cary watches appliance. (kitchen)
[28] Cary tidies peel. (kitchen)
[29] Cary touches control area. (kitchen)
[29] Cary lifts upper container. (kitchen)
[29] Cary sets down container. (kitchen)
[31] robot empties melon piece. (kitchen)
[31] robot places lid. (kitchen)
[34] robot handles braised pork. (kitchen)
[34] robot selects from lower drawer. (kitchen)
[36] robot places plate. (kitchen and dining area)
[38] robot handles utensil. (kitchen)
[38] robot handles by sink. (kitchen)

**Conversations: **

Conversation 3: Cary asked the robot to wash dishes and relocate some machines. The robot acknowledged the requests, indicating agreement to carry out the tasks.
[16] Cary: Please wash the plates and bowls for me.
[16] Cary: And bring the machines there... there.
[16] robot: OK!

Conversation 4: Cary directs a household robot to serve braised pork, provide a heat pad, fetch orange juice, and clean up the kitchen. Abel compliments the meal, reassures there’s no anger over the juice, and asks the robot to store apple and milk in the refrigerator. Overall, the interaction centers on meal serving, kitchen organization, and positive feedback on the food.
[34] Cary: Hey robot the braised pork is ready and please......
[34] Cary: Pour the braised pork into a bowl.
[34] robot: OK.
[35] Cary: Okay, thank you!
[37] Abel: Yeah I'm not angry, just because of the orange juice.
[37] Cary: Just have a try!
[37] Cary: Taking it away to the original place and just clean up the kitchen thank you!
[37] Abel: Very delicious!
[37] Cary: Yeah I think
[38] Abel: Hey! robot!
[38] Abel: Hey robots can you put the apple and the milk?
[38] Abel: Inside the refrigerator please.
[39] Abel: Very delicious dinner.
[39] Cary: Yeah.

Conversation 1: Cary and Abel coordinate cooking a meal, switching from radish to winter melon and discussing spices, washing, and cooking time. They also interact with a robot to organize items, including placing yogurt and moving ingredients. Abel makes a yogurt-based drink that Cary enjoys, leading to a light conflict when Cary finishes it, and they decide to make more.
[1] Cary: Hey Robot please.
[1] Cary: Let me check what I have bought?
[1] Cary: Yeah please put yogurt into the second floor of the refrigerator.
[1] Cary: Please okay.
[1] Cary: Yeah two more yogurts yeah please.
[4] Abel: I don't like radish, can we change it?
[4] Cary: Yeah sure!
[4] Abel: Hey robots can you put this on the third shelf?
[4] Abel: And get the winter melon please!
[4] Abel: Thank you robot.
[4] Cary: Yeah I will check my phone and make it step by step.
[4] Cary: Maybe half hours ago and you can wash it now.
[5] Cary: Give you the bowl.
[5] Abel: I think I will make a drink. That's okay with you.
[5] Cary: Yeah I want to try.

Conversation 2: Cary issues brief reminders about timing and including winter melon, and emphasizes not forgetting a robot. The conversation lacks context or responses from others, so no clear decisions or outcomes are established.
[10] Cary: Don't forget the time.
[10] Cary: Please pour the winter melon in it.
[10] Cary: Don't forget robot!

[Step 2] Evaluating semantic answer...
Action: [Answer]
Content: In the refrigerator’s second floor.
FINAL ANSWER (from graph):
In the refrigerator’s second floor.
Question: Which drawer is the bowl in?

[Step 1] Searching the graph...
Parse Query Output:
{
  "query_triple": ["bowl", "is in", "drawer#?", 0.7, 0.6, 0.2],
  "spatial_constraint": null,
  "speaker_strict": null,
  "allocation": {
    "k_high_level": 2,
    "k_low_level": 42,
    "k_conversations": 6,
    "total_k": 50,
    "reasoning": "Spatial location query about an object; prioritize low-level edges that encode containment/location. Minimal need for conversations or high-level character edges."
  }
}

Graph Search Results:
**High-Level Information (Character Attributes and Relationships): **

Character Relationships:
- Cary commands/instructs robot (90)
- robot cooperates with Cary (90)

**Low-Level Information (Actions and Events): **

[3] meat is into metal bowl. (kitchen)
[5] Cary hands bowl. (kitchen)
[5] Abel takes bowl. (kitchen)
[5] bowl is in sink. (kitchen)
[5] Abel places bowl. (kitchen)
[5] bowl is on counter. (kitchen)
[6] small bowl is at sink. (kitchen)
[7] small bowl is at sink. (kitchen)
[7] Cary places bowl. (kitchen)
[7] bowl is on counter. (kitchen)
[7] metal bowl is on island. (kitchen)
[9] sliced piece moves closer to bowl. (kitchen)
[10] ingredient is in metal bowl. (kitchen)
[10] metal bowl is on kitchen island. (kitchen)
[10] seasoning is into bowl. (kitchen)
[10] Cary returns with bowl. (kitchen)
[10] winter melon cube is into bowl. (kitchen)
[10] remaining melon piece is into bowl. (kitchen)
[10] filled bowl is on counter. (kitchen)
[10] tomato is into small bowl. (kitchen)
[12] seasoned meat is in white bowl. (kitchen)
[12] more meat is in bowl. (kitchen)
[13] chopped piece is in small bowl. (kitchen)
[13] piece is in bowl. (kitchen)
[16] metal bowl is in sink. (kitchen)
[20] pan lid is in <Cary>'s right hand. (kitchen)
[21] stove is in kitchen. (kitchen)
[22] food is in frying pan. (kitchen)
[32] bowl is toward sink. (kitchen)
[32] robot holds under bowl. (kitchen)
[32] bowl is under running water. (kitchen)
[32] robot fills bowl. (kitchen)
[32] robot sets down bowl. (kitchen)
[32] robot returns with bowl. (kitchen)
[33] camera is in kitchen. (kitchen)
[34] stained cutting board is in sink. (kitchen)
[35] robot pours into bowl. (kitchen and dining area)
[35] cooked meat moves into bowl. (kitchen and dining area)
[35] sauce moves into bowl. (kitchen and dining area)
[35] robot carries bowl. (kitchen and dining area)
[35] robot holds bowl. (kitchen and dining area)
[35] bowl is in front of Cary. (kitchen and dining area)

**Conversations: **

Conversation 1: Cary and Abel coordinate cooking a meal, switching from radish to winter melon and discussing spices, washing, and cooking time. They also interact with a robot to organize items, including placing yogurt and moving ingredients. Abel makes a yogurt-based drink that Cary enjoys, leading to a light conflict when Cary finishes it, and they decide to make more.
[1] Cary: Hey Robot please.
[1] Cary: Let me check what I have bought?
[1] Cary: Yeah please put yogurt into the second floor of the refrigerator.
[1] Cary: Please okay.
[1] Cary: Yeah two more yogurts yeah please.
[4] Abel: I don't like radish, can we change it?
[4] Cary: Yeah sure!
[4] Abel: Hey robots can you put this on the third shelf?
[4] Abel: And get the winter melon please!
[4] Abel: Thank you robot.
[4] Cary: Yeah I will check my phone and make it step by step.
[4] Cary: Maybe half hours ago and you can wash it now.
[5] Cary: Give you the bowl.
[5] Abel: I think I will make a drink. That's okay with you.
[5] Cary: Yeah I want to try.

Conversation 3: Cary asked the robot to wash dishes and relocate some machines. The robot acknowledged the requests, indicating agreement to carry out the tasks.
[16] Cary: Please wash the plates and bowls for me.
[16] Cary: And bring the machines there... there.
[16] robot: OK!

Conversation 4: Cary directs a household robot to serve braised pork, provide a heat pad, fetch orange juice, and clean up the kitchen. Abel compliments the meal, reassures there’s no anger over the juice, and asks the robot to store apple and milk in the refrigerator. Overall, the interaction centers on meal serving, kitchen organization, and positive feedback on the food.
[34] Cary: Hey robot the braised pork is ready and please......
[34] Cary: Pour the braised pork into a bowl.
[34] robot: OK.
[35] Cary: Okay, thank you!
[38] Abel: Hey! robot!
[38] Abel: Hey robots can you put the apple and the milk?
[38] Abel: Inside the refrigerator please.
[39] Abel: Very delicious dinner.
[39] Cary: Yeah.

[Step 2] Evaluating semantic answer...
Action: [Search]
Content: [5, 7, 10, 12, 16, 32, 35]
Summary: Multiple clips show the bowl being handed, placed on counters/island, moved to the sink, filled and carried by the robot, and finally set in front of Cary, but there is no mention of any drawer or which drawer the bowl is in.

[Step 3] Watching video clips: [5, 7, 10, 12, 16, 32, 35]

   Processing clip 5 (1/7)...
Question: Where is the soy milk machine's original place on the counter ?

[Step 1] Searching the graph...
Parse Query Output:
{
  "query_triple": ["soy milk machine", "is at", "counter#original_place", 0.9, 0.6, 0.8],
  "spatial_constraint": "counter",
  "speaker_strict": null,
  "allocation": {
    "k_high_level": 3,
    "k_low_level": 40,
    "k_conversations": 7,
    "total_k": 50,
    "reasoning": "Spatial/location query about an object's original position on a specific surface; prioritize low-level edges for precise placement, minimal high-level and conversations."
  }
}

Graph Search Results:
**High-Level Information (Character Attributes and Relationships): **

Character Relationships:
- robot cooperates with Cary (90)
- Cary commands/instructs robot (90)
- Abel requests assistance from robot (80)

**Low-Level Information (Actions and Events): **

[1] yogurt is on second shelf. (kitchen)
[4] Cary is at sink. (kitchen)
[4] white radish is from counter. (kitchen)
[5] Cary is at stove area. (kitchen)
[5] bowl is on counter. (kitchen)
[5] Cary is at stovetop. (kitchen)
[5] Abel is at counter. (kitchen)
[5] Cary is at stove. (kitchen)
[6] small bowl is at sink. (kitchen)
[7] small bowl is at sink. (kitchen)
[7] bowl is on counter. (kitchen)
[8] shopping bag is on counter. (kitchen)
[10] filled bowl is on counter. (kitchen)
[11] smartphone is on counter beside cutting board. (kitchen)
[11] knife is at sink. (kitchen)
[14] red Dutch oven is on counter. (kitchen)
[14] yellow pan lid is on counter. (kitchen)
[14] red Dutch oven lid is from counter. (kitchen)
[15] pot lid is on countertop. (kitchen)
[15] bottle of cooking oil is on counter. (kitchen)
[16] bottle of cooking oil is on counter. (kitchen)
[16] metal bowl is from counter. (kitchen)
[16] purple ladle is from counter. (kitchen)
[18] bowl of chopped squash is on island counter. (kitchen)
[18] bottle is on counter next to the stove. (kitchen)
[21] counter is near white bowl. (kitchen)
[21] container is from counter. (kitchen)
[21] container is on counter. (kitchen)
[22] bottle cap is on counter. (kitchen)
[22] glass bottle of sauce is from counter. (kitchen)
[23] small bottle is from island counter. (kitchen)
[25] cutting board is on counter. (kitchen)
[27] countertop appliance is on dining table. (kitchen)
[27] water bottle is on counter. (kitchen)
[29] chair is at counter. (kitchen)
[30] glass is from counter. (kitchen)
[32] metal mixing bowl is from counter. (kitchen)
[33] pot is at sink. (kitchen)
[38] purple electric kettle is on counter. (kitchen)
[38] knife is on counter. (kitchen)

**Conversations: **

Conversation 1: Cary and Abel coordinate cooking a meal, switching from radish to winter melon and discussing spices, washing, and cooking time. They also interact with a robot to organize items, including placing yogurt and moving ingredients. Abel makes a yogurt-based drink that Cary enjoys, leading to a light conflict when Cary finishes it, and they decide to make more.
[1] Cary: Hey Robot please.
[1] Cary: Let me check what I have bought?
[1] Cary: Yeah please put yogurt into the second floor of the refrigerator.
[1] Cary: Please okay.
[1] Cary: Yeah two more yogurts yeah please.
[4] Abel: I don't like radish, can we change it?
[4] Cary: Yeah sure!
[4] Abel: Hey robots can you put this on the third shelf?
[4] Abel: And get the winter melon please!
[4] Abel: Thank you robot.

Conversation 4: Cary directs a household robot to serve braised pork, provide a heat pad, fetch orange juice, and clean up the kitchen. Abel compliments the meal, reassures there’s no anger over the juice, and asks the robot to store apple and milk in the refrigerator. Overall, the interaction centers on meal serving, kitchen organization, and positive feedback on the food.
[37] Abel: Yeah I'm not angry, just because of the orange juice.
[37] Cary: Just have a try!
[37] Cary: Taking it away to the original place and just clean up the kitchen thank you!
[37] Abel: Very delicious!
[37] Cary: Yeah I think
[38] Cary: and I think it is very delicious.
[38] Abel: Hey! robot!
[38] Abel: Hey robots can you put the apple and the milk?
[38] Abel: Inside the refrigerator please.
[39] Abel: Very delicious dinner.
[39] Cary: Yeah.

Conversation 2: Cary issues brief reminders about timing and including winter melon, and emphasizes not forgetting a robot. The conversation lacks context or responses from others, so no clear decisions or outcomes are established.
[10] Cary: Don't forget the time.
[10] Cary: Please pour the winter melon in it.
[10] Cary: Don't forget robot!

Conversation 3: Cary asked the robot to wash dishes and relocate some machines. The robot acknowledged the requests, indicating agreement to carry out the tasks.
[16] Cary: Please wash the plates and bowls for me.
[16] Cary: And bring the machines there... there.
[16] robot: OK!

[Step 2] Evaluating semantic answer...
Action: [Search]
Content: [27, 38, 5, 10]
Summary: The graph mentions a “countertop appliance” on the dining table at clip 27 and Cary asking the robot to “bring the machines there” at clip 16, but it does not explicitly identify a soy milk machine or its original place on the counter. Additional clips around kitchen organization and mentions of appliances may show the soy milk machine’s original location.

[Step 3] Watching video clips: [27, 38, 5, 10]

   Processing clip 27 (1/4)...
Question: What dish is in the red pot?

[Step 1] Searching the graph...
Parse Query Output:
{
  "query_triple": ["pot#red", "contains", "?", 0.95, 0.5, 0.15],
  "spatial_constraint": null,
  "speaker_strict": null,
  "allocation": {
    "k_high_level": 3,
    "k_low_level": 40,
    "k_conversations": 7,
    "total_k": 50,
    "reasoning": "Object location/content query focused on a specific item; prioritize low-level edges to find what dish is inside the red pot. Minimal need for high-level traits; small conversation budget in case someone verbally identifies the dish."
  }
}

Graph Search Results:
**High-Level Information (Character Attributes and Relationships): **

Character Attributes:
- robot is: camera holder (100)

Character Relationships:
- robot cooperates with Cary (90)
- Cary commands/instructs robot (90)

**Low-Level Information (Actions and Events): **

[12] seasoned meat is in white bowl. (kitchen)
[13] Cary takes out red pot. (kitchen)
[13] red pot is from cabinet. (kitchen)
[13] Cary places red pot. (kitchen)
[13] red pot is on countertop near stove. (kitchen)
[14] food is in yellow pan. (kitchen)
[14] yellow pan is into pot. (kitchen)
[14] red Dutch oven has red Dutch oven lid. (kitchen)
[15] Cary places pot lid. (kitchen)
[15] pot lid is on countertop. (kitchen)
[18] Cary holds red ladle. (kitchen)
[19] Cary picks up red utensil. (kitchen)
[19] Cary stirs with red utensil. (kitchen)
[19] Cary places red utensil. (kitchen)
[19] red utensil is onto counter. (kitchen)
[19] counter is near red cloth. (kitchen)
[20] Cary holds pan lid. (kitchen)
[20] Cary holds red spatula. (kitchen)
[20] red spatula is in <Cary>'s left hand. (kitchen)
[23] seasoning is from red bottle. (kitchen)
[23] Cary places red bottle. (kitchen)
[23] red bottle is beside stove. (kitchen)
[23] Cary holds orange. (kitchen)
[24] Cary holds orange. (kitchen)
[25] Cary holds orange. (kitchen)
[26] orange segment is in Cary's left hand. (kitchen)
[28] filter basket is into jar. (kitchen)
[31] robot approaches with red pot. (kitchen)
[31] robot lifts red pot lid. (kitchen)
[31] metal bowl of melon piece is over red pot. (kitchen)
[31] melon piece is into red pot. (kitchen)
[31] lid is onto red pot. (kitchen)
[33] robot runs water into pot. (kitchen)
[33] pot is at sink. (kitchen)
[34] frying pan contains braised pork. (kitchen)
[36] robot lifts red lidded pot. (kitchen and dining area)
[36] red lidded pot is from burner. (kitchen and dining area)
[36] robot carries red pot. (kitchen and dining area)
[36] red pot moves to dining table. (kitchen and dining area)
[36] pot is set down. (kitchen and dining area)

**Conversations: **

Conversation 4: Cary directs a household robot to serve braised pork, provide a heat pad, fetch orange juice, and clean up the kitchen. Abel compliments the meal, reassures there’s no anger over the juice, and asks the robot to store apple and milk in the refrigerator. Overall, the interaction centers on meal serving, kitchen organization, and positive feedback on the food.
[34] Cary: Hey robot the braised pork is ready and please......
[34] Cary: Pour the braised pork into a bowl.
[34] robot: OK.
[35] Cary: Okay, thank you!

Conversation 1: Cary and Abel coordinate cooking a meal, switching from radish to winter melon and discussing spices, washing, and cooking time. They also interact with a robot to organize items, including placing yogurt and moving ingredients. Abel makes a yogurt-based drink that Cary enjoys, leading to a light conflict when Cary finishes it, and they decide to make more.
[1] Cary: Please okay.
[1] Cary: Yeah two more yogurts yeah please.
[2] Abel: Hey what are you cooking?
[2] Cary: Hey I'm trying to make the braised pork,
[2] Cary: and the carrots ......
[2] Abel: Oh that doesn't look very delicious.
[3] Cary: Leave or help.
[3] Abel: Is there anything I can help you with?
[3] Cary: Yeah you can give me some spices and I will make the braised pork.
[3] Cary: give me some spices and I will make the braised pork.
[3] Abel: Is this enough?
[3] Cary: Yeah that's enough.
[3] Cary: yeah just enough.
[4] Abel: Oh no is that a radish?
[4] Cary: Yeah!
[4] Abel: I don't like radish, can we change it?

[Step 2] Evaluating semantic answer...
Action: [Answer]
Content: Braised pork.
FINAL ANSWER (from graph):
Braised pork.
Question: If there is almond milk, where should it be placed?

[Step 1] Searching the graph...
Parse Query Output:
{
  "query_triple": ["almond milk", "should be placed at", "?", 0.8, 0.25, 0.15],
  "spatial_constraint": null,
  "speaker_strict": null,
  "allocation": {
    "k_high_level": 4,
    "k_low_level": 40,
    "k_conversations": 6,
    "total_k": 50,
    "reasoning": "This is a spatial/placement query about an object. Prioritize low-level edges to find storage/location norms or prior placements of almond milk; minimal high-level/context and a small portion of conversations for any verbal instructions."
  }
}

Graph Search Results:
**High-Level Information (Character Attributes and Relationships): **

Character Attributes:
- Abel is: dark pants (100)
- Cary is: smartwatch on left wrist (100)
- robot is: camera holder (100), no visible face (100)

**Low-Level Information (Actions and Events): **

[1] Cary takes out yogurt bottle. (kitchen)
[1] Cary hands yogurt bottle. (kitchen)
[1] yogurt bottle is to robot. (kitchen)
[1] robot places yogurt. (kitchen)
[1] yogurt is on second shelf. (kitchen)
[2] robot picks up small jar. (kitchen)
[2] small jar is from top shelf. (kitchen)
[4] robot places radish. (kitchen)
[4] Abel receives winter melon. (kitchen)
[4] winter melon is from robot. (kitchen)
[4] Abel carries winter melon. (kitchen)
[4] winter melon moves toward sink. (kitchen)
[4] Abel suggests washing winter melon. (kitchen)
[6] Abel places by small bowl. (kitchen)
[6] small bowl is at sink. (kitchen)
[7] small bowl is at sink. (kitchen)
[16] Cary places white bowl. (kitchen)
[18] Cary places on bottle. (kitchen)
[23] Cary places red bottle. (kitchen)
[25] Cary arranges near orange chunk. (kitchen)
[27] white pith is from orange slice. (kitchen)
[27] Cary sets back on water bottle. (kitchen)
[27] water bottle is on counter. (kitchen)
[29] ceramic mug is next to appliance. (kitchen)
[30] Cary places empty glass cup. (kitchen)
[36] robot reaches toward two glass of orange drink. (kitchen and dining area)
[36] two glass of orange drink is on shelf. (kitchen and dining area)
[37] robot holds glass of orange juice. (dining room and kitchen)
[37] glass of orange juice is inside refrigerator. (dining room and kitchen)
[37] robot carries glass of orange juice. (dining room and kitchen)
[37] robot places glass of juice. (dining room and kitchen)
[37] glass of juice is in front of Cary. (dining room and kitchen)
[37] it is about orange juice. (dining room and kitchen)
[37] Abel compliments juice. (dining room and kitchen)
[38] Abel gestures with milk carton. (kitchen)
[39] Abel holds small carton drink. (kitchen dining area)
[39] robot places apple. (kitchen dining area)
[39] robot places drink carton. (kitchen dining area)
[39] drink carton is on table. (kitchen dining area)
[39] Abel lifts glass of orange juice. (kitchen dining area)

**Conversations: **

Conversation 1: Cary and Abel coordinate cooking a meal, switching from radish to winter melon and discussing spices, washing, and cooking time. They also interact with a robot to organize items, including placing yogurt and moving ingredients. Abel makes a yogurt-based drink that Cary enjoys, leading to a light conflict when Cary finishes it, and they decide to make more.
[1] Cary: Hey Robot please.
[1] Cary: Let me check what I have bought?
[1] Cary: Yeah please put yogurt into the second floor of the refrigerator.
[1] Cary: Please okay.
[1] Cary: Yeah two more yogurts yeah please.
[4] Abel: I don't like radish, can we change it?
[4] Cary: Yeah sure!
[4] Abel: Hey robots can you put this on the third shelf?
[4] Abel: And get the winter melon please!
[4] Abel: Thank you robot.

Conversation 4: Cary directs a household robot to serve braised pork, provide a heat pad, fetch orange juice, and clean up the kitchen. Abel compliments the meal, reassures there’s no anger over the juice, and asks the robot to store apple and milk in the refrigerator. Overall, the interaction centers on meal serving, kitchen organization, and positive feedback on the food.
[36] Cary: Yeah thank you.
[36] Cary: And then open the refrigerator and...
[36] Cary: Give me two bottles of the orange juice please.
[37] Cary: Thank you. Hey Abel!
[37] Abel: Hey!
[38] Cary: and I think it is very delicious.
[38] Abel: Hey! robot!
[38] Abel: Hey robots can you put the apple and the milk?
[38] Abel: Inside the refrigerator please.
[39] Abel: Very delicious dinner.
[39] Cary: Yeah.

Conversation 2: Cary issues brief reminders about timing and including winter melon, and emphasizes not forgetting a robot. The conversation lacks context or responses from others, so no clear decisions or outcomes are established.
[10] Cary: Don't forget the time.
[10] Cary: Please pour the winter melon in it.
[10] Cary: Don't forget robot!

[Step 2] Evaluating semantic answer...
Action: [Answer]
Content: Inside the refrigerator.
FINAL ANSWER (from graph):
Inside the refrigerator.
Question: Which shelf in the refrigerator, countiong from the top, does Cary's family usually put the wine they bought on?

[Step 1] Searching the graph...
Parse Query Output:
{
  "query_triple": ["<Cary>", "family usually puts wine on shelf#", "refrigerator", 0.8, 0.3, 0.6],
  "spatial_constraint": "refrigerator",
  "speaker_strict": null,
  "allocation": {
    "k_high_level": 5,
    "k_low_level": 40,
    "k_conversations": 5,
    "total_k": 50,
    "reasoning": "Spatial/action query about customary placement of wine on a specific refrigerator shelf (indexed from top). Prioritize low-level edges for object placement and shelf indexing; minimal high-level edges for family association; limited conversations for any verbal mention of habit."
  }
}

Graph Search Results:
**High-Level Information (Character Attributes and Relationships): **

Character Relationships:
- robot cooperates with Cary (90)
- Cary commands/instructs robot (90)
- Cary cooperates with robot (80)
- Cary is director/commander of robot (85)
- Cary directs robot (75)

**Low-Level Information (Actions and Events): **

[5] Cary moves to stove. (kitchen)
[5] Cary is on stove. (kitchen)
[5] Cary is at stove. (kitchen)
[6] Cary turns to stove. (kitchen)
[7] Cary rummages inside drawer. (kitchen)
[16] Cary continues cooking stove. (kitchen)
[17] Cary stands at stove. (kitchen)
[18] Cary places on bottle. (kitchen)
[18] Cary searches in lower drawer beside the stove. (kitchen)
[18] Cary closes lower drawer beside the stove. (kitchen)
[18] Cary keeps cooking at stove. (kitchen)
[19] Cary stands at stove. (kitchen)
[19] Cary returns to stove. (kitchen)
[21] Cary stands at stove. (kitchen)
[22] Cary stands at stove. (kitchen)
[23] Cary walks to refrigerator. (kitchen)
[23] Cary opens refrigerator door. (kitchen)
[23] Cary looks inside refrigerator. (kitchen)
[23] Cary closes refrigerator door. (kitchen)
[27] Cary walks to countertop appliance. (kitchen)
[27] Cary pours water into appliance jug. (kitchen)
[27] Cary sets back on water bottle. (kitchen)
[28] Cary opens top of appliance. (kitchen)
[28] Cary places lid onto appliance. (kitchen)
[28] Cary presses control knob on appliance. (kitchen)
[28] Cary taps start control on appliance. (kitchen)
[28] Cary watches appliance. (kitchen)
[28] Cary touches top of appliance. (kitchen)
[28] Cary checks appliance. (kitchen)
[28] Cary waits next to appliance. (kitchen)
[29] Cary stands beside small purple appliance. (kitchen)
[29] Cary places hand on appliance lid. (kitchen)
[29] Cary steadies appliance. (kitchen)
[30] Cary walks to refrigerator. (kitchen)
[30] Cary places on refrigerator shelf. (kitchen)
[30] Cary looks into refrigerator. (kitchen)
[31] Cary opens refrigerator door. (kitchen)
[31] Cary looks inside refrigerator. (kitchen)
[31] Cary closes refrigerator door. (kitchen)
[34] Cary gestures toward stove. (kitchen)

**Conversations: **

Conversation 1: Cary and Abel coordinate cooking a meal, switching from radish to winter melon and discussing spices, washing, and cooking time. They also interact with a robot to organize items, including placing yogurt and moving ingredients. Abel makes a yogurt-based drink that Cary enjoys, leading to a light conflict when Cary finishes it, and they decide to make more.
[1] Cary: Hey Robot please.
[1] Cary: Let me check what I have bought?
[1] Cary: Yeah please put yogurt into the second floor of the refrigerator.
[1] Cary: Please okay.
[1] Cary: Yeah two more yogurts yeah please.
[4] Abel: I don't like radish, can we change it?
[4] Cary: Yeah sure!
[4] Abel: Hey robots can you put this on the third shelf?
[4] Abel: And get the winter melon please!
[4] Abel: Thank you robot.

Conversation 4: Cary directs a household robot to serve braised pork, provide a heat pad, fetch orange juice, and clean up the kitchen. Abel compliments the meal, reassures there’s no anger over the juice, and asks the robot to store apple and milk in the refrigerator. Overall, the interaction centers on meal serving, kitchen organization, and positive feedback on the food.
[35] Cary: And please give me a heat insulated pad and put it on it.
[36] Cary: Yeah thank you.
[36] Cary: And then open the refrigerator and...
[36] Cary: Give me two bottles of the orange juice please.
[37] Cary: Thank you. Hey Abel!
[37] Abel: Hey!

Conversation 2: Cary issues brief reminders about timing and including winter melon, and emphasizes not forgetting a robot. The conversation lacks context or responses from others, so no clear decisions or outcomes are established.
[10] Cary: Don't forget the time.
[10] Cary: Please pour the winter melon in it.
[10] Cary: Don't forget robot!

[Step 2] Evaluating semantic answer...
Action: [Search]
Content: [1, 4, 23, 30, 31, 36]
Summary: The graph shows Cary and Abel directing the robot to place yogurt on specific refrigerator shelves and later interacting with the refrigerator, but it does not mention wine or which shelf it is usually placed on. Relevant clips include early instructions about fridge shelving ([1], [4]) and multiple instances of opening/looking into the refrigerator ([23], [30], [31], [36]).

[Step 3] Watching video clips: [1, 4, 23, 30, 31, 36]

   Processing clip 1 (1/6)...
Question: Where did Cary learn to cook?

[Step 1] Searching the graph...
Parse Query Output:
{
  "query_triple": ["<Cary>", "learns to cook at", "?", 0.95, 0.3, 0.15],
  "spatial_constraint": null,
  "speaker_strict": null,
  "allocation": {
    "k_high_level": 6,
    "k_low_level": 24,
    "k_conversations": 20,
    "total_k": 50,
    "reasoning": "Seeking location of learning origin. Use low-level edges for scenes/actions about learning/cooking locations; include conversations for backstory/mentions; a few high-level edges for background traits like training or mentorship."
  }
}

Graph Search Results:
**High-Level Information (Character Attributes and Relationships): **

Character Attributes:
- Cary is: female (100), medium to heavy build (100), long straight black hair (100), smartwatch on left wrist (100)

Character Relationships:
- robot cooperates with Cary (90)
- Cary commands/instructs robot (90)

**Low-Level Information (Actions and Events): **

[2] robot asks about cooking Cary. (kitchen)
[2] Cary is at island. (kitchen)
[3] Cary prepares ingredient. (kitchen)
[4] Cary is at sink. (kitchen)
[5] Cary is at stove area. (kitchen)
[5] Cary cooks. (kitchen)
[5] Cary is at stovetop. (kitchen)
[5] Cary is at stove. (kitchen)
[6] Cary begins cooking in pan. (kitchen)
[13] Cary chops meat. (kitchen)
[13] Cary chops remaining meat. (kitchen)
[16] Cary continues cooking stove. (kitchen)
[17] Cary prepares food. (kitchen)
[18] Cary keeps cooking at stove. (kitchen)
[19] Cary cooks in wok. (kitchen)
[21] Cary cooks. (kitchen)
[23] Cary walks to refrigerator. (kitchen)
[26] Cary chops remaining orange peel. (kitchen)
[27] Cary chops orange peel. (kitchen)
[34] Cary instructs robot. (kitchen)
[35] Cary sits at table. (kitchen and dining area)
[36] Cary sits at dining table. (kitchen and dining area)
[37] Cary sits at dining table. (dining room and kitchen)
[39] Cary encourages to try something from fridge. (kitchen dining area)

**Conversations: **

Conversation 1: Cary and Abel coordinate cooking a meal, switching from radish to winter melon and discussing spices, washing, and cooking time. They also interact with a robot to organize items, including placing yogurt and moving ingredients. Abel makes a yogurt-based drink that Cary enjoys, leading to a light conflict when Cary finishes it, and they decide to make more.
[1] Cary: Yeah two more yogurts yeah please.
[2] Abel: Hey what are you cooking?
[2] Cary: Hey I'm trying to make the braised pork,
[2] Cary: and the carrots ......
[2] Abel: Oh that doesn't look very delicious.
[2] Cary: Hey! I can make it!
[3] Cary: Leave or help.
[3] Abel: Is there anything I can help you with?
[3] Cary: Yeah you can give me some spices and I will make the braised pork.
[3] Cary: give me some spices and I will make the braised pork.
[3] Abel: Is this enough?
[3] Cary: Yeah that's enough.
[3] Cary: yeah just enough.
[4] Abel: Oh no is that a radish?
[4] Cary: Yeah!
[4] Abel: I don't like radish, can we change it?
[4] Cary: Yeah sure!
[4] Abel: Hey robots can you put this on the third shelf?
[4] Abel: And get the winter melon please!
[4] Cary: Yeah I will check my phone and make it step by step.
[4] Cary: Maybe half hours ago and you can wash it now.
[5] Cary: Give you the bowl.
[5] Abel: I think I will make a drink. That's okay with you.
[5] Cary: Yeah I want to try.
[5] Cary: I want to try it! I like the yogurt.
[5] Abel: Okay?
[5] Cary: Okay!
[5] Abel: Try to drink.
[5] Cary: Thank you oh.
[6] Abel: Is it good?
[6] Abel: Don't eat all of it. I want a little bit.
[6] Abel: You ate all the drink. I wanted some.
[6] Cary: Emm yeah.
[6] Cary: Don't be angry.
[6] Cary: Just make more.

Conversation 4: Cary directs a household robot to serve braised pork, provide a heat pad, fetch orange juice, and clean up the kitchen. Abel compliments the meal, reassures there’s no anger over the juice, and asks the robot to store apple and milk in the refrigerator. Overall, the interaction centers on meal serving, kitchen organization, and positive feedback on the food.
[34] Cary: Hey robot the braised pork is ready and please......
[34] Cary: Pour the braised pork into a bowl.
[34] robot: OK.
[35] Cary: Okay, thank you!
[35] Cary: And please give me a heat insulated pad and put it on it.
[36] Cary: Yeah thank you.
[36] Cary: And then open the refrigerator and...
[36] Cary: Give me two bottles of the orange juice please.
[37] Cary: Thank you. Hey Abel!
[37] Abel: Yeah I'm not angry, just because of the orange juice.
[37] Cary: Just have a try!
[37] Cary: Taking it away to the original place and just clean up the kitchen thank you!
[37] Abel: Very delicious!
[37] Cary: Yeah I think
[38] Cary: you can just have a try!
[38] Cary: and I think it is very delicious.
[38] Abel: Hey! robot!
[38] Abel: Hey robots can you put the apple and the milk?
[38] Abel: Inside the refrigerator please.
[39] Abel: Very delicious dinner.
[39] Cary: Yeah.
[39] Abel: Thank you for cooking!
[39] Abel: Is it good?
[39] Cary: Just have a try yeah!
[39] Abel: I like it very much.
[39] Cary: Yay!

Conversation 3: Cary asked the robot to wash dishes and relocate some machines. The robot acknowledged the requests, indicating agreement to carry out the tasks.
[16] Cary: Please wash the plates and bowls for me.
[16] Cary: And bring the machines there... there.
[16] robot: OK!

[Step 2] Evaluating semantic answer...
Action: [Search]
Content: [1, 2, 3, 4, 5, 6]
Summary: The graph shows Cary cooking braised pork in the kitchen with Abel, discussing ingredients and instructing a robot; Cary mentions checking her phone to make it step by step, but there is no explicit information about where she learned to cook. Searching early clips may reveal any mention of her cooking background.

[Step 3] Watching video clips: [1, 2, 3, 4, 5, 6]

   Processing clip 1 (1/6)...
Question: Is Cary good at cooking?

[Step 1] Searching the graph...
Parse Query Output:
{
  "query_triple": ["<Cary>", "skill: cooking", "?", 0.95, 0.3, 0.2],
  "spatial_constraint": null,
  "speaker_strict": null,
  "allocation": {
    "k_high_level": 8,
    "k_low_level": 15,
    "k_conversations": 27,
    "total_k": 50,
    "reasoning": "Trait/ability query about Cary's cooking skill. Use high-level edges for character attributes, low-level edges for evidence of cooking actions/results, and conversations for opinions or statements about Cary’s cooking."
  }
}

Graph Search Results:
**High-Level Information (Character Attributes and Relationships): **

Character Attributes:
- Cary is: female (100), long straight black hair (100), medium to heavy build (100), gray ribbed knit long dress (100), bracelet (100), task-focused (90), smartwatch on left wrist (100)

Character Relationships:
- Cary commands/instructs robot (90)

**Low-Level Information (Actions and Events): **

[2] robot asks about cooking Cary. (kitchen)
[3] Cary prepares ingredient. (kitchen)
[5] Cary cooks. (kitchen)
[6] Cary begins cooking in pan. (kitchen)
[10] Cary chops into slice sausage. (kitchen)
[12] Cary chops remaining meat. (kitchen)
[13] Cary chops meat. (kitchen)
[13] Cary chops remaining meat. (kitchen)
[16] Cary continues cooking stove. (kitchen)
[17] Cary prepares food. (kitchen)
[18] Cary keeps cooking at stove. (kitchen)
[19] Cary cooks in wok. (kitchen)
[21] Cary cooks. (kitchen)
[26] Cary chops remaining orange peel. (kitchen)
[27] Cary chops orange peel. (kitchen)

**Conversations: **

Conversation 4: Cary directs a household robot to serve braised pork, provide a heat pad, fetch orange juice, and clean up the kitchen. Abel compliments the meal, reassures there’s no anger over the juice, and asks the robot to store apple and milk in the refrigerator. Overall, the interaction centers on meal serving, kitchen organization, and positive feedback on the food.
[34] Cary: Hey robot the braised pork is ready and please......
[34] Cary: Pour the braised pork into a bowl.
[34] robot: OK.
[35] Cary: Okay, thank you!
[35] Cary: And please give me a heat insulated pad and put it on it.
[36] Cary: Yeah thank you.
[36] Cary: And then open the refrigerator and...
[36] Cary: Give me two bottles of the orange juice please.
[37] Cary: Thank you. Hey Abel!
[37] Abel: I'm not mad at you.
[37] Abel: Yeah I'm not angry, just because of the orange juice.
[37] Cary: Just have a try!
[37] Cary: Taking it away to the original place and just clean up the kitchen thank you!
[37] Abel: Very delicious!
[37] Cary: Yeah I think
[38] Cary: you can just have a try!
[38] Cary: and I think it is very delicious.
[38] Abel: Hey! robot!
[38] Abel: Hey robots can you put the apple and the milk?
[38] Abel: Inside the refrigerator please.
[39] Abel: Very delicious dinner.
[39] Cary: Yeah.
[39] Abel: Thank you for cooking!
[39] Abel: Is it good?
[39] Abel: Yeah very delicious.
[39] Abel: Yeah...
[39] Cary: Just have a try yeah!
[39] Abel: I like it very much.
[39] Cary: Yay!

Conversation 1: Cary and Abel coordinate cooking a meal, switching from radish to winter melon and discussing spices, washing, and cooking time. They also interact with a robot to organize items, including placing yogurt and moving ingredients. Abel makes a yogurt-based drink that Cary enjoys, leading to a light conflict when Cary finishes it, and they decide to make more.
[1] Cary: Let me check what I have bought?
[1] Cary: Yeah please put yogurt into the second floor of the refrigerator.
[1] Cary: Please okay.
[1] Cary: Yeah two more yogurts yeah please.
[2] Abel: Hey what are you cooking?
[2] Cary: Hey I'm trying to make the braised pork,
[2] Cary: and the carrots ......
[2] Abel: Oh that doesn't look very delicious.
[2] Cary: Hey! I can make it!
[2] Cary: I can check my phone and step by step.
[2] Abel: Let me see......
[3] Cary: Leave or help.
[3] Abel: Is there anything I can help you with?
[3] Cary: Yeah you can give me some spices and I will make the braised pork.
[3] Cary: give me some spices and I will make the braised pork.
[3] Abel: Is this enough?
[3] Cary: Yeah that's enough.
[3] Cary: yeah just enough.
[4] Abel: Oh no is that a radish?
[4] Cary: Yeah!
[4] Abel: I don't like radish, can we change it?
[4] Cary: Yeah sure!
[4] Abel: Hey robots can you put this on the third shelf?
[4] Abel: And get the winter melon please!
[5] Cary: Give you the bowl.
[5] Abel: I think I will make a drink. That's okay with you.
[5] Cary: Yeah I want to try.
[5] Cary: I want to try it! I like the yogurt.
[5] Abel: Okay?
[5] Cary: Okay!
[5] Abel: Try to drink.
[5] Cary: Thank you oh.
[6] Abel: Is it good?
[6] Abel: Don't eat all of it. I want a little bit.
[6] Abel: You ate all the drink. I wanted some.
[6] Cary: Emm yeah.
[6] Cary: Don't be angry.
[6] Cary: Just make more.

Conversation 3: Cary asked the robot to wash dishes and relocate some machines. The robot acknowledged the requests, indicating agreement to carry out the tasks.
[16] Cary: Please wash the plates and bowls for me.
[16] Cary: And bring the machines there... there.
[16] robot: OK!

Conversation 2: Cary issues brief reminders about timing and including winter melon, and emphasizes not forgetting a robot. The conversation lacks context or responses from others, so no clear decisions or outcomes are established.
[10] Cary: Don't forget the time.
[10] Cary: Please pour the winter melon in it.
[10] Cary: Don't forget robot!

[Step 2] Evaluating semantic answer...
Action: [Answer]
Content: Yes—Cary appears competent at cooking, as she leads the meal prep, cooks multiple dishes, coordinates steps, and receives praise for a “very delicious” dinner.
FINAL ANSWER (from graph):
Yes—Cary appears competent at cooking, as she leads the meal prep, cooks multiple dishes, coordinates steps, and receives praise for a “very delicious” dinner.
✓ Updated results.json for kitchen_22 (14 questions)
✓ Cleaned up video and frames for kitchen_22

============================================================
Processing video: kitchen_15
============================================================
Downloading 1 video(s) to data/videos...

Downloading kitchen_15.mp4...
✓ Successfully downloaded kitchen_15.mp4 to data/videos/kitchen_15.mp4

============================================================
Download Summary:
  Successful: 1/1
============================================================

============================================================
[1/1] Processing: kitchen_15
============================================================
Video: data/videos/kitchen_15.mp4
Subtitles: data/subtitles/robot/kitchen_15.srt
Output: data/frames/kitchen_15
============================================================

Parsing subtitle file: data/subtitles/robot/kitchen_15.srt
Found 281 subtitle entries
Video: 1280x720, 30.00 FPS, 55350 frames, 1845.00s duration

Extracting frames with subtitles...
Grouping frames into folders of 30 frames each
  Saved 10 frames (up to 9s, folder 1)
  Saved 20 frames (up to 19s, folder 1)
  Saved 30 frames (up to 29s, folder 1)
  Saved 40 frames (up to 39s, folder 2)
  Saved 50 frames (up to 49s, folder 2)
  Saved 60 frames (up to 59s, folder 2)
  Saved 70 frames (up to 69s, folder 3)
  Saved 80 frames (up to 79s, folder 3)
  Saved 90 frames (up to 89s, folder 3)
  Saved 100 frames (up to 99s, folder 4)
  Saved 110 frames (up to 109s, folder 4)
  Saved 120 frames (up to 119s, folder 4)
  Saved 130 frames (up to 129s, folder 5)
  Saved 140 frames (up to 139s, folder 5)
  Saved 150 frames (up to 149s, folder 5)
  Saved 160 frames (up to 159s, folder 6)
  Saved 170 frames (up to 169s, folder 6)
  Saved 180 frames (up to 179s, folder 6)
  Saved 190 frames (up to 189s, folder 7)
  Saved 200 frames (up to 199s, folder 7)
  Saved 210 frames (up to 209s, folder 7)
  Saved 220 frames (up to 219s, folder 8)
  Saved 230 frames (up to 229s, folder 8)
  Saved 240 frames (up to 239s, folder 8)
  Saved 250 frames (up to 249s, folder 9)
  Saved 260 frames (up to 259s, folder 9)
  Saved 270 frames (up to 269s, folder 9)
  Saved 280 frames (up to 279s, folder 10)
  Saved 290 frames (up to 289s, folder 10)
  Saved 300 frames (up to 299s, folder 10)
  Saved 310 frames (up to 309s, folder 11)
  Saved 320 frames (up to 319s, folder 11)
  Saved 330 frames (up to 329s, folder 11)
  Saved 340 frames (up to 339s, folder 12)
  Saved 350 frames (up to 349s, folder 12)
  Saved 360 frames (up to 359s, folder 12)
  Saved 370 frames (up to 369s, folder 13)
  Saved 380 frames (up to 379s, folder 13)
  Saved 390 frames (up to 389s, folder 13)
  Saved 400 frames (up to 399s, folder 14)
  Saved 410 frames (up to 409s, folder 14)
  Saved 420 frames (up to 419s, folder 14)
  Saved 430 frames (up to 429s, folder 15)
  Saved 440 frames (up to 439s, folder 15)
  Saved 450 frames (up to 449s, folder 15)
  Saved 460 frames (up to 459s, folder 16)
  Saved 470 frames (up to 469s, folder 16)
  Saved 480 frames (up to 479s, folder 16)
  Saved 490 frames (up to 489s, folder 17)
  Saved 500 frames (up to 499s, folder 17)
  Saved 510 frames (up to 509s, folder 17)
  Saved 520 frames (up to 519s, folder 18)
  Saved 530 frames (up to 529s, folder 18)
  Saved 540 frames (up to 539s, folder 18)
  Saved 550 frames (up to 549s, folder 19)
  Saved 560 frames (up to 559s, folder 19)
  Saved 570 frames (up to 569s, folder 19)
  Saved 580 frames (up to 579s, folder 20)
  Saved 590 frames (up to 589s, folder 20)
  Saved 600 frames (up to 599s, folder 20)
  Saved 610 frames (up to 609s, folder 21)
  Saved 620 frames (up to 619s, folder 21)
  Saved 630 frames (up to 629s, folder 21)
  Saved 640 frames (up to 639s, folder 22)
  Saved 650 frames (up to 649s, folder 22)
  Saved 660 frames (up to 659s, folder 22)
  Saved 670 frames (up to 669s, folder 23)
  Saved 680 frames (up to 679s, folder 23)
  Saved 690 frames (up to 689s, folder 23)
  Saved 700 frames (up to 699s, folder 24)
  Saved 710 frames (up to 709s, folder 24)
  Saved 720 frames (up to 719s, folder 24)
  Saved 730 frames (up to 729s, folder 25)
  Saved 740 frames (up to 739s, folder 25)
  Saved 750 frames (up to 749s, folder 25)
  Saved 760 frames (up to 759s, folder 26)
  Saved 770 frames (up to 769s, folder 26)
  Saved 780 frames (up to 779s, folder 26)
  Saved 790 frames (up to 789s, folder 27)
  Saved 800 frames (up to 799s, folder 27)
  Saved 810 frames (up to 809s, folder 27)
  Saved 820 frames (up to 819s, folder 28)
  Saved 830 frames (up to 829s, folder 28)
  Saved 840 frames (up to 839s, folder 28)
  Saved 850 frames (up to 849s, folder 29)
  Saved 860 frames (up to 859s, folder 29)
  Saved 870 frames (up to 869s, folder 29)
  Saved 880 frames (up to 879s, folder 30)
  Saved 890 frames (up to 889s, folder 30)
  Saved 900 frames (up to 899s, folder 30)
  Saved 910 frames (up to 909s, folder 31)
  Saved 920 frames (up to 919s, folder 31)
  Saved 930 frames (up to 929s, folder 31)
  Saved 940 frames (up to 939s, folder 32)
  Saved 950 frames (up to 949s, folder 32)
  Saved 960 frames (up to 959s, folder 32)
  Saved 970 frames (up to 969s, folder 33)
  Saved 980 frames (up to 979s, folder 33)
  Saved 990 frames (up to 989s, folder 33)
  Saved 1000 frames (up to 999s, folder 34)
  Saved 1010 frames (up to 1009s, folder 34)
  Saved 1020 frames (up to 1019s, folder 34)
  Saved 1030 frames (up to 1029s, folder 35)
  Saved 1040 frames (up to 1039s, folder 35)
  Saved 1050 frames (up to 1049s, folder 35)
  Saved 1060 frames (up to 1059s, folder 36)
  Saved 1070 frames (up to 1069s, folder 36)
  Saved 1080 frames (up to 1079s, folder 36)
  Saved 1090 frames (up to 1089s, folder 37)
  Saved 1100 frames (up to 1099s, folder 37)
  Saved 1110 frames (up to 1109s, folder 37)
  Saved 1120 frames (up to 1119s, folder 38)
  Saved 1130 frames (up to 1129s, folder 38)
  Saved 1140 frames (up to 1139s, folder 38)
  Saved 1150 frames (up to 1149s, folder 39)
  Saved 1160 frames (up to 1159s, folder 39)
  Saved 1170 frames (up to 1169s, folder 39)
  Saved 1180 frames (up to 1179s, folder 40)
  Saved 1190 frames (up to 1189s, folder 40)
  Saved 1200 frames (up to 1199s, folder 40)
  Saved 1210 frames (up to 1209s, folder 41)
  Saved 1220 frames (up to 1219s, folder 41)
  Saved 1230 frames (up to 1229s, folder 41)
  Saved 1240 frames (up to 1239s, folder 42)
  Saved 1250 frames (up to 1249s, folder 42)
  Saved 1260 frames (up to 1259s, folder 42)
  Saved 1270 frames (up to 1269s, folder 43)
  Saved 1280 frames (up to 1279s, folder 43)
  Saved 1290 frames (up to 1289s, folder 43)
  Saved 1300 frames (up to 1299s, folder 44)
  Saved 1310 frames (up to 1309s, folder 44)
  Saved 1320 frames (up to 1319s, folder 44)
  Saved 1330 frames (up to 1329s, folder 45)
  Saved 1340 frames (up to 1339s, folder 45)
  Saved 1350 frames (up to 1349s, folder 45)
  Saved 1360 frames (up to 1359s, folder 46)
  Saved 1370 frames (up to 1369s, folder 46)
  Saved 1380 frames (up to 1379s, folder 46)
  Saved 1390 frames (up to 1389s, folder 47)
  Saved 1400 frames (up to 1399s, folder 47)
  Saved 1410 frames (up to 1409s, folder 47)
  Saved 1420 frames (up to 1419s, folder 48)
  Saved 1430 frames (up to 1429s, folder 48)
  Saved 1440 frames (up to 1439s, folder 48)
  Saved 1450 frames (up to 1449s, folder 49)
  Saved 1460 frames (up to 1459s, folder 49)
  Saved 1470 frames (up to 1469s, folder 49)
  Saved 1480 frames (up to 1479s, folder 50)
  Saved 1490 frames (up to 1489s, folder 50)
  Saved 1500 frames (up to 1499s, folder 50)
  Saved 1510 frames (up to 1509s, folder 51)
  Saved 1520 frames (up to 1519s, folder 51)
  Saved 1530 frames (up to 1529s, folder 51)
  Saved 1540 frames (up to 1539s, folder 52)
  Saved 1550 frames (up to 1549s, folder 52)
  Saved 1560 frames (up to 1559s, folder 52)
  Saved 1570 frames (up to 1569s, folder 53)
  Saved 1580 frames (up to 1579s, folder 53)
  Saved 1590 frames (up to 1589s, folder 53)
  Saved 1600 frames (up to 1599s, folder 54)
  Saved 1610 frames (up to 1609s, folder 54)
  Saved 1620 frames (up to 1619s, folder 54)
  Saved 1630 frames (up to 1629s, folder 55)
  Saved 1640 frames (up to 1639s, folder 55)
  Saved 1650 frames (up to 1649s, folder 55)
  Saved 1660 frames (up to 1659s, folder 56)
  Saved 1670 frames (up to 1669s, folder 56)
  Saved 1680 frames (up to 1679s, folder 56)
  Saved 1690 frames (up to 1689s, folder 57)
  Saved 1700 frames (up to 1699s, folder 57)
  Saved 1710 frames (up to 1709s, folder 57)
  Saved 1720 frames (up to 1719s, folder 58)
  Saved 1730 frames (up to 1729s, folder 58)
  Saved 1740 frames (up to 1739s, folder 58)
  Saved 1750 frames (up to 1749s, folder 59)
  Saved 1760 frames (up to 1759s, folder 59)
  Saved 1770 frames (up to 1769s, folder 59)
  Saved 1780 frames (up to 1779s, folder 60)
  Saved 1790 frames (up to 1789s, folder 60)
  Saved 1800 frames (up to 1799s, folder 60)
  Saved 1810 frames (up to 1809s, folder 61)
  Saved 1820 frames (up to 1819s, folder 61)
  Saved 1830 frames (up to 1829s, folder 61)
  Saved 1840 frames (up to 1839s, folder 62)

✓ Extracted 1845 frames to data/frames/kitchen_15

✓ Successfully processed kitchen_15: 1845 frames saved
--------------------------------
Processing folder:  data/frames/kitchen_15/1
Matched and merged character: <character_1> -> <character_2> (similarity: 0.854)
Inserted 16 triples into graph for clip 1
--------------------------------
Processing folder:  data/frames/kitchen_15/2
Inserted 15 triples into graph for clip 2
--------------------------------
Processing folder:  data/frames/kitchen_15/3
Inserted 35 triples into graph for clip 3
--------------------------------
Processing folder:  data/frames/kitchen_15/4
Inserted 22 triples into graph for clip 4
--------------------------------
Processing folder:  data/frames/kitchen_15/5
Inserted 20 triples into graph for clip 5
--------------------------------
Processing folder:  data/frames/kitchen_15/6
Inserted 19 triples into graph for clip 6
--------------------------------
Processing folder:  data/frames/kitchen_15/7
Inserted 16 triples into graph for clip 7
--------------------------------
Processing folder:  data/frames/kitchen_15/8
Inserted 22 triples into graph for clip 8
--------------------------------
Processing folder:  data/frames/kitchen_15/9
Inserted 31 triples into graph for clip 9
--------------------------------
Processing folder:  data/frames/kitchen_15/10
Inserted 40 triples into graph for clip 10
--------------------------------
Processing folder:  data/frames/kitchen_15/11
Inserted 23 triples into graph for clip 11
--------------------------------
Processing folder:  data/frames/kitchen_15/12
Inserted 37 triples into graph for clip 12
--------------------------------
Processing folder:  data/frames/kitchen_15/13
Inserted 19 triples into graph for clip 13
--------------------------------
Processing folder:  data/frames/kitchen_15/14
Inserted 17 triples into graph for clip 14
--------------------------------
Processing folder:  data/frames/kitchen_15/15
LLM call failed, retrying... Error: Error code: 400 - {'error': {'message': 'code: content_policy_violation; message: Image processing blocked due to content policy violation.', 'type': 'invalid_request_error', 'param': 'input', 'code': '-4315'}}
Inserted 32 triples into graph for clip 15
--------------------------------
Processing folder:  data/frames/kitchen_15/16
Inserted 34 triples into graph for clip 16
--------------------------------
Processing folder:  data/frames/kitchen_15/17
Inserted 20 triples into graph for clip 17
--------------------------------
Processing folder:  data/frames/kitchen_15/18
Inserted 17 triples into graph for clip 18
--------------------------------
Processing folder:  data/frames/kitchen_15/19
Inserted 18 triples into graph for clip 19
--------------------------------
Processing folder:  data/frames/kitchen_15/20
Inserted 22 triples into graph for clip 20
--------------------------------
Processing folder:  data/frames/kitchen_15/21
Inserted 22 triples into graph for clip 21
--------------------------------
Processing folder:  data/frames/kitchen_15/22
Inserted 18 triples into graph for clip 22
--------------------------------
Processing folder:  data/frames/kitchen_15/23
Inserted 15 triples into graph for clip 23
--------------------------------
Processing folder:  data/frames/kitchen_15/24
Inserted 35 triples into graph for clip 24
--------------------------------
Processing folder:  data/frames/kitchen_15/25
Inserted 20 triples into graph for clip 25
--------------------------------
Processing folder:  data/frames/kitchen_15/26
Inserted 23 triples into graph for clip 26
--------------------------------
Processing folder:  data/frames/kitchen_15/27
LLM call failed, retrying... Error: Error code: 400 - {'error': {'message': 'code: content_policy_violation; message: Image processing blocked due to content policy violation.', 'type': 'invalid_request_error', 'param': 'input', 'code': '-4315'}}
Inserted 22 triples into graph for clip 27
--------------------------------
Processing folder:  data/frames/kitchen_15/28
Inserted 27 triples into graph for clip 28
--------------------------------
Processing folder:  data/frames/kitchen_15/29
Inserted 36 triples into graph for clip 29
--------------------------------
Processing folder:  data/frames/kitchen_15/30
Inserted 27 triples into graph for clip 30
--------------------------------
Processing folder:  data/frames/kitchen_15/31
Inserted 34 triples into graph for clip 31
--------------------------------
Processing folder:  data/frames/kitchen_15/32
Inserted 24 triples into graph for clip 32
--------------------------------
Processing folder:  data/frames/kitchen_15/33
Inserted 14 triples into graph for clip 33
--------------------------------
Processing folder:  data/frames/kitchen_15/34
Inserted 33 triples into graph for clip 34
--------------------------------
Processing folder:  data/frames/kitchen_15/35
Inserted 26 triples into graph for clip 35
--------------------------------
Processing folder:  data/frames/kitchen_15/36
Inserted 21 triples into graph for clip 36
--------------------------------
Processing folder:  data/frames/kitchen_15/37
Inserted 28 triples into graph for clip 37
--------------------------------
Processing folder:  data/frames/kitchen_15/38
Inserted 27 triples into graph for clip 38
--------------------------------
Processing folder:  data/frames/kitchen_15/39
Inserted 42 triples into graph for clip 39
--------------------------------
Processing folder:  data/frames/kitchen_15/40
Inserted 31 triples into graph for clip 40
--------------------------------
Processing folder:  data/frames/kitchen_15/41
Inserted 32 triples into graph for clip 41
--------------------------------
Processing folder:  data/frames/kitchen_15/42
Inserted 19 triples into graph for clip 42
--------------------------------
Processing folder:  data/frames/kitchen_15/43
Inserted 27 triples into graph for clip 43
--------------------------------
Processing folder:  data/frames/kitchen_15/44
Inserted 28 triples into graph for clip 44
--------------------------------
Processing folder:  data/frames/kitchen_15/45
Inserted 26 triples into graph for clip 45
--------------------------------
Processing folder:  data/frames/kitchen_15/46
Inserted 25 triples into graph for clip 46
--------------------------------
Processing folder:  data/frames/kitchen_15/47
LLM call failed, retrying... Error: Error code: 400 - {'error': {'message': 'code: content_policy_violation; message: Image processing blocked due to content policy violation.', 'type': 'invalid_request_error', 'param': 'input', 'code': '-4315'}}
✗ Error processing folder data/frames/kitchen_15/47: Error code: 400 - {'error': {'message': 'code: content_policy_violation; message: Image processing blocked due to content policy violation.', 'type': 'invalid_request_error', 'param': 'input', 'code': '-4315'}}
Continuing to next folder...
--------------------------------
Processing folder:  data/frames/kitchen_15/48
Inserted 29 triples into graph for clip 48
--------------------------------
Processing folder:  data/frames/kitchen_15/49
Inserted 30 triples into graph for clip 49
--------------------------------
Processing folder:  data/frames/kitchen_15/50
Inserted 27 triples into graph for clip 50
--------------------------------
Processing folder:  data/frames/kitchen_15/51
LLM call failed, retrying... Error: Error code: 400 - {'error': {'message': 'code: content_policy_violation; message: Image processing blocked due to content policy violation.', 'type': 'invalid_request_error', 'param': 'input', 'code': '-4315'}}
Inserted 27 triples into graph for clip 51
--------------------------------
Processing folder:  data/frames/kitchen_15/52
Inserted 31 triples into graph for clip 52
--------------------------------
Processing folder:  data/frames/kitchen_15/53
Inserted 26 triples into graph for clip 53
--------------------------------
Processing folder:  data/frames/kitchen_15/54
Inserted 21 triples into graph for clip 54
--------------------------------
Processing folder:  data/frames/kitchen_15/55
Inserted 36 triples into graph for clip 55
--------------------------------
Processing folder:  data/frames/kitchen_15/56
Inserted 27 triples into graph for clip 56
--------------------------------
Processing folder:  data/frames/kitchen_15/57
Inserted 12 triples into graph for clip 57
--------------------------------
Processing folder:  data/frames/kitchen_15/58
Extracting summary for completed conversation 1...
✓ Conversation summary extracted. Attributes: 9, Relationships: 5
Inserted 22 triples into graph for clip 58
--------------------------------
Processing folder:  data/frames/kitchen_15/59
Inserted 36 triples into graph for clip 59
--------------------------------
Processing folder:  data/frames/kitchen_15/60
Inserted 41 triples into graph for clip 60
--------------------------------
Processing folder:  data/frames/kitchen_15/61
Inserted 31 triples into graph for clip 61
--------------------------------
Processing folder:  data/frames/kitchen_15/62
Inserted 19 triples into graph for clip 62
Extracting summary for final conversation 2...
✓ Final conversation summary extracted. Attributes: 4, Relationships: 2
Inserting character appearances for 7 characters...
Warning: Character '<character_2>' not found in graph, skipping appearance
Warning: Character '<Unknown>' not found in graph, skipping appearance
✓ Character appearances inserted: 25 appearance edges created
342 node embeddings inserted (5 characters, 337 objects)
1601 edge embeddings inserted
Generating character attributes...
Number of edges:  1601
Character attributes generated.
Number of edges:  1648
Character relationships generated.
Number of edges:  1671
✓ Graph memory built for kitchen_15
Question: Where was the original position of the towel?

[Step 1] Searching the graph...
Parse Query Output:
{
  "query_triple": ["towel", "is at (original position)", "?", 0.6, 0.5, 0.2],
  "spatial_constraint": null,
  "speaker_strict": null,
  "allocation": {
    "k_high_level": 3,
    "k_low_level": 40,
    "k_conversations": 7,
    "total_k": 50,
    "reasoning": "Spatial/location query focused on an object's initial placement; prioritize low-level edges that record positions and scene states. Minimal high-level edges and limited conversations for any verbal mentions."
  }
}

Graph Search Results:
**High-Level Information (Character Attributes and Relationships): **

Character Attributes:
- Mickey is: unknown gender (100)
- robot is: camera holder (100), no visible face (100)

**Low-Level Information (Actions and Events): **

[3] Daisy sits at table. (kitchen)
[3] bowl is in sink. (kitchen)
[5] Daisy is at counter. (kitchen)
[6] Annie reaches for towel hanging on wall. (kitchen)
[6] Annie pulls paper towel from rack. (kitchen)
[6] Annie places paper towel onto chicken. (kitchen)
[6] Annie rubs chicken with towel. (kitchen)
[7] robot picks up white towel. (kitchen)
[7] robot stretches white towel. (kitchen)
[7] robot hangs white towel. (kitchen)
[7] white towel is on wall hook. (kitchen)
[10] bottle is on rack. (kitchen)
[10] chicken is on tray. (kitchen)
[19] yellow cleaning cloth is on countertop. (kitchen)
[21] turkey is on plate. (kitchen)
[26] butter is on dough. (kitchen)
[28] bowl is on counter. (kitchen)
[29] yellow dough sheet is on small tray. (kitchen)
[29] ingredient is in bowl. (kitchen)
[30] ingredient is in bowl. (kitchen)
[31] chair is at table. (kitchen)
[34] Annie sits at table. (kitchen-dining area)
[35] Daisy stands near washer. (kitchen)
[36] Annie positions on plate. (kitchen)
[38] butter is from tray. (kitchen)
[39] Daisy is at counter. (kitchen)
[39] bottle is on counter. (kitchen)
[39] wrap is around chicken. (kitchen)
[46] plate is at counter. (kitchen)
[46] tool is on counter. (kitchen)
[48] bottle is on green shelf. (kitchen)
[48] bottle is on counter. (kitchen)
[50] soy sauce is at counter. (kitchen)
[52] seasoning is in bowl. (kitchen)
[52] bottle is on counter. (kitchen)
[57] dough is on plate. (kitchen)
[58] Daisy sets back near spoon. (kitchen)
[58] spoon is near bowl. (kitchen)
[61] utensil is near whole chicken. (kitchen)
[61] Daisy holds steady tray. (kitchen)

**Conversations: **

Conversation 1: Annie and Daisy discuss Annie’s exhausting job and consider that she might change jobs due to an unsatisfactory boss. They then collaborate, with Mickey’s help, to cook a turkey using a teaching video, gathering seasonings and handling tools while acknowledging their inexperience. They decide on ingredients like butter, sugar, salt, bay leaves, soy sauce, chili, and wine, and emphasize hygiene and carefulness despite finding cooking difficult.
[5] Daisy: just be careful
[6] Annie: Annie??? Mickey
[7] Daisy: Annie??? please run out the towel and put it on the original position
[7] Daisy: Annie??? these students let's start
[8] Daisy: okay
[22] Daisy: yeah you can eat more i you i i think you need to wash your hands after a while
[23] Annie: Daisy? Yeah you can eat more, I think you need to wash your hands after a while.
[23] Annie: Okay Mickey, please put it on the original position.
[23] Mickey: Okay.
[24] Daisy: i just watching the teaching videos
[26] Daisy: Mickey, take another bowl to hold this butter.
[27] Daisy: Mickey take another bowl to to hold this butter
[27] Daisy: i think i need to wash my hands
[28] Annie: you a half of bottle is enough
[28] Daisy: yeah that's enough
[29] Annie: yes a a half
[29] Annie: yes it is enough
[29] Annie: Mickey please put the bottle to the original position
[30] Annie: yes next up we need to pour the butter into the microwave
[30] Annie: butter
[38] Daisy: Annie? I think it's enough
[38] Daisy: and butter
[38] Daisy: hmm you need some dry drying
[39] Annie: Daisy, erase a lot of lust.
[40] Daisy: Annie? ok
[45] Annie: Daisy? yes
[45] Daisy: okay this perfect
[46] Daisy: Annie? Mickey, please put these things back to the original position.
[46] Annie: Yes, what should we do.
[48] Annie: brandy
[51] Daisy: Yeah, Mickey take the chili powder and hand it to Annie.
[52] Daisy: yes okay that
[52] Daisy: and then mickey put these things back in the place
[53] Annie: Daisy, now we need to wear some gloves.
[54] Mickey: Annie? we use we use many gloves.

[Step 2] Evaluating semantic answer...
Action: [Answer]
Content: On the wall hook in the kitchen.
FINAL ANSWER (from graph):
On the wall hook in the kitchen.
Question: Where should the robot get the chili powder from?

[Step 1] Searching the graph...
Parse Query Output:
{
  "query_triple": ["<robot>", "should get from", "chili powder", 0.9, 0.25, 0.9],
  "spatial_constraint": null,
  "speaker_strict": null,
  "allocation": {
    "k_high_level": 5,
    "k_low_level": 37,
    "k_conversations": 8,
    "total_k": 50,
    "reasoning": "Location/source query about an object; prioritize low-level edges to find where chili powder is stored or retrieved from, with minimal high-level context and a small portion of conversations for instructions."
  }
}

Graph Search Results:
**High-Level Information (Character Attributes and Relationships): **

Character Attributes:
- robot is: camera holder (100), black gloves (100), no visible face (100)

Character Relationships:
- robot cooperates with Daisy (85)
- Annie directs and the <robot> assists (task-oriented collaboration) robot (85)

**Low-Level Information (Actions and Events): **

[7] robot picks up white towel. (kitchen)
[10] robot moves closer to bottle. (kitchen)
[10] robot moves closer to seasoning. (kitchen)
[10] robot pans to raw whole chicken. (kitchen)
[10] robot picks up bay leaf. (kitchen)
[10] robot places bay leaf. (kitchen)
[24] robot pans across with chopped ham. (kitchen and living area)
[24] robot pans across with whole chicken. (kitchen and living area)
[24] robot opens fridge. (kitchen and living area)
[27] robot takes out small white bowl. (kitchen)
[27] robot places small white bowl. (kitchen)
[29] robot receives small packet. (kitchen)
[29] robot places small packet. (kitchen)
[30] robot reaches into fridge. (kitchen)
[30] robot walks from fridge area. (kitchen)
[33] robot moves toward microwave. (kitchen dining area)
[33] robot reveals bowl. (kitchen dining area)
[34] robot places white bowl. (kitchen-dining area)
[42] robot picks up pair of scissors. (kitchen)
[42] robot holds scissors. (kitchen)
[49] robot picks up bottle of red wine. (kitchen)
[49] wine bottle is from robot. (kitchen)
[50] robot moves toward condiment shelf. (kitchen)
[50] robot picks up bottle labeled soy sauce. (kitchen)
[50] robot hands soy sauce. (kitchen)
[52] robot moves closer to bottle. (kitchen)
[52] robot picks up small bottle. (kitchen)
[52] robot puts back small bottle. (kitchen)
[53] robot picks up plastic bottle of oil. (kitchen)
[53] robot places oil bottle. (kitchen)
[53] robot looks over bowl. (kitchen)
[53] robot looks over chicken on plate. (kitchen)
[53] robot picks up red wine bottle. (kitchen)
[53] robot places red wine bottle. (kitchen)
[53] robot picks up second bottle with pink liquid. (kitchen)
[53] robot places pink bottle. (kitchen)
[53] robot turns camera toward countertop with chicken and utensil. (kitchen)

**Conversations: **

Conversation 1: Annie and Daisy discuss Annie’s exhausting job and consider that she might change jobs due to an unsatisfactory boss. They then collaborate, with Mickey’s help, to cook a turkey using a teaching video, gathering seasonings and handling tools while acknowledging their inexperience. They decide on ingredients like butter, sugar, salt, bay leaves, soy sauce, chili, and wine, and emphasize hygiene and carefulness despite finding cooking difficult.
[9] Annie: and dry orange peel
[9] Daisy: yeah um
[9] Daisy: don't forget to put the bay leaves
[9] Daisy: you will make the chicken delicious
[9] Annie: bay leaves, where the bay leaves, oh Mickey please help me take the bay leaves
[9] Mickey: okay
[10] Annie: yeah good job
[15] Daisy: Butter okay.
[15] Daisy: Yeah oh one more sausage.
[16] robot: Daisy??? you need to cut cut it down
[16] Daisy: Annie??? okay
[16] Annie: look i like to cut things off half is enough
[41] Annie: please give me the scissors
[42] Daisy: Annie??? please give me the scissors
[42] robot: okay
[42] Daisy: Annie??? Mickey please put put the scissors to
[43] Daisy: Annie? okay
[44] Daisy: oh
[44] Daisy: my hands
[45] Annie: Daisy? we need to make the barbecue sauce
[45] Daisy: Annie? is it okay
[45] Annie: Daisy? yes
[49] Annie: hmm okay and anything else
[50] Daisy: hmm me you you can you need some soy sauce and yeah
[50] Annie: Mickey please bring the soy sauce for me
[51] Annie: Daisy, don't forget to add chili.
[51] Daisy: Yeah, Mickey take the chili powder and hand it to Annie.
[52] Daisy: yes okay that
[52] Daisy: and then mickey put these things back in the place

[Step 2] Evaluating semantic answer...
Action: [Answer]
Content: From the condiment shelf.
FINAL ANSWER (from graph):
From the condiment shelf.
Question: What is the purpose of soaking the turkey in the sink?

[Step 1] Searching the graph...
Parse Query Output:
{
  "query_triple": ["turkey", "purpose of soaking", "sink", 0.6, 0.3, 0.6],
  "spatial_constraint": "sink",
  "speaker_strict": null,
  "allocation": {
    "k_high_level": 5,
    "k_low_level": 15,
    "k_conversations": 30,
    "total_k": 50,
    "reasoning": "This is a 'why/purpose' question. Use conversations to capture explanations, some low-level edges to find the soaking action in the sink, and a small amount of high-level for any general procedural knowledge stated by characters."
  }
}

Graph Search Results:
**High-Level Information (Character Attributes and Relationships): **

Character Relationships:
- Annie collaborates with Daisy (95)
- Daisy collaborates with Annie (95)
- Daisy supports Annie (90)
- robot cooperates with Daisy (85)
- Annie is friend with Daisy (95)

**Low-Level Information (Actions and Events): **

[3] bowl is in sink. (kitchen)
[6] Annie steps to sink. (kitchen)
[6] Annie bends over sink. (kitchen)
[7] robot picks up from sink. (kitchen)
[7] Daisy reaches into sink. (kitchen)
[8] chicken is in sink. (kitchen)
[16] Annie sets down near sink. (kitchen)
[16] item is around sink. (kitchen)
[21] turkey is on plate. (kitchen)
[25] Annie steps to sink. (kitchen)
[25] Annie washes hand at sink. (kitchen)
[27] Daisy looks toward sink. (kitchen)
[38] bowl is beside sink. (kitchen)
[40] bowl is near sink. (kitchen)
[53] red wine bottle is near sink. (kitchen)

**Conversations: **

Conversation 1: Annie and Daisy discuss Annie’s exhausting job and consider that she might change jobs due to an unsatisfactory boss. They then collaborate, with Mickey’s help, to cook a turkey using a teaching video, gathering seasonings and handling tools while acknowledging their inexperience. They decide on ingredients like butter, sugar, salt, bay leaves, soy sauce, chili, and wine, and emphasize hygiene and carefulness despite finding cooking difficult.
[2] Annie: do you have some food to eat
[2] Annie: i'm hungry now
[2] Daisy: of course i i may i'm planned to make a Turkey yeah
[3] Daisy: Of course I may, I'm planned to make a turkey, yeah.
[3] Daisy: I don't know how is the chicken serving.
[3] Daisy: Let's have a look, yeah.
[3] Daisy: We can make a turkey together.
[3] Annie: Oh, do you have the... this, this?
[3] Annie: So this sizeable glove.
[4] Daisy: it's my first time to cook yeah
[4] Daisy: so i is nothing um
[4] Daisy: i have a teaching video we can make a Turkey step by step
[4] Annie: okay yes
[5] Daisy: it's difficult to wear let's wear wear for me a minute
[5] Daisy: okay i'm okay
[5] Annie: yes oh
[5] Annie: turkey so big and heavy
[5] Daisy: just be careful
[6] Annie: Annie??? Mickey
[7] Daisy: Annie??? please run out the towel and put it on the original position
[7] Daisy: Annie??? these students let's start
[8] Daisy: okay
[9] Annie: and dry orange peel
[9] Daisy: yeah um
[9] Daisy: don't forget to put the bay leaves
[9] Daisy: you will make the chicken delicious
[9] Annie: bay leaves, where the bay leaves, oh Mickey please help me take the bay leaves
[9] Mickey: okay
[10] Annie: yeah good job
[11] Daisy: okay it look like masaji hahaha
[11] Annie: it's so funny to all yes
[12] Annie: Daisy? and yes we should put some salt.
[12] Daisy: yeah.
[12] Daisy: no more salt maybe it will be salty.
[12] Daisy: okay.
[12] Annie: any more some sugar, okay.
[13] Annie: hard job
[13] Daisy: yeah maybe i can help help you too
[14] Daisy: Annie??? it's too difficult to make to cook the turkey
[14] Daisy: hahaha it's funny okay
[14] Annie: it may
[14] Annie: be okay what what the next step
[14] Daisy: um
[15] Annie: Daisy? according to the teaching video I need to taste some butter.
[15] Daisy: Butter okay.
[15] Daisy: Yeah oh one more sausage.
[21] Daisy: Annie, are you tired?
[21] Daisy: It's a lot job.
[21] Daisy: I believe the turkey will be very delicious because you try your best.
[21] Annie: My hard work is in the turkey.
[21] Daisy: Yeah, I think that maybe that is enough.
[22] Daisy: yeah i i think that maybe that is enough
[23] Mickey: Okay.
[24] Daisy: i just watching the teaching videos
[24] Daisy: i forgot how to make the Turkey
[24] Annie: what the next step
[24] Daisy: the next step i i think the bottle yes
[24] Daisy: i i need to take a bowl
[25] Annie: Daisy? I need to take a bowl.
[25] Annie: Yeah I wash my hand.
[25] Daisy: Yes it's very difficult for us.
[25] Daisy: So we need to watch the teaching videos.
[25] Annie: Yeah yeah yeah.
[26] Annie: Daisy? maybe you can use the hands.
[26] Annie: No my I think that is not very clean.
[26] Annie: The next step.
[26] Daisy: Hmm.
[26] Daisy: Let me check the next step I remember that yeah yeah.
[26] Daisy: Mickey, take another bowl to hold this butter.
[27] Daisy: Mickey take another bowl to to hold this butter
[27] Daisy: i think i need to wash my hands
[28] Annie: you a half of bottle is enough
[28] Daisy: yeah that's enough
[29] Annie: yes a a half
[29] Annie: yes it is enough
[29] Annie: Mickey please put the bottle to the original position
[30] Annie: yes next up we need to pour the butter into the microwave
[30] Annie: butter
[30] Daisy: i will try it's very it's difficult for me
[31] Daisy: okay it's your turn i'm not good at cooking wow it's very difficult for me
[32] Daisy: a hard job yeah
[32] Daisy: Mickey take out the bowl after a while
[32] Daisy: yes so i think this time we can look the teaching videos
[32] Daisy: let's learn how to how to make the Turkey become more delicious
[33] Mickey: Daisy? time is up
[34] Annie: wow the butter your body tongue smells really good
[35] Annie: this this tayon nugura???
[35] Daisy: yes let me help you
[35] Daisy: put these things into the turkey
[35] Daisy: you didn't remember this bag
[36] Daisy: Be careful.
[37] Annie: yes we need we need to this to do this job together
[37] Annie: hahaha
[38] Annie: Daisy? we need to put this sausage from the bowl
[38] Daisy: Annie? I think it's enough
[38] Daisy: and butter
[49] Annie: hmm okay and anything else
[50] Daisy: hmm me you you can you need some soy sauce and yeah
[50] Annie: Mickey please bring the soy sauce for me
[51] Annie: Daisy, don't forget to add chili.
[51] Daisy: Yeah, Mickey take the chili powder and hand it to Annie.
[56] Daisy: Annie? it is over
[56] Annie: Daisy? okay
[57] Annie: Isn't that cooking is a difficult job?
[57] Daisy: Yes.

Conversation 2: Daisy and Annie are working together on a task involving placing something into a microwave. Daisy guides the process, offering assistance and caution, while Annie acknowledges the steps and notes the item is heavy. They proceed to the final step with Daisy taking a supportive role.
[60] Daisy: okay it is the last.
[61] Daisy: already yeah so we need put it into the
[61] Daisy: microwave okay
[61] Daisy: i can help you
[61] Daisy: just be careful

[Step 2] Evaluating semantic answer...
Action: [Search]
Content: [3, 6, 7, 8, 25, 26, 27]
Summary: The graph shows the turkey/chicken in the sink and multiple actions around the sink as Annie and Daisy prepare the turkey, but it does not state why they soaked it; no explicit purpose (e.g., cleaning, thawing, brining) is mentioned in the conversations or low-level actions.

[Step 3] Watching video clips: [3, 6, 7, 8, 25, 26, 27]

   Processing clip 3 (1/7)...
Question: Does the butter need to be refrigerated?

[Step 1] Searching the graph...
Parse Query Output:
{
  "query_triple": ["butter", "needs refrigeration", "?", 0.6, 0.3, 0.15],
  "spatial_constraint": null,
  "speaker_strict": null,
  "allocation": {
    "k_high_level": 4,
    "k_low_level": 16,
    "k_conversations": 30,
    "total_k": 50,
    "reasoning": "This is a factual/why-style question likely answered via dialogue or instructions. Prioritize conversations for explanations; include some low-level edges for actions like placing butter in fridge; minimal high-level edges."
  }
}

Graph Search Results:
**High-Level Information (Character Attributes and Relationships): **

Character Attributes:
- Daisy is: disposable gloves (100), medium build (100), light cream layered ruffle dress (100), lapel mic (100)

**Low-Level Information (Actions and Events): **

[26] yellow dough sheet has butter. (kitchen)
[26] Daisy keeps spreading butter. (kitchen)
[26] butter is on dough. (kitchen)
[26] another bowl is for butter. (kitchen)
[30] Daisy suggests more butter. (kitchen)
[31] Annie spreads butter. (kitchen)
[31] Annie adds butter. (kitchen)
[31] butter is onto board. (kitchen)
[31] butter is onto food. (kitchen)
[38] Daisy keeps upright chicken. (kitchen)
[38] Annie adds butter. (kitchen)
[38] butter is from tray. (kitchen)
[38] butter is to chicken. (kitchen)
[55] Annie applies seasoning over chicken. (kitchen)
[58] Daisy spreads sauce over chicken. (kitchen)
[58] Daisy spreads sauce chicken. (kitchen)

**Conversations: **

Conversation 1: Annie and Daisy discuss Annie’s exhausting job and consider that she might change jobs due to an unsatisfactory boss. They then collaborate, with Mickey’s help, to cook a turkey using a teaching video, gathering seasonings and handling tools while acknowledging their inexperience. They decide on ingredients like butter, sugar, salt, bay leaves, soy sauce, chili, and wine, and emphasize hygiene and carefulness despite finding cooking difficult.
[8] Annie: yes
[8] Annie: i need some
[8] Daisy: maybe brown sugar
[8] Annie: let off the graph
[8] Annie: salt
[9] Annie: and dry orange peel
[9] Daisy: yeah um
[9] Daisy: don't forget to put the bay leaves
[9] Daisy: you will make the chicken delicious
[9] Annie: bay leaves, where the bay leaves, oh Mickey please help me take the bay leaves
[10] Annie: it's wet
[11] Annie: put some
[11] Annie: put some brown sugar
[11] Annie: wow I want more
[11] Daisy: okay it look like masaji hahaha
[11] Annie: it's so funny to all yes
[12] Annie: Daisy? and yes we should put some salt.
[12] Daisy: yeah.
[12] Daisy: no more salt maybe it will be salty.
[12] Daisy: okay.
[12] Annie: any more some sugar, okay.
[13] Daisy: any more some sugar, okay
[13] Daisy: now
[13] Annie: yes it may be okay
[14] Annie: be okay what what the next step
[14] Daisy: um
[15] Annie: Daisy? according to the teaching video I need to taste some butter.
[15] Daisy: Butter okay.
[15] Daisy: Yeah oh one more sausage.
[16] robot: Daisy??? you need to cut cut it down
[22] Daisy: hmm it's nothing because you are hungry so
[22] Annie: yes eat more
[22] Daisy: yeah you can eat more i you i i think you need to wash your hands after a while
[23] Annie: Daisy? Yeah you can eat more, I think you need to wash your hands after a while.
[23] Annie: Okay Mickey, please put it on the original position.
[23] Mickey: Okay.
[24] Annie: and how
[24] Annie: how what what we should do for this
[24] Daisy: i i need to take a bowl
[25] Annie: Daisy? I need to take a bowl.
[25] Annie: Yeah I wash my hand.
[25] Daisy: Yes it's very difficult for us.
[26] Daisy: Hmm.
[26] Daisy: Let me check the next step I remember that yeah yeah.
[26] Daisy: Mickey, take another bowl to hold this butter.
[27] Daisy: Mickey take another bowl to to hold this butter
[27] Daisy: i think i need to wash my hands
[28] Annie: you a half of bottle is enough
[28] Daisy: yeah that's enough
[29] Annie: yes it is enough
[29] Annie: Mickey please put the bottle to the original position
[30] Annie: yes next up we need to pour the butter into the microwave
[30] Annie: butter
[30] Daisy: i will try it's very it's difficult for me
[30] Annie: i know good only butter
[30] Daisy: okay more butter
[31] Daisy: okay it's your turn i'm not good at cooking wow it's very difficult for me
[32] Daisy: a hard job yeah
[32] Daisy: Mickey take out the bowl after a while
[32] Daisy: yes so i think this time we can look the teaching videos
[32] Daisy: let's learn how to how to make the Turkey become more delicious
[33] Mickey: Daisy? time is up
[34] Annie: wow the butter your body tongue smells really good
[34] Daisy: of course that's my bought mine if that's in if
[34] Annie: is i bought
[37] Annie: yes we need we need to this to do this job together
[37] Annie: hahaha
[38] Annie: Daisy? we need to put this sausage from the bowl
[38] Daisy: Annie? I think it's enough
[38] Daisy: and butter
[38] Daisy: hmm you need some dry drying
[39] Annie: Daisy, erase a lot of lust.
[40] Daisy: Annie? ok
[44] Daisy: oh
[44] Daisy: my hands
[45] Annie: Daisy? we need to make the barbecue sauce
[45] Daisy: Annie? is it okay
[45] Annie: Daisy? yes
[49] Daisy: we can use this one
[49] Annie: hmm okay and anything else
[50] Daisy: hmm me you you can you need some soy sauce and yeah
[50] Annie: Mickey please bring the soy sauce for me
[51] Annie: Daisy, don't forget to add chili.
[51] Daisy: Yeah, Mickey take the chili powder and hand it to Annie.
[52] Daisy: yes okay that
[52] Daisy: and then mickey put these things back in the place
[53] Annie: Daisy, now we need to wear some gloves.
[54] Mickey: Annie? we use we use many gloves.
[54] Mickey: Daisy? it's hard to wear.
[56] Daisy: Annie? it is over
[56] Annie: Daisy? okay
[57] Annie: Isn't that cooking is a difficult job?
[57] Daisy: Yes.

Conversation 2: Daisy and Annie are working together on a task involving placing something into a microwave. Daisy guides the process, offering assistance and caution, while Annie acknowledges the steps and notes the item is heavy. They proceed to the final step with Daisy taking a supportive role.
[60] Daisy: let me try.
[60] Daisy: okay it is the last.
[61] Daisy: already yeah so we need put it into the
[61] Daisy: microwave okay
[61] Daisy: i can help you
[61] Daisy: just be careful

[Step 2] Evaluating semantic answer...
Action: [Answer]
Content: No, they planned to melt and use the butter immediately, not refrigerate it.
FINAL ANSWER (from graph):
No, they planned to melt and use the butter immediately, not refrigerate it.
Question: What's in the barbecue sauce?

[Step 1] Searching the graph...
Parse Query Output:
{
  "query_triple": ["barbecue sauce", "contains", "?", 0.8, 0.3, 0.15],
  "spatial_constraint": null,
  "speaker_strict": null,
  "allocation": {
    "k_high_level": 3,
    "k_low_level": 40,
    "k_conversations": 7,
    "total_k": 50,
    "reasoning": "Ingredient/content query about an object; prioritize low-level edges that list components or actions like 'adds X to sauce'. Limited conversations in case ingredients are described verbally."
  }
}

Graph Search Results:
**High-Level Information (Character Attributes and Relationships): **

Character Attributes:
- robot is: camera holder (100), no visible face (100)

Character Relationships:
- Daisy supports Annie (90)

**Low-Level Information (Actions and Events): **

[6] Daisy holds small bit of seasoning. (kitchen)
[8] whole chicken is in basin. (kitchen)
[8] chicken is in sink. (kitchen)
[9] Daisy looks through condiment. (kitchen)
[9] Annie holds whole chicken. (kitchen)
[10] Annie holds bag of seasoning. (kitchen)
[11] Daisy holds whole chicken. (kitchen)
[13] Annie handles chicken. (kitchen)
[22] plate contains raw chicken. (kitchen)
[28] seasoning is into bowl. (kitchen)
[29] seasoning is in container. (kitchen)
[37] Daisy holds chicken. (kitchen)
[37] Annie handles chicken. (kitchen)
[37] Daisy handles chicken. (kitchen)
[38] Daisy holds whole chicken. (kitchen)
[38] seasoning is into chicken cavity. (kitchen)
[39] Annie holds chicken. (kitchen)
[40] Daisy holds seasoning sachet. (kitchen)
[43] Daisy holds whole chicken. (kitchen)
[45] Annie holds cooked chicken. (kitchen)
[45] question is about making barbecue sauce. (kitchen)
[50] Annie requests soy sauce. (kitchen)
[50] robot hands soy sauce. (kitchen)
[50] soy sauce is toward Annie. (kitchen)
[50] soy sauce is at counter. (kitchen)
[50] Annie takes soy sauce bottle. (kitchen)
[50] Annie opens soy sauce bottle. (kitchen)
[50] soy sauce bottle is near bowl. (kitchen)
[50] Annie pours soy sauce. (kitchen)
[50] soy sauce is into small bowl. (kitchen)
[50] Annie places down soy sauce bottle. (kitchen)
[50] soy sauce bottle is near wine bottle. (kitchen)
[51] bottle is near bowl of sauce. (kitchen)
[51] bowl of sauce is on counter. (kitchen)
[52] seasoning is into bowl. (kitchen)
[52] seasoning is in bowl. (kitchen)
[55] Daisy holds chicken. (kitchen)
[56] Annie holds cooked chicken. (kitchen)
[58] Daisy reaches for small bowl of sauce. (kitchen)
[58] Daisy scoops sauce. (kitchen)

**Conversations: **

Conversation 1: Annie and Daisy discuss Annie’s exhausting job and consider that she might change jobs due to an unsatisfactory boss. They then collaborate, with Mickey’s help, to cook a turkey using a teaching video, gathering seasonings and handling tools while acknowledging their inexperience. They decide on ingredients like butter, sugar, salt, bay leaves, soy sauce, chili, and wine, and emphasize hygiene and carefulness despite finding cooking difficult.
[8] Annie: yes
[8] Annie: i need some
[8] Daisy: maybe brown sugar
[8] Annie: let off the graph
[8] Annie: salt
[9] Daisy: yeah um
[9] Daisy: don't forget to put the bay leaves
[9] Daisy: you will make the chicken delicious
[9] Annie: bay leaves, where the bay leaves, oh Mickey please help me take the bay leaves
[9] Mickey: okay
[10] Annie: it's wet
[11] Annie: put some
[11] Annie: put some brown sugar
[11] Annie: wow I want more
[11] Daisy: okay it look like masaji hahaha
[17] Annie: Yes.
[17] Daisy: Just be careful.
[17] Daisy: The sausage, it smells very delicious.
[18] Annie: yes I need
[18] Annie: is too big or small
[44] Daisy: oh
[44] Daisy: my hands
[45] Annie: Daisy? we need to make the barbecue sauce
[45] Daisy: Annie? is it okay
[45] Annie: Daisy? yes
[49] Daisy: we can use this one
[49] Annie: hmm okay and anything else
[50] Daisy: hmm me you you can you need some soy sauce and yeah
[50] Annie: Mickey please bring the soy sauce for me
[51] Annie: Daisy, don't forget to add chili.
[51] Daisy: Yeah, Mickey take the chili powder and hand it to Annie.

[Step 2] Evaluating semantic answer...
Action: [Answer]
Content: The barbecue sauce contains soy sauce, chili powder, and other seasonings.
FINAL ANSWER (from graph):
The barbecue sauce contains soy sauce, chili powder, and other seasonings.
Question: What is the sequence of making the turkey?

[Step 1] Searching the graph...
Parse Query Output:
{
  "query_triple": ["null", "sequence of making", "turkey", 0.1, 0.3, 0.8],
  "spatial_constraint": null,
  "speaker_strict": null,
  "allocation": {
    "k_high_level": 4,
    "k_low_level": 40,
    "k_conversations": 6,
    "total_k": 50,
    "reasoning": "Procedural/action sequence query about preparing a specific item (turkey). Emphasize low-level edges to extract step-by-step actions; minimal high-level edges for any relevant roles; a small portion of conversations for narrated instructions or explanations."
  }
}

Graph Search Results:
**High-Level Information (Character Attributes and Relationships): **

Character Attributes:
- Mickey is: offscreen voice only (100)
- robot is: camera holder (100), no visible face (100), black gloves (100)

**Low-Level Information (Actions and Events): **

[5] turkey is lifted by Annie. (kitchen)
[5] Annie comments turkey is big. (kitchen)
[5] Annie comments turkey is heavy. (kitchen)
[10] chicken is on counter. (kitchen)
[10] Annie step beside chicken. (kitchen)
[10] Daisy step beside chicken. (kitchen)
[10] Daisy begins handling chicken. (kitchen)
[10] Daisy seasons chicken. (kitchen)
[10] Daisy works on chicken. (kitchen)
[12] Daisy continues handling chicken. (kitchen)
[12] Daisy keeps preparing chicken. (kitchen)
[13] Annie adjusts chicken. (kitchen)
[13] Annie handles chicken. (kitchen)
[13] Annie kneads chicken. (kitchen)
[13] Annie presses chicken. (kitchen)
[13] Annie prepares chicken. (kitchen)
[14] Annie handles whole turkey. (kitchen)
[14] Annie rotates turkey. (kitchen)
[14] Annie adjusts turkey position. (kitchen)
[21] Daisy looks toward turkey. (kitchen)
[21] turkey is on plate. (kitchen)
[21] Annie focuses on turkey preparation. (kitchen)
[35] Daisy gestures to turkey. (kitchen)
[37] Annie prepares chicken. (kitchen)
[37] Annie handles chicken. (kitchen)
[37] Daisy turns chicken. (kitchen)
[38] butter is to chicken. (kitchen)
[38] content is onto chicken. (kitchen)
[38] Daisy turns chicken. (kitchen)
[39] Annie brushes seasoning onto chicken. (kitchen)
[39] Annie turns chicken. (kitchen)
[39] Annie rubs seasoning into chicken. (kitchen)
[55] Annie gestures over chicken. (kitchen)
[55] Annie applies seasoning over chicken. (kitchen)
[55] Annie seasons chicken. (kitchen)
[55] Daisy turns chicken. (kitchen)
[55] Annie spreads seasoning along top of chicken. (kitchen)
[56] Annie adjusts chicken. (kitchen)
[58] Daisy applies sauce to different part chicken. (kitchen)
[58] Daisy finishes coating chicken. (kitchen)

**Conversations: **

Conversation 1: Annie and Daisy discuss Annie’s exhausting job and consider that she might change jobs due to an unsatisfactory boss. They then collaborate, with Mickey’s help, to cook a turkey using a teaching video, gathering seasonings and handling tools while acknowledging their inexperience. They decide on ingredients like butter, sugar, salt, bay leaves, soy sauce, chili, and wine, and emphasize hygiene and carefulness despite finding cooking difficult.
[3] Daisy: I don't know how is the chicken serving.
[3] Daisy: Let's have a look, yeah.
[3] Daisy: We can make a turkey together.
[3] Annie: Oh, do you have the... this, this?
[3] Annie: So this sizeable glove.
[4] Daisy: it's my first time to cook yeah
[4] Daisy: so i is nothing um
[4] Daisy: i have a teaching video we can make a Turkey step by step
[4] Annie: okay yes
[5] Daisy: it's difficult to wear let's wear wear for me a minute
[5] Daisy: okay i'm okay
[5] Annie: yes oh
[5] Annie: turkey so big and heavy
[5] Daisy: just be careful
[6] Annie: Annie??? Mickey
[23] Mickey: Okay.
[24] Daisy: i just watching the teaching videos
[24] Daisy: i forgot how to make the Turkey
[24] Annie: what the next step
[24] Daisy: the next step i i think the bottle yes
[32] Daisy: Mickey take out the bowl after a while
[32] Daisy: yes so i think this time we can look the teaching videos
[32] Daisy: let's learn how to how to make the Turkey become more delicious
[33] Mickey: Daisy? time is up
[34] Annie: wow the butter your body tongue smells really good
[35] Annie: this this tayon nugura???
[35] Daisy: yes let me help you
[35] Daisy: put these things into the turkey
[35] Daisy: you didn't remember this bag
[36] Daisy: Be careful.

[Step 2] Evaluating semantic answer...
Action: [Answer]
Content: They watched a teaching video, gathered seasonings (butter, sugar, salt, bay leaves, soy sauce, chili, wine), handled and adjusted the turkey, then applied and rubbed in the seasonings to prepare it.
FINAL ANSWER (from graph):
They watched a teaching video, gathered seasonings (butter, sugar, salt, bay leaves, soy sauce, chili, wine), handled and adjusted the turkey, then applied and rubbed in the seasonings to prepare it.
Question: Where did the robot get the bay leaves?

[Step 1] Searching the graph...
Parse Query Output:
{
  "query_triple": ["<robot>", "gets", "bay leaves", 0.95, 0.3, 0.8],
  "spatial_constraint": null,
  "speaker_strict": null,
  "allocation": {
    "k_high_level": 5,
    "k_low_level": 38,
    "k_conversations": 7,
    "total_k": 50,
    "reasoning": "Location-of-source action query; prioritize low-level edges to trace acquisition events and nearby object/location states. Minimal high-level/context and a small amount of conversations in case dialogue mentions the source."
  }
}

Graph Search Results:
**High-Level Information (Character Attributes and Relationships): **

Character Attributes:
- robot is: black gloves (100), no visible face (100), camera holder (100)

Character Relationships:
- robot cooperates with Daisy (85)
- robot follows directions from Daisy (80)

**Low-Level Information (Actions and Events): **

[7] robot faces kitchen sink. (kitchen)
[7] robot picks up white towel. (kitchen)
[7] robot stretches white towel. (kitchen)
[7] robot hangs white towel. (kitchen)
[10] robot moves closer to seasoning. (kitchen)
[10] robot pans to raw whole chicken. (kitchen)
[10] robot picks up bay leaf. (kitchen)
[10] robot places bay leaf. (kitchen)
[10] robot sets leaf. (kitchen)
[10] robot looks at wine bottle. (kitchen)
[16] Daisy replies to robot. (kitchen)
[24] robot pans across with knife. (kitchen and living area)
[24] robot pans across with whole chicken. (kitchen and living area)
[24] robot walks into living area. (kitchen and living area)
[27] robot takes out small white bowl. (kitchen)
[27] robot places small white bowl. (kitchen)
[29] robot receives small packet. (kitchen)
[29] robot moves toward shelf. (kitchen)
[33] robot reveals bowl. (kitchen dining area)
[34] robot places white bowl. (kitchen-dining area)
[34] robot looks over kitchen counter. (kitchen-dining area)
[42] robot picks up pair of scissors. (kitchen)
[42] robot holds scissors. (kitchen)
[49] robot moves to green shelf. (kitchen)
[49] robot picks up bottle of red wine. (kitchen)
[49] wine bottle is from robot. (kitchen)
[50] robot moves toward condiment shelf. (kitchen)
[50] robot picks up bottle labeled soy sauce. (kitchen)
[50] robot hands soy sauce. (kitchen)
[52] robot picks up small bottle. (kitchen)
[52] robot puts back small bottle. (kitchen)
[53] robot picks up plastic bottle of oil. (kitchen)
[53] robot places oil bottle. (kitchen)
[53] robot looks over bowl. (kitchen)
[53] robot looks over chicken on plate. (kitchen)
[53] robot picks up red wine bottle. (kitchen)
[53] robot places red wine bottle. (kitchen)
[53] robot places pink bottle. (kitchen)

**Conversations: **

Conversation 1: Annie and Daisy discuss Annie’s exhausting job and consider that she might change jobs due to an unsatisfactory boss. They then collaborate, with Mickey’s help, to cook a turkey using a teaching video, gathering seasonings and handling tools while acknowledging their inexperience. They decide on ingredients like butter, sugar, salt, bay leaves, soy sauce, chili, and wine, and emphasize hygiene and carefulness despite finding cooking difficult.
[8] Annie: salt
[9] Daisy: oh just be careful your clothes
[9] Annie: and dry orange peel
[9] Daisy: yeah um
[9] Daisy: don't forget to put the bay leaves
[9] Daisy: you will make the chicken delicious
[9] Annie: bay leaves, where the bay leaves, oh Mickey please help me take the bay leaves
[9] Mickey: okay
[10] Annie: yeah good job
[15] Daisy: Butter okay.
[15] Daisy: Yeah oh one more sausage.
[16] robot: Daisy??? you need to cut cut it down
[16] Daisy: Annie??? okay
[16] Annie: look i like to cut things off half is enough
[23] Mickey: Okay.
[24] Daisy: i just watching the teaching videos
[24] Daisy: i forgot how to make the Turkey
[24] Annie: what the next step
[24] Daisy: the next step i i think the bottle yes
[35] Annie: this this tayon nugura???
[35] Daisy: yes let me help you
[35] Daisy: put these things into the turkey
[35] Daisy: you didn't remember this bag
[36] Daisy: Be careful.
[41] Annie: please give me the scissors
[42] Daisy: Annie??? please give me the scissors
[42] robot: okay
[42] Daisy: Annie??? Mickey please put put the scissors to
[43] Daisy: Annie? okay

[Step 2] Evaluating semantic answer...
Action: [Answer]
Content: From the kitchen seasoning area.
FINAL ANSWER (from graph):
From the kitchen seasoning area.
Question: Where should the robot put the remaining butter back?

[Step 1] Searching the graph...
Parse Query Output:
{
  "query_triple": ["<robot>", "puts back", "butter#remaining", 0.9, 0.4, 0.85],
  "spatial_constraint": null,
  "speaker_strict": null,
  "allocation": {
    "k_high_level": 5,
    "k_low_level": 38,
    "k_conversations": 7,
    "total_k": 50,
    "reasoning": "Spatial/action query about where to put an object back; prioritize low-level edges to find prior location of the butter and placement actions, with minimal high-level and some conversations for instructions."
  }
}

Graph Search Results:
**High-Level Information (Character Attributes and Relationships): **

Character Attributes:
- robot is: black gloves (100), no visible face (100), camera holder (100)

Character Relationships:
- robot cooperates with Daisy (85)
- robot follows directions from Daisy (80)

**Low-Level Information (Actions and Events): **

[7] robot faces counter. (kitchen)
[7] robot picks up white towel. (kitchen)
[7] robot hangs white towel. (kitchen)
[10] robot looks down at shelf. (kitchen)
[10] robot moves closer to bottle. (kitchen)
[10] robot moves closer to seasoning. (kitchen)
[10] robot pans to raw whole chicken. (kitchen)
[10] robot picks up bay leaf. (kitchen)
[10] robot places bay leaf. (kitchen)
[10] robot sets leaf. (kitchen)
[24] robot pans across with knife. (kitchen and living area)
[24] robot pans across with whole chicken. (kitchen and living area)
[24] robot looks at item. (kitchen and living area)
[24] robot adjusts item. (kitchen and living area)
[27] robot takes out small white bowl. (kitchen)
[27] robot places small white bowl. (kitchen)
[29] robot receives small packet. (kitchen)
[29] robot moves toward shelf. (kitchen)
[29] robot places small packet. (kitchen)
[30] robot reaches into fridge. (kitchen)
[30] robot closes refrigerator door. (kitchen)
[34] robot places white bowl. (kitchen-dining area)
[34] robot looks over kitchen counter. (kitchen-dining area)
[42] robot walks back toward counter. (kitchen)
[49] robot moves to green shelf. (kitchen)
[50] robot moves toward condiment shelf. (kitchen)
[50] robot picks up bottle labeled soy sauce. (kitchen)
[50] robot hands soy sauce. (kitchen)
[52] robot moves closer to bottle. (kitchen)
[52] robot picks up small bottle. (kitchen)
[52] robot puts back small bottle. (kitchen)
[53] robot picks up plastic bottle of oil. (kitchen)
[53] robot places oil bottle. (kitchen)
[53] robot looks over countertop item. (kitchen)
[53] robot looks over bowl. (kitchen)
[53] robot looks over chicken on plate. (kitchen)
[53] robot picks up second bottle with pink liquid. (kitchen)
[53] robot turns camera toward countertop with chicken and utensil. (kitchen)

**Conversations: **

Conversation 1: Annie and Daisy discuss Annie’s exhausting job and consider that she might change jobs due to an unsatisfactory boss. They then collaborate, with Mickey’s help, to cook a turkey using a teaching video, gathering seasonings and handling tools while acknowledging their inexperience. They decide on ingredients like butter, sugar, salt, bay leaves, soy sauce, chili, and wine, and emphasize hygiene and carefulness despite finding cooking difficult.
[26] Daisy: Hmm.
[26] Daisy: Let me check the next step I remember that yeah yeah.
[26] Daisy: Mickey, take another bowl to hold this butter.
[27] Daisy: Mickey take another bowl to to hold this butter
[27] Daisy: i think i need to wash my hands
[28] Annie: you a half of bottle is enough
[29] Annie: yes it is enough
[29] Annie: Mickey please put the bottle to the original position
[30] Annie: yes next up we need to pour the butter into the microwave
[30] Annie: butter
[30] Daisy: i will try it's very it's difficult for me
[30] Annie: i know good only butter
[30] Daisy: okay more butter
[31] Daisy: okay it's your turn i'm not good at cooking wow it's very difficult for me
[32] Daisy: a hard job yeah
[38] Annie: Daisy? we need to put this sausage from the bowl
[38] Daisy: Annie? I think it's enough
[38] Daisy: and butter
[38] Daisy: hmm you need some dry drying
[39] Annie: Daisy, erase a lot of lust.
[41] Annie: please give me the scissors
[42] Daisy: Annie??? please give me the scissors
[42] robot: okay
[42] Daisy: Annie??? Mickey please put put the scissors to
[43] Daisy: Annie? okay

[Step 2] Evaluating semantic answer...
Action: [Answer]
Content: Back to its original position on the shelf.
FINAL ANSWER (from graph):
Back to its original position on the shelf.
Question: Where should the robot take out the bowl containing butter?

[Step 1] Searching the graph...
Parse Query Output:
{
  "query_triple": ["<Robot>", "takes out", "bowl#butter", 0.95, 0.35, 0.9],
  "spatial_constraint": null,
  "speaker_strict": null,
  "allocation": {
    "k_high_level": 5,
    "k_low_level": 40,
    "k_conversations": 5,
    "total_k": 50,
    "reasoning": "Spatial/action query about where to take out a specific bowl; prioritize low-level edges for actions and locations, minimal high-level and conversations."
  }
}

Graph Search Results:
**High-Level Information (Character Attributes and Relationships): **

Character Attributes:
- character_1 is: slim (100), female (100), white headband (100), long dark hair in low ponytail (100), black flats (100)

**Low-Level Information (Actions and Events): **

[3] whole chicken sits in bowl. (kitchen)
[3] bowl is in sink. (kitchen)
[15] ingredient is near bowl. (kitchen studio)
[19] yellow cleaning cloth is next to bowl. (kitchen)
[25] food piece is in small bowl. (kitchen)
[26] yellow dough sheet has butter. (kitchen)
[26] small pink piece is from bowl. (kitchen)
[26] butter is on dough. (kitchen)
[26] off-screen person takes another bowl. (kitchen)
[26] another bowl is for butter. (kitchen)
[27] robot takes out small white bowl. (kitchen)
[27] small white bowl is on counter. (kitchen)
[27] small white bowl is beside other bowl. (kitchen)
[28] seasoning is into bowl. (kitchen)
[28] bowl is on counter. (kitchen)
[29] ingredient is in cup. (kitchen)
[29] Daisy looks at bowl. (kitchen)
[29] ingredient is in bowl. (kitchen)
[30] ingredient is in bowl. (kitchen)
[31] butter is onto board. (kitchen)
[31] butter is onto food. (kitchen)
[33] bowl is inside microwave. (kitchen dining area)
[34] white bowl is in microwave. (kitchen-dining area)
[38] bowl is beside sink. (kitchen)
[38] butter is from tray. (kitchen)
[38] butter is to chicken. (kitchen)
[40] bowl is near sink. (kitchen)
[45] small bowl is near cooked chicken. (kitchen)
[49] wine bottle is near bowl. (kitchen)
[50] soy sauce bottle is near bowl. (kitchen)
[50] soy sauce is into small bowl. (kitchen)
[51] bottle is near bowl of sauce. (kitchen)
[51] bowl of sauce is on counter. (kitchen)
[52] seasoning is into bowl. (kitchen)
[52] seasoning is in bowl. (kitchen)
[52] red ingredient is from another bowl. (kitchen)
[55] seasoning is from bowl. (kitchen)
[58] spoon is near bowl. (kitchen)
[61] seasoning is from bowl. (kitchen)
[61] whole chicken goes into oven. (kitchen)

**Conversations: **

Conversation 1: Annie and Daisy discuss Annie’s exhausting job and consider that she might change jobs due to an unsatisfactory boss. They then collaborate, with Mickey’s help, to cook a turkey using a teaching video, gathering seasonings and handling tools while acknowledging their inexperience. They decide on ingredients like butter, sugar, salt, bay leaves, soy sauce, chili, and wine, and emphasize hygiene and carefulness despite finding cooking difficult.
[24] Annie: and how
[24] Annie: how what what we should do for this
[24] Daisy: i i need to take a bowl
[25] Annie: Daisy? I need to take a bowl.
[25] Annie: Yeah I wash my hand.
[26] Daisy: Hmm.
[26] Daisy: Let me check the next step I remember that yeah yeah.
[26] Daisy: Mickey, take another bowl to hold this butter.
[27] Daisy: Mickey take another bowl to to hold this butter
[27] Daisy: i think i need to wash my hands
[28] Annie: you a half of bottle is enough
[29] Annie: yes it is enough
[29] Annie: Mickey please put the bottle to the original position
[30] Annie: yes next up we need to pour the butter into the microwave
[30] Annie: butter
[30] Daisy: i will try it's very it's difficult for me
[31] Daisy: okay it's your turn i'm not good at cooking wow it's very difficult for me
[32] Daisy: a hard job yeah
[32] Daisy: Mickey take out the bowl after a while
[32] Daisy: yes so i think this time we can look the teaching videos
[32] Daisy: let's learn how to how to make the Turkey become more delicious

[Step 2] Evaluating semantic answer...
Action: [Answer]
Content: From the microwave.
FINAL ANSWER (from graph):
From the microwave.
Question: Where can the scissors be obtained?

[Step 1] Searching the graph...
Parse Query Output:
{
  "query_triple": [null, "obtains", "scissors", 0.1, 0.3, 0.9],
  "spatial_constraint": null,
  "speaker_strict": null,
  "allocation": {
    "k_high_level": 5,
    "k_low_level": 40,
    "k_conversations": 5,
    "total_k": 50,
    "reasoning": "Location-of-obtainment query for a specific object. Prioritize low-level edges to find scenes/actions where scissors are acquired and their locations. Minimal high-level edges and conversations for contextual hints."
  }
}

Graph Search Results:
**High-Level Information (Character Attributes and Relationships): **

Character Attributes:
- Annie is: medium dark hair tied back with white headband and clips (100)
- Daisy is: long dark hair tied back with white headband and clip (100)
- character_1 is: female (100), slim (100)
- robot is: black gloves (100)

**Low-Level Information (Actions and Events): **

[15] Annie adjusts item. (kitchen studio)
[15] Daisy closes drawer. (kitchen studio)
[16] Daisy closes drawer. (kitchen)
[16] Annie adjusts item. (kitchen)
[16] Annie starts cutting on yellow mat. (kitchen)
[17] Annie grips knife. (kitchen)
[17] Annie trims small vegetable. (kitchen)
[17] Annie slices. (kitchen)
[17] Annie slices on cutting board. (kitchen)
[20] Annie shapes dough. (kitchen)
[20] Annie folds dough. (kitchen)
[21] Annie chops minced meat. (kitchen)
[21] Annie continues chopping. (kitchen)
[21] Annie keeps chopping. (kitchen)
[23] Annie chops minced meat. (kitchen)
[24] robot adjusts item. (kitchen and living area)
[25] Daisy skewers food piece. (kitchen)
[27] Daisy folds yellow dough sheet. (kitchen)
[28] Daisy folds small piece of food. (kitchen)
[35] Daisy hands clear bag. (kitchen)
[39] Daisy adjusts item. (kitchen)
[40] Daisy grips food. (kitchen)
[41] Daisy shapes food. (kitchen)
[42] Annie watches counter. (kitchen)
[44] Daisy manipulates bag. (kitchen)
[44] Daisy scrapes out content. (kitchen)
[45] Daisy grips cooked chicken. (kitchen)
[46] Daisy chops food. (kitchen)
[46] Daisy cuts food. (kitchen)
[46] Annie tidies item. (kitchen)
[50] robot hands soy sauce. (kitchen)
[51] Mickey hands small green-capped spice jar. (kitchen)
[52] Annie scoops red ingredient. (kitchen)
[55] Daisy folds Daisy's arm. (kitchen)
[55] Annie scoops seasoning. (kitchen)
[56] Annie tidies edge of plate. (kitchen)
[57] Annie shapes dough. (kitchen)
[58] Daisy scoops sauce. (kitchen)
[59] Daisy presses and shapes food. (kitchen)
[59] Annie scrapes from edge bit. (kitchen)

**Conversations: **

Conversation 1: Annie and Daisy discuss Annie’s exhausting job and consider that she might change jobs due to an unsatisfactory boss. They then collaborate, with Mickey’s help, to cook a turkey using a teaching video, gathering seasonings and handling tools while acknowledging their inexperience. They decide on ingredients like butter, sugar, salt, bay leaves, soy sauce, chili, and wine, and emphasize hygiene and carefulness despite finding cooking difficult.
[8] Daisy: okay
[8] Annie: i have eaten food
[8] Daisy: you need some materials alright
[8] Annie: yes
[8] Annie: i need some
[40] Annie: it's a hard job
[41] Daisy: oh it's very difficult
[41] Annie: okay we need scissors
[41] Annie: i think Mickey
[41] Annie: please give me the scissors
[42] Daisy: Annie??? please give me the scissors
[42] robot: okay
[42] Daisy: Annie??? Mickey please put put the scissors to
[43] Daisy: Annie? okay
[44] Daisy: oh

[Step 2] Evaluating semantic answer...
Action: [Answer]
Content: From Mickey, who is asked to provide the scissors.
FINAL ANSWER (from graph):
From Mickey, who is asked to provide the scissors.
Question: Where should the robot put back the cotton thread?

[Step 1] Searching the graph...
Parse Query Output:
{
  "query_triple": ["<robot>", "puts back", "cotton thread", 0.9, 0.3, 0.8],
  "spatial_constraint": null,
  "speaker_strict": null,
  "allocation": {
    "k_high_level": 5,
    "k_low_level": 37,
    "k_conversations": 8,
    "total_k": 50,
    "reasoning": "Spatial/action query about where to place an object; prioritize low-level edges to find prior locations or storage rules, with minimal high-level and some conversations for any spoken instructions."
  }
}

Graph Search Results:
**High-Level Information (Character Attributes and Relationships): **

Character Attributes:
- robot is: black gloves (100), no visible face (100), camera holder (100)

Character Relationships:
- robot cooperates with Daisy (85)
- robot follows directions from Daisy (80)

**Low-Level Information (Actions and Events): **

[7] robot picks up white towel. (kitchen)
[7] robot stretches white towel. (kitchen)
[7] robot hangs white towel. (kitchen)
[10] robot moves closer to bottle. (kitchen)
[10] robot picks up bay leaf. (kitchen)
[10] robot places bay leaf. (kitchen)
[10] robot sets leaf. (kitchen)
[10] robot looks at wine bottle. (kitchen)
[16] Daisy replies to robot. (kitchen)
[24] robot pans across with knife. (kitchen and living area)
[24] robot looks at small round table. (kitchen and living area)
[24] robot looks at item. (kitchen and living area)
[24] robot adjusts item. (kitchen and living area)
[27] robot takes out small white bowl. (kitchen)
[27] robot places small white bowl. (kitchen)
[29] robot receives small packet. (kitchen)
[29] robot places small packet. (kitchen)
[30] robot uses gloved hand. (kitchen)
[33] robot reveals bowl. (kitchen dining area)
[34] robot places white bowl. (kitchen-dining area)
[42] robot picks up pair of scissors. (kitchen)
[42] robot walks back toward counter. (kitchen)
[42] robot holds scissors. (kitchen)
[46] robot picks up blue storage box. (kitchen)
[49] robot picks up bottle of red wine. (kitchen)
[49] robot carries wine. (kitchen)
[50] robot wears black glove. (kitchen)
[52] robot moves closer to bottle. (kitchen)
[52] robot picks up small bottle. (kitchen)
[52] robot puts back small bottle. (kitchen)
[53] robot picks up plastic bottle of oil. (kitchen)
[53] robot places oil bottle. (kitchen)
[53] robot looks over countertop item. (kitchen)
[53] robot looks over bowl. (kitchen)
[53] robot picks up red wine bottle. (kitchen)
[53] robot picks up second bottle with pink liquid. (kitchen)
[53] robot places pink bottle. (kitchen)

**Conversations: **

Conversation 1: Annie and Daisy discuss Annie’s exhausting job and consider that she might change jobs due to an unsatisfactory boss. They then collaborate, with Mickey’s help, to cook a turkey using a teaching video, gathering seasonings and handling tools while acknowledging their inexperience. They decide on ingredients like butter, sugar, salt, bay leaves, soy sauce, chili, and wine, and emphasize hygiene and carefulness despite finding cooking difficult.
[5] Daisy: just be careful
[6] Annie: Annie??? Mickey
[7] Daisy: Annie??? please run out the towel and put it on the original position
[7] Daisy: Annie??? these students let's start
[8] Daisy: okay
[15] Daisy: Butter okay.
[15] Daisy: Yeah oh one more sausage.
[16] robot: Daisy??? you need to cut cut it down
[16] Daisy: Annie??? okay
[16] Annie: look i like to cut things off half is enough
[22] Daisy: yeah you can eat more i you i i think you need to wash your hands after a while
[23] Annie: Daisy? Yeah you can eat more, I think you need to wash your hands after a while.
[23] Annie: Okay Mickey, please put it on the original position.
[23] Mickey: Okay.
[24] Daisy: i just watching the teaching videos
[29] Annie: yes a a half
[29] Annie: yes it is enough
[29] Annie: Mickey please put the bottle to the original position
[30] Annie: yes next up we need to pour the butter into the microwave
[30] Annie: butter
[41] Annie: please give me the scissors
[42] Daisy: Annie??? please give me the scissors
[42] robot: okay
[42] Daisy: Annie??? Mickey please put put the scissors to
[43] Daisy: Annie? okay
[45] Annie: Daisy? yes
[45] Daisy: okay this perfect
[46] Daisy: Annie? Mickey, please put these things back to the original position.
[46] Annie: Yes, what should we do.
[48] Annie: brandy
[51] Daisy: Yeah, Mickey take the chili powder and hand it to Annie.
[52] Daisy: yes okay that
[52] Daisy: and then mickey put these things back in the place
[53] Annie: Daisy, now we need to wear some gloves.
[54] Mickey: Annie? we use we use many gloves.

Conversation 2: Daisy and Annie are working together on a task involving placing something into a microwave. Daisy guides the process, offering assistance and caution, while Annie acknowledges the steps and notes the item is heavy. They proceed to the final step with Daisy taking a supportive role.
[60] Daisy: let me try.
[60] Daisy: okay it is the last.
[61] Daisy: already yeah so we need put it into the
[61] Daisy: microwave okay
[61] Daisy: i can help you

[Step 2] Evaluating semantic answer...
Action: [Search]
Content: [42, 46, 53, 29, 30]
Summary: The graph shows the robot and others handling various kitchen items (towel, bottles, scissors, gloves) and repeatedly being instructed to put items back to their original position, but there is no mention of cotton thread specifically or its placement.

[Step 3] Watching video clips: [42, 46, 53, 29, 30]

   Processing clip 42 (1/5)...
Question: Where should the robot get the bowl from?

[Step 1] Searching the graph...
Parse Query Output:
{
  "query_triple": ["<robot>", "gets", "bowl", 0.95, 0.4, 0.7],
  "spatial_constraint": null,
  "speaker_strict": null,
  "allocation": {
    "k_high_level": 5,
    "k_low_level": 38,
    "k_conversations": 7,
    "total_k": 50,
    "reasoning": "Action/location query about where to obtain an object. Prioritize low-level edges to find states like 'bowl is on <location>' or prior actions showing bowl placement. Minimal high-level for general traits; few conversations in case dialogue mentions instructions."
  }
}

Graph Search Results:
**High-Level Information (Character Attributes and Relationships): **

Character Attributes:
- robot is: black gloves (100), no visible face (100), camera holder (100)

Character Relationships:
- robot cooperates with Daisy (85)
- Annie directs and the <robot> assists (task-oriented collaboration) robot (85)

**Low-Level Information (Actions and Events): **

[7] robot faces kitchen sink. (kitchen)
[7] robot faces counter. (kitchen)
[7] robot picks up from sink. (kitchen)
[10] robot looks down at shelf. (kitchen)
[10] robot moves closer to bottle. (kitchen)
[10] robot picks up bay leaf. (kitchen)
[10] robot places bay leaf. (kitchen)
[10] robot sets leaf. (kitchen)
[10] robot looks toward table. (kitchen)
[10] robot looks at wine bottle. (kitchen)
[24] robot pans across with knife. (kitchen and living area)
[24] robot looks at small round table. (kitchen and living area)
[24] robot opens fridge. (kitchen and living area)
[27] robot takes out small white bowl. (kitchen)
[27] robot places small white bowl. (kitchen)
[29] robot receives small packet. (kitchen)
[29] robot moves toward shelf. (kitchen)
[30] robot reaches into fridge. (kitchen)
[33] robot moves toward microwave. (kitchen dining area)
[33] robot reveals bowl. (kitchen dining area)
[34] robot places white bowl. (kitchen-dining area)
[34] robot looks over kitchen counter. (kitchen-dining area)
[34] robot walks to round table. (kitchen-dining area)
[42] robot places small blue box. (kitchen)
[46] robot picks up blue storage box. (kitchen)
[49] robot picks up bottle of red wine. (kitchen)
[49] wine bottle is from robot. (kitchen)
[50] robot hands soy sauce. (kitchen)
[52] robot moves closer to bottle. (kitchen)
[52] robot picks up small bottle. (kitchen)
[52] robot puts back small bottle. (kitchen)
[53] robot picks up plastic bottle of oil. (kitchen)
[53] robot places oil bottle. (kitchen)
[53] robot looks over countertop item. (kitchen)
[53] robot looks over bowl. (kitchen)
[53] robot looks over chicken on plate. (kitchen)
[53] robot picks up red wine bottle. (kitchen)
[53] robot places pink bottle. (kitchen)

**Conversations: **

Conversation 1: Annie and Daisy discuss Annie’s exhausting job and consider that she might change jobs due to an unsatisfactory boss. They then collaborate, with Mickey’s help, to cook a turkey using a teaching video, gathering seasonings and handling tools while acknowledging their inexperience. They decide on ingredients like butter, sugar, salt, bay leaves, soy sauce, chili, and wine, and emphasize hygiene and carefulness despite finding cooking difficult.
[24] Annie: and how
[24] Annie: how what what we should do for this
[24] Daisy: i i need to take a bowl
[25] Annie: Daisy? I need to take a bowl.
[25] Annie: Yeah I wash my hand.
[25] Daisy: Yes it's very difficult for us.
[26] Daisy: Hmm.
[26] Daisy: Let me check the next step I remember that yeah yeah.
[26] Daisy: Mickey, take another bowl to hold this butter.
[27] Daisy: Mickey take another bowl to to hold this butter
[27] Daisy: i think i need to wash my hands
[28] Annie: you a half of bottle is enough
[31] Daisy: okay it's your turn i'm not good at cooking wow it's very difficult for me
[32] Daisy: a hard job yeah
[32] Daisy: Mickey take out the bowl after a while
[32] Daisy: yes so i think this time we can look the teaching videos
[32] Daisy: let's learn how to how to make the Turkey become more delicious
[37] Annie: yes we need we need to this to do this job together
[37] Annie: hahaha
[38] Annie: Daisy? we need to put this sausage from the bowl
[38] Daisy: Annie? I think it's enough
[38] Daisy: and butter
[41] Annie: please give me the scissors
[42] Daisy: Annie??? please give me the scissors
[42] robot: okay
[42] Daisy: Annie??? Mickey please put put the scissors to
[43] Daisy: Annie? okay

[Step 2] Evaluating semantic answer...
Action: [Answer]
Content: From the fridge.
FINAL ANSWER (from graph):
From the fridge.
Question: Why didn't they use the bottle of brandy?

[Step 1] Searching the graph...
Parse Query Output:
{
  "query_triple": [null, "why not use", "bottle of brandy", 0.1, 0.25, 0.8],
  "spatial_constraint": null,
  "speaker_strict": null,
  "allocation": {
    "k_high_level": 6,
    "k_low_level": 12,
    "k_conversations": 32,
    "total_k": 50,
    "reasoning": "This is a 'why' question about a specific object decision. Prioritize conversations for motivations, include some low-level edges to verify actions or non-use of the brandy, and a small amount of high-level edges for context."
  }
}

Graph Search Results:
**High-Level Information (Character Attributes and Relationships): **

Character Attributes:
- Annie is: dark jeans (100)
- Daisy is: medium build (100)
- character_1 is: white headband (100), white long-sleeved chiffon dress (100)
- robot is: black gloves (100), camera holder (100)

**Low-Level Information (Actions and Events): **

[13] Daisy pours ingredient. (kitchen)
[29] Annie pours seasoning. (kitchen)
[30] Annie stirs ingredient. (kitchen)
[38] Annie pours seasoning. (kitchen)
[41] Annie pours a little onto food. (kitchen)
[42] Annie watches counter. (kitchen)
[44] Daisy empties bag. (kitchen)
[48] Annie twists cap jointly cap. (kitchen)
[48] Daisy twists cap jointly cap. (kitchen)
[50] Annie pours soy sauce. (kitchen)
[52] Annie pours seasoning. (kitchen)
[56] Daisy coats chicken leg. (kitchen)

**Conversations: **

Conversation 1: Annie and Daisy discuss Annie’s exhausting job and consider that she might change jobs due to an unsatisfactory boss. They then collaborate, with Mickey’s help, to cook a turkey using a teaching video, gathering seasonings and handling tools while acknowledging their inexperience. They decide on ingredients like butter, sugar, salt, bay leaves, soy sauce, chili, and wine, and emphasize hygiene and carefulness despite finding cooking difficult.
[8] Annie: yes
[8] Annie: i need some
[8] Daisy: maybe brown sugar
[8] Annie: let off the graph
[8] Annie: salt
[9] Daisy: oh just be careful your clothes
[9] Annie: and dry orange peel
[9] Daisy: yeah um
[9] Daisy: don't forget to put the bay leaves
[9] Daisy: you will make the chicken delicious
[9] Annie: bay leaves, where the bay leaves, oh Mickey please help me take the bay leaves
[9] Mickey: okay
[10] Annie: yeah good job
[10] Annie: we need mix them mix them up
[10] Annie: it's wet
[11] Annie: put some
[11] Annie: put some brown sugar
[11] Annie: wow I want more
[11] Daisy: okay it look like masaji hahaha
[11] Annie: it's so funny to all yes
[12] Annie: Daisy? and yes we should put some salt.
[12] Daisy: yeah.
[12] Daisy: no more salt maybe it will be salty.
[12] Daisy: okay.
[12] Annie: any more some sugar, okay.
[13] Daisy: any more some sugar, okay
[13] Daisy: now
[13] Annie: yes it may be okay
[13] Annie: hard job
[13] Daisy: yeah maybe i can help help you too
[14] Daisy: Annie??? it's too difficult to make to cook the turkey
[14] Daisy: hahaha it's funny okay
[14] Annie: it may
[14] Annie: be okay what what the next step
[14] Daisy: um
[15] Annie: Daisy? according to the teaching video I need to taste some butter.
[15] Daisy: Butter okay.
[15] Daisy: Yeah oh one more sausage.
[23] Mickey: Okay.
[24] Daisy: i just watching the teaching videos
[24] Daisy: i forgot how to make the Turkey
[24] Annie: what the next step
[24] Daisy: the next step i i think the bottle yes
[24] Annie: the bottle yes uh
[24] Annie: and how
[24] Annie: how what what we should do for this
[25] Daisy: It is actually hard for us yes because we are not not good at cooking.
[25] Annie: Yeah yeah yeah.
[26] Annie: Daisy? maybe you can use the hands.
[26] Annie: No my I think that is not very clean.
[26] Annie: The next step.
[26] Daisy: Hmm.
[26] Daisy: Let me check the next step I remember that yeah yeah.
[26] Daisy: Mickey, take another bowl to hold this butter.
[27] Daisy: Mickey take another bowl to to hold this butter
[27] Daisy: i think i need to wash my hands
[28] Annie: you a half of bottle is enough
[28] Daisy: yeah that's enough
[28] Daisy: oh it's very delicious
[28] Daisy: oh oh
[28] Daisy: hmm okay i made it hard
[29] Annie: yes a a half
[29] Annie: yes it is enough
[29] Annie: Mickey please put the bottle to the original position
[30] Annie: yes next up we need to pour the butter into the microwave
[30] Annie: butter
[31] Daisy: okay it's your turn i'm not good at cooking wow it's very difficult for me
[32] Daisy: a hard job yeah
[32] Daisy: Mickey take out the bowl after a while
[32] Daisy: yes so i think this time we can look the teaching videos
[32] Daisy: let's learn how to how to make the Turkey become more delicious
[35] Annie: this this tayon nugura???
[35] Daisy: yes let me help you
[35] Daisy: put these things into the turkey
[35] Daisy: you didn't remember this bag
[36] Daisy: Be careful.
[36] Annie: Yes, we need to do this job together.
[37] Annie: yes we need we need to this to do this job together
[37] Annie: hahaha
[38] Annie: Daisy? we need to put this sausage from the bowl
[38] Daisy: Annie? I think it's enough
[38] Daisy: and butter
[38] Daisy: hmm you need some dry drying
[39] Annie: Daisy, erase a lot of lust.
[44] Daisy: oh
[44] Daisy: my hands
[45] Annie: Daisy? we need to make the barbecue sauce
[45] Daisy: Annie? is it okay
[45] Annie: Daisy? yes
[46] Daisy: Annie? Mickey, please put these things back to the original position.
[46] Annie: Yes, what should we do.
[48] Annie: brandy
[48] Daisy: yes let me open it
[48] Daisy: the brandy doesn't smell very good this time
[48] Annie: yes maybe we should change the things
[48] Annie: yes Mickey please bring the wine for me
[49] Annie: and what we need
[49] Annie: is good
[49] Daisy: yeah I think this one better oh
[49] Daisy: we can use this one
[49] Annie: hmm okay and anything else
[50] Daisy: hmm me you you can you need some soy sauce and yeah
[50] Annie: Mickey please bring the soy sauce for me
[51] Annie: Daisy, don't forget to add chili.
[51] Daisy: Yeah, Mickey take the chili powder and hand it to Annie.
[52] Daisy: yes okay that
[52] Daisy: and then mickey put these things back in the place

[Step 2] Evaluating semantic answer...
Action: [Answer]
Content: Because Daisy said the brandy didn’t smell very good, so they decided to use something else.
FINAL ANSWER (from graph):
Because Daisy said the brandy didn’t smell very good, so they decided to use something else.
Question: Where should the robot get the port wine from?

[Step 1] Searching the graph...
Parse Query Output:
{
  "query_triple": ["<robot>", "should get from", "port wine", 0.9, 0.25, 0.85],
  "spatial_constraint": null,
  "speaker_strict": null,
  "allocation": {
    "k_high_level": 5,
    "k_low_level": 38,
    "k_conversations": 7,
    "total_k": 50,
    "reasoning": "Action/location retrieval query about obtaining a specific item; prioritize low-level edges for sources/locations and minimal conversations/high-level context."
  }
}

Graph Search Results:
**High-Level Information (Character Attributes and Relationships): **

Character Attributes:
- robot is: camera holder (100), black gloves (100), no visible face (100)

Character Relationships:
- Annie directs and the <robot> assists (task-oriented collaboration) robot (85)
- robot cooperates with Daisy (85)

**Low-Level Information (Actions and Events): **

[7] robot picks up white towel. (kitchen)
[7] robot picks up from sink. (kitchen)
[7] robot stretches white towel. (kitchen)
[7] robot hangs white towel. (kitchen)
[10] robot moves closer to bottle. (kitchen)
[10] robot moves closer to seasoning. (kitchen)
[10] robot picks up bay leaf. (kitchen)
[10] robot places bay leaf. (kitchen)
[10] robot looks at wine bottle. (kitchen)
[16] robot is from behind camera. (kitchen)
[24] robot looks at small round table. (kitchen and living area)
[27] robot takes out small white bowl. (kitchen)
[27] robot places small white bowl. (kitchen)
[29] robot receives small packet. (kitchen)
[29] robot places small packet. (kitchen)
[30] robot reaches into fridge. (kitchen)
[30] robot walks from fridge area. (kitchen)
[34] robot places white bowl. (kitchen-dining area)
[34] robot walks to round table. (kitchen-dining area)
[46] robot pans camera toward dining table. (kitchen)
[46] robot picks up blue storage box. (kitchen)
[49] robot moves to green shelf. (kitchen)
[49] robot picks up bottle of red wine. (kitchen)
[49] robot carries wine. (kitchen)
[49] wine bottle is from robot. (kitchen)
[50] robot moves toward condiment shelf. (kitchen)
[50] robot picks up bottle labeled soy sauce. (kitchen)
[50] robot hands soy sauce. (kitchen)
[52] robot moves closer to bottle. (kitchen)
[52] robot picks up small bottle. (kitchen)
[52] robot puts back small bottle. (kitchen)
[53] robot picks up plastic bottle of oil. (kitchen)
[53] robot places oil bottle. (kitchen)
[53] robot looks over bowl. (kitchen)
[53] robot picks up red wine bottle. (kitchen)
[53] robot places red wine bottle. (kitchen)
[53] robot picks up second bottle with pink liquid. (kitchen)
[53] robot places pink bottle. (kitchen)

**Conversations: **

Conversation 1: Annie and Daisy discuss Annie’s exhausting job and consider that she might change jobs due to an unsatisfactory boss. They then collaborate, with Mickey’s help, to cook a turkey using a teaching video, gathering seasonings and handling tools while acknowledging their inexperience. They decide on ingredients like butter, sugar, salt, bay leaves, soy sauce, chili, and wine, and emphasize hygiene and carefulness despite finding cooking difficult.
[15] Daisy: Butter okay.
[15] Daisy: Yeah oh one more sausage.
[16] robot: Daisy??? you need to cut cut it down
[16] Daisy: Annie??? okay
[16] Annie: look i like to cut things off half is enough
[24] Daisy: i forgot how to make the Turkey
[24] Annie: what the next step
[24] Daisy: the next step i i think the bottle yes
[24] Annie: the bottle yes uh
[24] Annie: and how
[24] Annie: how what what we should do for this
[29] Annie: yes a a half
[29] Annie: yes it is enough
[29] Annie: Mickey please put the bottle to the original position
[30] Annie: yes next up we need to pour the butter into the microwave
[30] Annie: butter
[41] Annie: please give me the scissors
[42] Daisy: Annie??? please give me the scissors
[42] robot: okay
[42] Daisy: Annie??? Mickey please put put the scissors to
[43] Daisy: Annie? okay
[48] Daisy: the brandy doesn't smell very good this time
[48] Annie: yes maybe we should change the things
[48] Annie: yes Mickey please bring the wine for me
[49] Annie: and what we need
[49] Annie: is good
[49] Annie: hmm okay and anything else
[50] Daisy: hmm me you you can you need some soy sauce and yeah
[50] Annie: Mickey please bring the soy sauce for me
[51] Annie: Daisy, don't forget to add chili.
[51] Daisy: Yeah, Mickey take the chili powder and hand it to Annie.

[Step 2] Evaluating semantic answer...
Action: [Answer]
Content: From the green shelf in the kitchen.
FINAL ANSWER (from graph):
From the green shelf in the kitchen.
✓ Updated results.json for kitchen_15 (14 questions)
✓ Cleaned up video and frames for kitchen_15

============================================================
Processing video: kitchen_06
============================================================
Downloading 1 video(s) to data/videos...

Downloading kitchen_06.mp4...
✓ Successfully downloaded kitchen_06.mp4 to data/videos/kitchen_06.mp4

============================================================
Download Summary:
  Successful: 1/1
============================================================

============================================================
[1/1] Processing: kitchen_06
============================================================
Video: data/videos/kitchen_06.mp4
Subtitles: data/subtitles/robot/kitchen_06.srt
Output: data/frames/kitchen_06
============================================================

Parsing subtitle file: data/subtitles/robot/kitchen_06.srt
Found 438 subtitle entries
Video: 1280x720, 30.00 FPS, 62611 frames, 2087.03s duration

Extracting frames with subtitles...
Grouping frames into folders of 30 frames each
  Saved 10 frames (up to 9s, folder 1)
  Saved 20 frames (up to 19s, folder 1)
  Saved 30 frames (up to 29s, folder 1)
  Saved 40 frames (up to 39s, folder 2)
  Saved 50 frames (up to 49s, folder 2)
  Saved 60 frames (up to 59s, folder 2)
  Saved 70 frames (up to 69s, folder 3)
  Saved 80 frames (up to 79s, folder 3)
  Saved 90 frames (up to 89s, folder 3)
  Saved 100 frames (up to 99s, folder 4)
  Saved 110 frames (up to 109s, folder 4)
  Saved 120 frames (up to 119s, folder 4)
  Saved 130 frames (up to 129s, folder 5)
  Saved 140 frames (up to 139s, folder 5)
  Saved 150 frames (up to 149s, folder 5)
  Saved 160 frames (up to 159s, folder 6)
  Saved 170 frames (up to 169s, folder 6)
  Saved 180 frames (up to 179s, folder 6)
  Saved 190 frames (up to 189s, folder 7)
  Saved 200 frames (up to 199s, folder 7)
  Saved 210 frames (up to 209s, folder 7)
  Saved 220 frames (up to 219s, folder 8)
  Saved 230 frames (up to 229s, folder 8)
  Saved 240 frames (up to 239s, folder 8)
  Saved 250 frames (up to 249s, folder 9)
  Saved 260 frames (up to 259s, folder 9)
  Saved 270 frames (up to 269s, folder 9)
  Saved 280 frames (up to 279s, folder 10)
  Saved 290 frames (up to 289s, folder 10)
  Saved 300 frames (up to 299s, folder 10)
  Saved 310 frames (up to 309s, folder 11)
  Saved 320 frames (up to 319s, folder 11)
  Saved 330 frames (up to 329s, folder 11)
  Saved 340 frames (up to 339s, folder 12)
  Saved 350 frames (up to 349s, folder 12)
  Saved 360 frames (up to 359s, folder 12)
  Saved 370 frames (up to 369s, folder 13)
  Saved 380 frames (up to 379s, folder 13)
  Saved 390 frames (up to 389s, folder 13)
  Saved 400 frames (up to 399s, folder 14)
  Saved 410 frames (up to 409s, folder 14)
  Saved 420 frames (up to 419s, folder 14)
  Saved 430 frames (up to 429s, folder 15)
  Saved 440 frames (up to 439s, folder 15)
  Saved 450 frames (up to 449s, folder 15)
  Saved 460 frames (up to 459s, folder 16)
  Saved 470 frames (up to 469s, folder 16)
  Saved 480 frames (up to 479s, folder 16)
  Saved 490 frames (up to 489s, folder 17)
  Saved 500 frames (up to 499s, folder 17)
  Saved 510 frames (up to 509s, folder 17)
  Saved 520 frames (up to 519s, folder 18)
  Saved 530 frames (up to 529s, folder 18)
  Saved 540 frames (up to 539s, folder 18)
  Saved 550 frames (up to 549s, folder 19)
  Saved 560 frames (up to 559s, folder 19)
  Saved 570 frames (up to 569s, folder 19)
  Saved 580 frames (up to 579s, folder 20)
  Saved 590 frames (up to 589s, folder 20)
  Saved 600 frames (up to 599s, folder 20)
  Saved 610 frames (up to 609s, folder 21)
  Saved 620 frames (up to 619s, folder 21)
  Saved 630 frames (up to 629s, folder 21)
  Saved 640 frames (up to 639s, folder 22)
  Saved 650 frames (up to 649s, folder 22)
  Saved 660 frames (up to 659s, folder 22)
  Saved 670 frames (up to 669s, folder 23)
  Saved 680 frames (up to 679s, folder 23)
  Saved 690 frames (up to 689s, folder 23)
  Saved 700 frames (up to 699s, folder 24)
  Saved 710 frames (up to 709s, folder 24)
  Saved 720 frames (up to 719s, folder 24)
  Saved 730 frames (up to 729s, folder 25)
  Saved 740 frames (up to 739s, folder 25)
  Saved 750 frames (up to 749s, folder 25)
  Saved 760 frames (up to 759s, folder 26)
  Saved 770 frames (up to 769s, folder 26)
  Saved 780 frames (up to 779s, folder 26)
  Saved 790 frames (up to 789s, folder 27)
  Saved 800 frames (up to 799s, folder 27)
  Saved 810 frames (up to 809s, folder 27)
  Saved 820 frames (up to 819s, folder 28)
  Saved 830 frames (up to 829s, folder 28)
  Saved 840 frames (up to 839s, folder 28)
  Saved 850 frames (up to 849s, folder 29)
  Saved 860 frames (up to 859s, folder 29)
  Saved 870 frames (up to 869s, folder 29)
  Saved 880 frames (up to 879s, folder 30)
  Saved 890 frames (up to 889s, folder 30)
  Saved 900 frames (up to 899s, folder 30)
  Saved 910 frames (up to 909s, folder 31)
  Saved 920 frames (up to 919s, folder 31)
  Saved 930 frames (up to 929s, folder 31)
  Saved 940 frames (up to 939s, folder 32)
  Saved 950 frames (up to 949s, folder 32)
  Saved 960 frames (up to 959s, folder 32)
  Saved 970 frames (up to 969s, folder 33)
  Saved 980 frames (up to 979s, folder 33)
  Saved 990 frames (up to 989s, folder 33)
  Saved 1000 frames (up to 999s, folder 34)
  Saved 1010 frames (up to 1009s, folder 34)
  Saved 1020 frames (up to 1019s, folder 34)
  Saved 1030 frames (up to 1029s, folder 35)
  Saved 1040 frames (up to 1039s, folder 35)
  Saved 1050 frames (up to 1049s, folder 35)
  Saved 1060 frames (up to 1059s, folder 36)
  Saved 1070 frames (up to 1069s, folder 36)
  Saved 1080 frames (up to 1079s, folder 36)
  Saved 1090 frames (up to 1089s, folder 37)
  Saved 1100 frames (up to 1099s, folder 37)
  Saved 1110 frames (up to 1109s, folder 37)
  Saved 1120 frames (up to 1119s, folder 38)
  Saved 1130 frames (up to 1129s, folder 38)
  Saved 1140 frames (up to 1139s, folder 38)
  Saved 1150 frames (up to 1149s, folder 39)
  Saved 1160 frames (up to 1159s, folder 39)
  Saved 1170 frames (up to 1169s, folder 39)
  Saved 1180 frames (up to 1179s, folder 40)
  Saved 1190 frames (up to 1189s, folder 40)
  Saved 1200 frames (up to 1199s, folder 40)
  Saved 1210 frames (up to 1209s, folder 41)
  Saved 1220 frames (up to 1219s, folder 41)
  Saved 1230 frames (up to 1229s, folder 41)
  Saved 1240 frames (up to 1239s, folder 42)
  Saved 1250 frames (up to 1249s, folder 42)
  Saved 1260 frames (up to 1259s, folder 42)
  Saved 1270 frames (up to 1269s, folder 43)
  Saved 1280 frames (up to 1279s, folder 43)
  Saved 1290 frames (up to 1289s, folder 43)
  Saved 1300 frames (up to 1299s, folder 44)
  Saved 1310 frames (up to 1309s, folder 44)
  Saved 1320 frames (up to 1319s, folder 44)
  Saved 1330 frames (up to 1329s, folder 45)
  Saved 1340 frames (up to 1339s, folder 45)
  Saved 1350 frames (up to 1349s, folder 45)
  Saved 1360 frames (up to 1359s, folder 46)
  Saved 1370 frames (up to 1369s, folder 46)
  Saved 1380 frames (up to 1379s, folder 46)
  Saved 1390 frames (up to 1389s, folder 47)
  Saved 1400 frames (up to 1399s, folder 47)
  Saved 1410 frames (up to 1409s, folder 47)
  Saved 1420 frames (up to 1419s, folder 48)
  Saved 1430 frames (up to 1429s, folder 48)
  Saved 1440 frames (up to 1439s, folder 48)
  Saved 1450 frames (up to 1449s, folder 49)
  Saved 1460 frames (up to 1459s, folder 49)
  Saved 1470 frames (up to 1469s, folder 49)
  Saved 1480 frames (up to 1479s, folder 50)
  Saved 1490 frames (up to 1489s, folder 50)
  Saved 1500 frames (up to 1499s, folder 50)
  Saved 1510 frames (up to 1509s, folder 51)
  Saved 1520 frames (up to 1519s, folder 51)
  Saved 1530 frames (up to 1529s, folder 51)
  Saved 1540 frames (up to 1539s, folder 52)
  Saved 1550 frames (up to 1549s, folder 52)
  Saved 1560 frames (up to 1559s, folder 52)
  Saved 1570 frames (up to 1569s, folder 53)
  Saved 1580 frames (up to 1579s, folder 53)
  Saved 1590 frames (up to 1589s, folder 53)
  Saved 1600 frames (up to 1599s, folder 54)
  Saved 1610 frames (up to 1609s, folder 54)
  Saved 1620 frames (up to 1619s, folder 54)
  Saved 1630 frames (up to 1629s, folder 55)
  Saved 1640 frames (up to 1639s, folder 55)
  Saved 1650 frames (up to 1649s, folder 55)
  Saved 1660 frames (up to 1659s, folder 56)
  Saved 1670 frames (up to 1669s, folder 56)
  Saved 1680 frames (up to 1679s, folder 56)
  Saved 1690 frames (up to 1689s, folder 57)
  Saved 1700 frames (up to 1699s, folder 57)
  Saved 1710 frames (up to 1709s, folder 57)
  Saved 1720 frames (up to 1719s, folder 58)
  Saved 1730 frames (up to 1729s, folder 58)
  Saved 1740 frames (up to 1739s, folder 58)
  Saved 1750 frames (up to 1749s, folder 59)
  Saved 1760 frames (up to 1759s, folder 59)
  Saved 1770 frames (up to 1769s, folder 59)
  Saved 1780 frames (up to 1779s, folder 60)
  Saved 1790 frames (up to 1789s, folder 60)
  Saved 1800 frames (up to 1799s, folder 60)
  Saved 1810 frames (up to 1809s, folder 61)
  Saved 1820 frames (up to 1819s, folder 61)
  Saved 1830 frames (up to 1829s, folder 61)
  Saved 1840 frames (up to 1839s, folder 62)
  Saved 1850 frames (up to 1849s, folder 62)
  Saved 1860 frames (up to 1859s, folder 62)
  Saved 1870 frames (up to 1869s, folder 63)
  Saved 1880 frames (up to 1879s, folder 63)
  Saved 1890 frames (up to 1889s, folder 63)
  Saved 1900 frames (up to 1899s, folder 64)
  Saved 1910 frames (up to 1909s, folder 64)
  Saved 1920 frames (up to 1919s, folder 64)
  Saved 1930 frames (up to 1929s, folder 65)
  Saved 1940 frames (up to 1939s, folder 65)
  Saved 1950 frames (up to 1949s, folder 65)
  Saved 1960 frames (up to 1959s, folder 66)
  Saved 1970 frames (up to 1969s, folder 66)
  Saved 1980 frames (up to 1979s, folder 66)
  Saved 1990 frames (up to 1989s, folder 67)
  Saved 2000 frames (up to 1999s, folder 67)
  Saved 2010 frames (up to 2009s, folder 67)
  Saved 2020 frames (up to 2019s, folder 68)
  Saved 2030 frames (up to 2029s, folder 68)
  Saved 2040 frames (up to 2039s, folder 68)
  Saved 2050 frames (up to 2049s, folder 69)
  Saved 2060 frames (up to 2059s, folder 69)
  Saved 2070 frames (up to 2069s, folder 69)
  Saved 2080 frames (up to 2079s, folder 70)

✓ Extracted 2088 frames to data/frames/kitchen_06

✓ Successfully processed kitchen_06: 2088 frames saved
--------------------------------
Processing folder:  data/frames/kitchen_06/1
Inserted 23 triples into graph for clip 1
--------------------------------
Processing folder:  data/frames/kitchen_06/2
Inserted 21 triples into graph for clip 2
--------------------------------
Processing folder:  data/frames/kitchen_06/3
Inserted 16 triples into graph for clip 3
--------------------------------
Processing folder:  data/frames/kitchen_06/4
Inserted 26 triples into graph for clip 4
--------------------------------
Processing folder:  data/frames/kitchen_06/5
Inserted 16 triples into graph for clip 5
--------------------------------
Processing folder:  data/frames/kitchen_06/6
Inserted 20 triples into graph for clip 6
--------------------------------
Processing folder:  data/frames/kitchen_06/7
Inserted 15 triples into graph for clip 7
--------------------------------
Processing folder:  data/frames/kitchen_06/8
Inserted 21 triples into graph for clip 8
--------------------------------
Processing folder:  data/frames/kitchen_06/9
Inserted 20 triples into graph for clip 9
--------------------------------
Processing folder:  data/frames/kitchen_06/10
Inserted 22 triples into graph for clip 10
--------------------------------
Processing folder:  data/frames/kitchen_06/11
Inserted 17 triples into graph for clip 11
--------------------------------
Processing folder:  data/frames/kitchen_06/12
Inserted 18 triples into graph for clip 12
--------------------------------
Processing folder:  data/frames/kitchen_06/13
Inserted 19 triples into graph for clip 13
--------------------------------
Processing folder:  data/frames/kitchen_06/14
Inserted 32 triples into graph for clip 14
--------------------------------
Processing folder:  data/frames/kitchen_06/15
Inserted 19 triples into graph for clip 15
--------------------------------
Processing folder:  data/frames/kitchen_06/16
Inserted 22 triples into graph for clip 16
--------------------------------
Processing folder:  data/frames/kitchen_06/17
Inserted 15 triples into graph for clip 17
--------------------------------
Processing folder:  data/frames/kitchen_06/18
Inserted 24 triples into graph for clip 18
--------------------------------
Processing folder:  data/frames/kitchen_06/19
Inserted 23 triples into graph for clip 19
--------------------------------
Processing folder:  data/frames/kitchen_06/20
Inserted 21 triples into graph for clip 20
--------------------------------
Processing folder:  data/frames/kitchen_06/21
Inserted 18 triples into graph for clip 21
--------------------------------
Processing folder:  data/frames/kitchen_06/22
Inserted 33 triples into graph for clip 22
--------------------------------
Processing folder:  data/frames/kitchen_06/23
Inserted 32 triples into graph for clip 23
--------------------------------
Processing folder:  data/frames/kitchen_06/24
Inserted 17 triples into graph for clip 24
--------------------------------
Processing folder:  data/frames/kitchen_06/25
Inserted 35 triples into graph for clip 25
--------------------------------
Processing folder:  data/frames/kitchen_06/26
Inserted 27 triples into graph for clip 26
--------------------------------
Processing folder:  data/frames/kitchen_06/27
Inserted 16 triples into graph for clip 27
--------------------------------
Processing folder:  data/frames/kitchen_06/28
Inserted 16 triples into graph for clip 28
--------------------------------
Processing folder:  data/frames/kitchen_06/29
Inserted 18 triples into graph for clip 29
--------------------------------
Processing folder:  data/frames/kitchen_06/30
Inserted 17 triples into graph for clip 30
--------------------------------
Processing folder:  data/frames/kitchen_06/31
Inserted 20 triples into graph for clip 31
--------------------------------
Processing folder:  data/frames/kitchen_06/32
Inserted 20 triples into graph for clip 32
--------------------------------
Processing folder:  data/frames/kitchen_06/33
Inserted 32 triples into graph for clip 33
--------------------------------
Processing folder:  data/frames/kitchen_06/34
Inserted 17 triples into graph for clip 34
--------------------------------
Processing folder:  data/frames/kitchen_06/35
Inserted 14 triples into graph for clip 35
--------------------------------
Processing folder:  data/frames/kitchen_06/36
Inserted 18 triples into graph for clip 36
--------------------------------
Processing folder:  data/frames/kitchen_06/37
Inserted 20 triples into graph for clip 37
--------------------------------
Processing folder:  data/frames/kitchen_06/38
Inserted 22 triples into graph for clip 38
--------------------------------
Processing folder:  data/frames/kitchen_06/39
Inserted 13 triples into graph for clip 39
--------------------------------
Processing folder:  data/frames/kitchen_06/40
Inserted 11 triples into graph for clip 40
--------------------------------
Processing folder:  data/frames/kitchen_06/41
Inserted 19 triples into graph for clip 41
--------------------------------
Processing folder:  data/frames/kitchen_06/42
Inserted 29 triples into graph for clip 42
--------------------------------
Processing folder:  data/frames/kitchen_06/43
Inserted 14 triples into graph for clip 43
--------------------------------
Processing folder:  data/frames/kitchen_06/44
Inserted 23 triples into graph for clip 44
--------------------------------
Processing folder:  data/frames/kitchen_06/45
Inserted 18 triples into graph for clip 45
--------------------------------
Processing folder:  data/frames/kitchen_06/46
Inserted 24 triples into graph for clip 46
--------------------------------
Processing folder:  data/frames/kitchen_06/47
Extracting summary for completed conversation 1...
✓ Conversation summary extracted. Attributes: 10, Relationships: 6
Inserted 29 triples into graph for clip 47
--------------------------------
Processing folder:  data/frames/kitchen_06/48
Inserted 24 triples into graph for clip 48
--------------------------------
Processing folder:  data/frames/kitchen_06/49
Inserted 19 triples into graph for clip 49
--------------------------------
Processing folder:  data/frames/kitchen_06/50
Inserted 23 triples into graph for clip 50
--------------------------------
Processing folder:  data/frames/kitchen_06/51
Inserted 16 triples into graph for clip 51
--------------------------------
Processing folder:  data/frames/kitchen_06/52
Inserted 16 triples into graph for clip 52
--------------------------------
Processing folder:  data/frames/kitchen_06/53
Inserted 16 triples into graph for clip 53
--------------------------------
Processing folder:  data/frames/kitchen_06/54
Inserted 22 triples into graph for clip 54
--------------------------------
Processing folder:  data/frames/kitchen_06/55
Inserted 25 triples into graph for clip 55
--------------------------------
Processing folder:  data/frames/kitchen_06/56
Inserted 22 triples into graph for clip 56
--------------------------------
Processing folder:  data/frames/kitchen_06/57
Inserted 35 triples into graph for clip 57
--------------------------------
Processing folder:  data/frames/kitchen_06/58
Inserted 21 triples into graph for clip 58
--------------------------------
Processing folder:  data/frames/kitchen_06/59
Inserted 26 triples into graph for clip 59
--------------------------------
Processing folder:  data/frames/kitchen_06/60
Inserted 19 triples into graph for clip 60
--------------------------------
Processing folder:  data/frames/kitchen_06/61
LLM call failed, retrying... Error: Error code: 400 - {'error': {'message': 'code: content_policy_violation; message: Image processing blocked due to content policy violation.', 'type': 'invalid_request_error', 'param': 'input', 'code': '-4315'}}
✗ Error processing folder data/frames/kitchen_06/61: Error code: 400 - {'error': {'message': 'code: content_policy_violation; message: Image processing blocked due to content policy violation.', 'type': 'invalid_request_error', 'param': 'input', 'code': '-4315'}}
Continuing to next folder...
--------------------------------
Processing folder:  data/frames/kitchen_06/62
Inserted 17 triples into graph for clip 62
--------------------------------
Processing folder:  data/frames/kitchen_06/63
Inserted 31 triples into graph for clip 63
--------------------------------
Processing folder:  data/frames/kitchen_06/64
Inserted 23 triples into graph for clip 64
--------------------------------
Processing folder:  data/frames/kitchen_06/65
Inserted 17 triples into graph for clip 65
--------------------------------
Processing folder:  data/frames/kitchen_06/66
Inserted 18 triples into graph for clip 66
--------------------------------
Processing folder:  data/frames/kitchen_06/67
Inserted 28 triples into graph for clip 67
--------------------------------
Processing folder:  data/frames/kitchen_06/68
Inserted 37 triples into graph for clip 68
--------------------------------
Processing folder:  data/frames/kitchen_06/69
Inserted 17 triples into graph for clip 69
--------------------------------
Processing folder:  data/frames/kitchen_06/70
Inserted 16 triples into graph for clip 70
Extracting summary for final conversation 2...
Warning: Character '<Curry's mother>' not found in graph, skipping relationship
✓ Final conversation summary extracted. Attributes: 7, Relationships: 6
Inserting character appearances for 5 characters...
Warning: Character '<<Caine)>' not found in graph, skipping appearance
✓ Character appearances inserted: 21 appearance edges created
313 node embeddings inserted (4 characters, 309 objects)
1501 edge embeddings inserted
Generating character attributes...
Number of edges:  1501
Character attributes generated.
Number of edges:  1546
Character relationships generated.
Number of edges:  1577
✓ Graph memory built for kitchen_06
Question: Where should the robot put the flour?

[Step 1] Searching the graph...
Parse Query Output:
{
  "query_triple": ["<robot>", "should put", "flour", 0.9, 0.3, 0.8],
  "spatial_constraint": null,
  "speaker_strict": null,
  "allocation": {
    "k_high_level": 5,
    "k_low_level": 30,
    "k_conversations": 15,
    "total_k": 50,
    "reasoning": "Seeking the correct location for placing flour: use low-level edges to find actions/locations involving flour placement or storage; include some conversations for instructions; minimal high-level edges for any general rules or roles."
  }
}

Graph Search Results:
**High-Level Information (Character Attributes and Relationships): **

Character Relationships:
- robot cooperates with Curry (90)
- robot assistant to Curry (86)
- Curry directs/coordinates robot (72)
- robot has lower situational authority than Curry (70)
- Curry shows trust toward robot (68)

**Low-Level Information (Actions and Events): **

[5] Curry takes from robot. (kitchen)
[9] robot holds in right hand bag of flour. (kitchen)
[9] robot places into flour bag. (kitchen)
[14] robot shows Curry. (kitchen and dining area)
[16] robot takes small white bowl. (kitchen)
[16] robot hands Curry. (kitchen)
[16] robot hands bowl. (kitchen)
[20] robot hands Curry. (kitchen)
[20] robot hands foil-wrapped cocoa powder. (kitchen)
[20] cocoa powder is from robot. (kitchen)
[22] robot pans down to bowl. (kitchen)
[22] robot picks up spoon. (kitchen)
[22] robot scrubs spoon. (kitchen)
[22] robot finishes cleaning spoon. (kitchen)
[22] robot sets down spoon. (kitchen)
[25] robot places beside melted butter bowl. (kitchen)
[25] robot pours into melted butter. (kitchen)
[25] robot returns view to kitchen. (kitchen)
[27] robot hands Curry. (kitchen)
[38] Curry calls to robot. (kitchen)
[47] robot places brown squeeze bottle. (kitchen)
[47] robot shows Curry. (kitchen)
[47] robot looks back toward Curry. (kitchen)
[47] robot picks up bag of white sugar. (kitchen)
[48] robot holds over packet labeled white sugar. (kitchen and living room)
[48] robot inspects sugar packet. (kitchen and living room)
[48] robot places into sugar packet. (kitchen and living room)
[48] robot picks up cloth. (kitchen and living room)
[48] robot clips onto cloth. (kitchen and living room)
[67] robot carries from kitchen. (kitchen dining area)

**Conversations: **

Conversation 1: Caine leads Curry and David through making chocolate biscuits using a saved phone recipe, assigning tasks like measuring ingredients, melting butter, and preparing molds while emphasizing kitchen organization and cleaning. Curry learns the process and participates in measuring, mixing, and shaping, expressing enjoyment. David assists by fetching tools and ingredients and helping with cleanup. The group completes baking the biscuits and tidying the kitchen.
[3] Caine: Curry
[3] Caine: you need to
[3] Caine: you need to take out the flour from the
[3] Caine: upper cabinet
[3] Curry: okay
[4] Caine: thank you
[4] Caine: it's better to weigh the flour first
[4] Caine: before we start making cookies
[4] Caine: but if we want to weigh something
[5] Caine: you can give the measuring glass to Curry
[5] Curry: thanks
[5] Caine: pour the flour into the measuring glass
[5] Caine: to the suitable place
[6] Caine: oh it seems that you pour a little bit more
[6] Caine: oh it doesn't matter
[6] Caine: I will help you
[6] Caine: I will use the spoon to take some flour out of it
[6] Caine: it's okay
[7] Caine: next time when you wear the flower
[7] Caine: you can be more careful
[7] Caine: so that the flour won't be too much
[7] Curry: yeah I will
[7] Caine: yeah that's right
[7] Caine: then Curry you need to pour the flour into the big bowl
[8] Caine: since we have dealt with the flour
[8] Caine: we need to put the flour
[8] Caine: back to its original place right
[8] Curry: yes
[8] Caine: help us put the flour to its original place
[8] David: got it
[9] Caine: well done
[12] Caine: okay
[12] Caine: now Curry pour the white sugar into the measuring glass
[12] Caine: and to make sure you pour them to the suitable place
[12] Caine: don't worry take your time
[13] Caine: great job
[13] Caine: I mean David
[13] Caine: come here and help us pour the white sugar into our big bowl
[13] David: yes got it
[13] Caine: I need to check my recipe again
[20] Caine: remember the suitable place
[21] Curry: oh done
[21] Caine: then pour the cocoa powder into a big bowl
[21] Caine: so that you can mix them
[21] Caine: now
[21] Caine: David
[21] Caine: come here and clean the measuring glass
[22] Caine: put the remaining cocoa powder into its original place
[23] Caine: so our oven is done
[23] Caine: and our butter is done too
[29] Caine: we need to
[29] Caine: we need to take the biscuit mold
[29] Caine: and to put the cookie dough to the biscuit mold
[29] Curry: so do we need a biscuit mold
[29] Caine: yes absolutely
[36] Caine: but I can handle it
[36] Caine: one piece of paper is okay
[36] Caine: put the biscuit mold into the bake
[37] Caine: good job
[37] Caine: now I need to preheat the oven

[Step 2] Evaluating semantic answer...
Action: [Answer]
Content: Back to its original place.
FINAL ANSWER (from graph):
Back to its original place.
Question: Does Caine do things carefully?

[Step 1] Searching the graph...
Parse Query Output:
{
  "query_triple": ["<Caine>", "careful", null, 0.95, 0.6, 0.2],
  "spatial_constraint": null,
  "speaker_strict": null,
  "allocation": {
    "k_high_level": 9,
    "k_low_level": 12,
    "k_conversations": 29,
    "total_k": 50,
    "reasoning": "Trait/behavior query about carefulness; use high-level edges for character attribute, conversations for evidence and context, and some low-level edges to check specific careful actions."
  }
}

Graph Search Results:
**High-Level Information (Character Attributes and Relationships): **

Character Attributes:
- Caine is: male (100), medium height (100), light green jacket (100), no glasses visible (100), short dark hair (100), white T-shirt (100), instructive/teacherly (95), safety- and cleanliness-minded (90)

Character Relationships:
- Curry respects Caine (90)

**Low-Level Information (Actions and Events): **

[2] Curry observes Caine. (kitchen)
[7] Caine observes Curry. (kitchen)
[11] Caine observes cooking. (kitchen)
[17] Caine leans closer to observe pan. (kitchen)
[32] Caine observes pan. (kitchen)
[33] Caine prepares ingredient. (kitchen)
[42] Caine prepares food. (kitchen)
[56] Caine observes Curry. (kitchen)
[58] Curry watches closely beside Caine. (kitchen)
[58] Caine observes Curry. (kitchen)
[59] Caine observes closely decorating. (kitchen)
[63] Caine observes decorating. (kitchen dining area)

**Conversations: **

Conversation 1: Caine leads Curry and David through making chocolate biscuits using a saved phone recipe, assigning tasks like measuring ingredients, melting butter, and preparing molds while emphasizing kitchen organization and cleaning. Curry learns the process and participates in measuring, mixing, and shaping, expressing enjoyment. David assists by fetching tools and ingredients and helping with cleanup. The group completes baking the biscuits and tidying the kitchen.
[6] Caine: it's okay
[7] Caine: next time when you wear the flower
[7] Caine: you can be more careful
[7] Caine: so that the flour won't be too much
[7] Curry: yeah I will
[10] Caine: Let me check my recipe.
[10] Curry: So what's in it?
[11] Caine: hmm
[11] Caine: next you need to take out the white sugar
[11] Caine: from the seasoning rack
[11] Caine: that is the ingredients that do not need freezing
[11] Caine: are all on the recent are all on the seasoning rack
[12] Caine: okay
[12] Caine: now Curry pour the white sugar into the measuring glass
[12] Caine: and to make sure you pour them to the suitable place
[12] Caine: don't worry take your time
[13] Caine: great job
[13] Caine: I mean David
[13] Caine: come here and help us pour the white sugar into our big bowl
[18] Caine: put the butter into the oven to melt them
[18] Caine: you can set the
[18] Caine: time
[18] Caine: like this
[18] Caine: and let's wait for a moment
[18] Caine: so that we can have the melted butter
[19] Curry: yeah yes
[19] Curry: could you fetch some cocoa powder for me
[20] Caine: excellent
[20] Caine: now Curry
[20] Caine: pour the cocoa powder into the measuring glass
[20] Caine: remember the suitable place
[21] Curry: oh done
[21] Caine: then pour the cocoa powder into a big bowl
[21] Caine: so that you can mix them
[21] Caine: now
[21] Caine: David
[21] Caine: come here and clean the measuring glass
[23] Caine: can be smelled right
[23] Curry: yeah and I'm sure it must be very delicious this time
[24] Caine: yes
[24] Caine: so
[24] Caine: maybe we can ask our David to take it out
[24] Caine: help us take out the butter from the oven
[25] Caine: so Curry what should we do next
[25] Caine: should we stir the ingredients in the big bowl
[26] Caine: yes right
[26] Caine: but if we need to stir something
[26] Caine: we must need a mixing spoon
[26] Caine: right
[26] Caine: how about asking our David
[26] Caine: to give us a mixing spoon
[27] Curry: yes I have no strength
[27] Caine: let me help you
[27] Caine: actually
[28] Caine: I won't be tired if you can be happy every day.
[28] Curry: Thank you father.
[29] Caine: and to put the cookie dough to the biscuit mold
[29] Curry: so do we need a biscuit mold
[29] Caine: yes absolutely
[29] Caine: help us take out the biscuit mold
[30] Caine: great, thank you
[30] Caine: and before we using the biscuit mold
[30] Caine: we need to divide the mixture into small pieces
[31] Caine: just like this
[31] Caine: just like the small pieces
[31] Caine: that's right
[31] Caine: add the small pieces
[31] Caine: onto the biscuit mold
[32] Caine: is it
[32] Caine: you can do it on your own
[32] Caine: and I will do it together
[34] Caine: bake
[34] Caine: and some paper
[34] Caine: first
[34] Curry: maybe later
[34] Caine: but first I need to clean my hands because just now
[35] Caine: and my hands become dirty
[35] Caine: now it's okay
[36] Caine: it's a little bit difficult
[36] Caine: to make it out
[36] Caine: but I can handle it
[36] Caine: one piece of paper is okay
[36] Caine: put the biscuit mold into the bake
[37] Caine: good job
[37] Caine: now I need to preheat the oven
[37] Caine: so that later we can bake our biscuits

Conversation 2: Caine, Curry, and David collaborate to bake, cool, decorate, and package biscuits as a gift for Curry’s mother. They decide to use chocolate jam, forks for designs, chopped nuts, and powdered sugar, then place the biscuits in a small gift box with a silk ribbon. The outcome is a decorated assortment of cookies prepared as a surprise present.
[48] Caine: okay
[48] Caine: now I will take out the biscuits from the oven
[49] Caine: so the biscuits
[50] David: got it
[50] Caine: thank you
[51] Caine: now
[51] Caine: the biscuits are already cooled down
[51] Caine: try one
[52] Caine: to decorate the biscuit
[52] Curry: sure
[53] Caine: so
[53] Caine: can you ask our David to fetch the chocolate jam first
[53] Curry: yes David
[54] Caine: to make some beautiful pictures
[54] Caine: on the biscuits
[54] Caine: just like this
[54] Curry: it seems it's a little crowded
[54] Curry: maybe we can switch the place to the table
[58] Curry: it's so cool let me try
[58] Curry: let me try
[58] Caine: you try
[59] Curry: first eyes
[59] Curry: then
[59] Curry: mouth
[59] Curry: wow
[59] Caine: wonderful
[59] Curry: oh thanks
[59] Caine: you are good at making some beautiful patterns
[60] Caine: delicious
[60] Curry: maybe we can add some chopped nuts
[60] Caine: yes
[60] Caine: I think the chocolate only will make it a little bit monotonous
[60] Curry: yeah it will taste better with uh chopped nuts
[67] Caine: I will make the biscuits into the small gift box
[67] Curry: it will be a surprise for for mother
[68] Caine: yes I think so
[68] Curry: it will be a very good idea
[68] Curry: oh I got an idea
[68] Curry: maybe I can pack you with a with a bowknot
[68] Caine: yes of course
[68] Curry: so uh maybe I think I I need a super silk ribbon
[68] Curry: could you fetch a piece of a silk ribbon for me

[Step 2] Evaluating semantic answer...
Action: [Answer]
Content: Yes, Caine does things carefully.
FINAL ANSWER (from graph):
Yes, Caine does things carefully.
Question: How many things are used to improve the cooked biscuits?

[Step 1] Searching the graph...
Parse Query Output:
{
  "query_triple": ["null", "used to improve", "cooked biscuits", 0.1, 0.25, 0.7],
  "spatial_constraint": null,
  "speaker_strict": null,
  "allocation": {
    "k_high_level": 4,
    "k_low_level": 40,
    "k_conversations": 6,
    "total_k": 50,
    "reasoning": "Counting items that are applied to or used with cooked biscuits is an action/state query; prioritize low-level edges capturing objects used on the biscuits. Minimal need for high-level traits; small conversation budget in case narration states the count."
  }
}

Graph Search Results:
**High-Level Information (Character Attributes and Relationships): **

Character Relationships:
- Caine collaborates with Curry (90)
- Curry collaborates with David (90)
- Caine mentor/teacher to Curry (88)
- Caine parent of Curry (92)

**Low-Level Information (Actions and Events): **

[31] biscuit mold is on counter. (kitchen)
[37] Caine will bake biscuit. (kitchen)
[38] Caine proposes to poke hole in biscuit. (kitchen)
[44] Caine suggests waiting for biscuit. (kitchen)
[44] Curry proposes drawing on biscuit. (kitchen)
[45] Caine announces biscuits are done. (kitchen)
[51] Caine hands biscuit. (kitchen)
[51] biscuit is toward Curry. (kitchen)
[51] Curry takes biscuit. (kitchen)
[51] biscuit is from Caine. (kitchen)
[51] Curry eats biscuit. (kitchen)
[51] Curry tastes biscuit. (kitchen)
[52] Curry holds near mouth biscuit. (kitchen)
[52] biscuit is near <Curry>'s mouth. (kitchen)
[52] Caine points toward biscuit. (kitchen)
[52] biscuit is on counter. (kitchen)
[52] Curry eats biscuit. (kitchen)
[52] Caine suggests decorating biscuit. (kitchen)
[54] Curry starts spooning onto biscuit. (kitchen)
[56] Curry looks at plate of biscuit. (kitchen)
[56] squeeze bottle is near biscuit. (kitchen)
[56] Caine squeezes toward biscuit. (kitchen)
[58] Caine stands beside plate of biscuit. (kitchen)
[58] Caine squeezes cream onto biscuit. (kitchen)
[58] Caine spreads cream on biscuit. (kitchen)
[58] Caine works on biscuit. (kitchen)
[58] Curry squeezes cream onto biscuit. (kitchen)
[58] Curry spreads cream on biscuit. (kitchen)
[62] chopped nut is on biscuit. (kitchen)
[65] Caine handles item for making biscuit. (kitchen dining area)
[65] Caine instructs to add onto biscuit. (kitchen dining area)
[65] sugar is over biscuit. (kitchen dining area)
[65] Caine suggests leaving biscuit for family. (kitchen dining area)
[66] box is to package biscuit. (kitchen)
[67] sauce is onto biscuit. (kitchen dining area)
[67] biscuit is on plate. (kitchen dining area)
[67] Caine places biscuit. (kitchen dining area)
[67] biscuit is into small gift box. (kitchen dining area)
[67] sauce is to biscuit. (kitchen dining area)
[67] David looks at biscuit. (kitchen dining area)

**Conversations: **

Conversation 1: Caine leads Curry and David through making chocolate biscuits using a saved phone recipe, assigning tasks like measuring ingredients, melting butter, and preparing molds while emphasizing kitchen organization and cleaning. Curry learns the process and participates in measuring, mixing, and shaping, expressing enjoyment. David assists by fetching tools and ingredients and helping with cleanup. The group completes baking the biscuits and tidying the kitchen.
[29] Caine: we need to take the biscuit mold
[29] Caine: and to put the cookie dough to the biscuit mold
[29] Curry: so do we need a biscuit mold
[29] Caine: yes absolutely
[29] Caine: help us take out the biscuit mold

Conversation 2: Caine, Curry, and David collaborate to bake, cool, decorate, and package biscuits as a gift for Curry’s mother. They decide to use chocolate jam, forks for designs, chopped nuts, and powdered sugar, then place the biscuits in a small gift box with a silk ribbon. The outcome is a decorated assortment of cookies prepared as a surprise present.
[52] Caine: so you keep the natural ingredients taste
[52] Caine: later maybe
[52] Caine: we can add some decorations to the biscuits
[52] Caine: how about using some jam
[52] Caine: to decorate the biscuit
[52] Curry: sure
[53] Caine: so
[60] Curry: chopped nuts uh chopped nuts for us
[62] Curry: so this time add some
[62] Curry: chopped nuts on the biscuits
[62] Curry: oh
[62] Caine: doesn't matter
[63] Caine: I have an idea
[63] Caine: that is
[63] Caine: how about adding some powdered sugar onto the biscuit
[64] Curry: very good
[64] Caine: can you give us the
[64] Caine: box of powdered sugar
[64] Caine: thank you very much
[65] Caine: now we add some white sugar onto the biscuit
[65] Caine: and how about leaving some biscuits
[65] Caine: for our family

[Step 2] Evaluating semantic answer...
Action: [Answer]
Content: Three things: chocolate jam, chopped nuts, and powdered sugar.
FINAL ANSWER (from graph):
Three things: chocolate jam, chopped nuts, and powdered sugar.
Question: Does Caine care about hygeine?

[Step 1] Searching the graph...
Parse Query Output:
{
  "query_triple": ["<Caine>", "cares about", "hygiene", 0.95, 0.3, 0.6],
  "spatial_constraint": null,
  "speaker_strict": null,
  "allocation": {
    "k_high_level": 9,
    "k_low_level": 11,
    "k_conversations": 30,
    "total_k": 50,
    "reasoning": "Trait/attitude query about a character; use high-level edges for character attributes, conversations for evidence of caring or statements, and some low-level edges for actions indicating hygiene behavior."
  }
}

Graph Search Results:
**High-Level Information (Character Attributes and Relationships): **

Character Relationships:
- Curry respects Caine (90)
- Caine collaborates with Curry (90)
- Curry trusts Caine (90)
- Caine parent of Curry (92)
- Caine delegates tasks to David (95)
- Caine mentor/teacher to Curry (88)
- Caine guides/teaches Curry (85)
- David supports Caine (82)
- Caine is parent of Curry (95)

**Low-Level Information (Actions and Events): **

[9] Caine says it needs to be cleaned first. (kitchen)
[11] Caine observes cooking. (kitchen)
[21] Caine watches preparation. (kitchen)
[25] Caine watches preparation. (kitchen)
[26] Caine looks at utensil. (kitchen)
[26] Caine focuses on ingredient. (kitchen)
[27] Caine looks toward kitchen. (kitchen)
[32] Caine watches food. (kitchen)
[42] Caine prepares food. (kitchen)
[46] Caine looks at cookware. (kitchen)
[46] Caine inspects food. (kitchen)

**Conversations: **

Conversation 1: Caine leads Curry and David through making chocolate biscuits using a saved phone recipe, assigning tasks like measuring ingredients, melting butter, and preparing molds while emphasizing kitchen organization and cleaning. Curry learns the process and participates in measuring, mixing, and shaping, expressing enjoyment. David assists by fetching tools and ingredients and helping with cleanup. The group completes baking the biscuits and tidying the kitchen.
[6] Caine: oh it seems that you pour a little bit more
[6] Curry: yes oh too much
[6] Caine: oh it doesn't matter
[6] Caine: I will help you
[6] Caine: I will use the spoon to take some flour out of it
[9] Caine: well done
[9] Caine: since we have just used the measuring glass
[9] Caine: we need to clean it first right
[9] Caine: so I will tidy it up
[9] Caine: and then we can weigh something else
[10] Caine: I need to use the dust cloth to make it dry.
[10] Caine: Let me check my recipe.
[10] Curry: So what's in it?
[11] Caine: hmm
[11] Caine: next you need to take out the white sugar
[11] Caine: from the seasoning rack
[11] Caine: that is the ingredients that do not need freezing
[11] Caine: are all on the recent are all on the seasoning rack
[12] Caine: okay
[12] Caine: now Curry pour the white sugar into the measuring glass
[12] Caine: and to make sure you pour them to the suitable place
[19] Curry: yeah yes
[19] Curry: could you fetch some cocoa powder for me
[20] Caine: excellent
[20] Caine: now Curry
[20] Caine: pour the cocoa powder into the measuring glass
[23] Caine: so our oven is done
[23] Caine: and our butter is done too
[23] Caine: a smell is
[23] Caine: can be smelled right
[23] Curry: yeah and I'm sure it must be very delicious this time
[24] Caine: yes
[24] Caine: so
[24] Caine: maybe we can ask our David to take it out
[24] Caine: help us take out the butter from the oven
[25] Caine: so Curry what should we do next
[25] Caine: should we stir the ingredients in the big bowl
[26] Caine: yes right
[26] Caine: but if we need to stir something
[26] Caine: we must need a mixing spoon
[26] Caine: right
[26] Caine: how about asking our David
[26] Caine: to give us a mixing spoon
[27] Curry: yes I have no strength
[27] Caine: let me help you
[27] Caine: actually
[28] Caine: I won't be tired if you can be happy every day.
[28] Curry: Thank you father.
[29] Caine: and to put the cookie dough to the biscuit mold
[29] Curry: so do we need a biscuit mold
[29] Caine: yes absolutely
[29] Caine: help us take out the biscuit mold
[30] Caine: great, thank you
[31] Caine: add the small pieces
[31] Caine: onto the biscuit mold
[32] Caine: is it
[32] Caine: you can do it on your own
[32] Caine: and I will do it together
[34] Caine: first
[34] Curry: maybe later
[34] Caine: but first I need to clean my hands because just now
[35] Caine: I touch some mixture
[35] Caine: and my hands become dirty
[35] Caine: now it's okay
[36] Caine: it's a little bit difficult
[37] Caine: so that later we can bake our biscuits
[37] Caine: maybe a bit boring when we waiting for the oven right
[38] Caine: so how about
[38] Caine: using some folks to pork some holes in the biscuits
[38] Curry: could you fetch some folks for us
[44] Caine: a few minutes so that we can take out the biscuits
[44] Curry: yeah make smile face on the on the biscuit
[44] Caine: maybe we can clean our tools
[44] Caine: when we are waiting for it
[44] Caine: Curry let's clean this bowl
[45] Caine: biscuits are done
[46] Caine: now I'll check them out
[46] Caine: it doesn't matter
[46] Curry: hmm just an accident
[46] Caine: it looks tasty

Conversation 2: Caine, Curry, and David collaborate to bake, cool, decorate, and package biscuits as a gift for Curry’s mother. They decide to use chocolate jam, forks for designs, chopped nuts, and powdered sugar, then place the biscuits in a small gift box with a silk ribbon. The outcome is a decorated assortment of cookies prepared as a surprise present.
[48] Caine: okay
[48] Caine: now I will take out the biscuits from the oven
[49] Caine: so the biscuits
[51] Caine: the biscuits are already cooled down
[51] Caine: try one
[51] Caine: delicious right
[51] Curry: hmm so good
[51] Caine: because it is the biscuits that you made on your own
[52] Caine: to decorate the biscuit
[52] Curry: sure
[53] Caine: so
[53] Caine: can you ask our David to fetch the chocolate jam first
[53] Curry: yes David
[59] Curry: mouth
[59] Curry: wow
[59] Caine: wonderful
[59] Curry: oh thanks
[59] Caine: you are good at making some beautiful patterns
[59] Curry: give a try
[60] Curry: hmm
[60] Caine: delicious
[60] Curry: maybe we can add some chopped nuts
[60] Caine: yes
[60] Caine: I think the chocolate only will make it a little bit monotonous
[60] Curry: yeah it will taste better with uh chopped nuts
[62] Curry: chopped nuts on the biscuits
[62] Curry: oh
[62] Caine: doesn't matter
[63] Curry: it needs some
[63] Curry: chocolate
[67] Caine: I will make the biscuits into the small gift box
[67] Curry: it will be a surprise for for mother
[68] Caine: yes I think so
[68] Curry: it will be a very good idea
[68] Curry: oh I got an idea
[68] Curry: maybe I can pack you with a with a bowknot
[68] Caine: yes of course
[68] Curry: so uh maybe I think I I need a super silk ribbon
[68] Curry: could you fetch a piece of a silk ribbon for me

[Step 2] Evaluating semantic answer...
Action: [Answer]
Content: Yes, Caine cares about hygiene, as he emphasizes cleaning tools, drying items, and washing hands during cooking.
FINAL ANSWER (from graph):
Yes, Caine cares about hygiene, as he emphasizes cleaning tools, drying items, and washing hands during cooking.
Question: Is Caine completely familiar with the procedures of making biscuits?

[Step 1] Searching the graph...
Parse Query Output:
{
  "query_triple": ["<Caine>", "familiar with procedures of making biscuits", null, 0.95, 0.3, 0.1],
  "spatial_constraint": null,
  "speaker_strict": null,
  "allocation": {
    "k_high_level": 9,
    "k_low_level": 11,
    "k_conversations": 30,
    "total_k": 50,
    "reasoning": "Knowledge/competence query about a character. Use high-level edges for traits/skills, conversations for evidence of expertise or statements, and a small portion of low-level edges to check demonstrated actions related to biscuit-making."
  }
}

Graph Search Results:
**High-Level Information (Character Attributes and Relationships): **

Character Attributes:
- Caine is: white T-shirt (100), medium height (100), short dark hair (100), male (100), no glasses visible (100), light green jacket (100), instructive/teacherly (95)

Character Relationships:
- Caine delegates tasks to David (95)
- Caine parent of Curry (92)

**Low-Level Information (Actions and Events): **

[11] Caine continues explaining kitchen rule Curry. (kitchen)
[19] Caine prepares item. (kitchen)
[20] Caine prepares ingredient. (kitchen)
[28] Caine cooks. (kitchen)
[33] Caine prepares ingredient. (kitchen)
[33] Caine prepares item. (kitchen)
[37] Caine will bake biscuit. (kitchen)
[42] Caine prepares food. (kitchen)
[42] Caine cooks. (kitchen)
[58] Caine squeezes cream onto biscuit. (kitchen)
[58] Caine spreads cream on biscuit. (kitchen)

**Conversations: **

Conversation 1: Caine leads Curry and David through making chocolate biscuits using a saved phone recipe, assigning tasks like measuring ingredients, melting butter, and preparing molds while emphasizing kitchen organization and cleaning. Curry learns the process and participates in measuring, mixing, and shaping, expressing enjoyment. David assists by fetching tools and ingredients and helping with cleanup. The group completes baking the biscuits and tidying the kitchen.
[1] Caine: what dessert did you want to eat today
[1] Curry: uh I want to eat chocolate biscuit
[1] Caine: chocolate biscuit
[1] Caine: do you know how to make chocolate biscuits
[1] Curry: no
[1] Caine: then today I'd like to teach you how to make them
[2] Caine: so I'd like to send one copy of my recipe to you
[2] Caine: and you can check it at any time
[2] Caine: so today let's do the cookies according to the recipe
[2] Curry: good
[2] Caine: first I need to take a big bowl
[4] Caine: thank you
[4] Caine: it's better to weigh the flour first
[4] Caine: before we start making cookies
[4] Caine: but if we want to weigh something
[4] Caine: we need a measuring glass
[13] Caine: I need to check my recipe again
[13] Curry: it's very complex the the recipe
[14] Caine: yeah because there are so many steps to make a cookie
[14] Caine: okay the next step is about the butter
[14] Caine: I will take the butter from the refrigerator to you
[29] Caine: my recipe says
[29] Caine: we need to
[29] Caine: we need to take the biscuit mold
[29] Caine: and to put the cookie dough to the biscuit mold
[29] Curry: so do we need a biscuit mold
[29] Caine: yes absolutely
[29] Caine: help us take out the biscuit mold
[30] Caine: great, thank you
[30] Caine: and before we using the biscuit mold
[30] Caine: we need to divide the mixture into small pieces
[31] Caine: just like this
[31] Caine: and then
[31] Caine: add the small pieces
[31] Caine: onto the biscuit mold
[32] Caine: is it
[32] Caine: you can do it on your own
[34] Caine: maybe we can
[34] Caine: we can fetch the
[34] Caine: bake
[34] Caine: and some paper
[34] Caine: first
[36] Caine: but I can handle it
[36] Caine: one piece of paper is okay
[36] Caine: put the biscuit mold into the bake
[37] Caine: good job
[37] Caine: now I need to preheat the oven
[37] Caine: so that later we can bake our biscuits
[37] Caine: maybe a bit boring when we waiting for the oven right
[38] Caine: so how about
[38] Caine: using some folks to pork some holes in the biscuits
[38] Curry: could you fetch some folks for us
[39] Caine: Curry it's your time to pop some holes
[39] Curry: it's really funny
[39] Caine: I'm happy that you like it
[39] Caine: making biscuits is funny, isn't it
[39] Curry: yeah I like it
[40] Caine: maybe we still need to wait a few minutes
[40] Curry: that's okay I enjoy the process
[40] Caine: I'd like to fetch my gloves
[41] Caine: so that I can take the biscuits out from the oven later
[41] Caine: let me check the oven
[42] Caine: okay it's done
[43] Caine: then we still need to turn on the oven
[43] Caine: and bake our biscuits
[43] Caine: since it has been heated just now
[43] Caine: can you smell the fragrance of the biscuits now
[43] Curry: of course
[43] Curry: so how should I do it
[43] Curry: just wait for another
[44] Caine: a few minutes so that we can take out the biscuits
[44] Curry: yeah make smile face on the on the biscuit
[44] Caine: maybe we can clean our tools
[45] Caine: and I will deal with this one
[45] Caine: okay since that the
[45] Caine: biscuits are done
[46] Caine: now I'll check them out
[46] Caine: it doesn't matter

Conversation 2: Caine, Curry, and David collaborate to bake, cool, decorate, and package biscuits as a gift for Curry’s mother. They decide to use chocolate jam, forks for designs, chopped nuts, and powdered sugar, then place the biscuits in a small gift box with a silk ribbon. The outcome is a decorated assortment of cookies prepared as a surprise present.
[48] Caine: okay
[48] Caine: now I will take out the biscuits from the oven
[49] Caine: so the biscuits
[49] Caine: looks good right
[49] Curry: yeah
[50] Caine: thank you
[51] Caine: now
[51] Caine: the biscuits are already cooled down
[51] Caine: try one
[51] Caine: delicious right
[51] Curry: hmm so good
[51] Caine: because it is the biscuits that you made on your own
[52] Caine: and
[52] Caine: the biscuits do not contain other addictives
[52] Caine: we can add some decorations to the biscuits
[52] Caine: how about using some jam
[52] Caine: to decorate the biscuit
[52] Curry: sure
[53] Caine: so
[54] Caine: now I will teach you how to use the spoon
[54] Caine: to make some beautiful pictures
[54] Caine: on the biscuits
[54] Caine: just like this
[54] Curry: it seems it's a little crowded
[55] Caine: that's a good idea
[56] Caine: do you need me
[56] Caine: to teach you how to draw a smiling face on the biscuit
[56] Curry: oh yes please
[56] Curry: could you help me
[63] Caine: I have an idea
[63] Caine: that is
[63] Caine: how about adding some powdered sugar onto the biscuit
[64] Curry: very good
[64] Caine: can you give us the
[64] Caine: box of powdered sugar
[64] Caine: thank you very much
[65] Caine: now we add some white sugar onto the biscuit
[65] Caine: and how about leaving some biscuits
[65] Caine: for our family
[65] Curry: yeah I think my mother will like it
[65] Caine: so David
[66] Caine: can you give us the small gift box
[66] Caine: so that we can package these biscuits
[67] Caine: now I will
[67] Caine: I will make the biscuits into the small gift box

[Step 2] Evaluating semantic answer...
Action: [Answer]
Content: Yes, Caine appears fully familiar with the biscuit-making procedures, guiding each step and referencing his saved recipe while teaching.
FINAL ANSWER (from graph):
Yes, Caine appears fully familiar with the biscuit-making procedures, guiding each step and referencing his saved recipe while teaching.
Question: Where can the melted butter be got?

[Step 1] Searching the graph...
Parse Query Output:
{
  "query_triple": ["butter#melted", "can be got at", "?", 0.9, 0.3, 0.15],
  "spatial_constraint": null,
  "speaker_strict": null,
  "allocation": {
    "k_high_level": 3,
    "k_low_level": 40,
    "k_conversations": 7,
    "total_k": 50,
    "reasoning": "Spatial/availability query for a specific object; prioritize low-level edges to find where the melted butter is obtainable or located, minimal high-level, limited conversations."
  }
}

Graph Search Results:
**High-Level Information (Character Attributes and Relationships): **

Character Attributes:
- Curry is: no glasses (100), male (100), black and blue jacket (100)

**Low-Level Information (Actions and Events): **

[8] flour is at original place. (kitchen)
[12] Curry is at stove. (kitchen)
[14] Caine offers to fetch butter. (kitchen and dining area)
[15] Caine instructs to pour butter. (kitchen)
[15] butter is into small bowl. (kitchen)
[16] Curry pours butter. (kitchen)
[18] Curry picks up butter. (kitchen)
[18] butter is from counter. (kitchen)
[18] Caine gestures to place butter. (kitchen)
[18] butter is into oven. (kitchen)
[18] Curry places butter. (kitchen)
[18] Caine suggests waiting for the butter to melt. (kitchen)
[19] Curry asks to fetch cocoa powder. (kitchen)
[19] David agrees to fetch cocoa powder. (kitchen)
[20] cocoa powder is from robot. (kitchen)
[20] Curry is at stove. (kitchen)
[23] Caine mentions butter. (kitchen)
[23] butter is finished. (kitchen)
[24] Caine asks to help take butter. (kitchen)
[24] butter is from oven. (kitchen)
[25] robot holds over small bowl of melted butter. (kitchen)
[25] small bowl of melted butter is over counter. (kitchen)
[25] robot places beside melted butter bowl. (kitchen)
[25] melted butter bowl is beside spice. (kitchen)
[25] robot pours into melted butter. (kitchen)
[25] melted butter is in spice bowl. (kitchen)
[27] Curry is at counter. (kitchen)
[27] Curry is at stove. (kitchen)
[33] pot is on left burner. (kitchen)
[39] dough is at counter. (kitchen)
[41] Curry is at counter. (kitchen)
[47] robot picks up brown squeeze bottle. (kitchen)
[47] brown squeeze bottle is from counter. (kitchen)
[47] brown squeeze bottle is on middle shelf. (kitchen)
[53] robot reaches for brown squeeze bottle. (kitchen)
[53] brown squeeze bottle is on middle shelf. (kitchen)
[59] Curry places chocolate. (kitchen)
[63] chocolate syrup is on cookie. (kitchen dining area)
[63] syrup is on cookie. (kitchen dining area)
[63] swirl of chocolate is on plate. (kitchen dining area)

**Conversations: **

Conversation 1: Caine leads Curry and David through making chocolate biscuits using a saved phone recipe, assigning tasks like measuring ingredients, melting butter, and preparing molds while emphasizing kitchen organization and cleaning. Curry learns the process and participates in measuring, mixing, and shaping, expressing enjoyment. David assists by fetching tools and ingredients and helping with cleanup. The group completes baking the biscuits and tidying the kitchen.
[13] Curry: it's very complex the the recipe
[14] Caine: yeah because there are so many steps to make a cookie
[14] Caine: okay the next step is about the butter
[14] Caine: I will take the butter from the refrigerator to you
[14] Caine: wait a minute
[15] Caine: here's the bottle
[15] Curry: David
[15] Curry: could you fetch a small bowl for me
[15] Caine: pour the butter into the small bowl
[16] Caine: so Curry
[17] Curry: two of them
[17] Caine: yes two of them
[17] Caine: great then
[18] Caine: put the butter into the oven to melt them
[18] Caine: you can set the
[18] Caine: time
[18] Caine: like this
[18] Caine: and let's wait for a moment
[18] Caine: so that we can have the melted butter
[19] Caine: but while we are waiting for it
[19] Caine: we can weigh some cocoa powder first
[22] Caine: put the remaining cocoa powder into its original place
[23] Caine: so our oven is done
[23] Caine: and our butter is done too
[23] Caine: a smell is
[23] Caine: can be smelled right
[24] Caine: so
[24] Caine: maybe we can ask our David to take it out
[24] Caine: help us take out the butter from the oven
[25] Caine: and then you know what to do next right
[25] Caine: so Curry what should we do next

[Step 2] Evaluating semantic answer...
Action: [Answer]
Content: From the oven in the kitchen.
FINAL ANSWER (from graph):
From the oven in the kitchen.
Question: Where should the robot get the cocoa powder?

[Step 1] Searching the graph...
Parse Query Output:
{
  "query_triple": ["<robot>", "gets", "cocoa powder", 0.9, 0.3, 0.85],
  "spatial_constraint": null,
  "speaker_strict": null,
  "allocation": {
    "k_high_level": 4,
    "k_low_level": 40,
    "k_conversations": 6,
    "total_k": 50,
    "reasoning": "Location/action query about where to obtain an object. Prioritize low-level edges to find scenes showing cocoa powder's location or instructions; minimal high-level and some conversations for verbal directions."
  }
}

Graph Search Results:
**High-Level Information (Character Attributes and Relationships): **

Character Relationships:
- robot cooperates with Curry (90)
- robot assistant to Curry (86)
- Curry directs/coordinates robot (72)
- robot has lower situational authority than Curry (70)

**Low-Level Information (Actions and Events): **

[5] Curry takes from robot. (kitchen)
[9] robot holds in right hand bag of flour. (kitchen)
[9] robot places into flour bag. (kitchen)
[14] robot shows Curry. (kitchen and dining area)
[16] robot takes small white bowl. (kitchen)
[16] robot hands Curry. (kitchen)
[16] Curry receives from robot. (kitchen)
[20] robot approaches spice rack. (kitchen)
[20] robot picks up foil-wrapped item. (kitchen)
[20] robot hands Curry. (kitchen)
[20] robot hands foil-wrapped cocoa powder. (kitchen)
[20] cocoa powder is from robot. (kitchen)
[25] robot holds over small bowl of melted butter. (kitchen)
[25] robot places beside melted butter bowl. (kitchen)
[25] robot pours into melted butter. (kitchen)
[27] robot hands Curry. (kitchen)
[30] robot takes brown silicone mold. (kitchen)
[30] robot shows brown silicone mold. (kitchen)
[38] Curry calls to robot. (kitchen)
[47] robot picks up brown squeeze bottle. (kitchen)
[47] robot turns brown squeeze bottle. (kitchen)
[47] robot reads label brown squeeze bottle. (kitchen)
[47] robot holds brown squeeze bottle. (kitchen)
[47] Curry watches robot. (kitchen)
[47] robot places brown squeeze bottle. (kitchen)
[47] robot picks up small jar. (kitchen)
[47] robot shows Curry. (kitchen)
[47] robot sets small jar. (kitchen)
[47] robot picks up bag of white sugar. (kitchen)
[48] robot holds over packet labeled white sugar. (kitchen and living room)
[48] robot inspects sugar packet. (kitchen and living room)
[48] robot places into sugar packet. (kitchen and living room)
[53] robot reaches for brown squeeze bottle. (kitchen)
[53] robot takes brown bottle. (kitchen)
[54] robot holds brown bottle. (kitchen)
[54] robot hands brown bottle. (kitchen)
[54] brown bottle is from robot. (kitchen)
[64] robot picks up small shaker. (kitchen)
[66] robot holds gift box. (kitchen)
[67] robot holds plastic container. (kitchen dining area)

**Conversations: **

Conversation 1: Caine leads Curry and David through making chocolate biscuits using a saved phone recipe, assigning tasks like measuring ingredients, melting butter, and preparing molds while emphasizing kitchen organization and cleaning. Curry learns the process and participates in measuring, mixing, and shaping, expressing enjoyment. David assists by fetching tools and ingredients and helping with cleanup. The group completes baking the biscuits and tidying the kitchen.
[18] Caine: so that we can have the melted butter
[19] Caine: but while we are waiting for it
[19] Caine: we can weigh some cocoa powder first
[19] Caine: so maybe you can ask our David
[19] Caine: to fetch some cocoa powder for us
[19] Curry: yeah yes
[19] Curry: could you fetch some cocoa powder for me
[20] Caine: excellent
[20] Caine: now Curry
[20] Caine: pour the cocoa powder into the measuring glass
[20] Caine: remember the suitable place
[21] Curry: oh done
[21] Caine: then pour the cocoa powder into a big bowl
[21] Caine: so that you can mix them
[21] Caine: now
[21] Caine: David
[21] Caine: come here and clean the measuring glass
[22] Caine: put the remaining cocoa powder into its original place
[23] Caine: so our oven is done
[23] Caine: and our butter is done too

[Step 2] Evaluating semantic answer...
Action: [Answer]
Content: From the spice rack in the kitchen.
FINAL ANSWER (from graph):
From the spice rack in the kitchen.
Question: Where can the robot get the chocolate jam?

[Step 1] Searching the graph...
Parse Query Output:
{
  "query_triple": ["<robot>", "can get", "chocolate jam", 0.95, 0.3, 0.9],
  "spatial_constraint": null,
  "speaker_strict": null,
  "allocation": {
    "k_high_level": 5,
    "k_low_level": 38,
    "k_conversations": 7,
    "total_k": 50,
    "reasoning": "Location/action query about where an object can be obtained; prioritize low-level edges to find locations of 'chocolate jam' and actions like 'picks up/gets from/is on/in', with minimal high-level/context and a small budget for any dialogue hints."
  }
}

Graph Search Results:
**High-Level Information (Character Attributes and Relationships): **

Character Attributes:
- robot is: camera holder (100)

Character Relationships:
- robot cooperates with Curry (90)
- robot assistant to Curry (86)
- Curry directs/coordinates robot (72)
- robot has lower situational authority than Curry (70)

**Low-Level Information (Actions and Events): **

[5] Curry takes from robot. (kitchen)
[9] robot places into flour bag. (kitchen)
[16] robot hands Curry. (kitchen)
[16] Curry receives from robot. (kitchen)
[20] robot approaches spice rack. (kitchen)
[20] robot picks up foil-wrapped item. (kitchen)
[20] robot hands foil-wrapped cocoa powder. (kitchen)
[20] cocoa powder is from robot. (kitchen)
[22] robot picks up spoon. (kitchen)
[22] robot scrubs spoon. (kitchen)
[22] robot sets down spoon. (kitchen)
[25] robot holds over small bowl of melted butter. (kitchen)
[25] robot places beside melted butter bowl. (kitchen)
[25] robot pours into melted butter. (kitchen)
[30] robot takes brown silicone mold. (kitchen)
[30] robot shows brown silicone mold. (kitchen)
[38] Curry calls to robot. (kitchen)
[47] robot picks up brown squeeze bottle. (kitchen)
[47] robot turns brown squeeze bottle. (kitchen)
[47] robot reads label brown squeeze bottle. (kitchen)
[47] robot holds brown squeeze bottle. (kitchen)
[47] robot places brown squeeze bottle. (kitchen)
[47] robot picks up small jar. (kitchen)
[47] robot sets small jar. (kitchen)
[47] robot picks up bag of white sugar. (kitchen)
[48] robot holds over packet labeled white sugar. (kitchen and living room)
[48] robot inspects sugar packet. (kitchen and living room)
[48] robot places into sugar packet. (kitchen and living room)
[53] robot reaches for brown squeeze bottle. (kitchen)
[53] robot takes brown bottle. (kitchen)
[54] robot holds brown bottle. (kitchen)
[54] robot hands brown bottle. (kitchen)
[54] brown bottle is from robot. (kitchen)
[64] robot picks up small shaker. (kitchen)
[64] robot carries small shaker. (kitchen)
[64] robot places small shaker. (kitchen)
[66] robot picks up small clear-lid gift box. (kitchen)
[66] robot holds gift box. (kitchen)

**Conversations: **

Conversation 2: Caine, Curry, and David collaborate to bake, cool, decorate, and package biscuits as a gift for Curry’s mother. They decide to use chocolate jam, forks for designs, chopped nuts, and powdered sugar, then place the biscuits in a small gift box with a silk ribbon. The outcome is a decorated assortment of cookies prepared as a surprise present.
[52] Caine: later maybe
[52] Caine: we can add some decorations to the biscuits
[52] Caine: how about using some jam
[52] Caine: to decorate the biscuit
[52] Curry: sure
[53] Caine: so
[53] Caine: can you ask our David to fetch the chocolate jam first
[53] Curry: yes David
[53] Curry: could you fetch a chocolate jam for me
[54] Caine: now I will teach you how to use the spoon
[54] Caine: to make some beautiful pictures
[62] Caine: doesn't matter
[63] Curry: it needs some
[63] Curry: chocolate
[63] Caine: well done
[63] Caine: I have an idea

Conversation 1: Caine leads Curry and David through making chocolate biscuits using a saved phone recipe, assigning tasks like measuring ingredients, melting butter, and preparing molds while emphasizing kitchen organization and cleaning. Curry learns the process and participates in measuring, mixing, and shaping, expressing enjoyment. David assists by fetching tools and ingredients and helping with cleanup. The group completes baking the biscuits and tidying the kitchen.
[1] Caine: hmm so Curry
[1] Caine: what dessert did you want to eat today
[1] Curry: uh I want to eat chocolate biscuit
[1] Caine: chocolate biscuit
[1] Caine: do you know how to make chocolate biscuits
[19] Caine: to fetch some cocoa powder for us
[19] Curry: yeah yes
[19] Curry: could you fetch some cocoa powder for me
[20] Caine: excellent
[20] Caine: now Curry
[21] Caine: David
[21] Caine: come here and clean the measuring glass
[22] Caine: put the remaining cocoa powder into its original place
[23] Caine: so our oven is done
[23] Caine: and our butter is done too

[Step 2] Evaluating semantic answer...
Action: [Answer]
Content: From the brown squeeze bottle in the kitchen.
FINAL ANSWER (from graph):
From the brown squeeze bottle in the kitchen.
Question: Where can the robot get the powdered sugar?

[Step 1] Searching the graph...
Parse Query Output:
{
  "query_triple": ["<Robot>", "gets", "powdered sugar", 0.9, 0.3, 0.85],
  "spatial_constraint": null,
  "speaker_strict": null,
  "allocation": {
    "k_high_level": 5,
    "k_low_level": 40,
    "k_conversations": 5,
    "total_k": 50,
    "reasoning": "Spatial/action query about where an object can be obtained; prioritize low-level edges to find locations and interactions with powdered sugar, minimal high-level and conversation."
  }
}

Graph Search Results:
**High-Level Information (Character Attributes and Relationships): **

Character Attributes:
- Curry is: male (100), no glasses (100), slim (100), white printed T-shirt (100), medium-length dark hair (100)

**Low-Level Information (Actions and Events): **

[7] flour bag is on counter. (kitchen)
[7] flour is into bowl. (kitchen)
[8] flour is at original place. (kitchen)
[10] Curry holds container. (kitchen)
[12] white sugar is into measuring glass. (kitchen)
[13] white sugar is into big bowl. (kitchen)
[18] butter is from counter. (kitchen)
[18] butter is into oven. (kitchen)
[21] cocoa powder is for mixing. (kitchen)
[24] butter is from oven. (kitchen)
[31] biscuit mold is on counter. (kitchen)
[39] dough is at counter. (kitchen)
[41] mixture is in container. (kitchen)
[41] Curry adjusts container. (kitchen)
[43] Curry holds container. (kitchen)
[47] brown squeeze bottle is from counter. (kitchen)
[47] bag of white sugar is from counter. (kitchen)
[48] packet labeled white sugar is over counter. (kitchen and living room)
[48] sugar packet is near microwave shelf. (kitchen and living room)
[48] sugar packet is in wire basket. (kitchen and living room)
[50] cookie tray is on counter. (kitchen)
[52] biscuit is on counter. (kitchen)
[57] sauce is toward cookie. (kitchen)
[57] sauce is onto cookie. (kitchen)
[59] Curry places on cookie. (kitchen)
[59] Curry adds to cookie. (kitchen)
[59] Curry reaches cookie. (kitchen)
[59] Curry picks up cookie. (kitchen)
[60] Curry holds cookie. (kitchen)
[63] fork is over plate of cookie. (kitchen dining area)
[63] topping is on cookie. (kitchen dining area)
[63] chocolate syrup is on cookie. (kitchen dining area)
[63] Curry adds to cookie. (kitchen dining area)
[63] syrup is on cookie. (kitchen dining area)
[63] Curry adjusts cookie. (kitchen dining area)
[63] Curry decorates cookie. (kitchen dining area)
[64] Caine specifies powdered sugar. (kitchen)
[65] sugar is over biscuit. (kitchen dining area)
[66] box is to package biscuit. (kitchen)
[68] fork is on dessert plate. (kitchen)

**Conversations: **

Conversation 2: Caine, Curry, and David collaborate to bake, cool, decorate, and package biscuits as a gift for Curry’s mother. They decide to use chocolate jam, forks for designs, chopped nuts, and powdered sugar, then place the biscuits in a small gift box with a silk ribbon. The outcome is a decorated assortment of cookies prepared as a surprise present.
[63] Caine: I have an idea
[63] Caine: that is
[63] Caine: how about adding some powdered sugar onto the biscuit
[64] Curry: very good
[64] Caine: can you give us the
[64] Caine: box of powdered sugar
[64] Caine: thank you very much
[65] Caine: now we add some white sugar onto the biscuit

Conversation 1: Caine leads Curry and David through making chocolate biscuits using a saved phone recipe, assigning tasks like measuring ingredients, melting butter, and preparing molds while emphasizing kitchen organization and cleaning. Curry learns the process and participates in measuring, mixing, and shaping, expressing enjoyment. David assists by fetching tools and ingredients and helping with cleanup. The group completes baking the biscuits and tidying the kitchen.
[13] Caine: great job
[13] Caine: I mean David
[13] Caine: come here and help us pour the white sugar into our big bowl
[13] David: yes got it
[13] Caine: I need to check my recipe again
[19] Caine: to fetch some cocoa powder for us
[19] Curry: yeah yes
[19] Curry: could you fetch some cocoa powder for me
[20] Caine: excellent
[20] Caine: now Curry
[21] Caine: David
[21] Caine: come here and clean the measuring glass
[22] Caine: put the remaining cocoa powder into its original place
[23] Caine: so our oven is done
[23] Caine: and our butter is done too

[Step 2] Evaluating semantic answer...
Action: [Answer]
Content: From the box of powdered sugar Caine asked for in the kitchen.
FINAL ANSWER (from graph):
From the box of powdered sugar Caine asked for in the kitchen.
Question: How many things are taken from the upper cabinet?

[Step 1] Searching the graph...
Parse Query Output:
{
  "query_triple": [null, "taken from", "upper cabinet", 0.1, 0.3, 0.6],
  "spatial_constraint": "upper cabinet",
  "speaker_strict": null,
  "allocation": {
    "k_high_level": 3,
    "k_low_level": 40,
    "k_conversations": 7,
    "total_k": 50,
    "reasoning": "Counting items removed from a specific location is an action/spatial query. Prioritize low-level edges that record take/remove actions and item movements associated with the upper cabinet; minimal need for high-level traits; small conversations budget in case narration mentions counts."
  }
}

Graph Search Results:
**High-Level Information (Character Attributes and Relationships): **

Character Attributes:
- Caine is: medium height (100), light green jacket (100)
- David is: slim build (100)

**Low-Level Information (Actions and Events): **

[4] Curry prepares ingredient. (kitchen)
[4] bag is above bowl. (kitchen)
[4] packet is above bowl. (kitchen)
[5] David prepares ingredient. (kitchen)
[6] Curry handles pot. (kitchen)
[6] Curry handles pan. (kitchen)
[6] Caine scoops from container. (kitchen)
[9] robot walks from kitchen toward living room. (kitchen)
[10] Curry holds container. (kitchen)
[11] Caine continues explaining kitchen rule Curry. (kitchen)
[13] robot holds camera. (kitchen)
[16] lower cabinet door is under stove. (kitchen)
[19] Caine prepares item. (kitchen)
[20] Curry prepares ingredient. (kitchen)
[20] Caine prepares ingredient. (kitchen)
[21] Curry handles item. (kitchen)
[23] robot holds over camera. (kitchen)
[26] ingredient is in big bowl. (kitchen)
[27] Curry prepares ingredient. (kitchen)
[33] Caine chops ingredient. (kitchen)
[33] Caine prepares ingredient. (kitchen)
[33] Caine prepares item. (kitchen)
[34] Curry handles utensil. (kitchen)
[34] Caine holds container. (kitchen)
[35] Caine's hand are under running faucet. (kitchen)
[36] Caine handles item on counter. (kitchen)
[37] ingredient is in tray. (kitchen)
[41] mixture is in container. (kitchen)
[43] Curry holds container. (kitchen)
[44] Curry handles item. (kitchen)
[45] Caine handles something. (kitchen)
[46] Curry handles something. (kitchen)
[47] middle shelf is inside refrigerator. (kitchen)
[47] lower shelf is inside refrigerator. (kitchen)
[53] robot looks inside refrigerator shelf. (kitchen)
[57] utensil is under seal. (kitchen)
[57] utensil is above plate. (kitchen)
[68] Caine handles item. (kitchen)
[68] wall cabinet is above counter. (kitchen)
[68] item is inside cabinet. (kitchen)

**Conversations: **

Conversation 1: Caine leads Curry and David through making chocolate biscuits using a saved phone recipe, assigning tasks like measuring ingredients, melting butter, and preparing molds while emphasizing kitchen organization and cleaning. Curry learns the process and participates in measuring, mixing, and shaping, expressing enjoyment. David assists by fetching tools and ingredients and helping with cleanup. The group completes baking the biscuits and tidying the kitchen.
[2] Curry: good
[2] Caine: first I need to take a big bowl
[3] Caine: from the lower cabinet
[3] Caine: and according to the recipe
[3] Caine: Curry
[3] Caine: you need to
[3] Caine: you need to take out the flour from the
[3] Caine: upper cabinet
[3] Curry: okay
[4] Caine: thank you
[11] Caine: by the way I will tell you a kitchen rule
[11] Caine: that is the ingredients that do not need freezing
[11] Caine: are all on the recent are all on the seasoning rack
[12] Caine: okay
[12] Caine: now Curry pour the white sugar into the measuring glass
[21] Caine: David
[21] Caine: come here and clean the measuring glass
[22] Caine: put the remaining cocoa powder into its original place
[23] Caine: so our oven is done
[23] Caine: and our butter is done too
[24] Caine: so
[24] Caine: maybe we can ask our David to take it out
[24] Caine: help us take out the butter from the oven
[25] Caine: and then you know what to do next right
[25] Caine: so Curry what should we do next

Conversation 2: Caine, Curry, and David collaborate to bake, cool, decorate, and package biscuits as a gift for Curry’s mother. They decide to use chocolate jam, forks for designs, chopped nuts, and powdered sugar, then place the biscuits in a small gift box with a silk ribbon. The outcome is a decorated assortment of cookies prepared as a surprise present.
[49] Caine: we need to wait for some time
[49] Caine: maybe we can ask our David to take out a plate so that we can distribute
[50] Caine: to take out a plate so that we can distribute
[50] Caine: the cookies
[50] Curry: yes

[Step 2] Evaluating semantic answer...
Action: [Search]
Content: [3, 68, 4, 34]
Summary: The conversation at clip 3 mentions Caine instructing Curry to take flour from the upper cabinet, but the low-level actions do not clearly enumerate all items taken from the upper cabinet; clip 68 notes items inside a wall cabinet above the counter but not explicit retrievals. More detailed viewing around clips 3 and 68 is needed to count how many things are taken from the upper cabinet.

[Step 3] Watching video clips: [3, 68, 4, 34]

   Processing clip 3 (1/4)...
Question: How many things are taken from the cupboard below?

[Step 1] Searching the graph...
Parse Query Output:
{
  "query_triple": ["null", "takes from", "cupboard#below", 0.1, 0.25, 0.85],
  "spatial_constraint": "cupboard below",
  "speaker_strict": null,
  "allocation": {
    "k_high_level": 3,
    "k_low_level": 40,
    "k_conversations": 7,
    "total_k": 50,
    "reasoning": "Counting action events of items taken from a specific location; prioritize low-level edges for concrete actions and use minimal high-level and conversations."
  }
}

Graph Search Results:
**High-Level Information (Character Attributes and Relationships): **

Character Relationships:
- Caine parent of Curry (92)
- Curry respects Caine (90)
- Caine collaborates with Curry (90)

**Low-Level Information (Actions and Events): **

[3] Caine points toward lower cabinet. (kitchen)
[3] Curry opens lower cabinet. (kitchen)
[3] Curry looks into cabinet. (kitchen)
[3] Curry closes lower cabinet. (kitchen)
[3] Caine gestures toward upper cabinet. (kitchen)
[3] Curry opens upper cabinet. (kitchen)
[4] Curry reaches up upper kitchen cabinet. (kitchen)
[4] Curry opens upper kitchen cabinet. (kitchen)
[4] something is from cabinet. (kitchen)
[5] robot opens cabinet under counter. (kitchen)
[5] robot picks up from cabinet under counter. (kitchen)
[8] Curry lifts toward upper cabinet handle. (kitchen)
[9] robot opens kitchen cabinet door. (kitchen)
[9] flour bag is in cabinet. (kitchen)
[9] robot closes cabinet door. (kitchen)
[16] robot opens lower cabinet door. (kitchen)
[16] lower cabinet door is under stove. (kitchen)
[16] robot takes from cabinet. (kitchen)
[30] robot opens cabinet under stovetop. (kitchen)
[30] robot takes from cabinet. (kitchen)
[47] small jar is on lower shelf. (kitchen)
[50] David moves to lower cabinet. (kitchen)
[50] David opens lower cabinet. (kitchen)
[50] blue-rimmed plate is from cabinet. (kitchen)
[54] robot walks from kitchen. (kitchen)
[64] robot opens cabinet shelf. (kitchen)
[64] small shaker is from shelf. (kitchen)
[66] robot approaches wall cabinet. (kitchen)
[66] robot opens upper cabinet door. (kitchen)
[66] robot reaches into cabinet shelf. (kitchen)
[66] small clear-lid gift box is from shelf. (kitchen)
[66] robot closes in on cabinet. (kitchen)
[68] Caine looks toward cabinet. (kitchen)
[68] David walks toward kitchen cabinet. (kitchen)
[68] camera moves toward cabinet. (kitchen)
[68] robot approaches wall cabinet. (kitchen)
[68] wall cabinet is above counter. (kitchen)
[68] robot opens cabinet door. (kitchen)
[68] item is inside cabinet. (kitchen)
[69] bundle of beige ribbon is from shelf. (kitchen dining area)

**Conversations: **

Conversation 1: Caine leads Curry and David through making chocolate biscuits using a saved phone recipe, assigning tasks like measuring ingredients, melting butter, and preparing molds while emphasizing kitchen organization and cleaning. Curry learns the process and participates in measuring, mixing, and shaping, expressing enjoyment. David assists by fetching tools and ingredients and helping with cleanup. The group completes baking the biscuits and tidying the kitchen.
[2] Curry: good
[2] Caine: first I need to take a big bowl
[3] Caine: from the lower cabinet
[3] Caine: and according to the recipe
[3] Caine: Curry
[3] Caine: you need to
[3] Caine: you need to take out the flour from the
[3] Caine: upper cabinet
[3] Curry: okay
[4] Caine: thank you
[6] Caine: oh it doesn't matter
[6] Caine: I will help you
[6] Caine: I will use the spoon to take some flour out of it
[6] Caine: it's okay
[7] Caine: next time when you wear the flower
[21] Caine: David
[21] Caine: come here and clean the measuring glass
[22] Caine: put the remaining cocoa powder into its original place
[23] Caine: so our oven is done
[23] Caine: and our butter is done too
[40] Curry: that's okay I enjoy the process
[40] Caine: I'd like to fetch my gloves
[41] Caine: so that I can take the biscuits out from the oven later
[41] Caine: let me check the oven
[42] Caine: okay it's done
[46] Caine: it looks tasty
[46] Curry: yeah it must be very delicious
[46] Caine: can you help us tidy up the kitchen countertop

Conversation 2: Caine, Curry, and David collaborate to bake, cool, decorate, and package biscuits as a gift for Curry’s mother. They decide to use chocolate jam, forks for designs, chopped nuts, and powdered sugar, then place the biscuits in a small gift box with a silk ribbon. The outcome is a decorated assortment of cookies prepared as a surprise present.
[49] Caine: we need to wait for some time
[49] Caine: maybe we can ask our David to take out a plate so that we can distribute
[50] Caine: to take out a plate so that we can distribute
[50] Caine: the cookies
[50] Curry: yes

[Step 2] Evaluating semantic answer...
Action: [Answer]
Content: At least five items are taken from the lower cabinet or cupboard.
FINAL ANSWER (from graph):
At least five items are taken from the lower cabinet or cupboard.
Question: How many ingredients are taken from the fridge for the biscuit?

[Step 1] Searching the graph...
Parse Query Output:
{
  "query_triple": [null, "ingredients taken from fridge for biscuit", "count", 0.1, 0.3, 0.3],
  "spatial_constraint": "fridge",
  "speaker_strict": null,
  "allocation": {
    "k_high_level": 3,
    "k_low_level": 40,
    "k_conversations": 7,
    "total_k": 50,
    "reasoning": "Quantitative action query focused on items taken from a specific location for a task; prioritize low-level edges to enumerate ingredient-taking actions, minimal high-level edges, and a small amount of conversations for any explicit counting or verbal mentions."
  }
}

Graph Search Results:
**High-Level Information (Character Attributes and Relationships): **

Character Attributes:
- Curry is: male (100), slim (100), no glasses (100)

**Low-Level Information (Actions and Events): **

[1] Curry looks at item inside refrigerator. (kitchen)
[1] Caine takes item from refrigerator. (kitchen)
[7] Curry measures flour. (kitchen)
[13] Caine checks recipe. (kitchen)
[23] Caine mentions butter. (kitchen)
[29] Caine looks at ingredient. (kitchen)
[31] Caine indicates biscuit mold. (kitchen)
[31] biscuit mold is on counter. (kitchen)
[33] Caine adds ingredient. (kitchen)
[37] Caine will bake biscuit. (kitchen)
[40] Curry adjusts something in baking tin near oven. (kitchen)
[44] Caine suggests waiting for biscuit. (kitchen)
[44] Curry proposes drawing on biscuit. (kitchen)
[45] Caine announces biscuits are done. (kitchen)
[49] Caine says biscuit look good. (kitchen)
[51] Caine hands biscuit. (kitchen)
[51] biscuit is toward Curry. (kitchen)
[51] Curry takes biscuit. (kitchen)
[51] biscuit is from Caine. (kitchen)
[51] Curry eats biscuit. (kitchen)
[51] Curry tastes biscuit. (kitchen)
[52] Curry holds near mouth biscuit. (kitchen)
[52] biscuit is near <Curry>'s mouth. (kitchen)
[52] Caine points toward biscuit. (kitchen)
[52] biscuit is on counter. (kitchen)
[52] Curry eats biscuit. (kitchen)
[52] Caine suggests decorating biscuit. (kitchen)
[54] Caine gestures toward biscuit on plate. (kitchen)
[54] Curry starts spooning onto biscuit. (kitchen)
[56] Curry looks at plate of biscuit. (kitchen)
[56] squeeze bottle is near biscuit. (kitchen)
[56] Caine squeezes toward biscuit. (kitchen)
[58] Caine stands beside plate of biscuit. (kitchen)
[58] Caine squeezes cream onto biscuit. (kitchen)
[58] Caine spreads cream on biscuit. (kitchen)
[58] Caine works on biscuit. (kitchen)
[58] Curry squeezes cream onto biscuit. (kitchen)
[58] Curry spreads cream on biscuit. (kitchen)
[62] chopped nut is on biscuit. (kitchen)
[66] box is to package biscuit. (kitchen)

**Conversations: **

Conversation 2: Caine, Curry, and David collaborate to bake, cool, decorate, and package biscuits as a gift for Curry’s mother. They decide to use chocolate jam, forks for designs, chopped nuts, and powdered sugar, then place the biscuits in a small gift box with a silk ribbon. The outcome is a decorated assortment of cookies prepared as a surprise present.
[52] Caine: we can add some decorations to the biscuits
[52] Caine: how about using some jam
[52] Caine: to decorate the biscuit
[52] Curry: sure
[53] Caine: so
[60] Curry: chopped nuts uh chopped nuts for us
[62] Curry: so this time add some
[62] Curry: chopped nuts on the biscuits
[62] Curry: oh
[62] Caine: doesn't matter
[63] Caine: I have an idea
[63] Caine: that is
[63] Caine: how about adding some powdered sugar onto the biscuit
[64] Curry: very good
[64] Caine: can you give us the
[64] Caine: box of powdered sugar
[64] Caine: thank you very much
[65] Caine: now we add some white sugar onto the biscuit
[65] Caine: and how about leaving some biscuits
[65] Caine: for our family

Conversation 1: Caine leads Curry and David through making chocolate biscuits using a saved phone recipe, assigning tasks like measuring ingredients, melting butter, and preparing molds while emphasizing kitchen organization and cleaning. Curry learns the process and participates in measuring, mixing, and shaping, expressing enjoyment. David assists by fetching tools and ingredients and helping with cleanup. The group completes baking the biscuits and tidying the kitchen.
[1] Curry: uh I want to eat chocolate biscuit
[1] Caine: chocolate biscuit
[1] Caine: do you know how to make chocolate biscuits
[1] Curry: no
[1] Caine: then today I'd like to teach you how to make them
[11] Caine: from the seasoning rack
[11] Caine: by the way I will tell you a kitchen rule
[11] Caine: that is the ingredients that do not need freezing
[11] Caine: are all on the recent are all on the seasoning rack
[12] Caine: okay
[29] Caine: we need to take the biscuit mold
[29] Caine: and to put the cookie dough to the biscuit mold
[29] Curry: so do we need a biscuit mold
[29] Caine: yes absolutely
[29] Caine: help us take out the biscuit mold

[Step 2] Evaluating semantic answer...
Action: [Answer]
Content: One ingredient was taken from the fridge.
FINAL ANSWER (from graph):
One ingredient was taken from the fridge.
Question: How many bowls are used?

[Step 1] Searching the graph...
Parse Query Output:
{
  "query_triple": [null, "uses", "bowl", 0.2, 0.6, 0.6],
  "spatial_constraint": null,
  "speaker_strict": null,
  "allocation": {
    "k_high_level": 3,
    "k_low_level": 42,
    "k_conversations": 5,
    "total_k": 50,
    "reasoning": "Counting objects used is an action/state query; rely on low-level edges showing bowls being used. Minimal need for high-level or conversations."
  }
}

Graph Search Results:
**High-Level Information (Character Attributes and Relationships): **

Character Attributes:
- David is: glasses (100)
- robot is: camera holder (100), black gloves (100)

**Low-Level Information (Actions and Events): **

[2] Caine looks toward device. (kitchen)
[4] Curry prepares ingredient. (kitchen)
[5] David prepares ingredient. (kitchen)
[6] Curry pours ingredient. (kitchen)
[6] Caine scoops from container. (kitchen)
[10] Curry holds container. (kitchen)
[11] Curry holds utensil. (kitchen)
[14] Caine asks others. (kitchen and dining area)
[16] Caine places ingredient. (kitchen)
[19] Caine suggests task. (kitchen)
[20] Curry prepares ingredient. (kitchen)
[20] Caine prepares ingredient. (kitchen)
[23] Caine accepts help. (kitchen)
[26] Curry watches ingredient. (kitchen)
[26] Caine suggests stirring ingredient. (kitchen)
[26] ingredient is in big bowl. (kitchen)
[27] Curry prepares ingredient. (kitchen)
[30] Caine looks at others. (kitchen)
[32] Curry stirs food. (kitchen)
[33] Curry stirs food. (kitchen)
[33] Caine chops ingredient. (kitchen)
[33] Caine prepares ingredient. (kitchen)
[33] Curry mixes food. (kitchen)
[33] something is into pan. (kitchen)
[34] Caine holds container. (kitchen)
[37] ingredient is in tray. (kitchen)
[37] Curry mixes ingredient. (kitchen)
[39] Curry mixes ingredient. (kitchen)
[41] mixture is in container. (kitchen)
[41] Curry adjusts container. (kitchen)
[42] Caine moves ingredient. (kitchen)
[43] Curry holds container. (kitchen)
[45] Caine handles something. (kitchen)
[46] Curry rinses something. (kitchen)
[46] Curry handles something. (kitchen)
[59] Curry bends over table. (kitchen)
[59] Curry finishes design. (kitchen)
[59] Curry sets down fork. (kitchen)
[59] Caine eats cookie. (kitchen)
[60] Curry calls for help. (kitchen)
[67] Caine scoops sauce. (kitchen dining area)
[70] Curry bends over table. (kitchen)

**Conversations: **

Conversation 1: Caine leads Curry and David through making chocolate biscuits using a saved phone recipe, assigning tasks like measuring ingredients, melting butter, and preparing molds while emphasizing kitchen organization and cleaning. Curry learns the process and participates in measuring, mixing, and shaping, expressing enjoyment. David assists by fetching tools and ingredients and helping with cleanup. The group completes baking the biscuits and tidying the kitchen.
[2] Caine: so today let's do the cookies according to the recipe
[2] Curry: good
[2] Caine: first I need to take a big bowl
[3] Caine: from the lower cabinet
[3] Caine: and according to the recipe
[15] Caine: here's the bottle
[15] Caine: maybe you should
[15] Caine: need a small bowl
[15] Caine: maybe you can ask David to help you get a small bowl
[15] Curry: David
[15] Curry: could you fetch a small bowl for me
[15] Caine: pour the butter into the small bowl
[16] Caine: so Curry
[17] Curry: two of them
[17] Caine: yes two of them
[17] Caine: great then
[44] Caine: maybe we can clean our tools
[44] Caine: when we are waiting for it
[44] Caine: Curry let's clean this bowl
[45] Caine: and I will deal with this one
[45] Caine: okay since that the

[Step 2] Evaluating semantic answer...
Action: [Answer]
Content: Two bowls.
FINAL ANSWER (from graph):
Two bowls.
✓ Updated results.json for kitchen_06 (13 questions)
✓ Cleaned up video and frames for kitchen_06

============================================================
Processing video: kitchen_17
============================================================
Downloading 1 video(s) to data/videos...

Downloading kitchen_17.mp4...
✗ Error downloading kitchen_17.mp4: ('Connection broken: IncompleteRead(1695522651 bytes read, 76661690 more expected)', IncompleteRead(1695522651 bytes read, 76661690 more expected))

============================================================
Download Summary:
  Successful: 0/1
  Failed: kitchen_17
============================================================
✗ Video file not found: data/videos/kitchen_17.mp4
No valid videos to process.
✗ Graph processing failed for kitchen_17

============================================================
Processing video: study_20
============================================================
Downloading 1 video(s) to data/videos...

Downloading study_20.mp4...
✓ Successfully downloaded study_20.mp4 to data/videos/study_20.mp4

============================================================
Download Summary:
  Successful: 1/1
============================================================

============================================================
[1/1] Processing: study_20
============================================================
Video: data/videos/study_20.mp4
Subtitles: data/subtitles/robot/study_20.srt
Output: data/frames/study_20
============================================================

Parsing subtitle file: data/subtitles/robot/study_20.srt
Found 187 subtitle entries
Video: 1280x720, 30.00 FPS, 62018 frames, 2067.27s duration

Extracting frames with subtitles...
Grouping frames into folders of 30 frames each
  Saved 10 frames (up to 9s, folder 1)
  Saved 20 frames (up to 19s, folder 1)
  Saved 30 frames (up to 29s, folder 1)
  Saved 40 frames (up to 39s, folder 2)
  Saved 50 frames (up to 49s, folder 2)
  Saved 60 frames (up to 59s, folder 2)
  Saved 70 frames (up to 69s, folder 3)
  Saved 80 frames (up to 79s, folder 3)
  Saved 90 frames (up to 89s, folder 3)
  Saved 100 frames (up to 99s, folder 4)
  Saved 110 frames (up to 109s, folder 4)
  Saved 120 frames (up to 119s, folder 4)
  Saved 130 frames (up to 129s, folder 5)
  Saved 140 frames (up to 139s, folder 5)
  Saved 150 frames (up to 149s, folder 5)
  Saved 160 frames (up to 159s, folder 6)
  Saved 170 frames (up to 169s, folder 6)
  Saved 180 frames (up to 179s, folder 6)
  Saved 190 frames (up to 189s, folder 7)
  Saved 200 frames (up to 199s, folder 7)
  Saved 210 frames (up to 209s, folder 7)
  Saved 220 frames (up to 219s, folder 8)
  Saved 230 frames (up to 229s, folder 8)
  Saved 240 frames (up to 239s, folder 8)
  Saved 250 frames (up to 249s, folder 9)
  Saved 260 frames (up to 259s, folder 9)
  Saved 270 frames (up to 269s, folder 9)
  Saved 280 frames (up to 279s, folder 10)
  Saved 290 frames (up to 289s, folder 10)
  Saved 300 frames (up to 299s, folder 10)
  Saved 310 frames (up to 309s, folder 11)
  Saved 320 frames (up to 319s, folder 11)
  Saved 330 frames (up to 329s, folder 11)
  Saved 340 frames (up to 339s, folder 12)
  Saved 350 frames (up to 349s, folder 12)
  Saved 360 frames (up to 359s, folder 12)
  Saved 370 frames (up to 369s, folder 13)
  Saved 380 frames (up to 379s, folder 13)
  Saved 390 frames (up to 389s, folder 13)
  Saved 400 frames (up to 399s, folder 14)
  Saved 410 frames (up to 409s, folder 14)
  Saved 420 frames (up to 419s, folder 14)
  Saved 430 frames (up to 429s, folder 15)
  Saved 440 frames (up to 439s, folder 15)
  Saved 450 frames (up to 449s, folder 15)
  Saved 460 frames (up to 459s, folder 16)
  Saved 470 frames (up to 469s, folder 16)
  Saved 480 frames (up to 479s, folder 16)
  Saved 490 frames (up to 489s, folder 17)
  Saved 500 frames (up to 499s, folder 17)
  Saved 510 frames (up to 509s, folder 17)
  Saved 520 frames (up to 519s, folder 18)
  Saved 530 frames (up to 529s, folder 18)
  Saved 540 frames (up to 539s, folder 18)
  Saved 550 frames (up to 549s, folder 19)
  Saved 560 frames (up to 559s, folder 19)
  Saved 570 frames (up to 569s, folder 19)
  Saved 580 frames (up to 579s, folder 20)
  Saved 590 frames (up to 589s, folder 20)
  Saved 600 frames (up to 599s, folder 20)
  Saved 610 frames (up to 609s, folder 21)
  Saved 620 frames (up to 619s, folder 21)
  Saved 630 frames (up to 629s, folder 21)
  Saved 640 frames (up to 639s, folder 22)
  Saved 650 frames (up to 649s, folder 22)
  Saved 660 frames (up to 659s, folder 22)
  Saved 670 frames (up to 669s, folder 23)
  Saved 680 frames (up to 679s, folder 23)
  Saved 690 frames (up to 689s, folder 23)
  Saved 700 frames (up to 699s, folder 24)
  Saved 710 frames (up to 709s, folder 24)
  Saved 720 frames (up to 719s, folder 24)
  Saved 730 frames (up to 729s, folder 25)
  Saved 740 frames (up to 739s, folder 25)
  Saved 750 frames (up to 749s, folder 25)
  Saved 760 frames (up to 759s, folder 26)
  Saved 770 frames (up to 769s, folder 26)
  Saved 780 frames (up to 779s, folder 26)
  Saved 790 frames (up to 789s, folder 27)
  Saved 800 frames (up to 799s, folder 27)
  Saved 810 frames (up to 809s, folder 27)
  Saved 820 frames (up to 819s, folder 28)
  Saved 830 frames (up to 829s, folder 28)
  Saved 840 frames (up to 839s, folder 28)
  Saved 850 frames (up to 849s, folder 29)
  Saved 860 frames (up to 859s, folder 29)
  Saved 870 frames (up to 869s, folder 29)
  Saved 880 frames (up to 879s, folder 30)
  Saved 890 frames (up to 889s, folder 30)
  Saved 900 frames (up to 899s, folder 30)
  Saved 910 frames (up to 909s, folder 31)
  Saved 920 frames (up to 919s, folder 31)
  Saved 930 frames (up to 929s, folder 31)
  Saved 940 frames (up to 939s, folder 32)
  Saved 950 frames (up to 949s, folder 32)
  Saved 960 frames (up to 959s, folder 32)
  Saved 970 frames (up to 969s, folder 33)
  Saved 980 frames (up to 979s, folder 33)
  Saved 990 frames (up to 989s, folder 33)
  Saved 1000 frames (up to 999s, folder 34)
  Saved 1010 frames (up to 1009s, folder 34)
  Saved 1020 frames (up to 1019s, folder 34)
  Saved 1030 frames (up to 1029s, folder 35)
  Saved 1040 frames (up to 1039s, folder 35)
  Saved 1050 frames (up to 1049s, folder 35)
  Saved 1060 frames (up to 1059s, folder 36)
  Saved 1070 frames (up to 1069s, folder 36)
  Saved 1080 frames (up to 1079s, folder 36)
  Saved 1090 frames (up to 1089s, folder 37)
  Saved 1100 frames (up to 1099s, folder 37)
  Saved 1110 frames (up to 1109s, folder 37)
  Saved 1120 frames (up to 1119s, folder 38)
  Saved 1130 frames (up to 1129s, folder 38)
  Saved 1140 frames (up to 1139s, folder 38)
  Saved 1150 frames (up to 1149s, folder 39)
  Saved 1160 frames (up to 1159s, folder 39)
  Saved 1170 frames (up to 1169s, folder 39)
  Saved 1180 frames (up to 1179s, folder 40)
  Saved 1190 frames (up to 1189s, folder 40)
  Saved 1200 frames (up to 1199s, folder 40)
  Saved 1210 frames (up to 1209s, folder 41)
  Saved 1220 frames (up to 1219s, folder 41)
  Saved 1230 frames (up to 1229s, folder 41)
  Saved 1240 frames (up to 1239s, folder 42)
  Saved 1250 frames (up to 1249s, folder 42)
  Saved 1260 frames (up to 1259s, folder 42)
  Saved 1270 frames (up to 1269s, folder 43)
  Saved 1280 frames (up to 1279s, folder 43)
  Saved 1290 frames (up to 1289s, folder 43)
  Saved 1300 frames (up to 1299s, folder 44)
  Saved 1310 frames (up to 1309s, folder 44)
  Saved 1320 frames (up to 1319s, folder 44)
  Saved 1330 frames (up to 1329s, folder 45)
  Saved 1340 frames (up to 1339s, folder 45)
  Saved 1350 frames (up to 1349s, folder 45)
  Saved 1360 frames (up to 1359s, folder 46)
  Saved 1370 frames (up to 1369s, folder 46)
  Saved 1380 frames (up to 1379s, folder 46)
  Saved 1390 frames (up to 1389s, folder 47)
  Saved 1400 frames (up to 1399s, folder 47)
  Saved 1410 frames (up to 1409s, folder 47)
  Saved 1420 frames (up to 1419s, folder 48)
  Saved 1430 frames (up to 1429s, folder 48)
  Saved 1440 frames (up to 1439s, folder 48)
  Saved 1450 frames (up to 1449s, folder 49)
  Saved 1460 frames (up to 1459s, folder 49)
  Saved 1470 frames (up to 1469s, folder 49)
  Saved 1480 frames (up to 1479s, folder 50)
  Saved 1490 frames (up to 1489s, folder 50)
  Saved 1500 frames (up to 1499s, folder 50)
  Saved 1510 frames (up to 1509s, folder 51)
  Saved 1520 frames (up to 1519s, folder 51)
  Saved 1530 frames (up to 1529s, folder 51)
  Saved 1540 frames (up to 1539s, folder 52)
  Saved 1550 frames (up to 1549s, folder 52)
  Saved 1560 frames (up to 1559s, folder 52)
  Saved 1570 frames (up to 1569s, folder 53)
  Saved 1580 frames (up to 1579s, folder 53)
  Saved 1590 frames (up to 1589s, folder 53)
  Saved 1600 frames (up to 1599s, folder 54)
  Saved 1610 frames (up to 1609s, folder 54)
  Saved 1620 frames (up to 1619s, folder 54)
  Saved 1630 frames (up to 1629s, folder 55)
  Saved 1640 frames (up to 1639s, folder 55)
  Saved 1650 frames (up to 1649s, folder 55)
  Saved 1660 frames (up to 1659s, folder 56)
  Saved 1670 frames (up to 1669s, folder 56)
  Saved 1680 frames (up to 1679s, folder 56)
  Saved 1690 frames (up to 1689s, folder 57)
  Saved 1700 frames (up to 1699s, folder 57)
  Saved 1710 frames (up to 1709s, folder 57)
  Saved 1720 frames (up to 1719s, folder 58)
  Saved 1730 frames (up to 1729s, folder 58)
  Saved 1740 frames (up to 1739s, folder 58)
  Saved 1750 frames (up to 1749s, folder 59)
  Saved 1760 frames (up to 1759s, folder 59)
  Saved 1770 frames (up to 1769s, folder 59)
  Saved 1780 frames (up to 1779s, folder 60)
  Saved 1790 frames (up to 1789s, folder 60)
  Saved 1800 frames (up to 1799s, folder 60)
  Saved 1810 frames (up to 1809s, folder 61)
  Saved 1820 frames (up to 1819s, folder 61)
  Saved 1830 frames (up to 1829s, folder 61)
  Saved 1840 frames (up to 1839s, folder 62)
  Saved 1850 frames (up to 1849s, folder 62)
  Saved 1860 frames (up to 1859s, folder 62)
  Saved 1870 frames (up to 1869s, folder 63)
  Saved 1880 frames (up to 1879s, folder 63)
  Saved 1890 frames (up to 1889s, folder 63)
  Saved 1900 frames (up to 1899s, folder 64)
  Saved 1910 frames (up to 1909s, folder 64)
  Saved 1920 frames (up to 1919s, folder 64)
  Saved 1930 frames (up to 1929s, folder 65)
  Saved 1940 frames (up to 1939s, folder 65)
  Saved 1950 frames (up to 1949s, folder 65)
  Saved 1960 frames (up to 1959s, folder 66)
  Saved 1970 frames (up to 1969s, folder 66)
  Saved 1980 frames (up to 1979s, folder 66)
  Saved 1990 frames (up to 1989s, folder 67)
  Saved 2000 frames (up to 1999s, folder 67)
  Saved 2010 frames (up to 2009s, folder 67)
  Saved 2020 frames (up to 2019s, folder 68)
  Saved 2030 frames (up to 2029s, folder 68)
  Saved 2040 frames (up to 2039s, folder 68)
  Saved 2050 frames (up to 2049s, folder 69)
  Saved 2060 frames (up to 2059s, folder 69)

✓ Extracted 2068 frames to data/frames/study_20

✓ Successfully processed study_20: 2068 frames saved
--------------------------------
Processing folder:  data/frames/study_20/1
Inserted 19 triples into graph for clip 1
--------------------------------
Processing folder:  data/frames/study_20/2
Inserted 19 triples into graph for clip 2
--------------------------------
Processing folder:  data/frames/study_20/3
Extracting summary for completed conversation 1...
Warning: Character '<Nova>' not found in graph, skipping attribute: supportive
Warning: Character '<Nova>' not found in graph, skipping relationship
✓ Conversation summary extracted. Attributes: 6, Relationships: 2
Inserted 17 triples into graph for clip 3
--------------------------------
Processing folder:  data/frames/study_20/4
Inserted 17 triples into graph for clip 4
--------------------------------
Processing folder:  data/frames/study_20/5
Inserted 11 triples into graph for clip 5
--------------------------------
Processing folder:  data/frames/study_20/6
Inserted 9 triples into graph for clip 6
--------------------------------
Processing folder:  data/frames/study_20/7
Inserted 22 triples into graph for clip 7
--------------------------------
Processing folder:  data/frames/study_20/8
Extracting summary for completed conversation 2...
Warning: Character '<Noah>' not found in graph, skipping attribute: helpful
Warning: Character '<Noah>' not found in graph, skipping relationship
Warning: Character '<Noah>' not found in graph, skipping relationship
✓ Conversation summary extracted. Attributes: 3, Relationships: 2
Inserted 17 triples into graph for clip 8
--------------------------------
Processing folder:  data/frames/study_20/9
Inserted 12 triples into graph for clip 9
--------------------------------
Processing folder:  data/frames/study_20/10
Extracting summary for completed conversation 3...
Warning: Character '<Nova>' not found in graph, skipping attribute: helpful
Warning: Character '<Nova>' not found in graph, skipping attribute: agreeable
Warning: Character '<Nova>' not found in graph, skipping relationship
✓ Conversation summary extracted. Attributes: 3, Relationships: 1
Inserted 15 triples into graph for clip 10
--------------------------------
Processing folder:  data/frames/study_20/11
Inserted 19 triples into graph for clip 11
--------------------------------
Processing folder:  data/frames/study_20/12
Inserted 14 triples into graph for clip 12
--------------------------------
Processing folder:  data/frames/study_20/13
Inserted 14 triples into graph for clip 13
--------------------------------
Processing folder:  data/frames/study_20/14
Inserted 22 triples into graph for clip 14
--------------------------------
Processing folder:  data/frames/study_20/15
Inserted 15 triples into graph for clip 15
--------------------------------
Processing folder:  data/frames/study_20/16
Inserted 15 triples into graph for clip 16
--------------------------------
Processing folder:  data/frames/study_20/17
Inserted 22 triples into graph for clip 17
--------------------------------
Processing folder:  data/frames/study_20/18
Inserted 18 triples into graph for clip 18
--------------------------------
Processing folder:  data/frames/study_20/19
Inserted 13 triples into graph for clip 19
--------------------------------
Processing folder:  data/frames/study_20/20
Inserted 14 triples into graph for clip 20
--------------------------------
Processing folder:  data/frames/study_20/21
Inserted 20 triples into graph for clip 21
--------------------------------
Processing folder:  data/frames/study_20/22
Extracting summary for completed conversation 4...
Warning: Character '<Nova>' not found in graph, skipping attribute: assistive/helper role
Warning: Character '<Nova>' not found in graph, skipping relationship
Warning: Character '<Nova>' not found in graph, skipping relationship
✓ Conversation summary extracted. Attributes: 10, Relationships: 4
Inserted 22 triples into graph for clip 22
--------------------------------
Processing folder:  data/frames/study_20/23
Inserted 12 triples into graph for clip 23
--------------------------------
Processing folder:  data/frames/study_20/24
Inserted 17 triples into graph for clip 24
--------------------------------
Processing folder:  data/frames/study_20/25
Inserted 17 triples into graph for clip 25
--------------------------------
Processing folder:  data/frames/study_20/26
Inserted 19 triples into graph for clip 26
--------------------------------
Processing folder:  data/frames/study_20/27
Inserted 17 triples into graph for clip 27
--------------------------------
Processing folder:  data/frames/study_20/28
Inserted 16 triples into graph for clip 28
--------------------------------
Processing folder:  data/frames/study_20/29
Inserted 16 triples into graph for clip 29
--------------------------------
Processing folder:  data/frames/study_20/30
Extracting summary for completed conversation 5...
✓ Conversation summary extracted. Attributes: 5, Relationships: 3
Inserted 17 triples into graph for clip 30
--------------------------------
Processing folder:  data/frames/study_20/31
Inserted 21 triples into graph for clip 31
--------------------------------
Processing folder:  data/frames/study_20/32
Inserted 25 triples into graph for clip 32
--------------------------------
Processing folder:  data/frames/study_20/33
Inserted 14 triples into graph for clip 33
--------------------------------
Processing folder:  data/frames/study_20/34
Inserted 27 triples into graph for clip 34
--------------------------------
Processing folder:  data/frames/study_20/35
Inserted 14 triples into graph for clip 35
--------------------------------
Processing folder:  data/frames/study_20/36
Inserted 17 triples into graph for clip 36
--------------------------------
Processing folder:  data/frames/study_20/37
Inserted 16 triples into graph for clip 37
--------------------------------
Processing folder:  data/frames/study_20/38
Inserted 32 triples into graph for clip 38
--------------------------------
Processing folder:  data/frames/study_20/39
Inserted 21 triples into graph for clip 39
--------------------------------
Processing folder:  data/frames/study_20/40
Inserted 17 triples into graph for clip 40
--------------------------------
Processing folder:  data/frames/study_20/41
Inserted 12 triples into graph for clip 41
--------------------------------
Processing folder:  data/frames/study_20/42
Inserted 18 triples into graph for clip 42
--------------------------------
Processing folder:  data/frames/study_20/43
Extracting summary for completed conversation 6...
✓ Conversation summary extracted. Attributes: 8, Relationships: 5
Inserted 9 triples into graph for clip 43
--------------------------------
Processing folder:  data/frames/study_20/44
Inserted 17 triples into graph for clip 44
--------------------------------
Processing folder:  data/frames/study_20/45
Inserted 16 triples into graph for clip 45
--------------------------------
Processing folder:  data/frames/study_20/46
Inserted 32 triples into graph for clip 46
--------------------------------
Processing folder:  data/frames/study_20/47
Inserted 14 triples into graph for clip 47
--------------------------------
Processing folder:  data/frames/study_20/48
Inserted 22 triples into graph for clip 48
--------------------------------
Processing folder:  data/frames/study_20/49
Inserted 11 triples into graph for clip 49
--------------------------------
Processing folder:  data/frames/study_20/50
Inserted 19 triples into graph for clip 50
--------------------------------
Processing folder:  data/frames/study_20/51
Inserted 11 triples into graph for clip 51
--------------------------------
Processing folder:  data/frames/study_20/52
Inserted 20 triples into graph for clip 52
--------------------------------
Processing folder:  data/frames/study_20/53
Inserted 18 triples into graph for clip 53
--------------------------------
Processing folder:  data/frames/study_20/54
Extracting summary for completed conversation 7...
✓ Conversation summary extracted. Attributes: 9, Relationships: 5
Inserted 23 triples into graph for clip 54
--------------------------------
Processing folder:  data/frames/study_20/55
Inserted 21 triples into graph for clip 55
--------------------------------
Processing folder:  data/frames/study_20/56
Inserted 10 triples into graph for clip 56
--------------------------------
Processing folder:  data/frames/study_20/57
Inserted 24 triples into graph for clip 57
--------------------------------
Processing folder:  data/frames/study_20/58
Inserted 16 triples into graph for clip 58
--------------------------------
Processing folder:  data/frames/study_20/59
Extracting summary for completed conversation 8...
✓ Conversation summary extracted. Attributes: 5, Relationships: 3
Inserted 17 triples into graph for clip 59
--------------------------------
Processing folder:  data/frames/study_20/60
Inserted 19 triples into graph for clip 60
--------------------------------
Processing folder:  data/frames/study_20/61
Inserted 20 triples into graph for clip 61
--------------------------------
Processing folder:  data/frames/study_20/62
Extracting summary for completed conversation 9...
Warning: Character '<Anne>' not found in graph, skipping attribute: informative
Warning: Character '<Anne>' not found in graph, skipping attribute: practical
Warning: Character '<Anne>' not found in graph, skipping attribute: directive
✓ Conversation summary extracted. Attributes: 6, Relationships: 2
Inserted 25 triples into graph for clip 62
--------------------------------
Processing folder:  data/frames/study_20/63
Inserted 17 triples into graph for clip 63
--------------------------------
Processing folder:  data/frames/study_20/64
Inserted 31 triples into graph for clip 64
--------------------------------
Processing folder:  data/frames/study_20/65
Inserted 21 triples into graph for clip 65
--------------------------------
Processing folder:  data/frames/study_20/66
Extracting summary for completed conversation 10...
✓ Conversation summary extracted. Attributes: 1, Relationships: 0
Inserted 24 triples into graph for clip 66
--------------------------------
Processing folder:  data/frames/study_20/67
Inserted 18 triples into graph for clip 67
--------------------------------
Processing folder:  data/frames/study_20/68
Extracting summary for completed conversation 11...
✓ Conversation summary extracted. Attributes: 2, Relationships: 0
Inserted 16 triples into graph for clip 68
--------------------------------
Processing folder:  data/frames/study_20/69
Inserted 26 triples into graph for clip 69
Extracting summary for final conversation 12...
✓ Final conversation summary extracted. Attributes: 5, Relationships: 4
Inserting character appearances for 8 characters...
✓ Character appearances inserted: 39 appearance edges created
283 node embeddings inserted (10 characters, 273 objects)
1338 edge embeddings inserted
Generating character attributes...
Number of edges:  1338
Character attributes generated.
Number of edges:  1389
Character relationships generated.
Number of edges:  1471
✓ Graph memory built for study_20
Question: Is the air conditioner turned on by the robot blowing cold air or warm air?

[Step 1] Searching the graph...
Parse Query Output:
{
  "query_triple": ["air conditioner", "is turned on by", "robot", 0.6, 0.3, 0.9],
  "spatial_constraint": null,
  "speaker_strict": null,
  "allocation": {
    "k_high_level": 5,
    "k_low_level": 38,
    "k_conversations": 7,
    "total_k": 50,
    "reasoning": "Action/state query about device operation caused by robot; prioritize low-level edges to detect whether AC is on and whether robot blows cold or warm air, with minimal high-level/context and a small amount of dialogue for confirmations."
  }
}

Graph Search Results:
**High-Level Information (Character Attributes and Relationships): **

Character Attributes:
- robot is: camera holder (100), black gloves (100)

Character Relationships:
- robot cooperates with female (85)
- robot provides assistance to Anna (85)
- robot assists in study-related tasks for Tom (85)

**Low-Level Information (Actions and Events): **

[2] robot enters room. (bedroom)
[2] robot holds camera. (bedroom)
[10] robot looks at living room area. (home interior with living room and kitchen)
[10] robot turns toward adjacent kitchen. (home interior with living room and kitchen)
[11] robot holds camera. (kitchen-living room)
[11] robot approaches countertop appliance. (kitchen-living room)
[11] robot walks toward living room. (kitchen-living room)
[11] robot stops at window area. (kitchen-living room)
[14] robot turns door handle. (bedroom)
[30] robot looks down toward living room. (apartment kitchen and living room)
[30] robot pans across window. (apartment kitchen and living room)
[30] robot pans across curtain. (apartment kitchen and living room)
[30] robot turns toward kitchen area. (apartment kitchen and living room)
[31] robot holds over camera. (kitchen sink)
[32] robot adjusts faucet. (home kitchen and living room with staircase)
[32] robot does without turning on water. (home kitchen and living room with staircase)
[33] robot enters bedroom. (bedroom)
[48] robot moves closer with camera. (bedroom study desk)
[49] robot holds camera. (bedroom desk)
[57] robot holds camera. (bedroom)
[62] robot pans camera. (kitchen)
[62] robot focuses camera. (kitchen)
[62] robot opens refrigerator door. (kitchen)
[62] robot uses camera. (kitchen)
[62] robot shifts container. (kitchen)
[62] robot closes partially refrigerator door. (kitchen)
[63] robot opens refrigerator door. (kitchen)
[63] robot closes refrigerator door. (kitchen)
[63] robot looks toward balcony. (kitchen)
[63] robot turns back toward sliding door. (kitchen)
[63] robot turns back toward refrigerator. (kitchen)
[64] robot looks at faucet. (apartment interior)
[64] robot looks at covered pan. (apartment interior)
[64] robot moves into living room. (apartment interior)
[64] robot examines window. (apartment interior)
[64] robot examines curtain. (apartment interior)
[65] robot enters bedroom. (bedroom)
[67] robot holds near camera. (bedroom)

**Conversations: **

Conversation 4: Tom struggles with difficult math homework and feels cold. Anna encourages him to take homework seriously, offers help from herself or Nova, suggests resting and eating fruit, and arranges to turn on the air conditioner via Nova. Tom has not finished yet and Anna asks him to inform her when done.
[18] Anna: let you finish this problem
[19] Tom: ah
[19] Anna: you feel so cold
[19] Tom: yeah i do feel a little bit cold
[19] Anna: do you need to turn on the air conditioner
[19] Tom: hmm yeah
[20] Anna: okay hey Nova, hand me the controller please
[20] Anna: which is on the middle side of the shelf
[20] Anna: and then turn on air
[20] Anna: conditioner please
[21] Anna: okay thank you that's enough
[21] Anna: do you finish your homework

Conversation 3: Tom expresses a need for water, and Nova agrees to help. The interaction centers on a simple request and an affirmation to assist, indicating cooperation.
[9] Tom: Nova I'm so thirsty please help me get water
[9] Nova: okay

[Step 2] Evaluating semantic answer...
Action: [Answer]
Content: Cold air.
FINAL ANSWER (from graph):
Cold air.
Question: Is Tom able to finish her maths homework all by herself?

[Step 1] Searching the graph...
Parse Query Output:
{
  "query_triple": ["<Tom>", "finishes", "maths homework", 0.95, 0.6, 0.7],
  "spatial_constraint": null,
  "speaker_strict": null,
  "allocation": {
    "k_high_level": 6,
    "k_low_level": 34,
    "k_conversations": 10,
    "total_k": 50,
    "reasoning": "Ability/completion query about a specific task. Prioritize low-level action/state edges to see if Tom completes the homework and whether help is involved; include some high-level for capability traits and a small portion of conversations for mentions of working alone or receiving help."
  }
}

Graph Search Results:
**High-Level Information (Character Attributes and Relationships): **

Character Attributes:
- Tom is: male (100)

Character Relationships:
- Nova assists Tom (85)
- Anna supervises Tom (85)
- Tom relies on Anna (90)
- Anne supervises Tom (80)
- Anna cares for Tom (85)

**Low-Level Information (Actions and Events): **

[2] Tom explains math homework. (bedroom)
[7] Tom writes on paper. (bedroom study nook)
[7] Tom looks over worksheet. (bedroom study nook)
[8] Tom writes on stack of paper. (bedroom study desk)
[8] Tom continues filling out form page. (bedroom study desk)
[8] Tom starts on next sheet. (bedroom study desk)
[9] Tom writes on stack of paper. (bedroom)
[12] Tom writes on paper. (bedroom)
[13] Tom writes on paper. (bedroom study corner)
[14] Tom continues writing paper. (bedroom)
[14] Tom is serious with homework. (bedroom)
[15] Tom writes on worksheet. (bedroom study area)
[15] Tom flips worksheet page. (bedroom study area)
[15] Tom continues solving problem. (bedroom study area)
[16] Tom writes on paper. (bedroom)
[17] Tom repeats question. (bedroom)
[21] Tom writes on paper. (bedroom)
[21] Tom finishes. (bedroom)
[22] Tom writes on stack of paper. (bedroom study nook)
[22] Tom continues filling out next sheet. (bedroom study nook)
[22] Tom straightens stack of paper. (bedroom study nook)
[23] Tom writes on paper. (bedroom desk)
[23] Tom resumes writing on new page. (bedroom desk)
[24] Tom writes on paper. (bedroom)
[25] Tom writes on sheet of paper. (bedroom)
[26] Tom writes on paper. (bedroom)
[26] Tom writes on worksheet. (bedroom)
[27] Tom writes on paper. (bedroom)
[27] Tom continues writing on worksheet. (bedroom)
[39] Tom starts reading worksheet. (bedroom)
[39] Tom writes on worksheet. (bedroom)
[40] Tom says plan to revise first math homework. (bedroom)
[42] Tom revises work. (bedroom)
[46] Tom checks worksheet. (bedroom)

**Conversations: **

Conversation 6: The group discusses studying and exams, with Anna encouraging hard work and attention to detail, especially in math. Tom wants to prioritize revising his math despite missing his English textbook. Anna asks Nova to check Tom's work, and Nova identifies several incorrect answers for Tom to redo. The group agrees Tom should revise the wrong problems.
[36] Anna: you know a detail can be a much big difference
[37] Anna: when we have this grape, just ready to fill homework
[37] Tom: but I almost finished my math test paper
[37] Anna: hmm
[37] Tom: oh
[39] Anna: you can find it in bookshelf
[40] Tom: but i think today's English is not so difficult
[40] Tom: so i want to revise my math homework first
[40] Anna: okay
[40] Anna: hi Nova

Conversation 1: Anna prompts Tom to start his homework, and Tom acknowledges and asks Nova for assistance with closing the study door. Tom outlines his homework subjects: math (a test paper), English, and physics.
[1] Anna: hey Tom, it's time for your homework
[1] Tom: ok I'll do it Nova please help me close the study door
[2] Tom: today's subjects are math
[2] Tom: English and physics
[2] Tom: the math homework is a test paper

Conversation 4: Tom struggles with difficult math homework and feels cold. Anna encourages him to take homework seriously, offers help from herself or Nova, suggests resting and eating fruit, and arranges to turn on the air conditioner via Nova. Tom has not finished yet and Anna asks him to inform her when done.
[14] Anna: How was your homework?
[14] Tom: Hmm.
[14] Anna: Why are there so many maths problems unfinished?
[14] Anna: You can not make it?
[14] Tom: Yeah.
[14] Anna: Be serious with your homework.
[15] Tom: but today's math test paper is so difficult to solve
[15] Anna: if you have any questions
[15] Anna: ask me or nova

Conversation 8: Tom says he is done and Anna reviews his homework, confirming everything is correct and praising his performance. Anna encourages Tom to maintain his top standing, while Tom prioritizes finishing remaining homework, particularly physics, and going to sleep. The exchange ends with Anna asking about Tom’s physics book.
[57] Tom: im done
[57] Anna: okay nova
[57] Anna: please check tom's homework
[57] Anna: OK all are right
[57] Anna: okay Tom you did a very good job
[58] Tom: Hmm.
[58] Tom: I hope so but.
[58] Tom: But I just want to finish the rest of my homework and go to sleep.
[58] Tom: Next.
[58] Tom: My physics yeah.

Conversation 7: Anna supervises Tom's work, pointing out repeated mistakes on math problems 7 and 14 and asking Nova to teach him. Nova attempts to explain solutions, though the explanations are unclear. Tom acknowledges his distraction and apologizes, then agrees to finish math and move to English. Tom asks Nova for his English textbook, and Nova agrees.
[52] Tom: I got it
[52] Anne: okay
[52] Anne: finish your math task
[52] Anne: right now and then move on to your English tasks
[52] Tom: Nova please bring me my English textbook

[Step 2] Evaluating semantic answer...
Action: [Answer]
Content: No; Tom needed assistance and revisions guided by Anna and Nova to finish his math homework.
FINAL ANSWER (from graph):
No; Tom needed assistance and revisions guided by Anna and Nova to finish his math homework.
Question: What is tom's attitude towards English，confident or negative??

[Step 1] Searching the graph...
Parse Query Output:
{
  "query_triple": ["<Tom>", "attitude towards", "English", 0.95, 0.3, 0.7],
  "spatial_constraint": null,
  "speaker_strict": null,
  "allocation": {
    "k_high_level": 9,
    "k_low_level": 6,
    "k_conversations": 35,
    "total_k": 50,
    "reasoning": "Attitude/trait query—use high-level edges for character attributes, and conversations to find evidence of confidence or negativity toward English. Low-level edges minimally for any specific actions indicating attitude."
  }
}

Graph Search Results:
**High-Level Information (Character Attributes and Relationships): **

Character Relationships:
- Tom relies on Anna (90)
- Anna cares for Tom (85)
- Anna encourages Tom (85)
- Anna supervises Tom (85)
- Anna is mentor/teacher of Tom (95)
- Tom subordinate to Anna (80)
- Anna guides/oversees Tom (80)
- Tom accepts guidance from Anne (75)
- Anne supervises Tom (80)

**Low-Level Information (Actions and Events): **

[21] Anna looks toward Tom. (bedroom)
[38] Tom searches for English textbook. (bedroom)
[40] Tom looks toward Anna. (bedroom)
[40] Tom states opinion about English assignment. (bedroom)
[52] Tom requests Tom's English textbook. (bedroom study desk)
[53] Tom asks to bring Tom's English textbook. (bedroom)

**Conversations: **

Conversation 1: Anna prompts Tom to start his homework, and Tom acknowledges and asks Nova for assistance with closing the study door. Tom outlines his homework subjects: math (a test paper), English, and physics.
[1] Tom: ok I'll do it Nova please help me close the study door
[2] Tom: today's subjects are math
[2] Tom: English and physics
[2] Tom: the math homework is a test paper

Conversation 6: The group discusses studying and exams, with Anna encouraging hard work and attention to detail, especially in math. Tom wants to prioritize revising his math despite missing his English textbook. Anna asks Nova to check Tom's work, and Nova identifies several incorrect answers for Tom to redo. The group agrees Tom should revise the wrong problems.
[36] Anna: you know a detail can be a much big difference
[37] Anna: when we have this grape, just ready to fill homework
[37] Tom: but I almost finished my math test paper
[37] Anna: hmm
[37] Tom: oh
[37] Tom: there are still two problems left yeah
[37] Tom: i cannot solve
[38] Anna: and ask ask Nova to check it
[38] Anna: and then teach you what you can do
[38] Tom: okay
[38] Tom: but my English textbook isn't here
[39] Anna: isn't here
[39] Tom: yeah
[39] Anna: i don't know when because maybe today
[39] Anna: you don't have English class
[39] Anna: but in a bookshelf
[39] Anna: you can find it in bookshelf
[40] Tom: but i think today's English is not so difficult
[40] Tom: so i want to revise my math homework first
[40] Anna: okay
[41] Nova: okay your
[41] Nova: your one five seven nine eleven fourteen is wrong
[41] Anna: hey Tom, please revise what you have done is wrong
[42] Anna: redo it

Conversation 7: Anna supervises Tom's work, pointing out repeated mistakes on math problems 7 and 14 and asking Nova to teach him. Nova attempts to explain solutions, though the explanations are unclear. Tom acknowledges his distraction and apologizes, then agrees to finish math and move to English. Tom asks Nova for his English textbook, and Nova agrees.
[45] Anna: are you done
[45] Tom: im okay
[45] Anna: nova check it again
[45] Nova: OK right now
[46] Anna: hi Tom
[46] Anna: are you taking seriously
[46] Tom: hmm
[46] Anna: once again
[46] Anna: you made the same mistake once again
[46] Tom: which one
[46] Anna: the seven and fourteen
[47] Anna: do you know where you're wrong
[51] Nova: and then you added them together
[52] Nova: you can get the answer is two thousand and sixteen
[52] Tom: I got it
[52] Anne: okay
[52] Anne: finish your math task
[52] Anne: right now and then move on to your English tasks
[52] Tom: Nova please bring me my English textbook
[53] Tom: Nova please bring me my English textbook.
[53] Nova: OK.
[53] Tom: Thank you.

Conversation 4: Tom struggles with difficult math homework and feels cold. Anna encourages him to take homework seriously, offers help from herself or Nova, suggests resting and eating fruit, and arranges to turn on the air conditioner via Nova. Tom has not finished yet and Anna asks him to inform her when done.
[13] Tom: yes
[14] Anna: How was your homework?
[14] Tom: Hmm.
[14] Anna: Why are there so many maths problems unfinished?
[14] Anna: You can not make it?
[14] Tom: Yeah.
[14] Anna: Be serious with your homework.
[15] Tom: but today's math test paper is so difficult to solve
[15] Anna: if you have any questions
[15] Anna: ask me or nova
[17] Anna: but I don't want eat durian right now
[17] Tom: yeah it's not the durian you love to eat, is it?
[18] Tom: you know i hate that smile
[18] Anna: okay that's fine
[18] Anna: let you finish this problem
[19] Tom: ah
[19] Anna: you feel so cold
[19] Tom: yeah i do feel a little bit cold
[19] Anna: do you need to turn on the air conditioner
[19] Tom: hmm yeah
[20] Anna: okay hey Nova, hand me the controller please
[20] Anna: which is on the middle side of the shelf
[21] Anna: do you finish your homework
[21] Anna: Tom
[21] Tom: no
[21] Anna: okay
[21] Anna: when you finish, please tell me

Conversation 8: Tom says he is done and Anna reviews his homework, confirming everything is correct and praising his performance. Anna encourages Tom to maintain his top standing, while Tom prioritizes finishing remaining homework, particularly physics, and going to sleep. The exchange ends with Anna asking about Tom’s physics book.
[57] Tom: im done
[57] Anna: okay nova
[57] Anna: please check tom's homework
[57] Anna: OK all are right
[57] Anna: okay Tom you did a very good job
[57] Anna: i hope you can keep keeping it and keep your number one
[58] Anna: I hope you can keep keeping it and keep your number one.
[58] Anna: Previous in English.
[58] Tom: Hmm.
[58] Tom: I hope so but.
[58] Tom: But I just want to finish the rest of my homework and go to sleep.
[58] Tom: Next.
[58] Tom: My physics yeah.
[58] Anna: Where is your physic book?

Conversation 12: Tom reported his work as complete. Anne asked Nova to verify it, and Nova confirmed, after which Anne stated everything was correct. Anne then directed Tom to drink a bottle of milk and take a nap, which Tom acknowledged.
[69] Tom: done
[69] Anne: okay nova
[69] Anne: please check tom's work
[69] Anne: okay all are right
[69] Anne: and Tom drink this this bottle of milk and go to have a nap
[69] Tom: okay

Conversation 2: Tom’s pen ran out of ink, and he requested Noah to retrieve a new pen from the bookshelf. The interaction is brief and centers on a simple assistance request with polite acknowledgment.
[7] Tom: oh the ink of this pen is run out Noah
[7] Tom: please help me get a new pen from the bookshelf
[7] Tom: thank you

Conversation 10: The conversation is effectively empty, containing only a brief thank-you from Tom. No substantive topics, decisions, or outcomes are discussed.
[65] Tom: thank you

[Step 2] Evaluating semantic answer...
Action: [Answer]
Content: Tom is confident about English.
FINAL ANSWER (from graph):
Tom is confident about English.
Question: Was Tom able to concentrate on his homework?

[Step 1] Searching the graph...
Parse Query Output:
{
  "query_triple": ["<Tom>", "able to concentrate on", "homework", 0.95, 0.3, 0.7],
  "spatial_constraint": null,
  "speaker_strict": null,
  "allocation": {
    "k_high_level": 6,
    "k_low_level": 24,
    "k_conversations": 20,
    "total_k": 50,
    "reasoning": "Binary/ability question about an activity; use low-level edges to see actions/states related to studying/focus, some high-level for traits like 'distracted/focused', and conversations for self-reported ability or interruptions."
  }
}

Graph Search Results:
**High-Level Information (Character Attributes and Relationships): **

Character Relationships:
- Tom relies on Anna (90)
- Nova assists Tom (85)
- Anna cares for Tom (85)
- robot assists in study-related tasks for Tom (85)
- Nova provides academic feedback to Tom (80)
- Tom relies on Nova (75)

**Low-Level Information (Actions and Events): **

[2] Tom explains math homework. (bedroom)
[7] Tom writes on paper. (bedroom study nook)
[7] Tom looks over worksheet. (bedroom study nook)
[12] Tom writes on paper. (bedroom)
[13] Tom writes on paper. (bedroom study corner)
[13] Tom keeps left hand on notebook. (bedroom study corner)
[14] Tom is serious with homework. (bedroom)
[16] Tom writes on paper. (bedroom)
[16] Tom glances toward paper. (bedroom)
[21] Tom writes on paper. (bedroom)
[22] Tom glances toward paper. (bedroom study nook)
[22] Tom looks at notebook. (bedroom study nook)
[22] Tom remains focused on desk. (bedroom study nook)
[23] Tom writes on paper. (bedroom desk)
[23] Tom keeps left hand on paper. (bedroom desk)
[23] Tom steadies paper. (bedroom desk)
[24] Tom writes on paper. (bedroom)
[26] Tom writes on paper. (bedroom)
[27] Tom writes on paper. (bedroom)
[39] Tom looks down at paper. (bedroom)
[39] Tom keeps reviewing paperwork. (bedroom)
[40] Tom states opinion about English assignment. (bedroom)
[40] Tom says plan to revise first math homework. (bedroom)
[42] Tom revises work. (bedroom)

**Conversations: **

Conversation 7: Anna supervises Tom's work, pointing out repeated mistakes on math problems 7 and 14 and asking Nova to teach him. Nova attempts to explain solutions, though the explanations are unclear. Tom acknowledges his distraction and apologizes, then agrees to finish math and move to English. Tom asks Nova for his English textbook, and Nova agrees.
[46] Anna: hi Tom
[46] Anna: are you taking seriously
[46] Tom: hmm
[46] Anna: once again
[46] Anna: you made the same mistake once again
[47] Anna: are you always focused on your paper right now
[47] Tom: im so sorry
[47] Tom: i was indeed a bit distracted
[48] Anna: okay
[48] Anna: fine, Nova, teach Tom how to do what she has done is wrong

Conversation 8: Tom says he is done and Anna reviews his homework, confirming everything is correct and praising his performance. Anna encourages Tom to maintain his top standing, while Tom prioritizes finishing remaining homework, particularly physics, and going to sleep. The exchange ends with Anna asking about Tom’s physics book.
[57] Tom: im done
[57] Anna: okay nova
[57] Anna: please check tom's homework
[57] Anna: OK all are right
[57] Anna: okay Tom you did a very good job
[58] Anna: I hope you can keep keeping it and keep your number one.
[58] Anna: Previous in English.
[58] Tom: Hmm.
[58] Tom: I hope so but.
[58] Tom: But I just want to finish the rest of my homework and go to sleep.
[58] Tom: Next.
[58] Tom: My physics yeah.

Conversation 6: The group discusses studying and exams, with Anna encouraging hard work and attention to detail, especially in math. Tom wants to prioritize revising his math despite missing his English textbook. Anna asks Nova to check Tom's work, and Nova identifies several incorrect answers for Tom to redo. The group agrees Tom should revise the wrong problems.
[36] Anna: you know a detail can be a much big difference
[37] Anna: when we have this grape, just ready to fill homework
[37] Tom: but I almost finished my math test paper
[37] Anna: hmm
[37] Tom: oh
[37] Tom: there are still two problems left yeah
[37] Tom: i cannot solve
[38] Anna: and ask ask Nova to check it
[38] Anna: and then teach you what you can do
[38] Tom: okay
[38] Tom: but my English textbook isn't here
[39] Anna: isn't here
[39] Tom: yeah
[39] Anna: you can find it in bookshelf
[40] Tom: but i think today's English is not so difficult
[40] Tom: so i want to revise my math homework first
[40] Anna: okay
[40] Anna: hi Nova

Conversation 1: Anna prompts Tom to start his homework, and Tom acknowledges and asks Nova for assistance with closing the study door. Tom outlines his homework subjects: math (a test paper), English, and physics.
[1] Anna: hey Tom, it's time for your homework
[1] Tom: ok I'll do it Nova please help me close the study door
[2] Tom: today's subjects are math
[2] Tom: English and physics
[2] Tom: the math homework is a test paper

Conversation 4: Tom struggles with difficult math homework and feels cold. Anna encourages him to take homework seriously, offers help from herself or Nova, suggests resting and eating fruit, and arranges to turn on the air conditioner via Nova. Tom has not finished yet and Anna asks him to inform her when done.
[13] Tom: yes
[14] Anna: How was your homework?
[14] Tom: Hmm.
[14] Anna: Why are there so many maths problems unfinished?
[14] Anna: You can not make it?
[14] Tom: Yeah.
[14] Anna: Be serious with your homework.
[15] Tom: but today's math test paper is so difficult to solve
[15] Anna: if you have any questions
[15] Anna: ask me or nova
[19] Tom: yeah i do feel a little bit cold
[19] Anna: do you need to turn on the air conditioner
[19] Tom: hmm yeah
[20] Anna: okay hey Nova, hand me the controller please
[20] Anna: which is on the middle side of the shelf
[21] Anna: do you finish your homework
[21] Anna: Tom
[21] Tom: no
[21] Anna: okay
[21] Anna: when you finish, please tell me

Conversation 12: Tom reported his work as complete. Anne asked Nova to verify it, and Nova confirmed, after which Anne stated everything was correct. Anne then directed Tom to drink a bottle of milk and take a nap, which Tom acknowledged.
[69] Anne: okay all are right
[69] Anne: and Tom drink this this bottle of milk and go to have a nap
[69] Tom: okay

[Step 2] Evaluating semantic answer...
Action: [Answer]
Content: He had some distractions but overall concentrated and completed his homework.
FINAL ANSWER (from graph):
He had some distractions but overall concentrated and completed his homework.
Question: Is Tom used to studying with the study door open?

[Step 1] Searching the graph...
Parse Query Output:
{
  "query_triple": ["<Tom>", "habit of studying with door open", null, 0.95, 0.25, 0.1],
  "spatial_constraint": "study",
  "speaker_strict": null,
  "allocation": {
    "k_high_level": 8,
    "k_low_level": 20,
    "k_conversations": 22,
    "total_k": 50,
    "reasoning": "This is a habitual/behavioral question tied to environment. Use some high-level edges for traits/habits, low-level edges to verify scenes of Tom studying with door open/closed in the study, and conversations to capture explicit mentions like 'I always study with the door open.'"
  }
}

Graph Search Results:
**High-Level Information (Character Attributes and Relationships): **

Character Attributes:
- Tom is: unseen speaker (100), male (100), voice only in subtitles (100), student (95), diligent about studies (85), task-oriented (90)

Character Relationships:
- Anna is mentor/teacher of Tom (95)
- Tom relies on Anna (90)

**Low-Level Information (Actions and Events): **

[8] Tom writes with pen. (bedroom study desk)
[8] Tom glances toward tablet. (bedroom study desk)
[8] Tom reads sheet. (bedroom study desk)
[13] Tom keeps left hand on notebook. (bedroom study corner)
[13] Tom glances briefly toward bookshelf. (bedroom study corner)
[13] Tom looks briefly toward bed. (bedroom study corner)
[13] Tom writes steadily. (bedroom study corner)
[15] Tom sits at desk. (bedroom study area)
[15] Tom writes on worksheet. (bedroom study area)
[15] Anna stands beside Tom. (bedroom study area)
[15] Anna watches Tom. (bedroom study area)
[15] Tom flips worksheet page. (bedroom study area)
[15] Anna rests hand on shoulder Tom. (bedroom study area)
[15] Tom continues solving problem. (bedroom study area)
[15] Tom declines. (bedroom study area)
[15] Tom keeps writing. (bedroom study area)
[15] Tom keeps working. (bedroom study area)
[45] Tom speaks. (bedroom study area)
[45] Tom stands near Anna. (bedroom study area)
[48] Anna instructs to teach Tom. (bedroom study desk)

**Conversations: **

Conversation 1: Anna prompts Tom to start his homework, and Tom acknowledges and asks Nova for assistance with closing the study door. Tom outlines his homework subjects: math (a test paper), English, and physics.
[1] Anna: hey Tom, it's time for your homework
[1] Tom: ok I'll do it Nova please help me close the study door
[2] Tom: today's subjects are math
[2] Tom: English and physics
[2] Tom: the math homework is a test paper

Conversation 6: The group discusses studying and exams, with Anna encouraging hard work and attention to detail, especially in math. Tom wants to prioritize revising his math despite missing his English textbook. Anna asks Nova to check Tom's work, and Nova identifies several incorrect answers for Tom to redo. The group agrees Tom should revise the wrong problems.
[36] Anna: you know a detail can be a much big difference
[37] Anna: when we have this grape, just ready to fill homework
[37] Tom: but I almost finished my math test paper
[37] Anna: hmm
[37] Tom: oh
[37] Tom: there are still two problems left yeah
[37] Tom: i cannot solve
[38] Anna: and ask ask Nova to check it
[38] Anna: and then teach you what you can do
[38] Tom: okay
[38] Tom: but my English textbook isn't here
[39] Anna: isn't here
[39] Tom: yeah

Conversation 4: Tom struggles with difficult math homework and feels cold. Anna encourages him to take homework seriously, offers help from herself or Nova, suggests resting and eating fruit, and arranges to turn on the air conditioner via Nova. Tom has not finished yet and Anna asks him to inform her when done.
[13] Tom: yes
[14] Anna: How was your homework?
[14] Tom: Hmm.
[14] Anna: Why are there so many maths problems unfinished?
[14] Anna: You can not make it?
[14] Tom: Yeah.
[14] Anna: Be serious with your homework.
[15] Tom: but today's math test paper is so difficult to solve
[15] Anna: if you have any questions
[15] Anna: ask me or nova
[19] Tom: yeah i do feel a little bit cold
[19] Anna: do you need to turn on the air conditioner
[19] Tom: hmm yeah
[20] Anna: okay hey Nova, hand me the controller please
[20] Anna: which is on the middle side of the shelf

Conversation 7: Anna supervises Tom's work, pointing out repeated mistakes on math problems 7 and 14 and asking Nova to teach him. Nova attempts to explain solutions, though the explanations are unclear. Tom acknowledges his distraction and apologizes, then agrees to finish math and move to English. Tom asks Nova for his English textbook, and Nova agrees.
[46] Anna: hi Tom
[46] Anna: are you taking seriously
[46] Tom: hmm
[46] Anna: once again
[46] Anna: you made the same mistake once again
[47] Anna: are you always focused on your paper right now
[47] Tom: im so sorry
[47] Tom: i was indeed a bit distracted
[48] Anna: okay
[48] Anna: fine, Nova, teach Tom how to do what she has done is wrong
[52] Anne: finish your math task
[52] Anne: right now and then move on to your English tasks
[52] Tom: Nova please bring me my English textbook
[53] Tom: Nova please bring me my English textbook.
[53] Nova: OK.
[53] Tom: Thank you.

Conversation 8: Tom says he is done and Anna reviews his homework, confirming everything is correct and praising his performance. Anna encourages Tom to maintain his top standing, while Tom prioritizes finishing remaining homework, particularly physics, and going to sleep. The exchange ends with Anna asking about Tom’s physics book.
[58] Anna: I hope you can keep keeping it and keep your number one.
[58] Anna: Previous in English.
[58] Tom: Hmm.
[58] Tom: I hope so but.
[58] Tom: But I just want to finish the rest of my homework and go to sleep.
[58] Tom: Next.
[58] Tom: My physics yeah.
[58] Anna: Where is your physic book?

Conversation 12: Tom reported his work as complete. Anne asked Nova to verify it, and Nova confirmed, after which Anne stated everything was correct. Anne then directed Tom to drink a bottle of milk and take a nap, which Tom acknowledged.
[69] Anne: okay all are right
[69] Anne: and Tom drink this this bottle of milk and go to have a nap
[69] Tom: okay

Conversation 2: Tom’s pen ran out of ink, and he requested Noah to retrieve a new pen from the bookshelf. The interaction is brief and centers on a simple assistance request with polite acknowledgment.
[7] Tom: oh the ink of this pen is run out Noah
[7] Tom: please help me get a new pen from the bookshelf
[7] Tom: thank you

[Step 2] Evaluating semantic answer...
Action: [Answer]
Content: No, Tom asked Nova to close the study door, indicating he prefers it closed.
FINAL ANSWER (from graph):
No, Tom asked Nova to close the study door, indicating he prefers it closed.
Question: What fruits should the robot wash?

[Step 1] Searching the graph...
Parse Query Output:
{
  "query_triple": ["<robot>", "should wash", "fruits", 0.95, 0.25, 0.6],
  "spatial_constraint": null,
  "speaker_strict": null,
  "allocation": {
    "k_high_level": 4,
    "k_low_level": 38,
    "k_conversations": 8,
    "total_k": 50,
    "reasoning": "Action/content query about tasks and objects; prioritize low-level edges to find which specific fruits are to be washed, with a small portion for possible instructions mentioned in dialogue."
  }
}

Graph Search Results:
**High-Level Information (Character Attributes and Relationships): **

Character Attributes:
- robot is: black gloves (100), camera holder (100)

Character Relationships:
- robot cooperates with female (85)
- robot provides assistance to Anna (85)

**Low-Level Information (Actions and Events): **

[7] robot hands pen. (bedroom study nook)
[30] robot walks into kitchen. (apartment kitchen and living room)
[30] robot reaches for bowl of green grape. (apartment kitchen and living room)
[30] robot lifts slightly bowl. (apartment kitchen and living room)
[30] robot inspects bowl. (apartment kitchen and living room)
[30] robot runs water over strawberry in strainer. (apartment kitchen and living room)
[30] robot rinses under tap strawberry. (apartment kitchen and living room)
[32] robot holds blue bowl of strawberry. (home kitchen and living room with staircase)
[32] robot adjusts faucet. (home kitchen and living room with staircase)
[32] robot does without turning on water. (home kitchen and living room with staircase)
[32] robot places strawberry bowl. (home kitchen and living room with staircase)
[32] robot picks up green fruit. (home kitchen and living room with staircase)
[32] robot carries strawberry bowl. (home kitchen and living room with staircase)
[32] robot walks from kitchen. (home kitchen and living room with staircase)
[32] robot holds strawberry bowl. (home kitchen and living room with staircase)
[32] robot balances strawberry bowl. (home kitchen and living room with staircase)
[33] robot holds blue plate of strawberry. (bedroom)
[33] robot holds white bowl with green fruit. (bedroom)
[33] robot carries bowl. (bedroom)
[33] robot holds bowl. (bedroom)
[62] robot opens refrigerator door. (kitchen)
[62] robot scans shelf. (kitchen)
[62] robot touches blue-and-white carton. (kitchen)
[62] robot shifts container. (kitchen)
[62] robot lifts slightly blue-and-white carton. (kitchen)
[63] robot opens refrigerator door. (kitchen)
[63] robot picks up carton. (kitchen)
[63] robot closes refrigerator door. (kitchen)
[63] robot looks toward balcony. (kitchen)
[63] robot turns back toward refrigerator. (kitchen)
[64] robot looks at faucet. (apartment interior)
[64] robot scans bowl. (apartment interior)
[64] robot scans plate. (apartment interior)
[64] robot reaches for carton. (apartment interior)
[64] robot carries carton. (apartment interior)
[64] robot holds carton. (apartment interior)
[65] robot has milk carton. (bedroom)
[67] robot hands toward female. (bedroom)

**Conversations: **

Conversation 5: Anna asks Nova to wash fruits for Tom, then updates her request to include strawberries for herself. The interaction centers on coordinating a small task and adjusting preferences.
[29] Anna: hey nova please wash some fruits for Tom
[29] Nova: okay
[29] Anna: wait a minute i want to eat some strawberries

Conversation 6: The group discusses studying and exams, with Anna encouraging hard work and attention to detail, especially in math. Tom wants to prioritize revising his math despite missing his English textbook. Anna asks Nova to check Tom's work, and Nova identifies several incorrect answers for Tom to redo. The group agrees Tom should revise the wrong problems.
[34] unknown_woman_1: yeah
[34] Anna: you want to continue? okay that's fine
[34] unknown_woman_1: um let's have some fruits first
[35] Tomi: I feel like this semester passes so quickly.
[35] Tomi: And our exams are coming again.
[36] Anna: and remember to pay attention to the details especially in maths
[36] Anna: you know a detail can be a much big difference
[37] Anna: when we have this grape, just ready to fill homework
[37] Tom: but I almost finished my math test paper
[37] Anna: hmm

Conversation 4: Tom struggles with difficult math homework and feels cold. Anna encourages him to take homework seriously, offers help from herself or Nova, suggests resting and eating fruit, and arranges to turn on the air conditioner via Nova. Tom has not finished yet and Anna asks him to inform her when done.
[15] Anna: ask me or nova
[15] Anna: if you feel tired
[15] Anna: why not have a rest and eat some fruit
[15] Tom: let me finish this question
[16] Anna: Tom, do you want to have some fresh fruit
[17] Anna: today we just bought, bought a lot of fruit
[17] Tom: it's not the durian you love to eat, is it
[17] Anna: except my favorite durian and your favorite grapes
[17] Anna: but I don't want eat durian right now
[17] Tom: yeah it's not the durian you love to eat, is it?

[Step 2] Evaluating semantic answer...
Action: [Answer]
Content: The robot should wash fruits for Tom and include strawberries for Anna.
FINAL ANSWER (from graph):
The robot should wash fruits for Tom and include strawberries for Anna.
Question: Where should robots go to find Tom's English book

[Step 1] Searching the graph...
Parse Query Output:
{
  "query_triple": ["<robots>", "should go to find", "Tom's English book", 0.8, 0.3, 0.9],
  "spatial_constraint": null,
  "speaker_strict": null,
  "allocation": {
    "k_high_level": 5,
    "k_low_level": 40,
    "k_conversations": 5,
    "total_k": 50,
    "reasoning": "Spatial/action query about where to locate a specific object; prioritize low-level edges for object location and actions involving the English book, with minimal high-level and conversation for context."
  }
}

Graph Search Results:
**High-Level Information (Character Attributes and Relationships): **

Character Attributes:
- Tom is: unseen speaker (100), male (100), voice only in subtitles (100), student (95), task-oriented (90)

**Low-Level Information (Actions and Events): **

[7] Tom is at desk. (bedroom study nook)
[8] Tom sits at desk. (bedroom study desk)
[8] Tom glances toward tablet. (bedroom study desk)
[8] small cup is in Tom's right hand. (bedroom study desk)
[9] Tom sits at desk. (bedroom)
[9] empty glass is in <Tom>'s left hand. (bedroom)
[12] Tom sits at desk. (bedroom)
[12] desk is near Tom. (bedroom)
[13] Tom sits at desk. (bedroom study corner)
[13] Tom moves closer to desk. (bedroom study corner)
[14] Tom is at desk. (bedroom)
[14] Tom cannot solve it. (bedroom)
[15] Tom sits at desk. (bedroom study area)
[15] Tom continues solving problem. (bedroom study area)
[16] Tom sits at desk. (bedroom)
[17] Tom looks at phone. (bedroom)
[19] Tom looks at phone. (bedroom)
[21] Tom is at desk. (bedroom)
[22] Tom sits at desk. (bedroom study nook)
[22] Tom looks at tablet. (bedroom study nook)
[22] Tom returns to paper. (bedroom study nook)
[23] Tom sits at desk. (bedroom desk)
[23] Tom reaches toward tablet. (bedroom desk)
[24] Tom sits at desk. (bedroom)
[25] Tom sits at desk. (bedroom)
[25] Tom reaches to tablet. (bedroom)
[26] Tom sits at desk. (bedroom)
[27] Tom is at desk. (bedroom)
[28] Tom places phone. (bedroom)
[34] robot film shows book. (bedroom)
[34] robot film shows study paper. (bedroom)
[38] Tom looks through item. (bedroom)
[38] Tom searches for English textbook. (bedroom)
[39] Tom sits at desk. (bedroom)
[42] Tom revises work. (bedroom)
[52] offscreen student moves to English. (bedroom study desk)
[52] Tom requests Tom's English textbook. (bedroom study desk)
[52] Nova brings Tom's English textbook. (bedroom study desk)
[53] Tom asks to bring Tom's English textbook. (bedroom)
[53] textbook is on desk. (bedroom)

**Conversations: **

Conversation 6: The group discusses studying and exams, with Anna encouraging hard work and attention to detail, especially in math. Tom wants to prioritize revising his math despite missing his English textbook. Anna asks Nova to check Tom's work, and Nova identifies several incorrect answers for Tom to redo. The group agrees Tom should revise the wrong problems.
[38] Anna: and then teach you what you can do
[38] Tom: okay
[38] Tom: but my English textbook isn't here
[39] Anna: isn't here
[39] Tom: yeah

Conversation 7: Anna supervises Tom's work, pointing out repeated mistakes on math problems 7 and 14 and asking Nova to teach him. Nova attempts to explain solutions, though the explanations are unclear. Tom acknowledges his distraction and apologizes, then agrees to finish math and move to English. Tom asks Nova for his English textbook, and Nova agrees.
[52] Anne: finish your math task
[52] Anne: right now and then move on to your English tasks
[52] Tom: Nova please bring me my English textbook
[53] Tom: Nova please bring me my English textbook.
[53] Nova: OK.
[53] Tom: Thank you.

Conversation 2: Tom’s pen ran out of ink, and he requested Noah to retrieve a new pen from the bookshelf. The interaction is brief and centers on a simple assistance request with polite acknowledgment.
[7] Tom: oh the ink of this pen is run out Noah
[7] Tom: please help me get a new pen from the bookshelf
[7] Tom: thank you

Conversation 1: Anna prompts Tom to start his homework, and Tom acknowledges and asks Nova for assistance with closing the study door. Tom outlines his homework subjects: math (a test paper), English, and physics.
[1] Tom: ok I'll do it Nova please help me close the study door
[2] Tom: today's subjects are math
[2] Tom: English and physics
[2] Tom: the math homework is a test paper

[Step 2] Evaluating semantic answer...
Action: [Answer]
Content: On the bedroom study desk (the study nook/desk area).
FINAL ANSWER (from graph):
On the bedroom study desk (the study nook/desk area).
Question: Was today's assignment hard for Tom?

[Step 1] Searching the graph...
Parse Query Output:
{
  "query_triple": ["<Tom>", "assignment difficulty today", "?", 0.95, 0.3, 0.2],
  "spatial_constraint": null,
  "speaker_strict": ["<Tom>"],
  "allocation": {
    "k_high_level": 5,
    "k_low_level": 10,
    "k_conversations": 35,
    "total_k": 50,
    "reasoning": "This is an opinion/assessment about today's assignment difficulty for Tom—likely expressed in dialogue. Prioritize conversations, include some low-level edges for evidence (e.g., Tom struggling), and a few high-level edges for traits or general statements."
  }
}

Graph Search Results:
**High-Level Information (Character Attributes and Relationships): **

Character Attributes:
- Tom is: task-oriented (90), student (95), male (100), unseen speaker (100)

Character Relationships:
- Nova assists Tom (85)

**Low-Level Information (Actions and Events): **

[7] Tom asks Noah. (bedroom study nook)
[14] Anna asks Tom. (bedroom)
[14] Tom cannot solve it. (bedroom)
[14] Anna instructs Tom. (bedroom)
[15] Tom continues solving problem. (bedroom study area)
[21] Anna asks Tom. (bedroom)
[21] Anna instructs Tom. (bedroom)
[34] Anna asks Tom. (bedroom)
[52] Tom asks Nova. (bedroom study desk)
[57] Tom does job very good. (bedroom)

**Conversations: **

Conversation 4: Tom struggles with difficult math homework and feels cold. Anna encourages him to take homework seriously, offers help from herself or Nova, suggests resting and eating fruit, and arranges to turn on the air conditioner via Nova. Tom has not finished yet and Anna asks him to inform her when done.
[13] Tom: yes
[14] Anna: How was your homework?
[14] Tom: Hmm.
[14] Anna: Why are there so many maths problems unfinished?
[14] Anna: You can not make it?
[14] Tom: Yeah.
[14] Anna: Be serious with your homework.
[15] Tom: but today's math test paper is so difficult to solve
[15] Anna: if you have any questions
[15] Anna: ask me or nova
[18] Anna: okay that's fine
[18] Anna: let you finish this problem
[19] Tom: ah
[19] Anna: you feel so cold
[19] Tom: yeah i do feel a little bit cold
[19] Anna: do you need to turn on the air conditioner
[19] Tom: hmm yeah
[20] Anna: okay hey Nova, hand me the controller please
[20] Anna: which is on the middle side of the shelf
[21] Anna: do you finish your homework
[21] Anna: Tom
[21] Tom: no
[21] Anna: okay
[21] Anna: when you finish, please tell me

Conversation 6: The group discusses studying and exams, with Anna encouraging hard work and attention to detail, especially in math. Tom wants to prioritize revising his math despite missing his English textbook. Anna asks Nova to check Tom's work, and Nova identifies several incorrect answers for Tom to redo. The group agrees Tom should revise the wrong problems.
[36] Anna: you know a detail can be a much big difference
[37] Anna: when we have this grape, just ready to fill homework
[37] Tom: but I almost finished my math test paper
[37] Anna: hmm
[37] Tom: oh
[37] Tom: there are still two problems left yeah
[37] Tom: i cannot solve
[38] Anna: okay do English first
[38] Anna: and ask ask Nova to check it
[38] Anna: and then teach you what you can do
[38] Tom: okay
[38] Tom: but my English textbook isn't here
[39] Anna: isn't here
[39] Tom: yeah
[39] Anna: i don't know when because maybe today
[39] Anna: you don't have English class
[39] Anna: but in a bookshelf
[39] Anna: you can find it in bookshelf
[40] Tom: but i think today's English is not so difficult
[40] Tom: so i want to revise my math homework first
[40] Anna: okay
[40] Anna: hi Nova
[40] Anna: please check Tom's paper please
[41] Nova: okay your
[41] Nova: your one five seven nine eleven fourteen is wrong

Conversation 1: Anna prompts Tom to start his homework, and Tom acknowledges and asks Nova for assistance with closing the study door. Tom outlines his homework subjects: math (a test paper), English, and physics.
[1] Anna: hey Tom, it's time for your homework
[1] Tom: ok I'll do it Nova please help me close the study door
[2] Tom: today's subjects are math
[2] Tom: English and physics
[2] Tom: the math homework is a test paper

Conversation 8: Tom says he is done and Anna reviews his homework, confirming everything is correct and praising his performance. Anna encourages Tom to maintain his top standing, while Tom prioritizes finishing remaining homework, particularly physics, and going to sleep. The exchange ends with Anna asking about Tom’s physics book.
[57] Tom: im done
[57] Anna: okay nova
[57] Anna: please check tom's homework
[57] Anna: OK all are right
[57] Anna: okay Tom you did a very good job
[57] Anna: i hope you can keep keeping it and keep your number one
[58] Anna: I hope you can keep keeping it and keep your number one.
[58] Anna: Previous in English.
[58] Tom: Hmm.
[58] Tom: I hope so but.
[58] Tom: But I just want to finish the rest of my homework and go to sleep.
[58] Tom: Next.
[58] Tom: My physics yeah.
[58] Anna: Where is your physic book?

Conversation 7: Anna supervises Tom's work, pointing out repeated mistakes on math problems 7 and 14 and asking Nova to teach him. Nova attempts to explain solutions, though the explanations are unclear. Tom acknowledges his distraction and apologizes, then agrees to finish math and move to English. Tom asks Nova for his English textbook, and Nova agrees.
[46] Anna: hi Tom
[46] Anna: are you taking seriously
[46] Tom: hmm
[46] Anna: once again
[46] Anna: you made the same mistake once again
[46] Tom: which one
[46] Anna: the seven and fourteen
[47] Anna: do you know where you're wrong
[47] Anna: are you always focused on your paper right now
[47] Tom: im so sorry
[47] Tom: i was indeed a bit distracted
[48] Anna: okay
[48] Anna: fine, Nova, teach Tom how to do what she has done is wrong
[51] Nova: and then you added them together
[52] Nova: you can get the answer is two thousand and sixteen
[52] Tom: I got it
[52] Anne: okay
[52] Anne: finish your math task

Conversation 12: Tom reported his work as complete. Anne asked Nova to verify it, and Nova confirmed, after which Anne stated everything was correct. Anne then directed Tom to drink a bottle of milk and take a nap, which Tom acknowledged.
[69] Tom: done
[69] Anne: okay nova
[69] Anne: please check tom's work
[69] Nova: okay
[69] Anne: okay all are right
[69] Anne: and Tom drink this this bottle of milk and go to have a nap
[69] Tom: okay

[Step 2] Evaluating semantic answer...
Action: [Answer]
Content: Yes, Tom found today's assignment hard, especially the math test paper.
FINAL ANSWER (from graph):
Yes, Tom found today's assignment hard, especially the math test paper.
Question: Did Tom have chemistry homework?

[Step 1] Searching the graph...
Parse Query Output:
{
  "query_triple": ["<Tom>", "has", "chemistry homework", 0.95, 0.3, 0.8],
  "spatial_constraint": null,
  "speaker_strict": null,
  "allocation": {
    "k_high_level": 6,
    "k_low_level": 20,
    "k_conversations": 24,
    "total_k": 50,
    "reasoning": "Fact-check about an assignment; use some high-level edges for general states (schoolwork), low-level edges to catch specific actions like receiving/doing homework, and conversations to capture mentions (e.g., Tom saying he has chemistry homework)."
  }
}

Graph Search Results:
**High-Level Information (Character Attributes and Relationships): **

Character Attributes:
- Tom is: male (100)

Character Relationships:
- Nova assists Tom (85)
- Tom relies on Anna (90)
- Anna cares for Tom (85)
- Anna supervises Tom (85)
- Anna encourages Tom (85)

**Low-Level Information (Actions and Events): **

[2] Tom lists subject. (bedroom)
[2] Tom explains math homework. (bedroom)
[7] Tom looks over worksheet. (bedroom study nook)
[8] Tom reads sheet. (bedroom study desk)
[9] Tom holds empty glass. (bedroom)
[14] Tom is serious with homework. (bedroom)
[15] Tom writes on worksheet. (bedroom study area)
[15] Tom flips worksheet page. (bedroom study area)
[17] Tom repeats question. (bedroom)
[26] Tom writes on worksheet. (bedroom)
[27] Tom continues writing on worksheet. (bedroom)
[28] Tom holds notebook. (bedroom)
[29] Tom holds notebook. (bedroom)
[34] Tom has rest. (bedroom)
[38] Tom searches for English textbook. (bedroom)
[39] Tom starts reading worksheet. (bedroom)
[39] Tom writes on worksheet. (bedroom)
[40] Tom says plan to revise first math homework. (bedroom)
[42] Tom revises work. (bedroom)
[46] Tom checks worksheet. (bedroom)

**Conversations: **

Conversation 1: Anna prompts Tom to start his homework, and Tom acknowledges and asks Nova for assistance with closing the study door. Tom outlines his homework subjects: math (a test paper), English, and physics.
[1] Anna: hey Tom, it's time for your homework
[1] Tom: ok I'll do it Nova please help me close the study door
[2] Tom: today's subjects are math
[2] Tom: English and physics
[2] Tom: the math homework is a test paper

Conversation 8: Tom says he is done and Anna reviews his homework, confirming everything is correct and praising his performance. Anna encourages Tom to maintain his top standing, while Tom prioritizes finishing remaining homework, particularly physics, and going to sleep. The exchange ends with Anna asking about Tom’s physics book.
[57] Tom: im done
[57] Anna: okay nova
[57] Anna: please check tom's homework
[57] Anna: OK all are right
[57] Anna: okay Tom you did a very good job
[58] Anna: I hope you can keep keeping it and keep your number one.
[58] Anna: Previous in English.
[58] Tom: Hmm.
[58] Tom: I hope so but.
[58] Tom: But I just want to finish the rest of my homework and go to sleep.
[58] Tom: Next.
[58] Tom: My physics yeah.
[58] Anna: Where is your physic book?

Conversation 6: The group discusses studying and exams, with Anna encouraging hard work and attention to detail, especially in math. Tom wants to prioritize revising his math despite missing his English textbook. Anna asks Nova to check Tom's work, and Nova identifies several incorrect answers for Tom to redo. The group agrees Tom should revise the wrong problems.
[36] Anna: you know a detail can be a much big difference
[37] Anna: when we have this grape, just ready to fill homework
[37] Tom: but I almost finished my math test paper
[37] Anna: hmm
[37] Tom: oh
[37] Tom: there are still two problems left yeah
[37] Tom: i cannot solve
[38] Anna: and ask ask Nova to check it
[38] Anna: and then teach you what you can do
[38] Tom: okay
[38] Tom: but my English textbook isn't here
[39] Anna: isn't here
[39] Tom: yeah
[39] Anna: i don't know when because maybe today
[39] Anna: you don't have English class
[39] Anna: you can find it in bookshelf
[40] Tom: but i think today's English is not so difficult
[40] Tom: so i want to revise my math homework first
[40] Anna: okay
[40] Anna: hi Nova

Conversation 4: Tom struggles with difficult math homework and feels cold. Anna encourages him to take homework seriously, offers help from herself or Nova, suggests resting and eating fruit, and arranges to turn on the air conditioner via Nova. Tom has not finished yet and Anna asks him to inform her when done.
[13] Tom: yes
[14] Anna: How was your homework?
[14] Tom: Hmm.
[14] Anna: Why are there so many maths problems unfinished?
[14] Anna: You can not make it?
[14] Tom: Yeah.
[14] Anna: Be serious with your homework.
[15] Tom: but today's math test paper is so difficult to solve
[15] Anna: if you have any questions
[15] Anna: ask me or nova
[18] Anna: okay that's fine
[18] Anna: let you finish this problem
[19] Tom: ah
[19] Anna: you feel so cold
[19] Tom: yeah i do feel a little bit cold
[19] Anna: do you need to turn on the air conditioner
[19] Tom: hmm yeah
[20] Anna: okay hey Nova, hand me the controller please
[20] Anna: which is on the middle side of the shelf
[21] Anna: do you finish your homework
[21] Anna: Tom
[21] Tom: no
[21] Anna: okay
[21] Anna: when you finish, please tell me

Conversation 7: Anna supervises Tom's work, pointing out repeated mistakes on math problems 7 and 14 and asking Nova to teach him. Nova attempts to explain solutions, though the explanations are unclear. Tom acknowledges his distraction and apologizes, then agrees to finish math and move to English. Tom asks Nova for his English textbook, and Nova agrees.
[46] Anna: hi Tom
[46] Anna: are you taking seriously
[46] Tom: hmm
[46] Anna: once again
[46] Anna: you made the same mistake once again

Conversation 12: Tom reported his work as complete. Anne asked Nova to verify it, and Nova confirmed, after which Anne stated everything was correct. Anne then directed Tom to drink a bottle of milk and take a nap, which Tom acknowledged.
[69] Tom: done
[69] Anne: okay nova
[69] Anne: please check tom's work
[69] Anne: okay all are right
[69] Anne: and Tom drink this this bottle of milk and go to have a nap
[69] Tom: okay

[Step 2] Evaluating semantic answer...
Action: [Answer]
Content: No, Tom’s listed homework was math, English, and physics, not chemistry.
FINAL ANSWER (from graph):
No, Tom’s listed homework was math, English, and physics, not chemistry.
Question: Is the study's door currently open or closed?

[Step 1] Searching the graph...
Parse Query Output:
{
  "query_triple": ["study#door", "is", "open_or_closed?", 0.9, 0.6, 0.25],
  "spatial_constraint": "study",
  "speaker_strict": null,
  "allocation": {
    "k_high_level": 3,
    "k_low_level": 40,
    "k_conversations": 7,
    "total_k": 50,
    "reasoning": "State query about an object's current status in a location; prioritize low-level edges for physical state (open/closed) and recent scene context. Minimal need for high-level edges; limited conversations for any spoken confirmations."
  }
}

Graph Search Results:
**High-Level Information (Character Attributes and Relationships): **

Character Attributes:
- character_1 is: female (100), black top (100)
- character_2 is: female (100)

**Low-Level Information (Actions and Events): **

[1] character_2 approaches doorway. (bedroom)
[1] robot closes sliding study door. (bedroom)
[2] robot opens bedroom door. (bedroom)
[3] female sits at desk. (bedroom study area)
[3] female faces shelf. (bedroom study area)
[3] female uses pen. (bedroom study area)
[3] tablet is on desk. (bedroom study area)
[3] another page is revealed by female. (bedroom study area)
[7] Tom is at desk. (bedroom study nook)
[7] page is in stack of document. (bedroom study nook)
[7] new pen is from bookshelf. (bedroom study nook)
[8] small cup is in Tom's right hand. (bedroom study desk)
[9] empty glass is on desk. (bedroom)
[9] robot opens bedroom door. (bedroom)
[12] robot approaches open door. (bedroom)
[12] glass of water is on desk. (bedroom)
[14] robot turns door handle. (bedroom)
[14] robot opens inward white door. (bedroom)
[14] Anna closes door. (bedroom)
[14] door is behind Anna. (bedroom)
[15] Tom sits at desk. (bedroom study area)
[29] robot stands near door. (bedroom)
[29] robot opens bedroom door. (bedroom)
[33] robot approaches white door. (bedroom)
[33] white door is in hallway. (bedroom)
[34] robot film shows study paper. (bedroom)
[35] Anna flips through study paper. (bedroom)
[45] robot holds worksheet. (bedroom study area)
[45] Nova lists question. (bedroom study area)
[45] question is correct on worksheet. (bedroom study area)
[46] specific question is on worksheet. (bedroom)
[48] gloved hand is near desk. (bedroom study desk)
[52] tablet is on desk. (bedroom study desk)
[53] pink folder is on shelf. (bedroom)
[62] robot opens refrigerator door. (kitchen)
[62] blue-and-white carton is on shelf. (kitchen)
[62] small white container is on door rack. (kitchen)
[63] robot opens refrigerator door. (kitchen)
[65] milk carton is on desk. (bedroom)
[68] character_2 is female, heavier build, hair tied in a top bun, black sweater with white trim, dark pants, white sneakers. (bedroom)

**Conversations: **

Conversation 1: Anna prompts Tom to start his homework, and Tom acknowledges and asks Nova for assistance with closing the study door. Tom outlines his homework subjects: math (a test paper), English, and physics.
[1] Anna: hey Tom, it's time for your homework
[1] Tom: ok I'll do it Nova please help me close the study door
[2] Tom: today's subjects are math
[2] Tom: English and physics
[2] Tom: the math homework is a test paper

Conversation 7: Anna supervises Tom's work, pointing out repeated mistakes on math problems 7 and 14 and asking Nova to teach him. Nova attempts to explain solutions, though the explanations are unclear. Tom acknowledges his distraction and apologizes, then agrees to finish math and move to English. Tom asks Nova for his English textbook, and Nova agrees.
[45] Anna: are you done
[45] Tom: im okay
[45] Anna: nova check it again
[45] Nova: OK right now
[45] Nova: one five nine eleven is right the rest is still wrong
[46] Anna: hi Tom
[47] Anna: I don't know
[47] Anna: why you are wrong
[47] Anna: are you always focused on your paper right now
[47] Tom: im so sorry
[47] Tom: i was indeed a bit distracted
[52] Anne: okay
[52] Anne: finish your math task
[52] Anne: right now and then move on to your English tasks
[52] Tom: Nova please bring me my English textbook
[53] Tom: Nova please bring me my English textbook.

Conversation 8: Tom says he is done and Anna reviews his homework, confirming everything is correct and praising his performance. Anna encourages Tom to maintain his top standing, while Tom prioritizes finishing remaining homework, particularly physics, and going to sleep. The exchange ends with Anna asking about Tom’s physics book.
[58] Tom: Next.
[58] Tom: My physics yeah.
[58] Anna: Where is your physic book?

[Step 2] Evaluating semantic answer...
Action: [Answer]
Content: The study’s door is currently open.
FINAL ANSWER (from graph):
The study’s door is currently open.
Question: Which subject of Tom's homework got checked?

[Step 1] Searching the graph...
Parse Query Output:
{
  "query_triple": ["<Tom>", "homework subject checked", "?", 0.95, 0.25, 0.15],
  "spatial_constraint": null,
  "speaker_strict": null,
  "allocation": {
    "k_high_level": 5,
    "k_low_level": 38,
    "k_conversations": 7,
    "total_k": 50,
    "reasoning": "Action/state query about a specific item being checked; prioritize low-level edges to find the subject tied to Tom's homework and its checked status. Minimal high-level for possible attributes, small conversations for mentions."
  }
}

Graph Search Results:
**High-Level Information (Character Attributes and Relationships): **

Character Attributes:
- Tom is: student (95), male (100), unseen speaker (100), voice only in subtitles (100), task-oriented (90)

**Low-Level Information (Actions and Events): **

[2] Tom lists subject. (bedroom)
[7] Tom writes on paper. (bedroom study nook)
[7] Tom looks over worksheet. (bedroom study nook)
[7] Tom checks tip pen. (bedroom study nook)
[7] Tom asks Noah. (bedroom study nook)
[8] Tom writes on stack of paper. (bedroom study desk)
[9] Tom writes on stack of paper. (bedroom)
[12] Tom writes on paper. (bedroom)
[13] Tom writes on paper. (bedroom study corner)
[13] Tom writes on page. (bedroom study corner)
[14] Anna asks Tom. (bedroom)
[15] Tom writes on worksheet. (bedroom study area)
[16] Tom writes on paper. (bedroom)
[17] Tom looks at phone. (bedroom)
[17] Anna answers Tom. (bedroom)
[19] Tom looks at phone. (bedroom)
[21] Tom writes on paper. (bedroom)
[21] Anna asks Tom. (bedroom)
[21] Tom answers Anna. (bedroom)
[22] Tom writes on stack of paper. (bedroom study nook)
[22] Tom looks at notebook. (bedroom study nook)
[22] Tom looks at tablet. (bedroom study nook)
[23] Tom writes on paper. (bedroom desk)
[23] Tom resumes writing on new page. (bedroom desk)
[24] Tom writes on paper. (bedroom)
[24] Tom writes on next page. (bedroom)
[25] Tom writes on sheet of paper. (bedroom)
[26] Tom writes on paper. (bedroom)
[26] Tom writes on worksheet. (bedroom)
[27] Tom writes on paper. (bedroom)
[27] Tom continues writing on worksheet. (bedroom)
[34] Anna asks Tom. (bedroom)
[38] Tom looks through item. (bedroom)
[39] Tom writes on worksheet. (bedroom)
[39] Tom keeps reviewing paperwork. (bedroom)
[42] Tom revises work. (bedroom)
[46] Tom checks worksheet. (bedroom)
[52] Tom asks Nova. (bedroom study desk)

**Conversations: **

Conversation 8: Tom says he is done and Anna reviews his homework, confirming everything is correct and praising his performance. Anna encourages Tom to maintain his top standing, while Tom prioritizes finishing remaining homework, particularly physics, and going to sleep. The exchange ends with Anna asking about Tom’s physics book.
[57] Tom: im done
[57] Anna: okay nova
[57] Anna: please check tom's homework
[57] Anna: OK all are right
[57] Anna: okay Tom you did a very good job

Conversation 1: Anna prompts Tom to start his homework, and Tom acknowledges and asks Nova for assistance with closing the study door. Tom outlines his homework subjects: math (a test paper), English, and physics.
[1] Anna: hey Tom, it's time for your homework
[1] Tom: ok I'll do it Nova please help me close the study door
[2] Tom: today's subjects are math
[2] Tom: English and physics
[2] Tom: the math homework is a test paper

Conversation 6: The group discusses studying and exams, with Anna encouraging hard work and attention to detail, especially in math. Tom wants to prioritize revising his math despite missing his English textbook. Anna asks Nova to check Tom's work, and Nova identifies several incorrect answers for Tom to redo. The group agrees Tom should revise the wrong problems.
[36] Anna: you know a detail can be a much big difference
[37] Anna: when we have this grape, just ready to fill homework
[37] Tom: but I almost finished my math test paper
[37] Anna: hmm
[37] Tom: oh
[39] Anna: you can find it in bookshelf
[40] Tom: but i think today's English is not so difficult
[40] Tom: so i want to revise my math homework first
[40] Anna: okay
[40] Anna: hi Nova
[40] Anna: please check Tom's paper please
[41] Nova: okay your
[41] Nova: your one five seven nine eleven fourteen is wrong

[Step 2] Evaluating semantic answer...
Action: [Answer]
Content: Tom’s math homework was checked.
FINAL ANSWER (from graph):
Tom’s math homework was checked.
Question: Which maths questions are still wrong after first revision??

[Step 1] Searching the graph...
Parse Query Output:
{
  "query_triple": [null, "still wrong after first revision", "maths questions", 0.1, 0.3, 0.6],
  "spatial_constraint": null,
  "speaker_strict": null,
  "allocation": {
    "k_high_level": 4,
    "k_low_level": 38,
    "k_conversations": 8,
    "total_k": 50,
    "reasoning": "Action/state query about items (maths questions) remaining incorrect after a temporal milestone (first revision). Prioritize low-level edges to find specific question states before/after revision; keep some conversations for possible mentions of which questions remain wrong; minimal high-level edges as character traits/relationships are not central."
  }
}

Graph Search Results:
**High-Level Information (Character Attributes and Relationships): **

Character Attributes:
- Tom is: math-focused (80)
- character_1 is: black top (100)
- character_2 is: dark pants (100)
- unknown_woman_1 is: sitting on bed (100)

**Low-Level Information (Actions and Events): **

[1] character_2 approaches doorway. (bedroom)
[7] Tom asks Noah. (bedroom study nook)
[12] robot approaches open door. (bedroom)
[14] Anna asks Tom. (bedroom)
[14] Anna questions unfinished math problem. (bedroom)
[14] Tom cannot solve it. (bedroom)
[15] Tom continues solving problem. (bedroom study area)
[17] Anna answers Tom. (bedroom)
[20] Anna asks Nova. (bedroom)
[20] Anna asks for controller. (bedroom)
[21] Anna asks Tom. (bedroom)
[21] Tom answers Anna. (bedroom)
[28] character_2 shifts paper. (bedroom)
[29] character_2 is equivalent to character_2. (bedroom)
[33] robot approaches white door. (bedroom)
[34] unknown_woman_1 answers. (bedroom)
[34] Anna asks Tom. (bedroom)
[38] Anna points at paper. (bedroom)
[40] Anna asks to check Tom's paper. (bedroom)
[46] Anna points at item. (bedroom)
[47] Anna questions while looking at worksheet. (bedroom)
[47] Anna marks answer on worksheet. (bedroom)
[47] Anna asks another question. (bedroom)
[48] Anna points at worksheet. (bedroom study desk)
[48] Nova begins explaining next problem. (bedroom study desk)
[49] Nova points at worksheet. (bedroom desk)
[50] 14th problem is to Anna. (bedroom desk)
[51] Anna points at line on worksheet. (bedroom desk)
[52] Tom asks Nova. (bedroom study desk)
[54] Anna points at item. (bedroom)
[57] Anna asks to check <Tom>'s homework. (bedroom)
[64] robot approaches open door. (apartment interior)
[65] robot approaches desk. (bedroom)
[66] character_2 is equivalent to character_2. (bedroom)
[66] female points at page. (bedroom)
[66] female points with character_1's pen. (bedroom)
[67] character_2 is equivalent to character_2. (bedroom)
[69] Nova points at written page. (bedroom desk)

**Conversations: **

Conversation 4: Tom struggles with difficult math homework and feels cold. Anna encourages him to take homework seriously, offers help from herself or Nova, suggests resting and eating fruit, and arranges to turn on the air conditioner via Nova. Tom has not finished yet and Anna asks him to inform her when done.
[14] Anna: How was your homework?
[14] Tom: Hmm.
[14] Anna: Why are there so many maths problems unfinished?
[14] Anna: You can not make it?
[14] Tom: Yeah.
[14] Anna: Be serious with your homework.
[15] Tom: but today's math test paper is so difficult to solve
[15] Anna: if you have any questions
[15] Anna: ask me or nova

Conversation 6: The group discusses studying and exams, with Anna encouraging hard work and attention to detail, especially in math. Tom wants to prioritize revising his math despite missing his English textbook. Anna asks Nova to check Tom's work, and Nova identifies several incorrect answers for Tom to redo. The group agrees Tom should revise the wrong problems.
[37] Anna: hmm
[37] Tom: oh
[37] Tom: there are still two problems left yeah
[37] Tom: i cannot solve
[38] Anna: okay do English first
[39] Anna: you can find it in bookshelf
[40] Tom: but i think today's English is not so difficult
[40] Tom: so i want to revise my math homework first
[40] Anna: okay
[40] Anna: hi Nova
[40] Anna: please check Tom's paper please
[41] Nova: okay your
[41] Nova: your one five seven nine eleven fourteen is wrong
[41] Anna: hey Tom, please revise what you have done is wrong
[42] Anna: redo it

Conversation 7: Anna supervises Tom's work, pointing out repeated mistakes on math problems 7 and 14 and asking Nova to teach him. Nova attempts to explain solutions, though the explanations are unclear. Tom acknowledges his distraction and apologizes, then agrees to finish math and move to English. Tom asks Nova for his English textbook, and Nova agrees.
[45] Anna: nova check it again
[45] Nova: OK right now
[45] Nova: one five nine eleven is right the rest is still wrong
[46] Anna: hi Tom
[46] Anna: are you taking seriously
[49] Nova: twenty five percent
[50] Nova: then you can get the result is five hundred and four
[50] Nova: this is the 7th problem and then goes the 14th problem
[50] Nova: the fourteen is talk about again and a
[50] Nova: one four times as much as b and b

Conversation 1: Anna prompts Tom to start his homework, and Tom acknowledges and asks Nova for assistance with closing the study door. Tom outlines his homework subjects: math (a test paper), English, and physics.
[2] Tom: today's subjects are math
[2] Tom: English and physics
[2] Tom: the math homework is a test paper

[Step 2] Evaluating semantic answer...
Action: [Answer]
Content: After the first revision, questions 1, 5, 9, 11, 14, and the rest except those are still wrong.
FINAL ANSWER (from graph):
After the first revision, questions 1, 5, 9, 11, 14, and the rest except those are still wrong.
Question: Which homework took the longest time?

[Step 1] Searching the graph...
Parse Query Output:
{
  "query_triple": ["<any>", "homework duration", "longest ?", 0.4, 0.25, 0.2],
  "spatial_constraint": null,
  "speaker_strict": null,
  "allocation": {
    "k_high_level": 4,
    "k_low_level": 38,
    "k_conversations": 8,
    "total_k": 50,
    "reasoning": "Temporal/action query about tasks; prioritize low-level edges to compare durations and timestamps. Limited high-level for any task-type attributes; small conversation budget in case duration is mentioned verbally."
  }
}

Graph Search Results:
**High-Level Information (Character Attributes and Relationships): **

Character Attributes:
- Anna is: seated at desk (100)
- Tom is: student (95)
- character_2 is: hair in top bun (100)
- unknown_woman_1 is: holding phone (100)

**Low-Level Information (Actions and Events): **

[2] female studies closely paper. (bedroom)
[2] female writes on paper. (bedroom)
[4] female writes on paper. (bedroom desk)
[4] female resumes writing on new page. (bedroom desk)
[6] female rests left hand on paper. (bedroom desk)
[11] staircase landing is near window. (kitchen-living room)
[14] Tom cannot solve it. (bedroom)
[15] Tom continues solving problem. (bedroom study area)
[17] Tom repeats question. (bedroom)
[20] robot adjusts setting. (bedroom)
[21] remote is from view. (bedroom)
[22] Tom does not interact with other. (bedroom study nook)
[27] character_2 glances toward window. (bedroom)
[27] character_2 looks back at window. (bedroom)
[28] character_2 writes on paper. (bedroom)
[28] character_2 shifts paper. (bedroom)
[31] robot holds over camera. (kitchen sink)
[36] Anna studies paper. (bedroom)
[42] Tom revises work. (bedroom)
[42] it is redone. (bedroom)
[45] Nova lists question. (bedroom study area)
[45] question is correct on worksheet. (bedroom study area)
[46] Nova reads answer. (bedroom)
[46] answer is from worksheet. (bedroom)
[46] item is on worksheet. (bedroom)
[52] offscreen student finishes math. (bedroom study desk)
[54] item is on worksheet. (bedroom)
[55] item is on sheet. (bedroom)
[57] answer are right. (bedroom)
[60] Anna studies worksheet. (bedroom)
[62] robot focuses camera. (kitchen)
[62] robot shifts container. (kitchen)
[64] robot examines window. (apartment interior)
[64] window is by stair. (apartment interior)
[67] female references paper. (bedroom)
[68] bed is near window. (bedroom)
[68] character_1 writes on paper. (bedroom)
[69] Nova shows answer. (bedroom desk)

**Conversations: **

Conversation 4: Tom struggles with difficult math homework and feels cold. Anna encourages him to take homework seriously, offers help from herself or Nova, suggests resting and eating fruit, and arranges to turn on the air conditioner via Nova. Tom has not finished yet and Anna asks him to inform her when done.
[13] Tom: yes
[14] Anna: How was your homework?
[14] Tom: Hmm.
[14] Anna: Why are there so many maths problems unfinished?
[14] Anna: You can not make it?
[14] Tom: Yeah.
[20] Anna: conditioner please
[21] Anna: okay thank you that's enough
[21] Anna: do you finish your homework
[21] Anna: Tom
[21] Tom: no

Conversation 1: Anna prompts Tom to start his homework, and Tom acknowledges and asks Nova for assistance with closing the study door. Tom outlines his homework subjects: math (a test paper), English, and physics.
[1] Anna: hey Tom, it's time for your homework
[1] Tom: ok I'll do it Nova please help me close the study door
[2] Tom: today's subjects are math
[2] Tom: English and physics
[2] Tom: the math homework is a test paper

Conversation 6: The group discusses studying and exams, with Anna encouraging hard work and attention to detail, especially in math. Tom wants to prioritize revising his math despite missing his English textbook. Anna asks Nova to check Tom's work, and Nova identifies several incorrect answers for Tom to redo. The group agrees Tom should revise the wrong problems.
[36] Anna: you know a detail can be a much big difference
[37] Anna: when we have this grape, just ready to fill homework
[37] Tom: but I almost finished my math test paper
[37] Anna: hmm
[37] Tom: oh
[39] Anna: you can find it in bookshelf
[40] Tom: but i think today's English is not so difficult
[40] Tom: so i want to revise my math homework first
[40] Anna: okay
[40] Anna: hi Nova

Conversation 8: Tom says he is done and Anna reviews his homework, confirming everything is correct and praising his performance. Anna encourages Tom to maintain his top standing, while Tom prioritizes finishing remaining homework, particularly physics, and going to sleep. The exchange ends with Anna asking about Tom’s physics book.
[57] Tom: im done
[57] Anna: okay nova
[57] Anna: please check tom's homework
[57] Anna: OK all are right
[57] Anna: okay Tom you did a very good job

[Step 2] Evaluating semantic answer...
Action: [Answer]
Content: Tom’s math homework took the longest time.
FINAL ANSWER (from graph):
Tom’s math homework took the longest time.
✓ Updated results.json for study_20 (13 questions)
✓ Cleaned up video and frames for study_20

============================================================
Processing video: study_04
============================================================
Downloading 1 video(s) to data/videos...

Downloading study_04.mp4...
✓ Successfully downloaded study_04.mp4 to data/videos/study_04.mp4

============================================================
Download Summary:
  Successful: 1/1
============================================================

============================================================
[1/1] Processing: study_04
============================================================
Video: data/videos/study_04.mp4
Subtitles: data/subtitles/robot/study_04.srt
Output: data/frames/study_04
============================================================

Parsing subtitle file: data/subtitles/robot/study_04.srt
Found 181 subtitle entries
Video: 1280x720, 30.00 FPS, 16513 frames, 550.43s duration

Extracting frames with subtitles...
Grouping frames into folders of 30 frames each
  Saved 10 frames (up to 9s, folder 1)
  Saved 20 frames (up to 19s, folder 1)
  Saved 30 frames (up to 29s, folder 1)
  Saved 40 frames (up to 39s, folder 2)
  Saved 50 frames (up to 49s, folder 2)
  Saved 60 frames (up to 59s, folder 2)
  Saved 70 frames (up to 69s, folder 3)
  Saved 80 frames (up to 79s, folder 3)
  Saved 90 frames (up to 89s, folder 3)
  Saved 100 frames (up to 99s, folder 4)
  Saved 110 frames (up to 109s, folder 4)
  Saved 120 frames (up to 119s, folder 4)
  Saved 130 frames (up to 129s, folder 5)
  Saved 140 frames (up to 139s, folder 5)
  Saved 150 frames (up to 149s, folder 5)
  Saved 160 frames (up to 159s, folder 6)
  Saved 170 frames (up to 169s, folder 6)
  Saved 180 frames (up to 179s, folder 6)
  Saved 190 frames (up to 189s, folder 7)
  Saved 200 frames (up to 199s, folder 7)
  Saved 210 frames (up to 209s, folder 7)
  Saved 220 frames (up to 219s, folder 8)
  Saved 230 frames (up to 229s, folder 8)
  Saved 240 frames (up to 239s, folder 8)
  Saved 250 frames (up to 249s, folder 9)
  Saved 260 frames (up to 259s, folder 9)
  Saved 270 frames (up to 269s, folder 9)
  Saved 280 frames (up to 279s, folder 10)
  Saved 290 frames (up to 289s, folder 10)
  Saved 300 frames (up to 299s, folder 10)
  Saved 310 frames (up to 309s, folder 11)
  Saved 320 frames (up to 319s, folder 11)
  Saved 330 frames (up to 329s, folder 11)
  Saved 340 frames (up to 339s, folder 12)
  Saved 350 frames (up to 349s, folder 12)
  Saved 360 frames (up to 359s, folder 12)
  Saved 370 frames (up to 369s, folder 13)
  Saved 380 frames (up to 379s, folder 13)
  Saved 390 frames (up to 389s, folder 13)
  Saved 400 frames (up to 399s, folder 14)
  Saved 410 frames (up to 409s, folder 14)
  Saved 420 frames (up to 419s, folder 14)
  Saved 430 frames (up to 429s, folder 15)
  Saved 440 frames (up to 439s, folder 15)
  Saved 450 frames (up to 449s, folder 15)
  Saved 460 frames (up to 459s, folder 16)
  Saved 470 frames (up to 469s, folder 16)
  Saved 480 frames (up to 479s, folder 16)
  Saved 490 frames (up to 489s, folder 17)
  Saved 500 frames (up to 499s, folder 17)
  Saved 510 frames (up to 509s, folder 17)
  Saved 520 frames (up to 519s, folder 18)
  Saved 530 frames (up to 529s, folder 18)
  Saved 540 frames (up to 539s, folder 18)
  Saved 550 frames (up to 549s, folder 19)

✓ Extracted 551 frames to data/frames/study_04

✓ Successfully processed study_04: 551 frames saved
--------------------------------
Processing folder:  data/frames/study_04/1
Inserted 30 triples into graph for clip 1
--------------------------------
Processing folder:  data/frames/study_04/2
Inserted 22 triples into graph for clip 2
--------------------------------
Processing folder:  data/frames/study_04/3
Inserted 24 triples into graph for clip 3
--------------------------------
Processing folder:  data/frames/study_04/4
Inserted 31 triples into graph for clip 4
--------------------------------
Processing folder:  data/frames/study_04/5
Inserted 26 triples into graph for clip 5
--------------------------------
Processing folder:  data/frames/study_04/6
Inserted 31 triples into graph for clip 6
--------------------------------
Processing folder:  data/frames/study_04/7
Inserted 31 triples into graph for clip 7
--------------------------------
Processing folder:  data/frames/study_04/8
Inserted 31 triples into graph for clip 8
--------------------------------
Processing folder:  data/frames/study_04/9
Inserted 20 triples into graph for clip 9
--------------------------------
Processing folder:  data/frames/study_04/10
Inserted 24 triples into graph for clip 10
--------------------------------
Processing folder:  data/frames/study_04/11
Inserted 26 triples into graph for clip 11
--------------------------------
Processing folder:  data/frames/study_04/12
Inserted 35 triples into graph for clip 12
--------------------------------
Processing folder:  data/frames/study_04/13
Inserted 27 triples into graph for clip 13
--------------------------------
Processing folder:  data/frames/study_04/14
Inserted 28 triples into graph for clip 14
--------------------------------
Processing folder:  data/frames/study_04/15
Inserted 23 triples into graph for clip 15
--------------------------------
Processing folder:  data/frames/study_04/16
Inserted 20 triples into graph for clip 16
--------------------------------
Processing folder:  data/frames/study_04/17
Inserted 33 triples into graph for clip 17
--------------------------------
Processing folder:  data/frames/study_04/18
Inserted 34 triples into graph for clip 18
--------------------------------
Processing folder:  data/frames/study_04/19
Extracting summary for completed conversation 1...
✓ Conversation summary extracted. Attributes: 7, Relationships: 5
Inserted 17 triples into graph for clip 19
Inserting character appearances for 3 characters...
✓ Character appearances inserted: 14 appearance edges created
142 node embeddings inserted (5 characters, 137 objects)
530 edge embeddings inserted
Generating character attributes...
Number of edges:  530
Character attributes generated.
Number of edges:  560
Character relationships generated.
Number of edges:  577
✓ Graph memory built for study_04
Question: Will the robot pick up the red felt-tip pen from the table?

[Step 1] Searching the graph...
Parse Query Output:
{
  "query_triple": ["<robot>", "picks up", "pen#felt-tip#red", 0.95, 0.6, 0.9],
  "spatial_constraint": "table",
  "speaker_strict": null,
  "allocation": {
    "k_high_level": 5,
    "k_low_level": 38,
    "k_conversations": 7,
    "total_k": 50,
    "reasoning": "Action/temporal query about a specific object and location; prioritize low-level edges for actions and states, minimal high-level/context, small conversations for any stated intentions."
  }
}

Graph Search Results:
**High-Level Information (Character Attributes and Relationships): **

Character Attributes:
- robot is: camera holder (100), black gloves visible (100), no face shown (100)

Character Relationships:
- George directs tasks to robot (90)
- Helen accepts assistance from robot (70)

**Low-Level Information (Actions and Events): **

[3] George asks robot. (office)
[3] robot walks to shelf with stationery. (office)
[3] robot picks red pen. (office)
[3] robot picks from pen holder. (office)
[3] robot carries red pen. (office)
[3] robot offers red pen. (office)
[6] robot reaches out with black glove. (office)
[6] robot takes pen. (office)
[6] robot moves away from desk area. (office)
[7] robot enters room. (office)
[7] robot approaches wooden shelf. (office)
[7] robot picks up red pen. (office)
[7] robot points toward stack of folder. (office)
[7] George asks robot. (office)
[7] robot brings logo. (office)
[7] robot responds. (office)
[7] robot moves toward shelf. (office)
[7] robot moves with tablet. (office)
[7] robot presents tablet. (office)
[7] robot holds steady tablet. (office)
[11] Helen picks up tablet. (office)
[12] George asks robot. (office)
[12] robot turns off air conditioner. (office)
[12] robot agrees to help. (office)
[12] robot reaches for AC remote. (office)
[13] robot holds air-conditioner remote. (office)
[13] robot adjusts temperature on remote. (office)
[13] Helen glances up toward robot. (office)
[13] robot places remote. (office)
[17] George asks robot. (office)
[17] robot moves closer. (office)
[17] robot films. (office)
[17] robot reaches toward laptop. (office)
[17] robot wears black-gloved hand. (office)
[17] robot operates laptop trackpad. (office)
[17] robot saves logo. (office)
[17] robot switches to slide-editing view. (office)
[18] robot rests gloved hand near laptop. (office)

**Conversations: **

Conversation 1: George and Helen reviewed a coffee shop business plan and identified three key gaps: defining the target customer group, providing a site selection rationale, and detailing risk response measures, with risk response deemed the top priority. They also iterated on a rabbit-themed logo, adjusting background colors and adding elements for environmental feel and contrast, ultimately saving an improved version. Robots were used for small support tasks and to save the final logo.
[3] Helen: Yes it's the most important one.
[3] Helen: Risk response measures.
[3] George: Hey robots can you give me a red pen?
[3] George: Robots can I have a red pen please?
[4] George: Thank you so risk response is the most important.
[4] Helen: Yes this is a top priority.
[4] George: Okay thank you.
[4] George: Hey robots can you please put the business plan back where it goes?
[4] robot: OK.
[4] Helen: It's a really good proposal.
[4] Helen: I just take care about that.
[6] Helen: Thank you George.
[6] George: All right!
[6] George: Hey robots can you put the pen back in the pen holder?
[7] George: Oh...
[7] George: I'm feeling a little tired.
[7] George: Hey Helen do you want to come sit on the sofa?
[7] Helen: Yeah I'm good here.
[7] George: Hey robots can you bring the logo for me please?
[7] Helen: The logo brand.
[7] George: The robot's going to show you the logo.
[14] Helen: Yeah it make it much more better um maybe...
[14] Helen: Add some elements to logo.
[15] Helen: Let me ask the robot. Robot?
[15] Helen: What do you think about the logo?
[15] Helen: Do you have any suggestion for us?
[17] George: Yeah Robot's suggestion was definitely a lot better now!
[17] Helen: That was a good idea. Robot thank you!
[17] George: Hey robot can you save this logo?
[17] George: So that we have it for later on please.
[18] Helen: I want to do I...

[Step 2] Evaluating semantic answer...
Action: [Answer]
Content: Yes, the robot picks up the red pen from the table.
FINAL ANSWER (from graph):
Yes, the robot picks up the red pen from the table.
Question: Does Helen want George to turn on the air conditioner?

[Step 1] Searching the graph...
Parse Query Output:
{
  "query_triple": ["<Helen>", "wants", "<George> turn on air conditioner", 0.95, 0.3, 0.9],
  "spatial_constraint": null,
  "speaker_strict": null,
  "allocation": {
    "k_high_level": 6,
    "k_low_level": 14,
    "k_conversations": 30,
    "total_k": 50,
    "reasoning": "Intent/yes-no question about desire/request; prioritize conversations to detect explicit desire or request, use some low-level edges for action evidence (turning on AC), and a few high-level edges for character intent relations."
  }
}

Graph Search Results:
**High-Level Information (Character Attributes and Relationships): **

Character Relationships:
- George collaborates with Helen (95)
- Helen advises George (85)
- George values guidance from Helen (80)
- George seeks guidance from Helen (90)
- Helen advises professionally George (88)
- George cooperates with Helen (86)

**Low-Level Information (Actions and Events): **

[1] George watches Helen. (attic office)
[2] George looks toward Helen. (office)
[4] Helen looks at George. (home office)
[5] George asks Helen. (office)
[7] George invites Helen. (office)
[7] George tells Helen. (office)
[11] George invites Helen. (office)
[12] Helen asks George. (office)
[12] George asks Helen. (office)
[13] George asks Helen. (office)
[14] Helen watches George. (home office)
[16] Helen looks at George. (office)
[17] Helen looks at George. (office)
[18] Helen tells George. (office)

**Conversations: **

Conversation 1: George and Helen reviewed a coffee shop business plan and identified three key gaps: defining the target customer group, providing a site selection rationale, and detailing risk response measures, with risk response deemed the top priority. They also iterated on a rabbit-themed logo, adjusting background colors and adding elements for environmental feel and contrast, ultimately saving an improved version. Robots were used for small support tasks and to save the final logo.
[1] George: Hey Helen here is the...
[1] George: Coffee shop business plan. Can you look over it whether it is wrong?
[1] Helen: Yeah sure. Here give it to me.
[2] Helen: It's not seeing the proposal.
[2] George: Okay.
[2] Helen: Also emm......
[2] Helen: Lack of site selection basis on the......
[2] Helen: Proposal is missing
[6] George: So I'll put it in my notebook and then we can...
[6] George: change these up a little bit.
[6] George: This is George: Helen: 3 very...
[6] George: important
[6] Helen: Thank you George.
[6] George: All right!
[6] George: Hey robots can you put the pen back in the pen holder?
[7] George: Oh...
[7] George: I'm feeling a little tired.
[7] Helen: Are you tired?
[7] George: Hey Helen do you want to come sit on the sofa?
[7] Helen: Yeah I'm good here.
[7] George: Hey robots can you bring the logo for me please?
[8] Helen: Emm actually is a great idea but......
[8] Helen: It has a lack of environmental aspect.
[9] Helen: Are you agree with me?
[9] George: What are you thinking?
[9] George: I use the background.
[9] Helen: I think with the green background is
[9] Helen: big change background to the green.
[9] Helen: Maybe it will be a little bit better.
[9] Helen: You know I like this rabbit I like this
[9] Helen: idea. This is a coffee shop and
[10] George: which is changing the background and that should......
[10] Helen: Yeah I totally agree I thank you for all of things
[10] Helen: let me try to......
[10] Helen: change it to
[10] Helen: black.
[11] Helen: How is it now?
[11] George: Oh yeah yeah that's a lot better!
[11] George: You can definitely see that it's bolder yeah!
[11] George: Definitely a lot better.
[11] George: Oh I'm a little tired......
[11] George: Helen do you want to come to the couch and sit down?
[11] Helen: I'm good thank you.
[12] George: It's a little hot in here.
[12] George: Maybe we can turn on the air conditioner.
[12] Helen: Are you sure are you hot?
[12] George: Yes it's a little stuffy in the room.
[12] George: So what do you think about the logo any inside or anything?
[12] Helen: As far as I can see it's not bad.
[12] Helen: But I think something missing in it.
[12] Helen: It's really cold here!
[12] George: I'm sorry. Hey robots can you turn off the air conditioner please?
[13] Helen: You know...
[13] George: Thank you robots. Is that better now?
[13] George: Not so cold?
[13] Helen: Emm yeah not that much cold is better.
[13] Helen: I think this logo has...
[13] Helen: Must have some dynamics elements. What do you think?
[14] George: Yeah because you know maybe add some...
[14] George: Trees or something like where the coffee comes from.
[14] George: Something extra to make sure...
[14] George: It's more proper.
[14] Helen: Yeah it make it much more better um maybe...
[14] Helen: Add some elements to logo.
[15] Helen: Let me ask the robot. Robot?
[15] Helen: What do you think about the logo?
[15] Helen: Do you have any suggestion for us?
[15] George: Oh yeah.
[15] George: Great idea yeah yeah definitely great idea!
[15] George: As the stuff that the robot said
[15] George: Because we definitely need a hand on that stuff
[15] Helen: Ahh......
[15] Helen: Yes with element will be good also......
[16] Helen: Yes with element will be good also...
[16] Helen: I tap the...
[16] Helen: And click on the tablet for the wise elements.
[16] Helen: You can try.
[16] Helen: Ah how is that?
[16] George: Add emm extra...
[16] George: Contrast.
[16] George: Yeah so much better.
[17] Helen: Yeah!
[17] George: Yeah definitely!
[17] George: Yeah Robot's suggestion was definitely a lot better now!
[17] George: Hey robot can you save this logo?
[17] George: So that we have it for later on please.
[18] Helen: I want to do I...
[18] Helen: Just want to pull the tablet and the laptop here.
[18] George: Okay I think we're good yeah!

[Step 2] Evaluating semantic answer...
Action: [Answer]
Content: No, Helen complains it's really cold and George turns off the air conditioner.
FINAL ANSWER (from graph):
No, Helen complains it's really cold and George turns off the air conditioner.
Question: How many pieces of information are recorded on the scratch paper?

[Step 1] Searching the graph...
Parse Query Output:
{
  "query_triple": ["scratch paper", "has count of", "pieces of information", 0.6, 0.3, 0.4],
  "spatial_constraint": null,
  "speaker_strict": null,
  "allocation": {
    "k_high_level": 4,
    "k_low_level": 38,
    "k_conversations": 8,
    "total_k": 50,
    "reasoning": "Quantitative content on an object; prioritize low-level edges to enumerate items on the scratch paper, minimal conversations and high-level edges."
  }
}

Graph Search Results:
**High-Level Information (Character Attributes and Relationships): **

Character Attributes:
- robot is: no face shown (100), black gloves visible (100), camera holder (100)

Character Relationships:
- George directs tasks to robot (90)

**Low-Level Information (Actions and Events): **

[1] character_2 holds document. (attic office)
[1] document is on tablet. (attic office)
[1] George holds sheet of paper. (attic office)
[1] George writes on blank sheet. (attic office)
[2] George writes on blank sheet. (office)
[2] George writes paper. (office)
[2] paper has words Target customer. (office)
[2] paper has note. (office)
[3] George writes on sheet of paper. (office)
[3] red pen moves toward table. (office)
[4] George points at paper. (home office)
[4] red marker points at paper. (home office)
[4] paper is on desk. (home office)
[4] George writes on paper. (home office)
[4] George writes note on paper. (home office)
[4] robot has document. (home office)
[4] document is on stack of folder. (home office)
[5] George writes on sheet of paper. (office)
[5] tablet is beside paper. (office)
[5] George writes on paper. (office)
[6] George writes on sheet of paper. (office)
[6] notebook is on desk. (office)
[6] item is on paper. (office)
[6] Helen's phone is beside small notebook. (office)
[6] note is in George's notebook. (office)
[6] list is on paper. (office)
[7] red pen is from pen holder. (office)
[8] drawing is on tablet. (home office)
[8] part of drawing is on tablet. (home office)
[9] tablet is on desk. (office)
[14] George picks up paper. (home office)
[14] George writes on paper. (home office)
[15] George writes notes on paper. (home office)
[16] George writes on sheet of paper. (office)
[18] George writes on paper. (office)
[18] George points at note sheet. (office)
[18] George gestures at paper. (office)
[18] George taps paper. (office)

**Conversations: **

Conversation 1: George and Helen reviewed a coffee shop business plan and identified three key gaps: defining the target customer group, providing a site selection rationale, and detailing risk response measures, with risk response deemed the top priority. They also iterated on a rabbit-themed logo, adjusting background colors and adding elements for environmental feel and contrast, ultimately saving an improved version. Robots were used for small support tasks and to save the final logo.
[3] Helen: Yes it's the most important one.
[3] Helen: Risk response measures.
[3] George: Hey robots can you give me a red pen?
[3] George: Robots can I have a red pen please?
[4] George: Thank you so risk response is the most important.
[4] Helen: Yes this is a top priority.
[5] George: First one target.
[5] Helen: Yeah yeah target customer group of the coffee shops.
[6] Helen: These three are the most important parts and...
[6] Helen: The most (important) one is the...
[6] George: Response
[6] Helen: Yeah thank you!
[6] George: So I'll put it in my notebook and then we can...
[6] George: change these up a little bit.
[6] George: This is George: Helen: 3 very...
[8] George: of his down or should both ears be up?
[8] George: Or should the coffee bean be a little bit bigger?
[8] George: Or do we place the black......
[8] George: At the bottom or do you need to change anything or what?
[8] Helen: Emm actually is a great idea but......
[8] Helen: It has a lack of environmental aspect.
[18] Helen: Just want to pull the tablet and the laptop here.
[18] George: Okay I think we're good yeah!
[18] George: The robot saved the information.
[18] George: And I wrote down with what robots saved.
[18] George: So we should be good...
[18] Helen: Yeah everything is good just...

[Step 2] Evaluating semantic answer...
Action: [Answer]
Content: Three pieces of information.
FINAL ANSWER (from graph):
Three pieces of information.
Question: What is the use of the scratch paper?

[Step 1] Searching the graph...
Parse Query Output:
{
  "query_triple": ["scratch paper", "is used for", "?", 0.7, 0.3, 0.2],
  "spatial_constraint": null,
  "speaker_strict": null,
  "allocation": {
    "k_high_level": 4,
    "k_low_level": 40,
    "k_conversations": 6,
    "total_k": 50,
    "reasoning": "Object-use query focuses on specific actions involving the scratch paper; prioritize low-level edges to capture usage events, with minimal conversations for any mentions explaining purpose."
  }
}

Graph Search Results:
**High-Level Information (Character Attributes and Relationships): **

Character Attributes:
- robot is: camera holder (100), black gloves visible (100), no face shown (100)

Character Relationships:
- George directs tasks to robot (90)

**Low-Level Information (Actions and Events): **

[1] stapled document is to Helen. (attic office)
[1] George holds sheet of paper. (attic office)
[1] George writes on blank sheet. (attic office)
[2] George writes on blank sheet. (office)
[2] George uses marker. (office)
[2] George writes paper. (office)
[2] paper has words Target customer. (office)
[2] paper has note. (office)
[3] George writes on sheet of paper. (office)
[3] George writes note. (office)
[3] red pen is to George. (office)
[4] George points at paper. (home office)
[4] red marker points at paper. (home office)
[4] paper is on desk. (home office)
[4] George writes on paper. (home office)
[4] George writes note on paper. (home office)
[5] George writes on sheet of paper. (office)
[5] Helen references note. (office)
[5] tablet is beside paper. (office)
[5] George writes on paper. (office)
[6] George writes on sheet of paper. (office)
[6] notebook is on desk. (office)
[6] item is on paper. (office)
[6] George uses red pen. (office)
[6] Helen's phone is beside small notebook. (office)
[6] George will put note. (office)
[6] note is in George's notebook. (office)
[6] list is on paper. (office)
[7] red pen is from pen holder. (office)
[14] George uses pen. (home office)
[14] George picks up paper. (home office)
[14] George writes on paper. (home office)
[15] George writes notes on paper. (home office)
[16] George writes on sheet of paper. (office)
[16] George writes note. (office)
[18] George writes note. (office)
[18] George writes on paper. (office)
[18] George points at note sheet. (office)
[18] George gestures at paper. (office)
[18] George taps paper. (office)

**Conversations: **

Conversation 1: George and Helen reviewed a coffee shop business plan and identified three key gaps: defining the target customer group, providing a site selection rationale, and detailing risk response measures, with risk response deemed the top priority. They also iterated on a rabbit-themed logo, adjusting background colors and adding elements for environmental feel and contrast, ultimately saving an improved version. Robots were used for small support tasks and to save the final logo.
[3] Helen: Yes it's the most important one.
[3] Helen: Risk response measures.
[3] George: Hey robots can you give me a red pen?
[3] George: Robots can I have a red pen please?
[4] George: Thank you so risk response is the most important.
[4] Helen: Yes this is a top priority.
[6] George: Response
[6] Helen: Yeah thank you!
[6] George: So I'll put it in my notebook and then we can...
[6] George: change these up a little bit.
[6] George: This is George: Helen: 3 very...
[9] Helen: Are you agree with me?
[9] George: What are you thinking?
[9] George: I use the background.
[9] George: Add some other characters what do you want to do?
[9] Helen: And no need to add some characters.
[17] Helen: That was a good idea. Robot thank you!
[17] George: Hey robot can you save this logo?
[17] George: So that we have it for later on please.
[18] Helen: I want to do I...
[18] Helen: Just want to pull the tablet and the laptop here.
[18] George: Okay I think we're good yeah!
[18] George: The robot saved the information.
[18] George: And I wrote down with what robots saved.
[18] George: So we should be good...
[18] Helen: Yeah everything is good just...

[Step 2] Evaluating semantic answer...
Action: [Answer]
Content: George uses the scratch paper to write and note down key points for the coffee shop business plan.
FINAL ANSWER (from graph):
George uses the scratch paper to write and note down key points for the coffee shop business plan.
Question: Where was the original position of the business plan?

[Step 1] Searching the graph...
Parse Query Output:
{
  "query_triple": ["business plan", "original position", "?", 0.7, 0.3, 0.15],
  "spatial_constraint": null,
  "speaker_strict": null,
  "allocation": {
    "k_high_level": 3,
    "k_low_level": 40,
    "k_conversations": 7,
    "total_k": 50,
    "reasoning": "Spatial/location query about an object's initial placement; prioritize low-level edges that capture where the business plan was placed or found originally. Minimal high-level edges; limited conversations in case dialogue mentions its original location."
  }
}

Graph Search Results:
**High-Level Information (Character Attributes and Relationships): **

Character Attributes:
- robot is: no face shown (100), black gloves visible (100), camera holder (100)

**Low-Level Information (Actions and Events): **

[1] Helen opens document. (attic office)
[1] Helen flips through document page. (attic office)
[2] Helen sits in office chair. (office)
[2] Helen points at booklet. (office)
[2] Helen references booklet. (office)
[2] Helen summarizes proposal is missing. (office)
[3] Helen sits in office chair. (office)
[3] Helen points at book. (office)
[3] smartphone is beside book. (office)
[4] paper is on desk. (home office)
[4] George picks up printed document titled 'Coffee Shop Business Plan'. (home office)
[5] Helen looks at notebook. (office)
[5] Helen gestures with marker toward laptop. (office)
[5] Helen gestures with marker toward notebook. (office)
[6] Helen points at notebook. (office)
[6] notebook is on desk. (office)
[6] item is on paper. (office)
[6] list is on paper. (office)
[8] Helen has open laptop. (home office)
[9] Helen explains idea. (office)
[9] laptop is to right of Helen. (office)
[11] George reaches toward laptop. (office)
[11] specific part of image is on laptop. (office)
[12] Helen reviews design. (office)
[12] design is on tablet. (office)
[12] design is not bad. (office)
[12] something is missing in design. (office)
[14] <Helen>'s phone is beside laptop. (home office)
[14] George points at laptop. (home office)
[15] Helen advances laptop. (home office)
[15] George points at laptop. (home office)
[16] Helen looks at laptop. (office)
[16] Helen adjusts laptop. (office)
[17] Helen is in front of laptop. (office)
[17] logo is on laptop. (office)
[17] George continues pointing toward laptop. (office)
[17] George gestures toward laptop. (office)
[17] robot reaches toward laptop. (office)
[17] slide-editing view is on laptop. (office)
[18] robot rests gloved hand near laptop. (office)

**Conversations: **

Conversation 1: George and Helen reviewed a coffee shop business plan and identified three key gaps: defining the target customer group, providing a site selection rationale, and detailing risk response measures, with risk response deemed the top priority. They also iterated on a rabbit-themed logo, adjusting background colors and adding elements for environmental feel and contrast, ultimately saving an improved version. Robots were used for small support tasks and to save the final logo.
[1] George: Hey Helen here is the...
[1] George: Coffee shop business plan. Can you look over it whether it is wrong?
[1] Helen: Yeah sure. Here give it to me.
[1] Helen: The target customer group of the coffee shop.
[2] Helen: It's not seeing the proposal.
[2] George: Okay.
[2] Helen: Also emm......
[2] Helen: Lack of site selection basis on the......
[2] Helen: Proposal is missing
[2] Helen: And I should tell you
[3] Helen: Risk response meat share are the top priority.
[4] George: important.
[4] George: Okay thank you.
[4] George: Hey robots can you please put the business plan back where it goes?
[4] robot: OK.
[4] Helen: It's a really good proposal.
[4] Helen: I just take care about that.
[5] Helen: three points I told you before.
[8] George: Or should the coffee bean be a little bit bigger?
[8] George: Or do we place the black......
[8] George: At the bottom or do you need to change anything or what?
[8] Helen: Emm actually is a great idea but......
[8] Helen: It has a lack of environmental aspect.
[12] Helen: Are you sure are you hot?
[12] George: Yes it's a little stuffy in the room.
[12] George: So what do you think about the logo any inside or anything?
[12] Helen: As far as I can see it's not bad.
[12] Helen: But I think something missing in it.

[Step 2] Evaluating semantic answer...
Action: [Answer]
Content: On the desk in the home office.
FINAL ANSWER (from graph):
On the desk in the home office.
Question: Where is the position of the pen holder?

[Step 1] Searching the graph...
Parse Query Output:
{
  "query_triple": ["pen holder", "is at", "?", 0.6, 0.5, 0.15],
  "spatial_constraint": null,
  "speaker_strict": null,
  "allocation": {
    "k_high_level": 2,
    "k_low_level": 40,
    "k_conversations": 8,
    "total_k": 50,
    "reasoning": "Spatial location query for an object; prioritize low-level edges to find precise position. Minimal need for high-level edges and limited conversations for any verbal mentions."
  }
}

Graph Search Results:
**High-Level Information (Character Attributes and Relationships): **

Character Attributes:
- robot is: camera holder (100), black gloves visible (100)

**Low-Level Information (Actions and Events): **

[1] document is on tablet. (attic office)
[3] robot picks from pen holder. (office)
[4] Helen sits at desk. (home office)
[4] paper is on desk. (home office)
[4] stack of folder is on shelf. (home office)
[5] Helen sits at desk. (office)
[6] Helen sits at desk. (office)
[6] notebook is on desk. (office)
[6] item is on paper. (office)
[6] note is in George's notebook. (office)
[6] list is on paper. (office)
[6] pen is from George. (office)
[7] red pen is from pen holder. (office)
[7] stack of folder is on shelf. (office)
[7] Helen sits at desk. (office)
[7] tablet is on shelf. (office)
[8] Helen sits at desk. (home office)
[8] drawing is on tablet. (home office)
[8] part of drawing is on tablet. (home office)
[9] tablet is on desk. (office)
[10] tablet is on table. (office)
[11] Helen sits at desk. (office)
[11] specific part of image is on laptop. (office)
[11] tablet is on desk. (office)
[12] AC remote is on desk. (office)
[12] design is on tablet. (office)
[13] Helen sits at desk. (office)
[13] remote is on desk. (office)
[13] logo is on tablet. (office)
[14] Helen sits at desk. (home office)
[14] George sits at desk. (home office)
[14] tablet is on desk. (home office)
[15] Helen sits at desk. (home office)
[15] Helen's tablet is on desk. (home office)
[16] Helen sits at desk. (office)
[16] George sits at desk. (office)
[16] tablet is on desk. (office)
[17] Helen sits at desk. (office)
[17] George sits at desk. (office)
[18] shelf is at back of room. (office)

**Conversations: **

Conversation 1: George and Helen reviewed a coffee shop business plan and identified three key gaps: defining the target customer group, providing a site selection rationale, and detailing risk response measures, with risk response deemed the top priority. They also iterated on a rabbit-themed logo, adjusting background colors and adding elements for environmental feel and contrast, ultimately saving an improved version. Robots were used for small support tasks and to save the final logo.
[3] Helen: Yes it's the most important one.
[3] Helen: Risk response measures.
[3] George: Hey robots can you give me a red pen?
[3] George: Robots can I have a red pen please?
[4] George: Thank you so risk response is the most important.
[4] Helen: Yes this is a top priority.
[4] George: important.
[4] George: Okay thank you.
[4] George: Hey robots can you please put the business plan back where it goes?
[4] robot: OK.
[4] Helen: It's a really good proposal.
[6] Helen: Thank you George.
[6] George: All right!
[6] George: Hey robots can you put the pen back in the pen holder?
[7] George: Oh...
[7] George: I'm feeling a little tired.
[8] George: Yeah.
[8] Helen: Ah this is a rabbit with a coffee......
[8] Helen: His hand......
[8] George: I don't know if you like the the one ear......
[8] George: of his down or should both ears be up?
[8] George: Or should the coffee bean be a little bit bigger?
[8] George: Or do we place the black......
[8] George: At the bottom or do you need to change anything or what?
[8] Helen: Emm actually is a great idea but......
[8] Helen: It has a lack of environmental aspect.
[17] George: So that we have it for later on please.
[18] Helen: I want to do I...
[18] Helen: Just want to pull the tablet and the laptop here.
[18] George: Okay I think we're good yeah!
[18] George: The robot saved the information.

[Step 2] Evaluating semantic answer...
Action: [Answer]
Content: In the office.
FINAL ANSWER (from graph):
In the office.
Question: Where is the picture of the brand "loGraydono"?

[Step 1] Searching the graph...
Parse Query Output:
{
  "query_triple": ["picture#brand:loGraydono", "is at", "?", 0.95, 0.5, 0.15],
  "spatial_constraint": null,
  "speaker_strict": null,
  "allocation": {
    "k_high_level": 3,
    "k_low_level": 40,
    "k_conversations": 7,
    "total_k": 50,
    "reasoning": "Spatial lookup for a specific branded picture; prioritize low-level edges for location, minimal high-level and conversations for any incidental mentions."
  }
}

Graph Search Results:
**High-Level Information (Character Attributes and Relationships): **

Character Attributes:
- George is: male (100)

Character Relationships:
- George collaborates with Helen (95)
- George directs tasks to robot (90)

**Low-Level Information (Actions and Events): **

[2] George stands at table. (office)
[4] paper is on desk. (home office)
[4] stack of folder is on shelf. (home office)
[6] notebook is on desk. (office)
[6] item is on paper. (office)
[6] note is in George's notebook. (office)
[7] stack of folder is on shelf. (office)
[7] George sits on white sofa. (office)
[7] robot brings logo. (office)
[7] Helen references logo brand. (office)
[7] tablet is on shelf. (office)
[7] tablet shows logo image. (office)
[7] Helen can look at logo. (office)
[8] drawing is on tablet. (home office)
[8] part of drawing is on tablet. (home office)
[9] tablet is on desk. (office)
[10] tablet is on table. (office)
[11] Helen sits at desk. (office)
[11] George points at image. (office)
[11] specific part of image is on laptop. (office)
[11] tablet is on desk. (office)
[12] AC remote is on desk. (office)
[12] design is on tablet. (office)
[12] design is not bad. (office)
[12] something is missing in design. (office)
[13] air-conditioner remote is in front of camera. (office)
[13] remote is on desk. (office)
[13] logo is on tablet. (office)
[14] George sits at desk. (home office)
[14] tablet is on desk. (home office)
[15] Helen's tablet is on desk. (home office)
[16] George sits at desk. (office)
[16] tablet is on desk. (office)
[17] George sits at desk. (office)
[17] Helen looks at logo. (office)
[17] logo is on laptop. (office)
[17] robot saves logo. (office)
[17] slide-editing view is on laptop. (office)
[18] George sits at table. (office)
[18] shelf is at back of room. (office)

**Conversations: **

Conversation 1: George and Helen reviewed a coffee shop business plan and identified three key gaps: defining the target customer group, providing a site selection rationale, and detailing risk response measures, with risk response deemed the top priority. They also iterated on a rabbit-themed logo, adjusting background colors and adding elements for environmental feel and contrast, ultimately saving an improved version. Robots were used for small support tasks and to save the final logo.
[7] George: Hey Helen do you want to come sit on the sofa?
[7] Helen: Yeah I'm good here.
[7] George: Hey robots can you bring the logo for me please?
[7] Helen: The logo brand.
[7] George: The robot's going to show you the logo.
[7] George: You can look at it.
[8] George: I really want to see it.
[11] George: And it broaden the picture
[11] George: to where the rabbit at is bolder
[11] George: And the logo itself looks a lot better.
[11] Helen: Yeah I like it!
[11] George: Yeah compared to this.
[12] Helen: Are you sure are you hot?
[12] George: Yes it's a little stuffy in the room.
[12] George: So what do you think about the logo any inside or anything?
[12] Helen: As far as I can see it's not bad.
[12] Helen: But I think something missing in it.
[14] Helen: Add some elements to logo.
[15] Helen: Let me ask the robot. Robot?
[15] Helen: What do you think about the logo?
[15] Helen: Do you have any suggestion for us?
[15] George: Oh yeah.
[17] George: Yeah Robot's suggestion was definitely a lot better now!
[17] Helen: That was a good idea. Robot thank you!
[17] George: Hey robot can you save this logo?
[17] George: So that we have it for later on please.
[18] Helen: I want to do I...

[Step 2] Evaluating semantic answer...
Action: [Answer]
Content: On the tablet in the office.
FINAL ANSWER (from graph):
On the tablet in the office.
Question: Where does the robot pick up the remote control?

[Step 1] Searching the graph...
Parse Query Output:
{
  "query_triple": ["<robot>", "picks up", "remote control", 0.95, 0.6, 0.8],
  "spatial_constraint": null,
  "speaker_strict": null,
  "allocation": {
    "k_high_level": 5,
    "k_low_level": 40,
    "k_conversations": 5,
    "total_k": 50,
    "reasoning": "Spatial/action query about a specific pickup event; prioritize low-level edges to find the scene and location of the action. Minimal high-level and conversations for context."
  }
}

Graph Search Results:
**High-Level Information (Character Attributes and Relationships): **

Character Attributes:
- robot is: camera holder (100), black gloves visible (100), no face shown (100)

Character Relationships:
- George directs tasks to robot (90)
- Helen accepts assistance from robot (70)

**Low-Level Information (Actions and Events): **

[3] George asks robot. (office)
[3] robot walks to shelf with stationery. (office)
[3] robot picks red pen. (office)
[3] robot picks from pen holder. (office)
[3] robot carries red pen. (office)
[3] robot offers red pen. (office)
[4] robot takes document. (home office)
[4] robot takes from George. (home office)
[4] robot walks to bookshelf. (home office)
[6] robot reaches out with black glove. (office)
[6] robot takes pen. (office)
[6] robot moves away from desk area. (office)
[7] robot enters room. (office)
[7] robot approaches wooden shelf. (office)
[7] robot picks up red pen. (office)
[7] George asks robot. (office)
[7] robot brings logo. (office)
[7] robot moves toward shelf. (office)
[7] robot moves with tablet. (office)
[7] robot presents tablet. (office)
[7] robot holds steady tablet. (office)
[8] robot holds tablet. (home office)
[8] robot walks from shelf area. (home office)
[8] robot walks toward seating. (home office)
[8] robot carries tablet. (home office)
[8] George takes from robot. (home office)
[12] George asks robot. (office)
[12] robot turns off air conditioner. (office)
[12] robot reaches for AC remote. (office)
[13] robot holds air-conditioner remote. (office)
[13] robot adjusts temperature on remote. (office)
[13] robot places remote. (office)
[15] robot points at laptop screen. (home office)
[17] George asks robot. (office)
[17] robot reaches toward laptop. (office)
[17] robot wears black-gloved hand. (office)
[17] robot operates laptop trackpad. (office)
[17] robot saves logo. (office)
[17] robot switches to slide-editing view. (office)
[18] robot rests gloved hand near laptop. (office)

**Conversations: **

Conversation 1: George and Helen reviewed a coffee shop business plan and identified three key gaps: defining the target customer group, providing a site selection rationale, and detailing risk response measures, with risk response deemed the top priority. They also iterated on a rabbit-themed logo, adjusting background colors and adding elements for environmental feel and contrast, ultimately saving an improved version. Robots were used for small support tasks and to save the final logo.
[3] Helen: Yes it's the most important one.
[3] Helen: Risk response measures.
[3] George: Hey robots can you give me a red pen?
[3] George: Robots can I have a red pen please?
[4] George: Thank you so risk response is the most important.
[4] Helen: Yes this is a top priority.
[4] George: important.
[4] George: Okay thank you.
[4] George: Hey robots can you please put the business plan back where it goes?
[4] robot: OK.
[4] Helen: It's a really good proposal.
[6] Helen: Thank you George.
[6] George: All right!
[6] George: Hey robots can you put the pen back in the pen holder?
[7] George: Oh...
[7] George: I'm feeling a little tired.
[7] George: Hey Helen do you want to come sit on the sofa?
[7] Helen: Yeah I'm good here.
[7] George: Hey robots can you bring the logo for me please?
[7] Helen: The logo brand.
[7] George: The robot's going to show you the logo.

[Step 2] Evaluating semantic answer...
Action: [Answer]
Content: In the office.
FINAL ANSWER (from graph):
In the office.
Question: Where does the robot save the newly added content on the scratch paper?

[Step 1] Searching the graph...
Parse Query Output:
{
  "query_triple": ["<Robot>", "saves", "content#new on scratch paper", 0.95, 0.3, 0.8],
  "spatial_constraint": "scratch paper",
  "speaker_strict": null,
  "allocation": {
    "k_high_level": 5,
    "k_low_level": 40,
    "k_conversations": 5,
    "total_k": 50,
    "reasoning": "Spatial/action query about where the robot saves newly added content; prioritize low-level edges for concrete save/location actions. Minimal high-level for potential attributes, minimal conversations unless dialogue states the save location."
  }
}

Graph Search Results:
**High-Level Information (Character Attributes and Relationships): **

Character Attributes:
- George is: male (100)
- robot is: no face shown (100), black gloves visible (100), camera holder (100)

Character Relationships:
- George directs tasks to robot (90)

**Low-Level Information (Actions and Events): **

[1] character_1 holds phone. (attic office)
[1] character_2 walks into room. (attic office)
[1] character_1 sits on office chair. (attic office)
[1] character_2 holds document. (attic office)
[1] document is on tablet. (attic office)
[2] paper has words Target customer. (office)
[2] paper has note. (office)
[3] smartphone is beside book. (office)
[3] red pen moves toward table. (office)
[4] red marker points at paper. (home office)
[4] paper is on desk. (home office)
[4] document is on stack of folder. (home office)
[5] tablet is beside paper. (office)
[6] notebook is on desk. (office)
[6] item is on paper. (office)
[6] Helen's phone is beside small notebook. (office)
[6] note is in George's notebook. (office)
[6] list is on paper. (office)
[6] red pen is toward camera. (office)
[7] tablet is on shelf. (office)
[7] tablet shows logo image. (office)
[7] tablet displays logo. (office)
[8] tablet is across desk. (home office)
[8] drawing is on tablet. (home office)
[8] part of drawing is on tablet. (home office)
[9] tablet is on desk. (office)
[10] tablet is on table. (office)
[11] tablet is on desk. (office)
[12] design is on tablet. (office)
[12] something is missing in design. (office)
[13] robot places remote. (office)
[13] remote is on desk. (office)
[13] remote is beside printer. (office)
[13] logo is on tablet. (office)
[14] tablet is on desk. (home office)
[16] tablet is on desk. (office)
[17] laptop screen shows rabbit logo. (office)
[17] robot saves logo. (office)
[17] slide-editing view is on laptop. (office)
[18] tablet is from table. (office)

**Conversations: **

Conversation 1: George and Helen reviewed a coffee shop business plan and identified three key gaps: defining the target customer group, providing a site selection rationale, and detailing risk response measures, with risk response deemed the top priority. They also iterated on a rabbit-themed logo, adjusting background colors and adding elements for environmental feel and contrast, ultimately saving an improved version. Robots were used for small support tasks and to save the final logo.
[3] Helen: Risk response measures.
[3] George: Hey robots can you give me a red pen?
[3] George: Robots can I have a red pen please?
[4] George: Thank you so risk response is the most important.
[4] Helen: Yes this is a top priority.
[6] Helen: Thank you George.
[6] George: All right!
[6] George: Hey robots can you put the pen back in the pen holder?
[7] George: Oh...
[7] George: I'm feeling a little tired.
[17] George: Yeah Robot's suggestion was definitely a lot better now!
[17] Helen: That was a good idea. Robot thank you!
[17] George: Hey robot can you save this logo?
[17] George: So that we have it for later on please.
[18] Helen: I want to do I...
[18] Helen: Just want to pull the tablet and the laptop here.
[18] George: Okay I think we're good yeah!
[18] George: The robot saved the information.
[18] George: And I wrote down with what robots saved.
[18] George: So we should be good...
[18] Helen: Yeah everything is good just...

[Step 2] Evaluating semantic answer...
Action: [Answer]
Content: In George’s notebook on the scratch paper.
FINAL ANSWER (from graph):
In George’s notebook on the scratch paper.
Question: How many problems are there in the business plan?

[Step 1] Searching the graph...
Parse Query Output:
{
  "query_triple": [null, "counts problems in", "business plan", 0.1, 0.25, 0.6],
  "spatial_constraint": null,
  "speaker_strict": null,
  "allocation": {
    "k_high_level": 5,
    "k_low_level": 20,
    "k_conversations": 25,
    "total_k": 50,
    "reasoning": "Quantitative content query about a document; use low-level edges for specific mentions of problems and conversations for dialogue where counts or enumerations are discussed. Minimal high-level edges for any traits/relations about the plan or speakers."
  }
}

Graph Search Results:
**High-Level Information (Character Attributes and Relationships): **

Character Attributes:
- George is: entrepreneurial/business-focused (80), dark t-shirt (100)
- Helen is: blue jeans (100), detail-oriented (95)
- robot is: camera holder (100)

**Low-Level Information (Actions and Events): **

[1] character_1 approaches wooden desk. (attic office)
[1] Helen places document. (attic office)
[1] Helen opens document. (attic office)
[2] George writes paper. (office)
[2] George writes additional bullet point. (office)
[3] George writes note. (office)
[3] robot picks red pen. (office)
[3] robot offers red pen. (office)
[4] robot places document. (home office)
[5] Helen references note. (office)
[6] George will put note. (office)
[7] robot enters room. (office)
[7] robot presents tablet. (office)
[12] Helen reviews design. (office)
[16] Helen works on Helen's laptop. (office)
[16] George writes note. (office)
[16] George says idea. (office)
[17] robot operates laptop trackpad. (office)
[18] Helen operates Helen's phone. (office)
[18] George writes note. (office)

**Conversations: **

Conversation 1: George and Helen reviewed a coffee shop business plan and identified three key gaps: defining the target customer group, providing a site selection rationale, and detailing risk response measures, with risk response deemed the top priority. They also iterated on a rabbit-themed logo, adjusting background colors and adding elements for environmental feel and contrast, ultimately saving an improved version. Robots were used for small support tasks and to save the final logo.
[1] George: Hey Helen here is the...
[1] George: Coffee shop business plan. Can you look over it whether it is wrong?
[1] Helen: Yeah sure. Here give it to me.
[1] Helen: The target customer group of the coffee shop.
[2] Helen: It's not seeing the proposal.
[2] George: Okay.
[2] Helen: Also emm......
[2] Helen: Lack of site selection basis on the......
[2] Helen: Proposal is missing
[2] Helen: And I should tell you
[3] Helen: Risk response meat share are the top priority.
[3] George: Okay so risk response is the most important.
[3] Helen: Yes it's the most important one.
[3] Helen: Risk response measures.
[3] George: Hey robots can you give me a red pen?
[3] George: Robots can I have a red pen please?
[4] George: Thank you so risk response is the most important.
[4] Helen: Yes this is a top priority.
[4] George: Okay make sure......
[4] George: important.
[4] George: Okay thank you.
[4] George: Hey robots can you please put the business plan back where it goes?
[4] robot: OK.
[4] Helen: It's a really good proposal.
[4] Helen: I just take care about that.
[5] Helen: three points I told you before.
[5] Helen: the selection...
[5] George: So the most important is the risk right?
[5] George: So we might get the risk response.
[5] Helen: Lack of response measures...
[5] Helen: Yeah and also you should to take care also about the...
[5] Helen: uh course site selection
[5] Helen: What for sale?
[5] George: First one target.
[5] Helen: Yeah yeah target customer group of the coffee shops.
[6] Helen: These three are the most important parts and...
[6] Helen: The most (important) one is the...
[8] George: Or should the coffee bean be a little bit bigger?
[8] George: Or do we place the black......
[8] George: At the bottom or do you need to change anything or what?
[8] Helen: Emm actually is a great idea but......
[8] Helen: It has a lack of environmental aspect.
[9] Helen: Are you agree with me?
[9] George: What are you thinking?
[9] Helen: So that's brings that point.
[9] George: So it definitely
[9] George: definitely is the target customer right?
[10] Helen: Yeah it's the target group of target customers......
[10] Helen: Who loves the pet
[10] George: site selection is also good on there.
[10] George: Because of it's the coffee bean
[10] George: And it's targeting those
[10] George: That side of customers that go to a coffee shop.
[10] George: So just the risk response
[10] George: which is changing the background and that should......
[10] Helen: Yeah I totally agree I thank you for all of things
[12] Helen: Are you sure are you hot?
[12] George: Yes it's a little stuffy in the room.
[12] George: So what do you think about the logo any inside or anything?
[12] Helen: As far as I can see it's not bad.
[12] Helen: But I think something missing in it.
[13] Helen: Emm yeah not that much cold is better.
[13] Helen: I think this logo has...
[13] Helen: Must have some dynamics elements. What do you think?
[14] George: Yeah because you know maybe add some...
[14] George: Trees or something like where the coffee comes from.
[14] Helen: Add some elements to logo.
[15] Helen: Let me ask the robot. Robot?
[15] Helen: What do you think about the logo?
[15] Helen: Do you have any suggestion for us?
[15] George: Oh yeah.
[15] George: Great idea yeah yeah definitely great idea!

[Step 2] Evaluating semantic answer...
Action: [Answer]
Content: Three problems.
FINAL ANSWER (from graph):
Three problems.
Question: Where is the position of the tablet?

[Step 1] Searching the graph...
Parse Query Output:
{
  "query_triple": ["tablet", "is at", "?", 0.7, 0.5, 0.2],
  "spatial_constraint": null,
  "speaker_strict": null,
  "allocation": {
    "k_high_level": 2,
    "k_low_level": 42,
    "k_conversations": 6,
    "total_k": 50,
    "reasoning": "Spatial location query for an object—prioritize low-level edges capturing positions and placements; minimal need for high-level edges or conversations."
  }
}

Graph Search Results:
**High-Level Information (Character Attributes and Relationships): **

Character Attributes:
- robot is: camera holder (100), black gloves visible (100)

**Low-Level Information (Actions and Events): **

[1] document is on tablet. (attic office)
[4] Helen holds tablet. (home office)
[5] George holds tablet. (office)
[5] tablet is beside paper. (office)
[6] George looks at tablet. (office)
[7] robot moves with tablet. (office)
[7] robot presents tablet. (office)
[7] tablet is on shelf. (office)
[7] robot holds steady tablet. (office)
[7] tablet is near ceramic bird figure. (office)
[8] robot holds tablet. (home office)
[8] George looks toward tablet. (home office)
[8] robot carries tablet. (home office)
[8] George reaches out toward tablet. (home office)
[8] George takes tablet. (home office)
[8] tablet is to Helen. (home office)
[8] tablet is across desk. (home office)
[8] drawing is on tablet. (home office)
[8] part of drawing is on tablet. (home office)
[9] Helen looks at tablet. (office)
[9] tablet is in front of Helen. (office)
[9] George points at tablet. (office)
[9] tablet is on desk. (office)
[10] George points at tablet. (office)
[10] tablet is on table. (office)
[11] George gestures toward tablet. (office)
[11] tablet is on desk. (office)
[11] Helen picks up tablet. (office)
[12] Helen looks at tablet. (office)
[12] design is on tablet. (office)
[13] logo is on tablet. (office)
[13] George looks at tablet. (office)
[14] George gestures toward tablet. (home office)
[14] tablet is on desk. (home office)
[16] Helen points toward tablet. (office)
[16] Helen picks up tablet. (office)
[16] tablet is on desk. (office)
[18] Helen picks up tablet. (office)
[18] tablet is from table. (office)
[18] tablet cover is onto tablet. (office)
[18] Helen sets down tablet. (office)
[18] tablet is in front of Helen. (office)

**Conversations: **

Conversation 1: George and Helen reviewed a coffee shop business plan and identified three key gaps: defining the target customer group, providing a site selection rationale, and detailing risk response measures, with risk response deemed the top priority. They also iterated on a rabbit-themed logo, adjusting background colors and adding elements for environmental feel and contrast, ultimately saving an improved version. Robots were used for small support tasks and to save the final logo.
[4] George: important.
[4] George: Okay thank you.
[4] George: Hey robots can you please put the business plan back where it goes?
[4] robot: OK.
[4] Helen: It's a really good proposal.
[6] Helen: Thank you George.
[6] George: All right!
[6] George: Hey robots can you put the pen back in the pen holder?
[7] George: Oh...
[7] George: I'm feeling a little tired.
[8] George: Or should the coffee bean be a little bit bigger?
[8] George: Or do we place the black......
[8] George: At the bottom or do you need to change anything or what?
[8] Helen: Emm actually is a great idea but......
[8] Helen: It has a lack of environmental aspect.
[10] Helen: change it to
[10] Helen: black.
[11] Helen: How is it now?
[11] George: Oh yeah yeah that's a lot better!
[11] George: You can definitely see that it's bolder yeah!
[16] Helen: Yes with element will be good also...
[16] Helen: I tap the...
[16] Helen: And click on the tablet for the wise elements.
[16] Helen: You can try.
[16] Helen: Ah how is that?
[17] George: So that we have it for later on please.
[18] Helen: I want to do I...
[18] Helen: Just want to pull the tablet and the laptop here.
[18] George: Okay I think we're good yeah!
[18] George: The robot saved the information.

[Step 2] Evaluating semantic answer...
Action: [Answer]
Content: The tablet is on the desk in the office.
FINAL ANSWER (from graph):
The tablet is on the desk in the office.
Question: What is the use of the red felt-tip pen?

[Step 1] Searching the graph...
Parse Query Output:
{
  "query_triple": ["pen#felt-tip#red", "is used for", "?", 0.95, 0.3, 0.2],
  "spatial_constraint": null,
  "speaker_strict": null,
  "allocation": {
    "k_high_level": 4,
    "k_low_level": 40,
    "k_conversations": 6,
    "total_k": 50,
    "reasoning": "Function/use query about a specific object; prioritize low-level edges to find actions involving the red felt-tip pen, with minimal high-level and some conversations for context if stated verbally."
  }
}

Graph Search Results:
**High-Level Information (Character Attributes and Relationships): **

Character Attributes:
- Helen is: female (100), blue jeans (100), average build (100)

Character Relationships:
- George collaborates with Helen (95)

**Low-Level Information (Actions and Events): **

[1] George holds marker. (attic office)
[2] George uses marker. (office)
[2] paper has note. (office)
[3] George asks for red pen. (office)
[3] robot picks red pen. (office)
[3] robot picks from pen holder. (office)
[3] robot carries red pen. (office)
[3] red pen moves toward table. (office)
[3] robot offers red pen. (office)
[3] red pen is to George. (office)
[4] George holds red marker. (home office)
[4] red marker points at paper. (home office)
[4] paper is on desk. (home office)
[6] Helen gestures with white marker. (office)
[6] notebook is on desk. (office)
[6] item is on paper. (office)
[6] George uses red pen. (office)
[6] Helen's phone is beside small notebook. (office)
[6] George will put note. (office)
[6] note is in George's notebook. (office)
[6] list is on paper. (office)
[6] George raises red pen. (office)
[6] red pen is toward camera. (office)
[6] robot takes pen. (office)
[6] pen is from George. (office)
[7] robot picks up red pen. (office)
[7] red pen is from pen holder. (office)
[8] tablet is to Helen. (home office)
[8] drawing is on tablet. (home office)
[8] part of drawing is on tablet. (home office)
[8] Helen examines drawing. (home office)
[9] Helen references drawing. (office)
[11] George picks up stylus. (office)
[13] Helen uses <Helen>'s smartphone. (office)
[13] George holds pen. (office)
[14] George uses pen. (home office)
[14] George places down pen. (home office)
[15] George holds marker. (home office)
[15] George gestures with marker. (home office)
[17] George holds stylus. (office)

**Conversations: **

Conversation 1: George and Helen reviewed a coffee shop business plan and identified three key gaps: defining the target customer group, providing a site selection rationale, and detailing risk response measures, with risk response deemed the top priority. They also iterated on a rabbit-themed logo, adjusting background colors and adding elements for environmental feel and contrast, ultimately saving an improved version. Robots were used for small support tasks and to save the final logo.
[3] Helen: Yes it's the most important one.
[3] Helen: Risk response measures.
[3] George: Hey robots can you give me a red pen?
[3] George: Robots can I have a red pen please?
[4] George: Thank you so risk response is the most important.
[4] Helen: Yes this is a top priority.
[6] George: Response
[6] Helen: Yeah thank you!
[6] George: So I'll put it in my notebook and then we can...
[6] George: change these up a little bit.
[6] George: This is George: Helen: 3 very...
[6] Helen: Thank you George.
[6] George: All right!
[6] George: Hey robots can you put the pen back in the pen holder?
[7] George: Oh...
[7] George: I'm feeling a little tired.
[14] Helen: Add some elements to logo.
[15] Helen: Let me ask the robot. Robot?
[15] Helen: What do you think about the logo?
[15] Helen: Do you have any suggestion for us?
[15] George: Oh yeah.
[18] George: Okay I think we're good yeah!
[18] George: The robot saved the information.
[18] George: And I wrote down with what robots saved.
[18] George: So we should be good...
[18] Helen: Yeah everything is good just...

[Step 2] Evaluating semantic answer...
Action: [Answer]
Content: George uses the red felt-tip pen to note and prioritize risk response measures in his notebook during the coffee shop business plan review.
FINAL ANSWER (from graph):
George uses the red felt-tip pen to note and prioritize risk response measures in his notebook during the coffee shop business plan review.
✓ Updated results.json for study_04 (12 questions)
✓ Cleaned up video and frames for study_04

============================================================
Processing video: living_room_11
============================================================
Downloading 1 video(s) to data/videos...

Downloading living_room_11.mp4...
✓ Successfully downloaded living_room_11.mp4 to data/videos/living_room_11.mp4

============================================================
Download Summary:
  Successful: 1/1
============================================================

============================================================
[1/1] Processing: living_room_11
============================================================
Video: data/videos/living_room_11.mp4
Subtitles: data/subtitles/robot/living_room_11.srt
Output: data/frames/living_room_11
============================================================

Parsing subtitle file: data/subtitles/robot/living_room_11.srt
Found 353 subtitle entries
Video: 1280x720, 30.00 FPS, 58518 frames, 1950.60s duration

Extracting frames with subtitles...
Grouping frames into folders of 30 frames each
  Saved 10 frames (up to 9s, folder 1)
  Saved 20 frames (up to 19s, folder 1)
  Saved 30 frames (up to 29s, folder 1)
  Saved 40 frames (up to 39s, folder 2)
  Saved 50 frames (up to 49s, folder 2)
  Saved 60 frames (up to 59s, folder 2)
  Saved 70 frames (up to 69s, folder 3)
  Saved 80 frames (up to 79s, folder 3)
  Saved 90 frames (up to 89s, folder 3)
  Saved 100 frames (up to 99s, folder 4)
  Saved 110 frames (up to 109s, folder 4)
  Saved 120 frames (up to 119s, folder 4)
  Saved 130 frames (up to 129s, folder 5)
  Saved 140 frames (up to 139s, folder 5)
  Saved 150 frames (up to 149s, folder 5)
  Saved 160 frames (up to 159s, folder 6)
  Saved 170 frames (up to 169s, folder 6)
  Saved 180 frames (up to 179s, folder 6)
  Saved 190 frames (up to 189s, folder 7)
  Saved 200 frames (up to 199s, folder 7)
  Saved 210 frames (up to 209s, folder 7)
  Saved 220 frames (up to 219s, folder 8)
  Saved 230 frames (up to 229s, folder 8)
  Saved 240 frames (up to 239s, folder 8)
  Saved 250 frames (up to 249s, folder 9)
  Saved 260 frames (up to 259s, folder 9)
  Saved 270 frames (up to 269s, folder 9)
  Saved 280 frames (up to 279s, folder 10)
  Saved 290 frames (up to 289s, folder 10)
  Saved 300 frames (up to 299s, folder 10)
  Saved 310 frames (up to 309s, folder 11)
  Saved 320 frames (up to 319s, folder 11)
  Saved 330 frames (up to 329s, folder 11)
  Saved 340 frames (up to 339s, folder 12)
  Saved 350 frames (up to 349s, folder 12)
  Saved 360 frames (up to 359s, folder 12)
  Saved 370 frames (up to 369s, folder 13)
  Saved 380 frames (up to 379s, folder 13)
  Saved 390 frames (up to 389s, folder 13)
  Saved 400 frames (up to 399s, folder 14)
  Saved 410 frames (up to 409s, folder 14)
  Saved 420 frames (up to 419s, folder 14)
  Saved 430 frames (up to 429s, folder 15)
  Saved 440 frames (up to 439s, folder 15)
  Saved 450 frames (up to 449s, folder 15)
  Saved 460 frames (up to 459s, folder 16)
  Saved 470 frames (up to 469s, folder 16)
  Saved 480 frames (up to 479s, folder 16)
  Saved 490 frames (up to 489s, folder 17)
  Saved 500 frames (up to 499s, folder 17)
  Saved 510 frames (up to 509s, folder 17)
  Saved 520 frames (up to 519s, folder 18)
  Saved 530 frames (up to 529s, folder 18)
  Saved 540 frames (up to 539s, folder 18)
  Saved 550 frames (up to 549s, folder 19)
  Saved 560 frames (up to 559s, folder 19)
  Saved 570 frames (up to 569s, folder 19)
  Saved 580 frames (up to 579s, folder 20)
  Saved 590 frames (up to 589s, folder 20)
  Saved 600 frames (up to 599s, folder 20)
  Saved 610 frames (up to 609s, folder 21)
  Saved 620 frames (up to 619s, folder 21)
  Saved 630 frames (up to 629s, folder 21)
  Saved 640 frames (up to 639s, folder 22)
  Saved 650 frames (up to 649s, folder 22)
  Saved 660 frames (up to 659s, folder 22)
  Saved 670 frames (up to 669s, folder 23)
  Saved 680 frames (up to 679s, folder 23)
  Saved 690 frames (up to 689s, folder 23)
  Saved 700 frames (up to 699s, folder 24)
  Saved 710 frames (up to 709s, folder 24)
  Saved 720 frames (up to 719s, folder 24)
  Saved 730 frames (up to 729s, folder 25)
  Saved 740 frames (up to 739s, folder 25)
  Saved 750 frames (up to 749s, folder 25)
  Saved 760 frames (up to 759s, folder 26)
  Saved 770 frames (up to 769s, folder 26)
  Saved 780 frames (up to 779s, folder 26)
  Saved 790 frames (up to 789s, folder 27)
  Saved 800 frames (up to 799s, folder 27)
  Saved 810 frames (up to 809s, folder 27)
  Saved 820 frames (up to 819s, folder 28)
  Saved 830 frames (up to 829s, folder 28)
  Saved 840 frames (up to 839s, folder 28)
  Saved 850 frames (up to 849s, folder 29)
  Saved 860 frames (up to 859s, folder 29)
  Saved 870 frames (up to 869s, folder 29)
  Saved 880 frames (up to 879s, folder 30)
  Saved 890 frames (up to 889s, folder 30)
  Saved 900 frames (up to 899s, folder 30)
  Saved 910 frames (up to 909s, folder 31)
  Saved 920 frames (up to 919s, folder 31)
  Saved 930 frames (up to 929s, folder 31)
  Saved 940 frames (up to 939s, folder 32)
  Saved 950 frames (up to 949s, folder 32)
  Saved 960 frames (up to 959s, folder 32)
  Saved 970 frames (up to 969s, folder 33)
  Saved 980 frames (up to 979s, folder 33)
  Saved 990 frames (up to 989s, folder 33)
  Saved 1000 frames (up to 999s, folder 34)
  Saved 1010 frames (up to 1009s, folder 34)
  Saved 1020 frames (up to 1019s, folder 34)
  Saved 1030 frames (up to 1029s, folder 35)
  Saved 1040 frames (up to 1039s, folder 35)
  Saved 1050 frames (up to 1049s, folder 35)
  Saved 1060 frames (up to 1059s, folder 36)
  Saved 1070 frames (up to 1069s, folder 36)
  Saved 1080 frames (up to 1079s, folder 36)
  Saved 1090 frames (up to 1089s, folder 37)
  Saved 1100 frames (up to 1099s, folder 37)
  Saved 1110 frames (up to 1109s, folder 37)
  Saved 1120 frames (up to 1119s, folder 38)
  Saved 1130 frames (up to 1129s, folder 38)
  Saved 1140 frames (up to 1139s, folder 38)
  Saved 1150 frames (up to 1149s, folder 39)
  Saved 1160 frames (up to 1159s, folder 39)
  Saved 1170 frames (up to 1169s, folder 39)
  Saved 1180 frames (up to 1179s, folder 40)
  Saved 1190 frames (up to 1189s, folder 40)
  Saved 1200 frames (up to 1199s, folder 40)
  Saved 1210 frames (up to 1209s, folder 41)
  Saved 1220 frames (up to 1219s, folder 41)
  Saved 1230 frames (up to 1229s, folder 41)
  Saved 1240 frames (up to 1239s, folder 42)
  Saved 1250 frames (up to 1249s, folder 42)
  Saved 1260 frames (up to 1259s, folder 42)
  Saved 1270 frames (up to 1269s, folder 43)
  Saved 1280 frames (up to 1279s, folder 43)
  Saved 1290 frames (up to 1289s, folder 43)
  Saved 1300 frames (up to 1299s, folder 44)
  Saved 1310 frames (up to 1309s, folder 44)
  Saved 1320 frames (up to 1319s, folder 44)
  Saved 1330 frames (up to 1329s, folder 45)
  Saved 1340 frames (up to 1339s, folder 45)
  Saved 1350 frames (up to 1349s, folder 45)
  Saved 1360 frames (up to 1359s, folder 46)
  Saved 1370 frames (up to 1369s, folder 46)
  Saved 1380 frames (up to 1379s, folder 46)
  Saved 1390 frames (up to 1389s, folder 47)
  Saved 1400 frames (up to 1399s, folder 47)
  Saved 1410 frames (up to 1409s, folder 47)
  Saved 1420 frames (up to 1419s, folder 48)
  Saved 1430 frames (up to 1429s, folder 48)
  Saved 1440 frames (up to 1439s, folder 48)
  Saved 1450 frames (up to 1449s, folder 49)
  Saved 1460 frames (up to 1459s, folder 49)
  Saved 1470 frames (up to 1469s, folder 49)
  Saved 1480 frames (up to 1479s, folder 50)
  Saved 1490 frames (up to 1489s, folder 50)
  Saved 1500 frames (up to 1499s, folder 50)
  Saved 1510 frames (up to 1509s, folder 51)
  Saved 1520 frames (up to 1519s, folder 51)
  Saved 1530 frames (up to 1529s, folder 51)
  Saved 1540 frames (up to 1539s, folder 52)
  Saved 1550 frames (up to 1549s, folder 52)
  Saved 1560 frames (up to 1559s, folder 52)
  Saved 1570 frames (up to 1569s, folder 53)
  Saved 1580 frames (up to 1579s, folder 53)
  Saved 1590 frames (up to 1589s, folder 53)
  Saved 1600 frames (up to 1599s, folder 54)
  Saved 1610 frames (up to 1609s, folder 54)
  Saved 1620 frames (up to 1619s, folder 54)
  Saved 1630 frames (up to 1629s, folder 55)
  Saved 1640 frames (up to 1639s, folder 55)
  Saved 1650 frames (up to 1649s, folder 55)
  Saved 1660 frames (up to 1659s, folder 56)
  Saved 1670 frames (up to 1669s, folder 56)
  Saved 1680 frames (up to 1679s, folder 56)
  Saved 1690 frames (up to 1689s, folder 57)
  Saved 1700 frames (up to 1699s, folder 57)
  Saved 1710 frames (up to 1709s, folder 57)
  Saved 1720 frames (up to 1719s, folder 58)
  Saved 1730 frames (up to 1729s, folder 58)
  Saved 1740 frames (up to 1739s, folder 58)
  Saved 1750 frames (up to 1749s, folder 59)
  Saved 1760 frames (up to 1759s, folder 59)
  Saved 1770 frames (up to 1769s, folder 59)
  Saved 1780 frames (up to 1779s, folder 60)
  Saved 1790 frames (up to 1789s, folder 60)
  Saved 1800 frames (up to 1799s, folder 60)
  Saved 1810 frames (up to 1809s, folder 61)
  Saved 1820 frames (up to 1819s, folder 61)
  Saved 1830 frames (up to 1829s, folder 61)
  Saved 1840 frames (up to 1839s, folder 62)
  Saved 1850 frames (up to 1849s, folder 62)
  Saved 1860 frames (up to 1859s, folder 62)
  Saved 1870 frames (up to 1869s, folder 63)
  Saved 1880 frames (up to 1879s, folder 63)
  Saved 1890 frames (up to 1889s, folder 63)
  Saved 1900 frames (up to 1899s, folder 64)
  Saved 1910 frames (up to 1909s, folder 64)
  Saved 1920 frames (up to 1919s, folder 64)
  Saved 1930 frames (up to 1929s, folder 65)
  Saved 1940 frames (up to 1939s, folder 65)
  Saved 1950 frames (up to 1949s, folder 65)

✓ Extracted 1951 frames to data/frames/living_room_11

✓ Successfully processed living_room_11: 1951 frames saved
--------------------------------
Processing folder:  data/frames/living_room_11/1
Inserted 11 triples into graph for clip 1
--------------------------------
Processing folder:  data/frames/living_room_11/2
Inserted 19 triples into graph for clip 2
--------------------------------
Processing folder:  data/frames/living_room_11/3
Inserted 28 triples into graph for clip 3
--------------------------------
Processing folder:  data/frames/living_room_11/4
Inserted 21 triples into graph for clip 4
--------------------------------
Processing folder:  data/frames/living_room_11/5
Inserted 27 triples into graph for clip 5
--------------------------------
Processing folder:  data/frames/living_room_11/6
Inserted 32 triples into graph for clip 6
--------------------------------
Processing folder:  data/frames/living_room_11/7
Inserted 13 triples into graph for clip 7
--------------------------------
Processing folder:  data/frames/living_room_11/8
Inserted 28 triples into graph for clip 8
--------------------------------
Processing folder:  data/frames/living_room_11/9
Inserted 38 triples into graph for clip 9
--------------------------------
Processing folder:  data/frames/living_room_11/10
Inserted 23 triples into graph for clip 10
--------------------------------
Processing folder:  data/frames/living_room_11/11
Inserted 24 triples into graph for clip 11
--------------------------------
Processing folder:  data/frames/living_room_11/12
Inserted 22 triples into graph for clip 12
--------------------------------
Processing folder:  data/frames/living_room_11/13
Inserted 23 triples into graph for clip 13
--------------------------------
Processing folder:  data/frames/living_room_11/14
Inserted 21 triples into graph for clip 14
--------------------------------
Processing folder:  data/frames/living_room_11/15
Inserted 21 triples into graph for clip 15
--------------------------------
Processing folder:  data/frames/living_room_11/16
Inserted 25 triples into graph for clip 16
--------------------------------
Processing folder:  data/frames/living_room_11/17
Inserted 30 triples into graph for clip 17
--------------------------------
Processing folder:  data/frames/living_room_11/18
Inserted 19 triples into graph for clip 18
--------------------------------
Processing folder:  data/frames/living_room_11/19
Inserted 21 triples into graph for clip 19
--------------------------------
Processing folder:  data/frames/living_room_11/20
Inserted 20 triples into graph for clip 20
--------------------------------
Processing folder:  data/frames/living_room_11/21
Inserted 28 triples into graph for clip 21
--------------------------------
Processing folder:  data/frames/living_room_11/22
Inserted 23 triples into graph for clip 22
--------------------------------
Processing folder:  data/frames/living_room_11/23
Inserted 30 triples into graph for clip 23
--------------------------------
Processing folder:  data/frames/living_room_11/24
Inserted 24 triples into graph for clip 24
--------------------------------
Processing folder:  data/frames/living_room_11/25
Inserted 26 triples into graph for clip 25
--------------------------------
Processing folder:  data/frames/living_room_11/26
Inserted 15 triples into graph for clip 26
--------------------------------
Processing folder:  data/frames/living_room_11/27
Inserted 30 triples into graph for clip 27
--------------------------------
Processing folder:  data/frames/living_room_11/28
Extracting summary for completed conversation 1...
✓ Conversation summary extracted. Attributes: 12, Relationships: 7
Inserted 18 triples into graph for clip 28
--------------------------------
Processing folder:  data/frames/living_room_11/29
Inserted 23 triples into graph for clip 29
--------------------------------
Processing folder:  data/frames/living_room_11/30
Inserted 17 triples into graph for clip 30
--------------------------------
Processing folder:  data/frames/living_room_11/31
Inserted 26 triples into graph for clip 31
--------------------------------
Processing folder:  data/frames/living_room_11/32
Inserted 15 triples into graph for clip 32
--------------------------------
Processing folder:  data/frames/living_room_11/33
Inserted 20 triples into graph for clip 33
--------------------------------
Processing folder:  data/frames/living_room_11/34
Inserted 20 triples into graph for clip 34
--------------------------------
Processing folder:  data/frames/living_room_11/35
Inserted 21 triples into graph for clip 35
--------------------------------
Processing folder:  data/frames/living_room_11/36
Inserted 18 triples into graph for clip 36
--------------------------------
Processing folder:  data/frames/living_room_11/37
Inserted 39 triples into graph for clip 37
--------------------------------
Processing folder:  data/frames/living_room_11/38
Inserted 23 triples into graph for clip 38
--------------------------------
Processing folder:  data/frames/living_room_11/39
Inserted 36 triples into graph for clip 39
--------------------------------
Processing folder:  data/frames/living_room_11/40
Inserted 24 triples into graph for clip 40
--------------------------------
Processing folder:  data/frames/living_room_11/41
Inserted 19 triples into graph for clip 41
--------------------------------
Processing folder:  data/frames/living_room_11/42
Inserted 18 triples into graph for clip 42
--------------------------------
Processing folder:  data/frames/living_room_11/43
Inserted 17 triples into graph for clip 43
--------------------------------
Processing folder:  data/frames/living_room_11/44
Inserted 28 triples into graph for clip 44
--------------------------------
Processing folder:  data/frames/living_room_11/45
Inserted 21 triples into graph for clip 45
--------------------------------
Processing folder:  data/frames/living_room_11/46
Extracting summary for completed conversation 2...
✓ Conversation summary extracted. Attributes: 9, Relationships: 8
Inserted 10 triples into graph for clip 46
--------------------------------
Processing folder:  data/frames/living_room_11/47
Inserted 15 triples into graph for clip 47
--------------------------------
Processing folder:  data/frames/living_room_11/48
Inserted 20 triples into graph for clip 48
--------------------------------
Processing folder:  data/frames/living_room_11/49
Inserted 11 triples into graph for clip 49
--------------------------------
Processing folder:  data/frames/living_room_11/50
Inserted 25 triples into graph for clip 50
--------------------------------
Processing folder:  data/frames/living_room_11/51
Inserted 19 triples into graph for clip 51
--------------------------------
Processing folder:  data/frames/living_room_11/52
Inserted 25 triples into graph for clip 52
--------------------------------
Processing folder:  data/frames/living_room_11/53
Inserted 10 triples into graph for clip 53
--------------------------------
Processing folder:  data/frames/living_room_11/54
Inserted 19 triples into graph for clip 54
--------------------------------
Processing folder:  data/frames/living_room_11/55
Inserted 25 triples into graph for clip 55
--------------------------------
Processing folder:  data/frames/living_room_11/56
Inserted 9 triples into graph for clip 56
--------------------------------
Processing folder:  data/frames/living_room_11/57
Inserted 21 triples into graph for clip 57
--------------------------------
Processing folder:  data/frames/living_room_11/58
Inserted 18 triples into graph for clip 58
--------------------------------
Processing folder:  data/frames/living_room_11/59
Inserted 28 triples into graph for clip 59
--------------------------------
Processing folder:  data/frames/living_room_11/60
Inserted 24 triples into graph for clip 60
--------------------------------
Processing folder:  data/frames/living_room_11/61
Inserted 27 triples into graph for clip 61
--------------------------------
Processing folder:  data/frames/living_room_11/62
Inserted 25 triples into graph for clip 62
--------------------------------
Processing folder:  data/frames/living_room_11/63
Inserted 25 triples into graph for clip 63
--------------------------------
Processing folder:  data/frames/living_room_11/64
Inserted 33 triples into graph for clip 64
--------------------------------
Processing folder:  data/frames/living_room_11/65
Inserted 14 triples into graph for clip 65
--------------------------------
Processing folder:  data/frames/living_room_11/66
Extracting summary for completed conversation 3...
✓ Conversation summary extracted. Attributes: 11, Relationships: 7
Inserted 21 triples into graph for clip 66
Inserting character appearances for 7 characters...
Warning: Character '<<Joy)>' not found in graph, skipping appearance
Warning: Character '<third_person>' not found in graph, skipping appearance
✓ Character appearances inserted: 32 appearance edges created
334 node embeddings inserted (6 characters, 328 objects)
1530 edge embeddings inserted
Generating character attributes...
Number of edges:  1530
Character attributes generated.
Number of edges:  1574
Character relationships generated.
Number of edges:  1622
✓ Graph memory built for living_room_11
Question: Does Tiki wear the hat to stay cool?

[Step 1] Searching the graph...
Parse Query Output:
{
  "query_triple": ["<Tiki>", "wears", "hat", 0.95, 0.6, 0.7],
  "spatial_constraint": null,
  "speaker_strict": null,
  "allocation": {
    "k_high_level": 6,
    "k_low_level": 24,
    "k_conversations": 20,
    "total_k": 50,
    "reasoning": "Causal yes/no about motivation for wearing a hat. Use low-level edges to confirm the action/state (Tiki wearing hat), and conversations to determine the reason (staying cool). Include some high-level for character traits/preferences that might indicate motives."
  }
}

Graph Search Results:
**High-Level Information (Character Attributes and Relationships): **

Character Attributes:
- Tiki is: jeans (100), glasses (100), socks with sandals (100)

Character Relationships:
- Joy friends with Tiki (90)
- Joy accommodates preferences of Tiki (85)
- Tiki friends with Meg (80)

**Low-Level Information (Actions and Events): **

[3] Tiki sits on sofa. (living room)
[4] Tiki gestures toward red baseball cap. (living room)
[6] Tiki agrees to plan. (living room)
[7] Meg looks at Tiki. (living room)
[9] Tiki writes on notepad. (living room)
[17] Tiki opens wrapper. (living room)
[17] Tiki smells snack. (living room)
[17] Tiki accepts offer. (living room)
[19] Tiki eats snack. (living room)
[21] Tiki looks at others. (living room)
[23] Tiki watches Meg. (living room)
[37] Tiki sits on right seat. (living room)
[37] Tiki holds cup. (living room)
[37] Tiki watches Meg. (living room)
[40] Tiki agrees with idea. (living room)
[41] Tiki keeps pillow. (living room)
[51] Tiki uses phone. (living room)
[53] Tiki talks to others. (living room)
[54] Tiki sits on sofa. (living room)
[57] Tiki flips through book. (living room)
[57] Tiki has on lap book. (living room)
[61] Tiki holds tablet. (living room)
[63] Meg looks at Tiki. (living room)
[64] Tiki looks at phone. (living room)

**Conversations: **

Conversation 1: Joy invites Tiki and Meg over for a casual hangout at her home, using a household robot to manage lights, AC, TV, snacks, and cleanup. They attempt to choose a movie, ultimately selecting a science film by drawing lots, but Joy loses interest and they decide to do something else. Snacks and drinks are offered; Meg prefers popcorn, Tiki likes chocolate but has cavities and a mango allergy, so the robot prepares suitable juices. Overall, the gathering remains friendly and low-key despite differing movie preferences.
[3] Joy: Just put it here.
[3] Joy: It's okay.
[3] Tiki: Okay.
[3] Joy: Let's have a rest.
[3] Tiki: Yeah.
[3] Meg: It's so hot and Tiki still wears a hat.
[4] Tiki: The sun is very strong outside so I take a red hat in case it will burn my skin.
[4] Joy: You really care about details.
[4] Meg: Why? It's too hot in home.
[5] Meg: Thank you.
[5] Joy: You are welcome.
[5] Tiki: It's really hot today.
[5] Joy: Uh hi robot, please turn uh... adjust the temperature of the air conditioner to a comfortable temperature.
[6] Joy: And this one...
[7] Meg: Oh? Isn't this a bit mind bending?
[7] Meg: I'm not really into it.
[7] Tiki: Oh. Really?
[7] Tiki: Hmm I recommend the Interstellar, it's not really mind bending I think.
[7] Meg: How about love letter?
[9] Joy: Yes, I don't have much pen in my living room.
[9] Joy: They're all in my study.
[9] Tiki: Okay.
[9] Meg: Write down your name.
[9] Joy: Dangdang.
[12] Tiki: Thank you robot.
[13] Joy: Now we can see the movie.
[13] Tiki: Yeah.
[13] Joy: Oh I think I have some snacks in my home.
[13] Joy: Uh hi robot, what snacks do we have?
[13] Meg: Yeah movies certainly wouldn't be complete without a popcorn.
[13] Joy: Oh...
[13] Tiki: Yeah...
[14] Tiki: Hmm but I prefer some chocolate.
[14] Meg: Tiki, you always love eating so sweet, aren't you afraid of getting cavities?
[20] Meg: Actually this type of movie is quite excellent.
[20] Joy: Oh I'm sorry but I just feel it's a bit... a little bit boring.
[20] Tiki: Oh really?
[20] Joy: So I really want to check my phone.
[20] Meg: Okay.

Conversation 3: Joy, Tiki, and Meg discuss clean living, busy schedules, and health, deciding to meet monthly to watch movies and socialize. They plan for Meg to host next time with healthier cooking, and Joy seeks advice on fat-loss meals to support her running and upcoming half-marathon. Tiki emphasizes combining running with a balanced fat-loss diet, and they agree to coordinate movie selections. A robot warns of possible rain, and they opt to stay in for pizza.
[49] Joy: Hmm it seems much cleaner than before.
[49] Tiki: Yes.
[49] Joy: As you can see my room is so clean.
[49] Joy: It's all because I have a robot it can help me clean.
[60] Joy: I think you love it, you love chocolate.
[60] Meg: I think so.
[60] Tiki: Yeah.
[61] Joy: And I also love the combination... combination of mango and chilli it's fresh and...
[61] Joy: It gives me a feeling of hot because of the chilli.
[61] Tiki: Yeah, it must be very refreshing and spicy.
[61] Joy: Yes it has many flavors.
[61] Tiki: Yeah multiple flavored.
[61] Joy: I just think maybe I can get thinner with that hot feeling.
[62] Tiki: Ha ha.
[62] Joy: I feel my calories is burning.
[62] Tiki: Yeah. After all the exercise you did you will...
[64] Meg: It was clear and sunny in afternoon.
[64] Meg: But why is it going to rain tonight???
[65] Tiki: Yeah it's so hot now, it's hard to imagine it will rain tonight.
[65] Joy: So if you didn't... Yes I didn't see you bring any umbrellas.
[65] Joy: You can just stay at home tonight.

Conversation 2: The group clarifies name mix-ups and discusses their movie preferences, with Joy disliking heavy special effects. After enjoying some juice and cleaning up a spill with help from a robot, they decide against Japanese cuisine and opt to order from a new pizza place with unusual flavors. Joy leads the ordering, and they look forward to the meal while asking the robot to clean the window.
[33] Tiki: I said that by mistake.
[33] Joy: Yeah maybe in the daily life we wear some similar clothes so many people mix us.
[34] Tiki: Yeah...
[34] Joy: I can understand you.
[34] Meg: My name is Mag.
[39] Joy: Uh it will be dinner time quite a while.
[39] Joy: So we can order some takeout.
[40] Tiki: Yeah, yeah.
[40] Meg: Yes sure.
[40] Meg: We can...
[40] Tiki: Maybe we can eat some Japanese cuisine?
[40] Joy: Japanese cuisine?
[40] Tiki: Yeah definitely very refreshing.
[40] Joy: Yes we can taste some... Yes.
[40] Joy: But hmm you mean Japanese food. Japanese food...
[40] Joy: But I remember uh Japanese food is usually served with wasabi.
[40] Tiki: Yeah... Sometimes.
[41] Joy: I really can't stand that taste.
[41] Tiki: Oh oh you know...
[41] Tiki: Yeah but not all Japanese food comes with Wasabi.
[41] Joy: Oh?
[41] Tiki: Yeah.
[41] Joy: I know I got it.
[41] Meg: But Japanese food portions are usually smaller, might not be enough and it's also expensive.

[Step 2] Evaluating semantic answer...
Action: [Answer]
Content: No, Tiki wears a red hat to protect from the strong sun, not to stay cool.
FINAL ANSWER (from graph):
No, Tiki wears a red hat to protect from the strong sun, not to stay cool.
Question: Does Tiki love chocolates very much?

[Step 1] Searching the graph...
Parse Query Output:
{
  "query_triple": ["<Tiki>", "loves", "chocolates", 0.95, 0.3, 0.6],
  "spatial_constraint": null,
  "speaker_strict": null,
  "allocation": {
    "k_high_level": 8,
    "k_low_level": 12,
    "k_conversations": 30,
    "total_k": 50,
    "reasoning": "Preference/affection query. Use high-level edges for traits/likes, conversations to capture expressions like 'I love chocolate so much', and some low-level edges for actions showing strong liking (e.g., repeatedly eating/buying chocolate)."
  }
}

Graph Search Results:
**High-Level Information (Character Attributes and Relationships): **

Character Attributes:
- Tiki is: jeans (100), female (100), glasses (100)

Character Relationships:
- Joy friends with Tiki (90)
- Joy accommodates preferences of Tiki (85)
- Joy collaborates with Tiki (80)
- Tiki encourages Joy (75)
- Tiki friends with Meg (80)

**Low-Level Information (Actions and Events): **

[17] Tiki looks toward tub of snack. (living room)
[17] Tiki takes small item. (living room)
[17] Tiki smells snack. (living room)
[19] Tiki eats snack. (living room)
[20] Tiki has in hand food cup. (living room)
[21] Tiki looks at others. (living room)
[26] Tiki looks toward others. (living room)
[26] Tiki adds she previously has allergic reaction to mango. (living room)
[38] Tiki has pillow. (living room)
[41] Tiki keeps pillow. (living room)
[53] Tiki talks to others. (living room)
[66] Tiki looks at smartphone. (living room)

**Conversations: **

Conversation 1: Joy invites Tiki and Meg over for a casual hangout at her home, using a household robot to manage lights, AC, TV, snacks, and cleanup. They attempt to choose a movie, ultimately selecting a science film by drawing lots, but Joy loses interest and they decide to do something else. Snacks and drinks are offered; Meg prefers popcorn, Tiki likes chocolate but has cavities and a mango allergy, so the robot prepares suitable juices. Overall, the gathering remains friendly and low-key despite differing movie preferences.
[3] Tiki: Okay.
[3] Joy: Let's have a rest.
[3] Tiki: Yeah.
[3] Meg: It's so hot and Tiki still wears a hat.
[4] Tiki: The sun is very strong outside so I take a red hat in case it will burn my skin.
[4] Meg: Yeah it's tidy.
[4] Joy: I special... I specifically let the robot to clean it up.
[5] Tiki: Oh that's good.
[5] Tiki: So what are you going to do this afternoon, what are your plans?
[5] Joy: Maybe you can use this to wipe your sweat.
[5] Tiki: Oh thank you.
[5] Meg: Thank you.
[5] Joy: You are welcome.
[7] Meg: Oh? Isn't this a bit mind bending?
[7] Meg: I'm not really into it.
[7] Tiki: Oh. Really?
[7] Tiki: Hmm I recommend the Interstellar, it's not really mind bending I think.
[7] Meg: How about love letter?
[9] Joy: Let's find.
[9] Joy: Well. Oh who is it.
[9] Joy: Oh Tiki.
[9] Tiki: Oh, that's me.
[9] Joy: It's your name.
[9] Joy: Oh maybe we should see the scientific movie now.
[9] Tiki: Yeah, yeah, yeah.
[10] Meg: I hope the movie wouldn't be too mind bending.
[10] Tiki: No, no it won't, please have confidence in your intelligence.
[12] Tiki: Thank you robot.
[13] Joy: Now we can see the movie.
[13] Tiki: Yeah.
[13] Joy: Oh I think I have some snacks in my home.
[13] Joy: Uh hi robot, what snacks do we have?
[13] Meg: Yeah movies certainly wouldn't be complete without a popcorn.
[13] Joy: Oh...
[13] Tiki: Yeah...
[14] Tiki: Hmm but I prefer some chocolate.
[14] Meg: Tiki, you always love eating so sweet, aren't you afraid of getting cavities?
[14] Tiki: Oh. Yeah, I already have had cavities but eating sweets really make me happy.
[15] Tiki: Oh. Yeah, I already have had cavities but eating sweets really make me happy. oh
[15] Joy: Oh you already have cavities?
[15] Joy: Is your cavity serious?
[17] Joy: Oh thank you.
[17] Joy: They're really pop.
[17] Tiki: Oh it smells so great.
[17] Joy: Yes do you want to taste?
[17] Tiki: Yeah thank you.
[17] Joy: And that...
[18] Joy: You just... you just take it from here.
[18] Tiki: It will be much better if it is chocolate flavored.
[18] Joy: Hmm this movie...
[19] Tiki: Yeah I think this is a really good movie.
[19] Tiki: It is really touching.
[19] Tiki: Touching my heart.
[19] Meg: It has...
[19] Joy: I have never seen it before.
[20] Meg: Actually this type of movie is quite excellent.
[20] Joy: Oh I'm sorry but I just feel it's a bit... a little bit boring.
[20] Tiki: Oh really?
[20] Joy: So I really want to check my phone.
[20] Meg: Okay.

Conversation 2: The group clarifies name mix-ups and discusses their movie preferences, with Joy disliking heavy special effects. After enjoying some juice and cleaning up a spill with help from a robot, they decide against Japanese cuisine and opt to order from a new pizza place with unusual flavors. Joy leads the ordering, and they look forward to the meal while asking the robot to clean the window.
[33] Tiki: I said that by mistake.
[33] Joy: Yeah maybe in the daily life we wear some similar clothes so many people mix us.
[34] Tiki: Yeah...
[34] Joy: I can understand you.
[34] Meg: My name is Mag.
[36] Joy: I'll take... I'll have a taste of the juicy... oh juice, the juice. It looks...
[37] Joy: It looks so beautiful.
[37] Tiki: Wow. The juice is very delicious.
[37] Joy: Yeah, it's so delicious.
[37] Meg: Really? Let me give it a try.
[39] Joy: Uh it will be dinner time quite a while.
[39] Joy: So we can order some takeout.
[40] Tiki: Yeah, yeah.
[40] Meg: Yes sure.
[40] Meg: We can...
[40] Joy: But hmm you mean Japanese food. Japanese food...
[40] Joy: But I remember uh Japanese food is usually served with wasabi.
[40] Tiki: Yeah... Sometimes.
[41] Joy: I really can't stand that taste.
[41] Tiki: Oh oh you know...
[41] Joy: It is so special.
[41] Tiki: Yeah but not all Japanese food comes with Wasabi.
[41] Joy: Oh?
[41] Tiki: Yeah.
[41] Joy: I know I got it.
[41] Meg: But Japanese food portions are usually smaller, might not be enough and it's also expensive.
[42] Joy: Uh the pizza place has many unique flavors.
[43] Joy: Such as a chocolate pizza as well the combination of mango and the chill.
[43] Tiki: Chocolate pizza?
[43] Joy: Yes would you like to try?
[43] Meg: It's interesting.

Conversation 3: Joy, Tiki, and Meg discuss clean living, busy schedules, and health, deciding to meet monthly to watch movies and socialize. They plan for Meg to host next time with healthier cooking, and Joy seeks advice on fat-loss meals to support her running and upcoming half-marathon. Tiki emphasizes combining running with a balanced fat-loss diet, and they agree to coordinate movie selections. A robot warns of possible rain, and they opt to stay in for pizza.
[49] Joy: Hmm it seems much cleaner than before.
[49] Tiki: Yes.
[49] Joy: As you can see my room is so clean.
[49] Joy: It's all because I have a robot it can help me clean.
[50] Joy: And it makes my... makes my emotion very good.
[50] Joy: Make me very happy.
[50] Tiki: Yeah that's really good.
[50] Tiki: I want to buy it in my home.
[50] Joy: Yes. If you are very... if you are very busy you are worth...
[53] Meg: And I want to try making some healthier food.
[53] Joy: Oh healthier food hahaha wow.
[53] Tiki: Oh healthier food.
[53] Tiki: Apart from having some pizza today, you have been eating weight-loss meals everyday recently.
[53] Joy: Wow Meg you're really...
[60] Joy: Well it is weird but I really miss it.
[60] Joy: Because I haven't eaten it for a few days.
[60] Tiki: Chocolate pizza?
[60] Joy: I think it sounds very strange but if you taste it maybe you love it.
[60] Joy: I think you love it, you love chocolate.
[60] Meg: I think so.
[60] Tiki: Yeah.
[61] Joy: And I also love the combination... combination of mango and chilli it's fresh and...
[61] Joy: It gives me a feeling of hot because of the chilli.
[61] Tiki: Yeah, it must be very refreshing and spicy.
[61] Joy: Yes it has many flavors.
[61] Tiki: Yeah multiple flavored.
[61] Joy: I just think maybe I can get thinner with that hot feeling.
[62] Tiki: Ha ha.

[Step 2] Evaluating semantic answer...
Action: [Answer]
Content: Yes, Tiki loves chocolates very much.
FINAL ANSWER (from graph):
Yes, Tiki loves chocolates very much.
Question: Where can the robot get the rag?

[Step 1] Searching the graph...
Parse Query Output:
{
  "query_triple": ["<robot>", "gets", "rag", 0.95, 0.35, 0.8],
  "spatial_constraint": null,
  "speaker_strict": null,
  "allocation": {
    "k_high_level": 4,
    "k_low_level": 40,
    "k_conversations": 6,
    "total_k": 50,
    "reasoning": "Action/location query about obtaining an object; prioritize low-level edges to find where the rag is or where the robot can pick it up. Minimal need for high-level traits or conversations."
  }
}

Graph Search Results:
**High-Level Information (Character Attributes and Relationships): **

Character Relationships:
- Joy relies on for home management robot (95)
- robot supports Joy (85)
- robot is helper to Meg (85)
- robot supports Meg (60)

**Low-Level Information (Actions and Events): **

[2] robot picks up remote. (living room)
[2] robot points remote. (living room)
[5] Joy requests robot. (living room)
[6] Joy asks robot. (living room)
[6] robot points remote. (living room)
[6] robot returns remote. (living room)
[11] robot picks up remote. (living room)
[11] robot holds remote. (living room)
[12] robot holds remote. (living room)
[12] Joy asks robot. (living room)
[12] robot acknowledges request. (living room)
[16] Joy asks robot. (living room)
[24] robot grabs napkin. (living room)
[24] robot arranges item table. (living room)
[25] Joy asks robot. (living room)
[27] Joy asks robot. (living room leading to kitchen)
[27] robot looks at sink. (living room leading to kitchen)
[29] robot grabs cleaning cloth. (kitchen sink)
[29] robot uses cleaning cloth. (kitchen sink)
[31] robot sets red drink. (living room)
[38] robot picks up pink-trimmed rag. (living room)
[38] robot approaches couch. (living room)
[38] robot extends pink-trimmed rag. (living room)
[39] robot hands pink cloth. (living room)
[45] Joy asks robot. (living room leading to dining room and kitchen)
[45] robot acknowledges request. (living room leading to dining room and kitchen)
[45] robot picks up cleaning rag. (living room leading to dining room and kitchen)
[45] robot approaches with rag. (living room leading to dining room and kitchen)
[46] robot holds under white cloth with pink edge. (kitchen sink)
[46] robot squeezes wet cloth. (kitchen sink)
[46] robot rinses repeatedly beneath cloth. (kitchen sink)
[46] robot wrings with both gloved hand cloth. (kitchen sink)
[46] robot adjusts position of cloth. (kitchen sink)
[46] robot continues rinsing cloth. (kitchen sink)
[47] robot uses small cloth. (apartment living room near window)
[47] robot moves cloth. (apartment living room near window)
[49] robot reaches toward drying rack. (living room)
[49] robot reaches with pink-and-white cloth. (living room)
[49] robot lifts cloth. (living room)
[49] robot hangs cloth. (living room)

**Conversations: **

Conversation 2: The group clarifies name mix-ups and discusses their movie preferences, with Joy disliking heavy special effects. After enjoying some juice and cleaning up a spill with help from a robot, they decide against Japanese cuisine and opt to order from a new pizza place with unusual flavors. Joy leads the ordering, and they look forward to the meal while asking the robot to clean the window.
[37] Joy: Ah that's okay never mind. Hmm...
[38] Joy: I think we need to clean it.
[38] Joy: Uh hi robot please hand me a rag so I can clean the table.
[38] robot: Okay.
[39] Joy: Oh thank you robot.
[39] Joy: With it...
[45] Joy: Maybe uh the window is a little bit dirty.
[45] Meg: Yeah.
[45] Joy: Robot please help me to clean the window with the rag.

Conversation 1: Joy invites Tiki and Meg over for a casual hangout at her home, using a household robot to manage lights, AC, TV, snacks, and cleanup. They attempt to choose a movie, ultimately selecting a science film by drawing lots, but Joy loses interest and they decide to do something else. Snacks and drinks are offered; Meg prefers popcorn, Tiki likes chocolate but has cavities and a mango allergy, so the robot prepares suitable juices. Overall, the gathering remains friendly and low-key despite differing movie preferences.
[1] Joy: How about coming to my home to have a small party with me?
[1] Joy: Oh, hi robot please turn on the lights of the living room and turn on the air conditioner.
[2] robot: Okay.
[2] Joy: Come in.
[2] character_1: Hi Joy.
[24] Joy: Meg, so Meg do want to... do you still want to eat that, this one?
[24] Meg: No thank you.
[24] Joy: Oh so hmm hi robot, please tidy up this table.
[25] Joy: Hmm maybe we can do this...
[25] Joy: Are you thirsty?
[25] Joy: Hmm I remember I just have some fruit juice.
[25] Joy: You know... hi robot, prepare some juice for us, uh are there any juice?
[26] robot: There is mango juice and watermelon juice at home.
[26] Joy: Well, a mango and a watermelon which one do you prefer?
[26] Joy: I... I like mango juice.

[Step 2] Evaluating semantic answer...
Action: [Answer]
Content: From the kitchen sink area.
FINAL ANSWER (from graph):
From the kitchen sink area.
Question: Did Meg indeed have a healthy diet recently?

[Step 1] Searching the graph...
Parse Query Output:
{
  "query_triple": ["<Meg>", "diet#health_status", "recent_period", 0.95, 0.35, 0.6],
  "spatial_constraint": null,
  "speaker_strict": null,
  "allocation": {
    "k_high_level": 7,
    "k_low_level": 18,
    "k_conversations": 25,
    "total_k": 50,
    "reasoning": "Assessing whether Meg's recent diet was healthy involves traits/attributes (high-level), specific actions like eating/choosing foods (low-level), and statements or confirmations in dialogue (conversations). Balance across all three to verify 'indeed' and 'recent' claims."
  }
}

Graph Search Results:
**High-Level Information (Character Attributes and Relationships): **

Character Attributes:
- Meg is: medium build (100), seated right (100), health-conscious (85), dark pants (100), female (100), long wavy dark hair (100), white socks (100)

**Low-Level Information (Actions and Events): **

[5] Meg sits middle of couch. (living room)
[10] Meg sips from cup. (living room)
[18] Meg eats from bowl. (living room)
[21] Meg sits right side of couch. (living room)
[22] Meg eats snack. (living room)
[24] Joy asks about eating Meg. (living room)
[34] Meg reaches toward small table. (living room)
[35] Meg confirms topic. (living room)
[37] Meg leans toward small table. (living room)
[37] Meg moves small table. (living room)
[37] Meg does over table. (living room)
[57] Meg faces others. (living room)
[58] Meg sits on right side. (living room)
[59] Meg sits right side of couch. (living room)
[63] Meg adds comment. (living room)
[64] Meg talks to group. (living room)
[64] Meg comments on strange weather. (living room)
[64] Meg recalls afternoon was clear and sunny. (living room)

**Conversations: **

Conversation 3: Joy, Tiki, and Meg discuss clean living, busy schedules, and health, deciding to meet monthly to watch movies and socialize. They plan for Meg to host next time with healthier cooking, and Joy seeks advice on fat-loss meals to support her running and upcoming half-marathon. Tiki emphasizes combining running with a balanced fat-loss diet, and they agree to coordinate movie selections. A robot warns of possible rain, and they opt to stay in for pizza.
[51] Joy: How about setting it on the last day of each month?
[52] Joy: Do you free this month?
[52] Meg: Yeah.
[52] Meg: This is meaningful.
[52] Joy: Yes it's both the end of the month.
[52] Joy: It's just a special situation. Oh.
[52] Meg: Then come to my house next time I've been learning to cook new dishes recently.
[53] Meg: And I want to try making some healthier food.
[53] Joy: Oh healthier food hahaha wow.
[53] Tiki: Oh healthier food.
[53] Tiki: Apart from having some pizza today, you have been eating weight-loss meals everyday recently.
[53] Joy: Wow Meg you're really...
[53] Meg: I've been controlling my figure recently and need to reduce my intake of oil and fat.
[54] Tiki: Hmm controlling... controlling diet is really hard for me I think.
[54] Meg: Controlling my diet is truly an endurance race for me.
[54] Joy: I think you're... you really have a healthy diet.
[54] Joy: Yeah I can... I can see it from your figure. You are thinner.
[54] Meg: It's my goal. Thank you.
[56] Joy: I want to know...
[56] Joy: What kind of fat reducing meal can help me run faster and longer.
[56] Meg: Yeah fat reducing meal don't have to be tasteless and indeed the ingredients can be quite diverse.
[57] Meg: You can try using low fat proteins like chicken breast shrimp and tofu paired with some green vegetables.
[57] Joy: Wow that sounds really good and healthy I'll give it a try.
[57] Joy: But I need to do some homework to see how to plan a fat-loss diet and make sure to control the daily menu and nutritional ratios properly.
[58] Meg: If you need advice feel free to ask me I also have some of my own fat-loss meal recipes to share.
[58] Joy: Oh you're so kind.
[58] Joy: So I don't... don't feel annoying for me... for my bother.
[58] Meg: Oh Joy keep it up.
[58] Meg: As long as you persevere, not only running but even dietary management will become a part of you.
[59] Joy: Uh-huh.
[59] Meg: Hmm...
[59] Meg: Ultimately achieving your better state.
[59] Joy: Okay. I hope.
[60] Joy: I think it sounds very strange but if you taste it maybe you love it.
[60] Joy: I think you love it, you love chocolate.
[60] Meg: I think so.
[60] Tiki: Yeah.
[61] Joy: And I also love the combination... combination of mango and chilli it's fresh and...
[63] Meg: I will do some exercise when I'm not busy.
[63] Joy: I think exercising is really a good way to relax.
[63] Meg: Yes and it will keep me more healthy.
[63] Joy: So we can... we can find some time to exercise together.
[63] Tiki: Yeah we can.
[63] Meg: If we have time we can.
[63] Joy: Oh so...
[63] Meg: So the pizza...
[64] Joy: It will arrive.
[64] Meg: Let's go.

Conversation 1: Joy invites Tiki and Meg over for a casual hangout at her home, using a household robot to manage lights, AC, TV, snacks, and cleanup. They attempt to choose a movie, ultimately selecting a science film by drawing lots, but Joy loses interest and they decide to do something else. Snacks and drinks are offered; Meg prefers popcorn, Tiki likes chocolate but has cavities and a mango allergy, so the robot prepares suitable juices. Overall, the gathering remains friendly and low-key despite differing movie preferences.
[8] Joy: Okay. Oh where?
[8] Joy: Let's write our names on the paper.
[8] Meg: Yeah.
[8] Joy: Yours and yours, okay I'll write firstly.
[8] Meg: Okay just one pen.
[19] Tiki: It is really touching.
[19] Tiki: Touching my heart.
[19] Meg: It has...
[19] Joy: I have never seen it before.
[19] Meg: It has a deep meaning thing right?
[21] Joy: Lower?
[21] Tiki: Lower, yeah, yeah, lower.
[21] Meg: Yes I think so.
[21] Joy: Hmm so I'll try, try to put it to higher position, maybe here.
[22] Joy: Oh I'll try to check the signal.
[23] Meg: I will finish this piece.
[23] Joy: Hmm that you're... you're okay, when you over.
[24] Joy: Meg, so Meg do want to... do you still want to eat that, this one?
[24] Meg: No thank you.
[24] Joy: Oh so hmm hi robot, please tidy up this table.
[25] Joy: Hmm maybe we can do this...
[25] Joy: Are you thirsty?
[25] Meg: Yeah I'm a little bit thirsty.
[25] Joy: Hmm I remember I just have some fruit juice.
[25] Joy: You know... hi robot, prepare some juice for us, uh are there any juice?

Conversation 2: The group clarifies name mix-ups and discusses their movie preferences, with Joy disliking heavy special effects. After enjoying some juice and cleaning up a spill with help from a robot, they decide against Japanese cuisine and opt to order from a new pizza place with unusual flavors. Joy leads the ordering, and they look forward to the meal while asking the robot to clean the window.
[34] Meg: My name is Mag.
[34] Joy: Yes you're Mag.
[34] Meg: Don't you try the juice?
[34] Joy: Oh.
[34] Joy: Okay. Oh maybe...
[39] Joy: So we can order some takeout.
[40] Tiki: Yeah, yeah.
[40] Meg: Yes sure.
[40] Meg: We can...
[40] Tiki: Maybe we can eat some Japanese cuisine?
[42] Joy: A pizza place recently.
[42] Joy: And I really want to share it with everyone, with you.
[42] Meg: A new piece pizza place?
[42] Joy: Yes a new pizza place.
[42] Meg: What kind of special pizza is it?
[44] Joy: Hmm... So we three people maybe this one. And...
[44] Joy: This one is enough.
[44] Meg: Yes.
[44] Joy: Okay I got it.
[44] Joy: Uh I'm looking forward to the delicious food.
[44] Joy: I haven't tasted it for some days.
[45] Joy: Maybe uh the window is a little bit dirty.
[45] Meg: Yeah.
[45] Joy: Robot please help me to clean the window with the rag.

[Step 2] Evaluating semantic answer...
Action: [Answer]
Content: Yes, Meg has been controlling her diet recently and focusing on healthier, low-fat meals.
FINAL ANSWER (from graph):
Yes, Meg has been controlling her diet recently and focusing on healthier, low-fat meals.
Question: Does Joy treat her guests generously?

[Step 1] Searching the graph...
Parse Query Output:
{
  "query_triple": ["<Joy>", "treats guests generously", null, 0.95, 0.3, 0.1],
  "spatial_constraint": null,
  "speaker_strict": null,
  "allocation": {"k_high_level": 8, "k_low_level": 12, "k_conversations": 30, "total_k": 50, "reasoning": "Trait/behavior query about generosity toward guests: use high-level edges for character attributes and hospitality patterns; leverage conversations for evidence (statements, compliments, complaints); include some low-level edges for specific generous actions (serving extra food, offering gifts, waiving charges)."}
}

Graph Search Results:
**High-Level Information (Character Attributes and Relationships): **

Character Attributes:
- Joy is: holds light pillow (100), seated center (100), medium build (100), female (100), long straight dark hair (100), casual dark hoodie (100), hostly and considerate (90)

Character Relationships:
- Joy relies on for home management robot (95)

**Low-Level Information (Actions and Events): **

[2] Joy invites someone. (living room)
[2] Tiki greets Joy. (living room)
[3] Joy invites everyone. (living room)
[5] Joy drinks. (living room)
[8] Joy prepares paper. (living room)
[9] Joy encourages everyone. (living room)
[17] Joy offers taste to other. (living room)
[18] Joy drinks from cup. (living room)
[19] Joy eats snack. (living room)
[22] Joy eats from snack bowl. (living room)
[40] Joy considers idea. (living room)
[54] Joy compliments Meg. (living room)

**Conversations: **

Conversation 2: The group clarifies name mix-ups and discusses their movie preferences, with Joy disliking heavy special effects. After enjoying some juice and cleaning up a spill with help from a robot, they decide against Japanese cuisine and opt to order from a new pizza place with unusual flavors. Joy leads the ordering, and they look forward to the meal while asking the robot to clean the window.
[34] Joy: Yes you're Mag.
[34] Meg: Don't you try the juice?
[34] Joy: Oh.
[34] Joy: Okay. Oh maybe...
[34] Joy: I'm not that thirsty I'll wait a minute we can try this one, is this clothes really suits you?
[34] Joy: This one.
[35] Joy: Do you like it?
[35] Meg: No.
[35] Joy: Uh-huh?
[35] Meg: I thought I wouldn't like it but it's okay.
[35] Meg: Why can't you keep watching it?
[36] Meg: Never mind.
[36] Joy: Just... we just decided not to watch movie anymore.
[36] Joy: Hmm... Maybe...
[36] Joy: I'll take... I'll have a taste of the juicy... oh juice, the juice. It looks...
[37] Joy: It looks so beautiful.
[37] Tiki: Wow. The juice is very delicious.
[37] Joy: Yeah, it's so delicious.
[37] Meg: Really? Let me give it a try.
[37] Joy: Uh maybe this one?
[40] Meg: We can...
[40] Tiki: Maybe we can eat some Japanese cuisine?
[40] Joy: Japanese cuisine?
[40] Tiki: Yeah definitely very refreshing.
[40] Joy: Yes we can taste some... Yes.
[41] Joy: It is so special.
[41] Tiki: Yeah but not all Japanese food comes with Wasabi.
[41] Joy: Oh?
[41] Tiki: Yeah.
[41] Joy: I know I got it.
[43] Joy: Such as a chocolate pizza as well the combination of mango and the chill.
[43] Tiki: Chocolate pizza?
[43] Joy: Yes would you like to try?
[43] Meg: It's interesting.
[43] Tiki: It's a really novel combination, wow...
[44] Meg: Yes.
[44] Joy: Okay I got it.
[44] Joy: Uh I'm looking forward to the delicious food.
[44] Meg: Okay.
[44] Tiki: I'm really looking forward to it.
[44] Joy: Yes.
[44] Joy: I haven't tasted it for some days.
[45] Joy: Maybe uh the window is a little bit dirty.

Conversation 3: Joy, Tiki, and Meg discuss clean living, busy schedules, and health, deciding to meet monthly to watch movies and socialize. They plan for Meg to host next time with healthier cooking, and Joy seeks advice on fat-loss meals to support her running and upcoming half-marathon. Tiki emphasizes combining running with a balanced fat-loss diet, and they agree to coordinate movie selections. A robot warns of possible rain, and they opt to stay in for pizza.
[50] Tiki: Yeah actually I have been really busy recently.
[51] Tiki: But I also enjoy finding time to watch movies and get me relax among all the business.
[51] Joy: Oh yes.
[51] Joy: Then... so in the future...
[51] Joy: We can do this every month hmm like we can get together to watch some movies and chat.
[51] Meg: Hmm a good idea.
[51] Joy: Yes.
[51] Joy: How about setting it on the last day of each month?
[52] Joy: Do you free this month?
[56] Joy: And it also made me start paying attention to my diet, yes.
[56] Joy: I want...
[56] Joy: I want to know...
[56] Joy: What kind of fat reducing meal can help me run faster and longer.
[56] Meg: Yeah fat reducing meal don't have to be tasteless and indeed the ingredients can be quite diverse.
[57] Joy: But I need to do some homework to see how to plan a fat-loss diet and make sure to control the daily menu and nutritional ratios properly.
[58] Meg: If you need advice feel free to ask me I also have some of my own fat-loss meal recipes to share.
[58] Joy: Oh you're so kind.
[58] Joy: So I don't... don't feel annoying for me... for my bother.
[58] Meg: Oh Joy keep it up.
[58] Meg: As long as you persevere, not only running but even dietary management will become a part of you.
[59] Joy: Uh-huh.
[59] Meg: Hmm...
[59] Meg: Ultimately achieving your better state.
[63] Tiki: Yeah we can.
[63] Meg: If we have time we can.
[63] Joy: Oh so...
[63] Meg: So the pizza...
[64] Joy: It will arrive.
[64] Meg: Let's go.
[64] Joy: Yeah.
[64] Joy: Just ten minutes, about ten minutes?
[64] Joy: Oh it will arrive in just... in ten minutes.
[64] Joy: Oh robot is saying.
[64] robot: There is a sixty percent chance of rain tonight. It is reminded to bring an umbrella when going out later.
[64] Joy: Okay.
[64] Meg: Yeah the weather is so strange.
[64] Meg: It was clear and sunny in afternoon.

Conversation 1: Joy invites Tiki and Meg over for a casual hangout at her home, using a household robot to manage lights, AC, TV, snacks, and cleanup. They attempt to choose a movie, ultimately selecting a science film by drawing lots, but Joy loses interest and they decide to do something else. Snacks and drinks are offered; Meg prefers popcorn, Tiki likes chocolate but has cavities and a mango allergy, so the robot prepares suitable juices. Overall, the gathering remains friendly and low-key despite differing movie preferences.
[1] Joy: Hmm it's so nice afternoon maybe I should call Tiki and Meg to come here to have a small party.
[1] Joy: Well...
[1] Joy: Tiki, Meg, are you busy this afternoon?
[1] Joy: How about coming to my home to have a small party with me?
[1] Joy: Oh, hi robot please turn on the lights of the living room and turn on the air conditioner.
[2] robot: Okay.
[2] Joy: Come in.
[2] character_1: Hi Joy.
[3] Tiki: Hi Joy.
[3] Meg: It's so hot and Tiki still wears a hat.
[4] Tiki: The sun is very strong outside so I take a red hat in case it will burn my skin.
[4] Joy: You really care about details.
[4] Meg: Why? It's too hot in home.
[4] Joy: Is it clean here?
[4] Meg: Yeah it's tidy.
[4] Joy: I special... I specifically let the robot to clean it up.
[5] Tiki: Oh thank you.
[5] Meg: Thank you.
[5] Joy: You are welcome.
[5] Tiki: It's really hot today.
[5] Joy: Uh hi robot, please turn uh... adjust the temperature of the air conditioner to a comfortable temperature.
[6] Joy: I want to see some funny movies.
[6] Tiki: I prefer scientific movies.
[6] Joy: Oh.
[7] Meg: Oh? Isn't this a bit mind bending?
[7] Meg: I'm not really into it.
[11] Joy: Oh you always slack off in some strange places.
[11] Meg: That's what I call giving my brain a full rest. None of you understand.
[11] Joy: Okay.
[11] Joy: Well hi robot please turn on the TV and show us the movie.
[12] Joy: Oh it's too low maybe robot... robot just turn uh turn the volume lower a bit.
[13] Joy: Which one do you like?
[13] Meg: Yeah movies certainly wouldn't be complete without a popcorn.
[13] Joy: Oh...
[13] Tiki: Yeah...
[14] Tiki: Hmm but I prefer some chocolate.
[15] Tiki: But my doctor said my cavity is not that serious, as long as I pay attention to not always eating some sweets, that would be fine.
[16] Joy: Hmm so hi robot please bring us the snack.
[17] Joy: Oh thank you.
[17] Joy: They're really pop.
[17] Tiki: Oh it smells so great.
[17] Joy: Yes do you want to taste?
[17] Tiki: Yeah thank you.
[17] Joy: And that...
[24] Joy: Oh so hmm hi robot, please tidy up this table.
[25] Joy: Hmm maybe we can do this...
[25] Joy: Are you thirsty?
[25] Meg: Yeah I'm a little bit thirsty.
[25] Joy: Hmm I remember I just have some fruit juice.

[Step 2] Evaluating semantic answer...
Action: [Answer]
Content: Yes, Joy treats her guests generously by inviting them over, offering snacks and juice, adjusting the environment for comfort, and using the robot to clean and manage their needs.
FINAL ANSWER (from graph):
Yes, Joy treats her guests generously by inviting them over, offering snacks and juice, adjusting the environment for comfort, and using the robot to clean and manage their needs.
Question: Should the temperature of the air conditioning be lowered or raised?

[Step 1] Searching the graph...
Parse Query Output:
{
  "query_triple": [null, "air conditioning temperature adjustment", "?", 0.1, 0.25, 0.15],
  "spatial_constraint": null,
  "speaker_strict": null,
  "allocation": {
    "k_high_level": 3,
    "k_low_level": 37,
    "k_conversations": 10,
    "total_k": 50,
    "reasoning": "This is an action/state decision about AC temperature. No specific characters; prioritize low-level edges to find context like current temperature, complaints (too hot/cold), thermostat readings, and actions. Some conversations to capture spoken preferences or reasons. Minimal high-level edges since traits/relationships are not relevant."
  }
}

Graph Search Results:
**High-Level Information (Character Attributes and Relationships): **

Character Attributes:
- robot is: camera operator (100), black gloves (100), no visible face (100)

**Low-Level Information (Actions and Events): **

[2] robot walks to wall switch near the dining area. (living room)
[2] robot flips on wall light switch. (living room)
[3] Joy calls over toward living area. (living room)
[3] Meg comments about temperature. (living room)
[5] Tiki remarks about temperature. (living room)
[5] robot adjusts air conditioner. (living room)
[6] Joy asks to adjust air conditioner temperature. (living room)
[6] robot picks up air conditioner remote. (living room)
[6] air conditioner remote is from shelf. (living room)
[6] remote is toward AC unit. (living room)
[6] AC unit is across room. (living room)
[8] Joy sits on middle couch seat. (living room)
[9] Joy sits on middle couch seat. (living room)
[11] Joy points toward TV area. (living room)
[12] robot picks up remote control. (living room)
[12] remote control is from side caddy. (living room)
[14] Tiki sits middle seat. (living room)
[15] Tiki sits on middle seat. (living room)
[15] Meg sits on right seat. (living room)
[16] robot opens refrigerator. (living room)
[16] container of snack is from refrigerator shelf. (living room)
[16] robot closes refrigerator. (living room)
[21] Joy compares phone screen. (living room)
[21] Tiki compares phone screen. (living room)
[21] Joy walks toward window area. (living room)
[37] Meg sits on left seat. (living room)
[37] Tiki sits on right seat. (living room)
[39] Tiki shows phone screen. (living room)
[43] Joy sits on middle couch seat. (living room)
[47] robot wipes center of window. (apartment living room near window)
[48] character_1 continues cleaning window surface. (apartment kitchen and living room)
[50] Joy reclines on middle seat. (living room)
[50] middle seat is of sofa. (living room)
[64] Joy points at option on phone. (living room)
[64] Meg confirms option on phone. (living room)
[64] robot announces weather update. (living room)
[64] Meg comments on strange weather. (living room)

**Conversations: **

Conversation 1: Joy invites Tiki and Meg over for a casual hangout at her home, using a household robot to manage lights, AC, TV, snacks, and cleanup. They attempt to choose a movie, ultimately selecting a science film by drawing lots, but Joy loses interest and they decide to do something else. Snacks and drinks are offered; Meg prefers popcorn, Tiki likes chocolate but has cavities and a mango allergy, so the robot prepares suitable juices. Overall, the gathering remains friendly and low-key despite differing movie preferences.
[1] Joy: Tiki, Meg, are you busy this afternoon?
[1] Joy: How about coming to my home to have a small party with me?
[1] Joy: Oh, hi robot please turn on the lights of the living room and turn on the air conditioner.
[2] robot: Okay.
[2] Joy: Come in.
[4] Tiki: The sun is very strong outside so I take a red hat in case it will burn my skin.
[4] Joy: You really care about details.
[4] Meg: Why? It's too hot in home.
[4] Joy: Is it clean here?
[4] Meg: Yeah it's tidy.
[5] Meg: Thank you.
[5] Joy: You are welcome.
[5] Tiki: It's really hot today.
[5] Joy: Uh hi robot, please turn uh... adjust the temperature of the air conditioner to a comfortable temperature.
[6] Joy: And this one...
[6] Joy: It gets colder.
[6] Joy: Oh yes, thank you robot.
[6] Joy: How about seeing a movie this afternoon?
[11] Joy: Okay.
[11] Joy: Well hi robot please turn on the TV and show us the movie.
[12] Joy: Oh it's too low maybe robot... robot just turn uh turn the volume lower a bit.
[12] Tiki: Thank you robot.
[13] Joy: Now we can see the movie.
[20] Joy: There's no signal here the network seems a little bit unstable.
[21] Tiki: Maybe... maybe just because the router is a little bit too slow.
[21] Joy: Lower?
[21] Tiki: Lower, yeah, yeah, lower.
[21] Meg: Yes I think so.
[21] Joy: Hmm so I'll try, try to put it to higher position, maybe here.
[22] Joy: Oh I'll try to check the signal.
[22] Joy: Oh wow that's become much better.

Conversation 3: Joy, Tiki, and Meg discuss clean living, busy schedules, and health, deciding to meet monthly to watch movies and socialize. They plan for Meg to host next time with healthier cooking, and Joy seeks advice on fat-loss meals to support her running and upcoming half-marathon. Tiki emphasizes combining running with a balanced fat-loss diet, and they agree to coordinate movie selections. A robot warns of possible rain, and they opt to stay in for pizza.
[61] Joy: Yes it has many flavors.
[61] Tiki: Yeah multiple flavored.
[61] Joy: I just think maybe I can get thinner with that hot feeling.
[62] Tiki: Ha ha.
[62] Joy: I feel my calories is burning.

[Step 2] Evaluating semantic answer...
Action: [Answer]
Content: The temperature should be lowered.
FINAL ANSWER (from graph):
The temperature should be lowered.
Question: What kind of movie does Meg like?

[Step 1] Searching the graph...
Parse Query Output:
{
  "query_triple": ["<Meg>", "likes", "movie#genre:?", 0.95, 0.25, 0.2],
  "spatial_constraint": null,
  "speaker_strict": null,
  "allocation": {
    "k_high_level": 8,
    "k_low_level": 12,
    "k_conversations": 30,
    "total_k": 50,
    "reasoning": "Preference/why-style query—use conversations to capture stated likes; include some high-level edges for traits/preferences; low-level for any explicit actions indicating genre preference."
  }
}

Graph Search Results:
**High-Level Information (Character Attributes and Relationships): **

Character Attributes:
- Meg is: female (100), white socks (100), dark pants (100), slippers (100), long wavy dark hair (100), medium build (100), black hoodie with number print (100)

Character Relationships:
- Joy friends with Meg (90)

**Low-Level Information (Actions and Events): **

[13] Joy asks Meg. (living room)
[13] Meg comments that movies need popcorn. (living room)
[20] Meg comments about movie. (living room)
[42] Meg faces Joy. (living room)
[42] Meg asks Joy. (living room)
[54] Meg faces Joy. (living room)
[56] Meg faces Joy. (living room)
[57] Meg faces others. (living room)
[59] Meg faces Joy. (living room)
[63] Meg adds comment. (living room)
[63] Meg mentions pizza. (living room)
[64] Meg comments on strange weather. (living room)

**Conversations: **

Conversation 1: Joy invites Tiki and Meg over for a casual hangout at her home, using a household robot to manage lights, AC, TV, snacks, and cleanup. They attempt to choose a movie, ultimately selecting a science film by drawing lots, but Joy loses interest and they decide to do something else. Snacks and drinks are offered; Meg prefers popcorn, Tiki likes chocolate but has cavities and a mango allergy, so the robot prepares suitable juices. Overall, the gathering remains friendly and low-key despite differing movie preferences.
[5] Joy: Maybe you can use this to wipe your sweat.
[5] Tiki: Oh thank you.
[5] Meg: Thank you.
[5] Joy: You are welcome.
[5] Tiki: It's really hot today.
[6] Tiki: Yeah. That's good.
[6] Meg: Yeah. That's great.
[6] Joy: I want to see some funny movies.
[6] Tiki: I prefer scientific movies.
[6] Joy: Oh.
[7] Meg: Oh? Isn't this a bit mind bending?
[7] Meg: I'm not really into it.
[7] Tiki: Oh. Really?
[7] Tiki: Hmm I recommend the Interstellar, it's not really mind bending I think.
[7] Meg: How about love letter?
[7] Meg: It's romantic.
[7] Joy: Oh, I don't like overly sentimental movies.
[7] Joy: Can we just watch some movies that make people laugh a lot at this time?
[8] Joy: Okay. Oh where?
[8] Joy: Let's write our names on the paper.
[8] Meg: Yeah.
[8] Joy: Yours and yours, okay I'll write firstly.
[8] Meg: Okay just one pen.
[9] Joy: Oh maybe we should see the scientific movie now.
[9] Tiki: Yeah, yeah, yeah.
[10] Meg: I hope the movie wouldn't be too mind bending.
[10] Tiki: No, no it won't, please have confidence in your intelligence.
[10] Tiki: The movie is not that hard to understand.
[13] Joy: Oh chips, chocolate and popcorn.
[13] Joy: Which one do you like?
[13] Meg: Yeah movies certainly wouldn't be complete without a popcorn.
[13] Joy: Oh...
[13] Tiki: Yeah...
[19] Joy: You're all interested in that.
[19] Tiki: It's scientific movie.
[20] Meg: Actually this type of movie is quite excellent.
[20] Joy: Oh I'm sorry but I just feel it's a bit... a little bit boring.
[20] Tiki: Oh really?
[20] Joy: So I really want to check my phone.
[20] Meg: Okay.
[20] Joy: There's no signal here the network seems a little bit unstable.
[21] Tiki: Maybe... maybe just because the router is a little bit too slow.
[21] Joy: Lower?
[21] Tiki: Lower, yeah, yeah, lower.
[21] Meg: Yes I think so.
[21] Joy: Hmm so I'll try, try to put it to higher position, maybe here.
[22] Joy: Oh I'll try to check the signal.
[22] Joy: Oh wow that's become much better.
[22] Tiki: This film...
[22] Meg: She'll not watch it properly.
[22] Joy: Ah I just uh I'm really not interesting in that so I can't keep watching it.
[23] Meg: Okay but... we wouldn't watch it and find uh we find other things to do, okay?
[23] Joy: Hmm okay.
[23] Tiki: Yeah find something else to do.

Conversation 2: The group clarifies name mix-ups and discusses their movie preferences, with Joy disliking heavy special effects. After enjoying some juice and cleaning up a spill with help from a robot, they decide against Japanese cuisine and opt to order from a new pizza place with unusual flavors. Joy leads the ordering, and they look forward to the meal while asking the robot to clean the window.
[32] Joy: Thank you robot.
[32] Meg: Thank you a robot.
[33] Tiki: Oh Meg I didn't expect that you don't like this movie even... even more than Joy.
[33] Joy: Oh actually maybe you mixed... mixed our name I'm Joy. Yeah.
[33] Joy: Hahaha but I understand you I can understand you.
[35] Meg: No.
[35] Joy: Uh-huh?
[35] Meg: I thought I wouldn't like it but it's okay.
[35] Meg: Why can't you keep watching it?
[35] Joy: Oh you mean the movie?
[35] Meg: Yes the movie.
[35] Joy: Yeah I like watching some realistic movies this movie has too many special effects and I feel it's not very realistic.
[36] Joy: So I just can't keep watching it.
[37] Meg: Really? Let me give it a try.
[37] Joy: Uh maybe this one?
[37] Meg: Oh.
[37] Joy: Oh oh.
[37] Meg: I'm sorry.
[39] Joy: So we can order some takeout.
[40] Tiki: Yeah, yeah.
[40] Meg: Yes sure.
[40] Meg: We can...
[40] Tiki: Maybe we can eat some Japanese cuisine?
[42] Meg: A new piece pizza place?
[42] Joy: Yes a new pizza place.
[42] Meg: What kind of special pizza is it?
[42] Joy: Uh the pizza place has many unique flavors.
[43] Joy: Such as a chocolate pizza as well the combination of mango and the chill.
[43] Tiki: Chocolate pizza?
[43] Joy: Yes would you like to try?
[43] Meg: It's interesting.
[43] Tiki: It's a really novel combination, wow...
[43] Joy: Oh yes I...I haven't met a pizza place with so many strange flavors.
[44] Joy: Hmm... So we three people maybe this one. And...
[44] Joy: This one is enough.
[44] Meg: Yes.
[44] Joy: Okay I got it.
[44] Joy: Uh I'm looking forward to the delicious food.
[44] Meg: Okay.
[44] Tiki: I'm really looking forward to it.
[44] Joy: Yes.
[44] Joy: I haven't tasted it for some days.
[45] Joy: Maybe uh the window is a little bit dirty.
[45] Meg: Yeah.
[45] Joy: Robot please help me to clean the window with the rag.

Conversation 3: Joy, Tiki, and Meg discuss clean living, busy schedules, and health, deciding to meet monthly to watch movies and socialize. They plan for Meg to host next time with healthier cooking, and Joy seeks advice on fat-loss meals to support her running and upcoming half-marathon. Tiki emphasizes combining running with a balanced fat-loss diet, and they agree to coordinate movie selections. A robot warns of possible rain, and they opt to stay in for pizza.
[51] Joy: How about setting it on the last day of each month?
[52] Joy: Do you free this month?
[52] Meg: Yeah.
[52] Meg: This is meaningful.
[52] Joy: Yes it's both the end of the month.
[55] Joy: I'm exercising recently.
[55] Joy: I've already signed up to participate in a half-marathon... marathom? Marathon.
[55] Meg: Marathon.
[55] Tiki: Okay combining running with fat-loss diet works very well.
[55] Tiki: Running burns calories.
[58] Meg: As long as you persevere, not only running but even dietary management will become a part of you.
[59] Joy: Uh-huh.
[59] Meg: Hmm...
[59] Meg: Ultimately achieving your better state.
[59] Joy: Okay. I hope.
[60] Joy: I think it sounds very strange but if you taste it maybe you love it.
[60] Joy: I think you love it, you love chocolate.
[60] Meg: I think so.
[60] Tiki: Yeah.
[61] Joy: And I also love the combination... combination of mango and chilli it's fresh and...
[64] Joy: Oh it will arrive in just... in ten minutes.
[64] Joy: With this one?
[64] Meg: Yeah this one.
[64] Joy: Oh robot is saying.
[64] robot: There is a sixty percent chance of rain tonight. It is reminded to bring an umbrella when going out later.

[Step 2] Evaluating semantic answer...
Action: [Answer]
Content: Meg likes romantic movies.
FINAL ANSWER (from graph):
Meg likes romantic movies.
Question: Which movie should the robot choose?

[Step 1] Searching the graph...
Parse Query Output:
{
  "query_triple": ["<robot>", "chooses", "movie", 0.95, 0.5, 0.6],
  "spatial_constraint": null,
  "speaker_strict": null,
  "allocation": {
    "k_high_level": 6,
    "k_low_level": 34,
    "k_conversations": 10,
    "total_k": 50,
    "reasoning": "Action/decision query—prioritize low-level edges to see selection actions or preferences; some high-level edges may encode robot traits or likes; limited conversations to capture any dialogue indicating the chosen movie."
  }
}

Graph Search Results:
**High-Level Information (Character Attributes and Relationships): **

Character Attributes:
- robot is: black gloves (100), camera operator (100), no visible face (100)

Character Relationships:
- Joy relies on for home management robot (95)
- robot supports Joy (85)
- robot home assistant to Joy (90)

**Low-Level Information (Actions and Events): **

[2] robot walks toward sofa. (living room)
[2] robot picks up remote. (living room)
[5] robot adjusts air conditioner. (living room)
[6] Joy asks robot. (living room)
[6] robot picks up air conditioner remote. (living room)
[11] robot picks up remote. (living room)
[12] robot picks up remote control. (living room)
[12] robot inspects remote. (living room)
[12] robot walks toward TV. (living room)
[12] Joy asks robot. (living room)
[12] robot acknowledges request. (living room)
[13] robot moves toward living room. (living room)
[16] Joy asks robot. (living room)
[16] robot moves from living room. (living room)
[16] robot picks up container of snack. (living room)
[24] robot grabs napkin. (living room)
[25] robot pans camera. (living room)
[25] robot enters kitchen. (living room)
[25] robot walks toward living room. (living room)
[25] Joy asks robot. (living room)
[26] robot replies from behind camera. (living room)
[27] Joy asks robot. (living room leading to kitchen)
[27] robot looks at sink. (living room leading to kitchen)
[31] robot holds camera. (living room)
[31] robot picks up red bottle. (living room)
[31] robot walks toward living room. (living room)
[32] robot enters kitchen. (living room)
[32] robot carries glass. (living room)
[38] robot approaches couch. (living room)
[45] Joy asks robot. (living room leading to dining room and kitchen)
[45] robot acknowledges request. (living room leading to dining room and kitchen)
[47] robot approaches window. (apartment living room near window)
[47] robot moves cloth. (apartment living room near window)
[49] robot hangs cloth. (living room)

**Conversations: **

Conversation 1: Joy invites Tiki and Meg over for a casual hangout at her home, using a household robot to manage lights, AC, TV, snacks, and cleanup. They attempt to choose a movie, ultimately selecting a science film by drawing lots, but Joy loses interest and they decide to do something else. Snacks and drinks are offered; Meg prefers popcorn, Tiki likes chocolate but has cavities and a mango allergy, so the robot prepares suitable juices. Overall, the gathering remains friendly and low-key despite differing movie preferences.
[1] Joy: How about coming to my home to have a small party with me?
[1] Joy: Oh, hi robot please turn on the lights of the living room and turn on the air conditioner.
[2] robot: Okay.
[2] Joy: Come in.
[2] character_1: Hi Joy.
[11] Meg: That's what I call giving my brain a full rest. None of you understand.
[11] Joy: Okay.
[11] Joy: Well hi robot please turn on the TV and show us the movie.
[12] Joy: Oh it's too low maybe robot... robot just turn uh turn the volume lower a bit.
[12] Tiki: Thank you robot.
[13] Tiki: Yeah.
[13] Joy: Oh I think I have some snacks in my home.
[13] Joy: Uh hi robot, what snacks do we have?
[13] robot: There were chips, chocolate, and popcorn.
[13] Joy: Oh chips, chocolate and popcorn.
[13] Joy: Which one do you like?
[15] Tiki: I have going to the hospital already hmm...
[15] Tiki: But my doctor said my cavity is not that serious, as long as I pay attention to not always eating some sweets, that would be fine.
[16] Joy: Hmm so hi robot please bring us the snack.
[17] Joy: Oh thank you.
[17] Joy: They're really pop.
[25] Meg: Yeah I'm a little bit thirsty.
[25] Joy: Hmm I remember I just have some fruit juice.
[25] Joy: You know... hi robot, prepare some juice for us, uh are there any juice?
[26] robot: There is mango juice and watermelon juice at home.
[26] Joy: Well, a mango and a watermelon which one do you prefer?
[27] Joy: Oh so you're so... just I don't know how to say.
[27] Joy: You're so poor, yes you're so poor.
[27] Joy: Uh robot please prepare juice for us.

Conversation 2: The group clarifies name mix-ups and discusses their movie preferences, with Joy disliking heavy special effects. After enjoying some juice and cleaning up a spill with help from a robot, they decide against Japanese cuisine and opt to order from a new pizza place with unusual flavors. Joy leads the ordering, and they look forward to the meal while asking the robot to clean the window.
[38] Joy: I think we need to clean it.
[38] Joy: Uh hi robot please hand me a rag so I can clean the table.
[38] robot: Okay.
[39] Joy: Oh thank you robot.
[39] Joy: With it...
[39] Joy: It's just a little bit oh...

Conversation 3: Joy, Tiki, and Meg discuss clean living, busy schedules, and health, deciding to meet monthly to watch movies and socialize. They plan for Meg to host next time with healthier cooking, and Joy seeks advice on fat-loss meals to support her running and upcoming half-marathon. Tiki emphasizes combining running with a balanced fat-loss diet, and they agree to coordinate movie selections. A robot warns of possible rain, and they opt to stay in for pizza.
[64] Joy: With this one?
[64] Meg: Yeah this one.
[64] Joy: Oh robot is saying.
[64] robot: There is a sixty percent chance of rain tonight. It is reminded to bring an umbrella when going out later.
[64] Joy: Okay.

[Step 2] Evaluating semantic answer...
Action: [Answer]
Content: A science film, chosen by drawing lots.
FINAL ANSWER (from graph):
A science film, chosen by drawing lots.
Question: Did Tiki pay attention to her cavities ?

[Step 1] Searching the graph...
Parse Query Output:
{
  "query_triple": ["<Tiki>", "pays attention to", "cavities", 0.95, 0.3, 0.6],
  "spatial_constraint": null,
  "speaker_strict": null,
  "allocation": {
    "k_high_level": 6,
    "k_low_level": 34,
    "k_conversations": 10,
    "total_k": 50,
    "reasoning": "Action/behavior query about attention to a health issue; prioritize low-level edges to find specific actions (checking teeth, mentioning cavities, taking care), with some conversations for verbal confirmation, and a few high-level edges for trait/habit indications."
  }
}

Graph Search Results:
**High-Level Information (Character Attributes and Relationships): **

Character Attributes:
- Tiki is: glasses (100), seated left (100), female (100)

Character Relationships:
- Joy accommodates preferences of Tiki (85)
- Joy friends with Tiki (90)
- Joy collaborates with Tiki (80)

**Low-Level Information (Actions and Events): **

[3] Tiki stands near doorway. (living room)
[3] Tiki walks from doorway. (living room)
[4] Joy looks at Tiki. (living room)
[5] Tiki takes tissue. (living room)
[7] Tiki sits in middle of couch. (living room)
[7] Meg looks at Tiki. (living room)
[9] Tiki sits on right couch seat. (living room)
[9] Tiki keeps focus on notepad. (living room)
[11] Tiki rests cushion. (living room)
[14] Tiki sits middle seat. (living room)
[15] Tiki sits on middle seat. (living room)
[16] Tiki rests on pillow. (living room)
[17] Tiki looks toward tub of snack. (living room)
[19] Joy listens to Tiki. (living room)
[20] Tiki has in hand food cup. (living room)
[20] Tiki looks at Joy. (living room)
[21] Tiki looks at others. (living room)
[26] Tiki looks toward others. (living room)
[27] Tiki sits on rightmost couch seat. (living room leading to kitchen)
[33] Joy looks at Tiki. (living room)
[37] Tiki holds cup. (living room)
[41] Tiki keeps pillow. (living room)
[41] Tiki listens to Joy. (living room)
[42] Tiki tries to see screen. (living room)
[43] Tiki sits on right couch seat. (living room)
[44] Tiki looks at Joy. (living room)
[49] Tiki looks at Joy. (living room)
[50] Tiki sits on right side. (living room)
[51] Joy looks at Tiki. (living room)
[53] Tiki talks to others. (living room)
[60] Joy looks at Tiki. (living room)
[61] Tiki listens to Joy. (living room)
[63] Meg looks at Tiki. (living room)
[64] Tiki looks at phone. (living room)

**Conversations: **

Conversation 1: Joy invites Tiki and Meg over for a casual hangout at her home, using a household robot to manage lights, AC, TV, snacks, and cleanup. They attempt to choose a movie, ultimately selecting a science film by drawing lots, but Joy loses interest and they decide to do something else. Snacks and drinks are offered; Meg prefers popcorn, Tiki likes chocolate but has cavities and a mango allergy, so the robot prepares suitable juices. Overall, the gathering remains friendly and low-key despite differing movie preferences.
[3] Tiki: Okay.
[3] Joy: Let's have a rest.
[3] Tiki: Yeah.
[3] Meg: It's so hot and Tiki still wears a hat.
[4] Tiki: The sun is very strong outside so I take a red hat in case it will burn my skin.
[7] Meg: Oh? Isn't this a bit mind bending?
[7] Meg: I'm not really into it.
[7] Tiki: Oh. Really?
[7] Tiki: Hmm I recommend the Interstellar, it's not really mind bending I think.
[7] Meg: How about love letter?
[13] Tiki: Yeah...
[14] Tiki: Hmm but I prefer some chocolate.
[14] Meg: Tiki, you always love eating so sweet, aren't you afraid of getting cavities?
[14] Tiki: Oh. Yeah, I already have had cavities but eating sweets really make me happy.
[15] Tiki: Oh. Yeah, I already have had cavities but eating sweets really make me happy. oh
[15] Joy: Oh you already have cavities?
[15] Joy: Is your cavity serious?
[15] Joy: If it's serious, you should go to see the doctor as soon as possible.
[15] Tiki: I have going to the hospital already hmm...
[15] Tiki: But my doctor said my cavity is not that serious, as long as I pay attention to not always eating some sweets, that would be fine.
[16] Joy: Hmm so hi robot please bring us the snack.
[17] Joy: Oh thank you.
[20] Meg: Actually this type of movie is quite excellent.
[20] Joy: Oh I'm sorry but I just feel it's a bit... a little bit boring.
[20] Tiki: Oh really?
[20] Joy: So I really want to check my phone.
[20] Meg: Okay.

Conversation 3: Joy, Tiki, and Meg discuss clean living, busy schedules, and health, deciding to meet monthly to watch movies and socialize. They plan for Meg to host next time with healthier cooking, and Joy seeks advice on fat-loss meals to support her running and upcoming half-marathon. Tiki emphasizes combining running with a balanced fat-loss diet, and they agree to coordinate movie selections. A robot warns of possible rain, and they opt to stay in for pizza.
[49] Joy: Hmm it seems much cleaner than before.
[49] Tiki: Yes.
[49] Joy: As you can see my room is so clean.
[49] Joy: It's all because I have a robot it can help me clean.

[Step 2] Evaluating semantic answer...
Action: [Answer]
Content: Yes, she said she would pay attention to not always eating sweets to manage her cavities.
FINAL ANSWER (from graph):
Yes, she said she would pay attention to not always eating sweets to manage her cavities.
Question: What snacks should the robot bring ?

[Step 1] Searching the graph...
Parse Query Output:
{
  "query_triple": ["<robot>", "brings", "snacks", 0.9, 0.3, 0.6],
  "spatial_constraint": null,
  "speaker_strict": null,
  "allocation": {
    "k_high_level": 5,
    "k_low_level": 20,
    "k_conversations": 25,
    "total_k": 50,
    "reasoning": "The query asks what snacks the robot should bring, implying preferences or instructions likely expressed in dialogue. Use conversations to find requests or suggestions; include low-level edges to see past actions (what snacks the robot has brought before); a small number of high-level edges to capture general traits or habitual behaviors."
  }
}

Graph Search Results:
**High-Level Information (Character Attributes and Relationships): **

Character Attributes:
- robot is: black gloves (100), helpful (95), no visible face (100)

Character Relationships:
- robot supports Joy (85)
- Joy relies on for home management robot (95)

**Low-Level Information (Actions and Events): **

[6] robot walks to side table. (living room)
[13] robot lists available snack. (living room)
[16] robot walks into kitchen. (living room)
[16] robot picks up container of snack. (living room)
[16] robot leaves kitchen. (living room)
[16] robot carries snack container. (living room)
[17] robot holds tub of snack. (living room)
[24] robot grabs napkin. (living room)
[24] robot straightens yellow snack bag. (living room)
[25] robot walks toward kitchen. (living room)
[25] robot enters kitchen. (living room)
[25] robot returns from kitchen. (living room)
[27] robot moves into kitchen. (living room leading to kitchen)
[32] robot enters kitchen. (living room)
[32] robot pours pink drink. (living room)
[32] robot carries glass. (living room)
[32] robot places drink. (living room)
[38] robot starts moving toward kitchen. (living room)
[38] robot enters kitchen area. (living room)
[47] robot walks from kitchen. (apartment living room near window)

**Conversations: **

Conversation 1: Joy invites Tiki and Meg over for a casual hangout at her home, using a household robot to manage lights, AC, TV, snacks, and cleanup. They attempt to choose a movie, ultimately selecting a science film by drawing lots, but Joy loses interest and they decide to do something else. Snacks and drinks are offered; Meg prefers popcorn, Tiki likes chocolate but has cavities and a mango allergy, so the robot prepares suitable juices. Overall, the gathering remains friendly and low-key despite differing movie preferences.
[1] Joy: Tiki, Meg, are you busy this afternoon?
[1] Joy: How about coming to my home to have a small party with me?
[1] Joy: Oh, hi robot please turn on the lights of the living room and turn on the air conditioner.
[2] robot: Okay.
[2] Joy: Come in.
[2] character_1: Hi Joy.
[6] Joy: And this one...
[6] Joy: It gets colder.
[6] Joy: Oh yes, thank you robot.
[6] Joy: How about seeing a movie this afternoon?
[6] Tiki: Yeah. That's good.
[11] Meg: That's what I call giving my brain a full rest. None of you understand.
[11] Joy: Okay.
[11] Joy: Well hi robot please turn on the TV and show us the movie.
[12] Joy: Oh it's too low maybe robot... robot just turn uh turn the volume lower a bit.
[12] Tiki: Thank you robot.
[13] Joy: Now we can see the movie.
[13] Tiki: Yeah.
[13] Joy: Oh I think I have some snacks in my home.
[13] Joy: Uh hi robot, what snacks do we have?
[13] robot: There were chips, chocolate, and popcorn.
[13] Joy: Oh chips, chocolate and popcorn.
[13] Joy: Which one do you like?
[13] Meg: Yeah movies certainly wouldn't be complete without a popcorn.
[15] Tiki: I have going to the hospital already hmm...
[15] Tiki: But my doctor said my cavity is not that serious, as long as I pay attention to not always eating some sweets, that would be fine.
[16] Joy: Hmm so hi robot please bring us the snack.
[17] Joy: Oh thank you.
[17] Joy: They're really pop.
[23] Joy: Hmm not... not movie anymore.
[23] Joy: Hmm do you want still...
[23] Joy: Do you still want to eat the snack?
[23] Meg: I will finish this piece.
[23] Joy: Hmm that you're... you're okay, when you over.
[24] Joy: Meg, so Meg do want to... do you still want to eat that, this one?
[24] Meg: No thank you.
[24] Joy: Oh so hmm hi robot, please tidy up this table.
[25] Joy: Hmm maybe we can do this...
[25] Joy: Are you thirsty?
[25] Meg: Yeah I'm a little bit thirsty.
[25] Joy: Hmm I remember I just have some fruit juice.
[25] Joy: You know... hi robot, prepare some juice for us, uh are there any juice?
[26] robot: There is mango juice and watermelon juice at home.
[26] Joy: Well, a mango and a watermelon which one do you prefer?
[26] Joy: I... I like mango juice.
[27] Joy: Oh so you're so... just I don't know how to say.
[27] Joy: You're so poor, yes you're so poor.
[27] Joy: Uh robot please prepare juice for us.

Conversation 2: The group clarifies name mix-ups and discusses their movie preferences, with Joy disliking heavy special effects. After enjoying some juice and cleaning up a spill with help from a robot, they decide against Japanese cuisine and opt to order from a new pizza place with unusual flavors. Joy leads the ordering, and they look forward to the meal while asking the robot to clean the window.
[32] Tiki: Thank you robot.
[32] Joy: Thank you robot.
[32] Meg: Thank you a robot.
[33] Tiki: Oh Meg I didn't expect that you don't like this movie even... even more than Joy.
[33] Joy: Oh actually maybe you mixed... mixed our name I'm Joy. Yeah.
[37] Joy: Ah that's okay never mind. Hmm...
[38] Joy: I think we need to clean it.
[38] Joy: Uh hi robot please hand me a rag so I can clean the table.
[38] robot: Okay.
[39] Joy: Oh thank you robot.
[39] Joy: With it...
[39] Joy: It's just a little bit oh...
[45] Joy: Maybe uh the window is a little bit dirty.
[45] Meg: Yeah.
[45] Joy: Robot please help me to clean the window with the rag.

Conversation 3: Joy, Tiki, and Meg discuss clean living, busy schedules, and health, deciding to meet monthly to watch movies and socialize. They plan for Meg to host next time with healthier cooking, and Joy seeks advice on fat-loss meals to support her running and upcoming half-marathon. Tiki emphasizes combining running with a balanced fat-loss diet, and they agree to coordinate movie selections. A robot warns of possible rain, and they opt to stay in for pizza.
[50] Tiki: I want to buy it in my home.
[50] Joy: Yes. If you are very... if you are very busy you are worth...
[50] Joy: I strongly recommend you buy a robot like this.
[50] Tiki: Yeah actually I have been really busy recently.
[51] Tiki: But I also enjoy finding time to watch movies and get me relax among all the business.
[64] Joy: With this one?
[64] Meg: Yeah this one.
[64] Joy: Oh robot is saying.
[64] robot: There is a sixty percent chance of rain tonight. It is reminded to bring an umbrella when going out later.
[64] Joy: Okay.
[64] Meg: Yeah the weather is so strange.

[Step 2] Evaluating semantic answer...
Action: [Answer]
Content: Chips, chocolate, and popcorn.
FINAL ANSWER (from graph):
Chips, chocolate, and popcorn.
Question: What’s on the tea table should the robot tidy up?

[Step 1] Searching the graph...
Parse Query Output:
{
  "query_triple": ["robot", "tidies", "tea table", 0.8, 0.35, 0.7],
  "spatial_constraint": "tea table",
  "speaker_strict": null,
  "allocation": {
    "k_high_level": 5,
    "k_low_level": 40,
    "k_conversations": 5,
    "total_k": 50,
    "reasoning": "This is a spatial/action query about objects on the tea table relevant to tidying. Prioritize low-level edges to list items located on the tea table and actions the robot should take. Minimal high-level edges for any general task rules; minimal conversations unless dialogue specifies tidying instructions."
  }
}

Graph Search Results:
**High-Level Information (Character Attributes and Relationships): **

Character Relationships:
- Joy relies on for home management robot (95)
- robot supports Joy (85)
- robot supports Tiki (60)
- robot is supporter of Tiki (80)
- Tiki is appreciative toward robot (75)

**Low-Level Information (Actions and Events): **

[2] robot walks toward sofa. (living room)
[6] robot walks to side table. (living room)
[11] robot walks closer to couch. (living room)
[11] robot drops onto floor. (living room)
[11] robot holds near side table. (living room)
[12] robot stands beside seated group. (living room)
[13] robot moves through dining area. (living room)
[13] robot moves toward living room. (living room)
[16] robot moves from living room. (living room)
[16] robot moves toward dining area. (living room)
[16] robot walks into kitchen. (living room)
[16] robot leaves kitchen. (living room)
[16] robot moves toward living room. (living room)
[17] robot approaches seated group. (living room)
[24] Joy calls to tidy robot. (living room)
[24] robot moves closer to small table. (living room)
[24] robot grabs napkin. (living room)
[24] robot arranges item table. (living room)
[24] robot clears surface. (living room)
[25] robot walks through dining area. (living room)
[25] robot walks toward kitchen. (living room)
[25] robot enters kitchen. (living room)
[25] robot looks around stovetop. (living room)
[25] robot returns from kitchen. (living room)
[25] robot walks toward living room. (living room)
[31] robot fills with red drink small cup. (living room)
[31] robot fills with yellow drink small cup. (living room)
[31] robot carries out of two filled cup. (living room)
[31] robot walks toward living room. (living room)
[31] robot approaches small coffee table. (living room)
[32] robot enters kitchen. (living room)
[32] robot moves back toward living room. (living room)
[38] robot starts moving toward kitchen. (living room)
[38] robot enters kitchen area. (living room)
[38] robot carries back toward living room. (living room)
[38] robot approaches couch. (living room)
[49] robot looks over countertop. (living room)
[49] robot hangs cloth. (living room)
[49] robot walks from kitchen toward living room. (living room)
[64] robot announces to seated group. (living room)

**Conversations: **

Conversation 1: Joy invites Tiki and Meg over for a casual hangout at her home, using a household robot to manage lights, AC, TV, snacks, and cleanup. They attempt to choose a movie, ultimately selecting a science film by drawing lots, but Joy loses interest and they decide to do something else. Snacks and drinks are offered; Meg prefers popcorn, Tiki likes chocolate but has cavities and a mango allergy, so the robot prepares suitable juices. Overall, the gathering remains friendly and low-key despite differing movie preferences.
[4] Joy: Is it clean here?
[4] Meg: Yeah it's tidy.
[4] Joy: I special... I specifically let the robot to clean it up.
[5] Tiki: Oh that's good.
[5] Tiki: So what are you going to do this afternoon, what are your plans?
[24] Joy: Meg, so Meg do want to... do you still want to eat that, this one?
[24] Meg: No thank you.
[24] Joy: Oh so hmm hi robot, please tidy up this table.
[25] Joy: Hmm maybe we can do this...
[25] Joy: Are you thirsty?
[25] Meg: Yeah I'm a little bit thirsty.
[25] Joy: Hmm I remember I just have some fruit juice.
[25] Joy: You know... hi robot, prepare some juice for us, uh are there any juice?
[26] robot: There is mango juice and watermelon juice at home.
[26] Joy: Well, a mango and a watermelon which one do you prefer?

Conversation 2: The group clarifies name mix-ups and discusses their movie preferences, with Joy disliking heavy special effects. After enjoying some juice and cleaning up a spill with help from a robot, they decide against Japanese cuisine and opt to order from a new pizza place with unusual flavors. Joy leads the ordering, and they look forward to the meal while asking the robot to clean the window.
[37] Joy: Ah that's okay never mind. Hmm...
[38] Joy: I think we need to clean it.
[38] Joy: Uh hi robot please hand me a rag so I can clean the table.
[38] robot: Okay.
[39] Joy: Oh thank you robot.
[45] Joy: Maybe uh the window is a little bit dirty.
[45] Meg: Yeah.
[45] Joy: Robot please help me to clean the window with the rag.

[Step 2] Evaluating semantic answer...
Action: [Answer]
Content: The robot should tidy up the items on the small table in the living room.
FINAL ANSWER (from graph):
The robot should tidy up the items on the small table in the living room.
Question: What juices should the robot prepare?

[Step 1] Searching the graph...
Parse Query Output:
{
  "query_triple": ["<robot>", "prepares", "juice", 0.9, 0.6, 0.6],
  "spatial_constraint": null,
  "speaker_strict": null,
  "allocation": {
    "k_high_level": 5,
    "k_low_level": 37,
    "k_conversations": 8,
    "total_k": 50,
    "reasoning": "Action-focused query about what the robot should prepare; prioritize low-level edges showing preparation actions and any directives, with a small amount of conversations for instructions or preferences."
  }
}

Graph Search Results:
**High-Level Information (Character Attributes and Relationships): **

Character Attributes:
- robot is: helpful (95), camera operator (100)

Character Relationships:
- Joy relies on for home management robot (95)
- robot supports Joy (85)
- robot supports Tiki (60)

**Low-Level Information (Actions and Events): **

[5] robot adjusts air conditioner. (living room)
[6] Joy asks robot. (living room)
[12] robot adjusts small device. (living room)
[12] Joy asks robot. (living room)
[12] robot lowers volume. (living room)
[13] Joy turns to robot. (living room)
[16] Joy asks robot. (living room)
[16] robot opens refrigerator. (living room)
[16] robot leaves kitchen. (living room)
[24] robot straightens yellow snack bag. (living room)
[24] robot clears surface. (living room)
[25] robot enters kitchen. (living room)
[25] Joy asks robot. (living room)
[26] Joy asks to prepare robot. (living room)
[27] Joy asks robot. (living room leading to kitchen)
[28] robot rinses second glass. (kitchen sink)
[28] robot rotates second glass. (kitchen sink)
[28] robot sets aside second glass. (kitchen sink)
[29] robot removes small glass cup. (kitchen sink)
[29] robot rinses second cup. (kitchen sink)
[29] robot aligns small glass cup. (kitchen sink)
[29] robot wipes water. (kitchen sink)
[30] robot picks up yellow juice bottle. (kitchen countertop)
[30] robot opens yellow juice bottle cap. (kitchen countertop)
[30] robot picks up red drink bottle. (kitchen countertop)
[30] robot opens red drink bottle cap. (kitchen countertop)
[31] robot arranges red drink bottle. (living room)
[31] robot arranges yellow juice bottle. (living room)
[31] robot picks up red bottle. (living room)
[31] robot carries out of two filled cup. (living room)
[31] robot sets red drink. (living room)
[31] robot places yellow drink. (living room)
[32] robot enters kitchen. (living room)
[32] robot pours pink drink. (living room)
[32] robot carries glass. (living room)
[32] robot places drink. (living room)
[45] Joy asks robot. (living room leading to dining room and kitchen)

**Conversations: **

Conversation 1: Joy invites Tiki and Meg over for a casual hangout at her home, using a household robot to manage lights, AC, TV, snacks, and cleanup. They attempt to choose a movie, ultimately selecting a science film by drawing lots, but Joy loses interest and they decide to do something else. Snacks and drinks are offered; Meg prefers popcorn, Tiki likes chocolate but has cavities and a mango allergy, so the robot prepares suitable juices. Overall, the gathering remains friendly and low-key despite differing movie preferences.
[13] Tiki: Yeah.
[13] Joy: Oh I think I have some snacks in my home.
[13] Joy: Uh hi robot, what snacks do we have?
[13] robot: There were chips, chocolate, and popcorn.
[13] Joy: Oh chips, chocolate and popcorn.
[15] Tiki: I have going to the hospital already hmm...
[15] Tiki: But my doctor said my cavity is not that serious, as long as I pay attention to not always eating some sweets, that would be fine.
[16] Joy: Hmm so hi robot please bring us the snack.
[17] Joy: Oh thank you.
[17] Joy: They're really pop.
[25] Joy: Are you thirsty?
[25] Meg: Yeah I'm a little bit thirsty.
[25] Joy: Hmm I remember I just have some fruit juice.
[25] Joy: You know... hi robot, prepare some juice for us, uh are there any juice?
[26] robot: There is mango juice and watermelon juice at home.
[26] Joy: Well, a mango and a watermelon which one do you prefer?
[26] Joy: I... I like mango juice.
[27] Joy: Oh so you're so... just I don't know how to say.
[27] Joy: You're so poor, yes you're so poor.
[27] Joy: Uh robot please prepare juice for us.

Conversation 2: The group clarifies name mix-ups and discusses their movie preferences, with Joy disliking heavy special effects. After enjoying some juice and cleaning up a spill with help from a robot, they decide against Japanese cuisine and opt to order from a new pizza place with unusual flavors. Joy leads the ordering, and they look forward to the meal while asking the robot to clean the window.
[34] Meg: My name is Mag.
[34] Joy: Yes you're Mag.
[34] Meg: Don't you try the juice?
[34] Joy: Oh.
[34] Joy: Okay. Oh maybe...
[36] Joy: I'll take... I'll have a taste of the juicy... oh juice, the juice. It looks...
[37] Joy: It looks so beautiful.
[37] Tiki: Wow. The juice is very delicious.
[37] Joy: Yeah, it's so delicious.
[37] Meg: Really? Let me give it a try.

[Step 2] Evaluating semantic answer...
Action: [Answer]
Content: Mango juice and watermelon juice.
FINAL ANSWER (from graph):
Mango juice and watermelon juice.
Question: What kind of movie does Joy love?

[Step 1] Searching the graph...
Parse Query Output:
{
  "query_triple": ["<Joy>", "loves", "movie#kind:?", 0.95, 0.3, 0.2],
  "spatial_constraint": null,
  "speaker_strict": null,
  "allocation": {
    "k_high_level": 8,
    "k_low_level": 12,
    "k_conversations": 30,
    "total_k": 50,
    "reasoning": "Preference/attribute query about movie type Joy loves; use high-level edges for traits/preferences, conversations to capture explicit statements like 'I love horror movies', and some low-level edges for contextual actions indicating preferences."
  }
}

Graph Search Results:
**High-Level Information (Character Attributes and Relationships): **

Character Attributes:
- Joy is: female (100), holds light pillow (100), long straight dark hair (100)

Character Relationships:
- Joy friends with Tiki (90)
- Joy friends with Meg (90)
- Joy relies on for home management robot (95)
- robot supports Joy (85)
- Joy collaborates with Meg (85)

**Low-Level Information (Actions and Events): **

[2] Joy looks at phone. (living room)
[6] Joy suggests going to see movie. (living room)
[6] Joy says she wants to watch funny movie. (living room)
[8] Joy suggests movie. (living room)
[9] Joy suggests watching scientific movie soon. (living room)
[18] Joy watches something offscreen. (living room)
[19] Joy eats snack. (living room)
[20] Joy looks at screen. (living room)
[27] Joy looks at phone. (living room leading to kitchen)
[35] Joy explains preference for realistic movie. (living room)
[63] Joy looks at friends. (living room)
[65] Joy looks at others. (living room)

**Conversations: **

Conversation 2: The group clarifies name mix-ups and discusses their movie preferences, with Joy disliking heavy special effects. After enjoying some juice and cleaning up a spill with help from a robot, they decide against Japanese cuisine and opt to order from a new pizza place with unusual flavors. Joy leads the ordering, and they look forward to the meal while asking the robot to clean the window.
[34] Joy: Yes you're Mag.
[34] Meg: Don't you try the juice?
[34] Joy: Oh.
[34] Joy: Okay. Oh maybe...
[34] Joy: I'm not that thirsty I'll wait a minute we can try this one, is this clothes really suits you?
[34] Joy: This one.
[35] Joy: Do you like it?
[35] Meg: No.
[35] Joy: Uh-huh?
[35] Meg: I thought I wouldn't like it but it's okay.
[35] Meg: Why can't you keep watching it?
[35] Joy: Oh you mean the movie?
[35] Meg: Yes the movie.
[35] Joy: Yeah I like watching some realistic movies this movie has too many special effects and I feel it's not very realistic.
[36] Joy: So I just can't keep watching it.
[36] Joy: So I really feel boring and keep checking my phone.
[36] Meg: Never mind.
[36] Joy: Just... we just decided not to watch movie anymore.
[36] Joy: Hmm... Maybe...
[36] Joy: I'll take... I'll have a taste of the juicy... oh juice, the juice. It looks...
[37] Joy: Yeah, it's so delicious.
[37] Meg: Really? Let me give it a try.
[37] Joy: Uh maybe this one?
[37] Meg: Oh.
[37] Joy: Oh oh.
[41] Joy: It is so special.
[41] Tiki: Yeah but not all Japanese food comes with Wasabi.
[41] Joy: Oh?
[41] Tiki: Yeah.
[41] Joy: I know I got it.
[44] Meg: Okay.
[44] Tiki: I'm really looking forward to it.
[44] Joy: Yes.
[44] Joy: I haven't tasted it for some days.
[45] Joy: Maybe uh the window is a little bit dirty.

Conversation 1: Joy invites Tiki and Meg over for a casual hangout at her home, using a household robot to manage lights, AC, TV, snacks, and cleanup. They attempt to choose a movie, ultimately selecting a science film by drawing lots, but Joy loses interest and they decide to do something else. Snacks and drinks are offered; Meg prefers popcorn, Tiki likes chocolate but has cavities and a mango allergy, so the robot prepares suitable juices. Overall, the gathering remains friendly and low-key despite differing movie preferences.
[6] Joy: It gets colder.
[6] Joy: Oh yes, thank you robot.
[6] Joy: How about seeing a movie this afternoon?
[6] Tiki: Yeah. That's good.
[6] Meg: Yeah. That's great.
[6] Joy: I want to see some funny movies.
[6] Tiki: I prefer scientific movies.
[6] Joy: Oh.
[7] Meg: Oh? Isn't this a bit mind bending?
[7] Meg: I'm not really into it.
[7] Meg: How about love letter?
[7] Meg: It's romantic.
[7] Joy: Oh, I don't like overly sentimental movies.
[7] Joy: Can we just watch some movies that make people laugh a lot at this time?
[8] Joy: Maybe I will search a movie.
[8] Joy: I think Claw Machine is pretty good.
[8] Meg: Oh everyone has different taste, let's decide by drawing lots.
[9] Tiki: Oh, that's me.
[9] Joy: It's your name.
[9] Joy: Oh maybe we should see the scientific movie now.
[9] Tiki: Yeah, yeah, yeah.
[10] Meg: I hope the movie wouldn't be too mind bending.
[11] Meg: That's what I call giving my brain a full rest. None of you understand.
[11] Joy: Okay.
[11] Joy: Well hi robot please turn on the TV and show us the movie.
[12] Joy: Oh it's too low maybe robot... robot just turn uh turn the volume lower a bit.
[12] Tiki: Thank you robot.
[13] Joy: Now we can see the movie.
[13] Tiki: Yeah.
[13] Joy: Oh I think I have some snacks in my home.
[13] Joy: Uh hi robot, what snacks do we have?
[13] robot: There were chips, chocolate, and popcorn.
[13] Joy: Oh chips, chocolate and popcorn.
[13] Joy: Which one do you like?
[13] Meg: Yeah movies certainly wouldn't be complete without a popcorn.
[13] Joy: Oh...
[18] Joy: You just... you just take it from here.
[18] Tiki: It will be much better if it is chocolate flavored.
[18] Joy: Hmm this movie...
[19] Tiki: Yeah I think this is a really good movie.
[19] Tiki: It is really touching.
[23] Joy: Hmm okay.
[23] Tiki: Yeah find something else to do.
[23] Joy: Hmm not... not movie anymore.
[23] Joy: Hmm do you want still...
[23] Joy: Do you still want to eat the snack?

Conversation 3: Joy, Tiki, and Meg discuss clean living, busy schedules, and health, deciding to meet monthly to watch movies and socialize. They plan for Meg to host next time with healthier cooking, and Joy seeks advice on fat-loss meals to support her running and upcoming half-marathon. Tiki emphasizes combining running with a balanced fat-loss diet, and they agree to coordinate movie selections. A robot warns of possible rain, and they opt to stay in for pizza.
[50] Tiki: Yeah actually I have been really busy recently.
[51] Tiki: But I also enjoy finding time to watch movies and get me relax among all the business.
[51] Joy: Oh yes.
[51] Joy: Then... so in the future...
[51] Joy: We can do this every month hmm like we can get together to watch some movies and chat.
[51] Meg: Hmm a good idea.
[51] Joy: Yes.
[51] Joy: How about setting it on the last day of each month?
[52] Joy: Do you free this month?
[56] Joy: Yeah it makes me feel very energetic.
[56] Joy: And it also made me start paying attention to my diet, yes.
[56] Joy: I want...
[56] Joy: I want to know...
[56] Joy: What kind of fat reducing meal can help me run faster and longer.
[56] Meg: Yeah fat reducing meal don't have to be tasteless and indeed the ingredients can be quite diverse.
[58] Meg: Oh Joy keep it up.
[58] Meg: As long as you persevere, not only running but even dietary management will become a part of you.
[59] Joy: Uh-huh.
[59] Meg: Hmm...
[59] Meg: Ultimately achieving your better state.
[63] Tiki: Yeah we can.
[63] Meg: If we have time we can.
[63] Joy: Oh so...
[63] Meg: So the pizza...
[64] Joy: It will arrive.
[64] Meg: Let's go.
[64] Joy: Yeah.
[64] Joy: Just ten minutes, about ten minutes?
[64] Joy: Oh it will arrive in just... in ten minutes.

[Step 2] Evaluating semantic answer...
Action: [Answer]
Content: Joy loves funny movies.
FINAL ANSWER (from graph):
Joy loves funny movies.
✓ Updated results.json for living_room_11 (13 questions)
✓ Cleaned up video and frames for living_room_11

============================================================
Processing video: study_07
============================================================
Downloading 1 video(s) to data/videos...

Downloading study_07.mp4...
✓ Successfully downloaded study_07.mp4 to data/videos/study_07.mp4

============================================================
Download Summary:
  Successful: 1/1
============================================================

============================================================
[1/1] Processing: study_07
============================================================
Video: data/videos/study_07.mp4
Subtitles: data/subtitles/robot/study_07.srt
Output: data/frames/study_07
============================================================

Parsing subtitle file: data/subtitles/robot/study_07.srt
Found 362 subtitle entries
Video: 1280x720, 30.00 FPS, 63686 frames, 2122.87s duration

Extracting frames with subtitles...
Grouping frames into folders of 30 frames each
  Saved 10 frames (up to 9s, folder 1)
  Saved 20 frames (up to 19s, folder 1)
  Saved 30 frames (up to 29s, folder 1)
  Saved 40 frames (up to 39s, folder 2)
  Saved 50 frames (up to 49s, folder 2)
  Saved 60 frames (up to 59s, folder 2)
  Saved 70 frames (up to 69s, folder 3)
  Saved 80 frames (up to 79s, folder 3)
  Saved 90 frames (up to 89s, folder 3)
  Saved 100 frames (up to 99s, folder 4)
  Saved 110 frames (up to 109s, folder 4)
  Saved 120 frames (up to 119s, folder 4)
  Saved 130 frames (up to 129s, folder 5)
  Saved 140 frames (up to 139s, folder 5)
  Saved 150 frames (up to 149s, folder 5)
  Saved 160 frames (up to 159s, folder 6)
  Saved 170 frames (up to 169s, folder 6)
  Saved 180 frames (up to 179s, folder 6)
  Saved 190 frames (up to 189s, folder 7)
  Saved 200 frames (up to 199s, folder 7)
  Saved 210 frames (up to 209s, folder 7)
  Saved 220 frames (up to 219s, folder 8)
  Saved 230 frames (up to 229s, folder 8)
  Saved 240 frames (up to 239s, folder 8)
  Saved 250 frames (up to 249s, folder 9)
  Saved 260 frames (up to 259s, folder 9)
  Saved 270 frames (up to 269s, folder 9)
  Saved 280 frames (up to 279s, folder 10)
  Saved 290 frames (up to 289s, folder 10)
  Saved 300 frames (up to 299s, folder 10)
  Saved 310 frames (up to 309s, folder 11)
  Saved 320 frames (up to 319s, folder 11)
  Saved 330 frames (up to 329s, folder 11)
  Saved 340 frames (up to 339s, folder 12)
  Saved 350 frames (up to 349s, folder 12)
  Saved 360 frames (up to 359s, folder 12)
  Saved 370 frames (up to 369s, folder 13)
  Saved 380 frames (up to 379s, folder 13)
  Saved 390 frames (up to 389s, folder 13)
  Saved 400 frames (up to 399s, folder 14)
  Saved 410 frames (up to 409s, folder 14)
  Saved 420 frames (up to 419s, folder 14)
  Saved 430 frames (up to 429s, folder 15)
  Saved 440 frames (up to 439s, folder 15)
  Saved 450 frames (up to 449s, folder 15)
  Saved 460 frames (up to 459s, folder 16)
  Saved 470 frames (up to 469s, folder 16)
  Saved 480 frames (up to 479s, folder 16)
  Saved 490 frames (up to 489s, folder 17)
  Saved 500 frames (up to 499s, folder 17)
  Saved 510 frames (up to 509s, folder 17)
  Saved 520 frames (up to 519s, folder 18)
  Saved 530 frames (up to 529s, folder 18)
  Saved 540 frames (up to 539s, folder 18)
  Saved 550 frames (up to 549s, folder 19)
  Saved 560 frames (up to 559s, folder 19)
  Saved 570 frames (up to 569s, folder 19)
  Saved 580 frames (up to 579s, folder 20)
  Saved 590 frames (up to 589s, folder 20)
  Saved 600 frames (up to 599s, folder 20)
  Saved 610 frames (up to 609s, folder 21)
  Saved 620 frames (up to 619s, folder 21)
  Saved 630 frames (up to 629s, folder 21)
  Saved 640 frames (up to 639s, folder 22)
  Saved 650 frames (up to 649s, folder 22)
  Saved 660 frames (up to 659s, folder 22)
  Saved 670 frames (up to 669s, folder 23)
  Saved 680 frames (up to 679s, folder 23)
  Saved 690 frames (up to 689s, folder 23)
  Saved 700 frames (up to 699s, folder 24)
  Saved 710 frames (up to 709s, folder 24)
  Saved 720 frames (up to 719s, folder 24)
  Saved 730 frames (up to 729s, folder 25)
  Saved 740 frames (up to 739s, folder 25)
  Saved 750 frames (up to 749s, folder 25)
  Saved 760 frames (up to 759s, folder 26)
  Saved 770 frames (up to 769s, folder 26)
  Saved 780 frames (up to 779s, folder 26)
  Saved 790 frames (up to 789s, folder 27)
  Saved 800 frames (up to 799s, folder 27)
  Saved 810 frames (up to 809s, folder 27)
  Saved 820 frames (up to 819s, folder 28)
  Saved 830 frames (up to 829s, folder 28)
  Saved 840 frames (up to 839s, folder 28)
  Saved 850 frames (up to 849s, folder 29)
  Saved 860 frames (up to 859s, folder 29)
  Saved 870 frames (up to 869s, folder 29)
  Saved 880 frames (up to 879s, folder 30)
  Saved 890 frames (up to 889s, folder 30)
  Saved 900 frames (up to 899s, folder 30)
  Saved 910 frames (up to 909s, folder 31)
  Saved 920 frames (up to 919s, folder 31)
  Saved 930 frames (up to 929s, folder 31)
  Saved 940 frames (up to 939s, folder 32)
  Saved 950 frames (up to 949s, folder 32)
  Saved 960 frames (up to 959s, folder 32)
  Saved 970 frames (up to 969s, folder 33)
  Saved 980 frames (up to 979s, folder 33)
  Saved 990 frames (up to 989s, folder 33)
  Saved 1000 frames (up to 999s, folder 34)
  Saved 1010 frames (up to 1009s, folder 34)
  Saved 1020 frames (up to 1019s, folder 34)
  Saved 1030 frames (up to 1029s, folder 35)
  Saved 1040 frames (up to 1039s, folder 35)
  Saved 1050 frames (up to 1049s, folder 35)
  Saved 1060 frames (up to 1059s, folder 36)
  Saved 1070 frames (up to 1069s, folder 36)
  Saved 1080 frames (up to 1079s, folder 36)
  Saved 1090 frames (up to 1089s, folder 37)
  Saved 1100 frames (up to 1099s, folder 37)
  Saved 1110 frames (up to 1109s, folder 37)
  Saved 1120 frames (up to 1119s, folder 38)
  Saved 1130 frames (up to 1129s, folder 38)
  Saved 1140 frames (up to 1139s, folder 38)
  Saved 1150 frames (up to 1149s, folder 39)
  Saved 1160 frames (up to 1159s, folder 39)
  Saved 1170 frames (up to 1169s, folder 39)
  Saved 1180 frames (up to 1179s, folder 40)
  Saved 1190 frames (up to 1189s, folder 40)
  Saved 1200 frames (up to 1199s, folder 40)
  Saved 1210 frames (up to 1209s, folder 41)
  Saved 1220 frames (up to 1219s, folder 41)
  Saved 1230 frames (up to 1229s, folder 41)
  Saved 1240 frames (up to 1239s, folder 42)
  Saved 1250 frames (up to 1249s, folder 42)
  Saved 1260 frames (up to 1259s, folder 42)
  Saved 1270 frames (up to 1269s, folder 43)
  Saved 1280 frames (up to 1279s, folder 43)
  Saved 1290 frames (up to 1289s, folder 43)
  Saved 1300 frames (up to 1299s, folder 44)
  Saved 1310 frames (up to 1309s, folder 44)
  Saved 1320 frames (up to 1319s, folder 44)
  Saved 1330 frames (up to 1329s, folder 45)
  Saved 1340 frames (up to 1339s, folder 45)
  Saved 1350 frames (up to 1349s, folder 45)
  Saved 1360 frames (up to 1359s, folder 46)
  Saved 1370 frames (up to 1369s, folder 46)
  Saved 1380 frames (up to 1379s, folder 46)
  Saved 1390 frames (up to 1389s, folder 47)
  Saved 1400 frames (up to 1399s, folder 47)
  Saved 1410 frames (up to 1409s, folder 47)
  Saved 1420 frames (up to 1419s, folder 48)
  Saved 1430 frames (up to 1429s, folder 48)
  Saved 1440 frames (up to 1439s, folder 48)
  Saved 1450 frames (up to 1449s, folder 49)
  Saved 1460 frames (up to 1459s, folder 49)
  Saved 1470 frames (up to 1469s, folder 49)
  Saved 1480 frames (up to 1479s, folder 50)
  Saved 1490 frames (up to 1489s, folder 50)
  Saved 1500 frames (up to 1499s, folder 50)
  Saved 1510 frames (up to 1509s, folder 51)
  Saved 1520 frames (up to 1519s, folder 51)
  Saved 1530 frames (up to 1529s, folder 51)
  Saved 1540 frames (up to 1539s, folder 52)
  Saved 1550 frames (up to 1549s, folder 52)
  Saved 1560 frames (up to 1559s, folder 52)
  Saved 1570 frames (up to 1569s, folder 53)
  Saved 1580 frames (up to 1579s, folder 53)
  Saved 1590 frames (up to 1589s, folder 53)
  Saved 1600 frames (up to 1599s, folder 54)
  Saved 1610 frames (up to 1609s, folder 54)
  Saved 1620 frames (up to 1619s, folder 54)
  Saved 1630 frames (up to 1629s, folder 55)
  Saved 1640 frames (up to 1639s, folder 55)
  Saved 1650 frames (up to 1649s, folder 55)
  Saved 1660 frames (up to 1659s, folder 56)
  Saved 1670 frames (up to 1669s, folder 56)
  Saved 1680 frames (up to 1679s, folder 56)
  Saved 1690 frames (up to 1689s, folder 57)
  Saved 1700 frames (up to 1699s, folder 57)
  Saved 1710 frames (up to 1709s, folder 57)
  Saved 1720 frames (up to 1719s, folder 58)
  Saved 1730 frames (up to 1729s, folder 58)
  Saved 1740 frames (up to 1739s, folder 58)
  Saved 1750 frames (up to 1749s, folder 59)
  Saved 1760 frames (up to 1759s, folder 59)
  Saved 1770 frames (up to 1769s, folder 59)
  Saved 1780 frames (up to 1779s, folder 60)
  Saved 1790 frames (up to 1789s, folder 60)
  Saved 1800 frames (up to 1799s, folder 60)
  Saved 1810 frames (up to 1809s, folder 61)
  Saved 1820 frames (up to 1819s, folder 61)
  Saved 1830 frames (up to 1829s, folder 61)
  Saved 1840 frames (up to 1839s, folder 62)
  Saved 1850 frames (up to 1849s, folder 62)
  Saved 1860 frames (up to 1859s, folder 62)
  Saved 1870 frames (up to 1869s, folder 63)
  Saved 1880 frames (up to 1879s, folder 63)
  Saved 1890 frames (up to 1889s, folder 63)
  Saved 1900 frames (up to 1899s, folder 64)
  Saved 1910 frames (up to 1909s, folder 64)
  Saved 1920 frames (up to 1919s, folder 64)
  Saved 1930 frames (up to 1929s, folder 65)
  Saved 1940 frames (up to 1939s, folder 65)
  Saved 1950 frames (up to 1949s, folder 65)
  Saved 1960 frames (up to 1959s, folder 66)
  Saved 1970 frames (up to 1969s, folder 66)
  Saved 1980 frames (up to 1979s, folder 66)
  Saved 1990 frames (up to 1989s, folder 67)
  Saved 2000 frames (up to 1999s, folder 67)
  Saved 2010 frames (up to 2009s, folder 67)
  Saved 2020 frames (up to 2019s, folder 68)
  Saved 2030 frames (up to 2029s, folder 68)
  Saved 2040 frames (up to 2039s, folder 68)
  Saved 2050 frames (up to 2049s, folder 69)
  Saved 2060 frames (up to 2059s, folder 69)
  Saved 2070 frames (up to 2069s, folder 69)
  Saved 2080 frames (up to 2079s, folder 70)
  Saved 2090 frames (up to 2089s, folder 70)
  Saved 2100 frames (up to 2099s, folder 70)
  Saved 2110 frames (up to 2109s, folder 71)
  Saved 2120 frames (up to 2119s, folder 71)

✓ Extracted 2123 frames to data/frames/study_07

✓ Successfully processed study_07: 2123 frames saved
--------------------------------
Processing folder:  data/frames/study_07/1
Inserted 16 triples into graph for clip 1
--------------------------------
Processing folder:  data/frames/study_07/2
Extracting summary for completed conversation 1...
Warning: Character '<Ava>' not found in graph, skipping attribute: considerate
Warning: Character '<Ava>' not found in graph, skipping attribute: supportive
Warning: Character '<Lily>' not found in graph, skipping attribute: polite
Warning: Character '<Lily>' not found in graph, skipping attribute: appreciative
Warning: Character '<Ava>' not found in graph, skipping relationship
Warning: Character '<Lily>' not found in graph, skipping relationship
✓ Conversation summary extracted. Attributes: 4, Relationships: 2
Inserted 21 triples into graph for clip 2
--------------------------------
Processing folder:  data/frames/study_07/3
Inserted 13 triples into graph for clip 3
--------------------------------
Processing folder:  data/frames/study_07/4
Inserted 15 triples into graph for clip 4
--------------------------------
Processing folder:  data/frames/study_07/5
Extracting summary for completed conversation 2...
✓ Conversation summary extracted. Attributes: 4, Relationships: 2
Inserted 14 triples into graph for clip 5
--------------------------------
Processing folder:  data/frames/study_07/6
Inserted 21 triples into graph for clip 6
--------------------------------
Processing folder:  data/frames/study_07/7
Inserted 17 triples into graph for clip 7
--------------------------------
Processing folder:  data/frames/study_07/8
Inserted 10 triples into graph for clip 8
--------------------------------
Processing folder:  data/frames/study_07/9
Inserted 9 triples into graph for clip 9
--------------------------------
Processing folder:  data/frames/study_07/10
Inserted 22 triples into graph for clip 10
--------------------------------
Processing folder:  data/frames/study_07/11
Inserted 14 triples into graph for clip 11
--------------------------------
Processing folder:  data/frames/study_07/12
Inserted 23 triples into graph for clip 12
--------------------------------
Processing folder:  data/frames/study_07/13
Inserted 11 triples into graph for clip 13
--------------------------------
Processing folder:  data/frames/study_07/14
Inserted 11 triples into graph for clip 14
--------------------------------
Processing folder:  data/frames/study_07/15
Inserted 20 triples into graph for clip 15
--------------------------------
Processing folder:  data/frames/study_07/16
Inserted 16 triples into graph for clip 16
--------------------------------
Processing folder:  data/frames/study_07/17
Inserted 20 triples into graph for clip 17
--------------------------------
Processing folder:  data/frames/study_07/18
Inserted 11 triples into graph for clip 18
--------------------------------
Processing folder:  data/frames/study_07/19
Inserted 17 triples into graph for clip 19
--------------------------------
Processing folder:  data/frames/study_07/20
Inserted 18 triples into graph for clip 20
--------------------------------
Processing folder:  data/frames/study_07/21
Inserted 23 triples into graph for clip 21
--------------------------------
Processing folder:  data/frames/study_07/22
Inserted 14 triples into graph for clip 22
--------------------------------
Processing folder:  data/frames/study_07/23
Inserted 18 triples into graph for clip 23
--------------------------------
Processing folder:  data/frames/study_07/24
Inserted 14 triples into graph for clip 24
--------------------------------
Processing folder:  data/frames/study_07/25
Inserted 22 triples into graph for clip 25
--------------------------------
Processing folder:  data/frames/study_07/26
Inserted 29 triples into graph for clip 26
--------------------------------
Processing folder:  data/frames/study_07/27
Extracting summary for completed conversation 3...
✓ Conversation summary extracted. Attributes: 9, Relationships: 5
Inserted 15 triples into graph for clip 27
--------------------------------
Processing folder:  data/frames/study_07/28
Inserted 20 triples into graph for clip 28
--------------------------------
Processing folder:  data/frames/study_07/29
Inserted 23 triples into graph for clip 29
--------------------------------
Processing folder:  data/frames/study_07/30
Inserted 22 triples into graph for clip 30
--------------------------------
Processing folder:  data/frames/study_07/31
Inserted 26 triples into graph for clip 31
--------------------------------
Processing folder:  data/frames/study_07/32
Inserted 26 triples into graph for clip 32
--------------------------------
Processing folder:  data/frames/study_07/33
Inserted 20 triples into graph for clip 33
--------------------------------
Processing folder:  data/frames/study_07/34
Extracting summary for completed conversation 4...
Warning: Character '<Dad>' not found in graph, skipping relationship
✓ Conversation summary extracted. Attributes: 6, Relationships: 6
Inserted 16 triples into graph for clip 34
--------------------------------
Processing folder:  data/frames/study_07/35
Inserted 28 triples into graph for clip 35
--------------------------------
Processing folder:  data/frames/study_07/36
Inserted 20 triples into graph for clip 36
--------------------------------
Processing folder:  data/frames/study_07/37
Extracting summary for completed conversation 5...
✓ Conversation summary extracted. Attributes: 2, Relationships: 1
Inserted 10 triples into graph for clip 37
--------------------------------
Processing folder:  data/frames/study_07/38
Inserted 25 triples into graph for clip 38
--------------------------------
Processing folder:  data/frames/study_07/39
Inserted 21 triples into graph for clip 39
--------------------------------
Processing folder:  data/frames/study_07/40
Extracting summary for completed conversation 6...
✓ Conversation summary extracted. Attributes: 3, Relationships: 1
Inserted 25 triples into graph for clip 40
--------------------------------
Processing folder:  data/frames/study_07/41
Inserted 20 triples into graph for clip 41
--------------------------------
Processing folder:  data/frames/study_07/42
Inserted 27 triples into graph for clip 42
--------------------------------
Processing folder:  data/frames/study_07/43
Inserted 22 triples into graph for clip 43
--------------------------------
Processing folder:  data/frames/study_07/44
Inserted 24 triples into graph for clip 44
--------------------------------
Processing folder:  data/frames/study_07/45
Extracting summary for completed conversation 7...
✓ Conversation summary extracted. Attributes: 7, Relationships: 4
Inserted 26 triples into graph for clip 45
--------------------------------
Processing folder:  data/frames/study_07/46
Inserted 17 triples into graph for clip 46
--------------------------------
Processing folder:  data/frames/study_07/47
Inserted 14 triples into graph for clip 47
--------------------------------
Processing folder:  data/frames/study_07/48
Inserted 27 triples into graph for clip 48
--------------------------------
Processing folder:  data/frames/study_07/49
Inserted 29 triples into graph for clip 49
--------------------------------
Processing folder:  data/frames/study_07/50
Inserted 21 triples into graph for clip 50
--------------------------------
Processing folder:  data/frames/study_07/51
Inserted 14 triples into graph for clip 51
--------------------------------
Processing folder:  data/frames/study_07/52
Inserted 21 triples into graph for clip 52
--------------------------------
Processing folder:  data/frames/study_07/53
Inserted 29 triples into graph for clip 53
--------------------------------
Processing folder:  data/frames/study_07/54
Inserted 9 triples into graph for clip 54
--------------------------------
Processing folder:  data/frames/study_07/55
Inserted 14 triples into graph for clip 55
--------------------------------
Processing folder:  data/frames/study_07/56
Inserted 15 triples into graph for clip 56
--------------------------------
Processing folder:  data/frames/study_07/57
Inserted 12 triples into graph for clip 57
--------------------------------
Processing folder:  data/frames/study_07/58
Inserted 21 triples into graph for clip 58
--------------------------------
Processing folder:  data/frames/study_07/59
Inserted 10 triples into graph for clip 59
--------------------------------
Processing folder:  data/frames/study_07/60
Inserted 16 triples into graph for clip 60
--------------------------------
Processing folder:  data/frames/study_07/61
Inserted 15 triples into graph for clip 61
--------------------------------
Processing folder:  data/frames/study_07/62
Inserted 18 triples into graph for clip 62
--------------------------------
Processing folder:  data/frames/study_07/63
Inserted 24 triples into graph for clip 63
--------------------------------
Processing folder:  data/frames/study_07/64
Inserted 15 triples into graph for clip 64
--------------------------------
Processing folder:  data/frames/study_07/65
Inserted 21 triples into graph for clip 65
--------------------------------
Processing folder:  data/frames/study_07/66
Inserted 15 triples into graph for clip 66
--------------------------------
Processing folder:  data/frames/study_07/67
Inserted 24 triples into graph for clip 67
--------------------------------
Processing folder:  data/frames/study_07/68
Inserted 16 triples into graph for clip 68
--------------------------------
Processing folder:  data/frames/study_07/69
Inserted 18 triples into graph for clip 69
--------------------------------
Processing folder:  data/frames/study_07/70
Inserted 21 triples into graph for clip 70
--------------------------------
Processing folder:  data/frames/study_07/71
Extracting summary for completed conversation 8...
Warning: Character '<Clara>' not found in graph, skipping attribute: engaged
Warning: Character '<Lily's dad>' not found in graph, skipping attribute: romantic
Warning: Character '<Lily's dad>' not found in graph, skipping attribute: responsible
Warning: Character '<Lily's dad>' not found in graph, skipping attribute: interested in suspense novels
Warning: Character '<Lily's dad>' not found in graph, skipping attribute: fond of travel/picnics
Warning: Character '<Lily's dad>' not found in graph, skipping attribute: played games when young
Warning: Character '<Clara>' not found in graph, skipping relationship
Warning: Character '<Lily's dad>' not found in graph, skipping relationship
Warning: Character '<Lily's dad>' not found in graph, skipping relationship
✓ Conversation summary extracted. Attributes: 15, Relationships: 6
Inserted 26 triples into graph for clip 71
Inserting character appearances for 6 characters...
✓ Character appearances inserted: 35 appearance edges created
252 node embeddings inserted (8 characters, 244 objects)
1411 edge embeddings inserted
Generating character attributes...
Number of edges:  1411
Character attributes generated.
Number of edges:  1469
Character relationships generated.
Number of edges:  1527
✓ Graph memory built for study_07
Question: Where can the robot get the water?

[Step 1] Searching the graph...
Parse Query Output:
{
  "query_triple": ["<robot>", "gets", "water", 0.9, 0.3, 0.7],
  "spatial_constraint": null,
  "speaker_strict": null,
  "allocation": {
    "k_high_level": 5,
    "k_low_level": 40,
    "k_conversations": 5,
    "total_k": 50,
    "reasoning": "Location/action query about obtaining water; prioritize low-level edges to find places/objects where the robot can get water (sink, faucet, bottle). Minimal high-level and conversations."
  }
}

Graph Search Results:
**High-Level Information (Character Attributes and Relationships): **

Character Relationships:
- Ava relies on assistance from robot (95)
- robot cooperates with Lily (95)
- Lily directs and instructs robot (90)
- robot assists and serves Lily (90)
- robot is helper/assistant to Ava (90)

**Low-Level Information (Actions and Events): **

[6] robot looks at tablet. (living room)
[6] robot picks up tablet. (living room)
[7] robot holds camera. (living room)
[7] robot sets tablet. (living room)
[10] robot picks up glass of water. (living room)
[10] robot carries glass of water. (living room)
[10] robot hands glass of water. (living room)
[10] glass of water is from robot. (living room)
[12] robot receives glass. (living room)
[12] robot carries glass. (living room)
[12] robot places glass. (living room)
[19] robot pulls out tissue. (living room)
[20] robot holds tissue. (living room)
[20] robot wipes water. (living room)
[20] robot uses tissue. (living room)
[21] robot removes hand. (living room or office corner)
[26] robot places sheet. (living room workspace)
[26] robot inserts sheet. (living room workspace)
[26] robot closes bag. (living room workspace)
[31] robot holds camera. (living room)
[32] robot moves camera. (living room)
[34] robot holds roll. (living room with cabinet and table)
[34] robot accesses inside drawer. (living room with cabinet and table)
[34] robot holds bag. (living room with cabinet and table)
[35] robot drops tissue. (break room)
[37] robot rotates grape. (kitchen)
[37] robot rinses grape. (kitchen)
[38] robot presents grape. (break room)
[42] robot pulls tissue. (living room)
[42] robot holds tissue. (living room)
[44] Ava asks robot. (living room)
[44] robot takes out orange. (living room)
[44] robot carries orange. (living room)
[44] orange is from robot. (living room)
[49] robot places plastic container of watermelon. (living room)
[49] robot lifts container. (living room)
[49] robot carries watermelon container. (living room)
[49] robot opens watermelon container. (living room)
[52] robot brings box. (living room)
[71] robot places onto photo. (living room)

**Conversations: **

Conversation 3: Lily feels bored at home and interacts with Andy and Ava for small tasks. She expresses interest in getting a pet cat, and Ava agrees to visit their grandma’s home in the morning and a pet store in the afternoon. They note that Dad will return from a business trip next Monday.
[8] Lily: I don't want to. Nothing funny outside.
[9] Ava: Lily do you have
[10] Ava: want some water
[10] Lily: Sure
[10] Lily: Andy
[10] Lily: Give me the water
[10] robot: okay
[11] Lily: Andy, put the cup back to the desk.
[11] Andy: okay

Conversation 7: The group reacts emotionally to a touching scene, expressing that the story is very successful. Ava requests assistance and small favors (a tissue and an orange), which Andy and a robot agree to provide, indicating cooperative dynamics. Lily comments on the scene’s impact and gives a brief directive about placing a Rubik’s Cube on the desk.
[43] Ava: That's mean this story is written very successfully.
[44] Ava: Andy give me an orange
[44] robot: okay
[44] Ava: thanks

Conversation 8: Lily shares that her best friend Clara is getting married and invited her to be a bridesmaid, then chats with Ava about Lily’s future relationships. Ava reminisces about Lily’s dad from their college days, describing him as romantic, responsible, and fond of suspense novels, and shows Lily old photos and letters. They discuss family expectations, plan a potential summer trip to West Lake, and enjoy fruit together.
[52] Ava: of course
[52] Ava: Andy bring the box from the last shelf of bookshelf
[52] robot: okay
[53] Ava: this is your dad
[53] Lily: Wow

[Step 2] Evaluating semantic answer...
Action: [Answer]
Content: From the living room.
FINAL ANSWER (from graph):
From the living room.
Question: Does Ava have a very good memory?

[Step 1] Searching the graph...
Parse Query Output:
{
  "query_triple": ["<Ava>", "memory quality", "very good", 0.95, 0.25, 0.7],
  "spatial_constraint": null,
  "speaker_strict": null,
  "allocation": {
    "k_high_level": 8,
    "k_low_level": 7,
    "k_conversations": 35,
    "total_k": 50,
    "reasoning": "Trait/ability query about memory. Use high-level edges for character attributes. Conversations can provide evidence (others commenting, Ava recalling details). A small number of low-level edges may show specific recall actions."
  }
}

Graph Search Results:
**High-Level Information (Character Attributes and Relationships): **

Character Relationships:
- Ava relies on assistance from robot (95)
- Ava parent of Lily (95)
- robot is helper/assistant to Ava (90)
- Ava has authority over Andy (85)
- Ava is parent of Lily (95)
- Andy assists Ava (80)
- Ava directs and instructs robot (85)
- Ava cooperates with robot (85)

**Low-Level Information (Actions and Events): **

[28] Ava tidies item. (living room)
[31] Ava says it is okay. (living room)
[42] Ava reads book. (living room)
[43] Ava reads book. (living room)
[44] Ava reads book. (living room)
[61] Ava holds item. (living room lounge)
[62] Ava hands back item. (living room)

**Conversations: **

Conversation 8: Lily shares that her best friend Clara is getting married and invited her to be a bridesmaid, then chats with Ava about Lily’s future relationships. Ava reminisces about Lily’s dad from their college days, describing him as romantic, responsible, and fond of suspense novels, and shows Lily old photos and letters. They discuss family expectations, plan a potential summer trip to West Lake, and enjoy fruit together.
[46] Lily: See you
[47] Ava: what are you talking about
[47] Ava: so happy
[47] Lily: So my best friend
[47] Lily: Clara is getting married and she invites me to be her bridesmaid
[48] Lily: Andy, get the watermelon to Eva.
[48] Andy: Okay.
[49] Ava: thanks
[50] Ava: Lily
[50] Lily: Emm
[50] Lily: I don't have a boyfriend yet
[50] Ava: you're not young anymore
[50] Ava: and
[51] Ava: I want you take your find a boyfriend.
[51] Ava: And bring back for me to see.
[51] Ava: We were college classmates.
[51] Ava: And your dad was so handsome in
[51] Ava: Our young
[51] Ava: And just pursued me and I agreed.
[52] Ava: and just pursued me and I agreed
[52] Lily: Wow did you have some photos
[52] Lily: I want to see
[52] Ava: of course
[52] Ava: Andy bring the box from the last shelf of bookshelf
[52] robot: okay
[53] Lily: Wow
[53] Lily: My dad was so handsome when he was young
[53] Ava: yeah
[53] Lily: And he was at level of a school heartthrob
[53] Ava: yeah just so he's so handsome gentle energetic
[54] Ava: so
[54] Ava: i am deeply attracted by him
[54] Lily: So you didn't just agree just because he was handsome did you
[54] Ava: handsome it's just your dad's
[54] Ava: a small merits
[54] Lily: Wow beauty is in the eyes of the beholder
[54] Ava: yeah maybe
[55] Lily: look so this picture My dad looks so like gentleman and where did you took it
[55] Ava: let me
[55] Ava: think about it
[55] Ava: i don't remember clearly
[55] Ava: this photo maybe
[55] Ava: this photo was taken in West Lake
[56] Lily: The west lake
[56] Lily: Is it beautiful
[56] Ava: right
[56] Lily: It's beautiful
[56] Ava: your dad's so happy that day
[58] Lily: My dad love reading
[58] Lily: did he?
[58] Ava: he is very
[58] Ava: interested
[58] Ava: so he like reading books
[59] Lily: ah? novels
[59] Ava: yes suspend novels
[59] Ava: he like best
[59] Lily: This one I think he
[59] Lily: Looked very handsome
[59] Lily: this photo
[60] Ava: maybe it's
[60] Ava: thirty
[60] Lily: thirty
[60] Lily: Oh
[60] Lily: So what happened that day when when you took this photo for him
[60] Ava: that day
[60] Ava: maybe it's dad's birthday
[60] Lily: Birthday
[62] Lily: There are some letters. So my dad even write letters to you.
[62] Lily: So romantic! I couldn't think of that. Can I have this?
[62] Ava: yes you can
[62] Ava: your dad is a romantic person
[63] Lily: I never knew it
[63] Lily: and he never expressed like romantic things to us
[63] Ava: don't you think your dad is very responsible and
[63] Ava: gentle
[63] Lily: I also want to find a husband like my dad in the future
[63] Ava: you will find it
[63] Lily: Okay let me, like, read these letters
[64] Lily: Long time so see so did he miss you very much
[64] Ava: maybe
[64] Ava: okay
[64] Lily: So how many times can you both meet together
[64] Lily: a month
[64] Lily: How many times?
[64] Ava: maybe three times
[64] Lily: Three times? That not so quite many
[64] Lily: And so he wrote letters to you and
[66] Lily: Is the test very difficult
[66] Lily: The test is very difficult?
[66] Ava: i just don't remember
[67] Ava: I just don't remember.
[67] Ava: Clearly.
[67] Lily: Okay.
[67] Lily: So my dad said he was addicted to playing games.
[67] Lily: So I, I don't think my father love playing games right now.
[67] Lily: So he was very addicted to playing games when, when he was young?
[67] Ava: Yeah.
[67] Ava: Um, he's very like playing games when he young.
[68] Ava: he's very like playing games when he young
[68] Lily: so did you play the game with him?
[68] Ava: no
[68] Lily: Ah?
[68] Ava: i don't like it
[68] Lily: What you do? always
[68] Ava: just go travel and have a picnic
[69] Ava: Right
[69] Lily: That's so romantic of my dad
[69] Lily: I'll pick up
[70] Ava: let's have a rest
[70] Lily: Enjoy the fruits
[70] Ava: what
[70] Ava: it's okay
[70] Ava: Andy put the box in place

Conversation 3: Lily feels bored at home and interacts with Andy and Ava for small tasks. She expresses interest in getting a pet cat, and Ava agrees to visit their grandma’s home in the morning and a pet store in the afternoon. They note that Dad will return from a business trip next Monday.
[6] Lily: Andy, charge my tablet, the charger is under the desk
[6] Ava: okay
[7] Ava: Lily don't always stay at home
[7] Ava: reading novels
[8] Ava: Go out for a walk when you have time.
[8] Lily: I don't want to. Nothing funny outside.
[9] Ava: Lily do you have
[10] Ava: want some water
[10] Lily: Sure
[20] Lily: OK
[21] Ava: okay Andy back to the place
[21] Ava: thanks
[21] Lily: Fine
[21] Lily: Let me have my TikTok
[25] Lily: And
[25] Lily: Let me have some short videos
[25] Ava: alright
[25] Lily: When did dad return back from his business trip
[25] Ava: dad
[25] Ava: next Monday
[25] Lily: Wow, so quickly
[25] Ava: yeah
[26] Lily: Head of this.
[26] Lily: What a mess.

Conversation 6: The participants briefly react to something tasted or evaluated, noting it is a little sour but generally good. No clear decisions or outcomes are established beyond mixed but mostly positive feedback.
[38] Lily: Thank you
[38] Lily: It's a little bit sour
[39] Ava: it's good
[39] Lily: Hmm

Conversation 4: Lily directs Ava and Andy to gather her tablet with charger and to set up a trash can with a bag. A side discussion arises about Ava buying mangoes despite Lily’s concern over their dad’s allergy; Ava suggests eating them mainly outside and less at home. The main outcomes are organizing items per Lily’s instructions and acknowledging dietary caution due to the dad’s allergy.
[29] Lily: Andy, get my tablet
[29] Ava: okay
[29] Lily: Not just the tablet, unplug the charger and put it in the bag
[30] Lily: Not just the tablet, unplug the charger and put it in the bag.

Conversation 7: The group reacts emotionally to a touching scene, expressing that the story is very successful. Ava requests assistance and small favors (a tissue and an orange), which Andy and a robot agree to provide, indicating cooperative dynamics. Lily comments on the scene’s impact and gives a brief directive about placing a Rubik’s Cube on the desk.
[44] Ava: Andy give me an orange
[44] robot: okay
[44] Ava: thanks

[Step 2] Evaluating semantic answer...
Action: [Answer]
Content: No, Ava does not have a very good memory.
FINAL ANSWER (from graph):
No, Ava does not have a very good memory.
Question: How many kinds of fruits did Lily eat?

[Step 1] Searching the graph...
Parse Query Output:
{
  "query_triple": ["<Lily>", "eats", "fruit", 0.95, 0.6, 0.6],
  "spatial_constraint": null,
  "speaker_strict": null,
  "allocation": {
    "k_high_level": 4,
    "k_low_level": 40,
    "k_conversations": 6,
    "total_k": 50,
    "reasoning": "Counting distinct fruit types is an action/state query; prioritize low-level edges capturing specific eat actions and fruit objects. Minimal high-level for possible dietary traits; small conversations for any verbal mentions of eating."
  }
}

Graph Search Results:
**High-Level Information (Character Attributes and Relationships): **

Character Relationships:
- Ava parent of Lily (95)
- Ava cooperates with Lily (80)
- Lily relies on Andy (85)
- Andy cooperates with Lily (80)

**Low-Level Information (Actions and Events): **

[2] Lily looks at tablet. (living room)
[2] Lily reads tablet. (living room)
[12] Lily browses item. (living room)
[13] Lily looks at item on shelf. (living room)
[13] Lily places object. (living room)
[14] Lily fixes flower. (living room)
[15] Lily arranges item. (living room)
[15] Lily reads book near the flower. (living room)
[16] Lily looks at shelf. (living room)
[17] Lily looks through item. (living room)
[17] Lily strolls toward plant. (living room)
[20] Lily stands near plant. (living room)
[20] Lily crouches next to plant. (living room)
[21] Lily looks at phone. (living room or office corner)
[29] Lily looks at phone. (living room)
[29] Lily takes tablet. (living room)
[31] Lily places plastic bag of fruit. (living room)
[31] Lily questions about mango. (living room)
[31] Lily organizes fruit bag. (living room)
[32] Lily picks up book. (living room)
[32] Lily picks up tablet. (living room)
[33] Lily eats with skewer. (living room)
[33] Lily eats fruit. (living room)
[36] Lily requests grape. (living room leading to kitchen)
[42] Lily takes tissue. (living room)
[45] Lily looks at screen. (living room)
[45] Lily reads on tablet. (living room)
[45] Lily keeps tablet. (living room)
[48] Lily asks to bring watermelon. (living room)
[49] Lily looks at tablet. (living room)
[58] Lily looks at item. (living room)
[59] Lily looks at phone. (living room lounge)
[60] Lily looks at phone. (living room)
[61] Lily sits couch. (living room lounge)
[61] Lily looks at item. (living room lounge)
[65] Lily looks at book. (living room)
[66] Lily looks at phone. (living room)
[67] Lily looks at phone. (living room lounge)
[68] Lily looks at phone. (living room)
[70] Lily gestures toward fruit. (living room)

**Conversations: **

Conversation 8: Lily shares that her best friend Clara is getting married and invited her to be a bridesmaid, then chats with Ava about Lily’s future relationships. Ava reminisces about Lily’s dad from their college days, describing him as romantic, responsible, and fond of suspense novels, and shows Lily old photos and letters. They discuss family expectations, plan a potential summer trip to West Lake, and enjoy fruit together.
[64] Lily: So how many times can you both meet together
[64] Lily: a month
[64] Lily: How many times?
[64] Ava: maybe three times
[64] Lily: Three times? That not so quite many
[70] Lily: I hope I can find a husband like like my dad in the future
[70] Ava: let's have a rest
[70] Lily: Enjoy the fruits
[70] Ava: what
[70] Ava: it's okay

Conversation 4: Lily directs Ava and Andy to gather her tablet with charger and to set up a trash can with a bag. A side discussion arises about Ava buying mangoes despite Lily’s concern over their dad’s allergy; Ava suggests eating them mainly outside and less at home. The main outcomes are organizing items per Lily’s instructions and acknowledging dietary caution due to the dad’s allergy.
[30] Ava: I understand.
[30] Lily: Put it in the bag.
[30] Ava: Lily, have some fruit. I bought it in the afternoon.
[31] Ava: Lily have some fruit i bought it that in the afternoon
[31] Lily: Why did you buy mangoes
[31] Lily: Isn't dad allergic to mangoes
[31] Ava: but he isn't here and you love them

Conversation 5: Lily expresses a desire to eat grapes and asks Andy to peel one for her. The interaction centers on Lily's request and expectation of assistance from Andy.
[36] Lily: Oh grapes, I want eat grapes
[36] Lily: Andy peel a grape for me, I wanna eat

[Step 2] Evaluating semantic answer...
Action: [Answer]
Content: Two kinds of fruits.
FINAL ANSWER (from graph):
Two kinds of fruits.
Question: Is the relationship between Ava and her husband romantic?

[Step 1] Searching the graph...
Parse Query Output:
{
  "query_triple": ["<Ava>", "relationship", "<husband>", 0.95, 0.25, 0.8],
  "spatial_constraint": null,
  "speaker_strict": null,
  "allocation": {
    "k_high_level": 10,
    "k_low_level": 10,
    "k_conversations": 30,
    "total_k": 50,
    "reasoning": "Relationship nature query—use high-level edges for traits/relationships and conversations to assess if it's romantic; a small portion of low-level edges may provide contextual actions indicating romance."
  }
}

Graph Search Results:
**High-Level Information (Character Attributes and Relationships): **

Character Attributes:
- Ava is: female (100), bracelet (100), glasses (100), blue jeans (100), medium build (100), white short-sleeve t-shirt (100), hair in bun (100), beige sneakers (100)

Character Relationships:
- Ava parent of Lily (95)
- Ava relies on assistance from robot (95)

**Low-Level Information (Actions and Events): **

[11] Ava works on laptop. (living room)
[18] Ava works on laptop. (living room)
[21] Ava works on laptop. (living room or office corner)
[23] Ava works on laptop. (living room)
[42] Ava reads book. (living room)
[43] Ava reads book. (living room)
[44] Ava reads book. (living room)
[45] Ava faces couch. (living room)
[55] Ava returns phone. (living room)
[62] Ava says is romantic <Lily>'s dad. (living room)

**Conversations: **

Conversation 8: Lily shares that her best friend Clara is getting married and invited her to be a bridesmaid, then chats with Ava about Lily’s future relationships. Ava reminisces about Lily’s dad from their college days, describing him as romantic, responsible, and fond of suspense novels, and shows Lily old photos and letters. They discuss family expectations, plan a potential summer trip to West Lake, and enjoy fruit together.
[46] Lily: See you
[47] Ava: what are you talking about
[47] Ava: so happy
[47] Lily: So my best friend
[47] Lily: Clara is getting married and she invites me to be her bridesmaid
[47] Lily: And she wants me to go with her to try a dressing wed
[47] Ava: wow hasn't she and her boyfriend
[47] Ava: been together only three months
[47] Lily: Yes that's true
[47] Lily: But actually
[47] Lily: The two of them have known each other for quite a long time
[48] Lily: The two of them have known each other for quite a long time.
[48] Ava: So when can I have my son-in-law?
[48] Lily: This watermelon is sweet.
[48] Ava: Yeah I just tasted it, it's very sweet.
[50] Lily: I don't have a boyfriend yet
[50] Ava: you're not young anymore
[50] Ava: and
[51] Ava: I want you take your find a boyfriend.
[51] Ava: And bring back for me to see.
[51] Lily: Wow.
[51] Lily: But that kind of thing depends on fate. How did you know my dad?
[51] Ava: We were college classmates.
[51] Ava: And your dad was so handsome in
[51] Ava: Our young
[52] Lily: Wow did you have some photos
[52] Lily: I want to see
[52] Ava: of course
[52] Ava: Andy bring the box from the last shelf of bookshelf
[52] robot: okay
[53] Lily: Wow
[53] Lily: My dad was so handsome when he was young
[53] Ava: yeah
[53] Lily: And he was at level of a school heartthrob
[53] Ava: yeah just so he's so handsome gentle energetic
[54] Ava: so
[54] Ava: i am deeply attracted by him
[54] Lily: So you didn't just agree just because he was handsome did you
[54] Ava: handsome it's just your dad's
[54] Ava: a small merits
[54] Lily: Wow beauty is in the eyes of the beholder
[54] Ava: yeah maybe
[55] Lily: look so this picture My dad looks so like gentleman and where did you took it
[55] Ava: let me
[56] Lily: The west lake
[56] Lily: Is it beautiful
[56] Ava: right
[56] Lily: It's beautiful
[56] Ava: your dad's so happy that day
[58] Lily: My dad love reading
[58] Lily: did he?
[58] Ava: he is very
[58] Ava: interested
[58] Ava: so he like reading books
[58] Lily: What kind of books
[58] Lily: like science art or or what
[59] Lily: this photo
[60] Ava: maybe it's
[60] Ava: thirty
[60] Lily: thirty
[60] Lily: Oh
[62] Lily: So romantic! I couldn't think of that. Can I have this?
[62] Ava: yes you can
[62] Ava: your dad is a romantic person
[63] Lily: I never knew it
[63] Lily: I think he just very strict to us
[63] Lily: and he never expressed like romantic things to us
[63] Ava: don't you think your dad is very responsible and
[63] Ava: gentle
[63] Lily: I also want to find a husband like my dad in the future
[63] Ava: you will find it
[63] Lily: Okay let me, like, read these letters
[64] Lily: Long time so see so did he miss you very much
[64] Ava: maybe
[64] Ava: okay
[64] Lily: So how many times can you both meet together
[64] Lily: a month
[65] Lily: What did he said in it
[65] Lily: Wow he wished you a good Happy New year
[66] Ava: just say he's a very romantic person right
[66] Lily: So he
[66] Lily: He wished you can have a Happy New year and pass the test
[66] Ava: i just don't remember
[67] Ava: I just don't remember.
[67] Ava: Clearly.
[67] Lily: Okay.
[67] Lily: So my dad said he was addicted to playing games.
[67] Lily: So I, I don't think my father love playing games right now.
[67] Lily: So he was very addicted to playing games when, when he was young?
[67] Ava: Yeah.
[67] Ava: Um, he's very like playing games when he young.
[68] Ava: he's very like playing games when he young
[68] Lily: so did you play the game with him?
[68] Ava: no
[68] Lily: Ah?
[68] Ava: i don't like it
[68] Lily: What you do? always
[68] Ava: just go travel and have a picnic
[69] Ava: Right
[69] Lily: That's so romantic of my dad
[69] Lily: I'll pick up
[69] Lily: Just pick up
[69] Ava: just because he's so handsome and romantic responsible
[69] Ava: so i
[70] Lily: you may
[70] Ava: Got married
[70] Lily: I hope I can find a husband like like my dad in the future
[70] Ava: let's have a rest
[70] Lily: Enjoy the fruits
[70] Ava: what
[70] Ava: it's okay
[70] Ava: Andy put the box in place

Conversation 3: Lily feels bored at home and interacts with Andy and Ava for small tasks. She expresses interest in getting a pet cat, and Ava agrees to visit their grandma’s home in the morning and a pet store in the afternoon. They note that Dad will return from a business trip next Monday.
[6] Lily: Andy, charge my tablet, the charger is under the desk
[6] Ava: okay
[7] Ava: Lily don't always stay at home
[7] Ava: reading novels
[25] Ava: next Monday
[25] Lily: Wow, so quickly
[25] Ava: yeah
[26] Lily: Head of this.
[26] Lily: What a mess.

Conversation 4: Lily directs Ava and Andy to gather her tablet with charger and to set up a trash can with a bag. A side discussion arises about Ava buying mangoes despite Lily’s concern over their dad’s allergy; Ava suggests eating them mainly outside and less at home. The main outcomes are organizing items per Lily’s instructions and acknowledging dietary caution due to the dad’s allergy.
[29] Lily: Andy, get my tablet
[29] Ava: okay
[29] Lily: Not just the tablet, unplug the charger and put it in the bag
[30] Lily: Not just the tablet, unplug the charger and put it in the bag.

[Step 2] Evaluating semantic answer...
Action: [Answer]
Content: Yes, Ava describes her husband as romantic.
FINAL ANSWER (from graph):
Yes, Ava describes her husband as romantic.
Question: Was Ava busy at work?

[Step 1] Searching the graph...
Parse Query Output:
{
  "query_triple": ["<Ava>", "busy at", "work", 0.95, 0.3, 0.6],
  "spatial_constraint": "work",
  "speaker_strict": null,
  "allocation": {
    "k_high_level": 6,
    "k_low_level": 34,
    "k_conversations": 10,
    "total_k": 50,
    "reasoning": "State/activity query about a character being busy at a location. Prioritize low-level edges to find actions indicating busyness at work; include some high-level edges for traits/states; a small portion of conversations for verbal mentions."
  }
}

Graph Search Results:
**High-Level Information (Character Attributes and Relationships): **

Character Attributes:
- Ava is: busy with work (85)

Character Relationships:
- Ava relies on assistance from robot (95)
- robot is helper/assistant to Ava (90)
- Ava parent of Lily (95)
- Ava has authority over Andy (85)
- Ava directs and instructs robot (85)

**Low-Level Information (Actions and Events): **

[7] Ava is at table. (living room)
[10] Ava offers water. (living room)
[11] Ava works on laptop. (living room)
[13] Ava continues working on laptop. (living room)
[16] Ava keeps attention on keyboard. (living room)
[18] Ava works on laptop. (living room)
[19] Ava is near plant. (living room)
[23] Ava works on laptop. (living room)
[26] Ava types on Ava's laptop. (living room workspace)
[26] Ava types at round table. (living room workspace)
[26] Ava continues working. (living room workspace)
[28] Ava arranges paper. (living room)
[35] Ava sits beside Lily. (break room)
[42] Ava reads book. (living room)
[43] Ava reads book. (living room)
[44] Ava reads book. (living room)
[46] Ava sits at round table. (office)
[46] Ava looks through paper. (office)
[46] Ava places notebook. (office)
[46] Ava peels orange. (office)
[46] Ava eats piece of orange. (office)
[46] Ava folds paper. (office)
[46] Ava sets paper. (office)
[48] Ava is at table. (living room)
[53] Ava sits at table. (living room)
[53] Ava shows photo. (living room)
[53] Ava points at photo. (living room)
[56] Ava shows photo. (living room)
[56] Ava scrolls through photo. (living room)
[58] Ava shows photo. (living room)
[58] Ava points at photo. (living room)
[58] Ava flips through photo. (living room)
[58] Ava hands photo. (living room)
[68] Ava describes activity. (living room)

**Conversations: **

Conversation 3: Lily feels bored at home and interacts with Andy and Ava for small tasks. She expresses interest in getting a pet cat, and Ava agrees to visit their grandma’s home in the morning and a pet store in the afternoon. They note that Dad will return from a business trip next Monday.
[6] Lily: Andy, charge my tablet, the charger is under the desk
[6] Ava: okay
[7] Ava: Lily don't always stay at home
[7] Ava: reading novels
[23] Lily: Look, it's so cute
[23] Ava: yeah it's cute
[23] Ava: but i have busy with my work
[23] Ava: and have no time to help you to take care of it
[23] Lily: But I can take care of it myself
[25] Ava: next Monday
[25] Lily: Wow, so quickly
[25] Ava: yeah
[26] Lily: Head of this.
[26] Lily: What a mess.

Conversation 8: Lily shares that her best friend Clara is getting married and invited her to be a bridesmaid, then chats with Ava about Lily’s future relationships. Ava reminisces about Lily’s dad from their college days, describing him as romantic, responsible, and fond of suspense novels, and shows Lily old photos and letters. They discuss family expectations, plan a potential summer trip to West Lake, and enjoy fruit together.
[53] Lily: Wow
[53] Lily: My dad was so handsome when he was young
[53] Ava: yeah
[53] Lily: And he was at level of a school heartthrob
[53] Ava: yeah just so he's so handsome gentle energetic
[54] Ava: so
[54] Ava: i am deeply attracted by him
[54] Lily: So you didn't just agree just because he was handsome did you
[56] Lily: The west lake
[56] Lily: Is it beautiful
[56] Ava: right
[56] Lily: It's beautiful
[56] Ava: your dad's so happy that day
[63] Lily: Okay let me, like, read these letters
[64] Lily: Long time so see so did he miss you very much
[64] Ava: maybe
[64] Ava: okay
[64] Lily: So how many times can you both meet together
[67] Lily: So I, I don't think my father love playing games right now.
[67] Lily: So he was very addicted to playing games when, when he was young?
[67] Ava: Yeah.
[67] Ava: Um, he's very like playing games when he young.
[68] Ava: he's very like playing games when he young
[68] Lily: so did you play the game with him?
[68] Ava: no
[68] Lily: Ah?
[68] Ava: i don't like it
[70] Ava: let's have a rest
[70] Lily: Enjoy the fruits
[70] Ava: what
[70] Ava: it's okay
[70] Ava: Andy put the box in place

[Step 2] Evaluating semantic answer...
Action: [Answer]
Content: Yes, Ava was busy at work.
FINAL ANSWER (from graph):
Yes, Ava was busy at work.
Question: Did Lily's father change a lot with ages?

[Step 1] Searching the graph...
Parse Query Output:
{
  "query_triple": ["<Lily's father>", "changes with age", null, 0.9, 0.3, 0.2],
  "spatial_constraint": null,
  "speaker_strict": null,
  "allocation": {
    "k_high_level": 9,
    "k_low_level": 11,
    "k_conversations": 30,
    "total_k": 50,
    "reasoning": "Trait/character development over time; use high-level edges for attributes over ages, conversations for commentary on changes, and some low-level edges for specific scenes indicating different behaviors at different ages."
  }
}

Graph Search Results:
**High-Level Information (Character Attributes and Relationships): **

Character Attributes:
- Andy is: unknown gender (100), no visible features (100)
- Ava is: medium build (100), female (100), glasses (100)
- Lily is: female (100)
- character_1 is: medium build (100), female (100)
- character_2 is: female (100)

**Low-Level Information (Actions and Events): **

[7] Lily looks at Lily's phone. (living room)
[8] Lily looks at Lily's phone. (living room)
[11] Lily looks at Lily's phone. (living room)
[22] Lily looks at Lily's phone. (living room)
[23] Lily looks at Lily's phone. (living room)
[23] Ava looks at Lily's phone. (living room)
[25] Lily looks at Lily's phone. (living room)
[28] Lily looks at Lily's phone. (living room)
[62] Ava comments about <Lily>'s dad. (living room)
[62] Ava says is romantic <Lily>'s dad. (living room)
[63] Lily puts hand to Lily's face. (living room)

**Conversations: **

Conversation 8: Lily shares that her best friend Clara is getting married and invited her to be a bridesmaid, then chats with Ava about Lily’s future relationships. Ava reminisces about Lily’s dad from their college days, describing him as romantic, responsible, and fond of suspense novels, and shows Lily old photos and letters. They discuss family expectations, plan a potential summer trip to West Lake, and enjoy fruit together.
[47] Lily: Yes that's true
[47] Lily: But actually
[47] Lily: The two of them have known each other for quite a long time
[48] Lily: The two of them have known each other for quite a long time.
[48] Ava: So when can I have my son-in-law?
[51] Ava: And bring back for me to see.
[51] Lily: Wow.
[51] Lily: But that kind of thing depends on fate. How did you know my dad?
[51] Ava: We were college classmates.
[51] Ava: And your dad was so handsome in
[53] Ava: this is your dad
[53] Lily: Wow
[53] Lily: My dad was so handsome when he was young
[53] Ava: yeah
[53] Lily: And he was at level of a school heartthrob
[54] Lily: Wow beauty is in the eyes of the beholder
[54] Ava: yeah maybe
[55] Lily: look so this picture My dad looks so like gentleman and where did you took it
[55] Ava: let me
[55] Ava: think about it
[57] Lily: Where did you take this
[57] Lily: Because the photo is very like
[58] Lily: my dad looked
[58] Lily: very happy too
[58] Ava: yeah this photo was taken in school's library
[58] Lily: Library
[58] Lily: My dad love reading
[58] Lily: did he?
[58] Ava: he is very
[58] Ava: interested
[59] Ava: he like best
[59] Lily: This one I think he
[59] Lily: Looked very handsome
[59] Lily: and he's the most handsome picture of the three
[59] Lily: and where
[59] Lily: what was his age in
[59] Lily: this photo
[60] Ava: maybe it's
[60] Ava: thirty
[60] Lily: thirty
[60] Lily: Oh
[60] Lily: So what happened that day when when you took this photo for him
[60] Ava: that day
[60] Ava: maybe it's dad's birthday
[60] Lily: Birthday
[60] Ava: it seems like
[60] Ava: i made a cake for him
[61] Ava: and that day he was so happy
[61] Lily: That's so kind of you
[61] Lily: you made a cake for my dad
[61] Ava: because because he is so moved
[62] Lily: I have never seen my dad cry for one time.
[62] Lily: Look.
[62] Lily: There are some letters. So my dad even write letters to you.
[62] Ava: your dad is a romantic person
[63] Lily: I never knew it
[63] Lily: I think he just very strict to us
[63] Lily: and he never expressed like romantic things to us
[63] Ava: don't you think your dad is very responsible and
[63] Ava: gentle
[63] Lily: I also want to find a husband like my dad in the future
[63] Ava: you will find it
[63] Lily: Okay let me, like, read these letters
[64] Lily: Long time so see so did he miss you very much
[64] Ava: maybe
[64] Ava: okay
[64] Lily: So how many times can you both meet together
[64] Lily: a month
[64] Lily: How many times?
[64] Ava: maybe three times
[64] Lily: Three times? That not so quite many
[65] Lily: Wow he wished you a good Happy New year
[66] Ava: just say he's a very romantic person right
[66] Lily: So he
[66] Lily: He wished you can have a Happy New year and pass the test
[66] Lily: why why did he want you to pass the test
[67] Ava: Clearly.
[67] Lily: Okay.
[67] Lily: So my dad said he was addicted to playing games.
[67] Lily: So I, I don't think my father love playing games right now.
[67] Lily: So he was very addicted to playing games when, when he was young?
[67] Ava: Yeah.
[67] Ava: Um, he's very like playing games when he young.
[68] Lily: so did you play the game with him?
[68] Ava: no
[68] Lily: Ah?
[68] Ava: i don't like it
[68] Lily: okay
[68] Ava: just go travel and have a picnic
[69] Ava: Right
[69] Lily: That's so romantic of my dad
[69] Lily: I'll pick up
[69] Lily: Just pick up
[70] Lily: you may
[70] Ava: Got married
[70] Lily: I hope I can find a husband like like my dad in the future
[70] Ava: let's have a rest
[70] Lily: Enjoy the fruits

Conversation 3: Lily feels bored at home and interacts with Andy and Ava for small tasks. She expresses interest in getting a pet cat, and Ava agrees to visit their grandma’s home in the morning and a pet store in the afternoon. They note that Dad will return from a business trip next Monday.
[12] Lily: Wow, it's an elephant
[13] Lily: Let me assemble it
[14] Lily: Hmm
[14] Lily: That's so funny
[15] Lily: Umm
[15] Lily: Some books
[15] Lily: History book
[15] Lily: Some documents
[15] Lily: Wow, about the panic
[21] Ava: okay Andy back to the place
[21] Ava: thanks
[21] Lily: Fine
[21] Lily: Let me have my TikTok
[21] Lily: Check my TikTok
[25] Lily: Let me have some short videos
[25] Ava: alright
[25] Lily: When did dad return back from his business trip
[25] Ava: dad
[25] Ava: next Monday

Conversation 4: Lily directs Ava and Andy to gather her tablet with charger and to set up a trash can with a bag. A side discussion arises about Ava buying mangoes despite Lily’s concern over their dad’s allergy; Ava suggests eating them mainly outside and less at home. The main outcomes are organizing items per Lily’s instructions and acknowledging dietary caution due to the dad’s allergy.
[31] Ava: Lily have some fruit i bought it that in the afternoon
[31] Lily: Why did you buy mangoes
[31] Lily: Isn't dad allergic to mangoes
[31] Ava: but he isn't here and you love them
[31] Ava: we will finish them

[Step 2] Evaluating semantic answer...
Action: [Answer]
Content: Yes, Lily and Ava suggest he changed—he was romantic, gentle, and game-loving when young but now seems stricter and less into games.
FINAL ANSWER (from graph):
Yes, Lily and Ava suggest he changed—he was romantic, gentle, and game-loving when young but now seems stricter and less into games.
Question: What pet will Lily finally keep?

[Step 1] Searching the graph...
Parse Query Output:
{
  "query_triple": ["<Lily>", "keeps", "pet#?", 0.95, 0.3, 0.25],
  "spatial_constraint": null,
  "speaker_strict": null,
  "allocation": {
    "k_high_level": 6,
    "k_low_level": 24,
    "k_conversations": 20,
    "total_k": 50,
    "reasoning": "Outcome-focused query about which pet Lily decides to keep. Use low-level edges to capture actions/decisions over time (adopting, returning, choosing), and conversations to find explicit statements of final choice. Limited high-level edges for traits or stable relationships with a specific pet."
  }
}

Graph Search Results:
**High-Level Information (Character Attributes and Relationships): **

Character Attributes:
- Lily is: female (100), slender (100), wrist bracelet (100)

Character Relationships:
- Ava parent of Lily (95)
- Lily relies on Andy (85)
- Ava cooperates with Lily (80)

**Low-Level Information (Actions and Events): **

[2] Lily holds tablet. (living room)
[3] Lily holds tablet. (living room)
[4] Lily holds tablet. (living room)
[9] Lily holds phone. (living room)
[16] Lily holds book. (living room)
[21] Lily keeps scrolling on phone. (living room or office corner)
[24] Lily keeps holding phone. (living room)
[27] Lily holds cup. (living room)
[30] Lily holds tablet. (living room)
[45] Lily holds tablet. (living room)
[45] Lily keeps tablet. (living room)
[46] Lily holds tablet. (office)
[47] Lily holds tablet. (living room)
[48] Lily holds tablet. (living room)
[50] Lily holds tablet. (living room)
[51] Lily holds tablet. (living room)
[52] Lily holds tablet. (living room)
[58] Lily looks at item. (living room)
[61] Lily looks at item. (living room lounge)
[62] Lily holds letter. (living room)
[62] Lily asks for permission to keep item. (living room)
[66] Lily holds open paper bag. (living room)
[67] Lily holds book. (living room lounge)
[67] Lily holds notepad. (living room lounge)

**Conversations: **

Conversation 3: Lily feels bored at home and interacts with Andy and Ava for small tasks. She expresses interest in getting a pet cat, and Ava agrees to visit their grandma’s home in the morning and a pet store in the afternoon. They note that Dad will return from a business trip next Monday.
[9] Ava: Lily do you have
[10] Ava: want some water
[10] Lily: Sure
[10] Lily: Andy
[10] Lily: Give me the water
[12] Lily: Wow, it's an elephant
[13] Lily: Let me assemble it
[14] Lily: Hmm
[14] Lily: That's so funny
[15] Lily: Umm
[17] Lily: Ouch
[17] Lily: The plant may need watering
[17] Lily: Little plant
[18] Ava: Andy come and help me to massage my shoulder
[19] Lily: Ouch Andy
[19] Lily: Bring me some tissue there's some water outside
[20] Lily: Alright, let me do it
[20] Lily: OK
[21] Ava: okay Andy back to the place
[21] Ava: thanks
[21] Lily: Fine
[21] Lily: Let me have my TikTok
[21] Lily: Check my TikTok
[21] Lily: It's so boring
[21] Lily: Funny short video
[22] Lily: Find something
[22] Lily: Wow I always want a Ketty
[23] Lily: Look, it's so cute
[23] Ava: yeah it's cute
[23] Ava: but i have busy with my work
[23] Ava: why not a dog
[24] Ava: your dad's been begging for one
[24] Lily: Dog
[24] Lily: Dog is so trouble
[24] Lily: And I need to walk it. I don't have time
[24] Ava: suit yourself

Conversation 8: Lily shares that her best friend Clara is getting married and invited her to be a bridesmaid, then chats with Ava about Lily’s future relationships. Ava reminisces about Lily’s dad from their college days, describing him as romantic, responsible, and fond of suspense novels, and shows Lily old photos and letters. They discuss family expectations, plan a potential summer trip to West Lake, and enjoy fruit together.
[46] Lily: Really? Wow, congratulations
[46] Lily: Hmm
[46] Lily: Oh, I see
[46] Lily: Yeah, free next week
[57] Lily: And if I have time can you take
[57] Lily: Can you take me to the west lake
[57] Lily: Okay
[57] Lily: I'm looking forward to it
[57] Ava: in your summer vacation
[59] Lily: Looked very handsome
[59] Lily: and he's the most handsome picture of the three
[59] Lily: and where
[59] Lily: what was his age in
[59] Lily: this photo
[60] Ava: maybe it's
[60] Ava: thirty
[60] Lily: thirty
[60] Lily: Oh
[60] Lily: So what happened that day when when you took this photo for him
[64] Ava: okay
[64] Lily: So how many times can you both meet together
[64] Lily: a month
[64] Lily: How many times?
[64] Ava: maybe three times
[64] Lily: Three times? That not so quite many
[68] Lily: Ah?
[68] Ava: i don't like it
[68] Lily: okay
[68] Lily: So you two always spend the vacation together
[68] Lily: What you do? always
[69] Ava: Right
[69] Lily: That's so romantic of my dad
[69] Lily: I'll pick up
[69] Lily: Just pick up
[69] Ava: just because he's so handsome and romantic responsible

Conversation 6: The participants briefly react to something tasted or evaluated, noting it is a little sour but generally good. No clear decisions or outcomes are established beyond mixed but mostly positive feedback.
[38] Lily: It's a little bit sour
[39] Ava: it's good
[39] Lily: Hmm

Conversation 2: Ava cautions Lily about screen proximity being harmful to eyes. Lily acknowledges the advice without dispute, indicating acceptance.
[4] Ava: don't be so close to your screen it's bad for your eyes
[4] Lily: Got it

[Step 2] Evaluating semantic answer...
Action: [Answer]
Content: Lily will keep a cat.
FINAL ANSWER (from graph):
Lily will keep a cat.
Question: How many places do Lily and Ava plan to go at weekend?

[Step 1] Searching the graph...
Parse Query Output:
{
  "query_triple": ["<Lily>", "plans to go", "<Ava>", 0.95, 0.35, 0.95],
  "spatial_constraint": null,
  "speaker_strict": ["<Lily>", "<Ava>"],
  "allocation": {
    "k_high_level": 5,
    "k_low_level": 10,
    "k_conversations": 35,
    "total_k": 50,
    "reasoning": "Counting planned destinations is best derived from dialogue about weekend plans; include some low-level planning actions and a few high-level relationship/context edges."
  }
}

Graph Search Results:
**High-Level Information (Character Attributes and Relationships): **

Character Relationships:
- Ava parent of Lily (95)
- Ava encourages dating for Lily (85)
- Ava is parent of Lily (95)
- Ava cooperates with Lily (80)
- Ava is considerate toward Lily (80)

**Low-Level Information (Actions and Events): **

[12] Lily walks toward Ava. (living room)
[19] Lily looks toward Ava. (living room)
[24] Ava looks toward Lily. (living room)
[32] Lily looks toward Ava. (living room)
[47] Ava looks toward Lily. (living room)
[48] Lily looks toward Ava. (living room)
[50] Ava looks toward Lily. (living room)
[51] Ava looks at Lily. (living room)
[53] Lily looks toward Ava. (living room)
[69] Lily looks at Ava. (living room)

**Conversations: **

Conversation 3: Lily feels bored at home and interacts with Andy and Ava for small tasks. She expresses interest in getting a pet cat, and Ava agrees to visit their grandma’s home in the morning and a pet store in the afternoon. They note that Dad will return from a business trip next Monday.
[6] Lily: Andy, charge my tablet, the charger is under the desk
[6] Ava: okay
[7] Ava: Lily don't always stay at home
[7] Ava: reading novels
[8] Lily: I have nothing to do outside. There was so boring.
[8] Ava: Go out for a walk when you have time.
[8] Lily: I don't want to. Nothing funny outside.
[9] Ava: Lily do you have
[10] Ava: want some water
[10] Lily: Sure
[10] Lily: Andy
[10] Lily: Give me the water
[11] Lily: Andy, put the cup back to the desk.
[11] Andy: okay
[12] Lily: So bored
[12] Lily: Let me have some funny things
[12] Lily: Wow, it's an elephant
[24] Ava: suit yourself
[24] Ava: it's not my money anyway
[24] Lily: So today is weekend, you are free right
[24] Lily: Can you go with me
[24] Ava: we will go to your grandma's home in the morning and then to
[24] Ava: pet store in the afternoon
[25] Lily: Okay that's great
[25] Lily: And
[25] Lily: When did dad return back from his business trip
[25] Ava: dad
[25] Ava: next Monday
[25] Lily: Wow, so quickly
[25] Ava: yeah

Conversation 8: Lily shares that her best friend Clara is getting married and invited her to be a bridesmaid, then chats with Ava about Lily’s future relationships. Ava reminisces about Lily’s dad from their college days, describing him as romantic, responsible, and fond of suspense novels, and shows Lily old photos and letters. They discuss family expectations, plan a potential summer trip to West Lake, and enjoy fruit together.
[46] Lily: Hmm
[46] Lily: Oh, I see
[46] Lily: Yeah, free next week
[46] Lily: See you
[47] Ava: what are you talking about
[47] Lily: So my best friend
[47] Lily: Clara is getting married and she invites me to be her bridesmaid
[47] Lily: And she wants me to go with her to try a dressing wed
[47] Ava: wow hasn't she and her boyfriend
[47] Ava: been together only three months
[48] Lily: This watermelon is sweet.
[48] Ava: Yeah I just tasted it, it's very sweet.
[48] Lily: Do you wanna have more?
[48] Ava: Okay.
[48] Lily: Andy, get the watermelon to Eva.
[48] Andy: Okay.
[49] Ava: thanks
[50] Ava: Lily
[50] Lily: Emm
[50] Ava: you always do this
[50] Lily: I don't have a boyfriend yet
[50] Ava: you're not young anymore
[50] Ava: and
[51] Ava: I want you take your find a boyfriend.
[51] Ava: And bring back for me to see.
[52] Lily: Wow did you have some photos
[52] Lily: I want to see
[52] Ava: of course
[52] Ava: Andy bring the box from the last shelf of bookshelf
[52] robot: okay
[56] Ava: your dad's so happy that day
[56] Ava: we
[56] Lily: Have a picnic?
[56] Ava: yeah and we by a boat in the West Lake
[56] Lily: Wow boat?
[57] Lily: That's very wonderful
[57] Lily: Can you take me to the west lake
[57] Lily: Okay
[57] Lily: I'm looking forward to it
[57] Ava: in your summer vacation
[57] Ava: we can go there
[57] Lily: summer vacation Okay
[57] Lily: I will sure be very happy at that time
[57] Lily: And this
[59] Lily: Looked very handsome
[59] Lily: and he's the most handsome picture of the three
[59] Lily: and where
[59] Lily: what was his age in
[59] Lily: this photo
[60] Ava: maybe it's
[60] Ava: thirty
[60] Lily: thirty
[60] Lily: Oh
[60] Lily: So what happened that day when when you took this photo for him
[64] Ava: maybe
[64] Ava: okay
[64] Lily: So how many times can you both meet together
[64] Lily: a month
[64] Lily: How many times?
[64] Ava: maybe three times
[64] Lily: Three times? That not so quite many
[64] Lily: And so he wrote letters to you and
[64] Lily: you wrote letters to him too
[68] Ava: i don't like it
[68] Lily: okay
[68] Lily: So you two always spend the vacation together
[68] Lily: What you do? always
[68] Ava: just go travel and have a picnic
[69] Ava: Right
[69] Lily: That's so romantic of my dad
[70] Ava: let's have a rest
[70] Lily: Enjoy the fruits
[70] Ava: what
[70] Ava: it's okay
[70] Ava: Andy put the box in place

Conversation 4: Lily directs Ava and Andy to gather her tablet with charger and to set up a trash can with a bag. A side discussion arises about Ava buying mangoes despite Lily’s concern over their dad’s allergy; Ava suggests eating them mainly outside and less at home. The main outcomes are organizing items per Lily’s instructions and acknowledging dietary caution due to the dad’s allergy.
[30] Ava: I understand.
[30] Lily: Put it in the bag.
[30] Ava: Lily, have some fruit. I bought it in the afternoon.
[31] Ava: Lily have some fruit i bought it that in the afternoon
[31] Lily: Why did you buy mangoes
[31] Lily: Isn't dad allergic to mangoes

Conversation 1: Ava reminded Lily about a glass of water she prepared for her. Lily acknowledged the reminder, thanked Ava, and indicated she will drink it later.
[1] Ava: Lily, I poured a glass of water for you, remember to drink it.
[1] Lily: Okay, thank you Ava.
[1] Lily: I will drink it later.

[Step 2] Evaluating semantic answer...
Action: [Answer]
Content: Two places: their grandma’s home in the morning and a pet store in the afternoon.
FINAL ANSWER (from graph):
Two places: their grandma’s home in the morning and a pet store in the afternoon.
Question: Where can the robot get the tablet?

[Step 1] Searching the graph...
Parse Query Output:
{
  "query_triple": ["<robot>", "can get", "tablet", 0.95, 0.35, 0.7],
  "spatial_constraint": null,
  "speaker_strict": null,
  "allocation": {
    "k_high_level": 5,
    "k_low_level": 38,
    "k_conversations": 7,
    "total_k": 50,
    "reasoning": "Location/action query about obtaining an object; prioritize low-level edges to find where the tablet is/was, who has it, or where it can be picked up. Minimal high-level/context and limited conversations for hints."
  }
}

Graph Search Results:
**High-Level Information (Character Attributes and Relationships): **

Character Relationships:
- Ava relies on assistance from robot (95)
- robot cooperates with Lily (95)
- Lily directs and instructs robot (90)
- robot assists and serves Lily (90)
- robot is helper/assistant to Ava (90)

**Low-Level Information (Actions and Events): **

[6] robot looks at tablet. (living room)
[6] robot picks up tablet. (living room)
[6] robot carries tablet. (living room)
[6] robot plugs tablet charger. (living room)
[7] robot holds camera. (living room)
[7] robot places floral tablet cover. (living room)
[7] robot sets tablet. (living room)
[10] robot picks up glass of water. (living room)
[12] robot receives glass. (living room)
[12] robot carries glass. (living room)
[26] robot places sheet. (living room workspace)
[26] robot folds sheet. (living room workspace)
[26] robot inserts sheet. (living room workspace)
[26] robot finishes placing sheet. (living room workspace)
[26] robot closes bag. (living room workspace)
[27] robot carries to chair. (living room)
[29] robot picks up floral-cover tablet. (living room)
[29] robot examines tablet. (living room)
[29] robot carries tablet. (living room)
[29] robot hands tablet. (living room)
[29] tablet is from robot. (living room)
[31] robot holds camera. (living room)
[32] robot moves camera. (living room)
[33] robot searches inside drawer. (living room)
[33] robot takes from drawer. (living room)
[34] robot opens drawer. (living room with cabinet and table)
[34] robot takes from drawer. (living room with cabinet and table)
[34] robot closes slightly drawer. (living room with cabinet and table)
[34] robot reopens drawer. (living room with cabinet and table)
[34] robot accesses inside drawer. (living room with cabinet and table)
[34] robot holds bag. (living room with cabinet and table)
[34] robot closes drawer. (living room with cabinet and table)
[38] robot presents toward table. (break room)
[44] robot moves to coffee table. (living room)
[49] robot lifts container. (living room)
[52] robot brings box. (living room)
[71] robot lifts tray. (living room)
[71] robot adjusts deeper into tray. (living room)

**Conversations: **

Conversation 4: Lily directs Ava and Andy to gather her tablet with charger and to set up a trash can with a bag. A side discussion arises about Ava buying mangoes despite Lily’s concern over their dad’s allergy; Ava suggests eating them mainly outside and less at home. The main outcomes are organizing items per Lily’s instructions and acknowledging dietary caution due to the dad’s allergy.
[29] Lily: Andy, get my tablet
[29] Ava: okay
[29] Lily: Not just the tablet, unplug the charger and put it in the bag
[30] Lily: Not just the tablet, unplug the charger and put it in the bag.
[30] Ava: I understand.
[30] Lily: Put it in the bag.

Conversation 3: Lily feels bored at home and interacts with Andy and Ava for small tasks. She expresses interest in getting a pet cat, and Ava agrees to visit their grandma’s home in the morning and a pet store in the afternoon. They note that Dad will return from a business trip next Monday.
[6] Lily: Andy, charge my tablet, the charger is under the desk
[6] Ava: okay
[7] Ava: Lily don't always stay at home
[10] Lily: Andy
[10] Lily: Give me the water
[10] robot: okay
[11] Lily: Andy, put the cup back to the desk.
[11] Andy: okay

Conversation 7: The group reacts emotionally to a touching scene, expressing that the story is very successful. Ava requests assistance and small favors (a tissue and an orange), which Andy and a robot agree to provide, indicating cooperative dynamics. Lily comments on the scene’s impact and gives a brief directive about placing a Rubik’s Cube on the desk.
[43] Ava: That's mean this story is written very successfully.
[44] Ava: Andy give me an orange
[44] robot: okay
[44] Ava: thanks

Conversation 8: Lily shares that her best friend Clara is getting married and invited her to be a bridesmaid, then chats with Ava about Lily’s future relationships. Ava reminisces about Lily’s dad from their college days, describing him as romantic, responsible, and fond of suspense novels, and shows Lily old photos and letters. They discuss family expectations, plan a potential summer trip to West Lake, and enjoy fruit together.
[52] Ava: of course
[52] Ava: Andy bring the box from the last shelf of bookshelf
[52] robot: okay
[53] Ava: this is your dad
[53] Lily: Wow

[Step 2] Evaluating semantic answer...
Action: [Answer]
Content: From under the desk in the living room.
FINAL ANSWER (from graph):
From under the desk in the living room.
Question: Does Lily like her Dad?

[Step 1] Searching the graph...
Parse Query Output:
{
  "query_triple": ["<Lily>", "likes", "<Dad>", 0.95, 0.25, 0.9],
  "spatial_constraint": null,
  "speaker_strict": null,
  "allocation": {
    "k_high_level": 9,
    "k_low_level": 6,
    "k_conversations": 35,
    "total_k": 50,
    "reasoning": "Relationship/affection query—use high-level edges for traits/relationships, and conversations to find explicit statements or evidence; a small number of low-level edges for supportive actions indicating affection."
  }
}

Graph Search Results:
**High-Level Information (Character Attributes and Relationships): **

Character Attributes:
- Lily is: female (100), light green short-sleeve top (100), beige sneakers (100), slender (100), wrist bracelet (100), patterned loose pants (100), medium-length dark hair tied back (100), interested in pets (cats) (85)

Character Relationships:
- Ava parent of Lily (95)

**Low-Level Information (Actions and Events): **

[9] Lily uses phone. (living room)
[10] Lily says Andy. (living room)
[55] Lily shows photo. (living room)
[56] Lily views phone. (living room)
[58] Lily views photo. (living room)
[61] Lily sits couch. (living room lounge)

**Conversations: **

Conversation 8: Lily shares that her best friend Clara is getting married and invited her to be a bridesmaid, then chats with Ava about Lily’s future relationships. Ava reminisces about Lily’s dad from their college days, describing him as romantic, responsible, and fond of suspense novels, and shows Lily old photos and letters. They discuss family expectations, plan a potential summer trip to West Lake, and enjoy fruit together.
[46] Lily: Really? Wow, congratulations
[46] Lily: Hmm
[46] Lily: Oh, I see
[46] Lily: Yeah, free next week
[48] Lily: This watermelon is sweet.
[48] Ava: Yeah I just tasted it, it's very sweet.
[48] Lily: Do you wanna have more?
[48] Ava: Okay.
[48] Lily: Andy, get the watermelon to Eva.
[51] Ava: And bring back for me to see.
[51] Lily: Wow.
[51] Lily: But that kind of thing depends on fate. How did you know my dad?
[51] Ava: We were college classmates.
[51] Ava: And your dad was so handsome in
[53] Ava: this is your dad
[53] Lily: Wow
[53] Lily: My dad was so handsome when he was young
[53] Ava: yeah
[53] Lily: And he was at level of a school heartthrob
[54] Lily: Wow beauty is in the eyes of the beholder
[54] Ava: yeah maybe
[55] Lily: look so this picture My dad looks so like gentleman and where did you took it
[55] Ava: let me
[55] Ava: think about it
[55] Ava: this photo was taken in West Lake
[56] Lily: The west lake
[56] Lily: Is it beautiful
[56] Ava: right
[56] Lily: It's beautiful
[57] Lily: And if I have time can you take
[57] Lily: Can you take me to the west lake
[57] Lily: Okay
[57] Lily: I'm looking forward to it
[57] Ava: in your summer vacation
[57] Lily: Where did you take this
[57] Lily: Because the photo is very like
[58] Lily: my dad looked
[58] Lily: very happy too
[58] Ava: yeah this photo was taken in school's library
[58] Lily: Library
[58] Lily: My dad love reading
[58] Lily: did he?
[58] Ava: he is very
[58] Ava: interested
[59] Lily: and he's the most handsome picture of the three
[59] Lily: and where
[59] Lily: what was his age in
[59] Lily: this photo
[60] Ava: maybe it's
[60] Ava: thirty
[60] Lily: thirty
[60] Lily: Oh
[60] Lily: So what happened that day when when you took this photo for him
[60] Ava: that day
[60] Ava: maybe it's dad's birthday
[60] Lily: Birthday
[60] Ava: it seems like
[60] Ava: i made a cake for him
[61] Ava: and that day he was so happy
[61] Lily: That's so kind of you
[61] Lily: you made a cake for my dad
[61] Ava: because because he is so moved
[62] Lily: I have never seen my dad cry for one time.
[62] Lily: Look.
[62] Lily: There are some letters. So my dad even write letters to you.
[62] Lily: So romantic! I couldn't think of that. Can I have this?
[62] Ava: yes you can
[63] Ava: don't you think your dad is very responsible and
[63] Ava: gentle
[63] Lily: I also want to find a husband like my dad in the future
[63] Ava: you will find it
[63] Lily: Okay let me, like, read these letters
[64] Lily: So how many times can you both meet together
[64] Lily: a month
[64] Lily: How many times?
[64] Ava: maybe three times
[64] Lily: Three times? That not so quite many
[65] Lily: Wow he wished you a good Happy New year
[66] Ava: just say he's a very romantic person right
[66] Lily: So he
[66] Lily: He wished you can have a Happy New year and pass the test
[66] Lily: why why did he want you to pass the test
[67] Ava: Clearly.
[67] Lily: Okay.
[67] Lily: So my dad said he was addicted to playing games.
[67] Lily: So I, I don't think my father love playing games right now.
[67] Lily: So he was very addicted to playing games when, when he was young?
[67] Ava: Yeah.
[68] Lily: so did you play the game with him?
[68] Ava: no
[68] Lily: Ah?
[68] Ava: i don't like it
[68] Lily: okay
[68] Lily: So you two always spend the vacation together
[68] Lily: What you do? always
[68] Ava: just go travel and have a picnic
[69] Ava: Right
[69] Lily: That's so romantic of my dad
[69] Lily: I'll pick up
[69] Lily: Just pick up
[70] Lily: you may
[70] Ava: Got married
[70] Lily: I hope I can find a husband like like my dad in the future
[70] Ava: let's have a rest
[70] Lily: Enjoy the fruits

Conversation 4: Lily directs Ava and Andy to gather her tablet with charger and to set up a trash can with a bag. A side discussion arises about Ava buying mangoes despite Lily’s concern over their dad’s allergy; Ava suggests eating them mainly outside and less at home. The main outcomes are organizing items per Lily’s instructions and acknowledging dietary caution due to the dad’s allergy.
[31] Ava: Lily have some fruit i bought it that in the afternoon
[31] Lily: Why did you buy mangoes
[31] Lily: Isn't dad allergic to mangoes
[31] Ava: but he isn't here and you love them
[31] Ava: we will finish them

Conversation 3: Lily feels bored at home and interacts with Andy and Ava for small tasks. She expresses interest in getting a pet cat, and Ava agrees to visit their grandma’s home in the morning and a pet store in the afternoon. They note that Dad will return from a business trip next Monday.
[9] Ava: Lily do you have
[10] Ava: want some water
[10] Lily: Sure
[10] Lily: Andy
[10] Lily: Give me the water
[10] robot: okay
[12] Lily: Wow, it's an elephant
[13] Lily: Let me assemble it
[14] Lily: Hmm
[14] Lily: That's so funny
[15] Lily: Umm
[15] Lily: Some books
[15] Lily: History book
[21] Ava: okay Andy back to the place
[21] Ava: thanks
[21] Lily: Fine
[21] Lily: Let me have my TikTok
[21] Lily: Check my TikTok
[23] Ava: why not a dog
[24] Ava: your dad's been begging for one
[24] Lily: Dog
[24] Lily: Dog is so trouble
[24] Lily: And I need to walk it. I don't have time
[25] Lily: Let me have some short videos
[25] Ava: alright
[25] Lily: When did dad return back from his business trip
[25] Ava: dad
[25] Ava: next Monday

Conversation 6: The participants briefly react to something tasted or evaluated, noting it is a little sour but generally good. No clear decisions or outcomes are established beyond mixed but mostly positive feedback.
[38] Lily: It's a little bit sour
[39] Ava: it's good
[39] Lily: Hmm

[Step 2] Evaluating semantic answer...
Action: [Answer]
Content: Yes, Lily likes her dad.
FINAL ANSWER (from graph):
Yes, Lily likes her dad.
Question: Are both Lily and her father easy to be moved?

[Step 1] Searching the graph...
Parse Query Output:
{
  "query_triple": ["<Lily>", "is easily moved", "<her father>", 0.95, 0.25, 0.8],
  "spatial_constraint": null,
  "speaker_strict": null,
  "allocation": {
    "k_high_level": 9,
    "k_low_level": 6,
    "k_conversations": 35,
    "total_k": 50,
    "reasoning": "Trait/emotional susceptibility question about two characters. Use high-level edges for character attributes; conversations to find dialogue indicating they are easily moved (emotional). Low-level edges minimally to corroborate with actions (e.g., crying, tearing up)."
  }
}

Graph Search Results:
**High-Level Information (Character Attributes and Relationships): **

Character Attributes:
- Lily is: slender (100), wrist bracelet (100), light green short-sleeve top (100), patterned loose pants (100), female (100), medium-length dark hair tied back (100), beige sneakers (100)

Character Relationships:
- Ava parent of Lily (95)
- Lily relies on Andy (85)

**Low-Level Information (Actions and Events): **

[7] Lily looks at Lily's phone. (living room)
[8] Lily looks at Lily's phone. (living room)
[11] Lily looks at Lily's phone. (living room)
[17] Lily moves to sofa. (living room)
[61] Lily leans chin on Lily's hand. (living room lounge)
[63] Lily puts hand to Lily's face. (living room)

**Conversations: **

Conversation 8: Lily shares that her best friend Clara is getting married and invited her to be a bridesmaid, then chats with Ava about Lily’s future relationships. Ava reminisces about Lily’s dad from their college days, describing him as romantic, responsible, and fond of suspense novels, and shows Lily old photos and letters. They discuss family expectations, plan a potential summer trip to West Lake, and enjoy fruit together.
[46] Lily: Really? Wow, congratulations
[46] Lily: Hmm
[46] Lily: Oh, I see
[46] Lily: Yeah, free next week
[47] Lily: Yes that's true
[47] Lily: But actually
[47] Lily: The two of them have known each other for quite a long time
[48] Lily: The two of them have known each other for quite a long time.
[48] Ava: So when can I have my son-in-law?
[48] Lily: This watermelon is sweet.
[51] Ava: And bring back for me to see.
[51] Lily: Wow.
[51] Lily: But that kind of thing depends on fate. How did you know my dad?
[51] Ava: We were college classmates.
[51] Ava: And your dad was so handsome in
[53] Ava: this is your dad
[53] Lily: Wow
[53] Lily: My dad was so handsome when he was young
[53] Ava: yeah
[53] Lily: And he was at level of a school heartthrob
[55] Ava: this photo was taken in West Lake
[56] Lily: The west lake
[56] Lily: Is it beautiful
[56] Ava: right
[56] Lily: It's beautiful
[57] Lily: And if I have time can you take
[57] Lily: Can you take me to the west lake
[57] Lily: Okay
[57] Lily: I'm looking forward to it
[57] Ava: in your summer vacation
[57] Lily: Where did you take this
[57] Lily: Because the photo is very like
[58] Lily: my dad looked
[58] Lily: very happy too
[58] Ava: yeah this photo was taken in school's library
[58] Lily: Library
[58] Lily: My dad love reading
[58] Lily: did he?
[58] Ava: he is very
[58] Ava: interested
[59] Lily: Looked very handsome
[59] Lily: and he's the most handsome picture of the three
[59] Lily: and where
[59] Lily: what was his age in
[59] Lily: this photo
[60] Ava: maybe it's
[60] Ava: thirty
[60] Lily: thirty
[60] Lily: Oh
[60] Lily: So what happened that day when when you took this photo for him
[61] Lily: you made a cake for my dad
[61] Ava: because because he is so moved
[62] Lily: I have never seen my dad cry for one time.
[62] Lily: Look.
[62] Lily: There are some letters. So my dad even write letters to you.
[64] Ava: maybe
[64] Ava: okay
[64] Lily: So how many times can you both meet together
[64] Lily: a month
[64] Lily: How many times?
[64] Ava: maybe three times
[64] Lily: Three times? That not so quite many
[65] Lily: Wow he wished you a good Happy New year
[66] Ava: just say he's a very romantic person right
[66] Lily: So he
[66] Lily: He wished you can have a Happy New year and pass the test
[66] Lily: why why did he want you to pass the test
[66] Lily: Is the test very difficult
[66] Lily: The test is very difficult?
[66] Ava: i just don't remember
[67] Ava: I just don't remember.
[67] Lily: Okay.
[67] Lily: So my dad said he was addicted to playing games.
[67] Lily: So I, I don't think my father love playing games right now.
[67] Lily: So he was very addicted to playing games when, when he was young?
[67] Ava: Yeah.
[68] Lily: so did you play the game with him?
[68] Ava: no
[68] Lily: Ah?
[68] Ava: i don't like it
[68] Lily: okay
[68] Lily: So you two always spend the vacation together
[68] Lily: What you do? always
[68] Ava: just go travel and have a picnic
[69] Ava: Right
[69] Lily: That's so romantic of my dad
[69] Lily: I'll pick up
[69] Lily: Just pick up
[70] Lily: you may
[70] Ava: Got married
[70] Lily: I hope I can find a husband like like my dad in the future
[70] Ava: let's have a rest
[70] Lily: Enjoy the fruits

Conversation 3: Lily feels bored at home and interacts with Andy and Ava for small tasks. She expresses interest in getting a pet cat, and Ava agrees to visit their grandma’s home in the morning and a pet store in the afternoon. They note that Dad will return from a business trip next Monday.
[9] Ava: Lily do you have
[10] Ava: want some water
[10] Lily: Sure
[10] Lily: Andy
[10] Lily: Give me the water
[12] Lily: Wow, it's an elephant
[13] Lily: Let me assemble it
[14] Lily: Hmm
[14] Lily: That's so funny
[15] Lily: Umm
[21] Ava: okay Andy back to the place
[21] Ava: thanks
[21] Lily: Fine
[21] Lily: Let me have my TikTok
[21] Lily: Check my TikTok
[24] Ava: pet store in the afternoon
[25] Lily: Okay that's great
[25] Lily: And
[25] Lily: Let me have some short videos
[25] Ava: alright
[25] Lily: When did dad return back from his business trip
[25] Ava: dad
[25] Ava: next Monday
[25] Lily: Wow, so quickly
[25] Ava: yeah
[26] Lily: Head of this.

Conversation 7: The group reacts emotionally to a touching scene, expressing that the story is very successful. Ava requests assistance and small favors (a tissue and an orange), which Andy and a robot agree to provide, indicating cooperative dynamics. Lily comments on the scene’s impact and gives a brief directive about placing a Rubik’s Cube on the desk.
[42] Lily: Ouch get the Rubik Cube to the desk
[42] Andy: okay
[43] Lily: This scene is so touching. I couldn't hold back my tears.
[43] Ava: That's mean this story is written very successfully.
[44] Ava: Andy give me an orange

Conversation 4: Lily directs Ava and Andy to gather her tablet with charger and to set up a trash can with a bag. A side discussion arises about Ava buying mangoes despite Lily’s concern over their dad’s allergy; Ava suggests eating them mainly outside and less at home. The main outcomes are organizing items per Lily’s instructions and acknowledging dietary caution due to the dad’s allergy.
[31] Ava: Lily have some fruit i bought it that in the afternoon
[31] Lily: Why did you buy mangoes
[31] Lily: Isn't dad allergic to mangoes
[31] Ava: but he isn't here and you love them
[31] Ava: we will finish them

Conversation 6: The participants briefly react to something tasted or evaluated, noting it is a little sour but generally good. No clear decisions or outcomes are established beyond mixed but mostly positive feedback.
[38] Lily: It's a little bit sour
[39] Ava: it's good
[39] Lily: Hmm

[Step 2] Evaluating semantic answer...
Action: [Answer]
Content: Yes, both Lily and her father are easy to be moved.
FINAL ANSWER (from graph):
Yes, both Lily and her father are easy to be moved.
Question: How many kinds of fruits did Ava and Lily eat?

[Step 1] Searching the graph...
Parse Query Output:
{
  "query_triple": ["<Ava>", "eats", "<Lily>", 0.95, 0.3, 0.95],
  "spatial_constraint": null,
  "speaker_strict": null,
  "allocation": {
    "k_high_level": 4,
    "k_low_level": 41,
    "k_conversations": 5,
    "total_k": 50,
    "reasoning": "Counting fruit types requires enumerating specific eating actions and objects. Prioritize low-level edges to find all instances of Ava and Lily eating and the fruit items involved; minimal high-level for any relevant traits; limited conversations in case they mention fruit types."
  }
}

Graph Search Results:
**High-Level Information (Character Attributes and Relationships): **

Character Relationships:
- Ava parent of Lily (95)
- Ava cooperates with Lily (80)
- Ava encourages dating for Lily (85)
- Ava is parent of Lily (95)

**Low-Level Information (Actions and Events): **

[25] Lily asks Ava. (living room)
[25] Ava acknowledges Lily. (living room)
[30] Lily talks to Ava. (living room)
[30] Ava listens to Lily. (living room)
[31] Ava sits beside Lily. (living room)
[32] Lily watches Ava. (living room)
[33] Ava sits next to Lily. (living room)
[35] Ava sits beside Lily. (break room)
[36] Lily sits next to Ava. (living room leading to kitchen)
[48] Ava faces Lily. (living room)
[48] Ava asks Lily. (living room)
[48] Lily asks Ava. (living room)
[50] Ava talks to Lily. (living room)
[51] Ava looks at Lily. (living room)
[53] Ava sits beside Lily. (living room)
[54] Lily sits beside Ava. (living room)
[54] Ava sits with Lily. (living room)
[54] Lily listens to Ava. (living room)
[55] Lily sits beside Ava. (living room)
[58] Ava sits beside Lily. (living room)
[60] Lily looks with Ava. (living room)
[60] Ava sits beside Lily. (living room)
[60] Ava talks to Lily. (living room)
[61] Ava sits beside Lily. (living room lounge)
[61] Ava talks to Lily. (living room lounge)
[61] Lily listens to Ava. (living room lounge)
[62] Lily sits beside Ava. (living room)
[63] Lily sits beside Ava. (living room)
[63] Ava listens to Lily. (living room)
[63] Lily talks to Ava. (living room)
[64] Lily sits beside Ava. (living room)
[65] Lily sits beside Ava. (living room)
[65] Lily listens to Ava. (living room)
[68] Lily asks Ava. (living room)
[69] Ava sits beside Lily. (living room)
[69] Lily looks at Ava. (living room)
[69] Ava talks to Lily. (living room)
[69] Lily listens to Ava. (living room)
[70] Lily sits beside Ava. (living room)
[70] Lily looks at Ava. (living room)
[71] Ava sits beside Lily. (living room)

**Conversations: **

Conversation 4: Lily directs Ava and Andy to gather her tablet with charger and to set up a trash can with a bag. A side discussion arises about Ava buying mangoes despite Lily’s concern over their dad’s allergy; Ava suggests eating them mainly outside and less at home. The main outcomes are organizing items per Lily’s instructions and acknowledging dietary caution due to the dad’s allergy.
[30] Ava: I understand.
[30] Lily: Put it in the bag.
[30] Ava: Lily, have some fruit. I bought it in the afternoon.
[31] Ava: Lily have some fruit i bought it that in the afternoon
[31] Lily: Why did you buy mangoes
[31] Lily: Isn't dad allergic to mangoes
[31] Ava: but he isn't here and you love them

Conversation 8: Lily shares that her best friend Clara is getting married and invited her to be a bridesmaid, then chats with Ava about Lily’s future relationships. Ava reminisces about Lily’s dad from their college days, describing him as romantic, responsible, and fond of suspense novels, and shows Lily old photos and letters. They discuss family expectations, plan a potential summer trip to West Lake, and enjoy fruit together.
[48] Andy: Okay.
[49] Ava: thanks
[50] Ava: Lily
[50] Lily: Emm
[50] Ava: you always do this
[70] Lily: I hope I can find a husband like like my dad in the future
[70] Ava: let's have a rest
[70] Lily: Enjoy the fruits
[70] Ava: what
[70] Ava: it's okay

[Step 2] Evaluating semantic answer...
Action: [Search]
Content: [30, 31, 70, 69, 68, 50]
Summary: The graph mentions Ava offering fruit and Lily saying “Enjoy the fruits,” but it does not specify which kinds or how many they actually ate. Conversation 4 discusses mangoes and dad’s allergy; Conversation 8 notes they enjoy fruit together but lacks details. Searching the referenced clips may reveal the specific fruit types present or consumed.

[Step 3] Watching video clips: [30, 31, 70, 69, 68, 50]

   Processing clip 30 (1/6)...
Question: Is Lily a person who likes to keep things tidy?

[Step 1] Searching the graph...
Parse Query Output:
{
  "query_triple": ["<Lily>", "tidy", null, 0.95, 0.25, 0.1],
  "spatial_constraint": null,
  "speaker_strict": null,
  "allocation": {
    "k_high_level": 9,
    "k_low_level": 8,
    "k_conversations": 33,
    "total_k": 50,
    "reasoning": "Trait/character attribute query. Use high-level edges to capture stated traits; conversations to find self/others describing Lily as tidy; a few low-level edges to find consistent actions (cleaning, organizing) as supporting evidence."
  }
}

Graph Search Results:
**High-Level Information (Character Attributes and Relationships): **

Character Attributes:
- Lily is: slender (100), medium-length dark hair tied back (100), female (100), light green short-sleeve top (100), patterned loose pants (100), beige sneakers (100), wrist bracelet (100)

Character Relationships:
- Ava parent of Lily (95)
- robot cooperates with Lily (95)

**Low-Level Information (Actions and Events): **

[5] Lily adjusts blanket. (living room)
[14] Lily arranges bouquet of flower. (living room)
[14] Lily fixes flower. (living room)
[15] Lily arranges item. (living room)
[17] Lily adjusts pillow. (living room)
[26] Lily tidies paper. (living room workspace)
[31] Lily organizes fruit bag. (living room)
[45] Lily keeps tablet. (living room)

**Conversations: **

Conversation 3: Lily feels bored at home and interacts with Andy and Ava for small tasks. She expresses interest in getting a pet cat, and Ava agrees to visit their grandma’s home in the morning and a pet store in the afternoon. They note that Dad will return from a business trip next Monday.
[9] Ava: Lily do you have
[10] Ava: want some water
[10] Lily: Sure
[10] Lily: Andy
[10] Lily: Give me the water
[12] Lily: Wow, it's an elephant
[13] Lily: Let me assemble it
[14] Lily: Hmm
[14] Lily: That's so funny
[15] Lily: Umm
[15] Lily: Some books
[15] Lily: History book
[15] Lily: Some documents
[15] Lily: Wow, about the panic
[16] Lily: A boring book
[16] Lily: So professional
[17] Lily: Ouch
[17] Lily: The plant may need watering
[19] Lily: Bring me some tissue there's some water outside
[20] Lily: Alright, let me do it
[20] Lily: OK
[21] Ava: okay Andy back to the place
[21] Ava: thanks
[21] Lily: Fine
[21] Lily: Let me have my TikTok
[21] Lily: Check my TikTok
[21] Lily: It's so boring
[21] Lily: Funny short video
[22] Lily: Find something
[22] Lily: Wow I always want a Ketty
[23] Lily: Look, it's so cute
[23] Ava: why not a dog
[24] Ava: your dad's been begging for one
[24] Lily: Dog
[24] Lily: Dog is so trouble
[24] Lily: And I need to walk it. I don't have time
[25] Lily: Wow, so quickly
[25] Ava: yeah
[26] Lily: Head of this.
[26] Lily: What a mess.
[26] Lily: Andy, put this in the chairs.

Conversation 6: The participants briefly react to something tasted or evaluated, noting it is a little sour but generally good. No clear decisions or outcomes are established beyond mixed but mostly positive feedback.
[38] Lily: It's a little bit sour
[39] Ava: it's good
[39] Lily: Hmm

Conversation 8: Lily shares that her best friend Clara is getting married and invited her to be a bridesmaid, then chats with Ava about Lily’s future relationships. Ava reminisces about Lily’s dad from their college days, describing him as romantic, responsible, and fond of suspense novels, and shows Lily old photos and letters. They discuss family expectations, plan a potential summer trip to West Lake, and enjoy fruit together.
[46] Lily: Really? Wow, congratulations
[46] Lily: Hmm
[46] Lily: Oh, I see
[46] Lily: Yeah, free next week
[47] Ava: wow hasn't she and her boyfriend
[47] Ava: been together only three months
[47] Lily: Yes that's true
[47] Lily: But actually
[47] Lily: The two of them have known each other for quite a long time
[48] Lily: The two of them have known each other for quite a long time.
[55] Ava: this photo was taken in West Lake
[56] Lily: The west lake
[56] Lily: Is it beautiful
[56] Ava: right
[56] Lily: It's beautiful
[57] Lily: And if I have time can you take
[57] Lily: Can you take me to the west lake
[57] Lily: Okay
[57] Lily: I'm looking forward to it
[57] Ava: in your summer vacation
[57] Lily: Because the photo is very like
[58] Lily: my dad looked
[58] Lily: very happy too
[58] Ava: yeah this photo was taken in school's library
[58] Lily: Library
[58] Lily: My dad love reading
[58] Lily: did he?
[58] Ava: he is very
[58] Ava: interested
[58] Ava: so he like reading books
[58] Lily: What kind of books
[58] Lily: like science art or or what
[59] Lily: Maybe science
[59] Ava: no he like suspend novels
[59] Lily: Looked very handsome
[59] Lily: and he's the most handsome picture of the three
[59] Lily: and where
[59] Lily: what was his age in
[59] Lily: this photo
[60] Ava: maybe it's
[60] Ava: thirty
[60] Lily: thirty
[60] Lily: Oh
[60] Lily: So what happened that day when when you took this photo for him
[60] Ava: that day
[62] Ava: your dad is a romantic person
[63] Lily: I never knew it
[63] Lily: I think he just very strict to us
[63] Lily: and he never expressed like romantic things to us
[63] Ava: don't you think your dad is very responsible and
[64] Lily: So how many times can you both meet together
[64] Lily: a month
[64] Lily: How many times?
[64] Ava: maybe three times
[64] Lily: Three times? That not so quite many
[68] Lily: so did you play the game with him?
[68] Ava: no
[68] Lily: Ah?
[68] Ava: i don't like it
[68] Lily: okay
[68] Lily: So you two always spend the vacation together
[68] Lily: What you do? always
[68] Ava: just go travel and have a picnic
[69] Ava: Right
[69] Lily: That's so romantic of my dad
[69] Lily: I'll pick up
[69] Lily: Just pick up
[69] Ava: just because he's so handsome and romantic responsible

Conversation 2: Ava cautions Lily about screen proximity being harmful to eyes. Lily acknowledges the advice without dispute, indicating acceptance.
[4] Ava: don't be so close to your screen it's bad for your eyes
[4] Lily: Got it

[Step 2] Evaluating semantic answer...
Action: [Answer]
Content: Yes, Lily appears to like keeping things tidy, as she repeatedly organizes and tidies items like blankets, flowers, papers, and a fruit bag, and comments on messes.
FINAL ANSWER (from graph):
Yes, Lily appears to like keeping things tidy, as she repeatedly organizes and tidies items like blankets, flowers, papers, and a fruit bag, and comments on messes.
✓ Updated results.json for study_07 (13 questions)
✓ Cleaned up video and frames for study_07

============================================================
Processing video: kitchen_11
============================================================
Downloading 1 video(s) to data/videos...

Downloading kitchen_11.mp4...
✗ Error downloading kitchen_11.mp4: ('Connection broken: IncompleteRead(2234837801 bytes read, 316536805 more expected)', IncompleteRead(2234837801 bytes read, 316536805 more expected))

============================================================
Download Summary:
  Successful: 0/1
  Failed: kitchen_11
============================================================
✗ Video file not found: data/videos/kitchen_11.mp4
No valid videos to process.
✗ Graph processing failed for kitchen_11

============================================================
Processing video: study_11
============================================================
Downloading 1 video(s) to data/videos...

Downloading study_11.mp4...
✓ Successfully downloaded study_11.mp4 to data/videos/study_11.mp4

============================================================
Download Summary:
  Successful: 1/1
============================================================

============================================================
[1/1] Processing: study_11
============================================================
Video: data/videos/study_11.mp4
Subtitles: data/subtitles/robot/study_11.srt
Output: data/frames/study_11
============================================================

Parsing subtitle file: data/subtitles/robot/study_11.srt
Found 486 subtitle entries
Video: 1578x720, 30.00 FPS, 59903 frames, 1996.77s duration

Extracting frames with subtitles...
Grouping frames into folders of 30 frames each
  Saved 10 frames (up to 9s, folder 1)
  Saved 20 frames (up to 19s, folder 1)
  Saved 30 frames (up to 29s, folder 1)
  Saved 40 frames (up to 39s, folder 2)
  Saved 50 frames (up to 49s, folder 2)
  Saved 60 frames (up to 59s, folder 2)
  Saved 70 frames (up to 69s, folder 3)
  Saved 80 frames (up to 79s, folder 3)
  Saved 90 frames (up to 89s, folder 3)
  Saved 100 frames (up to 99s, folder 4)
  Saved 110 frames (up to 109s, folder 4)
  Saved 120 frames (up to 119s, folder 4)
  Saved 130 frames (up to 129s, folder 5)
  Saved 140 frames (up to 139s, folder 5)
  Saved 150 frames (up to 149s, folder 5)
  Saved 160 frames (up to 159s, folder 6)
  Saved 170 frames (up to 169s, folder 6)
  Saved 180 frames (up to 179s, folder 6)
  Saved 190 frames (up to 189s, folder 7)
  Saved 200 frames (up to 199s, folder 7)
  Saved 210 frames (up to 209s, folder 7)
  Saved 220 frames (up to 219s, folder 8)
  Saved 230 frames (up to 229s, folder 8)
  Saved 240 frames (up to 239s, folder 8)
  Saved 250 frames (up to 249s, folder 9)
  Saved 260 frames (up to 259s, folder 9)
  Saved 270 frames (up to 269s, folder 9)
  Saved 280 frames (up to 279s, folder 10)
  Saved 290 frames (up to 289s, folder 10)
  Saved 300 frames (up to 299s, folder 10)
  Saved 310 frames (up to 309s, folder 11)
  Saved 320 frames (up to 319s, folder 11)
  Saved 330 frames (up to 329s, folder 11)
  Saved 340 frames (up to 339s, folder 12)
  Saved 350 frames (up to 349s, folder 12)
  Saved 360 frames (up to 359s, folder 12)
  Saved 370 frames (up to 369s, folder 13)
  Saved 380 frames (up to 379s, folder 13)
  Saved 390 frames (up to 389s, folder 13)
  Saved 400 frames (up to 399s, folder 14)
  Saved 410 frames (up to 409s, folder 14)
  Saved 420 frames (up to 419s, folder 14)
  Saved 430 frames (up to 429s, folder 15)
  Saved 440 frames (up to 439s, folder 15)
  Saved 450 frames (up to 449s, folder 15)
  Saved 460 frames (up to 459s, folder 16)
  Saved 470 frames (up to 469s, folder 16)
  Saved 480 frames (up to 479s, folder 16)
  Saved 490 frames (up to 489s, folder 17)
  Saved 500 frames (up to 499s, folder 17)
  Saved 510 frames (up to 509s, folder 17)
  Saved 520 frames (up to 519s, folder 18)
  Saved 530 frames (up to 529s, folder 18)
  Saved 540 frames (up to 539s, folder 18)
  Saved 550 frames (up to 549s, folder 19)
  Saved 560 frames (up to 559s, folder 19)
  Saved 570 frames (up to 569s, folder 19)
  Saved 580 frames (up to 579s, folder 20)
  Saved 590 frames (up to 589s, folder 20)
  Saved 600 frames (up to 599s, folder 20)
  Saved 610 frames (up to 609s, folder 21)
  Saved 620 frames (up to 619s, folder 21)
  Saved 630 frames (up to 629s, folder 21)
  Saved 640 frames (up to 639s, folder 22)
  Saved 650 frames (up to 649s, folder 22)
  Saved 660 frames (up to 659s, folder 22)
  Saved 670 frames (up to 669s, folder 23)
  Saved 680 frames (up to 679s, folder 23)
  Saved 690 frames (up to 689s, folder 23)
  Saved 700 frames (up to 699s, folder 24)
  Saved 710 frames (up to 709s, folder 24)
  Saved 720 frames (up to 719s, folder 24)
  Saved 730 frames (up to 729s, folder 25)
  Saved 740 frames (up to 739s, folder 25)
  Saved 750 frames (up to 749s, folder 25)
  Saved 760 frames (up to 759s, folder 26)
  Saved 770 frames (up to 769s, folder 26)
  Saved 780 frames (up to 779s, folder 26)
  Saved 790 frames (up to 789s, folder 27)
  Saved 800 frames (up to 799s, folder 27)
  Saved 810 frames (up to 809s, folder 27)
  Saved 820 frames (up to 819s, folder 28)
  Saved 830 frames (up to 829s, folder 28)
  Saved 840 frames (up to 839s, folder 28)
  Saved 850 frames (up to 849s, folder 29)
  Saved 860 frames (up to 859s, folder 29)
  Saved 870 frames (up to 869s, folder 29)
  Saved 880 frames (up to 879s, folder 30)
  Saved 890 frames (up to 889s, folder 30)
  Saved 900 frames (up to 899s, folder 30)
  Saved 910 frames (up to 909s, folder 31)
  Saved 920 frames (up to 919s, folder 31)
  Saved 930 frames (up to 929s, folder 31)
  Saved 940 frames (up to 939s, folder 32)
  Saved 950 frames (up to 949s, folder 32)
  Saved 960 frames (up to 959s, folder 32)
  Saved 970 frames (up to 969s, folder 33)
  Saved 980 frames (up to 979s, folder 33)
  Saved 990 frames (up to 989s, folder 33)
  Saved 1000 frames (up to 999s, folder 34)
  Saved 1010 frames (up to 1009s, folder 34)
  Saved 1020 frames (up to 1019s, folder 34)
  Saved 1030 frames (up to 1029s, folder 35)
  Saved 1040 frames (up to 1039s, folder 35)
  Saved 1050 frames (up to 1049s, folder 35)
  Saved 1060 frames (up to 1059s, folder 36)
  Saved 1070 frames (up to 1069s, folder 36)
  Saved 1080 frames (up to 1079s, folder 36)
  Saved 1090 frames (up to 1089s, folder 37)
  Saved 1100 frames (up to 1099s, folder 37)
  Saved 1110 frames (up to 1109s, folder 37)
  Saved 1120 frames (up to 1119s, folder 38)
  Saved 1130 frames (up to 1129s, folder 38)
  Saved 1140 frames (up to 1139s, folder 38)
  Saved 1150 frames (up to 1149s, folder 39)
  Saved 1160 frames (up to 1159s, folder 39)
  Saved 1170 frames (up to 1169s, folder 39)
  Saved 1180 frames (up to 1179s, folder 40)
  Saved 1190 frames (up to 1189s, folder 40)
  Saved 1200 frames (up to 1199s, folder 40)
  Saved 1210 frames (up to 1209s, folder 41)
  Saved 1220 frames (up to 1219s, folder 41)
  Saved 1230 frames (up to 1229s, folder 41)
  Saved 1240 frames (up to 1239s, folder 42)
  Saved 1250 frames (up to 1249s, folder 42)
  Saved 1260 frames (up to 1259s, folder 42)
  Saved 1270 frames (up to 1269s, folder 43)
  Saved 1280 frames (up to 1279s, folder 43)
  Saved 1290 frames (up to 1289s, folder 43)
  Saved 1300 frames (up to 1299s, folder 44)
  Saved 1310 frames (up to 1309s, folder 44)
  Saved 1320 frames (up to 1319s, folder 44)
  Saved 1330 frames (up to 1329s, folder 45)
  Saved 1340 frames (up to 1339s, folder 45)
  Saved 1350 frames (up to 1349s, folder 45)
  Saved 1360 frames (up to 1359s, folder 46)
  Saved 1370 frames (up to 1369s, folder 46)
  Saved 1380 frames (up to 1379s, folder 46)
  Saved 1390 frames (up to 1389s, folder 47)
  Saved 1400 frames (up to 1399s, folder 47)
  Saved 1410 frames (up to 1409s, folder 47)
  Saved 1420 frames (up to 1419s, folder 48)
  Saved 1430 frames (up to 1429s, folder 48)
  Saved 1440 frames (up to 1439s, folder 48)
  Saved 1450 frames (up to 1449s, folder 49)
  Saved 1460 frames (up to 1459s, folder 49)
  Saved 1470 frames (up to 1469s, folder 49)
  Saved 1480 frames (up to 1479s, folder 50)
  Saved 1490 frames (up to 1489s, folder 50)
  Saved 1500 frames (up to 1499s, folder 50)
  Saved 1510 frames (up to 1509s, folder 51)
  Saved 1520 frames (up to 1519s, folder 51)
  Saved 1530 frames (up to 1529s, folder 51)
  Saved 1540 frames (up to 1539s, folder 52)
  Saved 1550 frames (up to 1549s, folder 52)
  Saved 1560 frames (up to 1559s, folder 52)
  Saved 1570 frames (up to 1569s, folder 53)
  Saved 1580 frames (up to 1579s, folder 53)
  Saved 1590 frames (up to 1589s, folder 53)
  Saved 1600 frames (up to 1599s, folder 54)
  Saved 1610 frames (up to 1609s, folder 54)
  Saved 1620 frames (up to 1619s, folder 54)
  Saved 1630 frames (up to 1629s, folder 55)
  Saved 1640 frames (up to 1639s, folder 55)
  Saved 1650 frames (up to 1649s, folder 55)
  Saved 1660 frames (up to 1659s, folder 56)
  Saved 1670 frames (up to 1669s, folder 56)
  Saved 1680 frames (up to 1679s, folder 56)
  Saved 1690 frames (up to 1689s, folder 57)
  Saved 1700 frames (up to 1699s, folder 57)
  Saved 1710 frames (up to 1709s, folder 57)
  Saved 1720 frames (up to 1719s, folder 58)
  Saved 1730 frames (up to 1729s, folder 58)
  Saved 1740 frames (up to 1739s, folder 58)
  Saved 1750 frames (up to 1749s, folder 59)
  Saved 1760 frames (up to 1759s, folder 59)
  Saved 1770 frames (up to 1769s, folder 59)
  Saved 1780 frames (up to 1779s, folder 60)
  Saved 1790 frames (up to 1789s, folder 60)
  Saved 1800 frames (up to 1799s, folder 60)
  Saved 1810 frames (up to 1809s, folder 61)
  Saved 1820 frames (up to 1819s, folder 61)
  Saved 1830 frames (up to 1829s, folder 61)
  Saved 1840 frames (up to 1839s, folder 62)
  Saved 1850 frames (up to 1849s, folder 62)
  Saved 1860 frames (up to 1859s, folder 62)
  Saved 1870 frames (up to 1869s, folder 63)
  Saved 1880 frames (up to 1879s, folder 63)
  Saved 1890 frames (up to 1889s, folder 63)
  Saved 1900 frames (up to 1899s, folder 64)
  Saved 1910 frames (up to 1909s, folder 64)
  Saved 1920 frames (up to 1919s, folder 64)
  Saved 1930 frames (up to 1929s, folder 65)
  Saved 1940 frames (up to 1939s, folder 65)
  Saved 1950 frames (up to 1949s, folder 65)
  Saved 1960 frames (up to 1959s, folder 66)
  Saved 1970 frames (up to 1969s, folder 66)
  Saved 1980 frames (up to 1979s, folder 66)
  Saved 1990 frames (up to 1989s, folder 67)

✓ Extracted 1997 frames to data/frames/study_11

✓ Successfully processed study_11: 1997 frames saved
--------------------------------
Processing folder:  data/frames/study_11/1
Inserted 25 triples into graph for clip 1
--------------------------------
Processing folder:  data/frames/study_11/2
Inserted 35 triples into graph for clip 2
--------------------------------
Processing folder:  data/frames/study_11/3
Inserted 36 triples into graph for clip 3
--------------------------------
Processing folder:  data/frames/study_11/4
Inserted 14 triples into graph for clip 4
--------------------------------
Processing folder:  data/frames/study_11/5
Inserted 28 triples into graph for clip 5
--------------------------------
Processing folder:  data/frames/study_11/6
Inserted 25 triples into graph for clip 6
--------------------------------
Processing folder:  data/frames/study_11/7
Inserted 28 triples into graph for clip 7
--------------------------------
Processing folder:  data/frames/study_11/8
Inserted 17 triples into graph for clip 8
--------------------------------
Processing folder:  data/frames/study_11/9
Inserted 21 triples into graph for clip 9
--------------------------------
Processing folder:  data/frames/study_11/10
Inserted 20 triples into graph for clip 10
--------------------------------
Processing folder:  data/frames/study_11/11
Inserted 24 triples into graph for clip 11
--------------------------------
Processing folder:  data/frames/study_11/12
Inserted 16 triples into graph for clip 12
--------------------------------
Processing folder:  data/frames/study_11/13
Inserted 41 triples into graph for clip 13
--------------------------------
Processing folder:  data/frames/study_11/14
Inserted 22 triples into graph for clip 14
--------------------------------
Processing folder:  data/frames/study_11/15
Inserted 34 triples into graph for clip 15
--------------------------------
Processing folder:  data/frames/study_11/16
Inserted 19 triples into graph for clip 16
--------------------------------
Processing folder:  data/frames/study_11/17
Extracting summary for completed conversation 1...
✓ Conversation summary extracted. Attributes: 7, Relationships: 4
Inserted 17 triples into graph for clip 17
--------------------------------
Processing folder:  data/frames/study_11/18
Inserted 26 triples into graph for clip 18
--------------------------------
Processing folder:  data/frames/study_11/19
Inserted 16 triples into graph for clip 19
--------------------------------
Processing folder:  data/frames/study_11/20
Inserted 15 triples into graph for clip 20
--------------------------------
Processing folder:  data/frames/study_11/21
Inserted 0 triples into graph for clip 21
--------------------------------
Processing folder:  data/frames/study_11/22
Inserted 0 triples into graph for clip 22
--------------------------------
Processing folder:  data/frames/study_11/23
Inserted 11 triples into graph for clip 23
--------------------------------
Processing folder:  data/frames/study_11/24
Inserted 34 triples into graph for clip 24
--------------------------------
Processing folder:  data/frames/study_11/25
Inserted 12 triples into graph for clip 25
--------------------------------
Processing folder:  data/frames/study_11/26
Inserted 22 triples into graph for clip 26
--------------------------------
Processing folder:  data/frames/study_11/27
Inserted 21 triples into graph for clip 27
--------------------------------
Processing folder:  data/frames/study_11/28
Inserted 16 triples into graph for clip 28
--------------------------------
Processing folder:  data/frames/study_11/29
Inserted 19 triples into graph for clip 29
--------------------------------
Processing folder:  data/frames/study_11/30
Inserted 28 triples into graph for clip 30
--------------------------------
Processing folder:  data/frames/study_11/31
Inserted 35 triples into graph for clip 31
--------------------------------
Processing folder:  data/frames/study_11/32
Inserted 45 triples into graph for clip 32
--------------------------------
Processing folder:  data/frames/study_11/33
Extracting summary for completed conversation 2...
✓ Conversation summary extracted. Attributes: 7, Relationships: 3
Inserted 28 triples into graph for clip 33
--------------------------------
Processing folder:  data/frames/study_11/34
Inserted 24 triples into graph for clip 34
--------------------------------
Processing folder:  data/frames/study_11/35
Inserted 21 triples into graph for clip 35
--------------------------------
Processing folder:  data/frames/study_11/36
Inserted 28 triples into graph for clip 36
--------------------------------
Processing folder:  data/frames/study_11/37
Inserted 37 triples into graph for clip 37
--------------------------------
Processing folder:  data/frames/study_11/38
Inserted 27 triples into graph for clip 38
--------------------------------
Processing folder:  data/frames/study_11/39
Inserted 32 triples into graph for clip 39
--------------------------------
Processing folder:  data/frames/study_11/40
Inserted 24 triples into graph for clip 40
--------------------------------
Processing folder:  data/frames/study_11/41
Inserted 29 triples into graph for clip 41
--------------------------------
Processing folder:  data/frames/study_11/42
Inserted 26 triples into graph for clip 42
--------------------------------
Processing folder:  data/frames/study_11/43
Inserted 37 triples into graph for clip 43
--------------------------------
Processing folder:  data/frames/study_11/44
Inserted 31 triples into graph for clip 44
--------------------------------
Processing folder:  data/frames/study_11/45
Inserted 35 triples into graph for clip 45
--------------------------------
Processing folder:  data/frames/study_11/46
Inserted 31 triples into graph for clip 46
--------------------------------
Processing folder:  data/frames/study_11/47
Inserted 30 triples into graph for clip 47
--------------------------------
Processing folder:  data/frames/study_11/48
Inserted 31 triples into graph for clip 48
--------------------------------
Processing folder:  data/frames/study_11/49
Inserted 28 triples into graph for clip 49
--------------------------------
Processing folder:  data/frames/study_11/50
Inserted 26 triples into graph for clip 50
--------------------------------
Processing folder:  data/frames/study_11/51
Inserted 41 triples into graph for clip 51
--------------------------------
Processing folder:  data/frames/study_11/52
Inserted 24 triples into graph for clip 52
--------------------------------
Processing folder:  data/frames/study_11/53
Inserted 21 triples into graph for clip 53
--------------------------------
Processing folder:  data/frames/study_11/54
Inserted 24 triples into graph for clip 54
--------------------------------
Processing folder:  data/frames/study_11/55
Inserted 38 triples into graph for clip 55
--------------------------------
Processing folder:  data/frames/study_11/56
Inserted 35 triples into graph for clip 56
--------------------------------
Processing folder:  data/frames/study_11/57
Inserted 25 triples into graph for clip 57
--------------------------------
Processing folder:  data/frames/study_11/58
Inserted 23 triples into graph for clip 58
--------------------------------
Processing folder:  data/frames/study_11/59
Inserted 20 triples into graph for clip 59
--------------------------------
Processing folder:  data/frames/study_11/60
Inserted 28 triples into graph for clip 60
--------------------------------
Processing folder:  data/frames/study_11/61
Inserted 21 triples into graph for clip 61
--------------------------------
Processing folder:  data/frames/study_11/62
Inserted 29 triples into graph for clip 62
--------------------------------
Processing folder:  data/frames/study_11/63
Inserted 25 triples into graph for clip 63
--------------------------------
Processing folder:  data/frames/study_11/64
Inserted 26 triples into graph for clip 64
--------------------------------
Processing folder:  data/frames/study_11/65
Inserted 34 triples into graph for clip 65
--------------------------------
Processing folder:  data/frames/study_11/66
Inserted 27 triples into graph for clip 66
--------------------------------
Processing folder:  data/frames/study_11/67
Inserted 35 triples into graph for clip 67
Extracting summary for final conversation 3...
✓ Final conversation summary extracted. Attributes: 9, Relationships: 4
Inserting character appearances for 5 characters...
✓ Character appearances inserted: 33 appearance edges created
393 node embeddings inserted (8 characters, 385 objects)
1762 edge embeddings inserted
Generating character attributes...
Number of edges:  1762
Character attributes generated.
Number of edges:  1808
Character relationships generated.
Number of edges:  1844
✓ Graph memory built for study_11
Question: Where is Alex's coffee cup?

[Step 1] Searching the graph...
Parse Query Output:
{
  "query_triple": ["<Alex>", "coffee cup is at", "?", 0.95, 0.6, 0.2],
  "spatial_constraint": null,
  "speaker_strict": null,
  "allocation": {
    "k_high_level": 3,
    "k_low_level": 40,
    "k_conversations": 7,
    "total_k": 50,
    "reasoning": "Spatial location query for a specific object owned by Alex; prioritize low-level edges to find where the cup is, minimal high-level for ownership context, limited conversations."
  }
}

Graph Search Results:
**High-Level Information (Character Attributes and Relationships): **

Character Attributes:
- Alex is: carrying a closed laptop with stickers and a book (100), dark brown knit sweater (100), white pants (100)

**Low-Level Information (Actions and Events): **

[1] Alex sits on chair. (bedroom)
[2] Alex sits on chair by desk. (bedroom study corner)
[2] Alex drinks from mug. (bedroom study corner)
[10] Alex sits on small stool. (home study room)
[12] Alex sits on small stool. (study room)
[13] Alex is at bookcase. (study room)
[15] Alex speaks about needing coffee. (study room)
[15] Alex is near chair. (study room)
[27] Alex sits on chair. (bedroom)
[27] Alex is seated. (bedroom)
[28] Alex sits on wooden chair. (living room)
[29] Alex sits on wooden chair. (living room)
[30] Alex sits on wooden chair. (bedroom)
[31] Alex sits on wooden chair. (living room)
[32] Alex sits on wooden chair. (living room)
[32] Chris sits facing Alex. (living room)
[41] Alex stands at side table. (bedroom)
[43] Alex stands at desk. (home study corner)
[46] Alex places back small cushion. (living room)
[46] Alex stands near table. (living room)
[47] Alex stands near TV. (living room)
[48] Alex stands near coffee table. (living room and bedroom)
[48] Alex sits on couch. (living room and bedroom)
[48] Alex gestures at Chris. (living room and bedroom)
[49] Alex sits on floor. (study room)
[50] Alex sits on bed. (bedroom)
[51] Alex sits on low seat. (living room)
[53] Alex sits on bed. (bedroom)
[54] Alex sits on bed. (bedroom)
[55] Alex sits on bed. (bedroom)
[57] Alex sits on bed. (bedroom leading to kitchen)
[58] Alex sits on bed. (bedroom)
[59] Alex sits on bed. (bedroom)
[60] Alex sits on bed. (bedroom)
[62] Alex sits on edge of bed. (bedroom)
[63] Alex stands at desk. (bedroom)
[63] Alex sips water. (bedroom)
[64] Alex sips from glass of water. (bedroom)
[65] Alex sips water. (bedroom)
[65] Alex rests hand on desk. (bedroom)

**Conversations: **

Conversation 1: Chris and Alex chat about books, with Alex expressing strong enthusiasm for reading—particularly suspense and history—and recommending several titles. Chris asks for suggestions, mentions a preference for science fiction and e-books, and plans to start reading soon. They consider visiting a bookstore together and also arrange for a robot to tidy up and bring coffee. No firm decisions are finalized beyond sharing recommendations and mutual interest in getting coffee.
[14] Alex: But we can maybe go to the book store and look for something.
[15] Chris: Okay.
[15] Alex: Oh maybe I need to get coffee I don't know.
[15] Chris: So I want coffee too.
[15] Alex: You want coffee?
[15] Chris: Yes.
[15] Chris: Can I ask robot to buy, to bring me a coffee?

Conversation 3: Chris and Alex search a study room for Chris’s missing phone amid bickering and minor spill-related tension, eventually finding the phone. They discuss reading preferences: Chris is shifting from romance to history (currently Ken Follett) and finds poetry calming but hard; Alex prefers mystery and some sci‑fi, is skeptical about poetry, and has more free time after finishing a software project. A robot assistant is asked to help clean and fetch items. They part on neutral terms after the phone is found.
[36] Alex: Okay, okay.
[36] Alex: Okay. Let me look.
[36] Alex: Did you put it in here?
[37] Alex: When we were looking through the fantasy novels.
[37] Chris: I don't know I'm not sure.
[37] Chris: All right can I find it?
[38] Alex: Check on the, check on the thing you were sitting over there with the chair.
[38] Alex: Maybe here somewhere I don't know, is it under here?
[38] Alex: I don't know.
[38] Chris: Let me check out the other books.
[43] Chris: How do you complain all of that?
[43] Alex: I didn't know.
[43] Alex: I didn't finish this one and now you got coffee on it.
[43] Alex: Now you got coffee on it.
[43] Chris: Oh my god I'm not... I didn't...
[43] Alex: I hope it's not ruined, it's not ruined.
[47] Alex: Remember where you put your phone last.
[47] Alex: Look everywhere. If you unlift the couch maybe over there.
[47] Alex: Where did you put your phone?
[47] Alex: Oh my god oh my god it's here.
[48] Alex: You literally just accused me of hiding your phone.

[Step 2] Evaluating semantic answer...
Action: [Search]
Content: [2, 15, 43, 63, 64, 65]
Summary: Alex drinks from a mug at clip 2 in the bedroom study corner and mentions needing coffee at clip 15; later there’s talk of spilled coffee during clip 43 near the desk/home study corner, and Alex is at the bedroom desk and sipping water at clips 63–65. The graph does not specify the current location of Alex’s coffee cup, so reviewing these clips is needed.

[Step 3] Watching video clips: [2, 15, 43, 63, 64, 65]

   Processing clip 2 (1/6)...
Question: What kind of book would Chris want to read now?

[Step 1] Searching the graph...
Parse Query Output:
{
  "query_triple": ["<Chris>", "wants to read", "book#kind:?", 0.95, 0.3, 0.2],
  "spatial_constraint": null,
  "speaker_strict": null,
  "allocation": {
    "k_high_level": 6,
    "k_low_level": 14,
    "k_conversations": 30,
    "total_k": 50,
    "reasoning": "Preference/intent ('wants to read now') is best inferred from dialogue; include some high-level for traits/interests, some low-level for current actions or context indicating 'now'."
  }
}

Graph Search Results:
**High-Level Information (Character Attributes and Relationships): **

Character Attributes:
- Chris is: interested in reading recommendations (85), prefers science fiction (85), interested in history books (85)

Character Relationships:
- Chris seeks book advice from Alex (90)
- Alex supports and guides reading choices of Chris (80)
- Alex shares book recommendations with Chris (80)

**Low-Level Information (Actions and Events): **

[11] Chris reads on tablet. (study room)
[36] Chris reads paperback book. (study room)
[40] Chris keeps reading book. (bedroom)
[44] Chris reads book. (living room)
[45] Chris reads book. (living room)
[47] Chris keeps reading book. (living room)
[50] Chris reads from book. (bedroom)
[51] Chris reads from book. (living room)
[52] Chris resumes reading book. (bedroom)
[61] Chris reads from book. (bedroom)
[62] Chris reads paperback book. (bedroom)
[64] Chris reads aloud from book. (bedroom)
[65] Chris reads paperback book. (bedroom)
[67] Chris reads small book. (bedroom)

**Conversations: **

Conversation 1: Chris and Alex chat about books, with Alex expressing strong enthusiasm for reading—particularly suspense and history—and recommending several titles. Chris asks for suggestions, mentions a preference for science fiction and e-books, and plans to start reading soon. They consider visiting a bookstore together and also arrange for a robot to tidy up and bring coffee. No firm decisions are finalized beyond sharing recommendations and mutual interest in getting coffee.
[2] Chris: Alex.
[2] Alex: Yeah sorry.
[2] Chris: What are you reading?
[2] Alex: Oh it's just a suspense novel a mystery suspense novel.
[2] Alex: I bought it recently and it's got a really good plot to it.
[3] Alex: I mean it's something I just recently bought and it's completely just take up my mind.
[3] Alex: You can look and see it.
[3] Chris: Who is the author?
[3] Alex: Oh it's called ...
[3] Chris: Is he your favorite author?
[3] Alex: For now yeah I mean I like the way he's doing everything.
[3] Alex: And the works that he does.
[4] Alex: We should all walk and be kind to each other and use humanity for different things.
[4] Alex: So I think that's a really great story that he used.
[5] Chris: What is so interesting for you in this book?
[5] Alex: Just the way he uses the characters and the plots and it's always exciting.
[5] Alex: It's not like he's just boring or something... or whatever.
[7] Alex: My favorite one actually...
[7] Alex: My favorite one is this one.
[7] Chris: Actually I was happened to buy some books and start reading.
[8] Chris: Could you please help me?
[8] Alex: Yeah I mean this one, this one is great.
[9] Alex: And everything all the way up until see..
[9] Alex: Even all the way up until modern times.
[9] Chris: So I think you like reading so much.
[9] Alex: Oh yeah.
[9] Alex: I mean really I've been so busy working.
[12] Alex: What about you?
[12] Alex: What's your favorite book?
[12] Alex: What are you reading right now?
[12] Chris: I'm just doing some studying these days.
[12] Chris: But maybe I start reading from next week.
[12] Alex: Do you have any good books right now? Or...
[12] Chris: You can also...
[12] Chris: You can introduce me some good books.
[12] Alex: I mean you can look around of all these books.
[13] Alex: You can pick one of mine.
[14] Alex: So you have to go back and reread all of them.
[14] Alex: Well like I said you know feel free anytime you want to come in here.
[14] Chris: You know the science fiction book is my favorite type.
[14] Alex: Really?
[14] Chris: Yes do you have something such as...

Conversation 3: Chris and Alex search a study room for Chris’s missing phone amid bickering and minor spill-related tension, eventually finding the phone. They discuss reading preferences: Chris is shifting from romance to history (currently Ken Follett) and finds poetry calming but hard; Alex prefers mystery and some sci‑fi, is skeptical about poetry, and has more free time after finishing a software project. A robot assistant is asked to help clean and fetch items. They part on neutral terms after the phone is found.
[37] Alex: Well where else could it be? Always losing your phone and blaming other people.
[37] Chris: I don't know where is the books?
[37] Chris: Maybe it's in the books.
[37] Alex: No.
[37] Alex: It's not in the books.
[41] robot: Okay.
[42] Alex: Can't believe you did this always spilling stuff on the thing.
[42] Chris: Give me a book,
[43] Alex: Try it off.
[43] Alex: Always spilling on my books.
[49] Alex: I help you. I think I did help you.
[49] Chris: Yes.
[49] Alex: So what are you currently reading right now?
[49] Chris: I'm doing some history books.
[49] Alex: History books?
[49] Chris: Yes I'm reading some...
[49] Alex: Are you sure not romance novels?
[49] Chris: I've read too many romance books so now.
[49] Chris: So I'm try out of romance books.
[49] Chris: I want to read some history books.
[49] Alex: Be careful because I had a friend, a colleague.
[49] Alex: Who read history books and was hooked on it for a while.
[52] Alex: I guess now that you say it maybe that's a little cold.
[52] Alex: Hey robot, can you turn on the air conditioning?
[52] Chris: Right now I'm reading the historical books of Ken Follett.
[52] Alex: Oh, really?
[52] Chris: Really.
[54] Alex: Lest that they want more advanced literature.
[55] Chris: So... Alex: It's a little bit too boring.
[55] Chris: If you want to read history Ernest Cambridge would be perfect for you.
[55] Alex: I want something more advanced.
[55] Alex: Something I can fall into the books and be immersed into it.
[56] Chris: So I can not that read.
[56] Chris: And also a colleague of mine just introduced me Ken Follett.
[56] Chris: So that's why I'm reading his book.
[56] Chris: But I'm really interested in it.
[56] Chris: So I want to continue oh
[57] Chris: Robot.
[57] Alex: Hey robot can you get a cloth and clean the windows please?
[58] Chris: You know the trends, good books is really hard to find.
[59] Alex: What are you talking about what kind of books?
[59] Chris: I mean about poetry, by the way Alex does you like poetry?
[60] Chris: But reading one or two poems would be great.
[60] Alex: Maybe I'll give it a try one day but you know we'll see.
[60] Chris: Oh how about the science fiction books?
[60] Alex: Not too bad.
[60] Alex: Like I said I prefer science fiction, but I like mystery right now better.
[61] Alex: I don't really do any of the other genres right now.
[61] Alex: I'm doing you know mystery books and all that.
[61] Chris: So you are satisfied with mystery books?
[61] Alex: Yeah just for a moment.
[61] Chris: You know as soon as I started to reading...
[64] Alex: Some are just rhyming other ones that are actually telling a story.
[64] Alex: You know something all different kinds you know I mean?
[64] Chris: You know when I was a teenager I used to read their science fiction books.
[64] Chris: I was a huge fan of the science fiction books.
[64] Chris: But it was when I was a teenager only about sixteen seventeen years old.
[64] Chris: Right now I'm so interested in the other books.
[65] Chris: Such as historical books.
[65] Chris: And you are saying you are so interested in these three books.
[65] Chris: Do you know the Daren shawn?
[65] Chris: Daren shawn.
[65] Chris: He is a novelist of the science fiction books.
[65] Chris: He writing for teenagers.
[65] Alex: Maybe later I can do science fiction. right now I just focus on you know mystery.
[65] Alex: But science fiction has its ups and downs like I said it's also good but I like...

Conversation 2: Chris and Alex discuss mystery novels, with Alex expressing a preference for a current, more philosophically engaging book over Agatha Christie, and promising to finish it within three days to lend it to Chris. Chris indicates being busy but interested in reading it later. Chris asks a robot to help place a book on a bookshelf, and the robot agrees.
[27] Chris: It's so nice... Thank you so much robot.
[27] Chris: It's a black one as I said.
[27] Chris: Right away who is your favorite novelist?
[27] Alex: Recently I'm kind of into mystery books to be honest.
[27] Alex: So I've been focusing more on mystery authors. So...

[Step 2] Evaluating semantic answer...
Action: [Answer]
Content: Chris now wants to read history books.
FINAL ANSWER (from graph):
Chris now wants to read history books.
Question: Is Alex interested in mystery novels?

[Step 1] Searching the graph...
Parse Query Output:
{
  "query_triple": ["<Alex>", "interested in", "mystery novels", 0.95, 0.3, 0.6],
  "spatial_constraint": null,
  "speaker_strict": null,
  "allocation": {
    "k_high_level": 8,
    "k_low_level": 10,
    "k_conversations": 32,
    "total_k": 50,
    "reasoning": "Preference/interest is a character attribute; use high-level edges to capture traits. Conversations likely mention tastes (likes, hobbies), so allocate substantially there. Low-level edges minimally for any actions showing interest (e.g., reading/buying mystery novels)."
  }
}

Graph Search Results:
**High-Level Information (Character Attributes and Relationships): **

Character Attributes:
- Alex is: female (100), avid reader (95), slim (100), white pants (100), carrying a closed laptop with stickers and a book (100), long brown hair down (100)

Character Relationships:
- Chris seeks book advice from Alex (90)
- Chris friends with Alex (80)

**Low-Level Information (Actions and Events): **

[3] Alex invites to look at book. (study room)
[5] Alex looks through book. (bedroom)
[8] Alex places different book. (bedroom)
[9] Alex gestures toward another book. (bedroom)
[11] Alex reaches for another book. (study room)
[14] Alex places another book. (home study with bookshelf)
[29] Alex offers book. (living room)
[31] Alex points in paperback book. (living room)
[32] Alex keeps paperback. (living room)
[66] Alex asks about history book. (bedroom)

**Conversations: **

Conversation 2: Chris and Alex discuss mystery novels, with Alex expressing a preference for a current, more philosophically engaging book over Agatha Christie, and promising to finish it within three days to lend it to Chris. Chris indicates being busy but interested in reading it later. Chris asks a robot to help place a book on a bookshelf, and the robot agrees.
[27] Chris: It's a black one as I said.
[27] Chris: Right away who is your favorite novelist?
[27] Alex: Recently I'm kind of into mystery books to be honest.
[27] Alex: So I've been focusing more on mystery authors. So...
[28] Alex: I don't know there's so many of them nowadays.
[28] Alex: I heard some good ones like I got the Christie.
[28] Alex: But I don't really know. Her books are good.
[28] Alex: Oh my god you haven't mentioned.
[28] Chris: You haven't mentioned about Agatha Christie recently.
[29] Alex: And how everything's supposed to be.
[29] Alex: And it's just more... I don't know.
[29] Alex: It's just more fascinating than Agatha Christie.
[29] Alex: I do like mystery novels. I love mystery novels.
[29] Alex: But I mean maybe not a... God the Christy's own books are kind of boring to me to be honest.
[29] Alex: You know what I mean.
[29] Chris: Really?
[29] Chris: Oh kidding me.
[29] Alex: I mean compared to this book.
[29] Alex: Though have you read this book?
[29] Chris: No.
[29] Alex: Once I'm done reading, I'll give it to you and you can read.
[29] Alex: And then you can compare between them two.
[29] Alex: You know Agatha Christie and all that, and see.
[30] Alex: But either way, I mean.
[30] Alex: I don't know maybe I'm wrong maybe I could be wrong but I need to finish this book first.

Conversation 3: Chris and Alex search a study room for Chris’s missing phone amid bickering and minor spill-related tension, eventually finding the phone. They discuss reading preferences: Chris is shifting from romance to history (currently Ken Follett) and finds poetry calming but hard; Alex prefers mystery and some sci‑fi, is skeptical about poetry, and has more free time after finishing a software project. A robot assistant is asked to help clean and fetch items. They part on neutral terms after the phone is found.
[36] Alex: Okay. Let me look.
[36] Alex: Did you put it in here?
[37] Alex: When we were looking through the fantasy novels.
[37] Chris: I don't know I'm not sure.
[37] Alex: Is it in the desk here let me see.
[49] Alex: I help you. I think I did help you.
[49] Chris: Yes.
[49] Alex: So what are you currently reading right now?
[49] Chris: I'm doing some history books.
[49] Alex: History books?
[49] Chris: Yes I'm reading some...
[49] Alex: Are you sure not romance novels?
[49] Chris: I've read too many romance books so now.
[49] Chris: So I'm try out of romance books.
[49] Chris: I want to read some history books.
[49] Alex: Be careful because I had a friend, a colleague.
[49] Alex: Who read history books and was hooked on it for a while.
[49] Chris: Why?
[49] Alex: I guess loves history and how things go and it's interesting.
[50] Alex: So be careful.
[50] Chris: So I'm careful but you know I'm really enjoyed with history books too you know.
[54] Chris: Yeah.
[54] Alex: But then like you get to inform readers.
[54] Alex: Lest that they want more advanced literature.
[55] Chris: So... Alex: It's a little bit too boring.
[55] Chris: If you want to read history Ernest Cambridge would be perfect for you.
[55] Alex: I want something more advanced.
[55] Alex: Something I can fall into the books and be immersed into it.
[55] Alex: Not really... I don't know.
[55] Alex: Plus to be honest I haven't really been an habit reader or so.
[57] Alex: Hey robot can you get a cloth and clean the windows please?
[58] Chris: You know the trends, good books is really hard to find.
[59] Alex: What are you talking about what kind of books?
[59] Chris: I mean about poetry, by the way Alex does you like poetry?
[59] Alex: It's too confusing, hard to remember.
[59] Alex: Too difficult to even to keep on, you know what I mean.
[59] Alex: I like a little bit of science fiction, maybe mystery, but poetry...
[59] Alex: I can't stand poetry.
[59] Chris: You know poetry can keep me calm.
[60] Chris: That's why I cannot read too much.
[60] Alex: Yeah same thing with me.
[60] Alex: I prefer mystery or science fiction maybe history or something.
[60] Chris: But reading one or two poems would be great.
[60] Alex: Maybe I'll give it a try one day but you know we'll see.
[60] Chris: Oh how about the science fiction books?
[60] Alex: Not too bad.
[60] Alex: Like I said I prefer science fiction, but I like mystery right now better.
[61] Alex: So I'm poetry science...
[61] Alex: I don't really do any of the other genres right now.
[61] Alex: I'm doing you know mystery books and all that.
[61] Chris: So you are satisfied with mystery books?
[61] Alex: Yeah just for a moment.
[61] Chris: You know as soon as I started to reading...
[65] Chris: He is a novelist of the science fiction books.
[65] Chris: He writing for teenagers.
[65] Alex: Maybe later I can do science fiction. right now I just focus on you know mystery.
[65] Alex: But science fiction has its ups and downs like I said it's also good but I like...
[66] Alex: I like detective you know mystery.
[66] Alex: What's going to happen next kind of stuff.
[66] Alex: You getting tired?

Conversation 1: Chris and Alex chat about books, with Alex expressing strong enthusiasm for reading—particularly suspense and history—and recommending several titles. Chris asks for suggestions, mentions a preference for science fiction and e-books, and plans to start reading soon. They consider visiting a bookstore together and also arrange for a robot to tidy up and bring coffee. No firm decisions are finalized beyond sharing recommendations and mutual interest in getting coffee.
[2] Alex: Yeah sorry.
[2] Chris: What are you reading?
[2] Alex: Oh it's just a suspense novel a mystery suspense novel.
[2] Alex: I bought it recently and it's got a really good plot to it.
[2] Chris: Tell me more about it.
[2] Chris: You seeing so focus the I feel bad maybe disturbing you.
[2] Alex: Sorry.
[2] Alex: It's basically a suspense novel full of mystery and it's got a great plot.
[3] Alex: I mean it's something I just recently bought and it's completely just take up my mind.
[3] Alex: You can look and see it.
[4] Alex: So I think that's a really great story that he used.
[5] Chris: What is so interesting for you in this book?
[5] Alex: Just the way he uses the characters and the plots and it's always exciting.
[5] Alex: It's not like he's just boring or something... or whatever.
[5] Alex: He actually is very suspenseful. You know.
[5] Alex: I mean very suspenseful in the serious.
[5] Alex: So you always have to think what's going on what's going on.
[12] Alex: Give me a few weeks and I'll finish all those books.
[12] Alex: What about you?
[12] Alex: What's your favorite book?
[12] Alex: What are you reading right now?
[12] Chris: I'm just doing some studying these days.
[12] Chris: But maybe I start reading from next week.
[12] Chris: Yeah.
[12] Alex: What are you getting?
[12] Alex: Do you have any good books right now? Or...
[12] Chris: You can also...
[12] Chris: You can introduce me some good books.
[14] Alex: Really?
[14] Chris: Yes do you have something such as...
[14] Alex: Science fiction? No, not currently.
[14] Alex: But we can maybe go to the book store and look for something.
[15] Chris: Okay.

[Step 2] Evaluating semantic answer...
Action: [Answer]
Content: Yes, Alex is interested in mystery novels.
FINAL ANSWER (from graph):
Yes, Alex is interested in mystery novels.
Question: Where is the new box brought by Chris?

[Step 1] Searching the graph...
Parse Query Output:
{
  "query_triple": ["box#new", "is at", "?", 0.9, 0.5, 0.2],
  "spatial_constraint": null,
  "speaker_strict": null,
  "allocation": {
    "k_high_level": 4,
    "k_low_level": 40,
    "k_conversations": 6,
    "total_k": 50,
    "reasoning": "Spatial/action query about the location of a specific object ('new box') with provenance ('brought by <Chris>'). Prioritize low-level edges to track 'Chris brings box#new to location' and current placement. Limited high-level for character-object association and minimal conversations for any spoken cues about where Chris placed it."
  }
}

Graph Search Results:
**High-Level Information (Character Attributes and Relationships): **

Character Attributes:
- character_1 is: seated (100), male (100)
- character_2 is: standing (100), female (100)

**Low-Level Information (Actions and Events): **

[1] character_2 carries white box. (bedroom)
[1] character_2 holds box. (bedroom)
[1] character_2 places box. (bedroom)
[1] box is on floor. (bedroom)
[2] book is on desktop. (bedroom study corner)
[2] book is on desk. (bedroom study corner)
[3] basket is on floor. (study room)
[6] item is on desk. (bedroom)
[7] blue tissue box is on table. (bedroom study corner)
[9] item is on desk. (bedroom)
[9] book is on desk. (bedroom)
[10] book is in <Alex>'s hand. (home study room)
[13] book is on side table. (study room)
[13] book is on table. (study room)
[13] Alex is at bookcase. (study room)
[13] book is on top shelf. (study room)
[14] book is on desk. (home study with bookshelf)
[15] book is on desk. (study room)
[15] item is on desk. (study room)
[16] mug is on table. (bedroom leading to dining area and kitchen)
[16] item is on side table. (bedroom leading to dining area and kitchen)
[24] black grinder is over container. (kitchen counter with espresso machine and stovetop)
[24] ground coffee is into container. (kitchen counter with espresso machine and stovetop)
[24] burr of grinder is near container. (kitchen counter with espresso machine and stovetop)
[24] scoop is inside container. (kitchen counter with espresso machine and stovetop)
[32] book is in bookshelf. (living room)
[34] book is on lower shelf. (bookshelf)
[36] object is on desk. (study room)
[37] item is on tabletop. (bedroom)
[39] Chris suggests checking box. (bedroom)
[41] mug is on table. (bedroom)
[44] book is on desk. (living room)
[46] white item is on table. (living room)
[49] book is on Chris's lap. (study room)
[52] page is in book. (bedroom)
[52] air-conditioner remote is on table. (bedroom)
[55] blue cover is on Alex's lap. (bedroom)
[55] stacked book is on table. (bedroom)
[65] book is on desk. (bedroom)
[66] stack is on table. (bedroom)

**Conversations: **

Conversation 3: Chris and Alex search a study room for Chris’s missing phone amid bickering and minor spill-related tension, eventually finding the phone. They discuss reading preferences: Chris is shifting from romance to history (currently Ken Follett) and finds poetry calming but hard; Alex prefers mystery and some sci‑fi, is skeptical about poetry, and has more free time after finishing a software project. A robot assistant is asked to help clean and fetch items. They part on neutral terms after the phone is found.
[37] Chris: Oh my god.
[37] Alex: Well where else could it be? Always losing your phone and blaming other people.
[37] Chris: I don't know where is the books?
[37] Chris: Maybe it's in the books.
[37] Alex: No.
[39] Chris: Maybe by chance.
[39] Chris: I should find it.
[39] Chris: Where can I find it?
[39] Chris: Can you check there?
[39] Alex: Window? I don't think so. Sounds be ignore.
[39] Alex: Because I would see it...
[39] Chris: How about watching the box?
[40] Alex: Check in a box. It's... Come on, nothing in here.
[40] Chris: This is your phone, but my phone is not here, oh my god.
[46] Chris: It was just the study room, just a moment ago it was with me.
[46] Alex: Just look.
[46] Chris: I don't know where did I put it.
[46] Chris: The house full of the people like you.
[47] Alex: Sometimes.
[66] Alex: Make sure you...
[66] Chris: Robot could you please bring me my history book?
[66] Chris: I don't know where is it.
[67] Chris: Thank you robot okay.
[67] Chris: Alex I had a good time with you.

[Step 2] Evaluating semantic answer...
Action: [Answer]
Content: On the bedroom floor.
FINAL ANSWER (from graph):
On the bedroom floor.
Question: Does Chris have a good habit for picking up her own things?

[Step 1] Searching the graph...
Parse Query Output:
{
  "query_triple": ["<Chris>", "habit of picking up", "her own things", 0.95, 0.35, 0.5],
  "spatial_constraint": null,
  "speaker_strict": null,
  "allocation": {
    "k_high_level": 9,
    "k_low_level": 26,
    "k_conversations": 15,
    "total_k": 50,
    "reasoning": "Behavior/trait evaluation with action evidence: use high-level for habits/traits, low-level to check instances of Chris picking up her own belongings, and some conversations for mentions or confirmations."
  }
}

Graph Search Results:
**High-Level Information (Character Attributes and Relationships): **

Character Attributes:
- Chris is: medium build (100), clean-shaven (100), male (100), dark track pants with side stripes (100)

Character Relationships:
- Chris seeks book advice from Alex (90)
- Alex supports and guides reading choices of Chris (80)
- Alex shares book recommendations with Chris (80)
- Chris friends with Alex (80)
- Chris cooperates with Alex (80)

**Low-Level Information (Actions and Events): **

[3] Chris picks up tablet. (study room)
[6] Chris picks up tablet. (bedroom)
[9] Chris points toward item. (bedroom)
[11] Chris picks up tablet. (study room)
[13] Chris can pick Alex's book. (study room)
[13] Chris looks at shelf. (study room)
[13] Chris searches shelf. (study room)
[15] Chris lifts item. (study room)
[15] Chris places item. (study room)
[16] Chris tidies item. (bedroom leading to dining area and kitchen)
[30] Chris picks up notepad. (bedroom)
[30] Chris picks up tablet. (bedroom)
[32] Chris picks up white storage bin. (living room)
[32] Chris stands up holding bin of book. (living room)
[37] Chris searches shelf. (bedroom)
[39] Chris searches shelf. (bedroom)
[39] Chris rifles through upper shelf. (bedroom)
[40] Chris picks up book. (bedroom)
[40] Chris picks up from desk. (bedroom)
[42] Chris picks up book. (apartment bedroom and kitchen)
[43] Chris handles book. (home study corner)
[43] Chris places down item. (home study corner)
[43] Chris picks up cloth. (home study corner)
[45] Chris keeps flipping through book. (living room)
[56] Chris picks up book. (bedroom)
[63] Chris gestures with free hand. (bedroom)

**Conversations: **

Conversation 1: Chris and Alex chat about books, with Alex expressing strong enthusiasm for reading—particularly suspense and history—and recommending several titles. Chris asks for suggestions, mentions a preference for science fiction and e-books, and plans to start reading soon. They consider visiting a bookstore together and also arrange for a robot to tidy up and bring coffee. No firm decisions are finalized beyond sharing recommendations and mutual interest in getting coffee.
[7] Alex: My favorite one is this one.
[7] Chris: Actually I was happened to buy some books and start reading.
[8] Chris: Could you please help me?
[8] Alex: Yeah I mean this one, this one is great.
[8] Alex: Because it's got the Chinese, Japanese and Korean culture.
[8] Alex: He talks about the emperor and just how they built the whole empire, how they decided who's gonna live, where, what's gonna happen...
[8] Alex: The other one... You can do this one.
[8] Chris: How about this one?
[9] Alex: This one.
[9] Alex: Jerusalem the biography is about the Israel.
[10] Alex: You know I want to, I want to know what's going to happen.
[10] Alex: So you can like stop in the middle and just put it down and do something you want to go further and further you know what I mean.
[10] Chris: Did you finish it?
[10] Alex: This one I finished like two weeks ago and then these other ones I finished...
[10] Alex: I like you read so fast.
[12] Chris: But maybe I start reading from next week.
[12] Alex: Next week?
[12] Chris: Yeah.
[12] Alex: What are you getting?
[12] Alex: Do you have any good books right now? Or...
[15] Chris: So I want coffee too.
[15] Alex: You want coffee?
[15] Chris: Yes.
[15] Chris: Can I ask robot to buy, to bring me a coffee?
[15] Chris: I think I can... Okay. Give me these books I should put it here.

Conversation 3: Chris and Alex search a study room for Chris’s missing phone amid bickering and minor spill-related tension, eventually finding the phone. They discuss reading preferences: Chris is shifting from romance to history (currently Ken Follett) and finds poetry calming but hard; Alex prefers mystery and some sci‑fi, is skeptical about poetry, and has more free time after finishing a software project. A robot assistant is asked to help clean and fetch items. They part on neutral terms after the phone is found.
[39] Alex: Look on my desk I will look over here.
[39] Alex: Be careful don't spill anything.
[39] Chris: Maybe by chance.
[39] Chris: I should find it.
[39] Chris: Where can I find it?
[39] Chris: Can you check there?
[39] Alex: Window? I don't think so. Sounds be ignore.
[39] Alex: Because I would see it...
[44] Chris: Not yet.
[44] Alex: Keep looking.
[44] Chris: I'm keeping.
[44] Alex: Don't make another mess here you already made a mess in my study.
[45] Chris: Oh my god stop it.
[48] Chris: Yes, I'm glad too I'm happy actually you didn't help me at all but in that case I found my phone.
[49] Alex: I help you. I think I did help you.
[49] Chris: Yes.
[49] Alex: So what are you currently reading right now?
[49] Chris: I'm doing some history books.
[49] Alex: Be careful because I had a friend, a colleague.
[49] Alex: Who read history books and was hooked on it for a while.
[49] Chris: Why?
[49] Alex: I guess loves history and how things go and it's interesting.
[50] Alex: So be careful.
[53] Alex: I didn't call him bad, no worries.
[53] Chris: Because I'm at the middle of something.
[53] Chris: why do I just...?
[53] Alex: Well either way I can't tell if Ken Follett is good, he's very...
[53] Alex: I don't know, he's very..., he has known a lot of history.
[54] Chris: Even a kid cannot understand what it is saying.
[54] Alex: Really?
[54] Chris: Yeah.
[54] Alex: But then like you get to inform readers.
[54] Alex: Lest that they want more advanced literature.

Conversation 2: Chris and Alex discuss mystery novels, with Alex expressing a preference for a current, more philosophically engaging book over Agatha Christie, and promising to finish it within three days to lend it to Chris. Chris indicates being busy but interested in reading it later. Chris asks a robot to help place a book on a bookshelf, and the robot agrees.
[28] Alex: Oh my god you haven't mentioned.
[28] Chris: You haven't mentioned about Agatha Christie recently.
[28] Chris: You had a lot?
[28] Alex: No, I've read her book before.
[28] Alex: But the plot line was good, but it's not comparable to this current book I'm reading.
[29] Alex: But I mean maybe not a... God the Christy's own books are kind of boring to me to be honest.
[29] Alex: You know what I mean.
[29] Chris: Really?
[29] Alex: Yeah.
[29] Chris: Oh kidding me.
[29] Alex: I mean compared to this book.
[29] Alex: Though have you read this book?
[29] Chris: No.
[29] Alex: Once I'm done reading, I'll give it to you and you can read.
[29] Alex: And then you can compare between them two.

[Step 2] Evaluating semantic answer...
Action: [Answer]
Content: Yes, Chris frequently picks up and handles her own items like tablets, books, and a notepad across multiple clips.
FINAL ANSWER (from graph):
Yes, Chris frequently picks up and handles her own items like tablets, books, and a notepad across multiple clips.
Question: Does Robot turn on the conditioner in heating mode or cooling mode?

[Step 1] Searching the graph...
Parse Query Output:
{
  "query_triple": ["<Robot>", "turns on", "conditioner#mode", 0.95, 0.35, 0.8],
  "spatial_constraint": null,
  "speaker_strict": null,
  "allocation": {
    "k_high_level": 5,
    "k_low_level": 40,
    "k_conversations": 5,
    "total_k": 50,
    "reasoning": "Action and state query about device mode; prioritize low-level edges capturing 'turns on' and mode (heating vs cooling). Minimal high-level and conversation allocation."
  }
}

Graph Search Results:
**High-Level Information (Character Attributes and Relationships): **

Character Attributes:
- character_1 is: male (100), seated (100), dark pants (100)
- character_2 is: standing (100), female (100)

**Low-Level Information (Actions and Events): **

[1] character_2 opens door. (bedroom)
[1] character_2 steps into room. (bedroom)
[1] character_2 closes door. (bedroom)
[1] character_2 walks toward desk. (bedroom)
[1] character_2 holds box. (bedroom)
[1] character_2 places box. (bedroom)
[1] box is on floor. (bedroom)
[2] book is on desktop. (bedroom study corner)
[3] basket is on floor. (study room)
[6] item is on desk. (bedroom)
[6] mess is on desk. (bedroom)
[9] item is on desk. (bedroom)
[14] book is on desk. (home study with bookshelf)
[15] book is on desk. (study room)
[15] item is on desk. (study room)
[18] grinder is on counter. (kitchen countertop)
[19] metal cover is on machine's top tray. (kitchen countertop with espresso machine)
[19] robot closes machine. (kitchen countertop with espresso machine)
[24] character_1 tilts over black grinder. (kitchen counter with espresso machine and stovetop)
[24] character_1 places down on grinder. (kitchen counter with espresso machine and stovetop)
[24] grinder is on stovetop. (kitchen counter with espresso machine and stovetop)
[25] character_1 turns knob. (kitchen countertop with espresso machine)
[32] tablet is on <Chris>'s lap. (living room)
[35] robot turns to iPad. (study room)
[35] character_1 sits in chair. (study room)
[35] character_2 picks up tablet. (study room)
[36] Alex moves object. (study room)
[36] object is on desk. (study room)
[36] Alex checks underneath object. (study room)
[37] item is on tabletop. (bedroom)
[44] book is on desk. (living room)
[46] white item is on table. (living room)
[52] robot turns on wall unit. (bedroom)
[52] air-conditioner remote is on table. (bedroom)
[58] camera moves toward window. (bedroom)
[58] smartphone is on bed. (bedroom)
[59] smartphone is on bed. (bedroom)
[62] tablet is on bed. (bedroom)
[65] book is on desk. (bedroom)
[66] robot starts moving camera. (bedroom)

**Conversations: **

Conversation 3: Chris and Alex search a study room for Chris’s missing phone amid bickering and minor spill-related tension, eventually finding the phone. They discuss reading preferences: Chris is shifting from romance to history (currently Ken Follett) and finds poetry calming but hard; Alex prefers mystery and some sci‑fi, is skeptical about poetry, and has more free time after finishing a software project. A robot assistant is asked to help clean and fetch items. They part on neutral terms after the phone is found.
[41] Alex: Oh my god now my books are gonna be all wet.
[41] Chris: Robot can you please get some cloth for me?
[41] robot: Okay.
[42] Alex: Can't believe you did this always spilling stuff on the thing.
[42] Chris: Give me a book,
[51] Alex: Sorry, sorry.
[51] Chris: What happened for you? Maybe getting a little cold or something?
[51] Chris: Oh okay you can turn off the conditioner.
[51] Alex: I don't think so because it wasn't that cold earlier.
[51] Chris: Oh come on Alex here is really cold when I came inside I shivered.
[52] Alex: Yes.
[52] Alex: I guess now that you say it maybe that's a little cold.
[52] Alex: Hey robot, can you turn on the air conditioning?
[52] Chris: Right now I'm reading the historical books of Ken Follett.
[52] Alex: Oh, really?

Conversation 1: Chris and Alex chat about books, with Alex expressing strong enthusiasm for reading—particularly suspense and history—and recommending several titles. Chris asks for suggestions, mentions a preference for science fiction and e-books, and plans to start reading soon. They consider visiting a bookstore together and also arrange for a robot to tidy up and bring coffee. No firm decisions are finalized beyond sharing recommendations and mutual interest in getting coffee.
[6] Alex: The desk is so messy.
[6] Alex: Hey robot can you clean the desk a little bit?
[6] robot: Okay.
[6] Alex: So messy.
[7] Alex: Yeah by the way I mean as I was saying.

Conversation 2: Chris and Alex discuss mystery novels, with Alex expressing a preference for a current, more philosophically engaging book over Agatha Christie, and promising to finish it within three days to lend it to Chris. Chris indicates being busy but interested in reading it later. Chris asks a robot to help place a book on a bookshelf, and the robot agrees.
[32] Chris: I have something to do.
[32] Chris: Robot, can you please help me to put this book in the bookshelf?
[32] robot: Okay.
[32] Chris: Thank you.

[Step 2] Evaluating semantic answer...
Action: [Answer]
Content: Cooling mode.
FINAL ANSWER (from graph):
Cooling mode.
Question: Does Chris enjoy history books now?

[Step 1] Searching the graph...
Parse Query Output:
{
  "query_triple": ["<Chris>", "enjoys", "history books", 0.95, 0.3, 0.6],
  "spatial_constraint": null,
  "speaker_strict": null,
  "allocation": {
    "k_high_level": 8,
    "k_low_level": 12,
    "k_conversations": 30,
    "total_k": 50,
    "reasoning": "Preference/temporal 'now' query—use high-level edges for stable likes/dislikes, conversations to confirm current enjoyment, and some low-level edges for recent actions (reading, mentioning)."
  }
}

Graph Search Results:
**High-Level Information (Character Attributes and Relationships): **

Character Attributes:
- Chris is: male (100), clean-shaven (100), medium build (100)

Character Relationships:
- Chris seeks book advice from Alex (90)
- Chris cooperates with Alex (80)
- Chris friends with Alex (80)
- Alex shares book recommendations with Chris (80)
- Alex supports and guides reading choices of Chris (80)

**Low-Level Information (Actions and Events): **

[3] Chris looks at book. (study room)
[10] Chris looks at book. (home study room)
[13] Chris browses book. (study room)
[13] Chris looks at book. (study room)
[41] Chris looks at book. (bedroom)
[43] Chris looks at book. (home study corner)
[44] Chris reads book. (living room)
[45] Chris reads book. (living room)
[55] Chris recommends history author. (bedroom)
[55] Chris keeps book. (bedroom)
[59] Chris looks at blue-covered book. (bedroom)
[66] Chris talks about book. (bedroom)

**Conversations: **

Conversation 3: Chris and Alex search a study room for Chris’s missing phone amid bickering and minor spill-related tension, eventually finding the phone. They discuss reading preferences: Chris is shifting from romance to history (currently Ken Follett) and finds poetry calming but hard; Alex prefers mystery and some sci‑fi, is skeptical about poetry, and has more free time after finishing a software project. A robot assistant is asked to help clean and fetch items. They part on neutral terms after the phone is found.
[37] Alex: Well where else could it be? Always losing your phone and blaming other people.
[37] Chris: I don't know where is the books?
[37] Chris: Maybe it's in the books.
[37] Alex: No.
[37] Alex: It's not in the books.
[49] Chris: Yes.
[49] Alex: So what are you currently reading right now?
[49] Chris: I'm doing some history books.
[49] Alex: History books?
[49] Chris: Yes I'm reading some...
[49] Alex: Are you sure not romance novels?
[49] Chris: I've read too many romance books so now.
[49] Chris: So I'm try out of romance books.
[49] Chris: I want to read some history books.
[49] Alex: Be careful because I had a friend, a colleague.
[49] Alex: Who read history books and was hooked on it for a while.
[49] Chris: Why?
[49] Alex: I guess loves history and how things go and it's interesting.
[50] Alex: So be careful.
[50] Chris: So I'm careful but you know I'm really enjoyed with history books too you know.
[50] Chris: It's something...
[50] Alex: Sorry.
[50] Chris: About the past what people do.
[50] Chris: I don't know it's really helpful if you want to make your future, if you want to make live better that's really helpful for you.
[51] Chris: You can learn from the past you know.
[51] Alex: Yeah a little bit.
[51] Chris: Right love it.
[52] Alex: I guess now that you say it maybe that's a little cold.
[52] Alex: Hey robot, can you turn on the air conditioning?
[52] Chris: Right now I'm reading the historical books of Ken Follett.
[52] Alex: Oh, really?
[52] Chris: Really.
[54] Alex: So what do you think?
[54] Chris: I tried some...
[54] Chris: Also I read some of Ernest Cambridge do you know him?
[54] Alex: Yeah.
[54] Chris: His writing is so simple and so easy.
[54] Alex: Lest that they want more advanced literature.
[55] Chris: So... Alex: It's a little bit too boring.
[55] Chris: If you want to read history Ernest Cambridge would be perfect for you.
[55] Alex: I want something more advanced.
[55] Alex: Something I can fall into the books and be immersed into it.
[56] Chris: So I can not that read.
[56] Chris: And also a colleague of mine just introduced me Ken Follett.
[56] Chris: So that's why I'm reading his book.
[56] Chris: But I'm really interested in it.
[56] Chris: So I want to continue oh
[60] Chris: But reading one or two poems would be great.
[60] Alex: Maybe I'll give it a try one day but you know we'll see.
[60] Chris: Oh how about the science fiction books?
[60] Alex: Not too bad.
[60] Alex: Like I said I prefer science fiction, but I like mystery right now better.
[61] Alex: I don't really do any of the other genres right now.
[61] Alex: I'm doing you know mystery books and all that.
[61] Chris: So you are satisfied with mystery books?
[61] Alex: Yeah just for a moment.
[61] Chris: You know as soon as I started to reading...
[64] Alex: Some are just rhyming other ones that are actually telling a story.
[64] Alex: You know something all different kinds you know I mean?
[64] Chris: You know when I was a teenager I used to read their science fiction books.
[64] Chris: I was a huge fan of the science fiction books.
[64] Chris: But it was when I was a teenager only about sixteen seventeen years old.
[64] Chris: Right now I'm so interested in the other books.
[65] Chris: Such as historical books.
[65] Chris: And you are saying you are so interested in these three books.
[65] Chris: Do you know the Daren shawn?
[65] Chris: Daren shawn.

Conversation 1: Chris and Alex chat about books, with Alex expressing strong enthusiasm for reading—particularly suspense and history—and recommending several titles. Chris asks for suggestions, mentions a preference for science fiction and e-books, and plans to start reading soon. They consider visiting a bookstore together and also arrange for a robot to tidy up and bring coffee. No firm decisions are finalized beyond sharing recommendations and mutual interest in getting coffee.
[2] Chris: Alex.
[2] Alex: Yeah sorry.
[2] Chris: What are you reading?
[2] Alex: Oh it's just a suspense novel a mystery suspense novel.
[2] Alex: I bought it recently and it's got a really good plot to it.
[3] Alex: I mean it's something I just recently bought and it's completely just take up my mind.
[3] Alex: You can look and see it.
[3] Chris: Who is the author?
[3] Alex: Oh it's called ...
[3] Chris: Is he your favorite author?
[3] Alex: For now yeah I mean I like the way he's doing everything.
[3] Alex: And the works that he does.
[4] Alex: We should all walk and be kind to each other and use humanity for different things.
[4] Alex: So I think that's a really great story that he used.
[5] Chris: What is so interesting for you in this book?
[5] Alex: Just the way he uses the characters and the plots and it's always exciting.
[5] Alex: It's not like he's just boring or something... or whatever.
[7] Alex: My favorite one actually...
[7] Alex: My favorite one is this one.
[7] Chris: Actually I was happened to buy some books and start reading.
[8] Chris: Could you please help me?
[8] Alex: Yeah I mean this one, this one is great.
[9] Alex: And everything all the way up until see..
[9] Alex: Even all the way up until modern times.
[9] Chris: So I think you like reading so much.
[9] Alex: Oh yeah.
[9] Alex: I mean really I've been so busy working.
[11] Alex: And now I'm currently on this one and like...
[11] Alex: I said I have a big library I got to finish all these books.
[11] Chris: I know I had the bags of books too I just reading it.
[11] Alex: Maybe.
[12] Alex: I don't know maybe in the next few...
[12] Alex: Do you have any good books right now? Or...
[12] Chris: You can also...
[12] Chris: You can introduce me some good books.
[12] Alex: I mean you can look around of all these books.
[13] Alex: You can pick one of mine.
[14] Alex: So you have to go back and reread all of them.
[14] Alex: Well like I said you know feel free anytime you want to come in here.
[14] Chris: You know the science fiction book is my favorite type.
[14] Alex: Really?
[14] Chris: Yes do you have something such as...

[Step 2] Evaluating semantic answer...
Action: [Answer]
Content: Yes, Chris enjoys history books now.
FINAL ANSWER (from graph):
Yes, Chris enjoys history books now.
Question: What is Alex's profession?

[Step 1] Searching the graph...
Parse Query Output:
{
  "query_triple": ["<Alex>", "profession", null, 0.95, 0.25, 0.1],
  "spatial_constraint": null,
  "speaker_strict": null,
  "allocation": {
    "k_high_level": 9,
    "k_low_level": 6,
    "k_conversations": 35,
    "total_k": 50,
    "reasoning": "Profession is a high-level attribute often revealed via character bios or dialogue; allocate more to conversations and some high-level edges, minimal low-level actions."
  }
}

Graph Search Results:
**High-Level Information (Character Attributes and Relationships): **

Character Attributes:
- Alex is: female (100), slim (100), white pants (100), carrying a closed laptop with stickers and a book (100), long brown hair down (100), gold hoop earrings (100), dark brown knit sweater (100), avid reader (95), values tidiness and order (90)

**Low-Level Information (Actions and Events): **

[15] Alex hands book. (study room)
[29] Alex offers book. (living room)
[31] Alex promises timeline. (living room)
[50] Alex uses both hand. (bedroom)
[55] Alex is busy with work. (bedroom)
[62] Alex handles plastic water bottle. (bedroom)

**Conversations: **

Conversation 1: Chris and Alex chat about books, with Alex expressing strong enthusiasm for reading—particularly suspense and history—and recommending several titles. Chris asks for suggestions, mentions a preference for science fiction and e-books, and plans to start reading soon. They consider visiting a bookstore together and also arrange for a robot to tidy up and bring coffee. No firm decisions are finalized beyond sharing recommendations and mutual interest in getting coffee.
[1] Chris: Wow, it's cold.
[2] Chris: Alex.
[2] Alex: Yeah sorry.
[2] Chris: What are you reading?
[2] Chris: Tell me more about it.
[2] Chris: You seeing so focus the I feel bad maybe disturbing you.
[2] Alex: Sorry.
[2] Alex: It's basically a suspense novel full of mystery and it's got a great plot.
[3] Alex: I mean it's something I just recently bought and it's completely just take up my mind.
[3] Chris: Is he your favorite author?
[3] Alex: For now yeah I mean I like the way he's doing everything.
[3] Alex: And the works that he does.
[3] Chris: Can I sit down on your chair?
[3] Alex: Yeah.
[3] Chris: Oh my gosh.
[4] Chris: What a uncomfortable chair.
[5] Alex: So you always have to think what's going on what's going on.
[5] Alex: You know you can't wait until you read the next page to find out what's going on you know.
[5] Alex: Oh my goodness.
[5] Chris: I don't know how you can sit on this.
[6] Alex: The desk is so messy.
[9] Alex: Even all the way up until modern times.
[9] Chris: So I think you like reading so much.
[9] Alex: Oh yeah.
[9] Alex: I mean really I've been so busy working.
[9] Alex: But recently I bought great books.
[11] Alex: I said I have a big library I got to finish all these books.
[11] Chris: I know I had the bags of books too I just reading it.
[11] Alex: Maybe.
[12] Alex: I don't know maybe in the next few...
[12] Alex: Give me a few weeks and I'll finish all those books.
[12] Alex: What about you?
[12] Alex: What's your favorite book?
[12] Alex: What are you reading right now?
[12] Chris: I'm just doing some studying these days.
[12] Chris: But maybe I start reading from next week.
[12] Alex: Next week?
[12] Chris: Yeah.
[12] Alex: What are you getting?
[12] Alex: Do you have any good books right now? Or...
[12] Chris: You can also...
[14] Alex: Well like I said you know feel free anytime you want to come in here.
[14] Chris: You know the science fiction book is my favorite type.
[14] Alex: Really?
[14] Chris: Yes do you have something such as...
[14] Alex: Science fiction? No, not currently.

Conversation 3: Chris and Alex search a study room for Chris’s missing phone amid bickering and minor spill-related tension, eventually finding the phone. They discuss reading preferences: Chris is shifting from romance to history (currently Ken Follett) and finds poetry calming but hard; Alex prefers mystery and some sci‑fi, is skeptical about poetry, and has more free time after finishing a software project. A robot assistant is asked to help clean and fetch items. They part on neutral terms after the phone is found.
[37] Chris: I don't know where is the books?
[37] Chris: Maybe it's in the books.
[37] Alex: No.
[37] Alex: It's not in the books.
[37] Alex: Look it's empty. No books.
[38] Alex: Check on the, check on the thing you were sitting over there with the chair.
[38] Alex: Maybe here somewhere I don't know, is it under here?
[38] Alex: I don't know.
[38] Chris: Let me check out the other books.
[38] Chris: Come on Alex, this is my phone.
[40] Alex: I'm gonna go back to read my book while you're looking.
[41] Alex: If you find let me know.
[41] Alex: Are you kidding me?
[41] Alex: That's a new... Did you get my books wet?
[41] Chris: Oh my god, I'm sorry, I'm so sorry.
[45] Chris: Nowhere.
[45] Chris: You don't want to help me?
[45] Alex: Okay.
[46] Alex: I hope you never causing a big mess.
[46] Chris: You don't want to forget it?
[46] Chris: I don't know where did I put it.
[46] Chris: The house full of the people like you.
[47] Alex: Sometimes.
[47] Chris: I'm tired.
[47] Alex: Remember where you put your phone last.
[49] Alex: So what are you currently reading right now?
[49] Chris: I'm doing some history books.
[49] Alex: History books?
[49] Chris: Yes I'm reading some...
[49] Alex: Are you sure not romance novels?
[50] Chris: So I'm careful but you know I'm really enjoyed with history books too you know.
[50] Chris: It's something...
[50] Alex: Sorry.
[50] Chris: It's okay bless you.
[50] Chris: It's something like you know...
[51] Alex: I don't think so because it wasn't that cold earlier.
[51] Chris: Oh come on Alex here is really cold when I came inside I shivered.
[51] Alex: You sure?
[52] Alex: Yes.
[52] Alex: I guess now that you say it maybe that's a little cold.
[52] Alex: Hey robot, can you turn on the air conditioning?
[52] Chris: Right now I'm reading the historical books of Ken Follett.
[52] Alex: Oh, really?
[52] Chris: Really.
[53] Alex: This fellow is kind of good but then he also...
[53] Chris: why do I just...?
[53] Alex: Well either way I can't tell if Ken Follett is good, he's very...
[53] Alex: I don't know, he's very..., he has known a lot of history.
[54] Alex: I don't know, he's very... he has known a lot of history.
[54] Alex: But he does it in his own perspective.
[54] Alex: He doesn't really say the factual things that happen.
[54] Alex: So he may turn advance and turn things his own way.
[54] Alex: You know what I mean?
[54] Alex: So what do you think?
[54] Chris: I tried some...
[54] Chris: Also I read some of Ernest Cambridge do you know him?
[54] Alex: Yeah.
[54] Chris: His writing is so simple and so easy.
[54] Chris: Even a kid cannot understand what it is saying.
[54] Alex: Really?
[54] Chris: Yeah.
[54] Alex: But then like you get to inform readers.
[55] Alex: I want something more advanced.
[55] Alex: Something I can fall into the books and be immersed into it.
[55] Alex: Not really... I don't know.
[55] Alex: Plus to be honest I haven't really been an habit reader or so.
[55] Alex: I had literally, we just had a at my work.
[60] Alex: Maybe I'll give it a try one day but you know we'll see.
[60] Chris: Oh how about the science fiction books?
[60] Alex: Not too bad.
[60] Alex: Like I said I prefer science fiction, but I like mystery right now better.
[61] Alex: So I'm poetry science...
[61] Alex: I don't really do any of the other genres right now.
[61] Alex: I'm doing you know mystery books and all that.
[61] Chris: So you are satisfied with mystery books?
[61] Alex: Yeah just for a moment.
[65] Alex: Maybe later I can do science fiction. right now I just focus on you know mystery.
[65] Alex: But science fiction has its ups and downs like I said it's also good but I like...
[66] Alex: I like detective you know mystery.
[66] Alex: What's going to happen next kind of stuff.
[66] Alex: You getting tired?
[67] Chris: I have people on my flight, take care.
[67] Chris: See you soon, see you next time.
[67] Alex: Bye
[67] Chris: Bye.

Conversation 2: Chris and Alex discuss mystery novels, with Alex expressing a preference for a current, more philosophically engaging book over Agatha Christie, and promising to finish it within three days to lend it to Chris. Chris indicates being busy but interested in reading it later. Chris asks a robot to help place a book on a bookshelf, and the robot agrees.
[29] Alex: You know what I mean.
[29] Chris: Really?
[29] Alex: Yeah.
[29] Chris: Oh kidding me.
[29] Alex: I mean compared to this book.

[Step 2] Evaluating semantic answer...
Action: [Search]
Content: [55, 50, 60, 52, 49]
Summary: The graph details Alex’s reading preferences, tidiness, and that she recently finished a software project and has been busy with work, but it does not explicitly state Alex’s profession. Clips around [55] reference work and a project; adjacent clips may contain relevant context.

[Step 3] Watching video clips: [55, 50, 60, 52, 49]

   Processing clip 55 (1/5)...
Question: Who has a lot of free time now，Alex or Chris?

[Step 1] Searching the graph...
Parse Query Output:
{
  "query_triple": ["null", "availability#free_time_now", ["<Alex>", "<Chris>"], 0.1, 0.3, 0.9],
  "spatial_constraint": null,
  "speaker_strict": null,
  "allocation": {
    "k_high_level": 8,
    "k_low_level": 12,
    "k_conversations": 30,
    "total_k": 50,
    "reasoning": "Comparative availability question; use high-level edges for current state/attributes, conversations to find mentions of schedules or statements about free time, and some low-level edges for recent actions indicating busyness or idleness."
  }
}

Graph Search Results:
**High-Level Information (Character Attributes and Relationships): **

Character Attributes:
- Chris is: wristwatch (100)
- character_1 is: seated (100), medium build (100)
- character_2 is: standing (100), female (100), slim (100)
- robot is: face not visible (100), unknown gender (100)

**Low-Level Information (Actions and Events): **

[6] item is on desk. (bedroom)
[9] item is on desk. (bedroom)
[13] book is on table. (study room)
[15] item is on desk. (study room)
[16] mug is on table. (bedroom leading to dining area and kitchen)
[16] item is on side table. (bedroom leading to dining area and kitchen)
[18] grinder is on counter. (kitchen countertop)
[24] character_1 shows near burr of grinder. (kitchen counter with espresso machine and stovetop)
[26] larger ceramic mug is on counter. (kitchen)
[36] object is on desk. (study room)
[37] item is on tabletop. (bedroom)
[55] Alex is busy with work. (bedroom)

**Conversations: **

Conversation 3: Chris and Alex search a study room for Chris’s missing phone amid bickering and minor spill-related tension, eventually finding the phone. They discuss reading preferences: Chris is shifting from romance to history (currently Ken Follett) and finds poetry calming but hard; Alex prefers mystery and some sci‑fi, is skeptical about poetry, and has more free time after finishing a software project. A robot assistant is asked to help clean and fetch items. They part on neutral terms after the phone is found.
[36] Alex: I don't think you had your phone.
[36] Chris: Help me to find it!
[36] Chris: Why didn't you find it, Alex? Please.
[36] Alex: Okay, okay.
[36] Alex: Okay. Let me look.
[38] Alex: I don't know.
[38] Chris: Let me check out the other books.
[38] Chris: Come on Alex, this is my phone.
[38] Alex: Shouldn't lost your phone.
[38] Chris: I'm complaining, I just came here.
[44] Alex: Don't make another mess here you already made a mess in my study.
[45] Chris: Oh my god stop it.
[45] Chris: Believe me, Alex.
[45] Chris: You are one of the most cruelest person in the world.
[45] Chris: Where is my phone I need it.
[46] Chris: I don't know where did I put it.
[46] Chris: The house full of the people like you.
[47] Alex: Sometimes.
[47] Chris: I'm tired.
[47] Alex: Remember where you put your phone last.
[47] Alex: Look everywhere. If you unlift the couch maybe over there.
[49] Alex: Be careful because I had a friend, a colleague.
[49] Alex: Who read history books and was hooked on it for a while.
[49] Chris: Why?
[49] Alex: I guess loves history and how things go and it's interesting.
[50] Alex: So be careful.
[54] Alex: So he may turn advance and turn things his own way.
[54] Alex: You know what I mean?
[54] Alex: So what do you think?
[54] Chris: I tried some...
[54] Chris: Also I read some of Ernest Cambridge do you know him?
[54] Alex: But then like you get to inform readers.
[54] Alex: Lest that they want more advanced literature.
[55] Chris: So... Alex: It's a little bit too boring.
[55] Chris: If you want to read history Ernest Cambridge would be perfect for you.
[55] Alex: I want something more advanced.
[55] Alex: Plus to be honest I haven't really been an habit reader or so.
[55] Alex: I had literally, we just had a at my work.
[55] Alex: We just had a software development project being done, so as soon as that was over I have a lot more time to actually read now.
[56] Alex: So now that's the reason I've been reading a lot.
[56] Alex: Because my project at work is done.
[56] Alex: And I can focus more on free time.
[56] Alex: And you know the weather is a little cold outside.
[56] Alex: So I come here. I read.
[56] Chris: Opposite of me, I don't have some free time.
[56] Chris: So I can not that read.
[56] Chris: And also a colleague of mine just introduced me Ken Follett.
[58] Chris: You know the trends, good books is really hard to find.
[59] Alex: What are you talking about what kind of books?
[59] Chris: I mean about poetry, by the way Alex does you like poetry?
[59] Alex: It's too confusing, hard to remember.
[59] Alex: Too difficult to even to keep on, you know what I mean.
[66] Alex: I like detective you know mystery.
[66] Alex: What's going to happen next kind of stuff.
[66] Alex: You getting tired?
[66] Chris: Yeah I'm so tired.
[66] Alex: Oh don't forget your history book, yeah.
[66] Chris: I don't know where is it.
[67] Chris: Thank you robot okay.
[67] Chris: Alex I had a good time with you.
[67] Chris: I have people on my flight, take care.
[67] Chris: See you soon, see you next time.

Conversation 1: Chris and Alex chat about books, with Alex expressing strong enthusiasm for reading—particularly suspense and history—and recommending several titles. Chris asks for suggestions, mentions a preference for science fiction and e-books, and plans to start reading soon. They consider visiting a bookstore together and also arrange for a robot to tidy up and bring coffee. No firm decisions are finalized beyond sharing recommendations and mutual interest in getting coffee.
[1] Chris: Wow, it's cold.
[2] Chris: Alex.
[2] Alex: Yeah sorry.
[2] Chris: What are you reading?
[7] Alex: My favorite one is this one.
[7] Chris: Actually I was happened to buy some books and start reading.
[8] Chris: Could you please help me?
[8] Alex: Yeah I mean this one, this one is great.
[8] Alex: Because it's got the Chinese, Japanese and Korean culture.
[9] Chris: So I think you like reading so much.
[9] Alex: Oh yeah.
[9] Alex: I mean really I've been so busy working.
[9] Alex: But recently I bought great books.
[9] Alex: And it's just it's been something that you know.
[10] Alex: This one I finished like two weeks ago and then these other ones I finished...
[10] Alex: I like you read so fast.
[11] Alex: A few days well...
[11] Alex: Yeah but this is my current one I'm reading right now.
[11] Alex: So this is the current one so...
[11] Alex: And even then I'm already halfway done.
[11] Chris: Yeah. Alex. So.
[11] Chris: So that's one is your favorite one or as much as the others?
[11] Alex: I don't know because I haven't finished this book yet.
[12] Alex: I don't know maybe in the next few...
[12] Alex: Give me a few weeks and I'll finish all those books.
[12] Alex: What about you?
[12] Alex: What's your favorite book?
[12] Alex: What are you reading right now?
[12] Chris: I'm just doing some studying these days.
[12] Chris: But maybe I start reading from next week.
[12] Alex: Next week?
[12] Chris: Yeah.
[12] Alex: What are you getting?
[13] Chris: Because most of the time my iPod is with me.
[13] Chris: So it's okay for me and also it's not too heavy for me to just bring a heavy book with myself everywhere.
[13] Chris: You have too many books Alex.
[13] Alex: You can try this one this is a good one right here.
[13] Alex: That's a really good.
[13] Chris: Let me see.
[13] Alex: I really started this one not too long ago.
[14] Chris: When did you finish it?
[14] Alex: I finished it about a month ago.
[14] Alex: But it's, it's a really good book too.

Conversation 2: Chris and Alex discuss mystery novels, with Alex expressing a preference for a current, more philosophically engaging book over Agatha Christie, and promising to finish it within three days to lend it to Chris. Chris indicates being busy but interested in reading it later. Chris asks a robot to help place a book on a bookshelf, and the robot agrees.
[28] Alex: Oh my god you haven't mentioned.
[28] Chris: You haven't mentioned about Agatha Christie recently.
[28] Chris: You had a lot?
[28] Alex: No, I've read her book before.
[28] Alex: But the plot line was good, but it's not comparable to this current book I'm reading.
[31] Chris: So I think it's worth to read it.
[31] Alex: Give me about three days.
[31] Alex: Three days I should be able to finish.
[31] Chris: So busy these days.
[31] Chris: I can not point in that three days but I'm sure...
[32] Alex: Whenever you have time.
[32] Alex: Next time you come over a week or whatever you want.
[32] Alex: I should be able to be done within three days.
[32] Chris: Right, I almost forgot while we were talking I should put this book in the bookshelf.
[32] Chris: I have something to do.
[32] Chris: Robot, can you please help me to put this book in the bookshelf?
[32] robot: Okay.

[Step 2] Evaluating semantic answer...
Action: [Answer]
Content: Alex has a lot of free time now.
FINAL ANSWER (from graph):
Alex has a lot of free time now.
Question: Does Chris like poetry?

[Step 1] Searching the graph...
Parse Query Output:
{
  "query_triple": ["<Chris>", "likes", "poetry", 0.95, 0.6, 0.6],
  "spatial_constraint": null,
  "speaker_strict": null,
  "allocation": {
    "k_high_level": 8,
    "k_low_level": 10,
    "k_conversations": 32,
    "total_k": 50,
    "reasoning": "Preference/trait query. Use high-level edges for character attributes, and conversations to find explicit statements or discussions indicating liking poetry. Low-level edges are less critical but may capture actions like reading/writing poetry."
  }
}

Graph Search Results:
**High-Level Information (Character Attributes and Relationships): **

Character Attributes:
- Chris is: male (100), medium build (100)

Character Relationships:
- Alex shares book recommendations with Chris (80)
- Chris friends with Alex (80)
- Chris seeks book advice from Alex (90)
- Alex supports and guides reading choices of Chris (80)
- Chris trusts Alex (75)
- Chris cooperates with Alex (80)

**Low-Level Information (Actions and Events): **

[13] Chris browses book. (study room)
[44] Chris reads book. (living room)
[45] Chris reads book. (living room)
[51] Chris likes. (living room)
[55] Chris shows book. (bedroom)
[55] Chris keeps book. (bedroom)
[56] Chris shows book. (bedroom)
[56] Chris sets book. (bedroom)
[65] Chris places book. (bedroom)
[67] Chris reads small book. (bedroom)

**Conversations: **

Conversation 3: Chris and Alex search a study room for Chris’s missing phone amid bickering and minor spill-related tension, eventually finding the phone. They discuss reading preferences: Chris is shifting from romance to history (currently Ken Follett) and finds poetry calming but hard; Alex prefers mystery and some sci‑fi, is skeptical about poetry, and has more free time after finishing a software project. A robot assistant is asked to help clean and fetch items. They part on neutral terms after the phone is found.
[48] Chris: Yes, I'm glad too I'm happy actually you didn't help me at all but in that case I found my phone.
[49] Alex: I help you. I think I did help you.
[49] Chris: Yes.
[49] Alex: So what are you currently reading right now?
[49] Chris: I'm doing some history books.
[49] Alex: History books?
[49] Chris: Yes I'm reading some...
[49] Alex: Are you sure not romance novels?
[49] Chris: I've read too many romance books so now.
[49] Alex: Be careful because I had a friend, a colleague.
[49] Alex: Who read history books and was hooked on it for a while.
[49] Chris: Why?
[49] Alex: I guess loves history and how things go and it's interesting.
[50] Alex: So be careful.
[51] Alex: Yeah a little bit.
[51] Chris: Right love it.
[51] Chris: I like it.
[51] Alex: Sorry, sorry.
[51] Chris: What happened for you? Maybe getting a little cold or something?
[52] Chris: Right now I'm reading the historical books of Ken Follett.
[52] Alex: Oh, really?
[52] Chris: Really.
[53] Alex: This fellow is kind of good but then he also...
[53] Alex: His history wasn't ended up being verified.
[54] Alex: So what do you think?
[54] Chris: I tried some...
[54] Chris: Also I read some of Ernest Cambridge do you know him?
[54] Alex: Yeah.
[54] Chris: His writing is so simple and so easy.
[54] Chris: Even a kid cannot understand what it is saying.
[54] Alex: Really?
[54] Chris: Yeah.
[54] Alex: But then like you get to inform readers.
[54] Alex: Lest that they want more advanced literature.
[58] Chris: You know the trends, good books is really hard to find.
[59] Alex: What are you talking about what kind of books?
[59] Chris: I mean about poetry, by the way Alex does you like poetry?
[59] Alex: It's too confusing, hard to remember.
[59] Alex: Too difficult to even to keep on, you know what I mean.
[59] Alex: I like a little bit of science fiction, maybe mystery, but poetry...
[59] Alex: I can't stand poetry.
[59] Chris: You know poetry can keep me calm.
[59] Chris: But I cannot easily understand it.
[60] Chris: That's why I cannot read too much.
[60] Alex: Yeah same thing with me.
[60] Alex: I prefer mystery or science fiction maybe history or something.
[60] Chris: But reading one or two poems would be great.
[60] Alex: Maybe I'll give it a try one day but you know we'll see.
[60] Chris: Oh how about the science fiction books?
[60] Alex: Not too bad.
[60] Alex: Like I said I prefer science fiction, but I like mystery right now better.
[61] Alex: So I'm poetry science...
[61] Alex: I don't really do any of the other genres right now.
[61] Alex: I'm doing you know mystery books and all that.
[61] Chris: So you are satisfied with mystery books?
[61] Alex: Yeah just for a moment.
[61] Chris: You know as soon as I started to reading...
[62] Chris: Yeah I'm so tired. You want some water?
[62] Alex: Yeah that'd be good.
[62] Alex: I'm a way I think I don't know I think poetry's a little bit overrated.
[62] Alex: Because it's good but it's not as what everybody makes it sound.
[62] Alex: Like you know what I mean.
[63] Alex: That's the only thing.
[63] Alex: But either way I mean...
[63] Chris: I think every person had read some poetries in his life.
[63] Alex: Yeah. I agree a little bit.
[63] Chris: Because that keeps you calm.
[63] Chris: And also maybe somebody is thinking it's so emotional if you read some poetries.
[63] Chris: But it's not like that, I don't believe it.
[63] Alex: Depends on who's the author and what kind of poetry.
[64] Alex: Because there's different types.
[64] Alex: There's like artistic, love, just all different ones.
[65] Chris: Daren shawn.
[65] Chris: He is a novelist of the science fiction books.
[65] Chris: He writing for teenagers.
[65] Alex: Maybe later I can do science fiction. right now I just focus on you know mystery.
[65] Alex: But science fiction has its ups and downs like I said it's also good but I like...

Conversation 1: Chris and Alex chat about books, with Alex expressing strong enthusiasm for reading—particularly suspense and history—and recommending several titles. Chris asks for suggestions, mentions a preference for science fiction and e-books, and plans to start reading soon. They consider visiting a bookstore together and also arrange for a robot to tidy up and bring coffee. No firm decisions are finalized beyond sharing recommendations and mutual interest in getting coffee.
[2] Chris: Alex.
[2] Alex: Yeah sorry.
[2] Chris: What are you reading?
[2] Alex: Oh it's just a suspense novel a mystery suspense novel.
[2] Alex: I bought it recently and it's got a really good plot to it.
[3] Alex: I mean it's something I just recently bought and it's completely just take up my mind.
[3] Alex: You can look and see it.
[3] Chris: Who is the author?
[3] Alex: Oh it's called ...
[3] Chris: Is he your favorite author?
[3] Alex: For now yeah I mean I like the way he's doing everything.
[3] Alex: And the works that he does.
[8] Alex: He talks about the emperor and just how they built the whole empire, how they decided who's gonna live, where, what's gonna happen...
[8] Alex: The other one... You can do this one.
[8] Chris: How about this one?
[9] Alex: This one.
[9] Alex: Jerusalem the biography is about the Israel.
[9] Alex: And everything all the way up until see..
[9] Alex: Even all the way up until modern times.
[9] Chris: So I think you like reading so much.
[9] Alex: Oh yeah.
[9] Alex: I mean really I've been so busy working.
[12] Chris: But maybe I start reading from next week.
[12] Alex: Next week?
[12] Chris: Yeah.
[12] Alex: What are you getting?
[12] Alex: Do you have any good books right now? Or...
[14] Alex: So you have to go back and reread all of them.
[14] Alex: Well like I said you know feel free anytime you want to come in here.
[14] Chris: You know the science fiction book is my favorite type.
[14] Alex: Really?
[14] Chris: Yes do you have something such as...
[15] Chris: So I want coffee too.
[15] Alex: You want coffee?
[15] Chris: Yes.
[15] Chris: Can I ask robot to buy, to bring me a coffee?
[15] Chris: I think I can... Okay. Give me these books I should put it here.

Conversation 2: Chris and Alex discuss mystery novels, with Alex expressing a preference for a current, more philosophically engaging book over Agatha Christie, and promising to finish it within three days to lend it to Chris. Chris indicates being busy but interested in reading it later. Chris asks a robot to help place a book on a bookshelf, and the robot agrees.
[27] Chris: It's so nice... Thank you so much robot.
[27] Chris: It's a black one as I said.
[27] Chris: Right away who is your favorite novelist?
[27] Alex: Recently I'm kind of into mystery books to be honest.
[27] Alex: So I've been focusing more on mystery authors. So...
[29] Alex: But I mean maybe not a... God the Christy's own books are kind of boring to me to be honest.
[29] Alex: You know what I mean.
[29] Chris: Really?
[29] Alex: Yeah.
[29] Chris: Oh kidding me.
[29] Alex: I mean compared to this book.
[29] Alex: Though have you read this book?
[29] Chris: No.
[29] Alex: Once I'm done reading, I'll give it to you and you can read.
[29] Alex: And then you can compare between them two.

[Step 2] Evaluating semantic answer...
Action: [Answer]
Content: Chris finds poetry calming but difficult and doesn’t like it much.
FINAL ANSWER (from graph):
Chris finds poetry calming but difficult and doesn’t like it much.
✓ Updated results.json for study_11 (10 questions)
✓ Cleaned up video and frames for study_11

============================================================
Processing video: kitchen_18
============================================================
Downloading 1 video(s) to data/videos...

Downloading kitchen_18.mp4...
✓ Successfully downloaded kitchen_18.mp4 to data/videos/kitchen_18.mp4

============================================================
Download Summary:
  Successful: 1/1
============================================================

============================================================
[1/1] Processing: kitchen_18
============================================================
Video: data/videos/kitchen_18.mp4
Subtitles: data/subtitles/robot/kitchen_18.srt
Output: data/frames/kitchen_18
============================================================

Parsing subtitle file: data/subtitles/robot/kitchen_18.srt
Found 333 subtitle entries
Video: 1280x720, 30.00 FPS, 103606 frames, 3453.53s duration

Extracting frames with subtitles...
Grouping frames into folders of 30 frames each
  Saved 10 frames (up to 9s, folder 1)
  Saved 20 frames (up to 19s, folder 1)
  Saved 30 frames (up to 29s, folder 1)
  Saved 40 frames (up to 39s, folder 2)
  Saved 50 frames (up to 49s, folder 2)
  Saved 60 frames (up to 59s, folder 2)
  Saved 70 frames (up to 69s, folder 3)
  Saved 80 frames (up to 79s, folder 3)
  Saved 90 frames (up to 89s, folder 3)
  Saved 100 frames (up to 99s, folder 4)
  Saved 110 frames (up to 109s, folder 4)
  Saved 120 frames (up to 119s, folder 4)
  Saved 130 frames (up to 129s, folder 5)
  Saved 140 frames (up to 139s, folder 5)
  Saved 150 frames (up to 149s, folder 5)
  Saved 160 frames (up to 159s, folder 6)
  Saved 170 frames (up to 169s, folder 6)
  Saved 180 frames (up to 179s, folder 6)
  Saved 190 frames (up to 189s, folder 7)
  Saved 200 frames (up to 199s, folder 7)
  Saved 210 frames (up to 209s, folder 7)
  Saved 220 frames (up to 219s, folder 8)
  Saved 230 frames (up to 229s, folder 8)
  Saved 240 frames (up to 239s, folder 8)
  Saved 250 frames (up to 249s, folder 9)
  Saved 260 frames (up to 259s, folder 9)
  Saved 270 frames (up to 269s, folder 9)
  Saved 280 frames (up to 279s, folder 10)
  Saved 290 frames (up to 289s, folder 10)
  Saved 300 frames (up to 299s, folder 10)
  Saved 310 frames (up to 309s, folder 11)
  Saved 320 frames (up to 319s, folder 11)
  Saved 330 frames (up to 329s, folder 11)
  Saved 340 frames (up to 339s, folder 12)
  Saved 350 frames (up to 349s, folder 12)
  Saved 360 frames (up to 359s, folder 12)
  Saved 370 frames (up to 369s, folder 13)
  Saved 380 frames (up to 379s, folder 13)
  Saved 390 frames (up to 389s, folder 13)
  Saved 400 frames (up to 399s, folder 14)
  Saved 410 frames (up to 409s, folder 14)
  Saved 420 frames (up to 419s, folder 14)
  Saved 430 frames (up to 429s, folder 15)
  Saved 440 frames (up to 439s, folder 15)
  Saved 450 frames (up to 449s, folder 15)
  Saved 460 frames (up to 459s, folder 16)
  Saved 470 frames (up to 469s, folder 16)
  Saved 480 frames (up to 479s, folder 16)
  Saved 490 frames (up to 489s, folder 17)
  Saved 500 frames (up to 499s, folder 17)
  Saved 510 frames (up to 509s, folder 17)
  Saved 520 frames (up to 519s, folder 18)
  Saved 530 frames (up to 529s, folder 18)
  Saved 540 frames (up to 539s, folder 18)
  Saved 550 frames (up to 549s, folder 19)
  Saved 560 frames (up to 559s, folder 19)
  Saved 570 frames (up to 569s, folder 19)
  Saved 580 frames (up to 579s, folder 20)
  Saved 590 frames (up to 589s, folder 20)
  Saved 600 frames (up to 599s, folder 20)
  Saved 610 frames (up to 609s, folder 21)
  Saved 620 frames (up to 619s, folder 21)
  Saved 630 frames (up to 629s, folder 21)
  Saved 640 frames (up to 639s, folder 22)
  Saved 650 frames (up to 649s, folder 22)
  Saved 660 frames (up to 659s, folder 22)
  Saved 670 frames (up to 669s, folder 23)
  Saved 680 frames (up to 679s, folder 23)
  Saved 690 frames (up to 689s, folder 23)
  Saved 700 frames (up to 699s, folder 24)
  Saved 710 frames (up to 709s, folder 24)
  Saved 720 frames (up to 719s, folder 24)
  Saved 730 frames (up to 729s, folder 25)
  Saved 740 frames (up to 739s, folder 25)
  Saved 750 frames (up to 749s, folder 25)
  Saved 760 frames (up to 759s, folder 26)
  Saved 770 frames (up to 769s, folder 26)
  Saved 780 frames (up to 779s, folder 26)
  Saved 790 frames (up to 789s, folder 27)
  Saved 800 frames (up to 799s, folder 27)
  Saved 810 frames (up to 809s, folder 27)
  Saved 820 frames (up to 819s, folder 28)
  Saved 830 frames (up to 829s, folder 28)
  Saved 840 frames (up to 839s, folder 28)
  Saved 850 frames (up to 849s, folder 29)
  Saved 860 frames (up to 859s, folder 29)
  Saved 870 frames (up to 869s, folder 29)
  Saved 880 frames (up to 879s, folder 30)
  Saved 890 frames (up to 889s, folder 30)
  Saved 900 frames (up to 899s, folder 30)
  Saved 910 frames (up to 909s, folder 31)
  Saved 920 frames (up to 919s, folder 31)
  Saved 930 frames (up to 929s, folder 31)
  Saved 940 frames (up to 939s, folder 32)
  Saved 950 frames (up to 949s, folder 32)
  Saved 960 frames (up to 959s, folder 32)
  Saved 970 frames (up to 969s, folder 33)
  Saved 980 frames (up to 979s, folder 33)
  Saved 990 frames (up to 989s, folder 33)
  Saved 1000 frames (up to 999s, folder 34)
  Saved 1010 frames (up to 1009s, folder 34)
  Saved 1020 frames (up to 1019s, folder 34)
  Saved 1030 frames (up to 1029s, folder 35)
  Saved 1040 frames (up to 1039s, folder 35)
  Saved 1050 frames (up to 1049s, folder 35)
  Saved 1060 frames (up to 1059s, folder 36)
  Saved 1070 frames (up to 1069s, folder 36)
  Saved 1080 frames (up to 1079s, folder 36)
  Saved 1090 frames (up to 1089s, folder 37)
  Saved 1100 frames (up to 1099s, folder 37)
  Saved 1110 frames (up to 1109s, folder 37)
  Saved 1120 frames (up to 1119s, folder 38)
  Saved 1130 frames (up to 1129s, folder 38)
  Saved 1140 frames (up to 1139s, folder 38)
  Saved 1150 frames (up to 1149s, folder 39)
  Saved 1160 frames (up to 1159s, folder 39)
  Saved 1170 frames (up to 1169s, folder 39)
  Saved 1180 frames (up to 1179s, folder 40)
  Saved 1190 frames (up to 1189s, folder 40)
  Saved 1200 frames (up to 1199s, folder 40)
  Saved 1210 frames (up to 1209s, folder 41)
  Saved 1220 frames (up to 1219s, folder 41)
  Saved 1230 frames (up to 1229s, folder 41)
  Saved 1240 frames (up to 1239s, folder 42)
  Saved 1250 frames (up to 1249s, folder 42)
  Saved 1260 frames (up to 1259s, folder 42)
  Saved 1270 frames (up to 1269s, folder 43)
  Saved 1280 frames (up to 1279s, folder 43)
  Saved 1290 frames (up to 1289s, folder 43)
  Saved 1300 frames (up to 1299s, folder 44)
  Saved 1310 frames (up to 1309s, folder 44)
  Saved 1320 frames (up to 1319s, folder 44)
  Saved 1330 frames (up to 1329s, folder 45)
  Saved 1340 frames (up to 1339s, folder 45)
  Saved 1350 frames (up to 1349s, folder 45)
  Saved 1360 frames (up to 1359s, folder 46)
  Saved 1370 frames (up to 1369s, folder 46)
  Saved 1380 frames (up to 1379s, folder 46)
  Saved 1390 frames (up to 1389s, folder 47)
  Saved 1400 frames (up to 1399s, folder 47)
  Saved 1410 frames (up to 1409s, folder 47)
  Saved 1420 frames (up to 1419s, folder 48)
  Saved 1430 frames (up to 1429s, folder 48)
  Saved 1440 frames (up to 1439s, folder 48)
  Saved 1450 frames (up to 1449s, folder 49)
  Saved 1460 frames (up to 1459s, folder 49)
  Saved 1470 frames (up to 1469s, folder 49)
  Saved 1480 frames (up to 1479s, folder 50)
  Saved 1490 frames (up to 1489s, folder 50)
  Saved 1500 frames (up to 1499s, folder 50)
  Saved 1510 frames (up to 1509s, folder 51)
  Saved 1520 frames (up to 1519s, folder 51)
  Saved 1530 frames (up to 1529s, folder 51)
  Saved 1540 frames (up to 1539s, folder 52)
  Saved 1550 frames (up to 1549s, folder 52)
  Saved 1560 frames (up to 1559s, folder 52)
  Saved 1570 frames (up to 1569s, folder 53)
  Saved 1580 frames (up to 1579s, folder 53)
  Saved 1590 frames (up to 1589s, folder 53)
  Saved 1600 frames (up to 1599s, folder 54)
  Saved 1610 frames (up to 1609s, folder 54)
  Saved 1620 frames (up to 1619s, folder 54)
  Saved 1630 frames (up to 1629s, folder 55)
  Saved 1640 frames (up to 1639s, folder 55)
  Saved 1650 frames (up to 1649s, folder 55)
  Saved 1660 frames (up to 1659s, folder 56)
  Saved 1670 frames (up to 1669s, folder 56)
  Saved 1680 frames (up to 1679s, folder 56)
  Saved 1690 frames (up to 1689s, folder 57)
  Saved 1700 frames (up to 1699s, folder 57)
  Saved 1710 frames (up to 1709s, folder 57)
  Saved 1720 frames (up to 1719s, folder 58)
  Saved 1730 frames (up to 1729s, folder 58)
  Saved 1740 frames (up to 1739s, folder 58)
  Saved 1750 frames (up to 1749s, folder 59)
  Saved 1760 frames (up to 1759s, folder 59)
  Saved 1770 frames (up to 1769s, folder 59)
  Saved 1780 frames (up to 1779s, folder 60)
  Saved 1790 frames (up to 1789s, folder 60)
  Saved 1800 frames (up to 1799s, folder 60)
  Saved 1810 frames (up to 1809s, folder 61)
  Saved 1820 frames (up to 1819s, folder 61)
  Saved 1830 frames (up to 1829s, folder 61)
  Saved 1840 frames (up to 1839s, folder 62)
  Saved 1850 frames (up to 1849s, folder 62)
  Saved 1860 frames (up to 1859s, folder 62)
  Saved 1870 frames (up to 1869s, folder 63)
  Saved 1880 frames (up to 1879s, folder 63)
  Saved 1890 frames (up to 1889s, folder 63)
  Saved 1900 frames (up to 1899s, folder 64)
  Saved 1910 frames (up to 1909s, folder 64)
  Saved 1920 frames (up to 1919s, folder 64)
  Saved 1930 frames (up to 1929s, folder 65)
  Saved 1940 frames (up to 1939s, folder 65)
  Saved 1950 frames (up to 1949s, folder 65)
  Saved 1960 frames (up to 1959s, folder 66)
  Saved 1970 frames (up to 1969s, folder 66)
  Saved 1980 frames (up to 1979s, folder 66)
  Saved 1990 frames (up to 1989s, folder 67)
  Saved 2000 frames (up to 1999s, folder 67)
  Saved 2010 frames (up to 2009s, folder 67)
  Saved 2020 frames (up to 2019s, folder 68)
  Saved 2030 frames (up to 2029s, folder 68)
  Saved 2040 frames (up to 2039s, folder 68)
  Saved 2050 frames (up to 2049s, folder 69)
  Saved 2060 frames (up to 2059s, folder 69)
  Saved 2070 frames (up to 2069s, folder 69)
  Saved 2080 frames (up to 2079s, folder 70)
  Saved 2090 frames (up to 2089s, folder 70)
  Saved 2100 frames (up to 2099s, folder 70)
  Saved 2110 frames (up to 2109s, folder 71)
  Saved 2120 frames (up to 2119s, folder 71)
  Saved 2130 frames (up to 2129s, folder 71)
  Saved 2140 frames (up to 2139s, folder 72)
  Saved 2150 frames (up to 2149s, folder 72)
  Saved 2160 frames (up to 2159s, folder 72)
  Saved 2170 frames (up to 2169s, folder 73)
  Saved 2180 frames (up to 2179s, folder 73)
  Saved 2190 frames (up to 2189s, folder 73)
  Saved 2200 frames (up to 2199s, folder 74)
  Saved 2210 frames (up to 2209s, folder 74)
  Saved 2220 frames (up to 2219s, folder 74)
  Saved 2230 frames (up to 2229s, folder 75)
  Saved 2240 frames (up to 2239s, folder 75)
  Saved 2250 frames (up to 2249s, folder 75)
  Saved 2260 frames (up to 2259s, folder 76)
  Saved 2270 frames (up to 2269s, folder 76)
  Saved 2280 frames (up to 2279s, folder 76)
  Saved 2290 frames (up to 2289s, folder 77)
  Saved 2300 frames (up to 2299s, folder 77)
  Saved 2310 frames (up to 2309s, folder 77)
  Saved 2320 frames (up to 2319s, folder 78)
  Saved 2330 frames (up to 2329s, folder 78)
  Saved 2340 frames (up to 2339s, folder 78)
  Saved 2350 frames (up to 2349s, folder 79)
  Saved 2360 frames (up to 2359s, folder 79)
  Saved 2370 frames (up to 2369s, folder 79)
  Saved 2380 frames (up to 2379s, folder 80)
  Saved 2390 frames (up to 2389s, folder 80)
  Saved 2400 frames (up to 2399s, folder 80)
  Saved 2410 frames (up to 2409s, folder 81)
  Saved 2420 frames (up to 2419s, folder 81)
  Saved 2430 frames (up to 2429s, folder 81)
  Saved 2440 frames (up to 2439s, folder 82)
  Saved 2450 frames (up to 2449s, folder 82)
  Saved 2460 frames (up to 2459s, folder 82)
  Saved 2470 frames (up to 2469s, folder 83)
  Saved 2480 frames (up to 2479s, folder 83)
  Saved 2490 frames (up to 2489s, folder 83)
  Saved 2500 frames (up to 2499s, folder 84)
  Saved 2510 frames (up to 2509s, folder 84)
  Saved 2520 frames (up to 2519s, folder 84)
  Saved 2530 frames (up to 2529s, folder 85)
  Saved 2540 frames (up to 2539s, folder 85)
  Saved 2550 frames (up to 2549s, folder 85)
  Saved 2560 frames (up to 2559s, folder 86)
  Saved 2570 frames (up to 2569s, folder 86)
  Saved 2580 frames (up to 2579s, folder 86)
  Saved 2590 frames (up to 2589s, folder 87)
  Saved 2600 frames (up to 2599s, folder 87)
  Saved 2610 frames (up to 2609s, folder 87)
  Saved 2620 frames (up to 2619s, folder 88)
  Saved 2630 frames (up to 2629s, folder 88)
  Saved 2640 frames (up to 2639s, folder 88)
  Saved 2650 frames (up to 2649s, folder 89)
  Saved 2660 frames (up to 2659s, folder 89)
  Saved 2670 frames (up to 2669s, folder 89)
  Saved 2680 frames (up to 2679s, folder 90)
  Saved 2690 frames (up to 2689s, folder 90)
  Saved 2700 frames (up to 2699s, folder 90)
  Saved 2710 frames (up to 2709s, folder 91)
  Saved 2720 frames (up to 2719s, folder 91)
  Saved 2730 frames (up to 2729s, folder 91)
  Saved 2740 frames (up to 2739s, folder 92)
  Saved 2750 frames (up to 2749s, folder 92)
  Saved 2760 frames (up to 2759s, folder 92)
  Saved 2770 frames (up to 2769s, folder 93)
  Saved 2780 frames (up to 2779s, folder 93)
  Saved 2790 frames (up to 2789s, folder 93)
  Saved 2800 frames (up to 2799s, folder 94)
  Saved 2810 frames (up to 2809s, folder 94)
  Saved 2820 frames (up to 2819s, folder 94)
  Saved 2830 frames (up to 2829s, folder 95)
  Saved 2840 frames (up to 2839s, folder 95)
  Saved 2850 frames (up to 2849s, folder 95)
  Saved 2860 frames (up to 2859s, folder 96)
  Saved 2870 frames (up to 2869s, folder 96)
  Saved 2880 frames (up to 2879s, folder 96)
  Saved 2890 frames (up to 2889s, folder 97)
  Saved 2900 frames (up to 2899s, folder 97)
  Saved 2910 frames (up to 2909s, folder 97)
  Saved 2920 frames (up to 2919s, folder 98)
  Saved 2930 frames (up to 2929s, folder 98)
  Saved 2940 frames (up to 2939s, folder 98)
  Saved 2950 frames (up to 2949s, folder 99)
  Saved 2960 frames (up to 2959s, folder 99)
  Saved 2970 frames (up to 2969s, folder 99)
  Saved 2980 frames (up to 2979s, folder 100)
  Saved 2990 frames (up to 2989s, folder 100)
  Saved 3000 frames (up to 2999s, folder 100)
  Saved 3010 frames (up to 3009s, folder 101)
  Saved 3020 frames (up to 3019s, folder 101)
  Saved 3030 frames (up to 3029s, folder 101)
  Saved 3040 frames (up to 3039s, folder 102)
  Saved 3050 frames (up to 3049s, folder 102)
  Saved 3060 frames (up to 3059s, folder 102)
  Saved 3070 frames (up to 3069s, folder 103)
  Saved 3080 frames (up to 3079s, folder 103)
  Saved 3090 frames (up to 3089s, folder 103)
  Saved 3100 frames (up to 3099s, folder 104)
  Saved 3110 frames (up to 3109s, folder 104)
  Saved 3120 frames (up to 3119s, folder 104)
  Saved 3130 frames (up to 3129s, folder 105)
  Saved 3140 frames (up to 3139s, folder 105)
  Saved 3150 frames (up to 3149s, folder 105)
  Saved 3160 frames (up to 3159s, folder 106)
  Saved 3170 frames (up to 3169s, folder 106)
  Saved 3180 frames (up to 3179s, folder 106)
  Saved 3190 frames (up to 3189s, folder 107)
  Saved 3200 frames (up to 3199s, folder 107)
  Saved 3210 frames (up to 3209s, folder 107)
  Saved 3220 frames (up to 3219s, folder 108)
  Saved 3230 frames (up to 3229s, folder 108)
  Saved 3240 frames (up to 3239s, folder 108)
  Saved 3250 frames (up to 3249s, folder 109)
  Saved 3260 frames (up to 3259s, folder 109)
  Saved 3270 frames (up to 3269s, folder 109)
  Saved 3280 frames (up to 3279s, folder 110)
  Saved 3290 frames (up to 3289s, folder 110)
  Saved 3300 frames (up to 3299s, folder 110)
  Saved 3310 frames (up to 3309s, folder 111)
  Saved 3320 frames (up to 3319s, folder 111)
  Saved 3330 frames (up to 3329s, folder 111)
  Saved 3340 frames (up to 3339s, folder 112)
  Saved 3350 frames (up to 3349s, folder 112)
  Saved 3360 frames (up to 3359s, folder 112)
  Saved 3370 frames (up to 3369s, folder 113)
  Saved 3380 frames (up to 3379s, folder 113)
  Saved 3390 frames (up to 3389s, folder 113)
  Saved 3400 frames (up to 3399s, folder 114)
  Saved 3410 frames (up to 3409s, folder 114)
  Saved 3420 frames (up to 3419s, folder 114)
  Saved 3430 frames (up to 3429s, folder 115)
  Saved 3440 frames (up to 3439s, folder 115)
  Saved 3450 frames (up to 3449s, folder 115)

✓ Extracted 3454 frames to data/frames/kitchen_18

✓ Successfully processed kitchen_18: 3454 frames saved
--------------------------------
Processing folder:  data/frames/kitchen_18/1
Inserted 23 triples into graph for clip 1
--------------------------------
Processing folder:  data/frames/kitchen_18/2
Inserted 18 triples into graph for clip 2
--------------------------------
Processing folder:  data/frames/kitchen_18/3
Inserted 19 triples into graph for clip 3
--------------------------------
Processing folder:  data/frames/kitchen_18/4
Inserted 16 triples into graph for clip 4
--------------------------------
Processing folder:  data/frames/kitchen_18/5
Extracting summary for completed conversation 1...
✓ Conversation summary extracted. Attributes: 7, Relationships: 4
Inserted 11 triples into graph for clip 5
--------------------------------
Processing folder:  data/frames/kitchen_18/6
Inserted 17 triples into graph for clip 6
--------------------------------
Processing folder:  data/frames/kitchen_18/7
Inserted 11 triples into graph for clip 7
--------------------------------
Processing folder:  data/frames/kitchen_18/8
Inserted 19 triples into graph for clip 8
--------------------------------
Processing folder:  data/frames/kitchen_18/9
Inserted 20 triples into graph for clip 9
--------------------------------
Processing folder:  data/frames/kitchen_18/10
Inserted 20 triples into graph for clip 10
--------------------------------
Processing folder:  data/frames/kitchen_18/11
Inserted 21 triples into graph for clip 11
--------------------------------
Processing folder:  data/frames/kitchen_18/12
Inserted 23 triples into graph for clip 12
--------------------------------
Processing folder:  data/frames/kitchen_18/13
Inserted 25 triples into graph for clip 13
--------------------------------
Processing folder:  data/frames/kitchen_18/14
LLM call failed, retrying... Error: Error code: 400 - {'error': {'message': 'code: content_policy_violation; message: Image processing blocked due to content policy violation.', 'type': 'invalid_request_error', 'param': 'input', 'code': '-4315'}}
Inserted 24 triples into graph for clip 14
--------------------------------
Processing folder:  data/frames/kitchen_18/15
LLM call failed, retrying... Error: Error code: 400 - {'error': {'message': 'code: content_policy_violation; message: Image processing blocked due to content policy violation.', 'type': 'invalid_request_error', 'param': 'input', 'code': '-4315'}}
✗ Error processing folder data/frames/kitchen_18/15: Error code: 400 - {'error': {'message': 'code: content_policy_violation; message: Image processing blocked due to content policy violation.', 'type': 'invalid_request_error', 'param': 'input', 'code': '-4315'}}
Continuing to next folder...
--------------------------------
Processing folder:  data/frames/kitchen_18/16
Inserted 23 triples into graph for clip 16
--------------------------------
Processing folder:  data/frames/kitchen_18/17
Inserted 17 triples into graph for clip 17
--------------------------------
Processing folder:  data/frames/kitchen_18/18
Inserted 18 triples into graph for clip 18
--------------------------------
Processing folder:  data/frames/kitchen_18/19
Extracting summary for completed conversation 2...
✓ Conversation summary extracted. Attributes: 8, Relationships: 3
Inserted 14 triples into graph for clip 19
--------------------------------
Processing folder:  data/frames/kitchen_18/20
Inserted 32 triples into graph for clip 20
--------------------------------
Processing folder:  data/frames/kitchen_18/21
Extracting summary for completed conversation 3...
✓ Conversation summary extracted. Attributes: 4, Relationships: 2
Inserted 25 triples into graph for clip 21
--------------------------------
Processing folder:  data/frames/kitchen_18/22
Inserted 25 triples into graph for clip 22
--------------------------------
Processing folder:  data/frames/kitchen_18/23
Inserted 21 triples into graph for clip 23
--------------------------------
Processing folder:  data/frames/kitchen_18/24
Inserted 35 triples into graph for clip 24
--------------------------------
Processing folder:  data/frames/kitchen_18/25
Inserted 21 triples into graph for clip 25
--------------------------------
Processing folder:  data/frames/kitchen_18/26
Inserted 29 triples into graph for clip 26
--------------------------------
Processing folder:  data/frames/kitchen_18/27
Extracting summary for completed conversation 4...
Warning: Character '<Robert>' not found in graph, skipping attribute: supportive/assistive role
Warning: Character '<Robert>' not found in graph, skipping relationship
Warning: Character '<Robert>' not found in graph, skipping relationship
✓ Conversation summary extracted. Attributes: 7, Relationships: 5
Inserted 17 triples into graph for clip 27
--------------------------------
Processing folder:  data/frames/kitchen_18/28
Inserted 22 triples into graph for clip 28
--------------------------------
Processing folder:  data/frames/kitchen_18/29
Inserted 28 triples into graph for clip 29
--------------------------------
Processing folder:  data/frames/kitchen_18/30
Inserted 45 triples into graph for clip 30
--------------------------------
Processing folder:  data/frames/kitchen_18/31
Extracting summary for completed conversation 5...
✓ Conversation summary extracted. Attributes: 5, Relationships: 3
Inserted 21 triples into graph for clip 31
--------------------------------
Processing folder:  data/frames/kitchen_18/32
Inserted 15 triples into graph for clip 32
--------------------------------
Processing folder:  data/frames/kitchen_18/33
Inserted 12 triples into graph for clip 33
--------------------------------
Processing folder:  data/frames/kitchen_18/34
Inserted 21 triples into graph for clip 34
--------------------------------
Processing folder:  data/frames/kitchen_18/35
Extracting summary for completed conversation 6...
✓ Conversation summary extracted. Attributes: 1, Relationships: 0
Inserted 15 triples into graph for clip 35
--------------------------------
Processing folder:  data/frames/kitchen_18/36
Inserted 19 triples into graph for clip 36
--------------------------------
Processing folder:  data/frames/kitchen_18/37
Inserted 17 triples into graph for clip 37
--------------------------------
Processing folder:  data/frames/kitchen_18/38
Inserted 18 triples into graph for clip 38
--------------------------------
Processing folder:  data/frames/kitchen_18/39
Inserted 16 triples into graph for clip 39
--------------------------------
Processing folder:  data/frames/kitchen_18/40
Inserted 27 triples into graph for clip 40
--------------------------------
Processing folder:  data/frames/kitchen_18/41
Extracting summary for completed conversation 7...
✓ Conversation summary extracted. Attributes: 4, Relationships: 1
Inserted 37 triples into graph for clip 41
--------------------------------
Processing folder:  data/frames/kitchen_18/42
Inserted 35 triples into graph for clip 42
--------------------------------
Processing folder:  data/frames/kitchen_18/43
Inserted 16 triples into graph for clip 43
--------------------------------
Processing folder:  data/frames/kitchen_18/44
Inserted 20 triples into graph for clip 44
--------------------------------
Processing folder:  data/frames/kitchen_18/45
Inserted 26 triples into graph for clip 45
--------------------------------
Processing folder:  data/frames/kitchen_18/46
Inserted 17 triples into graph for clip 46
--------------------------------
Processing folder:  data/frames/kitchen_18/47
Inserted 23 triples into graph for clip 47
--------------------------------
Processing folder:  data/frames/kitchen_18/48
Inserted 21 triples into graph for clip 48
--------------------------------
Processing folder:  data/frames/kitchen_18/49
Inserted 30 triples into graph for clip 49
--------------------------------
Processing folder:  data/frames/kitchen_18/50
Inserted 15 triples into graph for clip 50
--------------------------------
Processing folder:  data/frames/kitchen_18/51
Extracting summary for completed conversation 8...
✓ Conversation summary extracted. Attributes: 10, Relationships: 4
Inserted 23 triples into graph for clip 51
--------------------------------
Processing folder:  data/frames/kitchen_18/52
Inserted 34 triples into graph for clip 52
--------------------------------
Processing folder:  data/frames/kitchen_18/53
Inserted 15 triples into graph for clip 53
--------------------------------
Processing folder:  data/frames/kitchen_18/54
Inserted 25 triples into graph for clip 54
--------------------------------
Processing folder:  data/frames/kitchen_18/55
Inserted 17 triples into graph for clip 55
--------------------------------
Processing folder:  data/frames/kitchen_18/56
Extracting summary for completed conversation 9...
✓ Conversation summary extracted. Attributes: 5, Relationships: 2
Inserted 12 triples into graph for clip 56
--------------------------------
Processing folder:  data/frames/kitchen_18/57
Inserted 14 triples into graph for clip 57
--------------------------------
Processing folder:  data/frames/kitchen_18/58
Inserted 39 triples into graph for clip 58
--------------------------------
Processing folder:  data/frames/kitchen_18/59
Inserted 21 triples into graph for clip 59
--------------------------------
Processing folder:  data/frames/kitchen_18/60
Inserted 26 triples into graph for clip 60
--------------------------------
Processing folder:  data/frames/kitchen_18/61
Inserted 18 triples into graph for clip 61
--------------------------------
Processing folder:  data/frames/kitchen_18/62
Inserted 28 triples into graph for clip 62
--------------------------------
Processing folder:  data/frames/kitchen_18/63
Inserted 27 triples into graph for clip 63
--------------------------------
Processing folder:  data/frames/kitchen_18/64
Extracting summary for completed conversation 10...
✓ Conversation summary extracted. Attributes: 6, Relationships: 4
Inserted 16 triples into graph for clip 64
--------------------------------
Processing folder:  data/frames/kitchen_18/65
Inserted 13 triples into graph for clip 65
--------------------------------
Processing folder:  data/frames/kitchen_18/66
Inserted 10 triples into graph for clip 66
--------------------------------
Processing folder:  data/frames/kitchen_18/67
Inserted 11 triples into graph for clip 67
--------------------------------
Processing folder:  data/frames/kitchen_18/68
Inserted 10 triples into graph for clip 68
--------------------------------
Processing folder:  data/frames/kitchen_18/69
Inserted 19 triples into graph for clip 69
--------------------------------
Processing folder:  data/frames/kitchen_18/70
Inserted 14 triples into graph for clip 70
--------------------------------
Processing folder:  data/frames/kitchen_18/71
Inserted 19 triples into graph for clip 71
--------------------------------
Processing folder:  data/frames/kitchen_18/72
Inserted 16 triples into graph for clip 72
--------------------------------
Processing folder:  data/frames/kitchen_18/73
Inserted 0 triples into graph for clip 73
--------------------------------
Processing folder:  data/frames/kitchen_18/74
Inserted 18 triples into graph for clip 74
--------------------------------
Processing folder:  data/frames/kitchen_18/75
Inserted 24 triples into graph for clip 75
--------------------------------
Processing folder:  data/frames/kitchen_18/76
Inserted 21 triples into graph for clip 76
--------------------------------
Processing folder:  data/frames/kitchen_18/77
Extracting summary for completed conversation 11...
✓ Conversation summary extracted. Attributes: 4, Relationships: 1
Inserted 19 triples into graph for clip 77
--------------------------------
Processing folder:  data/frames/kitchen_18/78
Inserted 21 triples into graph for clip 78
--------------------------------
Processing folder:  data/frames/kitchen_18/79
Inserted 23 triples into graph for clip 79
--------------------------------
Processing folder:  data/frames/kitchen_18/80
Inserted 13 triples into graph for clip 80
--------------------------------
Processing folder:  data/frames/kitchen_18/81
Inserted 39 triples into graph for clip 81
--------------------------------
Processing folder:  data/frames/kitchen_18/82
Extracting summary for completed conversation 12...
✓ Conversation summary extracted. Attributes: 6, Relationships: 4
Inserted 20 triples into graph for clip 82
--------------------------------
Processing folder:  data/frames/kitchen_18/83
Inserted 28 triples into graph for clip 83
--------------------------------
Processing folder:  data/frames/kitchen_18/84
Inserted 19 triples into graph for clip 84
--------------------------------
Processing folder:  data/frames/kitchen_18/85
Inserted 23 triples into graph for clip 85
--------------------------------
Processing folder:  data/frames/kitchen_18/86
Inserted 36 triples into graph for clip 86
--------------------------------
Processing folder:  data/frames/kitchen_18/87
Inserted 37 triples into graph for clip 87
--------------------------------
Processing folder:  data/frames/kitchen_18/88
Inserted 23 triples into graph for clip 88
--------------------------------
Processing folder:  data/frames/kitchen_18/89
Extracting summary for completed conversation 13...
✓ Conversation summary extracted. Attributes: 7, Relationships: 3
Inserted 21 triples into graph for clip 89
--------------------------------
Processing folder:  data/frames/kitchen_18/90
Inserted 26 triples into graph for clip 90
--------------------------------
Processing folder:  data/frames/kitchen_18/91
Extracting summary for completed conversation 14...
✓ Conversation summary extracted. Attributes: 1, Relationships: 0
Inserted 14 triples into graph for clip 91
--------------------------------
Processing folder:  data/frames/kitchen_18/92
Inserted 18 triples into graph for clip 92
--------------------------------
Processing folder:  data/frames/kitchen_18/93
Inserted 12 triples into graph for clip 93
--------------------------------
Processing folder:  data/frames/kitchen_18/94
Inserted 19 triples into graph for clip 94
--------------------------------
Processing folder:  data/frames/kitchen_18/95
Inserted 24 triples into graph for clip 95
--------------------------------
Processing folder:  data/frames/kitchen_18/96
Inserted 24 triples into graph for clip 96
--------------------------------
Processing folder:  data/frames/kitchen_18/97
Extracting summary for completed conversation 15...
✓ Conversation summary extracted. Attributes: 6, Relationships: 2
Inserted 31 triples into graph for clip 97
--------------------------------
Processing folder:  data/frames/kitchen_18/98
Inserted 16 triples into graph for clip 98
--------------------------------
Processing folder:  data/frames/kitchen_18/99
Inserted 13 triples into graph for clip 99
--------------------------------
Processing folder:  data/frames/kitchen_18/100
Inserted 19 triples into graph for clip 100
--------------------------------
Processing folder:  data/frames/kitchen_18/101
Inserted 22 triples into graph for clip 101
--------------------------------
Processing folder:  data/frames/kitchen_18/102
Inserted 30 triples into graph for clip 102
--------------------------------
Processing folder:  data/frames/kitchen_18/103
Inserted 28 triples into graph for clip 103
--------------------------------
Processing folder:  data/frames/kitchen_18/104
Inserted 26 triples into graph for clip 104
--------------------------------
Processing folder:  data/frames/kitchen_18/105
Inserted 31 triples into graph for clip 105
--------------------------------
Processing folder:  data/frames/kitchen_18/106
Inserted 43 triples into graph for clip 106
--------------------------------
Processing folder:  data/frames/kitchen_18/107
Inserted 21 triples into graph for clip 107
--------------------------------
Processing folder:  data/frames/kitchen_18/108
Extracting summary for completed conversation 16...
✓ Conversation summary extracted. Attributes: 9, Relationships: 4
Inserted 14 triples into graph for clip 108
--------------------------------
Processing folder:  data/frames/kitchen_18/109
Inserted 17 triples into graph for clip 109
--------------------------------
Processing folder:  data/frames/kitchen_18/110
Extracting summary for completed conversation 17...
✓ Conversation summary extracted. Attributes: 4, Relationships: 2
Inserted 30 triples into graph for clip 110
--------------------------------
Processing folder:  data/frames/kitchen_18/111
Inserted 25 triples into graph for clip 111
--------------------------------
Processing folder:  data/frames/kitchen_18/112
Inserted 22 triples into graph for clip 112
--------------------------------
Processing folder:  data/frames/kitchen_18/113
Inserted 26 triples into graph for clip 113
--------------------------------
Processing folder:  data/frames/kitchen_18/114
Extracting summary for completed conversation 18...
✓ Conversation summary extracted. Attributes: 5, Relationships: 1
Inserted 16 triples into graph for clip 114
--------------------------------
Processing folder:  data/frames/kitchen_18/115
Inserted 34 triples into graph for clip 115
--------------------------------
Processing folder:  data/frames/kitchen_18/116
Inserted 13 triples into graph for clip 116
Extracting summary for final conversation 19...
✓ Final conversation summary extracted. Attributes: 4, Relationships: 2
Inserting character appearances for 5 characters...
✓ Character appearances inserted: 23 appearance edges created
468 node embeddings inserted (6 characters, 462 objects)
✗ Error inserting embeddings: Error code: 400 - {'error': {'message': "code: ; message: '$.input' is invalid. Please check the API reference: https://platform.openai.com/docs/api-reference.", 'type': 'invalid_request_error', 'code': '-4003'}}
Generating character attributes...
Number of edges:  2553
Character attributes generated.
Number of edges:  2596
Character relationships generated.
Number of edges:  2643
✓ Graph memory built for kitchen_18
Question: Is Bob's memory good?

[Step 1] Searching the graph...
Parse Query Output:
{
  "query_triple": ["<Bob>", "memory quality", "?", 0.95, 0.25, 0.15],
  "spatial_constraint": null,
  "speaker_strict": null,
  "allocation": {
    "k_high_level": 8,
    "k_low_level": 7,
    "k_conversations": 35,
    "total_k": 50,
    "reasoning": "Trait/judgment query about Bob's memory. Use high-level edges for character attributes, and conversations to find evidence (dialogue about remembering/forgetting). A small portion of low-level edges can capture actions indicating memory (e.g., recalls, forgets)."
  }
}

Graph Search Results:
**High-Level Information (Character Attributes and Relationships): **

Character Attributes:
- Bob is: male (100), medium build (100), voice only (100), off-camera (100), interested in cooking (90)

Character Relationships:
- robot assists and follows instructions from Bob (95)
- Bob collaborates with Helen (90)
- Helen assists Bob (90)

**Low-Level Information (Actions and Events): **

[1] Bob sits on chair. (dining room)
[1] Bob greets Helen. (dining room)
[1] Helen approaches Bob. (dining room)
[1] Helen faces Bob. (dining room)
[1] Bob tells Helen. (dining room)
[1] Bob says he got many ingredient for lunch. (dining room)
[1] Helen asks Bob. (dining room)

**Conversations: **

Conversation 5: Helen and Bob discuss preparing carrots and potatoes, agreeing the peels are wet waste. Bob suggests Helen help a robot peel, but Helen declines and asserts the robot will do it better. Helen then instructs the robot to peel the carrots and potatoes and dispose of peels in the yellow trash can, and the robot acknowledges.
[29] Bob: So let me test you do you know what kind of trash the potato peels and the carrot peels are
[29] Helen: Um that's too easy you know they are wet waste
[29] Bob: Oh yes
[30] Helen: Um that's too easy you know they are wet waste?
[30] Bob: oh yes
[30] Bob: Since you are so smart why don't you just help the robot peel
[30] Helen: No no no no no I won't do it I think robot will do it better ha ha

Conversation 2: Bob plans to cook tomato and egg, curry beef, and pork stir-fry, with Helen requesting red curry. They decide to use a pressure cooker for tender, quick-cooking beef and add carrots for vibrancy. Helen checks on the rice and helps with planning and water, while Bob handles washing and preparation, mentioning he bought fresh beef from a new butcher who also gave him a bone.
[11] Helen: Okay that's great
[11] Helen: Just do it
[11] Bob: Okay
[12] Helen: Um I will to see the refrigerator to plan
[12] Helen: To see that whatever to add some more vegetables you know
[12] Bob: Yes okay
[12] Helen: Hey Bob
[12] Helen: Here’s some carrot how about adding it in the beef
[12] Bob: Oh good idea
[12] Helen: I think that maybe seems really vibrant
[13] Bob: Yes
[13] Helen: Okay
[13] Helen: You want me to wash them
[17] Helen: Oh
[17] Bob: And, and the owner is nice enough cause he give me a piece of bone
[17] Bob: A great bone
[17] Helen: Oh so in a new shop right
[17] Helen: So what should I do

Conversation 4: The group discusses kitchen tasks, with Bob seeking help to find a bowl and later requesting vegetables. Helen provides guidance, suggests involving Robert, and notes the yellow trash can is nearly full. The plan shifts to prioritizing potatoes, and a robot acknowledges the request.
[24] Bob: I need a bowl
[24] Helen: You need a bowl
[24] Bob: Yes
[24] Helen: It is okay
[24] Bob: Hmm it's too small
[24] Helen: That's okay yes
[25] Helen: Oh and the yellow trash can are almost full.
[25] Bob: Yes mm hmm.
[25] Bob: So you wanna help me more about something.
[25] Helen: So okay.
[25] Bob: Yes I need some carrots.
[25] Helen: Carrots and potato so ask Robert to do it.
[26] Bob: Okay.
[26] Bob: Hey Robert help me find the carrot and tomato.
[26] Helen: Or potato, I want potato oh.

Conversation 16: The group discusses preparing a sweet dish, debating sugar amounts and confirming it's ready to plate and set on the table. They coordinate the next steps and decide to change the trash bag when the bin becomes full. A robot is asked to handle the trash change and acknowledges. Overall, the conversation centers on collaborative kitchen tasks and cleanup.
[102] Helen: How many sugar okay I think
[102] Helen: There's one for you
[102] Bob: Okay uh huh
[103] Helen: Hey
[103] Bob: No no no I think it's really it's okay it's gonna add oh
[103] Helen: Ha ha
[103] Bob: Okay okay okay I know that
[103] Bob: A little bit a little bit
[103] Helen: Okay
[104] Helen: I did it
[104] Helen: Is that okay
[105] Helen: Uh do you need a plate
[105] Bob: Yes
[105] Bob: Have a special plate
[105] Helen: For you
[105] Bob: Okay so now I just put it on the plate
[105] Bob: I think it's there okay yes
[106] Helen: Okay okay okay
[106] Helen: I will help you to put it on the table okay

Conversation 9: Helen and Bob talk about cooking, specifically the order of adding meat and chili to a dish. Helen suggests adding meat first and chili at the end, and Bob compliments her cooking knowledge. The exchange is light and friendly, ending casually without further plans.
[53] Helen: And the chili only be put in when it already served.
[54] Bob: You're so good at cooking ah
[54] Bob: I do think so
[55] Bob: later
[55] Helen: Maybe next time you'll have

Conversation 8: Helen and Bob discuss cooking, with Helen praising Bob’s skills and Bob deciding to make a curry-based stir-fry instead of tomato and eggs. They coordinate ingredients, asking a robot to find red curries and green peppers from the refrigerator and agreeing to wash them. Helen questions tool choice, and Bob advises using a wooden spoon to preserve texture.
[44] Bob: You also need a scarf.
[44] Helen: Hurry, remember that I want the red one.
[44] Bob: Yes I also remember that, okay so hey robot,
[44] Bob: just help me find the red curries from the refrigerator.
[44] robot: Okay.
[45] Bob: What the meaning
[46] Helen: It's I think too too much.
[47] Bob: Are you sure uh
[47] Helen: I don't know you you do it
[47] Helen: Yes yes
[47] Helen: Stir the curry why use a wooden spoon
[47] Bob: Use the wooden spoon it will not ruin the texture of the food okay
[48] Bob: It's okay
[48] Helen: I think you're so good at cooking
[48] Helen: No wonder that your dishes are so delicious (yes) definitely
[49] Helen: Pepper, yes, are you sure okay? It's ok.
[49] Helen: You want me help you to get the pepper?
[49] Bob: No.
[49] Bob: I mean a robot.
[49] Helen: Okay, yes.

Conversation 10: Bob and Helen discuss cooking a meal, deciding on steps like using scissors, fetching a bowl, adding seasonings, oil, and water, and washing ingredients. Helen expresses uncertainty while Bob guides the process. They ultimately ask a robot to help stir-fry with chili, specifying to cook the meat first and then add green peppers.
[58] Helen: I don't know what we should have
[58] Helen: There's some seasonings you need
[58] Bob: No
[58] Bob: You want what some just like liquid?
[58] Helen: liquid okay
[59] Helen: Why you do this what's the meaning
[60] Bob: Because it can make the meat more flavor.
[60] Bob: Okay.
[60] Helen: Got it.
[60] Helen: You're so good at it.
[61] Helen: Yes.
[62] Helen: Are you tired
[62] Bob: A little
[62] Helen: Can ask the robot to help you
[63] Bob: Hey robot, just put the stir fry cooking with the chili.

Conversation 13: The group is cooking and discovers multiple double-yolk eggs. They decide to stir the eggs and proceed with the next steps, including adding oil. Helen plans to take a picture, and others offer to help with stirring and confirm it's okay to continue.
[86] Helen: I need to start it?
[87] Helen: I need to start it at?
[87] Bob: okay
[87] Bob: I think it's okay
[87] Bob: Okay just put it okay
[87] Helen: We need some oil yes it's here

Conversation 14: The conversation contains only a single brief response from Bob, offering no substantive topics, decisions, or outcomes. Insufficient information is available to determine context or themes.
[90] Bob: Okay

Conversation 15: Bob and Helen are working together on a cooking task, discussing issues with too much oil and low oil temperature. Bob urges quick action and asks for help, while Helen reassures him and offers to assist, considering how to proceed. They agree to continue and move quickly to resolve the situation.
[92] Bob: I think I put a lot of oil on it hahaha
[92] Bob: Very very funny
[92] Helen: It's okay it's okay it's okay
[93] Helen: I think because of the oil temperature is not so high yes
[93] Bob: So wait a minute
[93] Bob: Give the oil
[93] Bob: To me that you will finish all of them
[93] Helen: It's so sweet
[93] Helen: So sweetie
[93] Bob: It's okay
[94] Helen: Sounds good actually yes
[94] Helen: I believe in you uh I wish I could
[95] Helen: Um I need this bowl
[95] Helen: I use my hands or ...?
[95] Bob: Quickly quickly
[95] Bob: Quickly okay quickly quickly
[96] Helen: Yeah and I'm on job hahaha
[96] Bob: Okay

Conversation 19: The participants conclude a task involving a robot and decide to break for lunch. Helen expresses appreciation for Bob’s work, and Bob agrees to lunch, emphasizing others’ enjoyment.
[115] Bob: Thank you Robert
[115] Bob: Hey robot just put it back to the cabinet
[115] robot: Okay

Conversation 1: Bob and Helen discuss preparing lunch: Bob bought beef tenderloin and tomatoes, while Helen forgot to steam the rice. They decide to have the robot handle tasks, first placing the bag on the cabinet and then steaming the rice, which should take about 45 minutes. Bob plans to cook the dishes while the rice steams.
[1] Bob: Hey Helen
[1] Bob: Today I have got a lot of ingredients for today's lunch
[1] Helen: Oh wow today's lunch must be very sumptuous Bob
[2] Bob: I tell you to steam the rice before I went out did you do it
[2] Helen: Oh I just attracted in the TV series and I forgot to cook it
[2] Bob: It's fine it's fine
[2] Bob: It's still in time to have the robot steam in now umm right?
[2] Bob: Rice can be steam in forty five minutes

[Step 2] Evaluating semantic answer...
Action: [Search]
Content: [1, 2, 11, 24, 25, 29, 44, 48]
Summary: Bob remembers many cooking details and tasks: he recalls buying ingredients and instructs steaming rice with a 45-minute estimate ([1-2]); he plans menus and tools, asks for specific items, and tracks trash status ([11, 24-25]); he quizzes Helen on waste categorization and suggests robot assistance ([29-30]); he remembers Helen’s preference for red curry and advises using a wooden spoon to preserve texture ([44, 48]). However, the graph does not explicitly assess Bob’s memory quality, requiring broader context across clips to infer consistency.

[Step 3] Watching video clips: [1, 2, 11, 24, 25, 29, 44, 48]

   Processing clip 1 (1/8)...
Question: How many times did Helen take photos?

[Step 1] Searching the graph...
Parse Query Output:
{
  "query_triple": ["<Helen>", "takes photos", null, 0.95, 0.4, 0.15],
  "spatial_constraint": null,
  "speaker_strict": null,
  "allocation": {
    "k_high_level": 5,
    "k_low_level": 40,
    "k_conversations": 5,
    "total_k": 50,
    "reasoning": "Counting action occurrences - prioritize low-level edges that record specific actions; minimal high-level for context, few conversations in case of verbal mentions of taking photos."
  }
}

Graph Search Results:
**High-Level Information (Character Attributes and Relationships): **

Character Attributes:
- Helen is: female (100), medium build (100), long brown hair (100), light-colored graphic hoodie (100), blue jeans (100)

**Low-Level Information (Actions and Events): **

[1] Bob greets Helen. (dining room)
[1] Helen approaches Bob. (dining room)
[1] Helen faces Bob. (dining room)
[1] Bob tells Helen. (dining room)
[1] Helen says today's lunch must be very sumptuous. (dining room)
[1] Helen asks Bob. (dining room)
[1] Helen asks what <Bob> bought. (dining room)
[1] Helen says that is really good. (dining room)
[1] Helen points toward kitchen. (dining room)
[1] Helen instructs robot. (dining room)
[1] Helen instructs put bag in <Bob>'s hand on cabinet. (dining room)
[2] Bob looks at Helen. (dining room and kitchen)
[2] Helen stands near dining table. (dining room and kitchen)
[2] Helen holds phone. (dining room and kitchen)
[2] Bob speaks to Helen. (dining room and kitchen)
[2] Helen replies to Bob. (dining room and kitchen)
[2] Helen faces Helen. (dining room and kitchen)
[2] Bob reassures Helen. (dining room and kitchen)
[3] Bob talks to Helen. (dining room and kitchen)
[3] Helen stands near doorway. (dining room and kitchen)
[3] Helen faces Bob. (dining room and kitchen)
[3] Helen acknowledges Bob. (dining room and kitchen)
[3] Helen turns toward kitchen. (dining room and kitchen)
[3] Helen walks into kitchen area. (dining room and kitchen)
[3] Helen bends. (dining room and kitchen)
[3] Helen opens lower cabinet. (dining room and kitchen)
[3] Helen adjusts something on countertop. (dining room and kitchen)
[3] Helen works at countertop. (dining room and kitchen)
[3] Helen crouches. (dining room and kitchen)
[3] Helen handles item near bottom shelf. (dining room and kitchen)
[4] Helen stands in kitchen doorway. (dining room and kitchen)
[4] Helen holds rice cooker pot. (dining room and kitchen)
[4] Bob glances toward Helen. (dining room and kitchen)
[4] Helen holds pot with rice. (dining room and kitchen)
[4] rice pot is from Helen. (dining room and kitchen)
[10] Helen stands near doorway to the kitchen. (dining room and kitchen)
[10] Helen holds in right hand phone. (dining room and kitchen)
[10] Helen asks about Bob. (dining room and kitchen)
[10] Helen asks Bob. (dining room and kitchen)
[10] Helen repeats curry beef. (dining room and kitchen)

**Conversations: **

Conversation 8: Helen and Bob discuss cooking, with Helen praising Bob’s skills and Bob deciding to make a curry-based stir-fry instead of tomato and eggs. They coordinate ingredients, asking a robot to find red curries and green peppers from the refrigerator and agreeing to wash them. Helen questions tool choice, and Bob advises using a wooden spoon to preserve texture.
[44] Bob: just help me find the red curries from the refrigerator.
[44] robot: Okay.
[45] Helen: I wanna take a photo now
[45] Bob: What the meaning
[46] Helen: It's I think too too much.

Conversation 13: The group is cooking and discovers multiple double-yolk eggs. They decide to stir the eggs and proceed with the next steps, including adding oil. Helen plans to take a picture, and others offer to help with stirring and confirm it's okay to continue.
[86] Helen: Wow wow.
[86] Helen: Wait a minute.
[86] Helen: I will take a picture.
[86] character_1: Okay.
[86] character_1: Let me see what is the next step.

Conversation 16: The group discusses preparing a sweet dish, debating sugar amounts and confirming it's ready to plate and set on the table. They coordinate the next steps and decide to change the trash bag when the bin becomes full. A robot is asked to handle the trash change and acknowledges. Overall, the conversation centers on collaborative kitchen tasks and cleanup.
[100] Helen: Wow it's amazing
[100] character_1: Listen to my ear is a little bit old
[100] Helen: Amazing
[101] Bob: Where is the sugar
[101] Helen: No no sugar no sugar
[102] Bob: Just come and help me
[102] Helen: What should I do how manage
[102] Helen: How many sugar okay I think
[102] Helen: There's one for you
[102] Bob: Okay uh huh
[103] Bob: A little bit a little bit
[103] Helen: Okay
[104] Helen: I did it
[104] Bob: Promise I promise yes
[104] Helen: I promise that's waiting for you

[Step 2] Evaluating semantic answer...
Action: [Answer]
Content: Twice.
FINAL ANSWER (from graph):
Twice.
Question: Is Bob quite familiar with the procedures of cooking?

[Step 1] Searching the graph...
Parse Query Output:
{
  "query_triple": ["<Bob>", "familiar with", "cooking procedures", 0.95, 0.3, 0.6],
  "spatial_constraint": null,
  "speaker_strict": null,
  "allocation": {
    "k_high_level": 8,
    "k_low_level": 12,
    "k_conversations": 30,
    "total_k": 50,
    "reasoning": "Trait/knowledge query about Bob's familiarity; use high-level edges for skills/attributes, conversations for evidence of expertise, and some low-level edges to confirm cooking actions/procedures performed."
  }
}

Graph Search Results:
**High-Level Information (Character Attributes and Relationships): **

Character Attributes:
- Bob is: male (100), medium build (100)

Character Relationships:
- robot assists and follows instructions from Bob (95)
- Bob directs and supervises robot (90)
- Bob exhibits authority over robot (90)
- robot is responsive and compliant toward Bob (90)
- Bob collaborates with character_1 (85)
- Bob cooperates with character_1 (85)

**Low-Level Information (Actions and Events): **

[2] Bob mentions cooking dish. (dining room and kitchen)
[20] Bob works at stovetop. (kitchen)
[21] Bob stands at stovetop. (kitchen)
[25] Bob leans closer to view recipe. (kitchen)
[26] Bob looks at cooker. (kitchen)
[29] Bob stands near cooker. (kitchen)
[40] Bob gestures toward recipe sheet. (kitchen)
[40] Bob lifts cooker. (kitchen)
[40] Bob moves cooker. (kitchen)
[52] Bob is beside stovetop. (kitchen)
[93] Bob watches cooking. (kitchen)
[95] Bob observes cooking. (kitchen)

**Conversations: **

Conversation 2: Bob plans to cook tomato and egg, curry beef, and pork stir-fry, with Helen requesting red curry. They decide to use a pressure cooker for tender, quick-cooking beef and add carrots for vibrancy. Helen checks on the rice and helps with planning and water, while Bob handles washing and preparation, mentioning he bought fresh beef from a new butcher who also gave him a bone.
[10] Helen: Oh curry beef you know
[10] Helen: Uh remember that i don't want yellow curry i want a red curry
[10] Bob: I remember i just start i just start to do the beef first
[10] Helen: Okay cook it now
[11] Helen: Oh today you wanna use a pressure cooker
[11] Helen: But I remember that last time you use a clay pot
[11] Helen: It also tastes really good
[11] Bob: Yes pressure cooker
[11] Bob: Cook quickly and even make the meat more tender
[11] Bob: And it suits for today's schedule
[11] Helen: Okay that's great
[12] Bob: Oh good idea
[12] Helen: I think that maybe seems really vibrant
[13] Bob: Yes
[13] Helen: Okay
[13] Helen: You want me to wash them
[13] Bob: Oh no, I don't need, I can handle it, just check on the rice
[13] Helen: Okay, rice
[13] Helen: Okay it's working and then I will visit it
[16] Helen: The beef looks really fresh
[16] Helen: So where did you buy it
[17] Bob: At the newly opened butcher shop
[17] Bob: At the address of the neighborhood
[17] Helen: Oh
[17] Helen: Oh so in a new shop right
[17] Helen: So what should I do
[17] Bob: Umm maybe you can help me prepare some water
[17] Helen: Some water okay
[18] Bob: Hey Helen

Conversation 9: Helen and Bob talk about cooking, specifically the order of adding meat and chili to a dish. Helen suggests adding meat first and chili at the end, and Bob compliments her cooking knowledge. The exchange is light and friendly, ending casually without further plans.
[52] Helen: Oh wow what are you cooking now
[52] Bob: Cooking chili stir fried meat
[52] Helen: Okay
[53] Bob: So now let me test you as the what hmm just like the meat and the chili.
[53] Bob: With which will be goes into the goes into first.
[53] Helen: OK I know this question.
[53] Helen: My answer is put the meat in the pot first.
[53] Helen: And the chili only be put in when it already served.
[54] Bob: You're so good at cooking ah
[54] Bob: I do think so
[55] Bob: later

Conversation 1: Bob and Helen discuss preparing lunch: Bob bought beef tenderloin and tomatoes, while Helen forgot to steam the rice. They decide to have the robot handle tasks, first placing the bag on the cabinet and then steaming the rice, which should take about 45 minutes. Bob plans to cook the dishes while the rice steams.
[1] Bob: Hey Helen
[1] Bob: Today I have got a lot of ingredients for today's lunch
[1] Helen: Oh wow today's lunch must be very sumptuous Bob
[1] Helen: And what did you buy
[1] Bob: I have bought the beef
[1] Bob: Tenderloin and the tomatoes
[1] Helen: Oh that's really good
[1] Helen: And hey robot! put the bag in Bob's hand on the cabinet
[1] robot: Okay
[2] Bob: I tell you to steam the rice before I went out did you do it
[2] Helen: Oh I just attracted in the TV series and I forgot to cook it
[2] Bob: It's fine it's fine
[2] Bob: It's still in time to have the robot steam in now umm right?
[2] Bob: Rice can be steam in forty five minutes
[2] Bob: And it will also take me a while to cook the dishes
[3] Bob: And it will also take me a while to cook the dishes.
[3] Helen: kay okay
[4] Bob: Hey robot
[4] Bob: Go steam the rice

Conversation 12: The group discusses preparing a tomato and egg dish and gathering ingredients and tools. Bob leads the cooking effort and asks for white sugar and eggs, while Helen offers assistance by confirming items and finding a bowl. Another helper (character_1) collaborates by confirming tasks and requesting washing to proceed.
[80] Bob: So now i'm going to cook the
[80] Bob: Tomatoes and eggs
[80] Helen: Tomato eggs?

Conversation 5: Helen and Bob discuss preparing carrots and potatoes, agreeing the peels are wet waste. Bob suggests Helen help a robot peel, but Helen declines and asserts the robot will do it better. Helen then instructs the robot to peel the carrots and potatoes and dispose of peels in the yellow trash can, and the robot acknowledges.
[29] Helen: Mokay so what's the next step and I think that we must uh peel the potato and carrot right
[29] Bob: That's okay they say that you truly watch me cook a lot
[29] Helen: Yes
[29] Bob: So let me test you do you know what kind of trash the potato peels and the carrot peels are
[29] Helen: Um that's too easy you know they are wet waste
[29] Bob: Oh yes
[30] Helen: Um that's too easy you know they are wet waste?
[30] Bob: oh yes
[30] Bob: Since you are so smart why don't you just help the robot peel
[30] Helen: No no no no no I won't do it I think robot will do it better ha ha

Conversation 8: Helen and Bob discuss cooking, with Helen praising Bob’s skills and Bob deciding to make a curry-based stir-fry instead of tomato and eggs. They coordinate ingredients, asking a robot to find red curries and green peppers from the refrigerator and agreeing to wash them. Helen questions tool choice, and Bob advises using a wooden spoon to preserve texture.
[47] Helen: I don't know you you do it
[47] Helen: Yes yes
[47] Bob: Just stir the curry
[47] Helen: Stir the curry why use a wooden spoon
[47] Bob: Use the wooden spoon it will not ruin the texture of the food okay
[48] Helen: I think you're so good at cooking
[48] Helen: No wonder that your dishes are so delicious (yes) definitely
[48] Bob: I'm going to cook the tomato and eggs
[48] Bob: It's not true so I decided to cook the stir-fry cookie with curry
[49] Bob: Oh at first I need to bring peppers.

Conversation 3: Helen and Bob clarify a misunderstanding about water. Bob needs the water for cooking meat, while Helen initially thought it was for drinking. Helen acknowledges the correction and indicates she understands his preference.
[20] Helen: Water is for you hahaha
[20] Bob: No I mean I need the water to cook the meat
[20] Helen: I thought you wanna drink it okay
[20] Helen: I know what you want

Conversation 10: Bob and Helen discuss cooking a meal, deciding on steps like using scissors, fetching a bowl, adding seasonings, oil, and water, and washing ingredients. Helen expresses uncertainty while Bob guides the process. They ultimately ask a robot to help stir-fry with chili, specifying to cook the meat first and then add green peppers.
[59] Bob: And what what this is the best yes and also
[59] Helen: Why you do this what's the meaning
[60] Bob: Because it can make the meat more flavor.
[60] Bob: Okay.
[60] Helen: Got it.
[62] Bob: A little
[62] Helen: Can ask the robot to help you
[63] Bob: Hey robot, just put the stir fry cooking with the chili.
[63] Bob: The first, you need to put the uh meat on this place.
[63] Bob: And then you need to put the green peppers.
[63] robot: Okay

Conversation 4: The group discusses kitchen tasks, with Bob seeking help to find a bowl and later requesting vegetables. Helen provides guidance, suggests involving Robert, and notes the yellow trash can is nearly full. The plan shifts to prioritizing potatoes, and a robot acknowledges the request.
[24] Bob: I need a bowl
[24] Helen: You need a bowl
[24] Bob: Yes
[24] Helen: It is okay
[24] Bob: Hmm it's too small

Conversation 16: The group discusses preparing a sweet dish, debating sugar amounts and confirming it's ready to plate and set on the table. They coordinate the next steps and decide to change the trash bag when the bin becomes full. A robot is asked to handle the trash change and acknowledges. Overall, the conversation centers on collaborative kitchen tasks and cleanup.
[104] Helen: Is that okay
[105] Helen: Uh do you need a plate
[105] Bob: Yes
[105] Bob: Have a special plate
[105] Helen: For you

Conversation 17: Bob mentioned that curry beef is acceptable and then instructed the robot to blend the curry beef. The robot agreed to comply, indicating acceptance of the task.
[109] Bob: Curry beef is okay.
[109] Bob: So hey robot.
[109] Bob: Just blend the curry curry beef.
[109] robot: Ok.

[Step 2] Evaluating semantic answer...
Action: [Answer]
Content: Yes, Bob appears quite familiar with cooking procedures.
FINAL ANSWER (from graph):
Yes, Bob appears quite familiar with cooking procedures.
Question: What quality of the ingredients does Bob value most when making food?

[Step 1] Searching the graph...
Parse Query Output:
{
  "query_triple": ["<Bob>", "values", "ingredient quality#?", 0.95, 0.3, 0.25],
  "spatial_constraint": null,
  "speaker_strict": null,
  "allocation": {
    "k_high_level": 6,
    "k_low_level": 12,
    "k_conversations": 32,
    "total_k": 50,
    "reasoning": "Motivation/priority question tied to making food—use conversations to capture Bob's stated preferences, some high-level edges for traits/values, and a smaller set of low-level edges to anchor actions around cooking."
  }
}

Graph Search Results:
**High-Level Information (Character Attributes and Relationships): **

Character Attributes:
- Bob is: male (100), medium build (100), voice only (100), off-camera (100)

Character Relationships:
- robot assists and follows instructions from Bob (95)
- Bob collaborates with character_1 (85)

**Low-Level Information (Actions and Events): **

[14] Bob looks at ingredient. (kitchen)
[26] Bob asks for help finding ingredient. (kitchen)
[52] Bob chops ingredient. (kitchen)
[52] Bob prepares ingredient. (kitchen)
[52] Bob points to ingredient. (kitchen)
[55] Bob chops ingredient. (kitchen)
[60] Bob continues preparing ingredient. (kitchen)
[62] Bob mixes ingredient. (kitchen)
[63] Bob prepares ingredient. (kitchen)
[95] Bob starts handling ingredient. (kitchen)
[96] Bob chops ingredient. (kitchen)
[96] Bob prepares ingredient. (kitchen)

**Conversations: **

Conversation 10: Bob and Helen discuss cooking a meal, deciding on steps like using scissors, fetching a bowl, adding seasonings, oil, and water, and washing ingredients. Helen expresses uncertainty while Bob guides the process. They ultimately ask a robot to help stir-fry with chili, specifying to cook the meat first and then add green peppers.
[58] Helen: There's some seasonings you need
[58] Bob: No
[58] Bob: You want what some just like liquid?
[58] Helen: liquid okay
[58] Helen: I will find it
[59] Bob: And what what this is the best yes and also
[59] Helen: Why you do this what's the meaning
[60] Bob: Because it can make the meat more flavor.
[60] Bob: Okay.
[60] Helen: Got it.
[62] Helen: Can ask the robot to help you
[63] Bob: Hey robot, just put the stir fry cooking with the chili.
[63] Bob: The first, you need to put the uh meat on this place.
[63] Bob: And then you need to put the green peppers.
[63] robot: Okay

Conversation 1: Bob and Helen discuss preparing lunch: Bob bought beef tenderloin and tomatoes, while Helen forgot to steam the rice. They decide to have the robot handle tasks, first placing the bag on the cabinet and then steaming the rice, which should take about 45 minutes. Bob plans to cook the dishes while the rice steams.
[1] Bob: Hey Helen
[1] Bob: Today I have got a lot of ingredients for today's lunch
[1] Helen: Oh wow today's lunch must be very sumptuous Bob
[1] Helen: And what did you buy
[1] Bob: I have bought the beef
[1] Bob: Tenderloin and the tomatoes
[1] Helen: Oh that's really good
[1] Helen: And hey robot! put the bag in Bob's hand on the cabinet
[2] Bob: It's still in time to have the robot steam in now umm right?
[2] Bob: Rice can be steam in forty five minutes
[2] Bob: And it will also take me a while to cook the dishes
[3] Bob: And it will also take me a while to cook the dishes.
[3] Helen: kay okay
[4] Bob: Hey robot

Conversation 2: Bob plans to cook tomato and egg, curry beef, and pork stir-fry, with Helen requesting red curry. They decide to use a pressure cooker for tender, quick-cooking beef and add carrots for vibrancy. Helen checks on the rice and helps with planning and water, while Bob handles washing and preparation, mentioning he bought fresh beef from a new butcher who also gave him a bone.
[10] Helen: And what kind of food
[10] Helen: Do you wanna cook today
[10] Bob: Umm tomato and egg
[10] Bob: Curry beef stir fry pock with chili
[10] Helen: Oh curry beef you know
[10] Helen: Uh remember that i don't want yellow curry i want a red curry
[10] Bob: I remember i just start i just start to do the beef first
[10] Helen: Okay cook it now
[11] Helen: Oh today you wanna use a pressure cooker
[11] Helen: But I remember that last time you use a clay pot
[11] Helen: It also tastes really good
[11] Bob: Yes pressure cooker
[11] Bob: Cook quickly and even make the meat more tender
[11] Bob: And it suits for today's schedule
[11] Helen: Okay that's great
[13] Bob: Hey robot
[13] Bob: Just just wash the new uh
[13] Bob: Just wash the uh new beef just wash in the new beef
[14] Helen: Just wash the uh new beef just wash in the new beef.
[14] Bob: And then put it on the cutting board.
[16] Helen: Oh wow
[16] Helen: The beef looks really fresh
[16] Helen: So where did you buy it
[17] Bob: At the newly opened butcher shop
[17] Bob: At the address of the neighborhood
[17] Helen: Oh
[17] Bob: And, and the owner is nice enough cause he give me a piece of bone
[17] Bob: A great bone
[17] Helen: Oh so in a new shop right
[17] Helen: So what should I do

Conversation 12: The group discusses preparing a tomato and egg dish and gathering ingredients and tools. Bob leads the cooking effort and asks for white sugar and eggs, while Helen offers assistance by confirming items and finding a bowl. Another helper (character_1) collaborates by confirming tasks and requesting washing to proceed.
[80] Bob: So now i'm going to cook the
[80] Bob: Tomatoes and eggs
[80] Helen: Tomato eggs?
[80] Bob: So hey Robert help me find the white sugar

Conversation 9: Helen and Bob talk about cooking, specifically the order of adding meat and chili to a dish. Helen suggests adding meat first and chili at the end, and Bob compliments her cooking knowledge. The exchange is light and friendly, ending casually without further plans.
[52] Helen: Oh wow what are you cooking now
[52] Bob: Cooking chili stir fried meat
[52] Helen: Okay
[53] Bob: So now let me test you as the what hmm just like the meat and the chili.
[53] Bob: With which will be goes into the goes into first.
[53] Helen: OK I know this question.
[53] Helen: My answer is put the meat in the pot first.
[53] Helen: And the chili only be put in when it already served.
[54] Bob: You're so good at cooking ah
[54] Bob: I do think so
[55] Bob: later

Conversation 8: Helen and Bob discuss cooking, with Helen praising Bob’s skills and Bob deciding to make a curry-based stir-fry instead of tomato and eggs. They coordinate ingredients, asking a robot to find red curries and green peppers from the refrigerator and agreeing to wash them. Helen questions tool choice, and Bob advises using a wooden spoon to preserve texture.
[47] Helen: I don't know you you do it
[47] Helen: Yes yes
[47] Bob: Just stir the curry
[47] Helen: Stir the curry why use a wooden spoon
[47] Bob: Use the wooden spoon it will not ruin the texture of the food okay
[48] Bob: It's okay
[48] Helen: I think you're so good at cooking
[48] Helen: No wonder that your dishes are so delicious (yes) definitely
[48] Bob: I'm going to cook the tomato and eggs
[48] Bob: It's not true so I decided to cook the stir-fry cookie with curry
[49] Bob: Oh at first I need to bring peppers.
[49] Helen: Pepper, yes, are you sure okay? It's ok.
[49] Helen: You want me help you to get the pepper?

Conversation 3: Helen and Bob clarify a misunderstanding about water. Bob needs the water for cooking meat, while Helen initially thought it was for drinking. Helen acknowledges the correction and indicates she understands his preference.
[20] Helen: Water is for you hahaha
[20] Bob: No I mean I need the water to cook the meat
[20] Helen: I thought you wanna drink it okay
[20] Helen: I know what you want

Conversation 16: The group discusses preparing a sweet dish, debating sugar amounts and confirming it's ready to plate and set on the table. They coordinate the next steps and decide to change the trash bag when the bin becomes full. A robot is asked to handle the trash change and acknowledges. Overall, the conversation centers on collaborative kitchen tasks and cleanup.
[100] character_1: Listen to my ear is a little bit old
[100] Helen: Amazing
[101] Bob: Where is the sugar
[101] Helen: No no sugar no sugar
[101] Helen: Don't see anywhere is the next step and is this okay

Conversation 17: Bob mentioned that curry beef is acceptable and then instructed the robot to blend the curry beef. The robot agreed to comply, indicating acceptance of the task.
[109] Bob: Curry beef is okay.
[109] Bob: So hey robot.
[109] Bob: Just blend the curry curry beef.
[109] robot: Ok.

Conversation 4: The group discusses kitchen tasks, with Bob seeking help to find a bowl and later requesting vegetables. Helen provides guidance, suggests involving Robert, and notes the yellow trash can is nearly full. The plan shifts to prioritizing potatoes, and a robot acknowledges the request.
[25] Helen: So okay.
[25] Helen: Carrot or potato or something more.
[25] Bob: Yes I need some carrots.
[25] Helen: Carrots and potato so ask Robert to do it.
[26] Bob: Okay.
[26] Bob: Hey Robert help me find the carrot and tomato.
[26] Helen: Or potato, I want potato oh.
[26] Bob: Okay it's just potato.
[26] Bob: Hey robot help me find potatoes and...
[26] Helen: Parrot.

Conversation 5: Helen and Bob discuss preparing carrots and potatoes, agreeing the peels are wet waste. Bob suggests Helen help a robot peel, but Helen declines and asserts the robot will do it better. Helen then instructs the robot to peel the carrots and potatoes and dispose of peels in the yellow trash can, and the robot acknowledges.
[29] Bob: That's okay they say that you truly watch me cook a lot
[29] Helen: Yes
[29] Bob: So let me test you do you know what kind of trash the potato peels and the carrot peels are
[29] Helen: Um that's too easy you know they are wet waste
[29] Bob: Oh yes

[Step 2] Evaluating semantic answer...
Action: [Answer]
Content: Bob values ingredient freshness most when making food.
FINAL ANSWER (from graph):
Bob values ingredient freshness most when making food.
Question: How many times did Bob use oil?

[Step 1] Searching the graph...
Parse Query Output:
{
  "query_triple": ["<Bob>", "uses", "oil", 0.95, 0.35, 0.8],
  "spatial_constraint": null,
  "speaker_strict": null,
  "allocation": {
    "k_high_level": 4,
    "k_low_level": 40,
    "k_conversations": 6,
    "total_k": 50,
    "reasoning": "Counting action occurrences requires specific low-level action edges; minimal high-level/context and a few conversations for mentions of usage."
  }
}

Graph Search Results:
**High-Level Information (Character Attributes and Relationships): **

Character Relationships:
- robot assists and follows instructions from Bob (95)
- Bob directs and supervises robot (90)
- Bob exhibits authority over robot (90)
- robot is responsive and compliant toward Bob (90)

**Low-Level Information (Actions and Events): **

[1] Bob adds tomato. (dining room)
[10] Bob replies with tomato. (dining room and kitchen)
[14] Bob looks at ingredient. (kitchen)
[20] Bob needs water. (kitchen)
[21] Bob holds wok. (kitchen)
[21] Bob carries wok. (kitchen)
[21] Bob places wok. (kitchen)
[21] Bob rinses interior wok. (kitchen)
[21] Bob tilts to drain water wok. (kitchen)
[21] Bob lifts wok. (kitchen)
[21] Bob walks with wok. (kitchen)
[26] Bob asks for help finding ingredient. (kitchen)
[30] Bob holds paper. (kitchen)
[46] Bob prepares food. (kitchen)
[49] Bob asks to help find pepper. (kitchen)
[52] Bob chops ingredient. (kitchen)
[52] Bob slices vegetable. (kitchen)
[52] Bob prepares food. (kitchen)
[52] Bob prepares ingredient. (kitchen)
[52] Bob points to ingredient. (kitchen)
[55] Bob chops ingredient. (kitchen)
[55] Bob prepares food. (kitchen)
[57] Bob chops vegetable. (kitchen)
[57] Bob preps vegetable. (kitchen)
[58] Bob asks if needed liquid. (kitchen)
[60] Bob continues preparing ingredient. (kitchen)
[60] Bob requests oil. (kitchen)
[60] oil is near Bob. (kitchen)
[60] Bob looks at oil. (kitchen)
[61] Bob picks up wok. (kitchen)
[62] Bob mixes ingredient. (kitchen)
[63] Bob prepares ingredient. (kitchen)
[93] Bob watches cooking. (kitchen)
[95] Bob observes cooking. (kitchen)
[95] Bob starts handling ingredient. (kitchen)
[95] Bob chops food. (kitchen)
[95] Bob arranges food. (kitchen)
[96] Bob chops ingredient. (kitchen)
[96] Bob prepares ingredient. (kitchen)
[113] Bob asks to serve rice. (dining room and kitchen)

**Conversations: **

Conversation 15: Bob and Helen are working together on a cooking task, discussing issues with too much oil and low oil temperature. Bob urges quick action and asks for help, while Helen reassures him and offers to assist, considering how to proceed. They agree to continue and move quickly to resolve the situation.
[92] Bob: I think I put a lot of oil on it hahaha
[92] Bob: Very very funny
[92] Helen: It's okay it's okay it's okay
[93] Helen: I think because of the oil temperature is not so high yes
[93] Bob: So wait a minute
[93] Bob: Give the oil
[93] Bob: To me that you will finish all of them
[93] Helen: It's so sweet

Conversation 10: Bob and Helen discuss cooking a meal, deciding on steps like using scissors, fetching a bowl, adding seasonings, oil, and water, and washing ingredients. Helen expresses uncertainty while Bob guides the process. They ultimately ask a robot to help stir-fry with chili, specifying to cook the meat first and then add green peppers.
[60] Helen: Got it.
[60] Helen: You're so good at it.
[60] Bob: I need some, I need a little oil.
[60] Helen: Oil, okay.
[60] Helen: I will help you, just a little, okay.
[61] Helen: Yes.
[62] Helen: Are you tired
[62] Bob: A little
[62] Helen: Can ask the robot to help you
[63] Bob: Hey robot, just put the stir fry cooking with the chili.

Conversation 8: Helen and Bob discuss cooking, with Helen praising Bob’s skills and Bob deciding to make a curry-based stir-fry instead of tomato and eggs. They coordinate ingredients, asking a robot to find red curries and green peppers from the refrigerator and agreeing to wash them. Helen questions tool choice, and Bob advises using a wooden spoon to preserve texture.
[49] Bob: Okay okay hey.
[49] Bob: Robot help me find the green peppers from the refrigerator.
[50] Bob: let's wash

Conversation 2: Bob plans to cook tomato and egg, curry beef, and pork stir-fry, with Helen requesting red curry. They decide to use a pressure cooker for tender, quick-cooking beef and add carrots for vibrancy. Helen checks on the rice and helps with planning and water, while Bob handles washing and preparation, mentioning he bought fresh beef from a new butcher who also gave him a bone.
[11] Helen: But I remember that last time you use a clay pot
[11] Helen: It also tastes really good
[11] Bob: Yes pressure cooker
[11] Bob: Cook quickly and even make the meat more tender
[11] Bob: And it suits for today's schedule

[Step 2] Evaluating semantic answer...
Action: [Answer]
Content: Bob used oil twice.
FINAL ANSWER (from graph):
Bob used oil twice.
Question: What pot was used to make the beef curry?

[Step 1] Searching the graph...
Parse Query Output:
{
  "query_triple": ["beef curry", "was made in", "?", 0.8, 0.5, 0.2],
  "spatial_constraint": null,
  "speaker_strict": null,
  "allocation": {
    "k_high_level": 4,
    "k_low_level": 40,
    "k_conversations": 6,
    "total_k": 50,
    "reasoning": "Object/action-specific query about cooking vessel; prioritize low-level edges to track cooking actions and utensil usage. Minimal high-level and conversations for context if mentioned verbally."
  }
}

Graph Search Results:
**High-Level Information (Character Attributes and Relationships): **

Character Attributes:
- character_1 is: female (100)
- robot is: black gloves (100), camera-held perspective (100), no visible face (100)

**Low-Level Information (Actions and Events): **

[1] Bob says he buys beef. (dining room)
[4] Helen holds pot with rice. (dining room and kitchen)
[5] robot positions under pot with rice. (kitchen sink)
[5] pot with rice is under faucet. (kitchen sink)
[10] Bob adds curry beef. (dining room and kitchen)
[10] Helen repeats curry beef. (dining room and kitchen)
[10] Helen specifies wanting red curry. (dining room and kitchen)
[10] Bob explains starting to do beef. (dining room and kitchen)
[13] Bob instructs to wash new beef. (kitchen)
[14] robot rinses under running water piece of beef. (kitchen)
[14] robot flips beef. (kitchen)
[14] robot washes other side of beef. (kitchen)
[14] robot continues washing thoroughly beef. (kitchen)
[20] Helen cuts meat. (kitchen)
[20] meat is on chopping board. (kitchen)
[20] Helen chops meat. (kitchen)
[20] Helen works with meat. (kitchen)
[37] unknown_female_1 picks up bowl of chopped meat. (kitchen)
[37] unknown_female_1 rinses in chopped meat. (kitchen)
[37] chopped meat is in bowl. (kitchen)
[37] chopped meat is under running water. (kitchen)
[51] Helen slices meat. (kitchen)
[51] meat is on cutting board. (kitchen)
[51] Helen cuts meat. (kitchen)
[51] Helen cuts steadily meat. (kitchen)
[52] Bob slices meat. (kitchen)
[52] Bob cuts meat. (kitchen)
[52] meat becomes strip. (kitchen)
[53] Helen slices meat. (kitchen)
[67] robot reveals raw meat. (kitchen)
[67] raw meat cooks in wok. (kitchen)
[67] camera is focused on simmering meat. (kitchen)
[68] Bob stirs meat. (kitchen stove)
[69] lifting reveals cooked meat. (kitchen)
[69] cooked meat is in pan. (kitchen)
[69] robot stirs meat. (kitchen)
[111] cooker is filled with soup or stew. (kitchen countertop by window)
[112] ladle is over pot of soup. (kitchen and dining area)
[115] robot carries bowl of rice. (dining room)
[115] bowl of rice is to dining table. (dining room)

**Conversations: **

Conversation 2: Bob plans to cook tomato and egg, curry beef, and pork stir-fry, with Helen requesting red curry. They decide to use a pressure cooker for tender, quick-cooking beef and add carrots for vibrancy. Helen checks on the rice and helps with planning and water, while Bob handles washing and preparation, mentioning he bought fresh beef from a new butcher who also gave him a bone.
[10] Helen: Do you wanna cook today
[10] Bob: Umm tomato and egg
[10] Bob: Curry beef stir fry pock with chili
[10] Helen: Oh curry beef you know
[10] Helen: Uh remember that i don't want yellow curry i want a red curry
[10] Bob: I remember i just start i just start to do the beef first

Conversation 17: Bob mentioned that curry beef is acceptable and then instructed the robot to blend the curry beef. The robot agreed to comply, indicating acceptance of the task.
[109] Bob: Curry beef is okay.
[109] Bob: So hey robot.
[109] Bob: Just blend the curry curry beef.
[109] robot: Ok.

Conversation 8: Helen and Bob discuss cooking, with Helen praising Bob’s skills and Bob deciding to make a curry-based stir-fry instead of tomato and eggs. They coordinate ingredients, asking a robot to find red curries and green peppers from the refrigerator and agreeing to wash them. Helen questions tool choice, and Bob advises using a wooden spoon to preserve texture.
[47] Helen: I don't know you you do it
[47] Helen: Yes yes
[47] Bob: Just stir the curry
[47] Helen: Stir the curry why use a wooden spoon
[47] Bob: Use the wooden spoon it will not ruin the texture of the food okay
[48] Bob: It's okay

[Step 2] Evaluating semantic answer...
Action: [Answer]
Content: A pressure cooker.
FINAL ANSWER (from graph):
A pressure cooker.
Question: What ingredients were taken from the fridge when they made the beef curry?

[Step 1] Searching the graph...
Parse Query Output:
{
  "query_triple": ["<they>", "takes from", "fridge", 0.6, 0.35, 0.7],
  "spatial_constraint": "kitchen",
  "speaker_strict": null,
  "allocation": {
    "k_high_level": 5,
    "k_low_level": 38,
    "k_conversations": 7,
    "total_k": 50,
    "reasoning": "Action and object retrieval during cooking; prioritize low-level edges to capture specific items taken from the fridge during the beef curry preparation. Minimal high-level and some conversations for context/timestamps."
  }
}

Graph Search Results:
**High-Level Information (Character Attributes and Relationships): **

Character Attributes:
- robot is: black gloves (100), camera-held perspective (100), no visible face (100), obedient (95)

Character Relationships:
- robot assists and follows instructions from Bob (95)

**Low-Level Information (Actions and Events): **

[12] carrot is from refrigerator. (kitchen and living room)
[13] Bob closes refrigerator. (kitchen)
[26] cooker is on counter. (kitchen)
[26] robot moves toward refrigerator. (kitchen)
[26] robot approaches refrigerator. (kitchen)
[26] shelf is inside refrigerator. (kitchen)
[27] robot reaches into fridge. (kitchen)
[27] potato is out of fridge. (kitchen)
[30] drawer is under counter. (kitchen)
[39] electric cooker is on counter. (kitchen)
[41] frying pan is on counter. (kitchen)
[44] robot opens refrigerator. (kitchen)
[45] shelf is packed with food. (kitchen)
[45] robot closes refrigerator. (kitchen)
[49] robot moves toward refrigerator. (kitchen)
[49] robot arrives at refrigerator. (kitchen)
[49] refrigerator is in adjacent room. (kitchen)
[50] robot reaches into fridge. (kitchen)
[60] bottle is on counter. (kitchen)
[61] wok is from stove. (kitchen)
[62] bottle is on counter. (kitchen)
[63] pot lid is on stove. (kitchen)
[72] camera is in kitchen. (kitchen)
[75] drawer is below counter. (kitchen)
[81] egg is from refrigerator. (kitchen and dining area)
[87] bottle is on counter. (kitchen)
[89] stove is in kitchen. (kitchen)
[89] counter is beside stove. (kitchen)
[91] bowl is near stove. (kitchen)
[92] pan is on stove. (kitchen)
[94] pan is on stove. (kitchen)
[94] flame is on stove. (kitchen)
[94] knob is on stove. (kitchen)
[96] pan is on stove. (kitchen)
[99] pot is at stove. (kitchen)
[101] food is at stove. (kitchen)
[104] green pot is on stove. (kitchen)
[106] utensil is by stove. (kitchen)

**Conversations: **

Conversation 2: Bob plans to cook tomato and egg, curry beef, and pork stir-fry, with Helen requesting red curry. They decide to use a pressure cooker for tender, quick-cooking beef and add carrots for vibrancy. Helen checks on the rice and helps with planning and water, while Bob handles washing and preparation, mentioning he bought fresh beef from a new butcher who also gave him a bone.
[10] Helen: Do you wanna cook today
[10] Bob: Umm tomato and egg
[10] Bob: Curry beef stir fry pock with chili
[10] Helen: Oh curry beef you know
[10] Helen: Uh remember that i don't want yellow curry i want a red curry
[10] Bob: I remember i just start i just start to do the beef first

Conversation 17: Bob mentioned that curry beef is acceptable and then instructed the robot to blend the curry beef. The robot agreed to comply, indicating acceptance of the task.
[109] Bob: Curry beef is okay.
[109] Bob: So hey robot.
[109] Bob: Just blend the curry curry beef.
[109] robot: Ok.

Conversation 8: Helen and Bob discuss cooking, with Helen praising Bob’s skills and Bob deciding to make a curry-based stir-fry instead of tomato and eggs. They coordinate ingredients, asking a robot to find red curries and green peppers from the refrigerator and agreeing to wash them. Helen questions tool choice, and Bob advises using a wooden spoon to preserve texture.
[44] Helen: Hurry, remember that I want the red one.
[44] Bob: Yes I also remember that, okay so hey robot,
[44] Bob: just help me find the red curries from the refrigerator.
[44] robot: Okay.
[45] Helen: I wanna take a photo now
[47] Helen: I don't know you you do it
[47] Helen: Yes yes
[47] Bob: Just stir the curry
[47] Helen: Stir the curry why use a wooden spoon
[47] Bob: Use the wooden spoon it will not ruin the texture of the food okay

Conversation 9: Helen and Bob talk about cooking, specifically the order of adding meat and chili to a dish. Helen suggests adding meat first and chili at the end, and Bob compliments her cooking knowledge. The exchange is light and friendly, ending casually without further plans.
[52] Helen: Oh wow what are you cooking now
[52] Bob: Cooking chili stir fried meat
[52] Helen: Okay
[53] Bob: So now let me test you as the what hmm just like the meat and the chili.

[Step 2] Evaluating semantic answer...
Action: [Answer]
Content: Carrots, potatoes, and eggs were taken from the fridge.
FINAL ANSWER (from graph):
Carrots, potatoes, and eggs were taken from the fridge.
Question: Where were the green peppers placed after being taken from the fridge?

[Step 1] Searching the graph...
Parse Query Output:
{
  "query_triple": ["green peppers#green", "placed after taken from", "fridge", 0.9, 0.3, 0.7],
  "spatial_constraint": null,
  "speaker_strict": null,
  "allocation": {
    "k_high_level": 3,
    "k_low_level": 40,
    "k_conversations": 7,
    "total_k": 50,
    "reasoning": "Spatial/action query about post-action placement. Prioritize low-level edges to track movement from fridge to final location; minimal need for high-level traits; limited conversations for any narrated explanation."
  }
}

Graph Search Results:
**High-Level Information (Character Attributes and Relationships): **

Character Relationships:
- robot cooperates with unknown_female_1 (85)
- unknown_female_1 cooperates with robot (85)
- robot assists and follows instructions from Bob (95)

**Low-Level Information (Actions and Events): **

[12] refrigerator door is in living room. (kitchen and living room)
[12] carrot is from refrigerator. (kitchen and living room)
[12] Bob closes partially refrigerator. (kitchen and living room)
[13] Bob closes refrigerator. (kitchen)
[16] robot shows refrigerator. (dining room and kitchen)
[26] robot moves toward refrigerator. (kitchen)
[26] robot approaches refrigerator. (kitchen)
[26] shelf is inside refrigerator. (kitchen)
[27] robot reaches into fridge. (kitchen)
[27] potato is out of fridge. (kitchen)
[39] yellow vegetable is on cutting board. (kitchen)
[44] robot opens refrigerator. (kitchen)
[45] robot closes refrigerator. (kitchen)
[49] Bob asks to help find pepper. (kitchen)
[49] robot moves toward refrigerator. (kitchen)
[49] robot arrives at refrigerator. (kitchen)
[49] refrigerator is in adjacent room. (kitchen)
[50] robot reaches into fridge. (kitchen)
[50] robot picks up green chili pepper. (kitchen)
[50] Helen rinses under running water green chili pepper. (kitchen)
[50] Helen washes green chili pepper. (kitchen)
[51] robot holds green chili pepper. (kitchen)
[51] chili is on cutting board. (kitchen)
[55] green onion is near window. (kitchen)
[56] green onion is on cutting board. (kitchen)
[69] frying pan is on stove. (kitchen)
[71] frying pan has sliced green pepper. (kitchen)
[74] wok has green pepper. (home kitchen and dining area)
[74] meat cooks on stove. (home kitchen and dining area)
[74] green pepper cooks on stove. (home kitchen and dining area)
[81] Helen opens refrigerator. (kitchen and dining area)
[81] egg is from refrigerator. (kitchen and dining area)
[81] Helen closes refrigerator door. (kitchen and dining area)
[101] food is at stove. (kitchen)
[104] green pot is on stove. (kitchen)
[105] food is on large green plate. (kitchen)
[105] food is from green bowl. (kitchen)
[105] food is onto large green plate. (kitchen)
[109] green bowl is from shelf. (kitchen)
[111] green bowl is near cooker. (kitchen countertop by window)

**Conversations: **

Conversation 10: Bob and Helen discuss cooking a meal, deciding on steps like using scissors, fetching a bowl, adding seasonings, oil, and water, and washing ingredients. Helen expresses uncertainty while Bob guides the process. They ultimately ask a robot to help stir-fry with chili, specifying to cook the meat first and then add green peppers.
[63] Bob: Hey robot, just put the stir fry cooking with the chili.
[63] Bob: The first, you need to put the uh meat on this place.
[63] Bob: And then you need to put the green peppers.
[63] robot: Okay

Conversation 8: Helen and Bob discuss cooking, with Helen praising Bob’s skills and Bob deciding to make a curry-based stir-fry instead of tomato and eggs. They coordinate ingredients, asking a robot to find red curries and green peppers from the refrigerator and agreeing to wash them. Helen questions tool choice, and Bob advises using a wooden spoon to preserve texture.
[44] Helen: Hurry, remember that I want the red one.
[44] Bob: Yes I also remember that, okay so hey robot,
[44] Bob: just help me find the red curries from the refrigerator.
[44] robot: Okay.
[45] Helen: I wanna take a photo now
[48] Bob: I'm going to cook the tomato and eggs
[48] Bob: It's not true so I decided to cook the stir-fry cookie with curry
[49] Bob: Oh at first I need to bring peppers.
[49] Helen: Pepper, yes, are you sure okay? It's ok.
[49] Helen: You want me help you to get the pepper?
[49] Helen: Okay, yes.
[49] Bob: Okay okay hey.
[49] Bob: Robot help me find the green peppers from the refrigerator.
[50] Bob: let's wash

Conversation 2: Bob plans to cook tomato and egg, curry beef, and pork stir-fry, with Helen requesting red curry. They decide to use a pressure cooker for tender, quick-cooking beef and add carrots for vibrancy. Helen checks on the rice and helps with planning and water, while Bob handles washing and preparation, mentioning he bought fresh beef from a new butcher who also gave him a bone.
[13] Bob: Just wash the uh new beef just wash in the new beef
[14] Helen: Just wash the uh new beef just wash in the new beef.
[14] Bob: And then put it on the cutting board.
[16] Helen: Oh wow
[16] Helen: The beef looks really fresh

Conversation 9: Helen and Bob talk about cooking, specifically the order of adding meat and chili to a dish. Helen suggests adding meat first and chili at the end, and Bob compliments her cooking knowledge. The exchange is light and friendly, ending casually without further plans.
[53] Helen: OK I know this question.
[53] Helen: My answer is put the meat in the pot first.
[53] Helen: And the chili only be put in when it already served.
[54] Bob: You're so good at cooking ah
[54] Bob: I do think so

Conversation 5: Helen and Bob discuss preparing carrots and potatoes, agreeing the peels are wet waste. Bob suggests Helen help a robot peel, but Helen declines and asserts the robot will do it better. Helen then instructs the robot to peel the carrots and potatoes and dispose of peels in the yellow trash can, and the robot acknowledges.
[30] Bob: Since you are so smart why don't you just help the robot peel
[30] Helen: No no no no no I won't do it I think robot will do it better ha ha
[30] Helen: Hey Robert peel the carrots and potatoes in the yellow trash can
[30] robot: Okay

[Step 2] Evaluating semantic answer...
Action: [Answer]
Content: On the cutting board.
FINAL ANSWER (from graph):
On the cutting board.
Question: Is white sugar needed when making the scrambled egg with tomato?

[Step 1] Searching the graph...
Parse Query Output:
{
  "query_triple": ["scrambled egg with tomato", "needs", "white sugar", 0.8, 0.3, 0.9],
  "spatial_constraint": null,
  "speaker_strict": null,
  "allocation": {
    "k_high_level": 5,
    "k_low_level": 35,
    "k_conversations": 10,
    "total_k": 50,
    "reasoning": "Recipe/action query about required ingredient. Prioritize low-level edges for cooking steps and ingredient usage; small portion of conversations for verbal instructions; minimal high-level for any general attributes."
  }
}

Graph Search Results:
**High-Level Information (Character Attributes and Relationships): **

Character Relationships:
- robot assists and follows instructions from Bob (95)
- robot cooperates with unknown_female_1 (85)
- unknown_female_1 cooperates with robot (85)
- Bob directs and supervises robot (90)
- Bob exhibits authority over robot (90)

**Low-Level Information (Actions and Events): **

[1] Bob adds tomato. (dining room)
[10] Bob replies with tomato. (dining room and kitchen)
[28] bag of egg is near sink. (kitchen)
[34] white U-shaped peeler is on potato. (kitchen)
[36] carrot is beside peeled potato. (kitchen)
[70] green bowl contains chopped vegetable. (kitchen)
[74] green pepper cooks on stove. (home kitchen and dining area)
[79] wok drains water. (kitchen)
[80] robot takes out jar of white sugar. (kitchen)
[80] Helen carries sugar jar. (kitchen)
[81] Helen repeats egg quantity. (kitchen and dining area)
[81] egg is from refrigerator. (kitchen and dining area)
[81] egg is on counter. (kitchen and dining area)
[82] Helen picks up tomato. (kitchen)
[83] Helen slices red tomato. (kitchen)
[83] red tomato is on cutting board. (kitchen)
[83] tomato piece is near green bowl. (kitchen)
[83] Helen continues slicing red tomato. (kitchen)
[83] Helen adjusts red tomato. (kitchen)
[84] Helen chops tomato. (kitchen)
[84] tomato is on cutting board. (kitchen)
[84] Helen slices tomato. (kitchen)
[84] Helen cuts tomato. (kitchen)
[84] green bowl moves closer to tomato. (kitchen)
[84] Helen arranges tomato. (kitchen)
[85] egg is in green bowl. (kitchen)
[85] Helen stirs egg mixture. (kitchen)
[85] egg mixture is in bowl. (kitchen)
[85] egg is on counter. (kitchen)
[85] egg is beside bowl. (kitchen)
[86] egg is in bowl. (kitchen)
[86] egg is beside bowl. (kitchen)
[86] egg is on counter. (kitchen)
[114] rice is in green bowl. (kitchen)
[115] cooked rice is from rice cooker. (dining room)

**Conversations: **

Conversation 12: The group discusses preparing a tomato and egg dish and gathering ingredients and tools. Bob leads the cooking effort and asks for white sugar and eggs, while Helen offers assistance by confirming items and finding a bowl. Another helper (character_1) collaborates by confirming tasks and requesting washing to proceed.
[80] Bob: So now i'm going to cook the
[80] Bob: Tomatoes and eggs
[80] Helen: Tomato eggs?
[80] Bob: So hey Robert help me find the white sugar
[80] Bob: It's on the second day of the cabinet
[80] robot: Okay
[80] Bob: Let me find four eggs
[81] character_1: Let me find four eggs
[81] Helen: Four eggs
[81] character_1: Oh yes
[81] Helen: You want a bowl

Conversation 2: Bob plans to cook tomato and egg, curry beef, and pork stir-fry, with Helen requesting red curry. They decide to use a pressure cooker for tender, quick-cooking beef and add carrots for vibrancy. Helen checks on the rice and helps with planning and water, while Bob handles washing and preparation, mentioning he bought fresh beef from a new butcher who also gave him a bone.
[10] Helen: And what kind of food
[10] Helen: Do you wanna cook today
[10] Bob: Umm tomato and egg
[10] Bob: Curry beef stir fry pock with chili
[10] Helen: Oh curry beef you know

Conversation 8: Helen and Bob discuss cooking, with Helen praising Bob’s skills and Bob deciding to make a curry-based stir-fry instead of tomato and eggs. They coordinate ingredients, asking a robot to find red curries and green peppers from the refrigerator and agreeing to wash them. Helen questions tool choice, and Bob advises using a wooden spoon to preserve texture.
[48] Helen: I think you're so good at cooking
[48] Helen: No wonder that your dishes are so delicious (yes) definitely
[48] Bob: I'm going to cook the tomato and eggs
[48] Bob: It's not true so I decided to cook the stir-fry cookie with curry
[49] Bob: Oh at first I need to bring peppers.

Conversation 16: The group discusses preparing a sweet dish, debating sugar amounts and confirming it's ready to plate and set on the table. They coordinate the next steps and decide to change the trash bag when the bin becomes full. A robot is asked to handle the trash change and acknowledges. Overall, the conversation centers on collaborative kitchen tasks and cleanup.
[100] character_1: Listen to my ear is a little bit old
[100] Helen: Amazing
[101] Bob: Where is the sugar
[101] Helen: No no sugar no sugar
[101] Helen: Don't see anywhere is the next step and is this okay
[101] Helen: You add the sugar and the sweet no socks no
[101] Bob: No no I don't feel this is sweet
[102] Bob: Just come and help me

Conversation 13: The group is cooking and discovers multiple double-yolk eggs. They decide to stir the eggs and proceed with the next steps, including adding oil. Helen plans to take a picture, and others offer to help with stirring and confirm it's okay to continue.
[86] character_1: Oh another double eggs.
[86] Helen: Let's see, oh.
[86] character_1: Two double eggs.
[86] Helen: Wow wow.
[86] Helen: Wait a minute.

[Step 2] Evaluating semantic answer...
Action: [Answer]
Content: Yes, Bob requests white sugar for the tomato scrambled eggs.
FINAL ANSWER (from graph):
Yes, Bob requests white sugar for the tomato scrambled eggs.
Question: What ingredient was put last when making the scrambled egg with tomato?

[Step 1] Searching the graph...
Parse Query Output:
{
  "query_triple": ["scrambled egg with tomato", "last ingredient added", "?", 0.8, 0.25, 0.15],
  "spatial_constraint": null,
  "speaker_strict": null,
  "allocation": {
    "k_high_level": 4,
    "k_low_level": 41,
    "k_conversations": 5,
    "total_k": 50,
    "reasoning": "Action/temporal query about cooking steps; prioritize low-level edges to capture add/pour/sprinkle actions and their order. Minimal high-level/context; a few conversation items in case narration mentions the final ingredient verbally."
  }
}

Graph Search Results:
**High-Level Information (Character Attributes and Relationships): **

Character Attributes:
- character_1 is: female (100)
- robot is: black gloves (100), camera-held perspective (100), no visible face (100)

**Low-Level Information (Actions and Events): **

[1] Bob adds tomato. (dining room)
[10] Bob replies with tomato. (dining room and kitchen)
[10] Bob replies with egg. (dining room and kitchen)
[28] robot places bag of egg. (kitchen)
[28] bag of egg is near sink. (kitchen)
[70] green bowl contains chopped vegetable. (kitchen)
[71] frying pan has sliced green pepper. (kitchen)
[74] wok has green pepper. (home kitchen and dining area)
[74] green pepper cooks on stove. (home kitchen and dining area)
[81] Helen repeats egg quantity. (kitchen and dining area)
[81] Helen takes out egg. (kitchen and dining area)
[81] egg is from refrigerator. (kitchen and dining area)
[81] Helen carries egg. (kitchen and dining area)
[81] Helen places egg. (kitchen and dining area)
[81] egg is on counter. (kitchen and dining area)
[82] Helen picks up tomato. (kitchen)
[83] Helen slices red tomato. (kitchen)
[83] red tomato is on cutting board. (kitchen)
[83] Helen places aside near tomato piece. (kitchen)
[83] tomato piece is near green bowl. (kitchen)
[83] Helen continues slicing red tomato. (kitchen)
[83] Helen adjusts red tomato. (kitchen)
[84] Helen chops tomato. (kitchen)
[84] tomato is on cutting board. (kitchen)
[84] Helen slices tomato. (kitchen)
[84] Helen cuts tomato. (kitchen)
[84] green bowl moves closer to tomato. (kitchen)
[84] Helen arranges tomato. (kitchen)
[85] Helen cracks egg. (kitchen)
[85] egg is in green bowl. (kitchen)
[85] Helen stirs egg mixture. (kitchen)
[85] egg mixture is in bowl. (kitchen)
[85] Helen places egg. (kitchen)
[85] egg is on counter. (kitchen)
[85] egg is beside bowl. (kitchen)
[86] Helen cracks egg. (kitchen)
[86] egg is in bowl. (kitchen)
[86] Helen places egg. (kitchen)
[86] egg is beside bowl. (kitchen)
[86] Helen gestures toward egg. (kitchen)
[86] egg is on counter. (kitchen)

**Conversations: **

Conversation 12: The group discusses preparing a tomato and egg dish and gathering ingredients and tools. Bob leads the cooking effort and asks for white sugar and eggs, while Helen offers assistance by confirming items and finding a bowl. Another helper (character_1) collaborates by confirming tasks and requesting washing to proceed.
[80] Bob: So now i'm going to cook the
[80] Bob: Tomatoes and eggs
[80] Helen: Tomato eggs?
[80] Bob: So hey Robert help me find the white sugar
[80] Bob: It's on the second day of the cabinet

Conversation 2: Bob plans to cook tomato and egg, curry beef, and pork stir-fry, with Helen requesting red curry. They decide to use a pressure cooker for tender, quick-cooking beef and add carrots for vibrancy. Helen checks on the rice and helps with planning and water, while Bob handles washing and preparation, mentioning he bought fresh beef from a new butcher who also gave him a bone.
[10] Helen: And what kind of food
[10] Helen: Do you wanna cook today
[10] Bob: Umm tomato and egg
[10] Bob: Curry beef stir fry pock with chili
[10] Helen: Oh curry beef you know

Conversation 8: Helen and Bob discuss cooking, with Helen praising Bob’s skills and Bob deciding to make a curry-based stir-fry instead of tomato and eggs. They coordinate ingredients, asking a robot to find red curries and green peppers from the refrigerator and agreeing to wash them. Helen questions tool choice, and Bob advises using a wooden spoon to preserve texture.
[48] Helen: I think you're so good at cooking
[48] Helen: No wonder that your dishes are so delicious (yes) definitely
[48] Bob: I'm going to cook the tomato and eggs
[48] Bob: It's not true so I decided to cook the stir-fry cookie with curry
[49] Bob: Oh at first I need to bring peppers.

Conversation 1: Bob and Helen discuss preparing lunch: Bob bought beef tenderloin and tomatoes, while Helen forgot to steam the rice. They decide to have the robot handle tasks, first placing the bag on the cabinet and then steaming the rice, which should take about 45 minutes. Bob plans to cook the dishes while the rice steams.
[1] Helen: And what did you buy
[1] Bob: I have bought the beef
[1] Bob: Tenderloin and the tomatoes
[1] Helen: Oh that's really good
[1] Helen: And hey robot! put the bag in Bob's hand on the cabinet

[Step 2] Evaluating semantic answer...
Action: [Answer]
Content: The green pepper was added last.
FINAL ANSWER (from graph):
The green pepper was added last.
Question: Which dustbin should the robot change trash bag for?

[Step 1] Searching the graph...
Parse Query Output:
{
  "query_triple": ["<robot>", "should change trash bag for", "dustbin", 0.95, 0.25, 0.6],
  "spatial_constraint": null,
  "speaker_strict": null,
  "allocation": {
    "k_high_level": 5,
    "k_low_level": 38,
    "k_conversations": 7,
    "total_k": 50,
    "reasoning": "Action/spatial decision about specific object(s). Prioritize low-level edges to find which dustbin needs a bag change (e.g., full bin, missing bag, scheduled bin). Limited high-level for any task rules, minimal conversations unless instructions discussed."
  }
}

Graph Search Results:
**High-Level Information (Character Attributes and Relationships): **

Character Relationships:
- robot assists and follows instructions from Bob (95)
- robot cooperates with unknown_female_1 (85)
- unknown_female_1 cooperates with robot (85)
- Bob directs and supervises robot (90)
- Bob exhibits authority over robot (90)

**Low-Level Information (Actions and Events): **

[2] robot holds white plastic bag. (dining room and kitchen)
[2] robot places plastic bag. (dining room and kitchen)
[4] robot walks into kitchen. (dining room and kitchen)
[8] robot enters kitchen. (kitchen)
[8] robot pans across plastic bag. (kitchen)
[26] robot scans shelf. (kitchen)
[27] robot reaches into fridge. (kitchen)
[27] robot walks toward kitchen sink. (kitchen)
[30] robot opens drawer. (kitchen)
[31] robot moves through kitchen. (kitchen)
[31] robot positions camera over trash bin. (kitchen)
[31] robot is over trash bin. (kitchen)
[35] robot drops strip into bin. (kitchen corner by trash bin)
[36] robot opens kitchen drawer. (kitchen)
[44] robot leaves kitchen. (kitchen)
[45] robot enters kitchen. (kitchen)
[49] robot moves out of kitchen. (kitchen)
[50] robot reaches into fridge. (kitchen)
[65] robot places yellow-lidded container. (kitchen)
[65] robot adjusts position of yellow-lidded container. (kitchen)
[72] robot scans bottle. (kitchen)
[74] robot goes back into kitchen. (home kitchen and dining area)
[107] robot looks inside cabinet. (kitchen)
[107] robot looks at trash bag. (kitchen)
[107] robot pulls off trash bag. (kitchen)
[107] robot closes cabinet. (kitchen)
[107] robot places new black trash bag. (kitchen)
[107] robot spreads bag. (kitchen)
[108] robot pulls from black trash bag. (kitchen cabinet area)
[108] robot places into black trash bag. (kitchen cabinet area)
[108] robot presses down into bag. (kitchen cabinet area)
[109] robot adjusts trash can liner. (kitchen)
[109] robot moves filled trash bag. (kitchen)
[110] robot closes cupboard. (kitchen)
[110] robot opens lower drawer. (kitchen)
[113] robot takes from cabinet. (dining room and kitchen)
[113] robot closes cabinet. (dining room and kitchen)
[115] robot closes cabinet. (dining room)

**Conversations: **

Conversation 16: The group discusses preparing a sweet dish, debating sugar amounts and confirming it's ready to plate and set on the table. They coordinate the next steps and decide to change the trash bag when the bin becomes full. A robot is asked to handle the trash change and acknowledges. Overall, the conversation centers on collaborative kitchen tasks and cleanup.
[106] Bob: Let's see next menu is hmm okay
[106] Bob: Oh it's full
[106] Bob: So maybe we could change the trash bins trash bag okay
[107] Bob: So maybe we could change the trash trash bins trash bag okay
[107] Bob: Hey robot it's full
[107] Bob: So just change the trash
[107] robot: Okay

Conversation 1: Bob and Helen discuss preparing lunch: Bob bought beef tenderloin and tomatoes, while Helen forgot to steam the rice. They decide to have the robot handle tasks, first placing the bag on the cabinet and then steaming the rice, which should take about 45 minutes. Bob plans to cook the dishes while the rice steams.
[1] Bob: Tenderloin and the tomatoes
[1] Helen: Oh that's really good
[1] Helen: And hey robot! put the bag in Bob's hand on the cabinet
[1] robot: Okay
[2] Bob: I tell you to steam the rice before I went out did you do it
[2] Helen: Oh I just attracted in the TV series and I forgot to cook it

Conversation 19: The participants conclude a task involving a robot and decide to break for lunch. Helen expresses appreciation for Bob’s work, and Bob agrees to lunch, emphasizing others’ enjoyment.
[115] Bob: Thank you Robert
[115] Bob: Hey robot just put it back to the cabinet
[115] robot: Okay
[115] Helen: Thank you for your hard work Bob

[Step 2] Evaluating semantic answer...
Action: [Answer]
Content: The kitchen trash bin.
FINAL ANSWER (from graph):
The kitchen trash bin.
Question: How many dishes did Bob cook?

[Step 1] Searching the graph...
Parse Query Output:
{
  "query_triple": ["<Bob>", "cooks", "dishes", 0.95, 0.5, 0.5],
  "spatial_constraint": null,
  "speaker_strict": null,
  "allocation": {
    "k_high_level": 5,
    "k_low_level": 40,
    "k_conversations": 5,
    "total_k": 50,
    "reasoning": "Counting actions requires enumerating specific cook events; prioritize low-level edges. Minimal high-level for any role/context, minimal conversations for possible mentions of counts."
  }
}

Graph Search Results:
**High-Level Information (Character Attributes and Relationships): **

Character Relationships:
- robot assists and follows instructions from Bob (95)
- Bob directs and supervises robot (90)
- Bob exhibits authority over robot (90)
- robot is responsive and compliant toward Bob (90)
- Bob directs robot (85)

**Low-Level Information (Actions and Events): **

[2] Bob mentions cooking dish. (dining room and kitchen)
[3] Bob is at dining table. (dining room and kitchen)
[4] Bob sits at dining table. (dining room and kitchen)
[11] Bob steps into kitchen. (kitchen and dining room)
[12] Bob walks into kitchen. (kitchen and living room)
[16] Bob sits at dining table. (dining room and kitchen)
[17] Bob stands in dining room. (kitchen)
[17] Bob talks toward kitchen. (kitchen)
[17] Bob walks into kitchen. (kitchen)
[20] Bob walks into kitchen. (kitchen)
[23] Bob walks into kitchen. (kitchen)
[23] Bob turns to exit kitchen. (kitchen)
[24] Bob enters kitchen. (kitchen)
[24] Bob asks for bowl. (kitchen)
[24] small bowl moves to Bob. (kitchen)
[25] Bob walks into kitchen. (kitchen)
[41] Bob enters kitchen. (kitchen)
[46] Bob stirs something in bowl. (kitchen)
[46] Bob mixes something in bowl. (kitchen)
[46] Bob uses utensil. (kitchen)
[46] Bob focuses on bowl. (kitchen)
[47] Bob stands kitchen. (kitchen)
[48] Bob washes dish. (kitchen)
[48] Bob picks up plate. (kitchen)
[48] Bob places down plate. (kitchen)
[49] Bob gestures toward kitchen. (kitchen)
[52] Bob explains dish. (kitchen)
[59] Bob is in kitchen. (kitchen)
[60] Bob continues handling bowl. (kitchen)
[76] Bob asks to place dish. (kitchen)
[76] Bob walks into kitchen. (kitchen)
[76] Bob takes bowl. (kitchen)
[76] Bob carries bowl. (kitchen)
[76] Bob carries out of kitchen. (kitchen)
[93] Bob watches cooking. (kitchen)
[95] Bob observes cooking. (kitchen)
[97] Bob walks into kitchen. (kitchen)
[106] Bob picks up from plated dish. (kitchen)
[106] Bob carries toward plate. (kitchen)
[106] Bob watches kitchen. (kitchen)

**Conversations: **

Conversation 1: Bob and Helen discuss preparing lunch: Bob bought beef tenderloin and tomatoes, while Helen forgot to steam the rice. They decide to have the robot handle tasks, first placing the bag on the cabinet and then steaming the rice, which should take about 45 minutes. Bob plans to cook the dishes while the rice steams.
[2] Bob: It's still in time to have the robot steam in now umm right?
[2] Bob: Rice can be steam in forty five minutes
[2] Bob: And it will also take me a while to cook the dishes
[3] Bob: And it will also take me a while to cook the dishes.
[3] Helen: kay okay
[4] Bob: Hey robot

Conversation 9: Helen and Bob talk about cooking, specifically the order of adding meat and chili to a dish. Helen suggests adding meat first and chili at the end, and Bob compliments her cooking knowledge. The exchange is light and friendly, ending casually without further plans.
[52] Helen: Oh wow what are you cooking now
[52] Bob: Cooking chili stir fried meat
[52] Helen: Okay
[53] Bob: So now let me test you as the what hmm just like the meat and the chili.
[53] Helen: My answer is put the meat in the pot first.
[53] Helen: And the chili only be put in when it already served.
[54] Bob: You're so good at cooking ah
[54] Bob: I do think so
[55] Bob: later

Conversation 16: The group discusses preparing a sweet dish, debating sugar amounts and confirming it's ready to plate and set on the table. They coordinate the next steps and decide to change the trash bag when the bin becomes full. A robot is asked to handle the trash change and acknowledges. Overall, the conversation centers on collaborative kitchen tasks and cleanup.
[105] Helen: Uh do you need a plate
[105] Bob: Yes
[105] Bob: Have a special plate
[105] Helen: For you
[105] Bob: Okay so now I just put it on the plate

[Step 2] Evaluating semantic answer...
Action: [Search]
Content: [52, 53, 54, 55, 105, 106, 76, 93, 95]
Summary: The graph shows Bob discussing and working on multiple kitchen tasks. He explicitly mentions cooking “chili stir fried meat” around clips 52–54, and later talks about plating a sweet dish around clips 105–106, suggesting at least two dishes, but the graph does not clearly enumerate all distinct dishes cooked. Additional clips where Bob handles bowls and observes cooking (76, 93, 95) may indicate other dishes; however, the exact count is not determinable from the current information without reviewing these segments.

[Step 3] Watching video clips: [52, 53, 54, 55, 105, 106, 76, 93, 95]

   Processing clip 52 (1/9)...
Question: Is Helen responsible?

[Step 1] Searching the graph...
Parse Query Output:
{
  "query_triple": ["<Helen>", "responsible", "?", 0.95, 0.25, 0.15],
  "spatial_constraint": null,
  "speaker_strict": null,
  "allocation": {
    "k_high_level": 8,
    "k_low_level": 12,
    "k_conversations": 30,
    "total_k": 50,
    "reasoning": "Assessing responsibility likely relies on dialogue, motivations, and admissions; include some high-level traits/relationships and a smaller portion of low-level events for context."
  }
}

Graph Search Results:
**High-Level Information (Character Attributes and Relationships): **

Character Attributes:
- Helen is: female (100), medium build (100), long brown hair (100), light-colored graphic hoodie (100), blue jeans (100), collaborative (90), supportive (90)

Character Relationships:
- Bob collaborates with Helen (90)

**Low-Level Information (Actions and Events): **

[1] Bob greets Helen. (dining room)
[1] Helen approaches Bob. (dining room)
[1] Helen faces Bob. (dining room)
[1] Bob tells Helen. (dining room)
[1] Helen says today's lunch must be very sumptuous. (dining room)
[1] Helen asks Bob. (dining room)
[1] Helen asks what <Bob> bought. (dining room)
[1] Helen says that is really good. (dining room)
[1] Helen points toward kitchen. (dining room)
[1] Helen instructs robot. (dining room)
[1] Helen instructs put bag in <Bob>'s hand on cabinet. (dining room)
[2] Bob looks at Helen. (dining room and kitchen)

**Conversations: **

Conversation 5: Helen and Bob discuss preparing carrots and potatoes, agreeing the peels are wet waste. Bob suggests Helen help a robot peel, but Helen declines and asserts the robot will do it better. Helen then instructs the robot to peel the carrots and potatoes and dispose of peels in the yellow trash can, and the robot acknowledges.
[29] Helen: Mokay so what's the next step and I think that we must uh peel the potato and carrot right
[29] Bob: That's okay they say that you truly watch me cook a lot
[29] Helen: Yes
[29] Bob: So let me test you do you know what kind of trash the potato peels and the carrot peels are
[29] Helen: Um that's too easy you know they are wet waste

Conversation 10: Bob and Helen discuss cooking a meal, deciding on steps like using scissors, fetching a bowl, adding seasonings, oil, and water, and washing ingredients. Helen expresses uncertainty while Bob guides the process. They ultimately ask a robot to help stir-fry with chili, specifying to cook the meat first and then add green peppers.
[58] Helen: liquid okay
[58] Helen: I will find it
[58] Helen: Actually I don't know
[59] Helen: Actually i don't know
[59] Bob: Just find it i believe you can find it okay
[59] Helen: Okay oh here
[61] Bob: You can just put this.
[61] Bob: Yeah, put water and wash it, pour it out.
[61] Helen: Yes.
[62] Helen: Are you tired
[62] Bob: A little
[62] Helen: Can ask the robot to help you

Conversation 16: The group discusses preparing a sweet dish, debating sugar amounts and confirming it's ready to plate and set on the table. They coordinate the next steps and decide to change the trash bag when the bin becomes full. A robot is asked to handle the trash change and acknowledges. Overall, the conversation centers on collaborative kitchen tasks and cleanup.
[100] Helen: Wow it's amazing
[100] character_1: Listen to my ear is a little bit old
[100] Helen: Amazing
[101] Bob: Where is the sugar
[101] Helen: No no sugar no sugar
[101] Bob: No no I don't feel this is sweet
[102] Bob: Just come and help me
[102] Helen: What should I do how manage
[102] Helen: How many sugar okay I think
[102] Helen: There's one for you
[102] Bob: Okay uh huh
[103] Helen: Hey
[103] Bob: No no no I think it's really it's okay it's gonna add oh
[103] Helen: Ha ha
[103] Bob: Okay okay okay I know that
[103] Bob: A little bit a little bit
[103] Helen: Okay
[104] Helen: I did it
[104] Bob: Promise I promise yes
[104] Helen: I promise that's waiting for you
[104] Bob: And until you're warning
[104] Helen: Is that okay
[105] Helen: Uh do you need a plate
[105] Bob: Yes
[105] Bob: Okay so now I just put it on the plate
[105] Bob: I think it's there okay yes
[106] Helen: Okay okay okay
[106] Helen: I will help you to put it on the table okay
[106] Bob: And then next

Conversation 2: Bob plans to cook tomato and egg, curry beef, and pork stir-fry, with Helen requesting red curry. They decide to use a pressure cooker for tender, quick-cooking beef and add carrots for vibrancy. Helen checks on the rice and helps with planning and water, while Bob handles washing and preparation, mentioning he bought fresh beef from a new butcher who also gave him a bone.
[9] Bob: Today I'm going to show off my skills.
[9] Helen: Okay.
[10] Helen: And what kind of food
[10] Helen: Do you wanna cook today
[12] Helen: I think that maybe seems really vibrant
[13] Bob: Yes
[13] Helen: Okay
[13] Helen: You want me to wash them
[13] Bob: Oh no, I don't need, I can handle it, just check on the rice
[17] Bob: At the newly opened butcher shop
[17] Bob: At the address of the neighborhood
[17] Helen: Oh
[17] Bob: And, and the owner is nice enough cause he give me a piece of bone
[17] Bob: A great bone
[17] Helen: Oh so in a new shop right
[17] Helen: So what should I do
[17] Bob: Umm maybe you can help me prepare some water
[17] Helen: Some water okay

Conversation 8: Helen and Bob discuss cooking, with Helen praising Bob’s skills and Bob deciding to make a curry-based stir-fry instead of tomato and eggs. They coordinate ingredients, asking a robot to find red curries and green peppers from the refrigerator and agreeing to wash them. Helen questions tool choice, and Bob advises using a wooden spoon to preserve texture.
[47] Bob: Are you sure uh
[47] Helen: I don't know you you do it
[47] Helen: Yes yes
[47] Bob: Just stir the curry
[47] Helen: Stir the curry why use a wooden spoon
[49] Bob: No.
[49] Bob: I mean a robot.
[49] Helen: Okay, yes.
[49] Bob: Okay okay hey.
[49] Bob: Robot help me find the green peppers from the refrigerator.

Conversation 7: Bob is looking for a pressure cooker on a menu or chart, and Helen offers assistance. They identify the pressure cooker and agree that Helen will help Bob proceed.
[40] Bob: Umm yes I need a pressure cooker oh it's here
[40] Bob: On the chart
[40] Helen: Okay
[40] Helen: I will help you to do it

Conversation 9: Helen and Bob talk about cooking, specifically the order of adding meat and chili to a dish. Helen suggests adding meat first and chili at the end, and Bob compliments her cooking knowledge. The exchange is light and friendly, ending casually without further plans.
[52] Helen: Oh wow what are you cooking now
[52] Bob: Cooking chili stir fried meat
[52] Helen: Okay
[53] Bob: So now let me test you as the what hmm just like the meat and the chili.
[53] Bob: With which will be goes into the goes into first.

Conversation 4: The group discusses kitchen tasks, with Bob seeking help to find a bowl and later requesting vegetables. Helen provides guidance, suggests involving Robert, and notes the yellow trash can is nearly full. The plan shifts to prioritizing potatoes, and a robot acknowledges the request.
[22] Helen: Okay so you don't want drink yet
[22] Bob: I also want to give now
[22] Helen: Be careful
[22] Bob: Okay I will
[23] Bob: Hey Helen help me help me find the bowl ok?
[24] Helen: You need a bowl
[24] Bob: Yes
[24] Helen: It is okay
[24] Bob: Hmm it's too small
[24] Helen: Too small I'm sure it's bigger
[24] Helen: Oh here yes
[24] Bob: You can find it
[24] Helen: That's okay yes
[25] Bob: Yes mm hmm.
[25] Bob: So you wanna help me more about something.
[25] Helen: So okay.
[25] Helen: Carrot or potato or something more.
[25] Bob: Yes I need some carrots.

Conversation 11: Bob asks Helen for assistance in placing something on a table. Helen agrees to help, indicating cooperative intent. The brief exchange centers on coordinating a simple task.
[76] Helen: I'm coming.
[76] Bob: Please help me put it on the table.
[76] Helen: Okay.

Conversation 13: The group is cooking and discovers multiple double-yolk eggs. They decide to stir the eggs and proceed with the next steps, including adding oil. Helen plans to take a picture, and others offer to help with stirring and confirm it's okay to continue.
[86] character_1: Let me see what is the next step.
[86] character_1: Okay I wanna help you to stir it up.
[86] Helen: Okay.
[86] character_1: Just have it stir and let's see now.
[86] Helen: I need to start it?
[87] Helen: I need to start it at?
[87] Bob: okay
[87] Bob: I think it's okay

Conversation 1: Bob and Helen discuss preparing lunch: Bob bought beef tenderloin and tomatoes, while Helen forgot to steam the rice. They decide to have the robot handle tasks, first placing the bag on the cabinet and then steaming the rice, which should take about 45 minutes. Bob plans to cook the dishes while the rice steams.
[2] Bob: And it will also take me a while to cook the dishes
[3] Bob: And it will also take me a while to cook the dishes.
[3] Helen: kay okay
[4] Bob: Hey robot
[4] Bob: Go steam the rice

[Step 2] Evaluating semantic answer...
Action: [Answer]
Content: Yes, Helen appears responsible, coordinating tasks and delegating effectively during cooking.
FINAL ANSWER (from graph):
Yes, Helen appears responsible, coordinating tasks and delegating effectively during cooking.
✓ Updated results.json for kitchen_18 (13 questions)
✓ Cleaned up video and frames for kitchen_18

============================================================
Processing video: bedroom_09
============================================================
Downloading 1 video(s) to data/videos...

Downloading bedroom_09.mp4...
✓ Successfully downloaded bedroom_09.mp4 to data/videos/bedroom_09.mp4

============================================================
Download Summary:
  Successful: 1/1
============================================================

============================================================
[1/1] Processing: bedroom_09
============================================================
Video: data/videos/bedroom_09.mp4
Subtitles: data/subtitles/robot/bedroom_09.srt
Output: data/frames/bedroom_09
============================================================

Parsing subtitle file: data/subtitles/robot/bedroom_09.srt
Found 395 subtitle entries
Video: 1280x720, 30.00 FPS, 60948 frames, 2031.60s duration

Extracting frames with subtitles...
Grouping frames into folders of 30 frames each
  Saved 10 frames (up to 9s, folder 1)
  Saved 20 frames (up to 19s, folder 1)
  Saved 30 frames (up to 29s, folder 1)
  Saved 40 frames (up to 39s, folder 2)
  Saved 50 frames (up to 49s, folder 2)
  Saved 60 frames (up to 59s, folder 2)
  Saved 70 frames (up to 69s, folder 3)
  Saved 80 frames (up to 79s, folder 3)
  Saved 90 frames (up to 89s, folder 3)
  Saved 100 frames (up to 99s, folder 4)
  Saved 110 frames (up to 109s, folder 4)
  Saved 120 frames (up to 119s, folder 4)
  Saved 130 frames (up to 129s, folder 5)
  Saved 140 frames (up to 139s, folder 5)
  Saved 150 frames (up to 149s, folder 5)
  Saved 160 frames (up to 159s, folder 6)
  Saved 170 frames (up to 169s, folder 6)
  Saved 180 frames (up to 179s, folder 6)
  Saved 190 frames (up to 189s, folder 7)
  Saved 200 frames (up to 199s, folder 7)
  Saved 210 frames (up to 209s, folder 7)
  Saved 220 frames (up to 219s, folder 8)
  Saved 230 frames (up to 229s, folder 8)
  Saved 240 frames (up to 239s, folder 8)
  Saved 250 frames (up to 249s, folder 9)
  Saved 260 frames (up to 259s, folder 9)
  Saved 270 frames (up to 269s, folder 9)
  Saved 280 frames (up to 279s, folder 10)
  Saved 290 frames (up to 289s, folder 10)
  Saved 300 frames (up to 299s, folder 10)
  Saved 310 frames (up to 309s, folder 11)
  Saved 320 frames (up to 319s, folder 11)
  Saved 330 frames (up to 329s, folder 11)
  Saved 340 frames (up to 339s, folder 12)
  Saved 350 frames (up to 349s, folder 12)
  Saved 360 frames (up to 359s, folder 12)
  Saved 370 frames (up to 369s, folder 13)
  Saved 380 frames (up to 379s, folder 13)
  Saved 390 frames (up to 389s, folder 13)
  Saved 400 frames (up to 399s, folder 14)
  Saved 410 frames (up to 409s, folder 14)
  Saved 420 frames (up to 419s, folder 14)
  Saved 430 frames (up to 429s, folder 15)
  Saved 440 frames (up to 439s, folder 15)
  Saved 450 frames (up to 449s, folder 15)
  Saved 460 frames (up to 459s, folder 16)
  Saved 470 frames (up to 469s, folder 16)
  Saved 480 frames (up to 479s, folder 16)
  Saved 490 frames (up to 489s, folder 17)
  Saved 500 frames (up to 499s, folder 17)
  Saved 510 frames (up to 509s, folder 17)
  Saved 520 frames (up to 519s, folder 18)
  Saved 530 frames (up to 529s, folder 18)
  Saved 540 frames (up to 539s, folder 18)
  Saved 550 frames (up to 549s, folder 19)
  Saved 560 frames (up to 559s, folder 19)
  Saved 570 frames (up to 569s, folder 19)
  Saved 580 frames (up to 579s, folder 20)
  Saved 590 frames (up to 589s, folder 20)
  Saved 600 frames (up to 599s, folder 20)
  Saved 610 frames (up to 609s, folder 21)
  Saved 620 frames (up to 619s, folder 21)
  Saved 630 frames (up to 629s, folder 21)
  Saved 640 frames (up to 639s, folder 22)
  Saved 650 frames (up to 649s, folder 22)
  Saved 660 frames (up to 659s, folder 22)
  Saved 670 frames (up to 669s, folder 23)
  Saved 680 frames (up to 679s, folder 23)
  Saved 690 frames (up to 689s, folder 23)
  Saved 700 frames (up to 699s, folder 24)
  Saved 710 frames (up to 709s, folder 24)
  Saved 720 frames (up to 719s, folder 24)
  Saved 730 frames (up to 729s, folder 25)
  Saved 740 frames (up to 739s, folder 25)
  Saved 750 frames (up to 749s, folder 25)
  Saved 760 frames (up to 759s, folder 26)
  Saved 770 frames (up to 769s, folder 26)
  Saved 780 frames (up to 779s, folder 26)
  Saved 790 frames (up to 789s, folder 27)
  Saved 800 frames (up to 799s, folder 27)
  Saved 810 frames (up to 809s, folder 27)
  Saved 820 frames (up to 819s, folder 28)
  Saved 830 frames (up to 829s, folder 28)
  Saved 840 frames (up to 839s, folder 28)
  Saved 850 frames (up to 849s, folder 29)
  Saved 860 frames (up to 859s, folder 29)
  Saved 870 frames (up to 869s, folder 29)
  Saved 880 frames (up to 879s, folder 30)
  Saved 890 frames (up to 889s, folder 30)
  Saved 900 frames (up to 899s, folder 30)
  Saved 910 frames (up to 909s, folder 31)
  Saved 920 frames (up to 919s, folder 31)
  Saved 930 frames (up to 929s, folder 31)
  Saved 940 frames (up to 939s, folder 32)
  Saved 950 frames (up to 949s, folder 32)
  Saved 960 frames (up to 959s, folder 32)
  Saved 970 frames (up to 969s, folder 33)
  Saved 980 frames (up to 979s, folder 33)
  Saved 990 frames (up to 989s, folder 33)
  Saved 1000 frames (up to 999s, folder 34)
  Saved 1010 frames (up to 1009s, folder 34)
  Saved 1020 frames (up to 1019s, folder 34)
  Saved 1030 frames (up to 1029s, folder 35)
  Saved 1040 frames (up to 1039s, folder 35)
  Saved 1050 frames (up to 1049s, folder 35)
  Saved 1060 frames (up to 1059s, folder 36)
  Saved 1070 frames (up to 1069s, folder 36)
  Saved 1080 frames (up to 1079s, folder 36)
  Saved 1090 frames (up to 1089s, folder 37)
  Saved 1100 frames (up to 1099s, folder 37)
  Saved 1110 frames (up to 1109s, folder 37)
  Saved 1120 frames (up to 1119s, folder 38)
  Saved 1130 frames (up to 1129s, folder 38)
  Saved 1140 frames (up to 1139s, folder 38)
  Saved 1150 frames (up to 1149s, folder 39)
  Saved 1160 frames (up to 1159s, folder 39)
  Saved 1170 frames (up to 1169s, folder 39)
  Saved 1180 frames (up to 1179s, folder 40)
  Saved 1190 frames (up to 1189s, folder 40)
  Saved 1200 frames (up to 1199s, folder 40)
  Saved 1210 frames (up to 1209s, folder 41)
  Saved 1220 frames (up to 1219s, folder 41)
  Saved 1230 frames (up to 1229s, folder 41)
  Saved 1240 frames (up to 1239s, folder 42)
  Saved 1250 frames (up to 1249s, folder 42)
  Saved 1260 frames (up to 1259s, folder 42)
  Saved 1270 frames (up to 1269s, folder 43)
  Saved 1280 frames (up to 1279s, folder 43)
  Saved 1290 frames (up to 1289s, folder 43)
  Saved 1300 frames (up to 1299s, folder 44)
  Saved 1310 frames (up to 1309s, folder 44)
  Saved 1320 frames (up to 1319s, folder 44)
  Saved 1330 frames (up to 1329s, folder 45)
  Saved 1340 frames (up to 1339s, folder 45)
  Saved 1350 frames (up to 1349s, folder 45)
  Saved 1360 frames (up to 1359s, folder 46)
  Saved 1370 frames (up to 1369s, folder 46)
  Saved 1380 frames (up to 1379s, folder 46)
  Saved 1390 frames (up to 1389s, folder 47)
  Saved 1400 frames (up to 1399s, folder 47)
  Saved 1410 frames (up to 1409s, folder 47)
  Saved 1420 frames (up to 1419s, folder 48)
  Saved 1430 frames (up to 1429s, folder 48)
  Saved 1440 frames (up to 1439s, folder 48)
  Saved 1450 frames (up to 1449s, folder 49)
  Saved 1460 frames (up to 1459s, folder 49)
  Saved 1470 frames (up to 1469s, folder 49)
  Saved 1480 frames (up to 1479s, folder 50)
  Saved 1490 frames (up to 1489s, folder 50)
  Saved 1500 frames (up to 1499s, folder 50)
  Saved 1510 frames (up to 1509s, folder 51)
  Saved 1520 frames (up to 1519s, folder 51)
  Saved 1530 frames (up to 1529s, folder 51)
  Saved 1540 frames (up to 1539s, folder 52)
  Saved 1550 frames (up to 1549s, folder 52)
  Saved 1560 frames (up to 1559s, folder 52)
  Saved 1570 frames (up to 1569s, folder 53)
  Saved 1580 frames (up to 1579s, folder 53)
  Saved 1590 frames (up to 1589s, folder 53)
  Saved 1600 frames (up to 1599s, folder 54)
  Saved 1610 frames (up to 1609s, folder 54)
  Saved 1620 frames (up to 1619s, folder 54)
  Saved 1630 frames (up to 1629s, folder 55)
  Saved 1640 frames (up to 1639s, folder 55)
  Saved 1650 frames (up to 1649s, folder 55)
  Saved 1660 frames (up to 1659s, folder 56)
  Saved 1670 frames (up to 1669s, folder 56)
  Saved 1680 frames (up to 1679s, folder 56)
  Saved 1690 frames (up to 1689s, folder 57)
  Saved 1700 frames (up to 1699s, folder 57)
  Saved 1710 frames (up to 1709s, folder 57)
  Saved 1720 frames (up to 1719s, folder 58)
  Saved 1730 frames (up to 1729s, folder 58)
  Saved 1740 frames (up to 1739s, folder 58)
  Saved 1750 frames (up to 1749s, folder 59)
  Saved 1760 frames (up to 1759s, folder 59)
  Saved 1770 frames (up to 1769s, folder 59)
  Saved 1780 frames (up to 1779s, folder 60)
  Saved 1790 frames (up to 1789s, folder 60)
  Saved 1800 frames (up to 1799s, folder 60)
  Saved 1810 frames (up to 1809s, folder 61)
  Saved 1820 frames (up to 1819s, folder 61)
  Saved 1830 frames (up to 1829s, folder 61)
  Saved 1840 frames (up to 1839s, folder 62)
  Saved 1850 frames (up to 1849s, folder 62)
  Saved 1860 frames (up to 1859s, folder 62)
  Saved 1870 frames (up to 1869s, folder 63)
  Saved 1880 frames (up to 1879s, folder 63)
  Saved 1890 frames (up to 1889s, folder 63)
  Saved 1900 frames (up to 1899s, folder 64)
  Saved 1910 frames (up to 1909s, folder 64)
  Saved 1920 frames (up to 1919s, folder 64)
  Saved 1930 frames (up to 1929s, folder 65)
  Saved 1940 frames (up to 1939s, folder 65)
  Saved 1950 frames (up to 1949s, folder 65)
  Saved 1960 frames (up to 1959s, folder 66)
  Saved 1970 frames (up to 1969s, folder 66)
  Saved 1980 frames (up to 1979s, folder 66)
  Saved 1990 frames (up to 1989s, folder 67)
  Saved 2000 frames (up to 1999s, folder 67)
  Saved 2010 frames (up to 2009s, folder 67)
  Saved 2020 frames (up to 2019s, folder 68)
  Saved 2030 frames (up to 2029s, folder 68)

✓ Extracted 2032 frames to data/frames/bedroom_09

✓ Successfully processed bedroom_09: 2032 frames saved
--------------------------------
Processing folder:  data/frames/bedroom_09/1
Inserted 16 triples into graph for clip 1
--------------------------------
Processing folder:  data/frames/bedroom_09/2
Inserted 19 triples into graph for clip 2
--------------------------------
Processing folder:  data/frames/bedroom_09/3
Inserted 20 triples into graph for clip 3
--------------------------------
Processing folder:  data/frames/bedroom_09/4
Extracting summary for completed conversation 1...
Warning: Character '<Andrew>' not found in graph, skipping relationship
Warning: Character '<Jessica>' not found in graph, skipping relationship
✓ Conversation summary extracted. Attributes: 5, Relationships: 4
Inserted 17 triples into graph for clip 4
--------------------------------
Processing folder:  data/frames/bedroom_09/5
Inserted 28 triples into graph for clip 5
--------------------------------
Processing folder:  data/frames/bedroom_09/6
Inserted 21 triples into graph for clip 6
--------------------------------
Processing folder:  data/frames/bedroom_09/7
Inserted 14 triples into graph for clip 7
--------------------------------
Processing folder:  data/frames/bedroom_09/8
Inserted 17 triples into graph for clip 8
--------------------------------
Processing folder:  data/frames/bedroom_09/9
Inserted 18 triples into graph for clip 9
--------------------------------
Processing folder:  data/frames/bedroom_09/10
Inserted 29 triples into graph for clip 10
--------------------------------
Processing folder:  data/frames/bedroom_09/11
Inserted 21 triples into graph for clip 11
--------------------------------
Processing folder:  data/frames/bedroom_09/12
Inserted 11 triples into graph for clip 12
--------------------------------
Processing folder:  data/frames/bedroom_09/13
Inserted 20 triples into graph for clip 13
--------------------------------
Processing folder:  data/frames/bedroom_09/14
Inserted 19 triples into graph for clip 14
--------------------------------
Processing folder:  data/frames/bedroom_09/15
Inserted 16 triples into graph for clip 15
--------------------------------
Processing folder:  data/frames/bedroom_09/16
Extracting summary for completed conversation 2...
✓ Conversation summary extracted. Attributes: 4, Relationships: 2
Inserted 15 triples into graph for clip 16
--------------------------------
Processing folder:  data/frames/bedroom_09/17
Inserted 16 triples into graph for clip 17
--------------------------------
Processing folder:  data/frames/bedroom_09/18
Inserted 11 triples into graph for clip 18
--------------------------------
Processing folder:  data/frames/bedroom_09/19
Inserted 17 triples into graph for clip 19
--------------------------------
Processing folder:  data/frames/bedroom_09/20
Extracting summary for completed conversation 3...
✓ Conversation summary extracted. Attributes: 3, Relationships: 1
Inserted 23 triples into graph for clip 20
--------------------------------
Processing folder:  data/frames/bedroom_09/21
Inserted 22 triples into graph for clip 21
--------------------------------
Processing folder:  data/frames/bedroom_09/22
Extracting summary for completed conversation 4...
✓ Conversation summary extracted. Attributes: 1, Relationships: 0
Inserted 15 triples into graph for clip 22
--------------------------------
Processing folder:  data/frames/bedroom_09/23
Inserted 17 triples into graph for clip 23
--------------------------------
Processing folder:  data/frames/bedroom_09/24
Inserted 24 triples into graph for clip 24
--------------------------------
Processing folder:  data/frames/bedroom_09/25
Inserted 21 triples into graph for clip 25
--------------------------------
Processing folder:  data/frames/bedroom_09/26
Inserted 16 triples into graph for clip 26
--------------------------------
Processing folder:  data/frames/bedroom_09/27
Inserted 31 triples into graph for clip 27
--------------------------------
Processing folder:  data/frames/bedroom_09/28
Inserted 26 triples into graph for clip 28
--------------------------------
Processing folder:  data/frames/bedroom_09/29
Inserted 17 triples into graph for clip 29
--------------------------------
Processing folder:  data/frames/bedroom_09/30
Inserted 23 triples into graph for clip 30
--------------------------------
Processing folder:  data/frames/bedroom_09/31
Inserted 29 triples into graph for clip 31
--------------------------------
Processing folder:  data/frames/bedroom_09/32
Extracting summary for completed conversation 5...
✓ Conversation summary extracted. Attributes: 7, Relationships: 4
Inserted 24 triples into graph for clip 32
--------------------------------
Processing folder:  data/frames/bedroom_09/33
Inserted 23 triples into graph for clip 33
--------------------------------
Processing folder:  data/frames/bedroom_09/34
Inserted 11 triples into graph for clip 34
--------------------------------
Processing folder:  data/frames/bedroom_09/35
Inserted 23 triples into graph for clip 35
--------------------------------
Processing folder:  data/frames/bedroom_09/36
Inserted 20 triples into graph for clip 36
--------------------------------
Processing folder:  data/frames/bedroom_09/37
Inserted 14 triples into graph for clip 37
--------------------------------
Processing folder:  data/frames/bedroom_09/38
Inserted 22 triples into graph for clip 38
--------------------------------
Processing folder:  data/frames/bedroom_09/39
Inserted 20 triples into graph for clip 39
--------------------------------
Processing folder:  data/frames/bedroom_09/40
Inserted 23 triples into graph for clip 40
--------------------------------
Processing folder:  data/frames/bedroom_09/41
Inserted 32 triples into graph for clip 41
--------------------------------
Processing folder:  data/frames/bedroom_09/42
Inserted 23 triples into graph for clip 42
--------------------------------
Processing folder:  data/frames/bedroom_09/43
Inserted 22 triples into graph for clip 43
--------------------------------
Processing folder:  data/frames/bedroom_09/44
Inserted 19 triples into graph for clip 44
--------------------------------
Processing folder:  data/frames/bedroom_09/45
Inserted 37 triples into graph for clip 45
--------------------------------
Processing folder:  data/frames/bedroom_09/46
Inserted 24 triples into graph for clip 46
--------------------------------
Processing folder:  data/frames/bedroom_09/47
Inserted 25 triples into graph for clip 47
--------------------------------
Processing folder:  data/frames/bedroom_09/48
Inserted 18 triples into graph for clip 48
--------------------------------
Processing folder:  data/frames/bedroom_09/49
Inserted 23 triples into graph for clip 49
--------------------------------
Processing folder:  data/frames/bedroom_09/50
Inserted 23 triples into graph for clip 50
--------------------------------
Processing folder:  data/frames/bedroom_09/51
Inserted 35 triples into graph for clip 51
--------------------------------
Processing folder:  data/frames/bedroom_09/52
Inserted 31 triples into graph for clip 52
--------------------------------
Processing folder:  data/frames/bedroom_09/53
Inserted 26 triples into graph for clip 53
--------------------------------
Processing folder:  data/frames/bedroom_09/54
Inserted 40 triples into graph for clip 54
--------------------------------
Processing folder:  data/frames/bedroom_09/55
Inserted 47 triples into graph for clip 55
--------------------------------
Processing folder:  data/frames/bedroom_09/56
LLM call failed, retrying... Error: Error code: 400 - {'error': {'message': 'code: content_policy_violation; message: Image processing blocked due to content policy violation.', 'type': 'invalid_request_error', 'param': 'input', 'code': '-4315'}}
Inserted 35 triples into graph for clip 56
--------------------------------
Processing folder:  data/frames/bedroom_09/57
Inserted 37 triples into graph for clip 57
--------------------------------
Processing folder:  data/frames/bedroom_09/58
Inserted 37 triples into graph for clip 58
--------------------------------
Processing folder:  data/frames/bedroom_09/59
Inserted 35 triples into graph for clip 59
--------------------------------
Processing folder:  data/frames/bedroom_09/60
Inserted 27 triples into graph for clip 60
--------------------------------
Processing folder:  data/frames/bedroom_09/61
Inserted 28 triples into graph for clip 61
--------------------------------
Processing folder:  data/frames/bedroom_09/62
Inserted 21 triples into graph for clip 62
--------------------------------
Processing folder:  data/frames/bedroom_09/63
Inserted 23 triples into graph for clip 63
--------------------------------
Processing folder:  data/frames/bedroom_09/64
Inserted 18 triples into graph for clip 64
--------------------------------
Processing folder:  data/frames/bedroom_09/65
Inserted 32 triples into graph for clip 65
--------------------------------
Processing folder:  data/frames/bedroom_09/66
Inserted 26 triples into graph for clip 66
--------------------------------
Processing folder:  data/frames/bedroom_09/67
Extracting summary for completed conversation 6...
Warning: Character '<Robot>' not found in graph, skipping attribute: supportive service role
Warning: Character '<Robot>' not found in graph, skipping relationship
Warning: Character '<Robot>' not found in graph, skipping relationship
✓ Conversation summary extracted. Attributes: 13, Relationships: 7
Inserted 18 triples into graph for clip 67
--------------------------------
Processing folder:  data/frames/bedroom_09/68
Inserted 28 triples into graph for clip 68
Extracting summary for final conversation 7...
✓ Final conversation summary extracted. Attributes: 3, Relationships: 3
Inserting character appearances for 5 characters...
✓ Character appearances inserted: 28 appearance edges created
457 node embeddings inserted (5 characters, 452 objects)
1634 edge embeddings inserted
Generating character attributes...
Number of edges:  1634
Character attributes generated.
Number of edges:  1666
Character relationships generated.
Number of edges:  1700
✓ Graph memory built for bedroom_09
Question: What kind of music does Jessica like?

[Step 1] Searching the graph...
Parse Query Output:
{
  "query_triple": ["<Jessica>", "likes", "music", 0.95, 0.35, 0.6],
  "spatial_constraint": null,
  "speaker_strict": null,
  "allocation": {
    "k_high_level": 8,
    "k_low_level": 12,
    "k_conversations": 30,
    "total_k": 50,
    "reasoning": "Preference/why-style query; use high-level for traits/preferences, conversations to capture stated tastes or mentions, and some low-level edges for actions indicating music preference (e.g., plays/listens to specific genres)."
  }
}

Graph Search Results:
**High-Level Information (Character Attributes and Relationships): **

Character Attributes:
- Jessica is: female (100), white socks (100)

Character Relationships:
- Jessica friends with Bonnie (90)
- Jessica friends with Andrew (80)
- Bonnie friends with Jessica (85)
- Andrew feels comfortable joking with Jessica (80)
- Bonnie cooperates with Jessica (85)
- Jessica shares social plans with Bonnie (75)

**Low-Level Information (Actions and Events): **

[39] Jessica sips coffee. (bedroom)
[40] Jessica holds drink. (bedroom)
[41] Jessica praises coffee. (bedroom)
[43] Jessica adds sugar. (bedroom)
[51] Jessica offers something. (bedroom)
[55] Jessica likes scarf. (bedroom)
[58] Jessica holds paper. (bedroom)
[58] Jessica looks at paper. (bedroom)
[58] Jessica comments on food. (bedroom)
[59] Jessica holds paper. (bedroom)
[60] Jessica holds paper. (bedroom)
[63] Jessica holds paper. (bedroom)

**Conversations: **

Conversation 5: Bonnie and Jessica chat about their day, including Bonnie’s heavy workload and finishing a final paper. They discuss David’s birthday gifts (a tennis racket from Bonnie and a surprise from Jessica), enjoy music together, and plan to have coffee. Jessica expresses anger toward someone named Andrew, and Bonnie tries to calm her. Bonnie then asks a robot to make coffee for Jessica.
[26] Bonnie: I miss you.
[26] Jessica: Miss you too Emm...
[26] Jessica: How are you today?
[26] Bonnie: I'm fine.
[27] Jessica: How was your day?
[27] Bonnie: Not bad I just have many work to do today...
[27] Jessica: Okay such as...
[27] Bonnie: I should finished my final paper.
[27] Bonnie: Yeah.
[27] Bonnie: It is difficult...
[27] Jessica: Oh my god I can see...
[27] Jessica: Okay.
[27] Bonnie: You find what?
[27] Jessica: I'm searching here.
[28] Jessica: I see yes. It's right away.
[28] Bonnie: Yeah it is there yeah.
[28] Jessica: So what is it?
[28] Jessica: What did you bought for him.
[28] Bonnie: It is a tennis racket yeah.
[28] Jessica: He would like it ...
[29] Bonnie: He would like it.
[29] Jessica: He would like it.
[29] Jessica: We can make coffee...
[29] Bonnie: I want to listen to some music.
[29] Jessica: Oh that's good we can listen yeah.
[29] Jessica: Oh what a shiny day.
[29] Jessica: Today the weather is perfect?
[29] Jessica: Everything is nice.
[29] Jessica: I hope it goes perfect on today.
[29] Jessica: Now what a nice shirt...
[29] Jessica: It's really nice on you.
[30] Bonnie: Emm... do you want to play some music?
[30] Jessica: Yeah.
[30] Bonnie: Haha.
[30] Bonnie: Have you ever listened to this music?
[30] Jessica: Do you like them?
[30] Bonnie: Yeah I love it.
[30] Jessica: And I like...
[30] Bonnie: Midwest Emo music. Oh.
[30] Bonnie: I love it
[30] Bonnie: You are so happy?
[30] Jessica: Yes.
[30] Jessica: I do like this music.
[30] Bonnie: Emm... hahaha Okay.
[31] Jessica: Oh my god.
[31] Jessica: Yeah one...
[31] Bonnie: Okay
[31] Jessica: Thank you
[31] Bonnie: Hey Robot.
[31] Bonnie: Make a coffee for Jessica.

Conversation 6: Jessica, Bonnie, and Andrew chat over coffee while preparing to go out. Jessica loses her phone but eventually finds it at home after Bonnie remembers using it for a takeout call. They decide on outfits and accessories, use a robot to fetch items and tidy up, and choose to avoid seafood due to allergies before heading out together.
[39] Bonnie: The coffee bean of mine are so fragment you must try it.
[39] Jessica: I've had it many times It's really perfect It's good.
[39] Jessica: I like it
[39] Bonnie: Yeah.
[39] Jessica: But you know Bonnie I'm so angry.
[41] Jessica: I cannot check anything.
[41] Bonnie: Okay I know so don't be angry.
[41] Jessica: Okay.
[41] Bonnie: Yeah I will help you to find it ...
[41] Bonnie: You like it?
[41] Jessica: I've had it before many times.
[41] Jessica: But still as good as before.
[42] Jessica: Thank you.
[42] Jessica: It's a little bit uh bitter.
[42] Bonnie: Bitter?
[42] Jessica: Yeah.
[42] Bonnie: Okay.
[42] Jessica: I want to add some sugar in this... Can I ask the robot?
[49] Jessica: Thank you robot.
[49] Bonnie: Wow you have so many eyebrow pencils.
[49] Jessica: I like to buy some, yeah.
[50] Jessica: I like to buy some yeah.
[50] Bonnie: I want the brown one because I like brown.
[50] Jessica: So you can use the black or brown.
[50] Jessica: I have both of them.
[50] Bonnie: Yeah it's okay.
[50] Jessica: Do whatever you want.
[50] Bonnie: Oh I wanna maybe try black one.
[50] Jessica: Yes maybe this time will be nice.
[53] Bonnie: I will have a try.
[53] Bonnie: So I think this one is gonna be a perfect one dress.
[53] Jessica: Oh yeah.
[53] Bonnie: Oh you're so cool.
[53] Jessica: Good on you too.
[57] Jessica: I want to eat some seafood Oh.
[57] Bonnie: But I'm allergic to seafood
[57] Jessica: Ah.
[57] Jessica: How about you Andrew?
[57] Andrew: I'm also allergic
[57] Bonnie: Hey Robot give me a list of delicacies.
[58] Bonnie: Thank you robot
[58] Jessica: Oh.
[58] Jessica: Look at this food.
[58] Jessica: Ah yummy.
[58] Bonnie: It's already ten o'clock I should hurriedly continued putting on makeup.
[58] Jessica: Ah yes yes.
[58] Andrew: Let me see. Emm... wow.
[58] Bonnie: Oh and we should dress some clothes?
[58] Jessica: Yeah yeah.
[58] Jessica: Yeah we should dress up we should change right.
[59] Bonnie: Hey Robot take out all the clothes and dress from the wardrobe.
[60] Bonnie: Our types are familiar.
[60] Bonnie: So we can choose one cloth to wear it.
[60] Jessica: Ah I like blue.
[60] Jessica: Do you have some blue like a blue?
[61] Bonnie: Maybe...
[61] Andrew: No.
[61] Bonnie: You want this clothes?
[61] Jessica: Ah really nice yes.
[61] Jessica: I want to wear something like this...
[61] Bonnie: Yeah so how about you Andrew?
[65] Bonnie: Okay let's change clothes.
[65] Jessica: Okay let's change.
[65] Jessica: Wow Jessica.
[65] Bonnie: You are so beautiful.
[65] Jessica: Oh thank you.
[65] Bonnie: So let's go.
[66] Jessica: Yes I am ready, but how about Andrew?
[66] Jessica: Are you ready?
[66] Bonnie: Are you ready?
[66] Andrew: Oh wow.

[Step 2] Evaluating semantic answer...
Action: [Answer]
Content: Jessica likes Midwest Emo music.
FINAL ANSWER (from graph):
Jessica likes Midwest Emo music.
Question: what color dress might Bonnie be interested in?

[Step 1] Searching the graph...
Parse Query Output:
{
  "query_triple": ["<Bonnie>", "is interested in color of dress", "?", 0.95, 0.25, 0.15],
  "spatial_constraint": null,
  "speaker_strict": null,
  "allocation": {
    "k_high_level": 7,
    "k_low_level": 13,
    "k_conversations": 30,
    "total_k": 50,
    "reasoning": "Preference/interest query likely expressed via dialogue; allocate more to conversations for mentions of desired dress color, some high-level for traits/preferences, and some low-level for scenes showing Bonnie looking at or choosing specific colored dresses."
  }
}

Graph Search Results:
**High-Level Information (Character Attributes and Relationships): **

Character Attributes:
- Bonnie is: black pants (100), white blouse with ruffled collar (100), female (100), sweater draped over shoulders (100), black hair in low ponytail (100), orange baseball cap (100), medium build (100)

**Low-Level Information (Actions and Events): **

[3] Bonnie looks at smartphone screen. (bedroom and kitchen)
[15] Bonnie looks at item on desk. (bedroom and bathroom)
[43] Bonnie looks at phone. (bedroom)
[44] Bonnie looks at Bonnie's phone. (bedroom)
[49] Jessica looks at Bonnie. (bedroom)
[51] Bonnie looks at Bonnie's phone. (bedroom)
[52] Jessica looks at Bonnie. (bedroom)
[53] Bonnie tries on brown cap. (bedroom)
[54] Jessica looks at Bonnie. (bedroom)
[54] Bonnie says can try on Jessica. (bedroom)
[56] Andrew looks at Bonnie. (bedroom)
[64] Bonnie looks at white blouse. (bedroom)
[65] Bonnie wears Bonnie's orange baseball cap. (bedroom)

**Conversations: **

Conversation 6: Jessica, Bonnie, and Andrew chat over coffee while preparing to go out. Jessica loses her phone but eventually finds it at home after Bonnie remembers using it for a takeout call. They decide on outfits and accessories, use a robot to fetch items and tidy up, and choose to avoid seafood due to allergies before heading out together.
[41] Jessica: Okay.
[41] Bonnie: Yeah I will help you to find it ...
[41] Bonnie: You like it?
[41] Jessica: The coffee is perfect.
[41] Jessica: I've had it before many times.
[48] Jessica: We are going outside tonight Emm... we're having some plans.
[48] Jessica: Emm do you want some eyebrow pencil?
[48] Bonnie: I want the brown eye pencil.
[48] Bonnie: But my eyebrow eye pencil is just used up.
[48] Jessica: Okay robot can you bring my eyebrows pencil box from my room?
[49] Jessica: I like to buy some, yeah.
[50] Jessica: I like to buy some yeah.
[50] Bonnie: I want the brown one because I like brown.
[50] Jessica: So you can use the black or brown.
[50] Jessica: I have both of them.
[50] Bonnie: Yeah it's okay.
[50] Jessica: Do whatever you want.
[50] Bonnie: Oh I wanna maybe try black one.
[50] Jessica: Yes maybe this time will be nice.
[50] Andrew: I'm getting bored.
[52] Jessica: Can you please bring my baseball cap from my closet in my room.
[53] Jessica: Okay thank you for the robot.
[53] Bonnie: I want a brown one.
[53] Jessica: Brown one for you.
[53] Bonnie: I will have a try.
[53] Bonnie: So I think this one is gonna be a perfect one dress.
[53] Jessica: Oh yeah.
[53] Bonnie: Oh you're so cool.
[53] Jessica: Good on you too.
[53] Bonnie: I want give you something.
[54] Bonnie: Do you like scarves?
[54] Bonnie: Hey Robot give me the scarves from the room.
[54] Bonnie: Thank you. I’ll choose one maybe...
[54] Bonnie: I like black one. Okay.
[54] Bonnie: You can try it on...
[55] Andrew: What what about my gift?
[55] Andrew: Everybody has a gift.
[58] Jessica: Ah yes yes.
[58] Andrew: Let me see. Emm... wow.
[58] Bonnie: Oh and we should dress some clothes?
[58] Jessica: Yeah yeah.
[58] Jessica: Yeah we should dress up we should change right.
[60] Bonnie: Okay Jessica.
[60] Bonnie: Our types are familiar.
[60] Bonnie: So we can choose one cloth to wear it.
[60] Jessica: Ah I like blue.
[60] Jessica: Do you have some blue like a blue?
[61] Bonnie: Maybe...
[61] Jessica: Top or something like oh lace.
[61] Bonnie: I can find one to you.
[61] Jessica: I think it's gonna be fit on you.
[61] Andrew: No.
[61] Bonnie: You want this clothes?
[61] Jessica: Ah really nice yes.
[61] Jessica: I want to wear something like this...
[61] Bonnie: Yeah so how about you Andrew?
[61] Andrew: I think...
[61] Bonnie: Do you want to get pretty?
[61] Andrew: Ah I can yes let me go see.
[62] Bonnie: And I think you should pick a dress a skirt...
[62] Bonnie: This is a suit for you
[62] Jessica: Ah yes.
[62] Jessica: This college skirt...
[62] Bonnie: Yeah this will be very nice with you yeah ah.
[62] Bonnie: But what should I wear?
[62] Bonnie: You think?
[62] Jessica: What about the white dress?
[62] Jessica: Black dress...
[62] Bonnie: White long dress?
[62] Bonnie: You have a white dress?
[62] Bonnie: I've made in that room?
[63] Jessica: I will bring it for you.
[63] Bonnie: Oh I want to try...
[63] Bonnie: I like it yeah.
[63] Bonnie: I like this type of clothes yeah.
[64] Jessica: I like that too Emm...
[64] Jessica: So we can change and we can then go.
[64] Bonnie: Yeah but Oh.
[64] Bonnie: I didn't wash my hair yesterday.
[64] Bonnie: It's so pretty I think...
[64] Jessica: Uh what is you to do um.
[64] Bonnie: Maybe I can wear more had a had it ...
[64] Jessica: You can put it on your hand.
[64] Jessica: Because It's late you don't have time.
[64] Bonnie: That's Okay.
[64] Jessica: If you want you can use this one.
[65] Bonnie: Nice with white.
[65] Jessica: But both of the colors is...
[65] Bonnie: Okay thank you.
[65] Jessica: You're welcome honey.
[65] Bonnie: Okay let's change clothes.
[65] Jessica: Okay let's change.
[65] Jessica: Wow Jessica.
[66] Jessica: Yes I am ready, but how about Andrew?
[66] Jessica: Are you ready?
[66] Bonnie: Are you ready?
[66] Andrew: Oh wow.
[66] Bonnie: Okay Andrew: You look very beautiful.

Conversation 5: Bonnie and Jessica chat about their day, including Bonnie’s heavy workload and finishing a final paper. They discuss David’s birthday gifts (a tennis racket from Bonnie and a surprise from Jessica), enjoy music together, and plan to have coffee. Jessica expresses anger toward someone named Andrew, and Bonnie tries to calm her. Bonnie then asks a robot to make coffee for Jessica.
[28] Jessica: Also I bought something for him.
[28] Jessica: It would adjust...
[28] Bonnie: What is that?
[28] Jessica: Emm...
[28] Jessica: It's a... It's a surprise we'll see.
[28] Bonnie: Okay.
[28] Bonnie: He would like it
[28] Jessica: He would like it ...
[29] Bonnie: He would like it.
[29] Jessica: He would like it.
[29] Jessica: We can make coffee...

[Step 2] Evaluating semantic answer...
Action: [Answer]
Content: A white dress.
FINAL ANSWER (from graph):
A white dress.
Question: Who drank coffee?

[Step 1] Searching the graph...
Parse Query Output:
{
  "query_triple": [null, "drinks", "coffee", 0.2, 0.35, 0.9],
  "spatial_constraint": null,
  "speaker_strict": null,
  "allocation": {
    "k_high_level": 4,
    "k_low_level": 40,
    "k_conversations": 6,
    "total_k": 50,
    "reasoning": "Action-focused query seeking the actor of a specific action on an object; prioritize low-level edges to find who performed 'drinks coffee'. Minimal high-level and conversations for supplementary context."
  }
}

Graph Search Results:
**High-Level Information (Character Attributes and Relationships): **

Character Attributes:
- Andrew is: dark pants (100)
- Bonnie is: female (100)
- Jessica is: appreciative of good coffee (70), female (100)

**Low-Level Information (Actions and Events): **

[6] robot opens bottle cap. (kitchen)
[16] Bonnie holds bottle. (bathroom)
[16] Bonnie places bottle. (bathroom)
[19] Bonnie starts making coffee with coffee machine. (apartment kitchen)
[20] Bonnie pours content. (kitchen)
[20] coffee machine runs. (kitchen)
[20] Bonnie prepares drink. (kitchen)
[20] drink is with coffee machine. (kitchen)
[21] Bonnie places glass. (kitchen)
[25] robot hands coffee. (kitchen to bedroom)
[25] coffee moves to Bonnie. (kitchen to bedroom)
[31] Bonnie offers to make coffee. (bedroom)
[31] robot makes coffee. (bedroom)
[31] coffee is for Jessica. (bedroom)
[35] robot pours ground coffee. (kitchen)
[36] character_1 scoops ground coffee. (kitchen)
[36] character_1 pours ground coffee. (kitchen)
[37] coffee drips small cup. (kitchen countertop with espresso machine)
[38] robot pours into glass tumbler coffee. (kitchen)
[38] coffee is from small cup. (kitchen)
[38] robot heads down with glass of coffee hallway. (kitchen)
[39] robot holds glass of coffee. (bedroom)
[39] robot places coffee glass. (bedroom)
[39] Bonnie offers coffee glass. (bedroom)
[39] Jessica sips coffee. (bedroom)
[40] Jessica holds drink. (bedroom)
[40] Jessica sips from glass. (bedroom)
[41] Jessica sips from glass cup. (bedroom)
[41] Bonnie drinks from cup. (bedroom)
[41] Bonnie asks Jessica likes drink. (bedroom)
[41] Jessica praises coffee. (bedroom)
[42] Jessica sips drink. (bedroom)
[42] Jessica comments drink tastes a little bitter. (bedroom)
[43] Jessica grabs glass of coffee. (bedroom)
[44] Jessica sips drink. (bedroom)
[45] Andrew laughs. (bedroom)
[51] Jessica offers something. (bedroom)
[55] Jessica likes scarf. (bedroom)
[55] Andrew laughs. (bedroom)
[58] Jessica comments on food. (bedroom)

**Conversations: **

Conversation 5: Bonnie and Jessica chat about their day, including Bonnie’s heavy workload and finishing a final paper. They discuss David’s birthday gifts (a tennis racket from Bonnie and a surprise from Jessica), enjoy music together, and plan to have coffee. Jessica expresses anger toward someone named Andrew, and Bonnie tries to calm her. Bonnie then asks a robot to make coffee for Jessica.
[29] Bonnie: He would like it.
[29] Jessica: He would like it.
[29] Jessica: We can make coffee...
[29] Bonnie: I want to listen to some music.
[29] Jessica: Oh that's good we can listen yeah.
[31] Bonnie: Just remember.
[31] Bonnie: Okay no matter we just just sit here and don't be angry yes.
[31] Bonnie: And you want me coffee firstly... coffee?
[31] Jessica: Yeah one...
[31] Bonnie: Okay

Conversation 3: The brief exchange centers on timing and making coffee. The robot indicates it's an appropriate time to make coffee, and Bonnie agrees to proceed.
[18] Bonnie: So what time?
[18] robot: Now you can go make coffee.
[19] Bonnie: Okay make coffee.

Conversation 6: Jessica, Bonnie, and Andrew chat over coffee while preparing to go out. Jessica loses her phone but eventually finds it at home after Bonnie remembers using it for a takeout call. They decide on outfits and accessories, use a robot to fetch items and tidy up, and choose to avoid seafood due to allergies before heading out together.
[41] Bonnie: Yeah I will help you to find it ...
[41] Bonnie: You like it?
[41] Jessica: The coffee is perfect.
[41] Jessica: I've had it before many times.
[41] Jessica: But still as good as before.
[42] robot: Okay.
[43] Jessica: Oh thank you robot.
[43] Jessica: This coffee was a little bitter for me now I need to add some sugar.
[44] Bonnie: Now much better?
[44] Bonnie: Love it sweet?
[44] Jessica: Emm...
[44] Jessica: Although the coffee is great.
[44] Jessica: But I think uh what a lovely thing.
[44] Andrew: What are you doing? Aren't we going out in a while

[Step 2] Evaluating semantic answer...
Action: [Answer]
Content: Jessica, Bonnie, and the robot drank coffee.
FINAL ANSWER (from graph):
Jessica, Bonnie, and the robot drank coffee.
Question: Is Jessica willing to share?

[Step 1] Searching the graph...
Parse Query Output:
{
  "query_triple": ["<Jessica>", "willing to share", null, 0.95, 0.25, 0.1],
  "spatial_constraint": null,
  "speaker_strict": null,
  "allocation": {
    "k_high_level": 9,
    "k_low_level": 11,
    "k_conversations": 30,
    "total_k": 50,
    "reasoning": "This is an attitude/intent ('willingness') query. Use high-level edges for traits/propensities, and prioritize conversations to capture explicit statements or consent/refusal. Some low-level edges can reveal sharing actions indicating willingness."
  }
}

Graph Search Results:
**High-Level Information (Character Attributes and Relationships): **

Character Attributes:
- Jessica is: female (100), slim (100), gray baseball cap (100), white socks (100), blue oversized shirt (100), long straight brown hair (100), dark sandals (100), dark skirt (100)

Character Relationships:
- Jessica friends with Bonnie (90)

**Low-Level Information (Actions and Events): **

[30] Jessica agrees to play music. (bedroom)
[31] Jessica agrees to have one coffee. (bedroom)
[41] Jessica agrees. (bedroom)
[42] Jessica asks to add sugar. (bedroom)
[48] Jessica asks for help robot. (bedroom)
[51] Jessica offers something. (bedroom)
[53] Bonnie wants to give Jessica. (bedroom)
[54] Jessica holds out black scarf. (bedroom)
[58] Jessica agrees. (bedroom)
[58] Jessica agrees verbally. (bedroom)
[65] Jessica agrees to change. (bedroom)

**Conversations: **

Conversation 5: Bonnie and Jessica chat about their day, including Bonnie’s heavy workload and finishing a final paper. They discuss David’s birthday gifts (a tennis racket from Bonnie and a surprise from Jessica), enjoy music together, and plan to have coffee. Jessica expresses anger toward someone named Andrew, and Bonnie tries to calm her. Bonnie then asks a robot to make coffee for Jessica.
[26] Bonnie: I miss you.
[26] Jessica: Miss you too Emm...
[26] Jessica: How are you today?
[26] Bonnie: I'm fine.
[27] Jessica: How was your day?
[27] Bonnie: Not bad I just have many work to do today...
[27] Jessica: Okay such as...
[27] Bonnie: I should finished my final paper.
[27] Bonnie: Yeah.
[27] Jessica: So it was difficult?
[27] Bonnie: It is difficult...
[27] Jessica: Oh my god I can see...
[27] Jessica: Okay.
[27] Bonnie: You find what?
[27] Jessica: I'm searching here.
[28] Jessica: I see yes. It's right away.
[28] Bonnie: Yeah it is there yeah.
[28] Jessica: So what is it?
[28] Jessica: What did you bought for him.
[28] Bonnie: It is a tennis racket yeah.
[29] Jessica: It's really nice on you.
[30] Bonnie: Emm... do you want to play some music?
[30] Jessica: Yeah.
[30] Bonnie: Haha.
[30] Bonnie: Have you ever listened to this music?
[30] Jessica: Do you like them?
[30] Bonnie: Yeah I love it.
[30] Jessica: And I like...
[30] Bonnie: I love it
[30] Bonnie: You are so happy?
[30] Jessica: Yes.
[30] Jessica: I do like this music.
[30] Bonnie: Emm... hahaha Okay.
[31] Bonnie: Okay no matter we just just sit here and don't be angry yes.
[31] Bonnie: And you want me coffee firstly... coffee?
[31] Jessica: Yeah one...
[31] Bonnie: Okay
[31] Jessica: Thank you
[31] Bonnie: Hey Robot.
[31] Bonnie: Make a coffee for Jessica.

Conversation 6: Jessica, Bonnie, and Andrew chat over coffee while preparing to go out. Jessica loses her phone but eventually finds it at home after Bonnie remembers using it for a takeout call. They decide on outfits and accessories, use a robot to fetch items and tidy up, and choose to avoid seafood due to allergies before heading out together.
[41] Jessica: I cannot check anything.
[41] Bonnie: Okay I know so don't be angry.
[41] Jessica: Okay.
[41] Bonnie: Yeah I will help you to find it ...
[41] Bonnie: You like it?
[41] Jessica: I've had it before many times.
[41] Jessica: But still as good as before.
[42] Jessica: Thank you.
[42] Jessica: It's a little bit uh bitter.
[42] Bonnie: Bitter?
[42] Jessica: Yeah.
[42] Bonnie: Okay.
[42] Jessica: I want to add some sugar in this... Can I ask the robot?
[47] Jessica: So I finally I have my phone Okay.
[47] Bonnie: I think I should make up.
[47] Jessica: Now?
[47] Bonnie: Where we should going?
[48] Jessica: We are going outside tonight Emm... we're having some plans.
[51] Jessica: You even quit gaming
[51] Bonnie: Yeah
[51] Jessica: Unbelievable
[51] Jessica: Dear I have some baseball cap if you want.
[52] Jessica: I can give you some of those.
[52] Bonnie: Okay I want a one.
[52] Jessica: Do you want some baseball cap?
[53] Bonnie: I will have a try.
[53] Bonnie: So I think this one is gonna be a perfect one dress.
[53] Jessica: Oh yeah.
[53] Bonnie: Oh you're so cool.
[53] Jessica: Good on you too.
[57] Jessica: I want to eat some seafood Oh.
[57] Bonnie: But I'm allergic to seafood
[57] Jessica: Ah.
[57] Jessica: How about you Andrew?
[57] Andrew: I'm also allergic
[57] Bonnie: Hey Robot give me a list of delicacies.
[58] Bonnie: Thank you robot
[58] Jessica: Oh.
[58] Jessica: Look at this food.
[58] Jessica: Ah yummy.
[58] Bonnie: It's already ten o'clock I should hurriedly continued putting on makeup.
[58] Jessica: Ah yes yes.
[58] Andrew: Let me see. Emm... wow.
[58] Bonnie: Oh and we should dress some clothes?
[58] Jessica: Yeah yeah.
[58] Jessica: Yeah we should dress up we should change right.
[59] Bonnie: Hey Robot take out all the clothes and dress from the wardrobe.
[61] Andrew: No.
[61] Bonnie: You want this clothes?
[61] Jessica: Ah really nice yes.
[61] Jessica: I want to wear something like this...
[61] Bonnie: Yeah so how about you Andrew?
[62] Bonnie: And I think you should pick a dress a skirt...
[62] Bonnie: This is a suit for you
[62] Jessica: Ah yes.
[62] Jessica: This college skirt...
[62] Bonnie: Yeah this will be very nice with you yeah ah.
[62] Bonnie: But what should I wear?
[62] Bonnie: You think?
[62] Jessica: What about the white dress?
[62] Jessica: Black dress...
[62] Bonnie: White long dress?
[63] Jessica: I will bring gifts for you.
[63] Jessica: Here you are Bonnie.
[63] Jessica: I take it baby.
[63] Bonnie: Oh I want to try...
[63] Bonnie: I like it yeah.
[64] Jessica: I think It's better you put the cap on.
[64] Bonnie: That's Okay.
[64] Jessica: If you want you can use this one.
[65] Bonnie: Nice with white.
[65] Jessica: But both of the colors is...
[65] Bonnie: Okay let's change clothes.
[65] Jessica: Okay let's change.
[65] Jessica: Wow Jessica.
[65] Bonnie: You are so beautiful.
[65] Jessica: Oh thank you.
[65] Jessica: So I love you too yeah.
[65] Bonnie: So let's go.
[66] Jessica: Yes I am ready, but how about Andrew?
[66] Jessica: Are you ready?
[66] Bonnie: Are you ready?
[66] Andrew: Oh wow.

Conversation 7: The participants exchange brief thanks and decide to end the conversation. They collectively agree to leave, concluding with farewells.
[68] Bonnie: Okay thank you.
[68] Jessica: Thank you...
[68] Bonnie: Let's go bye bye.
[68] Andrew: Bye bye.

[Step 2] Evaluating semantic answer...
Action: [Answer]
Content: Yes, Jessica is willing to share.
FINAL ANSWER (from graph):
Yes, Jessica is willing to share.
Question: How many times did Bonnie play music?

[Step 1] Searching the graph...
Parse Query Output:
{
  "query_triple": ["<Bonnie>", "plays", "music", 0.95, 0.3, 0.6],
  "spatial_constraint": null,
  "speaker_strict": null,
  "allocation": {
    "k_high_level": 5,
    "k_low_level": 40,
    "k_conversations": 5,
    "total_k": 50,
    "reasoning": "Counting action occurrences requires scanning specific action/state edges; minimal need for high-level traits and conversations."
  }
}

Graph Search Results:
**High-Level Information (Character Attributes and Relationships): **

Character Relationships:
- robot assists Bonnie (90)
- Bonnie directs robot (85)
- Jessica friends with Bonnie (90)
- Bonnie cooperates with Jessica (85)
- Bonnie friends with Jessica (85)

**Low-Level Information (Actions and Events): **

[1] Bonnie exclaims at time. (bedroom)
[1] Bonnie turns to face camera. (bedroom)
[2] Bonnie looks around room. (bedroom)
[3] Bonnie places smartphone. (bedroom and kitchen)
[3] Bonnie faces camera. (bedroom and kitchen)
[14] Bonnie taps on phone. (bedroom)
[14] Bonnie uses phone. (bedroom)
[16] Bonnie places bottle. (bathroom)
[19] Bonnie prepares item. (apartment kitchen)
[20] Bonnie pours content. (kitchen)
[20] Bonnie prepares drink. (kitchen)
[21] Bonnie places glass. (kitchen)
[23] Bonnie places glass. (kitchen)
[23] Bonnie adjusts glass. (kitchen)
[24] Bonnie holds phone. (kitchen)
[24] Bonnie operates machine. (kitchen)
[24] Bonnie checks machine. (kitchen)
[25] coffee moves to Bonnie. (kitchen to bedroom)
[27] Bonnie holds phone. (bedroom)
[27] Bonnie holds box. (bedroom)
[28] Bonnie shows Jessica. (bedroom)
[28] Bonnie acknowledges okay. (bedroom)
[31] Bonnie offers to make coffee. (bedroom)
[41] Bonnie offers help. (bedroom)
[42] Bonnie holds glass. (bedroom)
[43] Bonnie looks at phone. (bedroom)
[45] Bonnie scrolls on phone. (bedroom)
[47] Bonnie tidies item. (bedroom)
[47] Bonnie searches through item. (bedroom)
[51] Bonnie hands phone. (bedroom)
[54] Bonnie faces others. (bedroom)
[57] Bonnie faces group. (bedroom)
[58] Bonnie reaches forward toward camera. (bedroom)
[58] Bonnie receives paper. (bedroom)
[58] Bonnie mentions time. (bedroom)
[61] Bonnie walks past camera. (bedroom)
[62] Bonnie points at clothes. (bedroom)
[62] Jessica shows Bonnie. (bedroom)
[63] Bonnie faces mirror. (bedroom)
[64] Jessica shows Bonnie. (bedroom)

**Conversations: **

Conversation 5: Bonnie and Jessica chat about their day, including Bonnie’s heavy workload and finishing a final paper. They discuss David’s birthday gifts (a tennis racket from Bonnie and a surprise from Jessica), enjoy music together, and plan to have coffee. Jessica expresses anger toward someone named Andrew, and Bonnie tries to calm her. Bonnie then asks a robot to make coffee for Jessica.
[29] Jessica: He would like it.
[29] Jessica: We can make coffee...
[29] Bonnie: I want to listen to some music.
[29] Jessica: Oh that's good we can listen yeah.
[29] Jessica: Oh what a shiny day.
[29] Jessica: Now what a nice shirt...
[29] Jessica: It's really nice on you.
[30] Bonnie: Emm... do you want to play some music?
[30] Jessica: Yeah.
[30] Bonnie: Haha.
[30] Bonnie: Have you ever listened to this music?
[30] Jessica: Do you like them?
[30] Bonnie: Yeah I love it.

Conversation 2: Bonnie mentions listening to music, wanting to stretch, and washing her hands, then realizes she forgot her facial cleanser and asks a robot to provide it. The robot agrees to fulfill the request. The interaction centers on personal care tasks and a simple assistance from the robot.
[14] Bonnie: Okay...
[14] Bonnie: Listen to some music...
[14] Bonnie: I need some stretch...
[15] Bonnie: Wash my hand.

Conversation 6: Jessica, Bonnie, and Andrew chat over coffee while preparing to go out. Jessica loses her phone but eventually finds it at home after Bonnie remembers using it for a takeout call. They decide on outfits and accessories, use a robot to fetch items and tidy up, and choose to avoid seafood due to allergies before heading out together.
[56] Jessica: There is more Andrew...
[56] Andrew: There is more?
[56] Bonnie: Yes.
[56] Jessica: You couldn't find my gift yet.
[56] Jessica: Find it search...

[Step 2] Evaluating semantic answer...
Action: [Answer]
Content: Once.
FINAL ANSWER (from graph):
Once.
Question: Where should the robot get the coffee beans?

[Step 1] Searching the graph...
Parse Query Output:
{
  "query_triple": ["<robot>", "should get", "coffee beans", 0.9, 0.25, 0.7],
  "spatial_constraint": null,
  "speaker_strict": null,
  "allocation": {
    "k_high_level": 5,
    "k_low_level": 38,
    "k_conversations": 7,
    "total_k": 50,
    "reasoning": "Spatial/action guidance query about where to obtain an object; prioritize low-level edges for locations of coffee beans or actions involving them, with minimal high-level and some conversations for instructions."
  }
}

Graph Search Results:
**High-Level Information (Character Attributes and Relationships): **

Character Attributes:
- robot is: black gloves (100), camera holder (100)

Character Relationships:
- robot assists Bonnie (90)
- Bonnie directs robot (85)
- robot assists/serves Bonnie (95)

**Low-Level Information (Actions and Events): **

[7] robot adjusts framing to include espresso machine on the left. (kitchen)
[25] robot picks up glass of coffee. (kitchen to bedroom)
[25] robot carries coffee. (kitchen to bedroom)
[25] robot hands coffee. (kitchen to bedroom)
[31] robot makes coffee. (bedroom)
[32] robot takes black grinder container. (kitchen)
[32] robot places black grinder container. (kitchen)
[32] robot takes silver coffee can. (kitchen)
[32] robot sets silver coffee can. (kitchen)
[32] robot prepares grinder. (kitchen)
[32] robot opens top grinder. (kitchen)
[32] robot holds open coffee can. (kitchen)
[33] robot holds near metal coffee canister. (kitchen)
[33] robot tilts toward coffee canister. (kitchen)
[33] robot pours into coffee bean. (kitchen)
[33] robot guides into remaining bean. (kitchen)
[33] robot returns to coffee canister. (kitchen)
[33] robot reaches for grinder. (kitchen)
[33] robot places on grinder top. (kitchen)
[33] robot presses grinder button. (kitchen)
[33] robot watches grinder. (kitchen)
[35] robot presses button on black grinder. (kitchen)
[35] robot lifts off black grinder. (kitchen)
[35] robot carries toward black grinder. (kitchen)
[35] robot twists off lower container black grinder. (kitchen)
[35] robot pours ground coffee. (kitchen)
[35] robot places under portafilter. (kitchen)
[35] robot adjusts espresso machine knob. (kitchen)
[35] robot tilts to receive grounds from portafilter. (kitchen)
[35] robot walks with portafilter. (kitchen)
[35] robot rinses under running water portafilter basket. (kitchen)
[38] robot stands in front of espresso machine. (kitchen)
[38] robot turns espresso machine’s central dial. (kitchen)
[38] robot adjusts portafilter handle. (kitchen)
[38] robot pours into glass tumbler coffee. (kitchen)
[38] robot carries glass of coffee. (kitchen)
[39] robot holds glass of coffee. (bedroom)
[39] robot places coffee glass. (bedroom)

**Conversations: **

Conversation 3: The brief exchange centers on timing and making coffee. The robot indicates it's an appropriate time to make coffee, and Bonnie agrees to proceed.
[18] Bonnie: So what time?
[18] robot: Now you can go make coffee.
[19] Bonnie: Okay make coffee.

Conversation 6: Jessica, Bonnie, and Andrew chat over coffee while preparing to go out. Jessica loses her phone but eventually finds it at home after Bonnie remembers using it for a takeout call. They decide on outfits and accessories, use a robot to fetch items and tidy up, and choose to avoid seafood due to allergies before heading out together.
[42] Jessica: Yeah.
[42] Bonnie: Okay.
[42] Jessica: I want to add some sugar in this... Can I ask the robot?
[42] Bonnie: Yeah yeah.
[42] Jessica: Robot can you please bring me some sugar...
[42] Jessica: Can you please add some sugar in my coffee?
[42] robot: Okay.
[43] Jessica: Oh thank you robot.
[43] Jessica: This coffee was a little bitter for me now I need to add some sugar.
[48] Bonnie: I want the brown eye pencil.
[48] Bonnie: But my eyebrow eye pencil is just used up.
[48] Jessica: Okay robot can you bring my eyebrows pencil box from my room?
[49] Jessica: Thank you robot.
[49] Bonnie: Wow you have so many eyebrow pencils.

Conversation 5: Bonnie and Jessica chat about their day, including Bonnie’s heavy workload and finishing a final paper. They discuss David’s birthday gifts (a tennis racket from Bonnie and a surprise from Jessica), enjoy music together, and plan to have coffee. Jessica expresses anger toward someone named Andrew, and Bonnie tries to calm her. Bonnie then asks a robot to make coffee for Jessica.
[31] Bonnie: Hey Robot.
[31] Bonnie: Make a coffee for Jessica.
[31] robot: Okay.

Conversation 1: Bonnie checks the time with the robot and realizes she has plans to go shopping with Andrew and Jessica. She instructs the robot to place Andrew’s birthday gift beside the bed. Later, Bonnie asks the robot to fry an egg and set a reminder to make coffee in five minutes.
[1] Bonnie: Okay well firstly Hey Robot.
[2] Bonnie: Put the birthday gift for Andrew beside the bed.
[2] robot: Ok.
[2] Bonnie: Well where is my phone?
[2] Bonnie: Here.

[Step 2] Evaluating semantic answer...
Action: [Answer]
Content: From the silver coffee can in the kitchen.
FINAL ANSWER (from graph):
From the silver coffee can in the kitchen.
Question: Who took Jessica's mobile phone actually?

[Step 1] Searching the graph...
Parse Query Output:
{
  "query_triple": ["<Jessica>", "mobile phone is taken by", "?", 0.95, 0.3, 0.2],
  "spatial_constraint": null,
  "speaker_strict": null,
  "allocation": {
    "k_high_level": 6,
    "k_low_level": 38,
    "k_conversations": 6,
    "total_k": 50,
    "reasoning": "Action/actor identification query; emphasize low-level edges to track who took the phone. Some high-level edges may reveal ownership or relationships; a small portion of conversations may include admissions or clarifications ('actually')."
  }
}

Graph Search Results:
**High-Level Information (Character Attributes and Relationships): **

Character Attributes:
- Jessica is: slim (100), female (100), blue oversized shirt (100), dark skirt (100), gray baseball cap (100), long straight brown hair (100)

**Low-Level Information (Actions and Events): **

[27] Jessica moves across room. (bedroom)
[28] Jessica asks about location of gift. (bedroom)
[30] Jessica looks at <Jessica>'s phone. (bedroom)
[31] Bonnie looks at Jessica. (bedroom)
[39] Jessica takes glass. (bedroom)
[40] Jessica looks at Bonnie. (bedroom)
[41] Jessica looks at Bonnie. (bedroom)
[42] Jessica calls to robot. (bedroom)
[43] Jessica takes small lidded sugar jar. (bedroom)
[43] Jessica takes from robot. (bedroom)
[43] Jessica grabs glass of coffee. (bedroom)
[43] Jessica grabs from side table. (bedroom)
[47] Jessica looks at phone. (bedroom)
[49] Jessica looks at Bonnie. (bedroom)
[51] Jessica looks at Jessica's phone. (bedroom)
[51] Andrew looks at Jessica. (bedroom)
[52] Jessica looks at Bonnie. (bedroom)
[53] Jessica looks at Jessica's tablet. (bedroom)
[53] Jessica receives cap. (bedroom)
[53] Jessica receives from robot. (bedroom)
[53] Jessica hands brown cap. (bedroom)
[53] Jessica hands to Bonnie. (bedroom)
[54] Jessica looks at Bonnie. (bedroom)
[55] Jessica looks at Andrew. (bedroom)
[55] Jessica watches Andrew. (bedroom)
[57] Jessica looks at Jessica's tablet. (bedroom)
[57] Jessica looks at both. (bedroom)
[57] Jessica looks at Jessica's phone. (bedroom)
[58] Jessica looks at paper. (bedroom)
[61] Jessica watches Andrew. (bedroom)
[61] Jessica looks at black garment. (bedroom)
[62] Bonnie watches Jessica. (bedroom)
[62] Jessica looks at blue top. (bedroom)
[63] Jessica hands white dress. (bedroom)
[64] Jessica watches Bonnie. (bedroom)
[64] Jessica picks up dark cap. (bedroom)
[65] Jessica hands toward Bonnie. (bedroom)
[65] Jessica hands dark cap. (bedroom)

**Conversations: **

Conversation 6: Jessica, Bonnie, and Andrew chat over coffee while preparing to go out. Jessica loses her phone but eventually finds it at home after Bonnie remembers using it for a takeout call. They decide on outfits and accessories, use a robot to fetch items and tidy up, and choose to avoid seafood due to allergies before heading out together.
[39] Bonnie: Why what happened?
[39] Jessica: You know what happened this Andrew guy.
[39] Jessica: Lost my phone.
[39] Jessica: Well I searching for it for a long time.
[39] Jessica: But I cannot find it anywhere.
[40] Jessica: So I should to find it Oh yeah.
[41] Bonnie: I will help you.
[41] Jessica: It's a hard time for me without my phone.
[41] Jessica: You know these are things you needed every time.
[41] Jessica: Every moment if you want to go out if you want to stay.
[44] Jessica: Isn't it so early.
[44] Andrew: I don't know I thought right away.
[44] Jessica: Where is my phone.
[44] Andrew: What do you mean where is your phone.
[44] Andrew: I don't know where your phone is Oh.
[45] Jessica: Okay let me find it I think it was you that thing.
[45] Jessica: I couldn't remember it wrong.
[45] Jessica: Where is my phone Andrew.
[45] Andrew: That's funny.
[45] Andrew: Because she took your phone...
[46] Andrew: See I told you.
[46] Jessica: I'm happy now.
[46] Jessica: I just find my phone.
[47] Bonnie: Sorry I remember.
[47] Bonnie: That Oh I use your phone to call for a takeout yesterday.
[47] Jessica: Uh don't be you didn't deal you didn't do on purpose.
[47] Bonnie: Sorry...
[47] Jessica: So I finally I have my phone Okay.
[47] Bonnie: I think I should make up.
[47] Jessica: Now?

[Step 2] Evaluating semantic answer...
Action: [Answer]
Content: Bonnie took Jessica’s mobile phone.
FINAL ANSWER (from graph):
Bonnie took Jessica’s mobile phone.
Question: What color of the baseball cap will Bonnie choose?

[Step 1] Searching the graph...
Parse Query Output:
{
  "query_triple": ["<Bonnie>", "chooses color of", "baseball cap", 0.95, 0.3, 0.6],
  "spatial_constraint": null,
  "speaker_strict": null,
  "allocation": {
    "k_high_level": 5,
    "k_low_level": 35,
    "k_conversations": 10,
    "total_k": 50,
    "reasoning": "Action/state with object attribute (color choice). Prioritize low-level edges to find selection actions and object states; include some conversations for explicit verbal choice; minimal high-level since traits/relationships are less relevant."
  }
}

Graph Search Results:
**High-Level Information (Character Attributes and Relationships): **

Character Attributes:
- Bonnie is: black pants (100)

Character Relationships:
- Bonnie directs robot (85)
- robot assists Bonnie (90)
- Jessica friends with Bonnie (90)
- Bonnie cooperates with Jessica (85)

**Low-Level Information (Actions and Events): **

[16] Bonnie holds bottle. (bathroom)
[16] Bonnie places bottle. (bathroom)
[18] Bonnie picks up spray bottle. (bedroom)
[20] Bonnie picks up black container. (kitchen)
[20] Bonnie places small cup. (kitchen)
[20] Bonnie adjusts knob. (kitchen)
[20] Bonnie watches small cup. (kitchen)
[20] Bonnie sets down next to small cup. (kitchen)
[21] Bonnie holds small cup. (kitchen)
[21] Bonnie picks up container. (kitchen)
[24] Bonnie places small cup. (kitchen)
[24] Bonnie moves cup. (kitchen)
[24] Bonnie picks up container. (kitchen)
[24] Bonnie arranges cup. (kitchen)
[41] Bonnie drinks from cup. (bedroom)
[41] cup is of Bonnie. (bedroom)
[53] Bonnie points to brown cap. (bedroom)
[53] Bonnie tries on brown cap. (bedroom)
[53] Bonnie adjusts brown cap. (bedroom)
[54] Bonnie asks for scarf. (bedroom)
[54] scarf is to Bonnie. (bedroom)
[54] Bonnie offers scarf. (bedroom)
[54] Bonnie states preference for black scarf. (bedroom)
[55] Bonnie offers scarf. (bedroom)
[60] Bonnie gestures toward clothing. (bedroom)
[61] Bonnie holds blue shirt. (bedroom)
[61] Bonnie shows blue shirt. (bedroom)
[62] Bonnie points at clothes. (bedroom)
[64] Bonnie looks at white blouse. (bedroom)
[64] Bonnie hangs white blouse. (bedroom)
[64] Bonnie removes Bonnie's orange cap. (bedroom)
[64] Bonnie hands orange cap. (bedroom)
[65] Bonnie holds orange cap. (bedroom)
[65] Bonnie accepts dark cap. (bedroom)
[65] Bonnie wears Bonnie's orange baseball cap. (bedroom)

**Conversations: **

Conversation 6: Jessica, Bonnie, and Andrew chat over coffee while preparing to go out. Jessica loses her phone but eventually finds it at home after Bonnie remembers using it for a takeout call. They decide on outfits and accessories, use a robot to fetch items and tidy up, and choose to avoid seafood due to allergies before heading out together.
[49] Jessica: I like to buy some, yeah.
[50] Jessica: I like to buy some yeah.
[50] Bonnie: I want the brown one because I like brown.
[50] Jessica: So you can use the black or brown.
[50] Jessica: I have both of them.
[50] Bonnie: Yeah it's okay.
[50] Jessica: Do whatever you want.
[50] Bonnie: Oh I wanna maybe try black one.
[50] Jessica: Yes maybe this time will be nice.
[50] Andrew: I'm getting bored.
[52] Jessica: I can give you some of those.
[52] Bonnie: Okay I want a one.
[52] Jessica: Do you want some baseball cap?
[52] Jessica: Robot.
[52] Jessica: Can you please bring my baseball cap from my closet in my room.
[53] Jessica: Okay thank you for the robot.
[53] Bonnie: I want a brown one.
[53] Jessica: Brown one for you.
[53] Bonnie: I will have a try.
[54] Bonnie: Do you like scarves?
[54] Bonnie: Hey Robot give me the scarves from the room.
[54] Bonnie: Thank you. I’ll choose one maybe...
[54] Bonnie: I like black one. Okay.
[54] Bonnie: You can try it on...
[55] Andrew: What what about my gift?
[60] Bonnie: Okay Jessica.
[60] Bonnie: Our types are familiar.
[60] Bonnie: So we can choose one cloth to wear it.
[60] Jessica: Ah I like blue.
[60] Jessica: Do you have some blue like a blue?
[62] Jessica: This college skirt...
[62] Bonnie: Yeah this will be very nice with you yeah ah.
[62] Bonnie: But what should I wear?
[62] Bonnie: You think?
[62] Jessica: What about the white dress?
[62] Jessica: Black dress...
[62] Bonnie: White long dress?
[62] Bonnie: You have a white dress?
[62] Bonnie: I've made in that room?
[64] Bonnie: That's Okay.
[64] Jessica: If you want you can use this one.
[65] Bonnie: Nice with white.
[65] Jessica: But both of the colors is...
[65] Bonnie: Okay thank you.

[Step 2] Evaluating semantic answer...
Action: [Answer]
Content: Bonnie will choose a brown baseball cap.
FINAL ANSWER (from graph):
Bonnie will choose a brown baseball cap.
Question: What color of the scarf will Jessica choose?

[Step 1] Searching the graph...
Parse Query Output:
{
  "query_triple": ["<Jessica>", "chooses color of", "scarf", 0.95, 0.3, 0.6],
  "spatial_constraint": null,
  "speaker_strict": null,
  "allocation": {
    "k_high_level": 5,
    "k_low_level": 37,
    "k_conversations": 8,
    "total_k": 50,
    "reasoning": "Action/state query focused on a specific choice; prioritize low-level edges to find scenes where Jessica selects or references scarf colors. Include some conversations for explicit statements, and minimal high-level edges for any trait or preference hints."
  }
}

Graph Search Results:
**High-Level Information (Character Attributes and Relationships): **

Character Attributes:
- Jessica is: dark skirt (100)

Character Relationships:
- Jessica friends with Bonnie (90)
- Bonnie cooperates with Jessica (85)
- Bonnie friends with Jessica (85)
- Bonnie is friend with Jessica (95)

**Low-Level Information (Actions and Events): **

[28] Jessica asks about location of gift. (bedroom)
[31] Jessica stands near wardrobe. (bedroom)
[43] Jessica places down on bedspread. (bedroom)
[52] Jessica requests to bring baseball cap. (bedroom)
[53] Jessica receives cap. (bedroom)
[53] Jessica shows cap. (bedroom)
[53] Jessica tries on blue cap. (bedroom)
[53] Jessica adjusts Jessica's cap. (bedroom)
[54] scarf is to Jessica. (bedroom)
[54] Bonnie asks to choose Jessica. (bedroom)
[54] Jessica examines scarf. (bedroom)
[54] Jessica holds out black scarf. (bedroom)
[54] Jessica lifts black scarf. (bedroom)
[54] Jessica moves toward neck black scarf. (bedroom)
[54] Jessica tries on black scarf. (bedroom)
[55] Jessica adjusts black vest scarf around Jessica's neck. (bedroom)
[55] scarf is to Jessica. (bedroom)
[55] Jessica tries scarf. (bedroom)
[55] Jessica continues arranging scarf. (bedroom)
[55] Jessica keeps testing scarf. (bedroom)
[55] Jessica likes scarf. (bedroom)
[55] Jessica handles scarf. (bedroom)
[55] Jessica holds scarf. (bedroom)
[55] Jessica sets scarf. (bedroom)
[58] Jessica looks at paper. (bedroom)
[60] Jessica looks toward shirt. (bedroom)
[60] Jessica touches plaid shirt. (bedroom)
[61] Jessica looks at black garment. (bedroom)
[62] Jessica evaluates skirt. (bedroom)
[62] Jessica places skirt. (bedroom)
[62] Jessica continues sorting clothes. (bedroom)
[64] Jessica stands beside wardrobe. (bedroom)
[64] Jessica picks up dark cap. (bedroom)
[65] Jessica picks garment. (bedroom)
[65] Jessica wears blue shirt. (bedroom)
[65] Jessica wears skirt. (bedroom)
[65] Jessica adjusts gray cap. (bedroom)

**Conversations: **

Conversation 6: Jessica, Bonnie, and Andrew chat over coffee while preparing to go out. Jessica loses her phone but eventually finds it at home after Bonnie remembers using it for a takeout call. They decide on outfits and accessories, use a robot to fetch items and tidy up, and choose to avoid seafood due to allergies before heading out together.
[50] Jessica: I like to buy some yeah.
[50] Bonnie: I want the brown one because I like brown.
[50] Jessica: So you can use the black or brown.
[50] Jessica: I have both of them.
[50] Bonnie: Yeah it's okay.
[53] Jessica: Okay thank you for the robot.
[53] Bonnie: I want a brown one.
[53] Jessica: Brown one for you.
[53] Bonnie: I will have a try.
[53] Bonnie: So I think this one is gonna be a perfect one dress.
[60] Bonnie: Our types are familiar.
[60] Bonnie: So we can choose one cloth to wear it.
[60] Jessica: Ah I like blue.
[60] Jessica: Do you have some blue like a blue?
[61] Bonnie: Maybe...
[61] Jessica: Top or something like oh lace.
[61] Bonnie: You want this clothes?
[61] Jessica: Ah really nice yes.
[61] Jessica: I want to wear something like this...
[61] Bonnie: Yeah so how about you Andrew?
[61] Andrew: I think...
[62] Bonnie: But what should I wear?
[62] Bonnie: You think?
[62] Jessica: What about the white dress?
[62] Jessica: Black dress...
[62] Bonnie: White long dress?
[62] Bonnie: You have a white dress?
[64] Jessica: If you want you can use this one.
[65] Bonnie: Nice with white.
[65] Jessica: But both of the colors is...
[65] Bonnie: Okay thank you.
[65] Jessica: You're welcome honey.

[Step 2] Evaluating semantic answer...
Action: [Answer]
Content: Jessica chooses a black scarf.
FINAL ANSWER (from graph):
Jessica chooses a black scarf.
Question: Where would Andrew find the gift Bonnie prepared for him?

[Step 1] Searching the graph...
Parse Query Output:
{
  "query_triple": ["<Andrew>", "finds", "gift#Bonnie", 0.95, 0.3, 0.85],
  "spatial_constraint": null,
  "speaker_strict": null,
  "allocation": {
    "k_high_level": 6,
    "k_low_level": 34,
    "k_conversations": 10,
    "total_k": 50,
    "reasoning": "Location-oriented action query about where an object prepared by Bonnie is placed; prioritize low-level edges for object location and placement actions, keep some conversations for mentions like 'I left your gift ...', and a few high-level edges for character context."
  }
}

Graph Search Results:
**High-Level Information (Character Attributes and Relationships): **

Character Relationships:
- Andrew feels comfortable joking with Bonnie (80)
- Bonnie cordial rapport with Andrew (80)
- Andrew has friendly rapport with Bonnie (85)
- Andrew cooperates with Bonnie (75)
- Bonnie trusts enough to share personal item with Andrew (70)
- Andrew temporarily holds more initiative than Bonnie (60)

**Low-Level Information (Actions and Events): **

[45] Andrew points toward Bonnie. (bedroom)
[45] Bonnie looks toward Andrew. (bedroom)
[45] Jessica asks Andrew. (bedroom)
[45] Andrew indicates Bonnie. (bedroom)
[50] Andrew asks for <Bonnie>'s phone. (bedroom)
[50] Bonnie hands across to Andrew. (bedroom)
[50] Andrew examines for <Bonnie>'s phone. (bedroom)
[50] Andrew searches for game. (bedroom)
[51] Bonnie hands toward Andrew. (bedroom)
[51] Andrew takes from Bonnie. (bedroom)
[51] Andrew watches Bonnie. (bedroom)
[51] Bonnie speaks to Andrew. (bedroom)
[51] Andrew reacts to Bonnie's word. (bedroom)
[51] Andrew looks at Jessica. (bedroom)
[55] Andrew gestures toward Bonnie. (bedroom)
[55] Jessica looks at Andrew. (bedroom)
[55] Andrew looks under blanket. (bedroom)
[55] Andrew finds Yonex racket bag. (bedroom)
[56] Bonnie faces Andrew. (bedroom)
[56] Andrew asks Jessica. (bedroom)
[56] Andrew looks at Bonnie. (bedroom)
[56] Bonnie confirms to Andrew. (bedroom)
[56] Andrew searches for gift. (bedroom)
[56] Andrew finds small boxed item. (bedroom)
[56] Andrew says he loves gift. (bedroom)
[56] Andrew walks toward Bonnie. (bedroom)
[56] Andrew thanks Bonnie. (bedroom)
[56] Andrew hugs Bonnie. (bedroom)
[57] Andrew leans toward Bonnie. (bedroom)
[57] Andrew hugs briefly Bonnie. (bedroom)
[61] Andrew picks up black garment. (bedroom)
[66] Andrew reacts to seeing Bonnie. (bedroom)
[66] Bonnie compliments Andrew. (bedroom)
[68] Andrew follows Jessica. (apartment bedroom and hallway)

**Conversations: **

Conversation 1: Bonnie checks the time with the robot and realizes she has plans to go shopping with Andrew and Jessica. She instructs the robot to place Andrew’s birthday gift beside the bed. Later, Bonnie asks the robot to fry an egg and set a reminder to make coffee in five minutes.
[1] robot: It is now eight thirty am.
[1] Bonnie: Oh it is eight thirty! Oh shit...
[1] Bonnie: I'm supposed to go shopping with Andrew and Jessica.
[1] Bonnie: Okay well firstly Hey Robot.
[2] Bonnie: Put the birthday gift for Andrew beside the bed.
[2] robot: Ok.
[2] Bonnie: Well where is my phone?

Conversation 6: Jessica, Bonnie, and Andrew chat over coffee while preparing to go out. Jessica loses her phone but eventually finds it at home after Bonnie remembers using it for a takeout call. They decide on outfits and accessories, use a robot to fetch items and tidy up, and choose to avoid seafood due to allergies before heading out together.
[54] Bonnie: I like black one. Okay.
[54] Bonnie: You can try it on...
[55] Andrew: What what about my gift?
[55] Andrew: Everybody has a gift.
[55] Jessica: You have a gift too.
[61] Jessica: Ah really nice yes.
[61] Jessica: I want to wear something like this...
[61] Bonnie: Yeah so how about you Andrew?
[61] Andrew: I think...
[61] Bonnie: Do you want to get pretty?
[66] Bonnie: Are you ready?
[66] Andrew: Oh wow.
[66] Bonnie: Okay Andrew: You look very beautiful.
[66] Bonnie: Oh let's go.
[66] Andrew: Maybe we should tidy up the clothes.

Conversation 5: Bonnie and Jessica chat about their day, including Bonnie’s heavy workload and finishing a final paper. They discuss David’s birthday gifts (a tennis racket from Bonnie and a surprise from Jessica), enjoy music together, and plan to have coffee. Jessica expresses anger toward someone named Andrew, and Bonnie tries to calm her. Bonnie then asks a robot to make coffee for Jessica.
[27] Jessica: Oh my god I can see...
[27] Jessica: Okay.
[27] Bonnie: You find what?
[27] Jessica: I'm searching here.
[27] Bonnie: Yeah you know today.
[27] Bonnie: Is David's birthday right?
[27] Bonnie: I bought a gift for him. Oh.
[28] Bonnie: I bought a gift for him.
[28] Jessica: Oh where is it.
[28] Bonnie: You can find it.
[28] Jessica: I see yes. It's right away.
[28] Bonnie: Yeah it is there yeah.
[28] Jessica: It's a... It's a surprise we'll see.
[28] Bonnie: Okay.
[28] Bonnie: He would like it
[28] Jessica: He would like it ...
[29] Bonnie: He would like it.

[Step 2] Evaluating semantic answer...
Action: [Answer]
Content: Beside the bed.
FINAL ANSWER (from graph):
Beside the bed.
Question: Where will Andrew find the gift that Jessica hid?

[Step 1] Searching the graph...
Parse Query Output:
{
  "query_triple": ["<Andrew>", "finds", "gift", 0.95, 0.3, 0.6],
  "spatial_constraint": null,
  "speaker_strict": null,
  "allocation": {
    "k_high_level": 5,
    "k_low_level": 35,
    "k_conversations": 10,
    "total_k": 50,
    "reasoning": "Spatial/action query about where Andrew will find a specific gift hidden by Jessica. Prioritize low-level edges to trace hiding location and Andrew's search actions. Include some conversations for hints (Jessica mentioning where she hid it). Minimal high-level for character context."
  }
}

Graph Search Results:
**High-Level Information (Character Attributes and Relationships): **

Character Relationships:
- Jessica friends with Andrew (80)
- Andrew feels comfortable joking with Jessica (80)
- Andrew feels comfortable joking with Bonnie (80)
- Jessica is friend with Andrew (85)
- Bonnie cordial rapport with Andrew (80)

**Low-Level Information (Actions and Events): **

[44] Andrew enters room. (bedroom)
[45] Andrew stands near window. (bedroom)
[45] Andrew faces others. (bedroom)
[45] Jessica asks Andrew. (bedroom)
[47] Andrew enters frame. (bedroom)
[47] Andrew stands near window. (bedroom)
[50] Andrew takes phone. (bedroom)
[50] Andrew receives phone. (bedroom)
[50] Andrew searches for game. (bedroom)
[51] Andrew takes phone. (bedroom)
[51] Andrew looks at Jessica. (bedroom)
[54] Andrew sits bed. (bedroom)
[55] Jessica looks at Andrew. (bedroom)
[55] Andrew wants to see item. (bedroom)
[55] Andrew looks under blanket. (bedroom)
[55] Andrew finds Yonex racket bag. (bedroom)
[56] Andrew stands by wardrobe. (bedroom)
[56] Jessica tells Andrew. (bedroom)
[56] Andrew asks Jessica. (bedroom)
[56] Andrew looks at Bonnie. (bedroom)
[56] Andrew searches around window. (bedroom)
[56] Andrew searches around bedside table. (bedroom)
[56] Andrew searches for gift. (bedroom)
[56] Andrew checks near lamp. (bedroom)
[56] Andrew looks inside wardrobe. (bedroom)
[56] Andrew finds small boxed item. (bedroom)
[56] Andrew says he loves gift. (bedroom)
[56] Andrew shows box. (bedroom)
[58] Andrew looks at paper. (bedroom)
[59] Andrew reads paper. (bedroom)
[61] Andrew picks up black garment. (bedroom)
[62] Andrew exits room. (bedroom)
[66] Andrew enters bedroom. (bedroom)
[68] Andrew stands near wardrobe. (apartment bedroom and hallway)
[68] Andrew follows Jessica. (apartment bedroom and hallway)

**Conversations: **

Conversation 6: Jessica, Bonnie, and Andrew chat over coffee while preparing to go out. Jessica loses her phone but eventually finds it at home after Bonnie remembers using it for a takeout call. They decide on outfits and accessories, use a robot to fetch items and tidy up, and choose to avoid seafood due to allergies before heading out together.
[39] Jessica: But you know Bonnie I'm so angry.
[39] Bonnie: Why what happened?
[39] Jessica: You know what happened this Andrew guy.
[39] Jessica: Lost my phone.
[39] Jessica: Well I searching for it for a long time.
[39] Jessica: But I cannot find it anywhere.
[40] Jessica: Yeah Andrew.
[40] Jessica: I search everywhere I seek everywhere the whole my place.
[40] Jessica: But I wouldn't find it that's why.
[45] Jessica: Okay let me find it I think it was you that thing.
[45] Jessica: I couldn't remember it wrong.
[45] Jessica: Where is my phone Andrew.
[45] Andrew: That's funny.
[45] Andrew: Because she took your phone...
[54] Bonnie: I like black one. Okay.
[54] Bonnie: You can try it on...
[55] Andrew: What what about my gift?
[55] Andrew: Everybody has a gift.
[55] Jessica: You have a gift too.
[55] Andrew: Aye, aye.
[55] Andrew: Hahaha I really like tennis racket...
[56] Jessica: There is more Andrew...
[56] Andrew: There is more?
[56] Bonnie: Yes.
[56] Jessica: You couldn't find my gift yet.
[56] Jessica: Find it search...
[56] Jessica: Search for it ah ah nope.
[56] Jessica: Nope no there Emm...
[57] Bonnie: But I'm allergic to seafood
[57] Jessica: Ah.
[57] Jessica: How about you Andrew?
[57] Andrew: I'm also allergic
[57] Jessica: Okay let's go.

Conversation 1: Bonnie checks the time with the robot and realizes she has plans to go shopping with Andrew and Jessica. She instructs the robot to place Andrew’s birthday gift beside the bed. Later, Bonnie asks the robot to fry an egg and set a reminder to make coffee in five minutes.
[1] Bonnie: I'm supposed to go shopping with Andrew and Jessica.
[1] Bonnie: Okay well firstly Hey Robot.
[2] Bonnie: Put the birthday gift for Andrew beside the bed.
[2] robot: Ok.
[2] Bonnie: Well where is my phone?

Conversation 5: Bonnie and Jessica chat about their day, including Bonnie’s heavy workload and finishing a final paper. They discuss David’s birthday gifts (a tennis racket from Bonnie and a surprise from Jessica), enjoy music together, and plan to have coffee. Jessica expresses anger toward someone named Andrew, and Bonnie tries to calm her. Bonnie then asks a robot to make coffee for Jessica.
[27] Bonnie: I bought a gift for him. Oh.
[28] Bonnie: I bought a gift for him.
[28] Jessica: Oh where is it.
[28] Bonnie: You can find it.
[28] Jessica: I see yes. It's right away.

[Step 2] Evaluating semantic answer...
Action: [Answer]
Content: In the bedroom, inside the wardrobe.
FINAL ANSWER (from graph):
In the bedroom, inside the wardrobe.
Question: What kind of clothes does Jessica like?

[Step 1] Searching the graph...
Parse Query Output:
{
  "query_triple": ["<Jessica>", "likes", "clothes", 0.95, 0.3, 0.6],
  "spatial_constraint": null,
  "speaker_strict": null,
  "allocation": {
    "k_high_level": 8,
    "k_low_level": 12,
    "k_conversations": 30,
    "total_k": 50,
    "reasoning": "Preference ('what kind of') likely expressed in dialogue; use conversations for stated likes, some high-level edges for traits/preferences, and a few low-level edges for observed choices."
  }
}

Graph Search Results:
**High-Level Information (Character Attributes and Relationships): **

Character Attributes:
- Jessica is: female (100), white socks (100)

Character Relationships:
- Jessica friends with Bonnie (90)
- Bonnie friends with Jessica (85)
- Bonnie cooperates with Jessica (85)
- Jessica friends with Andrew (80)
- Bonnie is friend with Jessica (95)
- Andrew feels comfortable joking with Jessica (80)

**Low-Level Information (Actions and Events): **

[31] Jessica stands near wardrobe. (bedroom)
[55] Jessica tries scarf. (bedroom)
[55] Jessica likes scarf. (bedroom)
[55] Jessica sets scarf. (bedroom)
[58] Jessica comments on food. (bedroom)
[60] Jessica looks toward shirt. (bedroom)
[61] Jessica looks at black garment. (bedroom)
[61] Jessica touches blue shirt. (bedroom)
[62] Jessica places skirt. (bedroom)
[62] Jessica continues sorting clothes. (bedroom)
[64] Jessica stands beside wardrobe. (bedroom)
[65] Jessica picks garment. (bedroom)

**Conversations: **

Conversation 6: Jessica, Bonnie, and Andrew chat over coffee while preparing to go out. Jessica loses her phone but eventually finds it at home after Bonnie remembers using it for a takeout call. They decide on outfits and accessories, use a robot to fetch items and tidy up, and choose to avoid seafood due to allergies before heading out together.
[39] Bonnie: The coffee bean of mine are so fragment you must try it.
[39] Jessica: I've had it many times It's really perfect It's good.
[39] Jessica: I like it
[39] Bonnie: Yeah.
[39] Jessica: But you know Bonnie I'm so angry.
[42] Jessica: It's a little bit uh bitter.
[42] Bonnie: Bitter?
[42] Jessica: Yeah.
[42] Bonnie: Okay.
[42] Jessica: I want to add some sugar in this... Can I ask the robot?
[49] Jessica: Thank you robot.
[49] Bonnie: Wow you have so many eyebrow pencils.
[49] Jessica: I like to buy some, yeah.
[50] Jessica: I like to buy some yeah.
[50] Bonnie: I want the brown one because I like brown.
[50] Jessica: So you can use the black or brown.
[50] Jessica: I have both of them.
[50] Bonnie: Yeah it's okay.
[50] Jessica: Do whatever you want.
[50] Bonnie: Oh I wanna maybe try black one.
[50] Jessica: Yes maybe this time will be nice.
[52] Jessica: I can give you some of those.
[52] Bonnie: Okay I want a one.
[52] Jessica: Do you want some baseball cap?
[52] Jessica: Robot.
[52] Jessica: Can you please bring my baseball cap from my closet in my room.
[58] Bonnie: Oh and we should dress some clothes?
[58] Jessica: Yeah yeah.
[58] Jessica: Yeah we should dress up we should change right.
[59] Bonnie: Hey Robot take out all the clothes and dress from the wardrobe.
[60] Bonnie: Okay Jessica.
[60] Bonnie: Our types are familiar.
[60] Bonnie: So we can choose one cloth to wear it.
[60] Jessica: Ah I like blue.
[60] Jessica: Do you have some blue like a blue?
[61] Bonnie: Maybe...
[61] Jessica: Top or something like oh lace.
[61] Bonnie: I can find one to you.
[61] Andrew: Yeah I like this too.
[61] Jessica: I think it's gonna be fit on you.
[61] Andrew: No.
[61] Bonnie: You want this clothes?
[61] Jessica: Ah really nice yes.
[61] Jessica: I want to wear something like this...
[61] Bonnie: Yeah so how about you Andrew?
[61] Andrew: I think...
[62] Bonnie: This is a suit for you
[62] Jessica: Ah yes.
[62] Jessica: This college skirt...
[62] Bonnie: Yeah this will be very nice with you yeah ah.
[62] Bonnie: But what should I wear?
[62] Bonnie: You think?
[62] Jessica: What about the white dress?
[62] Jessica: Black dress...
[62] Bonnie: White long dress?
[62] Bonnie: You have a white dress?
[65] Jessica: You're welcome honey.
[65] Bonnie: Okay let's change clothes.
[65] Jessica: Okay let's change.
[65] Jessica: Wow Jessica.
[65] Bonnie: You are so beautiful.
[65] Jessica: Oh thank you.
[65] Bonnie: So let's go.
[66] Jessica: Yes I am ready, but how about Andrew?
[66] Jessica: Are you ready?
[66] Bonnie: Are you ready?
[66] Andrew: Oh wow.

Conversation 5: Bonnie and Jessica chat about their day, including Bonnie’s heavy workload and finishing a final paper. They discuss David’s birthday gifts (a tennis racket from Bonnie and a surprise from Jessica), enjoy music together, and plan to have coffee. Jessica expresses anger toward someone named Andrew, and Bonnie tries to calm her. Bonnie then asks a robot to make coffee for Jessica.
[26] Bonnie: I miss you.
[26] Jessica: Miss you too Emm...
[26] Jessica: How are you today?
[26] Bonnie: I'm fine.
[27] Jessica: How was your day?
[27] Bonnie: Not bad I just have many work to do today...
[27] Jessica: Okay such as...
[27] Bonnie: I should finished my final paper.
[27] Bonnie: Yeah.
[28] Jessica: I see yes. It's right away.
[28] Bonnie: Yeah it is there yeah.
[28] Jessica: So what is it?
[28] Jessica: What did you bought for him.
[28] Bonnie: It is a tennis racket yeah.
[29] Jessica: Oh what a shiny day.
[29] Jessica: Today the weather is perfect?
[29] Jessica: Everything is nice.
[29] Jessica: I hope it goes perfect on today.
[29] Jessica: Now what a nice shirt...
[29] Jessica: It's really nice on you.
[30] Bonnie: Emm... do you want to play some music?
[30] Jessica: Yeah.
[30] Bonnie: Haha.
[30] Bonnie: Have you ever listened to this music?
[30] Jessica: Do you like them?
[30] Bonnie: Yeah I love it.
[30] Jessica: And I like...
[30] Bonnie: Midwest Emo music. Oh.
[30] Bonnie: I love it
[30] Bonnie: You are so happy?
[30] Jessica: Yes.
[30] Jessica: I do like this music.
[30] Bonnie: Emm... hahaha Okay.
[31] Jessica: Oh my god.

[Step 2] Evaluating semantic answer...
Action: [Answer]
Content: Jessica likes blue clothes.
FINAL ANSWER (from graph):
Jessica likes blue clothes.
✓ Updated results.json for bedroom_09 (12 questions)
✓ Cleaned up video and frames for bedroom_09

============================================================
Processing video: living_room_09
============================================================
Downloading 1 video(s) to data/videos...

Downloading living_room_09.mp4...
✓ Successfully downloaded living_room_09.mp4 to data/videos/living_room_09.mp4

============================================================
Download Summary:
  Successful: 1/1
============================================================

============================================================
[1/1] Processing: living_room_09
============================================================
Video: data/videos/living_room_09.mp4
Subtitles: data/subtitles/robot/living_room_09.srt
Output: data/frames/living_room_09
============================================================

Parsing subtitle file: data/subtitles/robot/living_room_09.srt
Found 424 subtitle entries
Video: 1280x720, 30.00 FPS, 64473 frames, 2149.10s duration

Extracting frames with subtitles...
Grouping frames into folders of 30 frames each
  Saved 10 frames (up to 9s, folder 1)
  Saved 20 frames (up to 19s, folder 1)
  Saved 30 frames (up to 29s, folder 1)
  Saved 40 frames (up to 39s, folder 2)
  Saved 50 frames (up to 49s, folder 2)
  Saved 60 frames (up to 59s, folder 2)
  Saved 70 frames (up to 69s, folder 3)
  Saved 80 frames (up to 79s, folder 3)
  Saved 90 frames (up to 89s, folder 3)
  Saved 100 frames (up to 99s, folder 4)
  Saved 110 frames (up to 109s, folder 4)
  Saved 120 frames (up to 119s, folder 4)
  Saved 130 frames (up to 129s, folder 5)
  Saved 140 frames (up to 139s, folder 5)
  Saved 150 frames (up to 149s, folder 5)
  Saved 160 frames (up to 159s, folder 6)
  Saved 170 frames (up to 169s, folder 6)
  Saved 180 frames (up to 179s, folder 6)
  Saved 190 frames (up to 189s, folder 7)
  Saved 200 frames (up to 199s, folder 7)
  Saved 210 frames (up to 209s, folder 7)
  Saved 220 frames (up to 219s, folder 8)
  Saved 230 frames (up to 229s, folder 8)
  Saved 240 frames (up to 239s, folder 8)
  Saved 250 frames (up to 249s, folder 9)
  Saved 260 frames (up to 259s, folder 9)
  Saved 270 frames (up to 269s, folder 9)
  Saved 280 frames (up to 279s, folder 10)
  Saved 290 frames (up to 289s, folder 10)
  Saved 300 frames (up to 299s, folder 10)
  Saved 310 frames (up to 309s, folder 11)
  Saved 320 frames (up to 319s, folder 11)
  Saved 330 frames (up to 329s, folder 11)
  Saved 340 frames (up to 339s, folder 12)
  Saved 350 frames (up to 349s, folder 12)
  Saved 360 frames (up to 359s, folder 12)
  Saved 370 frames (up to 369s, folder 13)
  Saved 380 frames (up to 379s, folder 13)
  Saved 390 frames (up to 389s, folder 13)
  Saved 400 frames (up to 399s, folder 14)
  Saved 410 frames (up to 409s, folder 14)
  Saved 420 frames (up to 419s, folder 14)
  Saved 430 frames (up to 429s, folder 15)
  Saved 440 frames (up to 439s, folder 15)
  Saved 450 frames (up to 449s, folder 15)
  Saved 460 frames (up to 459s, folder 16)
  Saved 470 frames (up to 469s, folder 16)
  Saved 480 frames (up to 479s, folder 16)
  Saved 490 frames (up to 489s, folder 17)
  Saved 500 frames (up to 499s, folder 17)
  Saved 510 frames (up to 509s, folder 17)
  Saved 520 frames (up to 519s, folder 18)
  Saved 530 frames (up to 529s, folder 18)
  Saved 540 frames (up to 539s, folder 18)
  Saved 550 frames (up to 549s, folder 19)
  Saved 560 frames (up to 559s, folder 19)
  Saved 570 frames (up to 569s, folder 19)
  Saved 580 frames (up to 579s, folder 20)
  Saved 590 frames (up to 589s, folder 20)
  Saved 600 frames (up to 599s, folder 20)
  Saved 610 frames (up to 609s, folder 21)
  Saved 620 frames (up to 619s, folder 21)
  Saved 630 frames (up to 629s, folder 21)
  Saved 640 frames (up to 639s, folder 22)
  Saved 650 frames (up to 649s, folder 22)
  Saved 660 frames (up to 659s, folder 22)
  Saved 670 frames (up to 669s, folder 23)
  Saved 680 frames (up to 679s, folder 23)
  Saved 690 frames (up to 689s, folder 23)
  Saved 700 frames (up to 699s, folder 24)
  Saved 710 frames (up to 709s, folder 24)
  Saved 720 frames (up to 719s, folder 24)
  Saved 730 frames (up to 729s, folder 25)
  Saved 740 frames (up to 739s, folder 25)
  Saved 750 frames (up to 749s, folder 25)
  Saved 760 frames (up to 759s, folder 26)
  Saved 770 frames (up to 769s, folder 26)
  Saved 780 frames (up to 779s, folder 26)
  Saved 790 frames (up to 789s, folder 27)
  Saved 800 frames (up to 799s, folder 27)
  Saved 810 frames (up to 809s, folder 27)
  Saved 820 frames (up to 819s, folder 28)
  Saved 830 frames (up to 829s, folder 28)
  Saved 840 frames (up to 839s, folder 28)
  Saved 850 frames (up to 849s, folder 29)
  Saved 860 frames (up to 859s, folder 29)
  Saved 870 frames (up to 869s, folder 29)
  Saved 880 frames (up to 879s, folder 30)
  Saved 890 frames (up to 889s, folder 30)
  Saved 900 frames (up to 899s, folder 30)
  Saved 910 frames (up to 909s, folder 31)
  Saved 920 frames (up to 919s, folder 31)
  Saved 930 frames (up to 929s, folder 31)
  Saved 940 frames (up to 939s, folder 32)
  Saved 950 frames (up to 949s, folder 32)
  Saved 960 frames (up to 959s, folder 32)
  Saved 970 frames (up to 969s, folder 33)
  Saved 980 frames (up to 979s, folder 33)
  Saved 990 frames (up to 989s, folder 33)
  Saved 1000 frames (up to 999s, folder 34)
  Saved 1010 frames (up to 1009s, folder 34)
  Saved 1020 frames (up to 1019s, folder 34)
  Saved 1030 frames (up to 1029s, folder 35)
  Saved 1040 frames (up to 1039s, folder 35)
  Saved 1050 frames (up to 1049s, folder 35)
  Saved 1060 frames (up to 1059s, folder 36)
  Saved 1070 frames (up to 1069s, folder 36)
  Saved 1080 frames (up to 1079s, folder 36)
  Saved 1090 frames (up to 1089s, folder 37)
  Saved 1100 frames (up to 1099s, folder 37)
  Saved 1110 frames (up to 1109s, folder 37)
  Saved 1120 frames (up to 1119s, folder 38)
  Saved 1130 frames (up to 1129s, folder 38)
  Saved 1140 frames (up to 1139s, folder 38)
  Saved 1150 frames (up to 1149s, folder 39)
  Saved 1160 frames (up to 1159s, folder 39)
  Saved 1170 frames (up to 1169s, folder 39)
  Saved 1180 frames (up to 1179s, folder 40)
  Saved 1190 frames (up to 1189s, folder 40)
  Saved 1200 frames (up to 1199s, folder 40)
  Saved 1210 frames (up to 1209s, folder 41)
  Saved 1220 frames (up to 1219s, folder 41)
  Saved 1230 frames (up to 1229s, folder 41)
  Saved 1240 frames (up to 1239s, folder 42)
  Saved 1250 frames (up to 1249s, folder 42)
  Saved 1260 frames (up to 1259s, folder 42)
  Saved 1270 frames (up to 1269s, folder 43)
  Saved 1280 frames (up to 1279s, folder 43)
  Saved 1290 frames (up to 1289s, folder 43)
  Saved 1300 frames (up to 1299s, folder 44)
  Saved 1310 frames (up to 1309s, folder 44)
  Saved 1320 frames (up to 1319s, folder 44)
  Saved 1330 frames (up to 1329s, folder 45)
  Saved 1340 frames (up to 1339s, folder 45)
  Saved 1350 frames (up to 1349s, folder 45)
  Saved 1360 frames (up to 1359s, folder 46)
  Saved 1370 frames (up to 1369s, folder 46)
  Saved 1380 frames (up to 1379s, folder 46)
  Saved 1390 frames (up to 1389s, folder 47)
  Saved 1400 frames (up to 1399s, folder 47)
  Saved 1410 frames (up to 1409s, folder 47)
  Saved 1420 frames (up to 1419s, folder 48)
  Saved 1430 frames (up to 1429s, folder 48)
  Saved 1440 frames (up to 1439s, folder 48)
  Saved 1450 frames (up to 1449s, folder 49)
  Saved 1460 frames (up to 1459s, folder 49)
  Saved 1470 frames (up to 1469s, folder 49)
  Saved 1480 frames (up to 1479s, folder 50)
  Saved 1490 frames (up to 1489s, folder 50)
  Saved 1500 frames (up to 1499s, folder 50)
  Saved 1510 frames (up to 1509s, folder 51)
  Saved 1520 frames (up to 1519s, folder 51)
  Saved 1530 frames (up to 1529s, folder 51)
  Saved 1540 frames (up to 1539s, folder 52)
  Saved 1550 frames (up to 1549s, folder 52)
  Saved 1560 frames (up to 1559s, folder 52)
  Saved 1570 frames (up to 1569s, folder 53)
  Saved 1580 frames (up to 1579s, folder 53)
  Saved 1590 frames (up to 1589s, folder 53)
  Saved 1600 frames (up to 1599s, folder 54)
  Saved 1610 frames (up to 1609s, folder 54)
  Saved 1620 frames (up to 1619s, folder 54)
  Saved 1630 frames (up to 1629s, folder 55)
  Saved 1640 frames (up to 1639s, folder 55)
  Saved 1650 frames (up to 1649s, folder 55)
  Saved 1660 frames (up to 1659s, folder 56)
  Saved 1670 frames (up to 1669s, folder 56)
  Saved 1680 frames (up to 1679s, folder 56)
  Saved 1690 frames (up to 1689s, folder 57)
  Saved 1700 frames (up to 1699s, folder 57)
  Saved 1710 frames (up to 1709s, folder 57)
  Saved 1720 frames (up to 1719s, folder 58)
  Saved 1730 frames (up to 1729s, folder 58)
  Saved 1740 frames (up to 1739s, folder 58)
  Saved 1750 frames (up to 1749s, folder 59)
  Saved 1760 frames (up to 1759s, folder 59)
  Saved 1770 frames (up to 1769s, folder 59)
  Saved 1780 frames (up to 1779s, folder 60)
  Saved 1790 frames (up to 1789s, folder 60)
  Saved 1800 frames (up to 1799s, folder 60)
  Saved 1810 frames (up to 1809s, folder 61)
  Saved 1820 frames (up to 1819s, folder 61)
  Saved 1830 frames (up to 1829s, folder 61)
  Saved 1840 frames (up to 1839s, folder 62)
  Saved 1850 frames (up to 1849s, folder 62)
  Saved 1860 frames (up to 1859s, folder 62)
  Saved 1870 frames (up to 1869s, folder 63)
  Saved 1880 frames (up to 1879s, folder 63)
  Saved 1890 frames (up to 1889s, folder 63)
  Saved 1900 frames (up to 1899s, folder 64)
  Saved 1910 frames (up to 1909s, folder 64)
  Saved 1920 frames (up to 1919s, folder 64)
  Saved 1930 frames (up to 1929s, folder 65)
  Saved 1940 frames (up to 1939s, folder 65)
  Saved 1950 frames (up to 1949s, folder 65)
  Saved 1960 frames (up to 1959s, folder 66)
  Saved 1970 frames (up to 1969s, folder 66)
  Saved 1980 frames (up to 1979s, folder 66)
  Saved 1990 frames (up to 1989s, folder 67)
  Saved 2000 frames (up to 1999s, folder 67)
  Saved 2010 frames (up to 2009s, folder 67)
  Saved 2020 frames (up to 2019s, folder 68)
  Saved 2030 frames (up to 2029s, folder 68)
  Saved 2040 frames (up to 2039s, folder 68)
  Saved 2050 frames (up to 2049s, folder 69)
  Saved 2060 frames (up to 2059s, folder 69)
  Saved 2070 frames (up to 2069s, folder 69)
  Saved 2080 frames (up to 2079s, folder 70)
  Saved 2090 frames (up to 2089s, folder 70)
  Saved 2100 frames (up to 2099s, folder 70)
  Saved 2110 frames (up to 2109s, folder 71)
  Saved 2120 frames (up to 2119s, folder 71)
  Saved 2130 frames (up to 2129s, folder 71)
  Saved 2140 frames (up to 2139s, folder 72)
  Saved 2150 frames (up to 2149s, folder 72)

✓ Extracted 2150 frames to data/frames/living_room_09

✓ Successfully processed living_room_09: 2150 frames saved
--------------------------------
Processing folder:  data/frames/living_room_09/1
Inserted 18 triples into graph for clip 1
--------------------------------
Processing folder:  data/frames/living_room_09/2
Inserted 22 triples into graph for clip 2
--------------------------------
Processing folder:  data/frames/living_room_09/3
Inserted 26 triples into graph for clip 3
--------------------------------
Processing folder:  data/frames/living_room_09/4
Inserted 24 triples into graph for clip 4
--------------------------------
Processing folder:  data/frames/living_room_09/5
Inserted 17 triples into graph for clip 5
--------------------------------
Processing folder:  data/frames/living_room_09/6
Inserted 18 triples into graph for clip 6
--------------------------------
Processing folder:  data/frames/living_room_09/7
Inserted 9 triples into graph for clip 7
--------------------------------
Processing folder:  data/frames/living_room_09/8
Inserted 18 triples into graph for clip 8
--------------------------------
Processing folder:  data/frames/living_room_09/9
Extracting summary for completed conversation 1...
Warning: Character '<Sam>' not found in graph, skipping attribute: friendly and considerate
Warning: Character '<Sam>' not found in graph, skipping relationship
Warning: Character '<Sam>' not found in graph, skipping relationship
✓ Conversation summary extracted. Attributes: 7, Relationships: 3
Inserted 31 triples into graph for clip 9
--------------------------------
Processing folder:  data/frames/living_room_09/10
Inserted 20 triples into graph for clip 10
--------------------------------
Processing folder:  data/frames/living_room_09/11
Inserted 17 triples into graph for clip 11
--------------------------------
Processing folder:  data/frames/living_room_09/12
Extracting summary for completed conversation 2...
✓ Conversation summary extracted. Attributes: 2, Relationships: 0
Inserted 21 triples into graph for clip 12
--------------------------------
Processing folder:  data/frames/living_room_09/13
Inserted 11 triples into graph for clip 13
--------------------------------
Processing folder:  data/frames/living_room_09/14
Inserted 22 triples into graph for clip 14
--------------------------------
Processing folder:  data/frames/living_room_09/15
Inserted 16 triples into graph for clip 15
--------------------------------
Processing folder:  data/frames/living_room_09/16
Inserted 20 triples into graph for clip 16
--------------------------------
Processing folder:  data/frames/living_room_09/17
Inserted 17 triples into graph for clip 17
--------------------------------
Processing folder:  data/frames/living_room_09/18
Inserted 16 triples into graph for clip 18
--------------------------------
Processing folder:  data/frames/living_room_09/19
Inserted 19 triples into graph for clip 19
--------------------------------
Processing folder:  data/frames/living_room_09/20
Inserted 20 triples into graph for clip 20
--------------------------------
Processing folder:  data/frames/living_room_09/21
Inserted 12 triples into graph for clip 21
--------------------------------
Processing folder:  data/frames/living_room_09/22
Inserted 13 triples into graph for clip 22
--------------------------------
Processing folder:  data/frames/living_room_09/23
Inserted 15 triples into graph for clip 23
--------------------------------
Processing folder:  data/frames/living_room_09/24
Inserted 21 triples into graph for clip 24
--------------------------------
Processing folder:  data/frames/living_room_09/25
Inserted 20 triples into graph for clip 25
--------------------------------
Processing folder:  data/frames/living_room_09/26
Inserted 16 triples into graph for clip 26
--------------------------------
Processing folder:  data/frames/living_room_09/27
Inserted 20 triples into graph for clip 27
--------------------------------
Processing folder:  data/frames/living_room_09/28
Inserted 23 triples into graph for clip 28
--------------------------------
Processing folder:  data/frames/living_room_09/29
Inserted 16 triples into graph for clip 29
--------------------------------
Processing folder:  data/frames/living_room_09/30
Inserted 16 triples into graph for clip 30
--------------------------------
Processing folder:  data/frames/living_room_09/31
Inserted 22 triples into graph for clip 31
--------------------------------
Processing folder:  data/frames/living_room_09/32
Inserted 17 triples into graph for clip 32
--------------------------------
Processing folder:  data/frames/living_room_09/33
Inserted 13 triples into graph for clip 33
--------------------------------
Processing folder:  data/frames/living_room_09/34
Inserted 18 triples into graph for clip 34
--------------------------------
Processing folder:  data/frames/living_room_09/35
Inserted 20 triples into graph for clip 35
--------------------------------
Processing folder:  data/frames/living_room_09/36
Inserted 15 triples into graph for clip 36
--------------------------------
Processing folder:  data/frames/living_room_09/37
Inserted 17 triples into graph for clip 37
--------------------------------
Processing folder:  data/frames/living_room_09/38
Inserted 20 triples into graph for clip 38
--------------------------------
Processing folder:  data/frames/living_room_09/39
Inserted 21 triples into graph for clip 39
--------------------------------
Processing folder:  data/frames/living_room_09/40
Inserted 14 triples into graph for clip 40
--------------------------------
Processing folder:  data/frames/living_room_09/41
Inserted 17 triples into graph for clip 41
--------------------------------
Processing folder:  data/frames/living_room_09/42
Inserted 17 triples into graph for clip 42
--------------------------------
Processing folder:  data/frames/living_room_09/43
Inserted 27 triples into graph for clip 43
--------------------------------
Processing folder:  data/frames/living_room_09/44
Inserted 18 triples into graph for clip 44
--------------------------------
Processing folder:  data/frames/living_room_09/45
Inserted 25 triples into graph for clip 45
--------------------------------
Processing folder:  data/frames/living_room_09/46
Inserted 25 triples into graph for clip 46
--------------------------------
Processing folder:  data/frames/living_room_09/47
Inserted 23 triples into graph for clip 47
--------------------------------
Processing folder:  data/frames/living_room_09/48
Extracting summary for completed conversation 3...
Warning: Character '<Robot>' not found in graph, skipping attribute: helpful household assistant
Warning: Character '<Robot>' not found in graph, skipping attribute: resourceful and informative
Warning: Character '<Robot>' not found in graph, skipping relationship
Warning: Character '<Robot>' not found in graph, skipping relationship
✓ Conversation summary extracted. Attributes: 12, Relationships: 4
Inserted 19 triples into graph for clip 48
--------------------------------
Processing folder:  data/frames/living_room_09/49
Inserted 27 triples into graph for clip 49
--------------------------------
Processing folder:  data/frames/living_room_09/50
Inserted 17 triples into graph for clip 50
--------------------------------
Processing folder:  data/frames/living_room_09/51
Inserted 23 triples into graph for clip 51
--------------------------------
Processing folder:  data/frames/living_room_09/52
Inserted 15 triples into graph for clip 52
--------------------------------
Processing folder:  data/frames/living_room_09/53
Inserted 18 triples into graph for clip 53
--------------------------------
Processing folder:  data/frames/living_room_09/54
Inserted 17 triples into graph for clip 54
--------------------------------
Processing folder:  data/frames/living_room_09/55
Inserted 18 triples into graph for clip 55
--------------------------------
Processing folder:  data/frames/living_room_09/56
Inserted 43 triples into graph for clip 56
--------------------------------
Processing folder:  data/frames/living_room_09/57
Inserted 32 triples into graph for clip 57
--------------------------------
Processing folder:  data/frames/living_room_09/58
Inserted 12 triples into graph for clip 58
--------------------------------
Processing folder:  data/frames/living_room_09/59
Inserted 17 triples into graph for clip 59
--------------------------------
Processing folder:  data/frames/living_room_09/60
Inserted 21 triples into graph for clip 60
--------------------------------
Processing folder:  data/frames/living_room_09/61
Inserted 15 triples into graph for clip 61
--------------------------------
Processing folder:  data/frames/living_room_09/62
Inserted 21 triples into graph for clip 62
--------------------------------
Processing folder:  data/frames/living_room_09/63
Inserted 10 triples into graph for clip 63
--------------------------------
Processing folder:  data/frames/living_room_09/64
Inserted 23 triples into graph for clip 64
--------------------------------
Processing folder:  data/frames/living_room_09/65
Inserted 29 triples into graph for clip 65
--------------------------------
Processing folder:  data/frames/living_room_09/66
Inserted 26 triples into graph for clip 66
--------------------------------
Processing folder:  data/frames/living_room_09/67
Inserted 30 triples into graph for clip 67
--------------------------------
Processing folder:  data/frames/living_room_09/68
Inserted 25 triples into graph for clip 68
--------------------------------
Processing folder:  data/frames/living_room_09/69
Inserted 12 triples into graph for clip 69
--------------------------------
Processing folder:  data/frames/living_room_09/70
Inserted 15 triples into graph for clip 70
--------------------------------
Processing folder:  data/frames/living_room_09/71
Inserted 22 triples into graph for clip 71
--------------------------------
Processing folder:  data/frames/living_room_09/72
Inserted 10 triples into graph for clip 72
Extracting summary for final conversation 4...
✓ Final conversation summary extracted. Attributes: 13, Relationships: 4
Inserting character appearances for 3 characters...
✓ Character appearances inserted: 16 appearance edges created
345 node embeddings inserted (3 characters, 342 objects)
1422 edge embeddings inserted
Generating character attributes...
Number of edges:  1422
Character attributes generated.
Number of edges:  1454
Character relationships generated.
Number of edges:  1471
✓ Graph memory built for living_room_09
Question: When will Sam came?

[Step 1] Searching the graph...
Parse Query Output:
{
  "query_triple": ["<Sam>", "arrives_at_time", "?", 0.95, 0.3, 0.2],
  "spatial_constraint": null,
  "speaker_strict": null,
  "allocation": {
    "k_high_level": 4,
    "k_low_level": 28,
    "k_conversations": 18,
    "total_k": 50,
    "reasoning": "Temporal arrival query: focus on low-level edges for actions like arrival and timestamps; include some conversations for mentions of Sam's expected arrival time; minimal high-level needed."
  }
}

Graph Search Results:
**High-Level Information (Character Attributes and Relationships): **

Character Attributes:
- Sam is: holds gift box (100), dark pants (100), female (100), black tote bag (100)

**Low-Level Information (Actions and Events): **

[15] Sam is at entrance. (apartment hallway and living room)
[16] Sam stands near coffee table. (living room)
[20] Jay sits beside Sam. (living room)
[21] Sam responds. (living room)
[22] Sam sits beside Jay. (living room)
[26] Sam sits beside Jay. (living room and dining room)
[26] Sam accepts robot. (living room and dining room)
[32] Jay sits beside Sam. (living room)
[33] Sam responds. (living room)
[34] Sam picks up plastic bag. (living room)
[36] Sam checks time on phone. (living room)
[42] Sam enters dining room. (living room and dining room)
[42] Sam sits at dining table. (living room and dining room)
[43] Sam sits at table. (dining room)
[43] Sam accepts container. (dining room)
[43] Sam accepts from Jay. (dining room)
[43] Sam picks up chopstick. (dining room)
[44] Sam sits at dining table. (dining room)
[45] Sam sits at table. (dining room)
[48] Sam sits at dining table. (living room and dining room)
[49] Sam walks toward living room. (living room)
[49] Sam stands near orange sofa. (living room)
[53] Sam picks up from Sam's phone. (living room)
[56] Sam picks up item. (living room and enclosed balcony)
[56] Sam stops at doorway. (living room and enclosed balcony)
[67] Sam stands at entrance. (sunroom and living room)
[67] Jay accepts from Sam. (sunroom and living room)
[67] Sam prepares to leave. (sunroom and living room)

**Conversations: **

Conversation 3: Jay and Sam reunite at Jay’s place, discussing work stress, career uncertainty, and Jay’s recent breakup from a long-distance relationship. They watch a variety show about escape rooms, share differing views on time limits, and decide on non-spicy lunch with fried pork slices and fruit. The household robot assists with fetching items, drinks, TV control, and cleaning. They express plans and interests in travel—Jay wants a seaside trip while Sam is keen on visiting Japan.
[13] Jay: Oh my God.
[13] Jay: What the exact time that Sam will be within me.
[13] Jay: Hey Robot could you tell me what the exact time?
[13] Jay: That Sam will come.
[13] robot: Sam will come at ten o'clock.
[13] Jay: Okay thank you.
[14] Jay: Oh it's Sam.
[14] Jay: It's Sam?
[14] Jay: I'm coming.
[14] Jay: Hey... yeah welcome it's long time no see.
[15] Sam: I'm really missing you...
[15] Jay: Didn't you.
[15] Sam: So I'm coming.
[16] Jay: Well you know I am very busy now... You know I have much much work to do everyday.
[16] Jay: My boss just told me to
[16] Sam: Wow you're so busy.
[16] Sam: So uh you must be so nervous.
[17] Sam: uh uh recently?
[17] Jay: Yes I'm really nervous and...
[17] Jay: I feel that my body my health is
[17] Sam: And I'm running around.
[17] Sam: meeting clients anywhere and constantly.
[17] Sam: I'm always on the way.
[18] Jay: Oh my God...
[18] Sam: Yeah.
[35] Sam: Okay Emm let's just continue to see
[35] Jay: Yes.
[35] Sam: Oh what time is it now?
[36] Sam: Emm almost twelve.
[36] Sam: Yes I can um maybe it's time for lunch.
[36] Jay: Let's order something to eat. Emm.

Conversation 4: Jay and Sam planned an outdoor activity for the next day after confirming sunny weather, deciding on mountain climbing and preparing items like snacks, umbrella, and a tent. They exchanged gifts (blind boxes) and affirmed their close friendship. Jay later spent time reading, took the robot’s health advice to rest, and set a wake-up reminder for 2 p.m.
[53] Sam: You know um I had long wanted to go hiking but never um just... put it into practice.
[53] Sam: Oh your wishes will come true for them.
[53] Sam: So.
[53] Jay: Emm but for me.
[53] Jay: You know my MBTI is ENFP so making plans is really tired for me.
[54] Jay: So I think we should Emm catch our umbrella or...
[54] Jay: Food snacks.
[54] Sam: Emm yes.
[54] Jay: And also maybe we have a tent yeah.
[55] Sam: Emm yes Emm Jay: And also maybe we have a tent yeah.
[57] Jay: Okay I will let the Robot do that.
[57] Jay: So okay bye.
[57] Sam: See you next time.
[57] Jay: Next time bye.
[57] Jay: Hello Robot, could you please put the slippers in their original place, please?
[64] Jay: Okay so I will give this one to her.
[65] Jay: Emm...
[65] Jay: Okay ah let me wait for Sam...
[65] Jay: Oh Sam coming.
[65] Jay: I'm coming wait for me.
[66] Jay: Hello Sam! I'm coming.
[66] Sam: So guess what the gift is?
[66] Jay: Oh I can't know.
[66] Sam: Yeah Jay. You know I also prepared a gift for you here.
[66] Jay: Guess what this one.
[66] Sam: The same?
[66] Jay: Yeah yeah.
[66] Sam: We are friends.
[67] Sam: Okay yeah...
[67] Jay: I'm really looking forward to you
[67] Sam: Bye bye
[67] Jay: Bye.
[67] Jay: Lovely, my favorite blind box.

Conversation 1: Jay interacts with a household robot, requesting help with turning on the TV and preparing breakfast items, and later asks it to set food on the coffee table. The robot offers breakfast suggestions, but Jay prefers familiar choices and continues watching TV and considering exercise. Jay receives a call from Sam, who plans to visit at ten o’clock with a gift, and Jay expresses excitement. Jay ends by asking the robot to prepare food for the upcoming visit.
[7] Sam: Yeah and I bring you a gift.
[7] Jay: Oh my God so looking forward to it.
[7] Sam: Okay waiting for me.
[7] Jay: Okay okay.
[8] Jay: Bye.

[Step 2] Evaluating semantic answer...
Action: [Answer]
Content: Sam will come at ten o'clock.
FINAL ANSWER (from graph):
Sam will come at ten o'clock.
Question: How many times does Robot get the cloth?

[Step 1] Searching the graph...
Parse Query Output:
{
  "query_triple": ["<Robot>", "gets", "cloth", 0.95, 0.35, 0.7],
  "spatial_constraint": null,
  "speaker_strict": null,
  "allocation": {
    "k_high_level": 4,
    "k_low_level": 41,
    "k_conversations": 5,
    "total_k": 50,
    "reasoning": "Counting action occurrences; prioritize low-level action edges. Minimal high-level for any attribute hints; small conversations budget in case dialogue clarifies repeated retrievals."
  }
}

Graph Search Results:
**High-Level Information (Character Attributes and Relationships): **

Character Attributes:
- robot is: black gloves (100), no visible face (100), helpful assistant (95)

Character Relationships:
- robot supports Jay (85)

**Low-Level Information (Actions and Events): **

[1] robot returns remote. (living room)
[1] remote is on table. (living room)
[2] bread is from refrigerator. (living room leading to kitchen)
[3] item is on table. (living room)
[4] robot holds camera. (living room)
[4] item is on table. (living room)
[4] cup is from table. (living room)
[4] cup is on table. (living room)
[4] Jay places down cloth. (living room)
[6] Jay adjusts object. (living room)
[6] Jay moves object. (living room)
[6] object is near tissue box. (living room)
[6] object is near cup. (living room)
[8] Jay calls robot. (living room and dining room)
[9] bottle is from drawer. (living room and kitchen)
[11] robot wipes with cloth. (living room)
[12] robot adjusts camera. (living room)
[12] cleaning cloth is on table. (living room)
[22] shopping bag is on table. (living room)
[27] robot picks up remote control. (living room)
[27] remote control is from glass table. (living room)
[27] robot points remote. (living room)
[27] remote is at screen. (living room)
[28] remote is on desk. (living room)
[29] camera moves across living room. (living room)
[35] device is on coffee table area. (living room)
[45] phone is on table. (dining room)
[46] Sam mentions calling robot. (dining room)
[46] Jay greets robot. (dining room)
[46] container is on table. (dining room)
[47] robot holds camera. (dining room)
[54] robot responds from behind camera. (living room)
[57] slipper is on floor. (entryway)
[60] camera is around room. (living room)
[62] cup is on table. (living room)
[62] small object is near cup. (living room)
[62] book is on table. (living room)
[64] bag is on floor. (living room and balcony)
[66] box is already opened. (apartment hallway by doorway)
[71] book is from table. (home living room and bedroom)
[71] book is on table. (home living room and bedroom)

**Conversations: **

Conversation 4: Jay and Sam planned an outdoor activity for the next day after confirming sunny weather, deciding on mountain climbing and preparing items like snacks, umbrella, and a tent. They exchanged gifts (blind boxes) and affirmed their close friendship. Jay later spent time reading, took the robot’s health advice to rest, and set a wake-up reminder for 2 p.m.
[54] Jay: Okay. Emm.
[54] Jay: So hello Robot could you play some music for me?
[54] robot: OK
[54] Jay: Okay. Thank you.
[54] Jay: So I think we should Emm catch our umbrella or...
[63] Jay: Emm.
[63] Jay: She will give me a gift hm..
[63] Jay: So Robot.
[63] Jay: Do you think I need to give a present to Sam as well?
[63] Jay: Because she wants to give me a gift but it's a little urgent for me.

Conversation 1: Jay interacts with a household robot, requesting help with turning on the TV and preparing breakfast items, and later asks it to set food on the coffee table. The robot offers breakfast suggestions, but Jay prefers familiar choices and continues watching TV and considering exercise. Jay receives a call from Sam, who plans to visit at ten o’clock with a gift, and Jay expresses excitement. Jay ends by asking the robot to prepare food for the upcoming visit.
[1] Jay: Well it's a good day but it's a little bit boring.
[1] Jay: Hey Robot could you turn on the TV and we see the remote control on the desk.
[1] robot: OK
[1] Jay: Wow so exciting.
[2] Jay: Hey Robot could you fetch me a bottle of milk and some bread on the refrigerator for me?

Conversation 3: Jay and Sam reunite at Jay’s place, discussing work stress, career uncertainty, and Jay’s recent breakup from a long-distance relationship. They watch a variety show about escape rooms, share differing views on time limits, and decide on non-spicy lunch with fried pork slices and fruit. The household robot assists with fetching items, drinks, TV control, and cleaning. They express plans and interests in travel—Jay wants a seaside trip while Sam is keen on visiting Japan.
[25] Jay: Hello Robot.
[25] Jay: Could you please fetch us some drinks on the refrigerator
[25] robot: OK
[26] Sam: Thank you Robot.
[26] robot: There was also milk, strawberry juice, and apple juice in the fridge. Do you want to switch to something else?
[26] Sam: No no no no orange juice is fine.

[Step 2] Evaluating semantic answer...
Action: [Answer]
Content: Once.
FINAL ANSWER (from graph):
Once.
Question: Do Jay and Sam have a rapport?

[Step 1] Searching the graph...
Parse Query Output:
{
  "query_triple": ["<Jay>", "relationship", "<Sam>", 0.95, 0.25, 0.95],
  "spatial_constraint": null,
  "speaker_strict": null,
  "allocation": {
    "k_high_level": 9,
    "k_low_level": 6,
    "k_conversations": 35,
    "total_k": 50,
    "reasoning": "Relationship/rapport query - use high-level edges for traits/relationships and conversations to assess rapport; minimal low-level edges for supporting interactions."
  }
}

Graph Search Results:
**High-Level Information (Character Attributes and Relationships): **

Character Attributes:
- Jay is: female (100)

Character Relationships:
- Jay friends with Sam (95)
- Sam trusts Jay (85)
- Jay is friend with Sam (95)
- Jay is host to Sam (90)
- Sam is welcomed and accommodated by Jay (80)
- Sam cooperates with Jay (85)
- Jay leads decision-making Sam (80)
- Jay shows consideration toward Sam (80)

**Low-Level Information (Actions and Events): **

[22] Jay talks Sam. (living room)
[22] Sam talks Jay. (living room)
[29] Sam replies Jay. (living room)
[44] Jay faces Sam. (dining room)
[45] Jay faces Sam. (dining room)
[46] Jay faces Sam. (dining room)

**Conversations: **

Conversation 3: Jay and Sam reunite at Jay’s place, discussing work stress, career uncertainty, and Jay’s recent breakup from a long-distance relationship. They watch a variety show about escape rooms, share differing views on time limits, and decide on non-spicy lunch with fried pork slices and fruit. The household robot assists with fetching items, drinks, TV control, and cleaning. They express plans and interests in travel—Jay wants a seaside trip while Sam is keen on visiting Japan.
[13] Jay: What the exact time that Sam will be within me.
[13] Jay: Hey Robot could you tell me what the exact time?
[13] Jay: That Sam will come.
[13] robot: Sam will come at ten o'clock.
[13] Jay: Okay thank you.
[14] Jay: Oh it's Sam.
[14] Jay: It's Sam?
[14] Jay: I'm coming.
[14] Jay: Hey... yeah welcome it's long time no see.
[14] Jay: And.
[14] Sam: If it is necessary for me to change into the slippers.
[14] Jay: Yeah of course.
[14] Jay: Hey Robot please take the slippers.
[14] Jay: Gray slippers on the first layer of our shoe rack.
[22] Sam: And I want to try some authornitc suschi.
[22] Sam: See some cherry blossom you know.
[22] Jay: Yeah...
[22] Sam: I'm always want to experience Japanese culture yet.
[22] Jay: Oh really? sounds great.
[22] Sam: yeah.
[22] Jay: Emm so... maybe are you thirsty?
[22] Sam: Yeah I want drink some water or juice whatever.
[22] Jay: Emm.
[22] Jay: Well...
[23] Jay: Maybe...
[23] Jay: Let's have some fruit?
[23] Sam: Oh yeah fruit is okay.
[23] Sam: What's here? Oh fruit you bought it today.
[23] Jay: Yes...
[23] Sam: And also I bought some fruit in the fruit store because the fruit store is having a sale.
[23] Jay: Oh on sale yeah.
[24] Sam: And you know that my favorite is oranges.
[24] Jay: Oh your fruit is orange
[24] Sam: Yeah
[24] Jay: So...
[24] Sam: Oh the...
[24] Sam: Oh did you put the dried food in the refrigerator?
[24] Jay: Yes of course.
[24] Jay: How do you know?
[24] Sam: But you know that.
[24] Sam: Tropical fruit like this is not suitable in refrigerator.
[25] Jay: No wonder that I every time I ate the dragon fruit.
[25] Jay: I feel its skin is wrinkled.
[25] Sam: Yeah yeah.
[25] Jay: I will never do that again
[25] Sam: Okay.
[29] Sam: Wow so exciting.
[29] Sam: This escape room show is so exciting and adrenaline-pumping!
[30] Jay: Yeah very good.
[30] Sam: The contestant are solving puzzles at lightening speed.
[30] Sam: I haven't figured out many of the clues and they've already find the solutions.
[30] Jay: Yeah yeah.
[30] Sam: They can do them very very good.
[30] Sam: And especially for the captain you have you noticed him?
[35] Jay: I'm gonna look forward to the next section.
[35] Sam: Okay Emm let's just continue to see
[35] Jay: Yes.
[35] Sam: Oh what time is it now?
[36] Sam: Emm almost twelve.
[36] Jay: I want to emphasis I don't want any spicy food today.
[36] Sam: Spicy food?
[36] Jay: Yeah.
[36] Sam: You can't eat spicy food?
[36] Sam: Okay I won't mention who ate the most of that spicy shrimp last time...

Conversation 4: Jay and Sam planned an outdoor activity for the next day after confirming sunny weather, deciding on mountain climbing and preparing items like snacks, umbrella, and a tent. They exchanged gifts (blind boxes) and affirmed their close friendship. Jay later spent time reading, took the robot’s health advice to rest, and set a wake-up reminder for 2 p.m.
[49] Jay: I just want to lie in my sofa.
[49] Jay: It's so comfortable for me.
[50] Sam: Yeah I think so...
[50] Jay: Emm what do you think of our travel plan tomorrow?
[50] Jay: What do you think of just um continue to go shopping in the previous shopping mall that we have visited before.
[53] Sam: Okay let's get started. Emm.
[53] Jay: Maybe we can make the plan on our phones.
[53] Sam: Yeah
[53] Sam: You know um I had long wanted to go hiking but never um just... put it into practice.
[53] Sam: Oh your wishes will come true for them.
[53] Sam: So.
[53] Jay: Emm but for me.
[53] Jay: You know my MBTI is ENFP so making plans is really tired for me.
[54] Jay: So I think we should Emm catch our umbrella or...
[54] Jay: Food snacks.
[54] Sam: Emm yes.
[54] Jay: And also maybe we have a tent yeah.
[55] Sam: Emm yes Emm Jay: And also maybe we have a tent yeah.
[55] Jay: We can go for picnic in the mountain and we can lying in the sunshine and also feeling the warmth of the spring.
[55] Sam: It is very good I think
[60] Jay: Okay thank you Robot.
[61] Jay: Well let me see who is calling on me.
[61] Sam: Hey Jay.
[61] Jay: Hey Sam what's wrong?
[61] Sam: I have told you that I will give you a gift.
[61] Jay: Yes.
[61] Jay: Oh yes I remember that but never mind.
[61] Sam: So wait for me and I will give it for you.
[63] Jay: She will give me a gift hm..
[63] Jay: So Robot.
[63] Jay: Do you think I need to give a present to Sam as well?
[63] Jay: Because she wants to give me a gift but it's a little urgent for me.
[63] Jay: What do you think should I give to her?
[64] Jay: Okay so I will give this one to her.
[65] Jay: Emm...
[65] Jay: Okay ah let me wait for Sam...
[65] Jay: Oh Sam coming.
[65] Jay: I'm coming wait for me.
[66] Jay: Hello Sam! I'm coming.
[66] Sam: So guess what the gift is?
[66] Jay: Oh I can't know.
[66] Sam: Okay and for you.
[66] Jay: Oh my God... this one.
[66] Sam: Yeah Jay. You know I also prepared a gift for you here.
[66] Jay: Guess what this one.
[66] Sam: The same?
[66] Jay: Yeah yeah.
[66] Sam: We are friends.
[66] Jay: Yeah we are friends.
[66] Jay: So we are always making the same choice.
[66] Jay: Yeah we are soul mate you know...

Conversation 2: Jay mentions it has been a long time since seeing Sam and notes their glasses are dirty. Jay asks a robot for help cleaning the glasses using clothes on the desk.
[10] Jay: It is long time no see between me and Sam...
[10] Jay: Well what to say.
[10] Jay: It's a little dirty of our glasses.

Conversation 1: Jay interacts with a household robot, requesting help with turning on the TV and preparing breakfast items, and later asks it to set food on the coffee table. The robot offers breakfast suggestions, but Jay prefers familiar choices and continues watching TV and considering exercise. Jay receives a call from Sam, who plans to visit at ten o’clock with a gift, and Jay expresses excitement. Jay ends by asking the robot to prepare food for the upcoming visit.
[6] Jay: let me see.
[7] Jay: Hey this is Jay.
[7] Jay: Hello Sam... yeah me too it's long time no see.
[7] Sam: Yeah and I wanna visit you at ten o'clock.
[7] Sam: Yeah and I bring you a gift.

[Step 2] Evaluating semantic answer...
Action: [Answer]
Content: Yes, Jay and Sam have a strong rapport.
FINAL ANSWER (from graph):
Yes, Jay and Sam have a strong rapport.
Question: Does Jay care a lot about tidiness?

[Step 1] Searching the graph...
Parse Query Output:
{
  "query_triple": ["<Jay>", "tidy", null, 0.95, 0.25, 0.1],
  "spatial_constraint": null,
  "speaker_strict": null,
  "allocation": {
    "k_high_level": 8,
    "k_low_level": 12,
    "k_conversations": 30,
    "total_k": 50,
    "reasoning": "Trait/attitude query about tidiness: use high-level edges for character attributes, support with conversations for expressed opinions, and some low-level edges for concrete behaviors indicating tidiness."
  }
}

Graph Search Results:
**High-Level Information (Character Attributes and Relationships): **

Character Attributes:
- Jay is: medium build (100), female (100), black pants (100), white long-sleeve zip hoodie (100), indoor slippers (100), long wavy dark hair (100)

Character Relationships:
- Jay friends with Sam (95)
- Jay uses as a household assistant robot (90)

**Low-Level Information (Actions and Events): **

[3] Jay arranges item. (living room)
[4] Jay wipes glass table. (living room)
[6] Jay adjusts object. (living room)
[7] Jay keeps handbag. (living room)
[43] Jay arranges food. (dining room)
[46] Jay suggests tidying table. (dining room)
[46] Jay asks to tidy dining table. (dining room)
[57] Jay lets handle robot. (entryway)
[62] Jay arranges item. (living room)
[62] Jay tidies small object. (living room)
[68] Jay arranges box. (living room)
[71] Jay adjusts something on the mattress. (home living room and bedroom)

**Conversations: **

Conversation 2: Jay mentions it has been a long time since seeing Sam and notes their glasses are dirty. Jay asks a robot for help cleaning the glasses using clothes on the desk.
[10] Jay: It is long time no see between me and Sam...
[10] Jay: Well what to say.
[10] Jay: It's a little dirty of our glasses.
[11] Jay: Hey Robot could you help me.
[11] Jay: tidy it up with the clothes on the desk?

Conversation 3: Jay and Sam reunite at Jay’s place, discussing work stress, career uncertainty, and Jay’s recent breakup from a long-distance relationship. They watch a variety show about escape rooms, share differing views on time limits, and decide on non-spicy lunch with fried pork slices and fruit. The household robot assists with fetching items, drinks, TV control, and cleaning. They express plans and interests in travel—Jay wants a seaside trip while Sam is keen on visiting Japan.
[14] Jay: And.
[14] Sam: If it is necessary for me to change into the slippers.
[14] Jay: Yeah of course.
[14] Jay: Hey Robot please take the slippers.
[14] Jay: Gray slippers on the first layer of our shoe rack.
[19] Sam: Oh what a pity.
[20] Sam: Well but don't so upset.
[20] Jay: Okay.
[20] Sam: And you know.
[20] Sam: Relationship can be forced you can be forced.
[20] Sam: And I believe Emm.
[20] Sam: How to say there will must be someone else in the future that are more super for you.
[20] Jay: I hope so.
[20] Jay: Yeah and besides work.
[20] Sam: You have other plans or not like take a trip for relax?
[22] Sam: And I want to try some authornitc suschi.
[22] Sam: See some cherry blossom you know.
[22] Jay: Yeah...
[22] Sam: I'm always want to experience Japanese culture yet.
[22] Jay: Oh really? sounds great.
[22] Sam: Yeah I want drink some water or juice whatever.
[22] Jay: Emm.
[22] Jay: Well...
[23] Jay: Maybe...
[23] Jay: Let's have some fruit?
[23] Sam: Oh yeah fruit is okay.
[23] Sam: What's here? Oh fruit you bought it today.
[23] Jay: Yes...
[23] Sam: And also I bought some fruit in the fruit store because the fruit store is having a sale.
[23] Jay: Oh on sale yeah.
[24] Jay: Oh your fruit is orange
[24] Sam: Yeah
[24] Jay: So...
[24] Sam: Oh the...
[24] Sam: Oh did you put the dried food in the refrigerator?
[24] Jay: Yes of course.
[24] Jay: How do you know?
[24] Sam: But you know that.
[24] Sam: Tropical fruit like this is not suitable in refrigerator.
[26] robot: There was also milk, strawberry juice, and apple juice in the fridge. Do you want to switch to something else?
[26] Sam: No no no no orange juice is fine.
[27] Jay: Well it's a little bit boring for me.
[27] Jay: Yeah I wanna watch TV.
[27] Jay: Hey Robot could you turn on the TV for me?
[27] Jay: With the remote control on the desk.
[28] Jay: Oh.
[28] Jay: Boring I don't want a PE program.
[28] Sam: Me too it's a little boring for me yeah. Emm.
[28] Jay: Change the TV program to a variety show program for me with the remote control on the desk.
[29] Jay: Oh this variety have you ever noticed it?
[29] Jay: It's very famous.
[29] Sam: Oh it's about.
[29] Sam: Wow so exciting.
[29] Sam: This escape room show is so exciting and adrenaline-pumping!
[30] Jay: Yeah very good.
[30] Sam: The contestant are solving puzzles at lightening speed.
[30] Sam: I haven't figured out many of the clues and they've already find the solutions.
[30] Jay: Yeah yeah.
[30] Sam: They can do them very very good.
[30] Sam: And especially for the captain you have you noticed him?
[32] Sam: And also it they seems to just come here to make up numbers you know.
[32] Sam: It makes me start my feet in frustration.
[32] Jay: Oh maybe.
[32] Jay: I think maybe they were too nervous when recording because.
[32] Jay: Afterward they are under the great pleasure and they also have a time limit you know.
[35] Jay: I'm gonna look forward to the next section.
[35] Sam: Okay Emm let's just continue to see
[35] Jay: Yes.
[35] Sam: Oh what time is it now?
[36] Sam: Emm almost twelve.
[36] Jay: I want to emphasis I don't want any spicy food today.
[36] Sam: Spicy food?
[36] Jay: Yeah.
[36] Sam: You can't eat spicy food?
[36] Sam: Okay I won't mention who ate the most of that spicy shrimp last time...
[45] Sam: Me too I'm controlling my weight.
[46] Sam: Okay fine it's okay.
[46] Jay: Okay so let's just tidy them up.
[46] Jay: Okay...
[46] Sam: Clean the table up.
[46] Sam: Okay I will do uh I will call the Robot do that.
[46] Jay: Okay hello Robot.
[46] Jay: Please tidy the dining table for me and just put our food into the rubbish can and also.
[47] Jay: Go to fetch the purple clothes on the desk in the living room and just clean the table. Okay.

Conversation 1: Jay interacts with a household robot, requesting help with turning on the TV and preparing breakfast items, and later asks it to set food on the coffee table. The robot offers breakfast suggestions, but Jay prefers familiar choices and continues watching TV and considering exercise. Jay receives a call from Sam, who plans to visit at ten o’clock with a gift, and Jay expresses excitement. Jay ends by asking the robot to prepare food for the upcoming visit.
[3] Jay: Do you have other recommendations for my breakfast?
[3] robot: Vegetable salad, fried egg sandwich, wontons are all good choices.
[3] Jay: Well it's a little troublesome for me.
[3] Jay: I still love my old friend.
[4] Jay: Emm a little bit hungry.
[4] Jay: Let's drink some milk.
[4] Jay: So exciting of this game.
[4] Jay: Oh my God, oh my God, let's clean it.
[5] Jay: It's so exciting of this PE sport.
[5] Jay: I want to do some exercise.

Conversation 4: Jay and Sam planned an outdoor activity for the next day after confirming sunny weather, deciding on mountain climbing and preparing items like snacks, umbrella, and a tent. They exchanged gifts (blind boxes) and affirmed their close friendship. Jay later spent time reading, took the robot’s health advice to rest, and set a wake-up reminder for 2 p.m.
[50] Jay: What do you think of just um continue to go shopping in the previous shopping mall that we have visited before.
[50] Sam: No no we've been there for many times and...
[50] Jay: Okay.
[50] Sam: I can recite... I can recite uh each floor for you...
[51] Jay: I think maybe you can recite everything in each floor for me.
[52] Jay: I think it's a good idea for us to go mountain climbing.
[52] Sam: Yeah it's okay.
[52] Jay: You love it?
[52] Jay: Okay so maybe we can have a plan about where to go and what to prepare today.
[52] Jay: And also we need to write down some cautions you know.
[61] Jay: Hey Sam what's wrong?
[61] Sam: I have told you that I will give you a gift.
[61] Jay: Yes.
[61] Jay: Oh yes I remember that but never mind.
[61] Sam: So wait for me and I will give it for you.
[66] Jay: Guess what this one.
[66] Sam: The same?
[66] Jay: Yeah yeah.
[66] Sam: We are friends.
[66] Jay: Yeah we are friends.
[67] Jay: Lovely, my favorite blind box.
[67] Jay: Um let me think.
[68] Jay: Where should I put???
[68] Jay: Maybe I want to choose the most obvious the most apparent place for me.
[68] Jay: Okay just put here.

[Step 2] Evaluating semantic answer...
Action: [Answer]
Content: Yes, Jay frequently arranges, tidies, and cleans items and directs the robot to clean, showing strong concern for tidiness.
FINAL ANSWER (from graph):
Yes, Jay frequently arranges, tidies, and cleans items and directs the robot to clean, showing strong concern for tidiness.
Question: What would Jay and Sam plan to do tomorrow?

[Step 1] Searching the graph...
Parse Query Output:
{
  "query_triple": ["<Jay>", "plans with", "<Sam>", 0.95, 0.3, 0.95],
  "spatial_constraint": null,
  "speaker_strict": ["<Jay>", "<Sam>"],
  "allocation": {
    "k_high_level": 3,
    "k_low_level": 7,
    "k_conversations": 40,
    "total_k": 50,
    "reasoning": "Planning about tomorrow is typically expressed in dialogue; prioritize conversations between Jay and Sam. Include some low-level edges to capture planned actions and minor high-level for relationship/context."
  }
}

Graph Search Results:
**High-Level Information (Character Attributes and Relationships): **

Character Relationships:
- Jay friends with Sam (95)
- Sam trusts Jay (85)
- Jay is friend with Sam (95)

**Low-Level Information (Actions and Events): **

[37] Jay sits with Sam. (living room)
[42] Jay looks at Sam. (living room and dining room)
[42] Sam follows Jay. (living room and dining room)
[46] Sam looks at Jay. (dining room)
[53] Sam views with Jay. (living room)
[54] Sam looks with Jay. (living room)
[56] Sam follows Jay. (living room and enclosed balcony)

**Conversations: **

Conversation 4: Jay and Sam planned an outdoor activity for the next day after confirming sunny weather, deciding on mountain climbing and preparing items like snacks, umbrella, and a tent. They exchanged gifts (blind boxes) and affirmed their close friendship. Jay later spent time reading, took the robot’s health advice to rest, and set a wake-up reminder for 2 p.m.
[49] Jay: It's so comfortable for me.
[50] Sam: Yeah I think so...
[50] Jay: Emm what do you think of our travel plan tomorrow?
[50] Jay: What do you think of just um continue to go shopping in the previous shopping mall that we have visited before.
[50] Sam: No no we've been there for many times and...
[50] Jay: Okay.
[51] Sam: Emm maybe so can you pick somewhere else more fun to go?
[51] Jay: Emm let me think.
[51] Jay: How about going outdoors but it depends the weather.
[51] Jay: It depends on the weather.
[51] Jay: So Emm.
[51] Jay: Maybe maybe we can go outdoors.
[51] Jay: So Hey Robot could you tell me the weather of tomorrow?
[51] robot: It will be sunny tomorrow, making it a great day for outdoor activities.
[52] Jay: Okay, thank you.
[52] Jay: I think it's a good idea for us to go mountain climbing.
[52] Sam: Yeah it's okay.
[52] Jay: You love it?
[52] Jay: Okay so maybe we can have a plan about where to go and what to prepare today.
[52] Jay: And also we need to write down some cautions you know.
[53] Sam: Yeah.
[53] Jay: So let's get started.
[53] Sam: Okay let's get started. Emm.
[53] Jay: Maybe we can make the plan on our phones.
[53] Sam: Yeah
[53] Sam: You know um I had long wanted to go hiking but never um just... put it into practice.
[53] Sam: Oh your wishes will come true for them.
[53] Sam: So.
[53] Jay: Emm but for me.
[53] Jay: You know my MBTI is ENFP so making plans is really tired for me.
[54] robot: OK
[54] Jay: Okay. Thank you.
[54] Jay: So I think we should Emm catch our umbrella or...
[54] Jay: Food snacks.
[54] Sam: Emm yes.
[54] Jay: And also maybe we have a tent yeah.
[55] Sam: Emm yes Emm Jay: And also maybe we have a tent yeah.
[55] Jay: We can go for picnic in the mountain and we can lying in the sunshine and also feeling the warmth of the spring.
[55] Sam: It is very good I think
[55] Jay: It must be marvelous.
[55] Sam: Yeah I'm looking forward.
[55] Jay: Okay I think our plan is already fine. Okay.
[55] Jay: Emm I think it's totally Emm totally prepared yeah.
[55] Sam: Oh Oh it's time to go.
[57] Jay: Next time bye.
[57] Jay: Hello Robot, could you please put the slippers in their original place, please?
[58] Jay: Ok... Sam is gone... It is my home time.
[58] Jay: It's a little bit boring for me to stay alone.
[58] Jay: Maybe read a book.
[60] Jay: Okay thank you Robot.
[61] Jay: Well let me see who is calling on me.
[61] Sam: Hey Jay.
[61] Jay: Hey Sam what's wrong?
[61] Sam: I have told you that I will give you a gift.
[61] Jay: Yes.
[63] Jay: She will give me a gift hm..
[63] Jay: So Robot.
[63] Jay: Do you think I need to give a present to Sam as well?
[63] Jay: Because she wants to give me a gift but it's a little urgent for me.
[63] Jay: What do you think should I give to her?
[64] Jay: Oh let me find where is my blind box.
[64] Jay: I remember I bought it last week.
[64] Jay: I can give the blind box to Sam.
[64] Jay: Can you find where it is?
[64] Jay: Oh got it.
[64] Jay: Okay so I will give this one to her.
[65] Jay: Emm...
[65] Jay: Okay ah let me wait for Sam...
[65] Jay: Oh Sam coming.
[65] Jay: I'm coming wait for me.
[66] Jay: Hello Sam! I'm coming.
[66] Sam: So guess what the gift is?
[66] Jay: Oh I can't know.
[66] Sam: Okay and for you.
[66] Jay: Oh my God... this one.
[66] Sam: Yeah Jay. You know I also prepared a gift for you here.
[66] Jay: Guess what this one.
[66] Sam: The same?
[66] Jay: Yeah yeah.
[66] Sam: We are friends.
[67] Jay: Bye.
[67] Jay: Lovely, my favorite blind box.
[67] Jay: Um let me think.
[68] Jay: Where should I put???
[68] Jay: Maybe I want to choose the most obvious the most apparent place for me.

Conversation 3: Jay and Sam reunite at Jay’s place, discussing work stress, career uncertainty, and Jay’s recent breakup from a long-distance relationship. They watch a variety show about escape rooms, share differing views on time limits, and decide on non-spicy lunch with fried pork slices and fruit. The household robot assists with fetching items, drinks, TV control, and cleaning. They express plans and interests in travel—Jay wants a seaside trip while Sam is keen on visiting Japan.
[13] Jay: Oh my God.
[13] Jay: What the exact time that Sam will be within me.
[13] Jay: Hey Robot could you tell me what the exact time?
[13] Jay: That Sam will come.
[13] robot: Sam will come at ten o'clock.
[13] Jay: Okay thank you.
[14] Jay: Oh it's Sam.
[14] Jay: It's Sam?
[14] Jay: I'm coming.
[14] Jay: Hey... yeah welcome it's long time no see.
[15] Jay: Okay, just okay, come with me.
[15] Jay: Okay, this way.
[15] Sam: Let's go...
[15] Sam: I'm really missing you...
[15] Jay: Didn't you.
[18] Sam: As for the promotion no one knows when it will happen.
[18] Jay: Oh my God it's so disappointing.
[18] Sam: What about you?
[18] Sam: Do you have a chance for um promotion?
[18] Jay: Oh hard to say.
[20] Jay: I hope so.
[20] Jay: Yeah and besides work.
[20] Sam: You have other plans or not like take a trip for relax?
[20] Jay: Yeah Emm... I do have those thoughts because Emm.
[21] Jay: I'm really looking forward to travel by the sea...
[21] Jay: Just to feel the breeze and and
[21] Jay: Swim do something around the sea.
[21] Jay: I will be relatively happy and refresh you know.
[21] Jay: I really want to refresh myself.
[22] Jay: Emm.
[22] Jay: Well...
[23] Jay: Maybe...
[23] Jay: Let's have some fruit?
[23] Sam: Oh yeah fruit is okay.
[24] Jay: Oh your fruit is orange
[24] Sam: Yeah
[24] Jay: So...
[24] Sam: Oh the...
[24] Sam: Oh did you put the dried food in the refrigerator?
[29] Jay: It's very famous.
[29] Sam: Oh it's about.
[29] Sam: Escape room?
[29] Jay: Yes escape room yeah.
[29] Sam: I love this kind of activity actually.
[32] Sam: And also it they seems to just come here to make up numbers you know.
[32] Sam: It makes me start my feet in frustration.
[32] Jay: Oh maybe.
[32] Jay: I think maybe they were too nervous when recording because.
[32] Jay: Afterward they are under the great pleasure and they also have a time limit you know.
[34] Sam: If it were slow and leisurely, all the suspense and tense atmosphere would be gone—how boring.
[34] Sam: Yeah thank you.
[34] Sam: Okay and do you think they will pass the next level.
[34] Jay: Emm hard to see because I have watched the preview.
[35] Jay: And you know ah the design of puzzle is very clever and even more complex than this one.
[35] Sam: Okay Emm let's just continue to see
[35] Jay: Yes.
[35] Sam: Oh what time is it now?
[36] Sam: Emm almost twelve.
[36] Sam: Yes I can um maybe it's time for lunch.
[42] Jay: Okay I have lunch. Okay.
[42] Jay: Ok sit here.
[43] Jay: Oh let's have lunch...
[43] Jay: Let me see my delicious lunch.
[43] Jay: Wow give you Okay.

Conversation 1: Jay interacts with a household robot, requesting help with turning on the TV and preparing breakfast items, and later asks it to set food on the coffee table. The robot offers breakfast suggestions, but Jay prefers familiar choices and continues watching TV and considering exercise. Jay receives a call from Sam, who plans to visit at ten o’clock with a gift, and Jay expresses excitement. Jay ends by asking the robot to prepare food for the upcoming visit.
[4] Jay: Oh my God, oh my God, let's clean it.
[5] Jay: It's so exciting of this PE sport.
[5] Jay: I want to do some exercise.
[5] Jay: Let's watch the TV again.
[6] Jay: let me see.

[Step 2] Evaluating semantic answer...
Action: [Answer]
Content: They plan to go mountain climbing.
FINAL ANSWER (from graph):
They plan to go mountain climbing.
Question: Why did Jay upset and nervous currently?

[Step 1] Searching the graph...
Parse Query Output:
{
  "query_triple": ["<Jay>", "is upset and nervous", "why", 0.95, 0.25, 0.2],
  "spatial_constraint": null,
  "speaker_strict": null,
  "allocation": {
    "k_high_level": 6,
    "k_low_level": 12,
    "k_conversations": 32,
    "total_k": 50,
    "reasoning": "Motivation/why query about Jay's current emotional state. Use conversations primarily to find causes and explanations, supplement with a few high-level traits/relationships and some low-level recent actions or events that led to the state."
  }
}

Graph Search Results:
**High-Level Information (Character Attributes and Relationships): **

Character Attributes:
- Jay is: female (100), medium build (100), black pants (100)

Character Relationships:
- Jay relies on assistance from robot (90)
- Jay friends with Sam (95)
- Jay uses as a household assistant robot (90)

**Low-Level Information (Actions and Events): **

[4] Jay looks down at item. (living room)
[8] Jay looks down at phone. (living room and dining room)
[10] Jay stands by window. (living room)
[11] Jay asks for help. (living room)
[18] Jay looks down at table. (living room)
[54] Jay discusses plan. (living room)
[56] Jay says okay. (living room and enclosed balcony)
[56] Jay replies okay. (living room and enclosed balcony)
[58] Jay looks out window. (living room)
[63] Jay looks down at phone. (living room)
[63] Jay talks to robot. (living room)
[65] Jay stands by window. (sunroom and living room)

**Conversations: **

Conversation 3: Jay and Sam reunite at Jay’s place, discussing work stress, career uncertainty, and Jay’s recent breakup from a long-distance relationship. They watch a variety show about escape rooms, share differing views on time limits, and decide on non-spicy lunch with fried pork slices and fruit. The household robot assists with fetching items, drinks, TV control, and cleaning. They express plans and interests in travel—Jay wants a seaside trip while Sam is keen on visiting Japan.
[13] Jay: Oh my God.
[13] Jay: What the exact time that Sam will be within me.
[13] Jay: Hey Robot could you tell me what the exact time?
[16] Sam: So uh you must be so nervous.
[17] Sam: uh uh recently?
[17] Jay: Yes I'm really nervous and...
[17] Jay: I feel that my body my health is
[17] Jay: collapsing nowadays.
[17] Sam: Oh I'm not doing much better.
[17] Sam: Um because of our
[17] Sam: meeting clients anywhere and constantly.
[17] Sam: I'm always on the way.
[18] Jay: Oh my God...
[18] Sam: Yeah.
[18] Sam: And also
[18] Sam: As for the promotion no one knows when it will happen.
[18] Jay: Oh my God it's so disappointing.
[18] Sam: What about you?
[18] Sam: Do you have a chance for um promotion?
[18] Jay: Oh hard to say.
[18] Jay: You know my boss not satisfied with me.
[18] Jay: So I really don't know if I could be promoted this time.
[18] Sam: Okay well.
[18] Sam: What about your relationship your boyfriend and you?
[19] Jay: Oh my God my boyfriend I just broke up.
[19] Jay: Broke up with him the other day.
[19] Jay: You know we are having a long distance relationship.
[19] Jay: So it's really hard for us to maintain our relationship.
[19] Sam: Oh what a pity.
[20] Sam: Well but don't so upset.
[20] Jay: Okay.
[20] Sam: And you know.
[20] Sam: Relationship can be forced you can be forced.
[22] Sam: And I want to try some authornitc suschi.
[22] Sam: See some cherry blossom you know.
[22] Jay: Yeah...
[22] Sam: I'm always want to experience Japanese culture yet.
[22] Jay: Oh really? sounds great.
[22] Sam: Yeah I want drink some water or juice whatever.
[22] Jay: Emm.
[22] Jay: Well...
[23] Jay: Maybe...
[23] Jay: Let's have some fruit?
[23] Sam: Oh yeah fruit is okay.
[23] Sam: What's here? Oh fruit you bought it today.
[23] Jay: Yes...
[23] Sam: And also I bought some fruit in the fruit store because the fruit store is having a sale.
[23] Jay: Oh on sale yeah.
[24] Jay: Oh your fruit is orange
[24] Sam: Yeah
[24] Jay: So...
[24] Sam: Oh the...
[24] Sam: Oh did you put the dried food in the refrigerator?
[24] Jay: Yes of course.
[24] Jay: How do you know?
[24] Sam: But you know that.
[24] Sam: Tropical fruit like this is not suitable in refrigerator.
[27] Jay: Hey Robot could you turn on the TV for me?
[27] Jay: With the remote control on the desk.
[28] Jay: Oh.
[28] Jay: Boring I don't want a PE program.
[28] Sam: Me too it's a little boring for me yeah. Emm.
[32] Sam: And also it they seems to just come here to make up numbers you know.
[32] Sam: It makes me start my feet in frustration.
[32] Jay: Oh maybe.
[32] Jay: I think maybe they were too nervous when recording because.
[32] Jay: Afterward they are under the great pleasure and they also have a time limit you know.
[32] Jay: But. Emm.
[33] Sam: Emm um.
[33] Jay: But you know just from my perspective is too limited for their time.
[34] Jay: It's my feel that the contestants are under great pressure...
[34] Jay: Maybe they perform not so well.
[34] Sam: Oh but I actually think the time limit adds a sense of tension and excitement you know?
[35] Jay: I'm gonna look forward to the next section.
[35] Sam: Okay Emm let's just continue to see
[35] Jay: Yes.
[35] Sam: Oh what time is it now?
[36] Sam: Emm almost twelve.
[36] Jay: I want to emphasis I don't want any spicy food today.
[36] Sam: Spicy food?
[36] Jay: Yeah.
[36] Sam: You can't eat spicy food?
[36] Sam: Okay I won't mention who ate the most of that spicy shrimp last time...
[37] Jay: It's me.
[37] Sam: It's you.
[37] Jay: But you know I have eating too much these days so I have some mouth ulcers in my mouth.
[46] Sam: Okay fine it's okay.
[46] Jay: Okay so let's just tidy them up.
[46] Jay: Okay...
[46] Sam: Clean the table up.
[46] Sam: Okay I will do uh I will call the Robot do that.

Conversation 1: Jay interacts with a household robot, requesting help with turning on the TV and preparing breakfast items, and later asks it to set food on the coffee table. The robot offers breakfast suggestions, but Jay prefers familiar choices and continues watching TV and considering exercise. Jay receives a call from Sam, who plans to visit at ten o’clock with a gift, and Jay expresses excitement. Jay ends by asking the robot to prepare food for the upcoming visit.
[1] Jay: Hey Robot could you turn on the TV and we see the remote control on the desk.
[1] robot: OK
[1] Jay: Wow so exciting.
[2] Jay: Hey Robot could you fetch me a bottle of milk and some bread on the refrigerator for me?
[2] Jay: And put them on the coffee table.
[3] Jay: Do you have other recommendations for my breakfast?
[3] robot: Vegetable salad, fried egg sandwich, wontons are all good choices.
[3] Jay: Well it's a little troublesome for me.
[3] Jay: I still love my old friend.
[4] Jay: Emm a little bit hungry.

Conversation 4: Jay and Sam planned an outdoor activity for the next day after confirming sunny weather, deciding on mountain climbing and preparing items like snacks, umbrella, and a tent. They exchanged gifts (blind boxes) and affirmed their close friendship. Jay later spent time reading, took the robot’s health advice to rest, and set a wake-up reminder for 2 p.m.
[50] Jay: What do you think of just um continue to go shopping in the previous shopping mall that we have visited before.
[50] Sam: No no we've been there for many times and...
[50] Jay: Okay.
[50] Sam: I can recite... I can recite uh each floor for you...
[51] Jay: I think maybe you can recite everything in each floor for me.
[60] Jay: Okay thank you Robot.
[61] Jay: Well let me see who is calling on me.
[61] Sam: Hey Jay.
[61] Jay: Hey Sam what's wrong?
[61] Sam: I have told you that I will give you a gift.
[61] Jay: Yes.
[61] Jay: Oh yes I remember that but never mind.
[61] Sam: So wait for me and I will give it for you.
[62] Sam: So wait for me and I will give it for you...
[62] Jay: Okay so.
[62] Jay: Ah maybe I can go to fetch it by myself.
[62] Jay: You don't you don't need to go upstairs.
[64] Jay: Oh got it.
[64] Jay: Okay so I will give this one to her.
[65] Jay: Emm...
[65] Jay: Okay ah let me wait for Sam...
[65] Jay: Oh Sam coming.

Conversation 2: Jay mentions it has been a long time since seeing Sam and notes their glasses are dirty. Jay asks a robot for help cleaning the glasses using clothes on the desk.
[10] Jay: It is long time no see between me and Sam...
[10] Jay: Well what to say.
[10] Jay: It's a little dirty of our glasses.
[11] Jay: Hey Robot could you help me.

[Step 2] Evaluating semantic answer...
Action: [Answer]
Content: Jay is upset and nervous due to work stress, uncertainty about promotion, and a recent breakup from a long-distance relationship.
FINAL ANSWER (from graph):
Jay is upset and nervous due to work stress, uncertainty about promotion, and a recent breakup from a long-distance relationship.
Question: Is it okay to store freshly purchased dragon fruit in the refrigerator?

[Step 1] Searching the graph...
Parse Query Output:
{
  "query_triple": [null, "storage advice for dragon fruit", "refrigerator", 0.1, 0.3, 0.6],
  "spatial_constraint": null,
  "speaker_strict": null,
  "allocation": {
    "k_high_level": 2,
    "k_low_level": 8,
    "k_conversations": 10,
    "total_k": 20,
    "reasoning": "The query is general advice, not about specific video characters, actions, or dialogue. Minimal allocation to avoid overfetching; no specific entities or scenes to target."
  }
}

Graph Search Results:
**High-Level Information (Character Attributes and Relationships): **

Character Attributes:
- robot is: helpful assistant (95)

Character Relationships:
- Jay uses as a household assistant robot (90)

**Low-Level Information (Actions and Events): **

[3] drink is inside refrigerator. (living room)
[3] vegetable is inside refrigerator. (living room)
[7] Jay keeps handbag. (living room)
[8] robot lifts plastic bag containing apple and vegetable. (living room and dining room)
[38] dragon fruit runs out. (living room)
[38] Jay decides to order dragon fruit. (living room)
[43] Sam opens food container. (dining room)
[58] slipper is inside drawer. (living room)

**Conversations: **

Conversation 3: Jay and Sam reunite at Jay’s place, discussing work stress, career uncertainty, and Jay’s recent breakup from a long-distance relationship. They watch a variety show about escape rooms, share differing views on time limits, and decide on non-spicy lunch with fried pork slices and fruit. The household robot assists with fetching items, drinks, TV control, and cleaning. They express plans and interests in travel—Jay wants a seaside trip while Sam is keen on visiting Japan.
[22] Jay: Well...
[23] Jay: Maybe...
[23] Jay: Let's have some fruit?
[23] Sam: Oh yeah fruit is okay.
[23] Sam: What's here? Oh fruit you bought it today.
[23] Jay: Yes...
[23] Sam: And also I bought some fruit in the fruit store because the fruit store is having a sale.
[23] Sam: And I bought apples grapes and watermelon and oranges.
[24] Sam: And you know that my favorite is oranges.
[24] Jay: Oh your fruit is orange
[24] Sam: Yeah
[24] Jay: So...
[24] Sam: Oh the...
[24] Sam: Oh did you put the dried food in the refrigerator?
[24] Jay: Yes of course.
[24] Jay: How do you know?
[24] Sam: But you know that.
[24] Sam: Tropical fruit like this is not suitable in refrigerator.
[24] Sam: Because it can affect its taste.
[25] Jay: Oh no wonder.
[25] Jay: No wonder that I every time I ate the dragon fruit.
[25] Jay: I feel its skin is wrinkled.
[25] Sam: Yeah yeah.
[38] Sam: Yeah it's Okay Okay.
[38] Jay: I will order them.
[38] Jay: Maybe we can order some fruit.
[38] Jay: Because we see we are running out of our dragon fruit.
[38] Jay: I'll order some dragon fruit.
[38] Jay: And do you want some pineapples?
[39] Jay: Okay I will order them.

[Step 2] Evaluating semantic answer...
Action: [Answer]
Content: No, Sam says tropical fruits like dragon fruit shouldn’t be stored in the refrigerator because it can affect their taste.
FINAL ANSWER (from graph):
No, Sam says tropical fruits like dragon fruit shouldn’t be stored in the refrigerator because it can affect their taste.
Question: Does Jay like spicy food or not?

[Step 1] Searching the graph...
Parse Query Output:
{
  "query_triple": ["<Jay>", "likes", "spicy food", 0.95, 0.3, 0.6],
  "spatial_constraint": null,
  "speaker_strict": null,
  "allocation": {
    "k_high_level": 8,
    "k_low_level": 12,
    "k_conversations": 30,
    "total_k": 50,
    "reasoning": "Preference query (yes/no) likely stated in dialogue or as a trait. Use high-level for character preference traits, conversations for explicit statements, and some low-level edges for evidence like eating reactions."
  }
}

Graph Search Results:
**High-Level Information (Character Attributes and Relationships): **

Character Attributes:
- Jay is: female (100), black pants (100), long wavy dark hair (100)

Character Relationships:
- Jay friends with Sam (95)
- robot supports Jay (85)
- Jay relies on assistance from robot (90)
- Jay uses as a household assistant robot (90)
- Sam trusts Jay (85)

**Low-Level Information (Actions and Events): **

[36] Jay states Jay does not want spicy food. (living room)
[36] Jay asks about eating spicy food. (living room)
[37] Jay discusses food choice. (living room)
[43] Jay sets small bowl. (dining room)
[43] Jay sniffs food. (dining room)
[43] Jay arranges food. (dining room)
[44] food is to Jay. (dining room)
[44] Jay leans forward toward offered food. (dining room)
[45] Jay holds chopstick. (dining room)
[46] Jay touches food container. (dining room)
[46] Jay asks to put food. (dining room)
[64] Jay holds spoon. (living room and balcony)

**Conversations: **

Conversation 3: Jay and Sam reunite at Jay’s place, discussing work stress, career uncertainty, and Jay’s recent breakup from a long-distance relationship. They watch a variety show about escape rooms, share differing views on time limits, and decide on non-spicy lunch with fried pork slices and fruit. The household robot assists with fetching items, drinks, TV control, and cleaning. They express plans and interests in travel—Jay wants a seaside trip while Sam is keen on visiting Japan.
[18] Sam: What about you?
[18] Sam: Do you have a chance for um promotion?
[18] Jay: Oh hard to say.
[18] Jay: You know my boss not satisfied with me.
[18] Jay: So I really don't know if I could be promoted this time.
[19] Sam: Oh what a pity.
[20] Sam: Well but don't so upset.
[20] Jay: Okay.
[20] Sam: And you know.
[20] Sam: Relationship can be forced you can be forced.
[22] Jay: Emm.
[22] Jay: Well...
[23] Jay: Maybe...
[23] Jay: Let's have some fruit?
[23] Sam: Oh yeah fruit is okay.
[23] Sam: What's here? Oh fruit you bought it today.
[23] Jay: Yes...
[23] Sam: And also I bought some fruit in the fruit store because the fruit store is having a sale.
[23] Jay: Oh on sale yeah.
[24] Jay: Oh your fruit is orange
[24] Sam: Yeah
[24] Jay: So...
[24] Sam: Oh the...
[24] Sam: Oh did you put the dried food in the refrigerator?
[24] Jay: Yes of course.
[24] Jay: How do you know?
[24] Sam: But you know that.
[24] Sam: Tropical fruit like this is not suitable in refrigerator.
[25] Sam: Okay.
[25] Jay: Emm so now are you thirsty?
[25] Jay: Do you want something to drink?
[25] Jay: Okay. Emm.
[25] Jay: Hello Robot.
[29] Jay: Yes escape room yeah.
[29] Sam: I love this kind of activity actually.
[29] Jay: Oh you love it.
[29] Sam: That's so interesting.
[29] Sam: Wow so exciting.
[32] Sam: And also it they seems to just come here to make up numbers you know.
[32] Sam: It makes me start my feet in frustration.
[32] Jay: Oh maybe.
[32] Jay: I think maybe they were too nervous when recording because.
[32] Jay: Afterward they are under the great pleasure and they also have a time limit you know.
[35] Jay: I'm gonna look forward to the next section.
[35] Sam: Okay Emm let's just continue to see
[35] Jay: Yes.
[35] Sam: Oh what time is it now?
[36] Sam: Emm almost twelve.
[36] Sam: Maybe we can take us. Order the takeout.
[36] Jay: Emm yes but...
[36] Jay: I want to emphasis I don't want any spicy food today.
[36] Sam: Spicy food?
[36] Jay: Yeah.
[36] Sam: You can't eat spicy food?
[36] Sam: Okay I won't mention who ate the most of that spicy shrimp last time...
[37] Jay: It's me.
[37] Sam: It's you.
[37] Jay: But you know I have eating too much these days so I have some mouth ulcers in my mouth.
[37] Jay: So if I just eat some spicy food today it will hurt me a lot.
[37] Sam: Okay fine.
[37] Sam: But I also want to eat something.
[37] Sam: Emm with a bit more—
[37] Jay: Flavor?
[37] Jay: Emm it's hard to choose what it is.
[38] Jay: Maybe we can ask the Robot.
[42] Jay: Ok sit here.
[43] Jay: Oh let's have lunch...
[43] Jay: Let me see my delicious lunch.
[43] Jay: Wow give you Okay.
[43] Jay: Just you open that one.
[43] Sam: This is pork slice?
[43] Jay: Yes pork slice is very famous.
[43] Jay: I have noticed that it was very delicious and just.
[43] Jay: Have a bite...
[44] Sam: Emm yummy.
[44] Sam: Have a try.
[44] Jay: I remember that you love vegetables right?
[44] Jay: I remember that you are a...
[44] Sam: Vegetarian.
[44] Jay: Yes almost a vegetarian.
[44] Jay: You love every green vegetables right? Okay.
[45] Jay: So just have more.
[45] Sam: I'm a little full. Why.

Conversation 4: Jay and Sam planned an outdoor activity for the next day after confirming sunny weather, deciding on mountain climbing and preparing items like snacks, umbrella, and a tent. They exchanged gifts (blind boxes) and affirmed their close friendship. Jay later spent time reading, took the robot’s health advice to rest, and set a wake-up reminder for 2 p.m.
[50] Jay: What do you think of just um continue to go shopping in the previous shopping mall that we have visited before.
[50] Sam: No no we've been there for many times and...
[50] Jay: Okay.
[50] Sam: I can recite... I can recite uh each floor for you...
[51] Jay: I think maybe you can recite everything in each floor for me.
[52] Jay: I think it's a good idea for us to go mountain climbing.
[52] Sam: Yeah it's okay.
[52] Jay: You love it?
[52] Jay: Okay so maybe we can have a plan about where to go and what to prepare today.
[52] Jay: And also we need to write down some cautions you know.
[54] Jay: Okay. Thank you.
[54] Jay: So I think we should Emm catch our umbrella or...
[54] Jay: Food snacks.
[54] Sam: Emm yes.
[54] Jay: And also maybe we have a tent yeah.
[61] Jay: Hey Sam what's wrong?
[61] Sam: I have told you that I will give you a gift.
[61] Jay: Yes.
[61] Jay: Oh yes I remember that but never mind.
[61] Sam: So wait for me and I will give it for you.

Conversation 1: Jay interacts with a household robot, requesting help with turning on the TV and preparing breakfast items, and later asks it to set food on the coffee table. The robot offers breakfast suggestions, but Jay prefers familiar choices and continues watching TV and considering exercise. Jay receives a call from Sam, who plans to visit at ten o’clock with a gift, and Jay expresses excitement. Jay ends by asking the robot to prepare food for the upcoming visit.
[2] Jay: And put them on the coffee table.
[3] Jay: Thank you Robot.
[3] Jay: So it looks yummy.
[3] Jay: So Hey Robot.
[3] Jay: Do you have other recommendations for my breakfast?
[3] Jay: Well it's a little troublesome for me.
[3] Jay: I still love my old friend.
[4] Jay: Emm a little bit hungry.
[4] Jay: Let's drink some milk.
[4] Jay: So exciting of this game.

[Step 2] Evaluating semantic answer...
Action: [Answer]
Content: Jay does not like spicy food.
FINAL ANSWER (from graph):
Jay does not like spicy food.
Question: Where should Robot take the cloth from?

[Step 1] Searching the graph...
Parse Query Output:
{
  "query_triple": ["<Robot>", "takes from", "cloth", 0.95, 0.3, 0.6],
  "spatial_constraint": null,
  "speaker_strict": null,
  "allocation": {
    "k_high_level": 4,
    "k_low_level": 40,
    "k_conversations": 6,
    "total_k": 50,
    "reasoning": "Location/source-of-object action query. Emphasize low-level edges to find where the cloth is taken from; minimal high-level and conversations."
  }
}

Graph Search Results:
**High-Level Information (Character Attributes and Relationships): **

Character Attributes:
- robot is: no visible face (100), black gloves (100), helpful assistant (95)

Character Relationships:
- Jay relies on assistance from robot (90)

**Low-Level Information (Actions and Events): **

[1] robot returns remote. (living room)
[1] remote is on table. (living room)
[2] bread is from refrigerator. (living room leading to kitchen)
[4] robot holds camera. (living room)
[4] cup is from table. (living room)
[4] cup is on table. (living room)
[4] Jay places down cloth. (living room)
[6] Jay adjusts object. (living room)
[6] Jay moves object. (living room)
[6] object is near tissue box. (living room)
[6] object is near cup. (living room)
[6] rectangular device is from table. (living room)
[6] Jay examines object. (living room)
[8] Jay calls robot. (living room and dining room)
[9] bottle is from drawer. (living room and kitchen)
[11] robot wipes with cloth. (living room)
[12] robot adjusts camera. (living room)
[12] cleaning cloth is on table. (living room)
[14] cup is from coffee table. (living room and entryway sunroom)
[27] robot picks up remote control. (living room)
[27] remote control is from glass table. (living room)
[27] robot points remote. (living room)
[27] remote is at screen. (living room)
[28] remote is on desk. (living room)
[29] camera moves across living room. (living room)
[35] device is on coffee table area. (living room)
[46] Sam mentions calling robot. (dining room)
[46] Jay greets robot. (dining room)
[46] container is on table. (dining room)
[47] robot holds camera. (dining room)
[47] striped plastic bag is from table. (dining room)
[54] robot responds from behind camera. (living room)
[56] black jacket is from sofa. (living room and enclosed balcony)
[60] camera is around room. (living room)
[62] cup is on table. (living room)
[62] small object is near cup. (living room)
[64] bag is on floor. (living room and balcony)
[66] box is already opened. (apartment hallway by doorway)
[69] item is from coffee table. (living room)
[71] book is from table. (home living room and bedroom)

**Conversations: **

Conversation 3: Jay and Sam reunite at Jay’s place, discussing work stress, career uncertainty, and Jay’s recent breakup from a long-distance relationship. They watch a variety show about escape rooms, share differing views on time limits, and decide on non-spicy lunch with fried pork slices and fruit. The household robot assists with fetching items, drinks, TV control, and cleaning. They express plans and interests in travel—Jay wants a seaside trip while Sam is keen on visiting Japan.
[14] Sam: If it is necessary for me to change into the slippers.
[14] Jay: Yeah of course.
[14] Jay: Hey Robot please take the slippers.
[14] Jay: Gray slippers on the first layer of our shoe rack.
[15] Jay: Thank you Robot.
[46] Jay: Okay hello Robot.
[46] Jay: Please tidy the dining table for me and just put our food into the rubbish can and also.
[47] Jay: Go to fetch the purple clothes on the desk in the living room and just clean the table. Okay.

Conversation 4: Jay and Sam planned an outdoor activity for the next day after confirming sunny weather, deciding on mountain climbing and preparing items like snacks, umbrella, and a tent. They exchanged gifts (blind boxes) and affirmed their close friendship. Jay later spent time reading, took the robot’s health advice to rest, and set a wake-up reminder for 2 p.m.
[56] Sam: So change my shoes.
[57] Jay: Just put your shoes here.
[57] Jay: Okay I will let the Robot do that.
[57] Jay: So okay bye.
[57] Sam: See you next time.
[57] Jay: Next time bye.
[57] Jay: Hello Robot, could you please put the slippers in their original place, please?
[58] Jay: Ok... Sam is gone... It is my home time.
[58] Jay: It's a little bit boring for me to stay alone.

Conversation 1: Jay interacts with a household robot, requesting help with turning on the TV and preparing breakfast items, and later asks it to set food on the coffee table. The robot offers breakfast suggestions, but Jay prefers familiar choices and continues watching TV and considering exercise. Jay receives a call from Sam, who plans to visit at ten o’clock with a gift, and Jay expresses excitement. Jay ends by asking the robot to prepare food for the upcoming visit.
[1] Jay: Well it's a good day but it's a little bit boring.
[1] Jay: Hey Robot could you turn on the TV and we see the remote control on the desk.
[1] robot: OK
[1] Jay: Wow so exciting.
[2] Jay: Hey Robot could you fetch me a bottle of milk and some bread on the refrigerator for me?
[2] Jay: And put them on the coffee table.
[3] Jay: Thank you Robot.

[Step 2] Evaluating semantic answer...
Action: [Answer]
Content: From the desk in the living room.
FINAL ANSWER (from graph):
From the desk in the living room.
Question: What should the Robot do with slippers after guests leave？

[Step 1] Searching the graph...
Parse Query Output:
{
  "query_triple": ["<Robot>", "should do with", "slippers after guests leave", 0.95, 0.25, 0.6],
  "spatial_constraint": null,
  "speaker_strict": null,
  "allocation": {
    "k_high_level": 6,
    "k_low_level": 34,
    "k_conversations": 10,
    "total_k": 50,
    "reasoning": "Instruction/policy-style action query tied to a temporal condition. Prioritize low-level edges to find concrete actions involving Robot, slippers, and the event of guests leaving; include some conversations for explicit instructions or rules; a few high-level edges in case there are general norms or roles encoded."
  }
}

Graph Search Results:
**High-Level Information (Character Attributes and Relationships): **

Character Attributes:
- Jay is: medium build (100), female (100)
- robot is: black gloves (100), no visible face (100), helpful assistant (95)

Character Relationships:
- Jay friends with Sam (95)

**Low-Level Information (Actions and Events): **

[1] remote is on table. (living room)
[2] items should be put on coffee table. (living room leading to kitchen)
[6] Jay adjusts object. (living room)
[6] Jay moves object. (living room)
[6] object is near tissue box. (living room)
[6] object is near cup. (living room)
[6] Jay examines object. (living room)
[8] Jay calls robot. (living room and dining room)
[12] robot adjusts camera. (living room)
[14] gray slipper is on first layer of shoe rack. (living room and entryway sunroom)
[15] pair of gray slipper is from first layer. (apartment hallway and living room)
[15] gray slipper is on floor. (apartment hallway and living room)
[27] remote control is from glass table. (living room)
[27] remote is at screen. (living room)
[28] TV program change uses remote. (living room)
[28] remote is on desk. (living room)
[29] camera moves across living room. (living room)
[35] Sam watches device. (living room)
[35] Jay taps on device. (living room)
[35] Jay keeps handling device. (living room)
[35] device is on coffee table area. (living room)
[46] Sam mentions calling robot. (dining room)
[46] Jay greets robot. (dining room)
[57] slipper is on floor. (entryway)
[57] slipper is beside door. (entryway)
[57] slipper is in original place. (entryway)
[57] pair of brown slipper is on floor. (entryway)
[57] slipper is at cabinet area. (entryway)
[58] slipper is inside drawer. (living room)
[60] camera is around room. (living room)
[65] Jay looks at box. (sunroom and living room)
[65] Jay handles box. (sunroom and living room)
[66] box is already opened. (apartment hallway by doorway)
[67] Jay looks at box. (sunroom and living room)

**Conversations: **

Conversation 4: Jay and Sam planned an outdoor activity for the next day after confirming sunny weather, deciding on mountain climbing and preparing items like snacks, umbrella, and a tent. They exchanged gifts (blind boxes) and affirmed their close friendship. Jay later spent time reading, took the robot’s health advice to rest, and set a wake-up reminder for 2 p.m.
[54] Jay: Okay. Emm.
[54] Jay: So hello Robot could you play some music for me?
[54] robot: OK
[54] Jay: Okay. Thank you.
[54] Jay: So I think we should Emm catch our umbrella or...
[56] Sam: I forget it.
[56] Sam: So change my shoes.
[57] Jay: Just put your shoes here.
[57] Jay: Okay I will let the Robot do that.
[57] Jay: So okay bye.
[57] Sam: See you next time.
[57] Jay: Next time bye.
[57] Jay: Hello Robot, could you please put the slippers in their original place, please?
[58] Jay: Ok... Sam is gone... It is my home time.
[58] Jay: It's a little bit boring for me to stay alone.
[63] Jay: What do you think should I give to her?
[63] robot: Friends don't necessarily need to calculate everything clearly every time, but if you really wants to give something,
[64] robot: It is suggested to give some items you previously bought that are still unopened.
[64] Jay: OK I will follow your advice a good suggestion.
[64] Jay: Oh let me find where is my blind box.

Conversation 3: Jay and Sam reunite at Jay’s place, discussing work stress, career uncertainty, and Jay’s recent breakup from a long-distance relationship. They watch a variety show about escape rooms, share differing views on time limits, and decide on non-spicy lunch with fried pork slices and fruit. The household robot assists with fetching items, drinks, TV control, and cleaning. They express plans and interests in travel—Jay wants a seaside trip while Sam is keen on visiting Japan.
[14] Jay: Hey... yeah welcome it's long time no see.
[14] Jay: And.
[14] Sam: If it is necessary for me to change into the slippers.
[14] Jay: Yeah of course.
[14] Jay: Hey Robot please take the slippers.
[14] Jay: Gray slippers on the first layer of our shoe rack.
[15] Jay: Thank you Robot.
[15] Jay: Okay, just okay, come with me.
[25] Jay: Hello Robot.
[25] Jay: Could you please fetch us some drinks on the refrigerator
[25] robot: OK
[26] Sam: Thank you Robot.
[26] robot: There was also milk, strawberry juice, and apple juice in the fridge. Do you want to switch to something else?

Conversation 1: Jay interacts with a household robot, requesting help with turning on the TV and preparing breakfast items, and later asks it to set food on the coffee table. The robot offers breakfast suggestions, but Jay prefers familiar choices and continues watching TV and considering exercise. Jay receives a call from Sam, who plans to visit at ten o’clock with a gift, and Jay expresses excitement. Jay ends by asking the robot to prepare food for the upcoming visit.
[1] Jay: Well it's a good day but it's a little bit boring.
[1] Jay: Hey Robot could you turn on the TV and we see the remote control on the desk.
[1] robot: OK
[1] Jay: Wow so exciting.
[2] Jay: Hey Robot could you fetch me a bottle of milk and some bread on the refrigerator for me?

[Step 2] Evaluating semantic answer...
Action: [Answer]
Content: Put the slippers back in their original place.
FINAL ANSWER (from graph):
Put the slippers back in their original place.
Question: Did Jay eat much these days?

[Step 1] Searching the graph...
Parse Query Output:
{
  "query_triple": ["<Jay>", "eats amount", "these days", 0.95, 0.25, 0.5],
  "spatial_constraint": null,
  "speaker_strict": null,
  "allocation": {
    "k_high_level": 6,
    "k_low_level": 32,
    "k_conversations": 12,
    "total_k": 50,
    "reasoning": "Quantitative behavior over recent time; use low-level edges to gather eating actions and quantities, some high-level for habitual traits, and some conversations for self-reported appetite."
  }
}

Graph Search Results:
**High-Level Information (Character Attributes and Relationships): **

Character Relationships:
- Jay relies on assistance from robot (90)
- Jay uses as a household assistant robot (90)
- Jay friends with Sam (95)
- robot supports Jay (85)
- Jay is user of household assistant robot (95)
- robot supports and serves Jay (95)

**Low-Level Information (Actions and Events): **

[10] Jay looks at outside. (living room)
[11] Jay asks for help. (living room)
[18] Jay looks at item. (living room)
[19] Jay says Jay's breakup happens the other day. (living room)
[24] Jay looks at item. (living room)
[36] Jay asks about eating spicy food. (living room)
[38] Jay suggests dish. (living room)
[39] Jay sits couch. (living room and balcony hallway)
[43] Jay explains dish. (dining room)
[43] Sam eats side by side with Jay. (dining room)
[45] Jay eats bite. (dining room)
[45] Jay eats from dish. (dining room)
[46] Jay gathers container. (dining room)
[51] Jay depends on weather. (living room)
[56] Jay sits couch. (living room and enclosed balcony)
[56] Jay says it is a little late. (living room and enclosed balcony)
[56] Jay says okay. (living room and enclosed balcony)
[56] Jay replies okay. (living room and enclosed balcony)
[58] Jay enters living room. (living room)
[60] Jay takes book. (living room)
[60] Jay receives book. (living room)
[60] Jay reads quietly book. (living room)
[61] Jay reads magazine. (living room)
[64] Jay eats from bowl. (living room and balcony)
[65] Jay looks at box. (sunroom and living room)
[65] Jay enters living room. (sunroom and living room)
[67] Jay looks at box. (sunroom and living room)
[67] Jay accepts box. (sunroom and living room)
[67] Jay enters living room. (sunroom and living room)
[69] Jay reads book. (living room)
[69] Jay holds book. (living room)
[70] Jay reads magazine. (living room)

**Conversations: **

Conversation 1: Jay interacts with a household robot, requesting help with turning on the TV and preparing breakfast items, and later asks it to set food on the coffee table. The robot offers breakfast suggestions, but Jay prefers familiar choices and continues watching TV and considering exercise. Jay receives a call from Sam, who plans to visit at ten o’clock with a gift, and Jay expresses excitement. Jay ends by asking the robot to prepare food for the upcoming visit.
[3] Jay: Well it's a little troublesome for me.
[3] Jay: I still love my old friend.
[4] Jay: Emm a little bit hungry.
[4] Jay: Let's drink some milk.
[4] Jay: So exciting of this game.

Conversation 3: Jay and Sam reunite at Jay’s place, discussing work stress, career uncertainty, and Jay’s recent breakup from a long-distance relationship. They watch a variety show about escape rooms, share differing views on time limits, and decide on non-spicy lunch with fried pork slices and fruit. The household robot assists with fetching items, drinks, TV control, and cleaning. They express plans and interests in travel—Jay wants a seaside trip while Sam is keen on visiting Japan.
[17] Jay: Yes I'm really nervous and...
[17] Jay: I feel that my body my health is
[17] Jay: collapsing nowadays.
[17] Sam: Oh I'm not doing much better.
[17] Sam: Um because of our
[22] Jay: Well...
[23] Jay: Maybe...
[23] Jay: Let's have some fruit?
[23] Sam: Oh yeah fruit is okay.
[23] Sam: What's here? Oh fruit you bought it today.
[37] Jay: It's me.
[37] Sam: It's you.
[37] Jay: But you know I have eating too much these days so I have some mouth ulcers in my mouth.
[37] Jay: So if I just eat some spicy food today it will hurt me a lot.
[37] Sam: Okay fine.
[37] Sam: But I also want to eat something.
[37] Sam: Emm with a bit more—
[37] Jay: Flavor?
[37] Jay: Emm it's hard to choose what it is.
[38] Jay: Maybe we can ask the Robot.
[42] Jay: Okay I have lunch. Okay.
[42] Jay: Ok sit here.
[43] Jay: Oh let's have lunch...
[43] Jay: Let me see my delicious lunch.
[43] Jay: Wow give you Okay.
[43] Sam: This is pork slice?
[43] Jay: Yes pork slice is very famous.
[43] Jay: I have noticed that it was very delicious and just.
[43] Jay: Have a bite...
[44] Sam: Emm yummy.
[44] Sam: Have a try.
[44] Jay: I remember that you love vegetables right?
[44] Jay: I remember that you are a...
[44] Sam: Vegetarian.
[44] Jay: Yes almost a vegetarian.
[44] Jay: You love every green vegetables right? Okay.
[45] Jay: So just have more.

Conversation 4: Jay and Sam planned an outdoor activity for the next day after confirming sunny weather, deciding on mountain climbing and preparing items like snacks, umbrella, and a tent. They exchanged gifts (blind boxes) and affirmed their close friendship. Jay later spent time reading, took the robot’s health advice to rest, and set a wake-up reminder for 2 p.m.
[49] Jay: Okay let's go to the living room.
[49] Sam: Okay
[49] Jay: Oh you know every time when I finish my lunch.
[49] Jay: I just want to lie in my sofa.
[49] Jay: It's so comfortable for me.
[54] Jay: Okay. Thank you.
[54] Jay: So I think we should Emm catch our umbrella or...
[54] Jay: Food snacks.
[54] Sam: Emm yes.
[54] Jay: And also maybe we have a tent yeah.

[Step 2] Evaluating semantic answer...
Action: [Answer]
Content: Yes, Jay said he has been eating too much these days.
FINAL ANSWER (from graph):
Yes, Jay said he has been eating too much these days.
Question: Does sam put it into practice or just talk about it?

[Step 1] Searching the graph...
Parse Query Output:
{
  "query_triple": ["<Sam>", "does", "practice_vs_talk", 0.95, 0.25, 0.5],
  "spatial_constraint": null,
  "speaker_strict": ["<Sam>"],
  "allocation": {
    "k_high_level": 6,
    "k_low_level": 24,
    "k_conversations": 20,
    "total_k": 50,
    "reasoning": "Comparative action vs talk query about Sam. Use low-level edges to find concrete actions indicating practice, and conversations to capture Sam's talk. Include some high-level for traits (e.g., 'talkative', 'practices'). Restrict conversations to Sam as speaker."
  }
}

Graph Search Results:
**High-Level Information (Character Attributes and Relationships): **

Character Attributes:
- Sam is: female (100), dark pants (100), holds gift box (100)

Character Relationships:
- Jay friends with Sam (95)
- Sam trusts Jay (85)
- Jay is friend with Sam (95)

**Low-Level Information (Actions and Events): **

[18] Sam asks Jay. (living room)
[26] Sam sits couch. (living room and dining room)
[30] Sam watches show. (living room)
[32] Sam sits on center couch. (living room)
[34] Sam asks Jay. (living room)
[36] Sam sits on center couch. (living room)
[36] Jay asks Sam. (living room)
[38] Jay asks Sam. (living room)
[39] Jay asks Sam. (living room and balcony hallway)
[40] Sam uses phone. (living room)
[42] Sam approaches table. (living room and dining room)
[43] Sam sits at table. (dining room)
[43] Sam accepts container. (dining room)
[43] Jay asks Sam. (dining room)
[44] Sam uses chopstick. (dining room)
[45] Sam sits at table. (dining room)
[45] Sam uses chopstick. (dining room)
[51] Sam asks Jay. (living room)
[52] Sam agrees with suggestion. (living room)
[52] Jay asks Sam. (living room)
[54] Sam adds comment. (living room)
[56] Sam sits couch. (living room and enclosed balcony)
[56] Sam says time to go. (living room and enclosed balcony)
[56] Sam mentions work to do. (living room and enclosed balcony)

**Conversations: **

Conversation 4: Jay and Sam planned an outdoor activity for the next day after confirming sunny weather, deciding on mountain climbing and preparing items like snacks, umbrella, and a tent. They exchanged gifts (blind boxes) and affirmed their close friendship. Jay later spent time reading, took the robot’s health advice to rest, and set a wake-up reminder for 2 p.m.
[49] Jay: Okay let's go to the living room.
[49] Sam: Okay
[49] Jay: Oh you know every time when I finish my lunch.
[49] Jay: I just want to lie in my sofa.
[49] Jay: It's so comfortable for me.
[50] Sam: Yeah I think so...
[50] Jay: Emm what do you think of our travel plan tomorrow?
[50] Jay: What do you think of just um continue to go shopping in the previous shopping mall that we have visited before.
[52] Jay: Okay so maybe we can have a plan about where to go and what to prepare today.
[52] Jay: And also we need to write down some cautions you know.
[53] Sam: Yeah.
[53] Jay: So let's get started.
[53] Sam: Okay let's get started. Emm.
[53] Jay: Maybe we can make the plan on our phones.
[53] Sam: Yeah
[53] Sam: You know um I had long wanted to go hiking but never um just... put it into practice.
[53] Sam: Oh your wishes will come true for them.
[53] Sam: So.
[53] Jay: Emm but for me.
[53] Jay: You know my MBTI is ENFP so making plans is really tired for me.
[54] Jay: So I think we should Emm catch our umbrella or...
[54] Jay: Food snacks.
[54] Sam: Emm yes.
[54] Jay: And also maybe we have a tent yeah.
[55] Sam: Emm yes Emm Jay: And also maybe we have a tent yeah.
[55] Jay: We can go for picnic in the mountain and we can lying in the sunshine and also feeling the warmth of the spring.
[55] Sam: It is very good I think
[55] Jay: It must be marvelous.
[55] Sam: Yeah I'm looking forward.
[56] Sam: Oh my clothes.
[56] Sam: Oh wait for you.
[56] Sam: I forget it.
[56] Sam: So change my shoes.
[57] Jay: Just put your shoes here.
[66] Sam: Yeah Jay. You know I also prepared a gift for you here.
[66] Jay: Guess what this one.
[66] Sam: The same?
[66] Jay: Yeah yeah.
[66] Sam: We are friends.

Conversation 3: Jay and Sam reunite at Jay’s place, discussing work stress, career uncertainty, and Jay’s recent breakup from a long-distance relationship. They watch a variety show about escape rooms, share differing views on time limits, and decide on non-spicy lunch with fried pork slices and fruit. The household robot assists with fetching items, drinks, TV control, and cleaning. They express plans and interests in travel—Jay wants a seaside trip while Sam is keen on visiting Japan.
[16] Sam: Wow you're so busy.
[16] Sam: So uh you must be so nervous.
[17] Sam: uh uh recently?
[17] Jay: Yes I'm really nervous and...
[17] Jay: I feel that my body my health is
[17] Sam: companies business expanding.
[17] Sam: And I'm running around.
[17] Sam: meeting clients anywhere and constantly.
[17] Sam: I'm always on the way.
[18] Jay: Oh my God...
[18] Sam: Yeah.
[18] Sam: And also
[18] Sam: As for the promotion no one knows when it will happen.
[18] Jay: Oh my God it's so disappointing.
[18] Sam: What about you?
[18] Sam: Do you have a chance for um promotion?
[18] Jay: Oh hard to say.
[22] Sam: I'm always want to experience Japanese culture yet.
[22] Jay: Oh really? sounds great.
[22] Sam: yeah.
[22] Jay: Emm so... maybe are you thirsty?
[22] Sam: Yeah I want drink some water or juice whatever.
[24] Sam: And you know that my favorite is oranges.
[24] Jay: Oh your fruit is orange
[24] Sam: Yeah
[24] Jay: So...
[24] Sam: Oh the...
[25] Jay: No wonder that I every time I ate the dragon fruit.
[25] Jay: I feel its skin is wrinkled.
[25] Sam: Yeah yeah.
[25] Jay: I will never do that again
[25] Sam: Okay.
[29] Jay: Oh this variety have you ever noticed it?
[29] Jay: It's very famous.
[29] Sam: Oh it's about.
[29] Sam: Escape room?
[29] Jay: Yes escape room yeah.
[31] Jay: What a great match!
[31] Sam: It's so cool! I agree with you.
[31] Sam: And I think.
[31] Sam: But the other members are really frustrating though.
[31] Sam: They mess up at the critical moments are completely unhelpful.
[43] Jay: Have a bite...
[44] Sam: Emm yummy.
[44] Sam: Have a try.
[44] Jay: I remember that you love vegetables right?
[44] Jay: I remember that you are a...

[Step 2] Evaluating semantic answer...
Action: [Answer]
Content: Sam just talked about hiking and hadn’t put it into practice.
FINAL ANSWER (from graph):
Sam just talked about hiking and hadn’t put it into practice.
Question: What's the relationship between Jay and Sam?

[Step 1] Searching the graph...
Parse Query Output:
{
  "query_triple": ["<Jay>", "relationship", "<Sam>", 0.95, 0.25, 0.95],
  "spatial_constraint": null,
  "speaker_strict": null,
  "allocation": {
    "k_high_level": 10,
    "k_low_level": 10,
    "k_conversations": 30,
    "total_k": 50,
    "reasoning": "Relationship query between specific characters; use high-level edges for traits/relationships and conversations for evidence or context, with minimal low-level actions."
  }
}

Graph Search Results:
**High-Level Information (Character Attributes and Relationships): **

Character Attributes:
- Jay is: female (100)
- Sam is: female (100)

Character Relationships:
- Jay friends with Sam (95)
- Sam trusts Jay (85)
- Jay is friend with Sam (95)
- Jay is host to Sam (90)
- Sam is welcomed and accommodated by Jay (80)
- Sam cooperates with Jay (85)
- Jay leads decision-making Sam (80)
- Jay shows consideration toward Sam (80)

**Low-Level Information (Actions and Events): **

[19] Sam faces Jay. (living room)
[20] Sam faces Jay. (living room)
[21] Sam faces Jay. (living room)
[22] Jay talks Sam. (living room)
[22] Sam talks Jay. (living room)
[29] Sam replies Jay. (living room)
[44] Jay faces Sam. (dining room)
[45] Jay faces Sam. (dining room)
[46] Jay faces Sam. (dining room)
[47] Sam faces Jay. (dining room)

**Conversations: **

Conversation 3: Jay and Sam reunite at Jay’s place, discussing work stress, career uncertainty, and Jay’s recent breakup from a long-distance relationship. They watch a variety show about escape rooms, share differing views on time limits, and decide on non-spicy lunch with fried pork slices and fruit. The household robot assists with fetching items, drinks, TV control, and cleaning. They express plans and interests in travel—Jay wants a seaside trip while Sam is keen on visiting Japan.
[13] Jay: Oh my God.
[13] Jay: What the exact time that Sam will be within me.
[13] Jay: Hey Robot could you tell me what the exact time?
[13] Jay: That Sam will come.
[13] robot: Sam will come at ten o'clock.
[13] Jay: Okay thank you.
[14] Jay: Oh it's Sam.
[14] Jay: It's Sam?
[14] Jay: I'm coming.
[14] Jay: Hey... yeah welcome it's long time no see.
[14] Jay: And.
[14] Sam: If it is necessary for me to change into the slippers.
[14] Jay: Yeah of course.
[18] Jay: So I really don't know if I could be promoted this time.
[18] Sam: Okay well.
[18] Sam: What about your relationship your boyfriend and you?
[19] Jay: Oh my God my boyfriend I just broke up.
[19] Jay: Broke up with him the other day.
[22] Sam: Yeah I want drink some water or juice whatever.
[22] Jay: Emm.
[22] Jay: Well...
[23] Jay: Maybe...
[23] Jay: Let's have some fruit?
[24] Jay: Oh your fruit is orange
[24] Sam: Yeah
[24] Jay: So...
[24] Sam: Oh the...
[24] Sam: Oh did you put the dried food in the refrigerator?
[24] Jay: Yes of course.
[24] Jay: How do you know?
[24] Sam: But you know that.
[24] Sam: Tropical fruit like this is not suitable in refrigerator.
[27] Jay: Hey Robot could you turn on the TV for me?
[27] Jay: With the remote control on the desk.
[28] Jay: Oh.
[28] Jay: Boring I don't want a PE program.
[28] Sam: Me too it's a little boring for me yeah. Emm.
[35] Jay: I'm gonna look forward to the next section.
[35] Sam: Okay Emm let's just continue to see
[35] Jay: Yes.
[35] Sam: Oh what time is it now?
[36] Sam: Emm almost twelve.
[36] Jay: I want to emphasis I don't want any spicy food today.
[36] Sam: Spicy food?
[36] Jay: Yeah.
[36] Sam: You can't eat spicy food?
[36] Sam: Okay I won't mention who ate the most of that spicy shrimp last time...

Conversation 4: Jay and Sam planned an outdoor activity for the next day after confirming sunny weather, deciding on mountain climbing and preparing items like snacks, umbrella, and a tent. They exchanged gifts (blind boxes) and affirmed their close friendship. Jay later spent time reading, took the robot’s health advice to rest, and set a wake-up reminder for 2 p.m.
[53] Sam: You know um I had long wanted to go hiking but never um just... put it into practice.
[53] Sam: Oh your wishes will come true for them.
[53] Sam: So.
[53] Jay: Emm but for me.
[53] Jay: You know my MBTI is ENFP so making plans is really tired for me.
[57] Jay: Next time bye.
[57] Jay: Hello Robot, could you please put the slippers in their original place, please?
[58] Jay: Ok... Sam is gone... It is my home time.
[58] Jay: It's a little bit boring for me to stay alone.
[58] Jay: Maybe read a book.
[60] Jay: Okay thank you Robot.
[61] Jay: Well let me see who is calling on me.
[61] Sam: Hey Jay.
[61] Jay: Hey Sam what's wrong?
[61] Sam: I have told you that I will give you a gift.
[61] Jay: Yes.
[61] Jay: Oh yes I remember that but never mind.
[61] Sam: So wait for me and I will give it for you.
[63] Jay: She will give me a gift hm..
[63] Jay: So Robot.
[63] Jay: Do you think I need to give a present to Sam as well?
[63] Jay: Because she wants to give me a gift but it's a little urgent for me.
[63] Jay: What do you think should I give to her?
[64] Jay: Oh let me find where is my blind box.
[64] Jay: I remember I bought it last week.
[64] Jay: I can give the blind box to Sam.
[64] Jay: Can you find where it is?
[64] Jay: Oh got it.
[64] Jay: Okay so I will give this one to her.
[65] Jay: Emm...
[65] Jay: Okay ah let me wait for Sam...
[65] Jay: Oh Sam coming.
[65] Jay: I'm coming wait for me.
[66] Jay: Hello Sam! I'm coming.
[66] Sam: So guess what the gift is?
[66] Jay: Oh I can't know.
[66] Sam: Okay and for you.
[66] Jay: Oh my God... this one.
[66] Sam: Yeah Jay. You know I also prepared a gift for you here.
[66] Jay: Guess what this one.
[66] Sam: The same?
[66] Jay: Yeah yeah.
[66] Sam: We are friends.
[66] Jay: Yeah we are friends.
[66] Jay: So we are always making the same choice.
[66] Jay: Yeah we are soul mate you know...
[66] Sam: I've already opened it and that's the one you want most.
[67] Jay: Oh my God so sweetie yeah.

Conversation 2: Jay mentions it has been a long time since seeing Sam and notes their glasses are dirty. Jay asks a robot for help cleaning the glasses using clothes on the desk.
[10] Jay: It is long time no see between me and Sam...
[10] Jay: Well what to say.
[10] Jay: It's a little dirty of our glasses.

Conversation 1: Jay interacts with a household robot, requesting help with turning on the TV and preparing breakfast items, and later asks it to set food on the coffee table. The robot offers breakfast suggestions, but Jay prefers familiar choices and continues watching TV and considering exercise. Jay receives a call from Sam, who plans to visit at ten o’clock with a gift, and Jay expresses excitement. Jay ends by asking the robot to prepare food for the upcoming visit.
[6] Jay: let me see.
[7] Jay: Hey this is Jay.
[7] Jay: Hello Sam... yeah me too it's long time no see.
[7] Sam: Yeah and I wanna visit you at ten o'clock.
[7] Sam: Yeah and I bring you a gift.

[Step 2] Evaluating semantic answer...
Action: [Answer]
Content: Jay and Sam are close friends.
FINAL ANSWER (from graph):
Jay and Sam are close friends.
✓ Updated results.json for living_room_09 (13 questions)
✓ Cleaned up video and frames for living_room_09

============================================================
Processing video: living_room_21
============================================================
Downloading 1 video(s) to data/videos...

Downloading living_room_21.mp4...
✗ Error downloading living_room_21.mp4: ('Connection broken: IncompleteRead(670199332 bytes read, 1390062178 more expected)', IncompleteRead(670199332 bytes read, 1390062178 more expected))

============================================================
Download Summary:
  Successful: 0/1
  Failed: living_room_21
============================================================
✗ Video file not found: data/videos/living_room_21.mp4
No valid videos to process.
✗ Graph processing failed for living_room_21

============================================================
Processing video: meeting_room_01
============================================================
Downloading 1 video(s) to data/videos...

Downloading meeting_room_01.mp4...
✓ Successfully downloaded meeting_room_01.mp4 to data/videos/meeting_room_01.mp4

============================================================
Download Summary:
  Successful: 1/1
============================================================

============================================================
[1/1] Processing: meeting_room_01
============================================================
Video: data/videos/meeting_room_01.mp4
Subtitles: data/subtitles/robot/meeting_room_01.srt
Output: data/frames/meeting_room_01
============================================================

Parsing subtitle file: data/subtitles/robot/meeting_room_01.srt
Found 299 subtitle entries
Video: 1280x720, 30.00 FPS, 54610 frames, 1820.33s duration

Extracting frames with subtitles...
Grouping frames into folders of 30 frames each
  Saved 10 frames (up to 9s, folder 1)
  Saved 20 frames (up to 19s, folder 1)
  Saved 30 frames (up to 29s, folder 1)
  Saved 40 frames (up to 39s, folder 2)
  Saved 50 frames (up to 49s, folder 2)
  Saved 60 frames (up to 59s, folder 2)
  Saved 70 frames (up to 69s, folder 3)
  Saved 80 frames (up to 79s, folder 3)
  Saved 90 frames (up to 89s, folder 3)
  Saved 100 frames (up to 99s, folder 4)
  Saved 110 frames (up to 109s, folder 4)
  Saved 120 frames (up to 119s, folder 4)
  Saved 130 frames (up to 129s, folder 5)
  Saved 140 frames (up to 139s, folder 5)
  Saved 150 frames (up to 149s, folder 5)
  Saved 160 frames (up to 159s, folder 6)
  Saved 170 frames (up to 169s, folder 6)
  Saved 180 frames (up to 179s, folder 6)
  Saved 190 frames (up to 189s, folder 7)
  Saved 200 frames (up to 199s, folder 7)
  Saved 210 frames (up to 209s, folder 7)
  Saved 220 frames (up to 219s, folder 8)
  Saved 230 frames (up to 229s, folder 8)
  Saved 240 frames (up to 239s, folder 8)
  Saved 250 frames (up to 249s, folder 9)
  Saved 260 frames (up to 259s, folder 9)
  Saved 270 frames (up to 269s, folder 9)
  Saved 280 frames (up to 279s, folder 10)
  Saved 290 frames (up to 289s, folder 10)
  Saved 300 frames (up to 299s, folder 10)
  Saved 310 frames (up to 309s, folder 11)
  Saved 320 frames (up to 319s, folder 11)
  Saved 330 frames (up to 329s, folder 11)
  Saved 340 frames (up to 339s, folder 12)
  Saved 350 frames (up to 349s, folder 12)
  Saved 360 frames (up to 359s, folder 12)
  Saved 370 frames (up to 369s, folder 13)
  Saved 380 frames (up to 379s, folder 13)
  Saved 390 frames (up to 389s, folder 13)
  Saved 400 frames (up to 399s, folder 14)
  Saved 410 frames (up to 409s, folder 14)
  Saved 420 frames (up to 419s, folder 14)
  Saved 430 frames (up to 429s, folder 15)
  Saved 440 frames (up to 439s, folder 15)
  Saved 450 frames (up to 449s, folder 15)
  Saved 460 frames (up to 459s, folder 16)
  Saved 470 frames (up to 469s, folder 16)
  Saved 480 frames (up to 479s, folder 16)
  Saved 490 frames (up to 489s, folder 17)
  Saved 500 frames (up to 499s, folder 17)
  Saved 510 frames (up to 509s, folder 17)
  Saved 520 frames (up to 519s, folder 18)
  Saved 530 frames (up to 529s, folder 18)
  Saved 540 frames (up to 539s, folder 18)
  Saved 550 frames (up to 549s, folder 19)
  Saved 560 frames (up to 559s, folder 19)
  Saved 570 frames (up to 569s, folder 19)
  Saved 580 frames (up to 579s, folder 20)
  Saved 590 frames (up to 589s, folder 20)
  Saved 600 frames (up to 599s, folder 20)
  Saved 610 frames (up to 609s, folder 21)
  Saved 620 frames (up to 619s, folder 21)
  Saved 630 frames (up to 629s, folder 21)
  Saved 640 frames (up to 639s, folder 22)
  Saved 650 frames (up to 649s, folder 22)
  Saved 660 frames (up to 659s, folder 22)
  Saved 670 frames (up to 669s, folder 23)
  Saved 680 frames (up to 679s, folder 23)
  Saved 690 frames (up to 689s, folder 23)
  Saved 700 frames (up to 699s, folder 24)
  Saved 710 frames (up to 709s, folder 24)
  Saved 720 frames (up to 719s, folder 24)
  Saved 730 frames (up to 729s, folder 25)
  Saved 740 frames (up to 739s, folder 25)
  Saved 750 frames (up to 749s, folder 25)
  Saved 760 frames (up to 759s, folder 26)
  Saved 770 frames (up to 769s, folder 26)
  Saved 780 frames (up to 779s, folder 26)
  Saved 790 frames (up to 789s, folder 27)
  Saved 800 frames (up to 799s, folder 27)
  Saved 810 frames (up to 809s, folder 27)
  Saved 820 frames (up to 819s, folder 28)
  Saved 830 frames (up to 829s, folder 28)
  Saved 840 frames (up to 839s, folder 28)
  Saved 850 frames (up to 849s, folder 29)
  Saved 860 frames (up to 859s, folder 29)
  Saved 870 frames (up to 869s, folder 29)
  Saved 880 frames (up to 879s, folder 30)
  Saved 890 frames (up to 889s, folder 30)
  Saved 900 frames (up to 899s, folder 30)
  Saved 910 frames (up to 909s, folder 31)
  Saved 920 frames (up to 919s, folder 31)
  Saved 930 frames (up to 929s, folder 31)
  Saved 940 frames (up to 939s, folder 32)
  Saved 950 frames (up to 949s, folder 32)
  Saved 960 frames (up to 959s, folder 32)
  Saved 970 frames (up to 969s, folder 33)
  Saved 980 frames (up to 979s, folder 33)
  Saved 990 frames (up to 989s, folder 33)
  Saved 1000 frames (up to 999s, folder 34)
  Saved 1010 frames (up to 1009s, folder 34)
  Saved 1020 frames (up to 1019s, folder 34)
  Saved 1030 frames (up to 1029s, folder 35)
  Saved 1040 frames (up to 1039s, folder 35)
  Saved 1050 frames (up to 1049s, folder 35)
  Saved 1060 frames (up to 1059s, folder 36)
  Saved 1070 frames (up to 1069s, folder 36)
  Saved 1080 frames (up to 1079s, folder 36)
  Saved 1090 frames (up to 1089s, folder 37)
  Saved 1100 frames (up to 1099s, folder 37)
  Saved 1110 frames (up to 1109s, folder 37)
  Saved 1120 frames (up to 1119s, folder 38)
  Saved 1130 frames (up to 1129s, folder 38)
  Saved 1140 frames (up to 1139s, folder 38)
  Saved 1150 frames (up to 1149s, folder 39)
  Saved 1160 frames (up to 1159s, folder 39)
  Saved 1170 frames (up to 1169s, folder 39)
  Saved 1180 frames (up to 1179s, folder 40)
  Saved 1190 frames (up to 1189s, folder 40)
  Saved 1200 frames (up to 1199s, folder 40)
  Saved 1210 frames (up to 1209s, folder 41)
  Saved 1220 frames (up to 1219s, folder 41)
  Saved 1230 frames (up to 1229s, folder 41)
  Saved 1240 frames (up to 1239s, folder 42)
  Saved 1250 frames (up to 1249s, folder 42)
  Saved 1260 frames (up to 1259s, folder 42)
  Saved 1270 frames (up to 1269s, folder 43)
  Saved 1280 frames (up to 1279s, folder 43)
  Saved 1290 frames (up to 1289s, folder 43)
  Saved 1300 frames (up to 1299s, folder 44)
  Saved 1310 frames (up to 1309s, folder 44)
  Saved 1320 frames (up to 1319s, folder 44)
  Saved 1330 frames (up to 1329s, folder 45)
  Saved 1340 frames (up to 1339s, folder 45)
  Saved 1350 frames (up to 1349s, folder 45)
  Saved 1360 frames (up to 1359s, folder 46)
  Saved 1370 frames (up to 1369s, folder 46)
  Saved 1380 frames (up to 1379s, folder 46)
  Saved 1390 frames (up to 1389s, folder 47)
  Saved 1400 frames (up to 1399s, folder 47)
  Saved 1410 frames (up to 1409s, folder 47)
  Saved 1420 frames (up to 1419s, folder 48)
  Saved 1430 frames (up to 1429s, folder 48)
  Saved 1440 frames (up to 1439s, folder 48)
  Saved 1450 frames (up to 1449s, folder 49)
  Saved 1460 frames (up to 1459s, folder 49)
  Saved 1470 frames (up to 1469s, folder 49)
  Saved 1480 frames (up to 1479s, folder 50)
  Saved 1490 frames (up to 1489s, folder 50)
  Saved 1500 frames (up to 1499s, folder 50)
  Saved 1510 frames (up to 1509s, folder 51)
  Saved 1520 frames (up to 1519s, folder 51)
  Saved 1530 frames (up to 1529s, folder 51)
  Saved 1540 frames (up to 1539s, folder 52)
  Saved 1550 frames (up to 1549s, folder 52)
  Saved 1560 frames (up to 1559s, folder 52)
  Saved 1570 frames (up to 1569s, folder 53)
  Saved 1580 frames (up to 1579s, folder 53)
  Saved 1590 frames (up to 1589s, folder 53)
  Saved 1600 frames (up to 1599s, folder 54)
  Saved 1610 frames (up to 1609s, folder 54)
  Saved 1620 frames (up to 1619s, folder 54)
  Saved 1630 frames (up to 1629s, folder 55)
  Saved 1640 frames (up to 1639s, folder 55)
  Saved 1650 frames (up to 1649s, folder 55)
  Saved 1660 frames (up to 1659s, folder 56)
  Saved 1670 frames (up to 1669s, folder 56)
  Saved 1680 frames (up to 1679s, folder 56)
  Saved 1690 frames (up to 1689s, folder 57)
  Saved 1700 frames (up to 1699s, folder 57)
  Saved 1710 frames (up to 1709s, folder 57)
  Saved 1720 frames (up to 1719s, folder 58)
  Saved 1730 frames (up to 1729s, folder 58)
  Saved 1740 frames (up to 1739s, folder 58)
  Saved 1750 frames (up to 1749s, folder 59)
  Saved 1760 frames (up to 1759s, folder 59)
  Saved 1770 frames (up to 1769s, folder 59)
  Saved 1780 frames (up to 1779s, folder 60)
  Saved 1790 frames (up to 1789s, folder 60)
  Saved 1800 frames (up to 1799s, folder 60)
  Saved 1810 frames (up to 1809s, folder 61)
  Saved 1820 frames (up to 1819s, folder 61)

✓ Extracted 1821 frames to data/frames/meeting_room_01

✓ Successfully processed meeting_room_01: 1821 frames saved
--------------------------------
Processing folder:  data/frames/meeting_room_01/1
Inserted 23 triples into graph for clip 1
--------------------------------
Processing folder:  data/frames/meeting_room_01/2
Inserted 19 triples into graph for clip 2
--------------------------------
Processing folder:  data/frames/meeting_room_01/3
Inserted 15 triples into graph for clip 3
--------------------------------
Processing folder:  data/frames/meeting_room_01/4
Inserted 17 triples into graph for clip 4
--------------------------------
Processing folder:  data/frames/meeting_room_01/5
Inserted 20 triples into graph for clip 5
--------------------------------
Processing folder:  data/frames/meeting_room_01/6
Inserted 28 triples into graph for clip 6
--------------------------------
Processing folder:  data/frames/meeting_room_01/7
Inserted 14 triples into graph for clip 7
--------------------------------
Processing folder:  data/frames/meeting_room_01/8
Inserted 29 triples into graph for clip 8
--------------------------------
Processing folder:  data/frames/meeting_room_01/9
Inserted 23 triples into graph for clip 9
--------------------------------
Processing folder:  data/frames/meeting_room_01/10
Inserted 17 triples into graph for clip 10
--------------------------------
Processing folder:  data/frames/meeting_room_01/11
Inserted 26 triples into graph for clip 11
--------------------------------
Processing folder:  data/frames/meeting_room_01/12
Extracting summary for completed conversation 1...
✓ Conversation summary extracted. Attributes: 9, Relationships: 5
Inserted 32 triples into graph for clip 12
--------------------------------
Processing folder:  data/frames/meeting_room_01/13
Inserted 21 triples into graph for clip 13
--------------------------------
Processing folder:  data/frames/meeting_room_01/14
Inserted 11 triples into graph for clip 14
--------------------------------
Processing folder:  data/frames/meeting_room_01/15
Inserted 22 triples into graph for clip 15
--------------------------------
Processing folder:  data/frames/meeting_room_01/16
Inserted 19 triples into graph for clip 16
--------------------------------
Processing folder:  data/frames/meeting_room_01/17
Inserted 20 triples into graph for clip 17
--------------------------------
Processing folder:  data/frames/meeting_room_01/18
Inserted 21 triples into graph for clip 18
--------------------------------
Processing folder:  data/frames/meeting_room_01/19
Inserted 13 triples into graph for clip 19
--------------------------------
Processing folder:  data/frames/meeting_room_01/20
Inserted 27 triples into graph for clip 20
--------------------------------
Processing folder:  data/frames/meeting_room_01/21
Inserted 31 triples into graph for clip 21
--------------------------------
Processing folder:  data/frames/meeting_room_01/22
Inserted 13 triples into graph for clip 22
--------------------------------
Processing folder:  data/frames/meeting_room_01/23
Inserted 20 triples into graph for clip 23
--------------------------------
Processing folder:  data/frames/meeting_room_01/24
Inserted 19 triples into graph for clip 24
--------------------------------
Processing folder:  data/frames/meeting_room_01/25
Inserted 18 triples into graph for clip 25
--------------------------------
Processing folder:  data/frames/meeting_room_01/26
Inserted 21 triples into graph for clip 26
--------------------------------
Processing folder:  data/frames/meeting_room_01/27
Inserted 22 triples into graph for clip 27
--------------------------------
Processing folder:  data/frames/meeting_room_01/28
Inserted 19 triples into graph for clip 28
--------------------------------
Processing folder:  data/frames/meeting_room_01/29
Inserted 15 triples into graph for clip 29
--------------------------------
Processing folder:  data/frames/meeting_room_01/30
Inserted 17 triples into graph for clip 30
--------------------------------
Processing folder:  data/frames/meeting_room_01/31
Inserted 24 triples into graph for clip 31
--------------------------------
Processing folder:  data/frames/meeting_room_01/32
Extracting summary for completed conversation 2...
Warning: Character '<Team>' not found in graph, skipping relationship
✓ Conversation summary extracted. Attributes: 8, Relationships: 5
Inserted 10 triples into graph for clip 32
--------------------------------
Processing folder:  data/frames/meeting_room_01/33
Inserted 16 triples into graph for clip 33
--------------------------------
Processing folder:  data/frames/meeting_room_01/34
Inserted 18 triples into graph for clip 34
--------------------------------
Processing folder:  data/frames/meeting_room_01/35
✗ Error processing folder data/frames/meeting_room_01/35: Expecting ',' delimiter: line 26 column 6 (char 1010)
Continuing to next folder...
--------------------------------
Processing folder:  data/frames/meeting_room_01/36
✗ Error processing folder data/frames/meeting_room_01/36: can only concatenate str (not "dict") to str
Continuing to next folder...
--------------------------------
Processing folder:  data/frames/meeting_room_01/37
✗ Error processing folder data/frames/meeting_room_01/37: can only concatenate str (not "dict") to str
Continuing to next folder...
--------------------------------
Processing folder:  data/frames/meeting_room_01/38
✗ Error processing folder data/frames/meeting_room_01/38: can only concatenate str (not "dict") to str
Continuing to next folder...
--------------------------------
Processing folder:  data/frames/meeting_room_01/39
✗ Error processing folder data/frames/meeting_room_01/39: can only concatenate str (not "dict") to str
Continuing to next folder...
--------------------------------
Processing folder:  data/frames/meeting_room_01/40
✗ Error processing folder data/frames/meeting_room_01/40: can only concatenate str (not "dict") to str
Continuing to next folder...
--------------------------------
Processing folder:  data/frames/meeting_room_01/41
✗ Error processing folder data/frames/meeting_room_01/41: can only concatenate str (not "dict") to str
Continuing to next folder...
--------------------------------
Processing folder:  data/frames/meeting_room_01/42
✗ Error processing folder data/frames/meeting_room_01/42: can only concatenate str (not "dict") to str
Continuing to next folder...
--------------------------------
Processing folder:  data/frames/meeting_room_01/43
✗ Error processing folder data/frames/meeting_room_01/43: can only concatenate str (not "dict") to str
Continuing to next folder...
--------------------------------
Processing folder:  data/frames/meeting_room_01/44
✗ Error processing folder data/frames/meeting_room_01/44: can only concatenate str (not "dict") to str
Continuing to next folder...
--------------------------------
Processing folder:  data/frames/meeting_room_01/45
✗ Error processing folder data/frames/meeting_room_01/45: can only concatenate str (not "dict") to str
Continuing to next folder...
--------------------------------
Processing folder:  data/frames/meeting_room_01/46
✗ Error processing folder data/frames/meeting_room_01/46: can only concatenate str (not "dict") to str
Continuing to next folder...
--------------------------------
Processing folder:  data/frames/meeting_room_01/47
✗ Error processing folder data/frames/meeting_room_01/47: can only concatenate str (not "dict") to str
Continuing to next folder...
--------------------------------
Processing folder:  data/frames/meeting_room_01/48
✗ Error processing folder data/frames/meeting_room_01/48: can only concatenate str (not "dict") to str
Continuing to next folder...
--------------------------------
Processing folder:  data/frames/meeting_room_01/49
✗ Error processing folder data/frames/meeting_room_01/49: can only concatenate str (not "dict") to str
Continuing to next folder...
--------------------------------
Processing folder:  data/frames/meeting_room_01/50
✗ Error processing folder data/frames/meeting_room_01/50: can only concatenate str (not "dict") to str
Continuing to next folder...
--------------------------------
Processing folder:  data/frames/meeting_room_01/51
✗ Error processing folder data/frames/meeting_room_01/51: can only concatenate str (not "dict") to str
Continuing to next folder...
--------------------------------
Processing folder:  data/frames/meeting_room_01/52
✗ Error processing folder data/frames/meeting_room_01/52: can only concatenate str (not "dict") to str
Continuing to next folder...
--------------------------------
Processing folder:  data/frames/meeting_room_01/53
✗ Error processing folder data/frames/meeting_room_01/53: can only concatenate str (not "dict") to str
Continuing to next folder...
--------------------------------
Processing folder:  data/frames/meeting_room_01/54
✗ Error processing folder data/frames/meeting_room_01/54: can only concatenate str (not "dict") to str
Continuing to next folder...
--------------------------------
Processing folder:  data/frames/meeting_room_01/55
✗ Error processing folder data/frames/meeting_room_01/55: can only concatenate str (not "dict") to str
Continuing to next folder...
--------------------------------
Processing folder:  data/frames/meeting_room_01/56
✗ Error processing folder data/frames/meeting_room_01/56: can only concatenate str (not "dict") to str
Continuing to next folder...
--------------------------------
Processing folder:  data/frames/meeting_room_01/57
✗ Error processing folder data/frames/meeting_room_01/57: can only concatenate str (not "dict") to str
Continuing to next folder...
--------------------------------
Processing folder:  data/frames/meeting_room_01/58
✗ Error processing folder data/frames/meeting_room_01/58: can only concatenate str (not "dict") to str
Continuing to next folder...
--------------------------------
Processing folder:  data/frames/meeting_room_01/59
✗ Error processing folder data/frames/meeting_room_01/59: can only concatenate str (not "dict") to str
Continuing to next folder...
--------------------------------
Processing folder:  data/frames/meeting_room_01/60
✗ Error processing folder data/frames/meeting_room_01/60: can only concatenate str (not "dict") to str
Continuing to next folder...
--------------------------------
Processing folder:  data/frames/meeting_room_01/61
✗ Error processing folder data/frames/meeting_room_01/61: can only concatenate str (not "dict") to str
Continuing to next folder...
Extracting summary for final conversation 3...
Warning: Character '<Team>' not found in graph, skipping relationship
✓ Final conversation summary extracted. Attributes: 7, Relationships: 5
Inserting character appearances for 6 characters...
Warning: Character '<character_1>' not found in graph, skipping appearance
✓ Character appearances inserted: 30 appearance edges created
169 node embeddings inserted (6 characters, 163 objects)
737 edge embeddings inserted
Generating character attributes...
Number of edges:  737
Character attributes generated.
Number of edges:  785
Character relationships generated.
Number of edges:  830
✓ Graph memory built for meeting_room_01
Question: Who is the new member in the department?

[Step 1] Searching the graph...
Parse Query Output:
{
  "query_triple": [null, "is new member in", "department", 0.1, 0.25, 0.6],
  "spatial_constraint": "department",
  "speaker_strict": null,
  "allocation": {
    "k_high_level": 9,
    "k_low_level": 16,
    "k_conversations": 25,
    "total_k": 50,
    "reasoning": "Identity/\"who is\" query about a role; use high-level edges for character attributes/roles, conversations to capture announcements or introductions, and some low-level edges for scenes indicating joining or being in the department."
  }
}

Graph Search Results:
**High-Level Information (Character Attributes and Relationships): **

Character Attributes:
- Annie is: working with papers (100), organized (90), female (100), navy top (100)
- Lucy is: female (100)
- Mary is: organized (90), female (100)
- character_2 is: female (100)

Character Relationships:
- Annie manages/oversees Lucy (85)

**Low-Level Information (Actions and Events): **

[15] Annie addresses group. (meeting room)
[21] Mary addresses group. (meeting room)
[21] Mary asks group. (meeting room)
[22] Mary faces group. (conference room)
[23] Matthew references event promotion. (conference room)
[23] Matthew addresses group. (conference room)
[32] robot approaches whiteboard. (office)
[32] robot centers frame on whiteboard. (office)
[32] robot holds dry-erase marker. (office)
[32] robot wears black-gloved hand. (office)
[32] robot points dry-erase marker. (office)
[32] dry-erase marker points to 'Execution' column. (office)
[32] robot writes 'Make competition'. (office)
[32] 'Make competition' is in 'Execution' column. (office)
[32] robot writes 'rules'. (office)
[32] 'rules' is under 'Make competition'. (office)

**Conversations: **

Conversation 1: New colleague Lucy is introduced, and small talk covers weather, transport, and refreshments. Annie appears to lead the meeting, provides materials, and offers to arrange breakfast; Matthew and Lucy acknowledge receiving the data. No project decisions are finalized, but the team prepares to review and discuss the meeting content together.
[2] Matthew: Hi, are you the new member Lucy?
[2] Lucy: Yes, um, hello, who are you?
[2] Matthew: Hi, I'm Matthew. I happened to be on a business when you arrived.
[2] Matthew: Oh the weather seems going to rain, have you bring an umbrella?
[2] Lucy: Oh no.
[2] Lucy: Hmm I forget it.
[2] Matthew: Oh that's too bad.
[3] Matthew: umm
[3] Matthew: so how would you going to back home if the weather is going to rain
[3] Lucy: hmm if it rains
[3] Lucy: um i will um take a taxi
[3] Matthew: well
[3] Matthew: hmm i drive the company here today
[3] Matthew: if you don't mind i can give you a lift
[3] Lucy: umm thank you for your invitation
[3] Lucy: umm i think i don't need temporarily
[4] Lucy: umm I think I don't need temporarily
[4] Matthew: well, don't be shy we are all colleagues
[4] Matthew: do you want me to take you a glass of water
[5] Lucy: hmm thank you I'm not thirsty now
[5] Matthew: how about a glass of tea
[5] Lucy: uh no
[5] Matthew: oh
[6] Matthew: the coffee is no better
[6] Lucy: hmm i don't need coffee
[6] Matthew: the Chinese black tea is not good
[6] Matthew: but I like the smell
[7] Matthew: is this your first time participating in the project planing
[7] Lucy: yes
[7] Matthew: well don't be nervous Annie may seem fierce
[7] Matthew: but she's very diligent and responsible and of course a good person
[7] Lucy: okay
[7] Annie: hi everyone
[8] Matthew: Hi Anny
[8] Annie: you arrived very early
[8] Matthew: yeah
[8] Matthew: uh that's great
[8] Matthew: i just had a piece of bread and a cup of coffee. Thank you
[8] Annie: and you
[8] Lucy: hmm i already have my breakfast
[8] Annie: okay
[9] Annie: this is our meeting data you can look through
[9] Lucy: thank you
[9] Matthew: thank you
[9] Annie: Then after that we will discuss and together
[9] Matthew: ok
[10] Matthew: oh that's too much
[10] Annie: Mary please give me a cup of water

Conversation 3: The group discussed the need for a stable, reliable platform to receive entries without loss or upload failures. They noted potential requirements for professional support in computing and photography. Annie proposed allocating a temporary budget of $1,000 for this purpose, and Mary was asked to record the decision.
[33] Lucy: is also needed ensuring no lost works or upload failures
[34] Annie: but i have questions
[34] Annie: is there any special funding expenditure for the part
[34] Annie: it seems like we designated it ourselves
[34] Matthew: well we can complete most of the work
[34] Matthew: but we may need
[34] Matthew: some more professional people in computer
[34] Matthew: and photography's help
[35] Annie: okay understood

Conversation 2: The team discusses planning and promoting an event focused on their smart home projector. They consider social media integration, a short video challenge, and promotional materials like posters and videos, estimating costs within a $10,000 budget. Tasks are delegated to Lucy and Mary to detail preparations, with emphasis on drafting competition rules and platform-specific promotional copy.
[14] Annie: already
[14] Lucy: yes
[15] Annie: main reason for gathering everyone here
[15] Annie: today is to discuss our plans
[15] Annie: everyone can speak freely
[15] Annie: who can speak first
[15] Matthew: I think we can help absorb current
[15] Matthew: social media trends into our events this time
[15] Matthew: like organizing a short video challenge
[16] Annie: Lucy don't be nervous share your thought
[16] Annie: Mary
[16] Annie: please give Lucy a cup of water
[17] Annie: Matthew this is good idea
[23] Matthew: having a promotional video would be better
[23] Matthew: umm
[23] Matthew: we need some design personnel for this
[23] Mary: yes
[23] Mary: and the poster may cost four hundred dollar
[28] Mary: hmm okay we continues and we just talk about the promotional
[28] Mary: posters and videos i remember Lucy you are studying design
[28] Matthew: are you studying design
[28] Lucy: yeah i studied
[28] Lucy: visual design in my college
[28] Lucy: however uh
[28] Lucy: i want to know our main product this time
[28] Matthew: well our main focus this time is a smart home projector
[29] Matthew: which is convenient and high definition
[30] Mary: what do all things need to be prepared in advance
[31] Annie: what do all things need to be prepared in advance
[31] Matthew: hmm
[31] Matthew: first
[31] Matthew: we need to comprehensive the set of competition rules

[Step 2] Evaluating semantic answer...
Action: [Answer]
Content: Lucy is the new member in the department.
FINAL ANSWER (from graph):
Lucy is the new member in the department.
Question: Is the atmosphere of this company friendly?

[Step 1] Searching the graph...
Parse Query Output:
{
  "query_triple": ["<company>", "atmosphere", "friendly?", 0.9, 0.3, 0.25],
  "spatial_constraint": null,
  "speaker_strict": null,
  "allocation": {
    "k_high_level": 8,
    "k_low_level": 10,
    "k_conversations": 32,
    "total_k": 50,
    "reasoning": "Assessing overall company atmosphere is a high-level attribute inferred largely from dialogue and sentiments; use some high-level edges for traits, conversations for evidence, and a smaller portion of low-level edges for concrete friendly behaviors."
  }
}

Graph Search Results:
**High-Level Information (Character Attributes and Relationships): **

Character Attributes:
- Annie is: medium build (100)
- Lucy is: medium build (100), seated at table (100)
- character_2 is: female (100), holds tablet (100), white sneakers (100), black shorts (100), petite build (100)

**Low-Level Information (Actions and Events): **

[9] Annie faces group. (meeting room)
[15] Annie addresses group. (meeting room)
[20] Lucy speaks toward group. (meeting room)
[21] Lucy speaks to group. (meeting room)
[21] Mary asks group. (meeting room)
[22] Mary faces group. (conference room)
[24] Lucy faces group. (meeting room)
[25] Lucy turns toward group. (office meeting room)
[28] Mary speaks to group. (meeting room)
[31] Annie speaks toward group. (conference room)

**Conversations: **

Conversation 1: New colleague Lucy is introduced, and small talk covers weather, transport, and refreshments. Annie appears to lead the meeting, provides materials, and offers to arrange breakfast; Matthew and Lucy acknowledge receiving the data. No project decisions are finalized, but the team prepares to review and discuss the meeting content together.
[2] Matthew: Hi, are you the new member Lucy?
[2] Lucy: Yes, um, hello, who are you?
[2] Matthew: Hi, I'm Matthew. I happened to be on a business when you arrived.
[2] Matthew: Oh the weather seems going to rain, have you bring an umbrella?
[2] Lucy: Oh no.
[2] Lucy: Hmm I forget it.
[3] Lucy: um i will um take a taxi
[3] Matthew: well
[3] Matthew: hmm i drive the company here today
[3] Matthew: if you don't mind i can give you a lift
[3] Lucy: umm thank you for your invitation
[3] Lucy: umm i think i don't need temporarily
[4] Lucy: umm I think I don't need temporarily
[4] Matthew: well, don't be shy we are all colleagues
[4] Matthew: do you want me to take you a glass of water
[5] Lucy: hmm thank you I'm not thirsty now
[5] Matthew: how about a glass of tea
[5] Lucy: uh no
[5] Matthew: oh
[6] Matthew: the coffee is no better
[6] Lucy: hmm i don't need coffee
[6] Matthew: okay
[6] Matthew: the Chinese black tea is not good
[6] Matthew: but I like the smell
[7] Matthew: is this your first time participating in the project planing
[7] Lucy: yes
[7] Matthew: well don't be nervous Annie may seem fierce
[7] Matthew: but she's very diligent and responsible and of course a good person
[7] Lucy: okay
[7] Annie: hi everyone
[8] Matthew: Hi Anny
[8] Annie: you arrived very early
[8] Matthew: yeah
[8] Annie: do you have some breakfast
[8] Annie: hmm if you don't have
[8] Annie: I can book some food
[8] Matthew: uh that's great
[8] Matthew: i just had a piece of bread and a cup of coffee. Thank you
[8] Annie: and you
[8] Lucy: hmm i already have my breakfast
[8] Annie: okay
[9] Annie: this is our meeting data you can look through
[9] Lucy: thank you
[9] Matthew: thank you

Conversation 3: The group discussed the need for a stable, reliable platform to receive entries without loss or upload failures. They noted potential requirements for professional support in computing and photography. Annie proposed allocating a temporary budget of $1,000 for this purpose, and Mary was asked to record the decision.
[33] Lucy: umm
[33] Lucy: a stable and reliable platform
[33] Lucy: on channel for receiving the entries
[33] Lucy: is also needed ensuring no lost works or upload failures
[34] Matthew: well we can complete most of the work
[34] Matthew: but we may need
[34] Matthew: some more professional people in computer
[34] Matthew: and photography's help
[35] Annie: okay understood

Conversation 2: The team discusses planning and promoting an event focused on their smart home projector. They consider social media integration, a short video challenge, and promotional materials like posters and videos, estimating costs within a $10,000 budget. Tasks are delegated to Lucy and Mary to detail preparations, with emphasis on drafting competition rules and platform-specific promotional copy.
[13] Mary: okay
[14] Annie: already
[14] Lucy: yes
[15] Annie: main reason for gathering everyone here
[15] Annie: today is to discuss our plans
[15] Annie: everyone can speak freely
[15] Annie: who can speak first
[15] Matthew: I think we can help absorb current
[15] Matthew: social media trends into our events this time
[15] Matthew: like organizing a short video challenge
[16] Annie: Lucy don't be nervous share your thought
[16] Annie: Mary
[16] Annie: please give Lucy a cup of water
[22] Annie: this time we need highlight the features of our own products
[23] Matthew: well
[23] Matthew: first of all events promotion definitely
[23] Matthew: requires posters and of course
[23] Matthew: having a promotional video would be better
[23] Matthew: umm
[23] Matthew: we need some design personnel for this
[23] Mary: yes
[23] Mary: and the poster may cost four hundred dollar
[24] Annie: and the poster may cost four hundred dollar
[28] Mary: hmm okay we continues and we just talk about the promotional
[28] Mary: posters and videos i remember Lucy you are studying design
[28] Matthew: are you studying design
[28] Lucy: yeah i studied
[28] Lucy: visual design in my college
[28] Lucy: however uh
[28] Lucy: i want to know our main product this time
[28] Matthew: well our main focus this time is a smart home projector
[29] Matthew: which is convenient and high definition
[29] Lucy: i need to record it
[30] Matthew: and we also need to prepare online promotional
[30] Matthew: copy and the style and focus of the copy
[30] Matthew: must be adjusted for different social media platforms
[30] Mary: this idea is very good
[30] Mary: what do all things need to be prepared in advance
[31] Annie: what do all things need to be prepared in advance
[31] Matthew: hmm
[31] Matthew: first
[31] Matthew: we need to comprehensive the set of competition rules

[Step 2] Evaluating semantic answer...
Action: [Answer]
Content: Yes, the atmosphere appears friendly, with welcoming introductions, offers of help and refreshments, and supportive, collaborative discussion.
FINAL ANSWER (from graph):
Yes, the atmosphere appears friendly, with welcoming introductions, offers of help and refreshments, and supportive, collaborative discussion.
Question: Does Annie care about the conditions of her subordinates?

[Step 1] Searching the graph...
Parse Query Output:
{
  "query_triple": ["<Annie>", "cares about conditions of", "subordinates", 0.95, 0.25, 0.6],
  "spatial_constraint": null,
  "speaker_strict": null,
  "allocation": {
    "k_high_level": 8,
    "k_low_level": 12,
    "k_conversations": 30,
    "total_k": 50,
    "reasoning": "Trait/relationship query about Annie's attitude toward her subordinates; use high-level edges for traits/relationships and conversations for evidence of concern or lack thereof, with some low-level actions indicating care (e.g., checking on them, providing resources)."
  }
}

Graph Search Results:
**High-Level Information (Character Attributes and Relationships): **

Character Attributes:
- Annie is: working with papers (100), female (100)

Character Relationships:
- Annie manages/oversees Lucy (85)
- Annie leads/coordinates Lucy (85)
- Mary supports Annie (85)
- Annie leads/coordinates Matthew (85)
- Annie manages/oversees Mary (80)
- Annie coordinates with Mary (80)

**Low-Level Information (Actions and Events): **

[7] Annie greets others. (conference room)
[8] Annie asks about Lucy’s status. (meeting room)
[9] Annie explains next step. (meeting room)
[9] Annie faces group. (meeting room)
[10] Annie listens to others. (conference room)
[12] Annie flips to another page. (meeting room)
[14] Annie looks at paper. (meeting room)
[15] Annie addresses group. (meeting room)
[16] Annie faces other. (meeting room)
[17] Annie looks at paper. (office meeting room)
[18] Annie looks toward others. (meeting room)
[31] Annie speaks toward group. (conference room)

**Conversations: **

Conversation 2: The team discusses planning and promoting an event focused on their smart home projector. They consider social media integration, a short video challenge, and promotional materials like posters and videos, estimating costs within a $10,000 budget. Tasks are delegated to Lucy and Mary to detail preparations, with emphasis on drafting competition rules and platform-specific promotional copy.
[13] Annie: Mary please clean the whiteboard.
[13] Mary: okay
[14] Annie: already
[14] Lucy: yes
[15] Annie: main reason for gathering everyone here
[15] Annie: today is to discuss our plans
[15] Annie: everyone can speak freely
[15] Annie: who can speak first
[15] Matthew: I think we can help absorb current
[15] Matthew: social media trends into our events this time
[15] Matthew: like organizing a short video challenge
[16] Annie: Lucy don't be nervous share your thought
[16] Annie: Mary
[16] Annie: please give Lucy a cup of water
[17] Annie: Matthew this is good idea
[17] Annie: but we need to consider the costs of the events promotion
[18] Annie: rewards and so on
[18] Matthew: well what is the specific budget
[18] Annie: we need ten thousands dollars
[19] Lucy: but i think we can first roughly record what things
[19] Lucy: hmm need to be prepared in advance
[19] Annie: hmm
[19] Annie: and this part is up to you and the Mary to complete
[19] Lucy: hmm
[30] Mary: Keep it up as for the events executions
[30] Mary: what do all things need to be prepared in advance
[31] Annie: what do all things need to be prepared in advance
[31] Matthew: hmm
[31] Matthew: first
[31] Matthew: we need to comprehensive the set of competition rules
[31] Matthew: or the whole events will be a mess
[31] Annie: Mary please pay attention to recording

Conversation 3: The group discussed the need for a stable, reliable platform to receive entries without loss or upload failures. They noted potential requirements for professional support in computing and photography. Annie proposed allocating a temporary budget of $1,000 for this purpose, and Mary was asked to record the decision.
[33] Lucy: on channel for receiving the entries
[33] Lucy: is also needed ensuring no lost works or upload failures
[34] Annie: but i have questions
[34] Annie: is there any special funding expenditure for the part
[34] Annie: it seems like we designated it ourselves
[34] Matthew: well we can complete most of the work
[34] Matthew: but we may need
[34] Matthew: some more professional people in computer
[34] Matthew: and photography's help
[35] Annie: okay understood
[35] Annie: we can temporarily sit aside one thousand dollars here
[35] Annie: Mary please record again

Conversation 1: New colleague Lucy is introduced, and small talk covers weather, transport, and refreshments. Annie appears to lead the meeting, provides materials, and offers to arrange breakfast; Matthew and Lucy acknowledge receiving the data. No project decisions are finalized, but the team prepares to review and discuss the meeting content together.
[7] Matthew: is this your first time participating in the project planing
[7] Lucy: yes
[7] Matthew: well don't be nervous Annie may seem fierce
[7] Matthew: but she's very diligent and responsible and of course a good person
[7] Lucy: okay
[7] Annie: hi everyone
[8] Matthew: Hi Anny
[8] Annie: you arrived very early
[8] Matthew: yeah
[8] Annie: do you have some breakfast
[8] Annie: hmm if you don't have
[8] Annie: I can book some food
[8] Matthew: uh that's great
[8] Matthew: i just had a piece of bread and a cup of coffee. Thank you
[8] Annie: and you
[8] Lucy: hmm i already have my breakfast
[8] Annie: okay
[9] Annie: this is our meeting data you can look through
[9] Lucy: thank you
[9] Matthew: thank you
[9] Matthew: ok
[10] Matthew: oh that's too much
[10] Annie: Mary please give me a cup of water
[10] Mary: okay
[11] Annie: thank you

[Step 2] Evaluating semantic answer...
Action: [Answer]
Content: Yes—she checks on Lucy’s status, offers breakfast and water, and reassures and supports team members.
FINAL ANSWER (from graph):
Yes—she checks on Lucy’s status, offers breakfast and water, and reassures and supports team members.
Question: Is Matthew introvert?

[Step 1] Searching the graph...
Parse Query Output:
{
  "query_triple": ["<Matthew>", "introvert", null, 0.95, 0.3, 0.1],
  "spatial_constraint": null,
  "speaker_strict": null,
  "allocation": {
    "k_high_level": 8,
    "k_low_level": 6,
    "k_conversations": 36,
    "total_k": 50,
    "reasoning": "Trait/character attribute query. Use high-level edges for personality attributes; include conversations to find evidence of introversion; minimal low-level edges for supporting behaviors."
  }
}

Graph Search Results:
**High-Level Information (Character Attributes and Relationships): **

Character Attributes:
- Matthew is: male (100), short dark hair (100), glasses (100), slim build (100), gray pants (100), white sneakers (100), navy sports jersey with white sleeve stripes (100)

Character Relationships:
- Matthew is colleague of Lucy (95)

**Low-Level Information (Actions and Events): **

[3] Matthew sits back chair. (meeting room)
[4] Matthew sits back chair. (meeting room)
[6] Matthew sits in chair. (conference room)
[8] Matthew sits back chair. (meeting room)
[8] Matthew listens. (meeting room)
[16] Matthew listens. (meeting room)

**Conversations: **

Conversation 2: The team discusses planning and promoting an event focused on their smart home projector. They consider social media integration, a short video challenge, and promotional materials like posters and videos, estimating costs within a $10,000 budget. Tasks are delegated to Lucy and Mary to detail preparations, with emphasis on drafting competition rules and platform-specific promotional copy.
[15] Annie: who can speak first
[15] Matthew: I think we can help absorb current
[15] Matthew: social media trends into our events this time
[15] Matthew: like organizing a short video challenge
[16] Annie: Lucy don't be nervous share your thought
[16] Annie: Mary
[16] Annie: please give Lucy a cup of water
[17] Annie: Matthew this is good idea
[17] Annie: but we need to consider the costs of the events promotion
[18] Annie: rewards and so on
[18] Matthew: well what is the specific budget
[18] Annie: we need ten thousands dollars
[19] Lucy: but i think we can first roughly record what things
[21] Mary: what need to be prepared for the event's promotion
[22] Annie: this time we need highlight the features of our own products
[23] Matthew: well
[23] Matthew: first of all events promotion definitely
[23] Matthew: requires posters and of course
[23] Matthew: having a promotional video would be better
[23] Matthew: umm
[23] Matthew: we need some design personnel for this
[23] Mary: yes
[28] Mary: hmm okay we continues and we just talk about the promotional
[28] Mary: posters and videos i remember Lucy you are studying design
[28] Matthew: are you studying design
[28] Lucy: yeah i studied
[28] Lucy: visual design in my college
[29] Lucy: i need to record it
[30] Matthew: and we also need to prepare online promotional
[30] Matthew: copy and the style and focus of the copy
[30] Matthew: must be adjusted for different social media platforms
[30] Mary: this idea is very good
[30] Mary: Keep it up as for the events executions
[30] Mary: what do all things need to be prepared in advance
[31] Annie: what do all things need to be prepared in advance
[31] Matthew: hmm
[31] Matthew: first
[31] Matthew: we need to comprehensive the set of competition rules
[31] Matthew: or the whole events will be a mess
[31] Annie: Mary please pay attention to recording

Conversation 1: New colleague Lucy is introduced, and small talk covers weather, transport, and refreshments. Annie appears to lead the meeting, provides materials, and offers to arrange breakfast; Matthew and Lucy acknowledge receiving the data. No project decisions are finalized, but the team prepares to review and discuss the meeting content together.
[2] Matthew: Hi, are you the new member Lucy?
[2] Lucy: Yes, um, hello, who are you?
[2] Matthew: Hi, I'm Matthew. I happened to be on a business when you arrived.
[2] Matthew: Oh the weather seems going to rain, have you bring an umbrella?
[2] Lucy: Oh no.
[2] Lucy: Hmm I forget it.
[2] Matthew: Oh that's too bad.
[3] Matthew: umm
[3] Matthew: so how would you going to back home if the weather is going to rain
[3] Lucy: hmm if it rains
[3] Lucy: um i will um take a taxi
[3] Matthew: well
[3] Matthew: hmm i drive the company here today
[3] Matthew: if you don't mind i can give you a lift
[3] Lucy: umm thank you for your invitation
[3] Lucy: umm i think i don't need temporarily
[4] Lucy: umm I think I don't need temporarily
[4] Matthew: well, don't be shy we are all colleagues
[4] Matthew: do you want me to take you a glass of water
[5] Lucy: hmm thank you I'm not thirsty now
[5] Matthew: how about a glass of tea
[5] Lucy: uh no
[5] Matthew: oh
[6] Matthew: the coffee is no better
[6] Lucy: hmm i don't need coffee
[6] Matthew: okay
[6] Matthew: the Chinese black tea is not good
[6] Matthew: but I like the smell
[7] Matthew: is this your first time participating in the project planing
[7] Lucy: yes
[7] Matthew: well don't be nervous Annie may seem fierce
[7] Matthew: but she's very diligent and responsible and of course a good person
[7] Lucy: okay
[7] Annie: hi everyone
[8] Matthew: Hi Anny
[8] Annie: you arrived very early
[8] Matthew: yeah
[8] Annie: do you have some breakfast
[8] Annie: hmm if you don't have
[8] Annie: I can book some food
[8] Matthew: uh that's great
[8] Matthew: i just had a piece of bread and a cup of coffee. Thank you
[8] Annie: and you
[9] Annie: this is our meeting data you can look through
[9] Lucy: thank you
[9] Matthew: thank you
[9] Annie: Then after that we will discuss and together
[9] Matthew: ok
[10] Matthew: oh that's too much
[10] Annie: Mary please give me a cup of water
[10] Mary: okay

Conversation 3: The group discussed the need for a stable, reliable platform to receive entries without loss or upload failures. They noted potential requirements for professional support in computing and photography. Annie proposed allocating a temporary budget of $1,000 for this purpose, and Mary was asked to record the decision.
[34] Annie: it seems like we designated it ourselves
[34] Matthew: well we can complete most of the work
[34] Matthew: but we may need
[34] Matthew: some more professional people in computer
[34] Matthew: and photography's help
[35] Annie: okay understood
[35] Annie: we can temporarily sit aside one thousand dollars here

[Step 2] Evaluating semantic answer...
Action: [Search]
Content: [2, 3, 4, 5, 6, 7, 8]
Summary: The graph details Matthew’s appearance, colleague relationship with Lucy, various meeting actions, and multiple conversation snippets where Matthew greets Lucy, offers help and drinks, discusses project ideas, and participates actively in planning. However, it does not include personality traits or explicit indicators of introversion/extroversion, so determining whether Matthew is introvert requires more information or direct observation beyond the extracted data.

[Step 3] Watching video clips: [2, 3, 4, 5, 6, 7, 8]

   Processing clip 2 (1/7)...
Question: Which types of professionals are required?

[Step 1] Searching the graph...
Parse Query Output:
{
  "query_triple": [null, "required professionals", "?", 0.1, 0.25, 0.2],
  "spatial_constraint": null,
  "speaker_strict": null,
  "allocation": {
    "k_high_level": 6,
    "k_low_level": 14,
    "k_conversations": 30,
    "total_k": 50,
    "reasoning": "The query asks broadly about types of professionals required (a 'why/what requirement' question). Prioritize conversations to capture explicit mentions of requirements, roles, and planning dialogue. Use some high-level edges for roles/attributes, and a moderate amount of low-level edges to find specific mentions like 'hire', 'need', 'require'."
  }
}

Graph Search Results:
**High-Level Information (Character Attributes and Relationships): **

Character Attributes:
- character_2 is: female (100), petite build (100), long dark hair tied back (100), navy shirt with white print (100), black shorts (100), white sneakers (100)

**Low-Level Information (Actions and Events): **

[7] Annie greets others. (conference room)
[9] Annie explains next step. (meeting room)
[10] Annie listens to others. (conference room)
[12] Mary faces others. (meeting room)
[14] robot erases writing. (meeting room)
[15] Mary looks toward others. (meeting room)
[18] Annie looks toward others. (meeting room)
[20] Lucy faces others. (meeting room)
[23] Matthew faces others. (conference room)
[23] Matthew adds design personnel are needed. (conference room)
[25] Mary mentions need to plan carefully. (office meeting room)
[28] Lucy asks about main product. (meeting room)
[29] Lucy writes on paperwork. (meeting room)
[30] Lucy looks up briefly toward others. (meeting room)

**Conversations: **

Conversation 2: The team discusses planning and promoting an event focused on their smart home projector. They consider social media integration, a short video challenge, and promotional materials like posters and videos, estimating costs within a $10,000 budget. Tasks are delegated to Lucy and Mary to detail preparations, with emphasis on drafting competition rules and platform-specific promotional copy.
[15] Matthew: I think we can help absorb current
[15] Matthew: social media trends into our events this time
[15] Matthew: like organizing a short video challenge
[16] Annie: Lucy don't be nervous share your thought
[16] Annie: Mary
[16] Annie: please give Lucy a cup of water
[17] Annie: Matthew this is good idea
[17] Annie: but we need to consider the costs of the events promotion
[18] Annie: rewards and so on
[18] Matthew: well what is the specific budget
[18] Annie: we need ten thousands dollars
[19] Lucy: but i think we can first roughly record what things
[19] Lucy: hmm need to be prepared in advance
[19] Annie: hmm
[19] Annie: and this part is up to you and the Mary to complete
[19] Lucy: hmm
[20] Lucy: okay i think i can do well
[21] Lucy: okay i finish okay
[21] Mary: now we can first roughly imagine
[21] Mary: what need to be prepared for the event's promotion
[22] Annie: this time we need highlight the features of our own products
[23] Matthew: well
[23] Matthew: first of all events promotion definitely
[23] Matthew: requires posters and of course
[23] Matthew: having a promotional video would be better
[23] Matthew: umm
[23] Matthew: we need some design personnel for this
[23] Mary: yes
[23] Mary: and the poster may cost four hundred dollar
[25] Mary: but we don't have much money so we need to plan carefully
[25] Mary: Lucy please sit down
[25] Mary: and you make some details records
[25] Lucy: okay
[26] Lucy: hi Mary please give me a pen
[28] Mary: hmm okay we continues and we just talk about the promotional
[28] Mary: posters and videos i remember Lucy you are studying design
[28] Matthew: are you studying design
[28] Lucy: yeah i studied
[28] Lucy: visual design in my college
[28] Lucy: however uh
[28] Lucy: i want to know our main product this time
[28] Matthew: well our main focus this time is a smart home projector
[29] Matthew: which is convenient and high definition
[29] Matthew: and comes with a vast amount of field and television resources
[29] Matthew: there are the key points of our motion
[29] Lucy: umm wait a minute
[29] Lucy: i need to record it
[30] Matthew: and we also need to prepare online promotional
[30] Matthew: copy and the style and focus of the copy
[30] Matthew: must be adjusted for different social media platforms
[30] Mary: this idea is very good
[30] Mary: Keep it up as for the events executions
[30] Mary: what do all things need to be prepared in advance
[31] Annie: what do all things need to be prepared in advance
[31] Matthew: hmm
[31] Matthew: first
[31] Matthew: we need to comprehensive the set of competition rules
[31] Matthew: or the whole events will be a mess
[31] Annie: Mary please pay attention to recording

Conversation 3: The group discussed the need for a stable, reliable platform to receive entries without loss or upload failures. They noted potential requirements for professional support in computing and photography. Annie proposed allocating a temporary budget of $1,000 for this purpose, and Mary was asked to record the decision.
[33] Lucy: a stable and reliable platform
[33] Lucy: on channel for receiving the entries
[33] Lucy: is also needed ensuring no lost works or upload failures
[34] Annie: but i have questions
[34] Annie: is there any special funding expenditure for the part
[34] Annie: it seems like we designated it ourselves
[34] Matthew: well we can complete most of the work
[34] Matthew: but we may need
[34] Matthew: some more professional people in computer
[34] Matthew: and photography's help
[35] Annie: okay understood
[35] Annie: we can temporarily sit aside one thousand dollars here

Conversation 1: New colleague Lucy is introduced, and small talk covers weather, transport, and refreshments. Annie appears to lead the meeting, provides materials, and offers to arrange breakfast; Matthew and Lucy acknowledge receiving the data. No project decisions are finalized, but the team prepares to review and discuss the meeting content together.
[3] Lucy: umm i think i don't need temporarily
[4] Lucy: umm I think I don't need temporarily
[4] Matthew: well, don't be shy we are all colleagues
[4] Matthew: do you want me to take you a glass of water
[5] Lucy: hmm thank you I'm not thirsty now
[6] Matthew: the Chinese black tea is not good
[6] Matthew: but I like the smell
[7] Matthew: is this your first time participating in the project planing
[7] Lucy: yes
[7] Matthew: well don't be nervous Annie may seem fierce

[Step 2] Evaluating semantic answer...
Action: [Answer]
Content: Professionals in computing and photography are required.
FINAL ANSWER (from graph):
Professionals in computing and photography are required.
Question: What restaurant should the robot book?

[Step 1] Searching the graph...
Parse Query Output:
{
  "query_triple": ["<Robot>", "books", "restaurant#?", 0.9, 0.25, 0.8],
  "spatial_constraint": null,
  "speaker_strict": null,
  "allocation": {
    "k_high_level": 6,
    "k_low_level": 32,
    "k_conversations": 12,
    "total_k": 50,
    "reasoning": "Action/decision query about booking a restaurant. Prioritize low-level edges to see which restaurant options are mentioned or acted upon, with some conversations to capture preferences or instructions, and a small number of high-level edges for any general guidance or relationships affecting the choice."
  }
}

Graph Search Results:
**High-Level Information (Character Attributes and Relationships): **

Character Attributes:
- character_2 is: female (100), black shorts (100), holds tablet (100), white sneakers (100), navy shirt with white print (100), long dark hair tied back (100)

**Low-Level Information (Actions and Events): **

[1] character_2 holds tablet. (conference room)
[1] character_2 places item. (conference room)
[1] item is on table. (conference room)
[1] character_2 starts working on tablet. (conference room)
[1] laptop is on table. (conference room)
[1] folder is on table. (conference room)
[2] green laptop is on table. (meeting room)
[4] chair is at conference table. (meeting room)
[6] laptop is on table. (conference room)
[7] chair is at conference table. (conference room)
[7] Lucy's laptop is at table. (conference room)
[8] laptop is at conference table. (meeting room)
[9] laptop is at table. (meeting room)
[11] cup is under blue tap. (office meeting room)
[11] robot fills cup. (office meeting room)
[11] robot releases tap. (office meeting room)
[11] cup moves toward meeting table. (office meeting room)
[11] robot places cup. (office meeting room)
[11] cup is on table. (office meeting room)
[12] laptop is on table. (meeting room)
[13] robot moves camera. (conference room)
[14] eraser is on board tray. (meeting room)
[16] robot holds cup. (meeting room)
[17] robot stops tap. (office meeting room)
[17] paper cup is on table. (office meeting room)
[19] tumbler is from table. (meeting room)
[26] pen moves across table. (office meeting room)
[30] paper is on table. (meeting room)
[32] robot writes 'rules'. (office)
[33] robot uses marker. (meeting room)
[33] robot places marker. (meeting room)
[33] marker is on tray. (meeting room)

**Conversations: **

Conversation 1: New colleague Lucy is introduced, and small talk covers weather, transport, and refreshments. Annie appears to lead the meeting, provides materials, and offers to arrange breakfast; Matthew and Lucy acknowledge receiving the data. No project decisions are finalized, but the team prepares to review and discuss the meeting content together.
[3] Matthew: so how would you going to back home if the weather is going to rain
[3] Lucy: hmm if it rains
[3] Lucy: um i will um take a taxi
[3] Matthew: well
[3] Matthew: hmm i drive the company here today
[3] Matthew: if you don't mind i can give you a lift
[3] Lucy: umm thank you for your invitation
[3] Lucy: umm i think i don't need temporarily
[4] Lucy: umm I think I don't need temporarily
[4] Matthew: do you want me to take you a glass of water
[5] Lucy: hmm thank you I'm not thirsty now
[5] Matthew: how about a glass of tea
[5] Lucy: uh no
[5] Matthew: oh
[6] Matthew: the coffee is no better
[6] Lucy: hmm i don't need coffee
[6] Matthew: okay
[8] Annie: you arrived very early
[8] Matthew: yeah
[8] Annie: do you have some breakfast
[8] Annie: hmm if you don't have
[8] Annie: I can book some food
[8] Matthew: uh that's great
[8] Matthew: i just had a piece of bread and a cup of coffee. Thank you
[8] Annie: and you
[8] Lucy: hmm i already have my breakfast
[8] Annie: okay
[9] Annie: this is our meeting data you can look through

Conversation 2: The team discusses planning and promoting an event focused on their smart home projector. They consider social media integration, a short video challenge, and promotional materials like posters and videos, estimating costs within a $10,000 budget. Tasks are delegated to Lucy and Mary to detail preparations, with emphasis on drafting competition rules and platform-specific promotional copy.
[19] Annie: hmm
[19] Annie: and this part is up to you and the Mary to complete
[19] Lucy: hmm
[20] Lucy: okay i think i can do well
[21] Lucy: okay i finish okay
[23] Matthew: having a promotional video would be better
[23] Matthew: umm
[23] Matthew: we need some design personnel for this
[23] Mary: yes
[23] Mary: and the poster may cost four hundred dollar
[28] Lucy: however uh
[28] Lucy: i want to know our main product this time
[28] Matthew: well our main focus this time is a smart home projector
[29] Matthew: which is convenient and high definition
[29] Matthew: and comes with a vast amount of field and television resources
[31] Matthew: first
[31] Matthew: we need to comprehensive the set of competition rules
[31] Matthew: or the whole events will be a mess
[31] Annie: Mary please pay attention to recording

Conversation 3: The group discussed the need for a stable, reliable platform to receive entries without loss or upload failures. They noted potential requirements for professional support in computing and photography. Annie proposed allocating a temporary budget of $1,000 for this purpose, and Mary was asked to record the decision.
[33] Lucy: umm
[33] Lucy: a stable and reliable platform
[33] Lucy: on channel for receiving the entries

[Step 2] Evaluating semantic answer...
Action: [Search]
Content: [8, 19, 20, 21, 31, 33]
Summary: Annie offered to arrange breakfast in clip 8, and later the team discussed event planning and logistics across clips 19–33. However, the extracted information does not specify any restaurant name or preference for booking, nor any details about where to book, so the graph is insufficient to determine the restaurant.

[Step 3] Watching video clips: [8, 19, 20, 21, 31, 33]

   Processing clip 8 (1/6)...
Question: Who's the leader among these three people?

[Step 1] Searching the graph...
Parse Query Output:
{
  "query_triple": [null, "leader", null, 0.1, 0.25, 0.1],
  "spatial_constraint": null,
  "speaker_strict": null,
  "allocation": {
    "k_high_level": 10,
    "k_low_level": 15,
    "k_conversations": 25,
    "total_k": 50,
    "reasoning": "Leadership is a high-level attribute/role; use high-level edges to find traits/roles (leader). Conversations can indicate who is in charge via dialogue. Some low-level edges may show commanding actions."
  }
}

Graph Search Results:
**High-Level Information (Character Attributes and Relationships): **

Character Attributes:
- Annie is: female (100), medium build (100), dark hair tied back (100)
- character_2 is: female (100), petite build (100), long dark hair tied back (100), navy shirt with white print (100), black shorts (100), white sneakers (100), holds tablet (100)

**Low-Level Information (Actions and Events): **

[9] Annie faces group. (meeting room)
[12] Matthew speaks to group. (meeting room)
[15] Annie addresses group. (meeting room)
[20] Lucy speaks toward group. (meeting room)
[21] Lucy writes heading. (meeting room)
[21] heading is on whiteboard. (meeting room)
[21] Lucy speaks to group. (meeting room)
[21] Mary addresses group. (meeting room)
[21] Mary asks group. (meeting room)
[22] Mary faces group. (conference room)
[23] Matthew addresses group. (conference room)
[24] Lucy faces group. (meeting room)
[25] Lucy turns toward group. (office meeting room)
[28] Mary speaks to group. (meeting room)
[31] Annie speaks toward group. (conference room)

**Conversations: **

Conversation 2: The team discusses planning and promoting an event focused on their smart home projector. They consider social media integration, a short video challenge, and promotional materials like posters and videos, estimating costs within a $10,000 budget. Tasks are delegated to Lucy and Mary to detail preparations, with emphasis on drafting competition rules and platform-specific promotional copy.
[14] Annie: already
[14] Lucy: yes
[15] Annie: main reason for gathering everyone here
[15] Annie: today is to discuss our plans
[15] Annie: everyone can speak freely
[15] Annie: who can speak first
[15] Matthew: I think we can help absorb current
[15] Matthew: social media trends into our events this time
[15] Matthew: like organizing a short video challenge
[16] Annie: Lucy don't be nervous share your thought
[16] Annie: Mary
[16] Annie: please give Lucy a cup of water
[19] Lucy: but i think we can first roughly record what things
[19] Lucy: hmm need to be prepared in advance
[19] Annie: hmm
[19] Annie: and this part is up to you and the Mary to complete
[19] Lucy: hmm
[20] Lucy: okay i think i can do well
[21] Lucy: okay i finish okay
[23] Matthew: requires posters and of course
[23] Matthew: having a promotional video would be better
[23] Matthew: umm
[23] Matthew: we need some design personnel for this
[23] Mary: yes
[23] Mary: and the poster may cost four hundred dollar
[30] Mary: what do all things need to be prepared in advance
[31] Annie: what do all things need to be prepared in advance
[31] Matthew: hmm
[31] Matthew: first
[31] Matthew: we need to comprehensive the set of competition rules
[31] Matthew: or the whole events will be a mess
[31] Annie: Mary please pay attention to recording

Conversation 1: New colleague Lucy is introduced, and small talk covers weather, transport, and refreshments. Annie appears to lead the meeting, provides materials, and offers to arrange breakfast; Matthew and Lucy acknowledge receiving the data. No project decisions are finalized, but the team prepares to review and discuss the meeting content together.
[2] Matthew: Hi, are you the new member Lucy?
[2] Lucy: Yes, um, hello, who are you?
[2] Matthew: Hi, I'm Matthew. I happened to be on a business when you arrived.
[2] Matthew: Oh the weather seems going to rain, have you bring an umbrella?
[2] Lucy: Hmm I forget it.
[2] Matthew: Oh that's too bad.
[3] Matthew: umm
[3] Matthew: so how would you going to back home if the weather is going to rain
[3] Lucy: hmm if it rains
[3] Lucy: um i will um take a taxi
[3] Matthew: well
[3] Matthew: hmm i drive the company here today
[3] Matthew: if you don't mind i can give you a lift
[3] Lucy: umm thank you for your invitation
[3] Lucy: umm i think i don't need temporarily
[4] Lucy: umm I think I don't need temporarily
[4] Matthew: well, don't be shy we are all colleagues
[4] Matthew: do you want me to take you a glass of water
[5] Lucy: hmm thank you I'm not thirsty now
[6] Matthew: the Chinese black tea is not good
[6] Matthew: but I like the smell
[7] Matthew: is this your first time participating in the project planing
[7] Lucy: yes
[7] Matthew: well don't be nervous Annie may seem fierce
[7] Matthew: but she's very diligent and responsible and of course a good person
[7] Lucy: okay
[7] Annie: hi everyone
[8] Matthew: Hi Anny
[8] Annie: you arrived very early

Conversation 3: The group discussed the need for a stable, reliable platform to receive entries without loss or upload failures. They noted potential requirements for professional support in computing and photography. Annie proposed allocating a temporary budget of $1,000 for this purpose, and Mary was asked to record the decision.
[33] Lucy: umm
[33] Lucy: a stable and reliable platform
[33] Lucy: on channel for receiving the entries
[33] Lucy: is also needed ensuring no lost works or upload failures
[34] Annie: but i have questions
[34] Annie: is there any special funding expenditure for the part
[34] Annie: it seems like we designated it ourselves
[34] Matthew: well we can complete most of the work
[34] Matthew: but we may need
[34] Matthew: some more professional people in computer
[34] Matthew: and photography's help
[35] Annie: okay understood

[Step 2] Evaluating semantic answer...
Action: [Answer]
Content: Annie is the leader among the three.
FINAL ANSWER (from graph):
Annie is the leader among the three.
Question: Which part of the competition costs the highest expenditure?

[Step 1] Searching the graph...
Parse Query Output:
{
  "query_triple": [null, "costs the highest expenditure", "competition part", 0.1, 0.3, 0.6],
  "spatial_constraint": null,
  "speaker_strict": null,
  "allocation": {
    "k_high_level": 5,
    "k_low_level": 40,
    "k_conversations": 5,
    "total_k": 50,
    "reasoning": "This is a specific action/state query about cost within parts of a competition. Prioritize low-level edges to find expenditures tied to competition segments. Minimal high-level edges for any named parts or attributes, and a small conversation budget in case the cost is discussed verbally."
  }
}

Graph Search Results:
**High-Level Information (Character Attributes and Relationships): **

Character Attributes:
- Annie is: working with papers (100)
- Lucy is: writing on papers (100)
- character_2 is: black shorts (100), holds tablet (100), female (100)

**Low-Level Information (Actions and Events): **

[2] Matthew enters meeting room. (meeting room)
[2] Matthew comments about weather. (meeting room)
[3] Matthew continues conversation. (meeting room)
[4] Lucy works on laptop. (meeting room)
[4] Lucy sorts document. (meeting room)
[5] Matthew operates water dispenser. (conference room)
[6] Lucy works on laptop. (conference room)
[6] Matthew comments about Chinese black tea. (conference room)
[6] Matthew starts using laptop. (conference room)
[8] Annie offers order food. (meeting room)
[9] Annie shows paper. (meeting room)
[9] Matthew accepts paper. (meeting room)
[10] Matthew comments. (conference room)
[10] robot prepares paper cup. (conference room)
[12] Mary faces others. (meeting room)
[13] Matthew works on Matthew's laptop. (conference room)
[14] Matthew works on Matthew's laptop. (meeting room)
[15] Matthew works on laptop. (meeting room)
[15] Annie organizes paper. (meeting room)
[16] Annie faces other. (meeting room)
[17] water is into paper cup. (office meeting room)
[17] Matthew works on laptop. (office meeting room)
[17] Mary sits behind central monitor. (office meeting room)
[18] Matthew reviews paper. (meeting room)
[18] Annie talks about event promotion cost. (meeting room)
[18] Annie responds about budget amount. (meeting room)
[20] Lucy faces others. (meeting room)
[21] heading is on whiteboard. (meeting room)
[21] Mary asks planning question. (meeting room)
[23] Matthew faces others. (conference room)
[23] poster may cost four hundred dollar. (conference room)
[25] Mary mentions budget limit. (office meeting room)
[25] Mary mentions need to plan carefully. (office meeting room)
[27] Matthew works on laptop. (office meeting room)
[28] Lucy asks about main product. (meeting room)
[28] Matthew explains main focus. (meeting room)
[28] main focus is to Lucy. (meeting room)
[28] main focus is to Mary. (meeting room)
[32] 'Make competition' is in 'Execution' column. (office)
[34] Lucy reviews sheet. (conference room)

**Conversations: **

Conversation 3: The group discussed the need for a stable, reliable platform to receive entries without loss or upload failures. They noted potential requirements for professional support in computing and photography. Annie proposed allocating a temporary budget of $1,000 for this purpose, and Mary was asked to record the decision.
[33] Lucy: is also needed ensuring no lost works or upload failures
[34] Annie: but i have questions
[34] Annie: is there any special funding expenditure for the part
[34] Annie: it seems like we designated it ourselves
[34] Matthew: well we can complete most of the work

Conversation 2: The team discusses planning and promoting an event focused on their smart home projector. They consider social media integration, a short video challenge, and promotional materials like posters and videos, estimating costs within a $10,000 budget. Tasks are delegated to Lucy and Mary to detail preparations, with emphasis on drafting competition rules and platform-specific promotional copy.
[16] Annie: please give Lucy a cup of water
[17] Annie: Matthew this is good idea
[17] Annie: but we need to consider the costs of the events promotion
[18] Annie: rewards and so on
[18] Matthew: well what is the specific budget
[18] Annie: we need ten thousands dollars
[19] Lucy: but i think we can first roughly record what things
[21] Lucy: okay i finish okay
[21] Mary: now we can first roughly imagine
[21] Mary: what need to be prepared for the event's promotion
[22] Annie: this time we need highlight the features of our own products
[23] Matthew: well
[31] Matthew: hmm
[31] Matthew: first
[31] Matthew: we need to comprehensive the set of competition rules
[31] Matthew: or the whole events will be a mess
[31] Annie: Mary please pay attention to recording

[Step 2] Evaluating semantic answer...
Action: [Answer]
Content: Posters, estimated at four hundred dollars, are noted as a significant expenditure.
FINAL ANSWER (from graph):
Posters, estimated at four hundred dollars, are noted as a significant expenditure.
Question: What is the common interest shared by Lucy and Matthew？

[Step 1] Searching the graph...
Parse Query Output:
{
  "query_triple": ["<Lucy>", "shares interest", "<Matthew>", 0.95, 0.3, 0.95],
  "spatial_constraint": null,
  "speaker_strict": ["<Lucy>", "<Matthew>"],
  "allocation": {
    "k_high_level": 8,
    "k_low_level": 7,
    "k_conversations": 35,
    "total_k": 50,
    "reasoning": "Seeking a shared interest between two characters; use high-level edges for traits/relationships and prioritize conversations to identify explicitly mentioned common interests. Some low-level edges may reveal activities they both engage in."
  }
}

Graph Search Results:
**High-Level Information (Character Attributes and Relationships): **

Character Relationships:
- Matthew colleague of Lucy (85)
- Matthew is colleague of Lucy (95)
- Matthew cooperates with Lucy (85)
- Matthew collaborates with Lucy (80)
- Lucy collaborates with Matthew (60)
- Matthew shows friendly attitude toward Lucy (70)
- Lucy is receptive to Matthew (65)
- Matthew has slight leadership role over Lucy (60)

**Low-Level Information (Actions and Events): **

[3] Matthew asks Lucy. (meeting room)
[3] Matthew offers ride to Lucy. (meeting room)
[4] Matthew looks toward Lucy. (meeting room)
[5] Matthew looks toward Lucy. (conference room)
[5] Lucy replies to Matthew. (conference room)
[6] Lucy replies to Matthew. (conference room)
[28] Matthew asks Lucy. (meeting room)

**Conversations: **

Conversation 1: New colleague Lucy is introduced, and small talk covers weather, transport, and refreshments. Annie appears to lead the meeting, provides materials, and offers to arrange breakfast; Matthew and Lucy acknowledge receiving the data. No project decisions are finalized, but the team prepares to review and discuss the meeting content together.
[2] Matthew: Hi, are you the new member Lucy?
[2] Lucy: Yes, um, hello, who are you?
[2] Matthew: Hi, I'm Matthew. I happened to be on a business when you arrived.
[2] Matthew: Oh the weather seems going to rain, have you bring an umbrella?
[2] Lucy: Oh no.
[2] Lucy: Hmm I forget it.
[2] Matthew: Oh that's too bad.
[3] Matthew: umm
[3] Matthew: so how would you going to back home if the weather is going to rain
[3] Lucy: hmm if it rains
[3] Lucy: um i will um take a taxi
[3] Matthew: well
[3] Matthew: hmm i drive the company here today
[3] Matthew: if you don't mind i can give you a lift
[4] Matthew: do you want me to take you a glass of water
[5] Lucy: hmm thank you I'm not thirsty now
[5] Matthew: how about a glass of tea
[5] Lucy: uh no
[5] Matthew: oh
[6] Matthew: the coffee is no better
[6] Lucy: hmm i don't need coffee
[6] Matthew: okay
[6] Matthew: the Chinese black tea is not good
[6] Matthew: but I like the smell
[7] Matthew: is this your first time participating in the project planing
[7] Lucy: yes
[7] Matthew: well don't be nervous Annie may seem fierce
[7] Matthew: but she's very diligent and responsible and of course a good person
[7] Lucy: okay
[7] Annie: hi everyone
[8] Matthew: Hi Anny
[8] Annie: you arrived very early
[8] Matthew: yeah
[8] Annie: do you have some breakfast
[8] Annie: hmm if you don't have
[8] Annie: I can book some food
[8] Matthew: uh that's great
[8] Matthew: i just had a piece of bread and a cup of coffee. Thank you
[8] Annie: and you
[8] Lucy: hmm i already have my breakfast
[8] Annie: okay
[9] Annie: this is our meeting data you can look through
[9] Lucy: thank you
[9] Matthew: thank you
[9] Annie: Then after that we will discuss and together
[9] Matthew: ok
[10] Matthew: oh that's too much
[10] Annie: Mary please give me a cup of water

Conversation 2: The team discusses planning and promoting an event focused on their smart home projector. They consider social media integration, a short video challenge, and promotional materials like posters and videos, estimating costs within a $10,000 budget. Tasks are delegated to Lucy and Mary to detail preparations, with emphasis on drafting competition rules and platform-specific promotional copy.
[13] Mary: okay
[14] Annie: already
[14] Lucy: yes
[15] Annie: main reason for gathering everyone here
[15] Annie: today is to discuss our plans
[15] Matthew: social media trends into our events this time
[15] Matthew: like organizing a short video challenge
[16] Annie: Lucy don't be nervous share your thought
[16] Annie: Mary
[16] Annie: please give Lucy a cup of water
[17] Annie: Matthew this is good idea
[17] Annie: but we need to consider the costs of the events promotion
[18] Annie: rewards and so on
[18] Annie: we need ten thousands dollars
[19] Lucy: but i think we can first roughly record what things
[19] Lucy: hmm need to be prepared in advance
[19] Annie: hmm
[19] Annie: and this part is up to you and the Mary to complete
[19] Lucy: hmm
[20] Lucy: okay i think i can do well
[21] Lucy: okay i finish okay
[21] Mary: now we can first roughly imagine
[21] Mary: what need to be prepared for the event's promotion
[22] Annie: this time we need highlight the features of our own products
[23] Matthew: well
[23] Matthew: first of all events promotion definitely
[23] Matthew: requires posters and of course
[23] Matthew: having a promotional video would be better
[23] Matthew: umm
[23] Matthew: we need some design personnel for this
[23] Mary: yes
[24] Annie: and videos may cost one thousand dollars
[24] Lucy: okay wait a minute let me write
[25] Lucy: okay finish
[25] Mary: but we don't have much money so we need to plan carefully
[25] Mary: Lucy please sit down
[25] Mary: and you make some details records
[25] Lucy: okay
[26] Lucy: hi Mary please give me a pen
[26] Lucy: okay thank you
[28] Mary: hmm okay we continues and we just talk about the promotional
[28] Mary: posters and videos i remember Lucy you are studying design
[28] Matthew: are you studying design
[28] Lucy: yeah i studied
[28] Lucy: visual design in my college
[28] Lucy: however uh
[28] Lucy: i want to know our main product this time
[28] Matthew: well our main focus this time is a smart home projector
[29] Matthew: which is convenient and high definition
[29] Matthew: and comes with a vast amount of field and television resources
[29] Matthew: there are the key points of our motion
[29] Lucy: umm wait a minute
[29] Lucy: i need to record it
[30] Matthew: and we also need to prepare online promotional
[30] Mary: what do all things need to be prepared in advance
[31] Annie: what do all things need to be prepared in advance
[31] Matthew: hmm
[31] Matthew: first
[31] Matthew: we need to comprehensive the set of competition rules

Conversation 3: The group discussed the need for a stable, reliable platform to receive entries without loss or upload failures. They noted potential requirements for professional support in computing and photography. Annie proposed allocating a temporary budget of $1,000 for this purpose, and Mary was asked to record the decision.
[33] Lucy: umm
[33] Lucy: a stable and reliable platform
[33] Lucy: on channel for receiving the entries
[33] Lucy: is also needed ensuring no lost works or upload failures

[Step 2] Evaluating semantic answer...
Action: [Answer]
Content: They share an interest in visual design and promotional content for the smart home projector.
FINAL ANSWER (from graph):
They share an interest in visual design and promotional content for the smart home projector.
✓ Updated results.json for meeting_room_01 (9 questions)
✓ Cleaned up video and frames for meeting_room_01

============================================================
Processing video: office_06
============================================================
Downloading 1 video(s) to data/videos...

Downloading office_06.mp4...
✓ Successfully downloaded office_06.mp4 to data/videos/office_06.mp4

============================================================
Download Summary:
  Successful: 1/1
============================================================

============================================================
[1/1] Processing: office_06
============================================================
Video: data/videos/office_06.mp4
Subtitles: data/subtitles/robot/office_06.srt
Output: data/frames/office_06
============================================================

Parsing subtitle file: data/subtitles/robot/office_06.srt
Found 465 subtitle entries
Video: 1280x720, 30.00 FPS, 81363 frames, 2712.10s duration

Extracting frames with subtitles...
Grouping frames into folders of 30 frames each
  Saved 10 frames (up to 9s, folder 1)
  Saved 20 frames (up to 19s, folder 1)
  Saved 30 frames (up to 29s, folder 1)
  Saved 40 frames (up to 39s, folder 2)
  Saved 50 frames (up to 49s, folder 2)
  Saved 60 frames (up to 59s, folder 2)
  Saved 70 frames (up to 69s, folder 3)
  Saved 80 frames (up to 79s, folder 3)
  Saved 90 frames (up to 89s, folder 3)
  Saved 100 frames (up to 99s, folder 4)
  Saved 110 frames (up to 109s, folder 4)
  Saved 120 frames (up to 119s, folder 4)
  Saved 130 frames (up to 129s, folder 5)
  Saved 140 frames (up to 139s, folder 5)
  Saved 150 frames (up to 149s, folder 5)
  Saved 160 frames (up to 159s, folder 6)
  Saved 170 frames (up to 169s, folder 6)
  Saved 180 frames (up to 179s, folder 6)
  Saved 190 frames (up to 189s, folder 7)
  Saved 200 frames (up to 199s, folder 7)
  Saved 210 frames (up to 209s, folder 7)
  Saved 220 frames (up to 219s, folder 8)
  Saved 230 frames (up to 229s, folder 8)
  Saved 240 frames (up to 239s, folder 8)
  Saved 250 frames (up to 249s, folder 9)
  Saved 260 frames (up to 259s, folder 9)
  Saved 270 frames (up to 269s, folder 9)
  Saved 280 frames (up to 279s, folder 10)
  Saved 290 frames (up to 289s, folder 10)
  Saved 300 frames (up to 299s, folder 10)
  Saved 310 frames (up to 309s, folder 11)
  Saved 320 frames (up to 319s, folder 11)
  Saved 330 frames (up to 329s, folder 11)
  Saved 340 frames (up to 339s, folder 12)
  Saved 350 frames (up to 349s, folder 12)
  Saved 360 frames (up to 359s, folder 12)
  Saved 370 frames (up to 369s, folder 13)
  Saved 380 frames (up to 379s, folder 13)
  Saved 390 frames (up to 389s, folder 13)
  Saved 400 frames (up to 399s, folder 14)
  Saved 410 frames (up to 409s, folder 14)
  Saved 420 frames (up to 419s, folder 14)
  Saved 430 frames (up to 429s, folder 15)
  Saved 440 frames (up to 439s, folder 15)
  Saved 450 frames (up to 449s, folder 15)
  Saved 460 frames (up to 459s, folder 16)
  Saved 470 frames (up to 469s, folder 16)
  Saved 480 frames (up to 479s, folder 16)
  Saved 490 frames (up to 489s, folder 17)
  Saved 500 frames (up to 499s, folder 17)
  Saved 510 frames (up to 509s, folder 17)
  Saved 520 frames (up to 519s, folder 18)
  Saved 530 frames (up to 529s, folder 18)
  Saved 540 frames (up to 539s, folder 18)
  Saved 550 frames (up to 549s, folder 19)
  Saved 560 frames (up to 559s, folder 19)
  Saved 570 frames (up to 569s, folder 19)
  Saved 580 frames (up to 579s, folder 20)
  Saved 590 frames (up to 589s, folder 20)
  Saved 600 frames (up to 599s, folder 20)
  Saved 610 frames (up to 609s, folder 21)
  Saved 620 frames (up to 619s, folder 21)
  Saved 630 frames (up to 629s, folder 21)
  Saved 640 frames (up to 639s, folder 22)
  Saved 650 frames (up to 649s, folder 22)
  Saved 660 frames (up to 659s, folder 22)
  Saved 670 frames (up to 669s, folder 23)
  Saved 680 frames (up to 679s, folder 23)
  Saved 690 frames (up to 689s, folder 23)
  Saved 700 frames (up to 699s, folder 24)
  Saved 710 frames (up to 709s, folder 24)
  Saved 720 frames (up to 719s, folder 24)
  Saved 730 frames (up to 729s, folder 25)
  Saved 740 frames (up to 739s, folder 25)
  Saved 750 frames (up to 749s, folder 25)
  Saved 760 frames (up to 759s, folder 26)
  Saved 770 frames (up to 769s, folder 26)
  Saved 780 frames (up to 779s, folder 26)
  Saved 790 frames (up to 789s, folder 27)
  Saved 800 frames (up to 799s, folder 27)
  Saved 810 frames (up to 809s, folder 27)
  Saved 820 frames (up to 819s, folder 28)
  Saved 830 frames (up to 829s, folder 28)
  Saved 840 frames (up to 839s, folder 28)
  Saved 850 frames (up to 849s, folder 29)
  Saved 860 frames (up to 859s, folder 29)
  Saved 870 frames (up to 869s, folder 29)
  Saved 880 frames (up to 879s, folder 30)
  Saved 890 frames (up to 889s, folder 30)
  Saved 900 frames (up to 899s, folder 30)
  Saved 910 frames (up to 909s, folder 31)
  Saved 920 frames (up to 919s, folder 31)
  Saved 930 frames (up to 929s, folder 31)
  Saved 940 frames (up to 939s, folder 32)
  Saved 950 frames (up to 949s, folder 32)
  Saved 960 frames (up to 959s, folder 32)
  Saved 970 frames (up to 969s, folder 33)
  Saved 980 frames (up to 979s, folder 33)
  Saved 990 frames (up to 989s, folder 33)
  Saved 1000 frames (up to 999s, folder 34)
  Saved 1010 frames (up to 1009s, folder 34)
  Saved 1020 frames (up to 1019s, folder 34)
  Saved 1030 frames (up to 1029s, folder 35)
  Saved 1040 frames (up to 1039s, folder 35)
  Saved 1050 frames (up to 1049s, folder 35)
  Saved 1060 frames (up to 1059s, folder 36)
  Saved 1070 frames (up to 1069s, folder 36)
  Saved 1080 frames (up to 1079s, folder 36)
  Saved 1090 frames (up to 1089s, folder 37)
  Saved 1100 frames (up to 1099s, folder 37)
  Saved 1110 frames (up to 1109s, folder 37)
  Saved 1120 frames (up to 1119s, folder 38)
  Saved 1130 frames (up to 1129s, folder 38)
  Saved 1140 frames (up to 1139s, folder 38)
  Saved 1150 frames (up to 1149s, folder 39)
  Saved 1160 frames (up to 1159s, folder 39)
  Saved 1170 frames (up to 1169s, folder 39)
  Saved 1180 frames (up to 1179s, folder 40)
  Saved 1190 frames (up to 1189s, folder 40)
  Saved 1200 frames (up to 1199s, folder 40)
  Saved 1210 frames (up to 1209s, folder 41)
  Saved 1220 frames (up to 1219s, folder 41)
  Saved 1230 frames (up to 1229s, folder 41)
  Saved 1240 frames (up to 1239s, folder 42)
  Saved 1250 frames (up to 1249s, folder 42)
  Saved 1260 frames (up to 1259s, folder 42)
  Saved 1270 frames (up to 1269s, folder 43)
  Saved 1280 frames (up to 1279s, folder 43)
  Saved 1290 frames (up to 1289s, folder 43)
  Saved 1300 frames (up to 1299s, folder 44)
  Saved 1310 frames (up to 1309s, folder 44)
  Saved 1320 frames (up to 1319s, folder 44)
  Saved 1330 frames (up to 1329s, folder 45)
  Saved 1340 frames (up to 1339s, folder 45)
  Saved 1350 frames (up to 1349s, folder 45)
  Saved 1360 frames (up to 1359s, folder 46)
  Saved 1370 frames (up to 1369s, folder 46)
  Saved 1380 frames (up to 1379s, folder 46)
  Saved 1390 frames (up to 1389s, folder 47)
  Saved 1400 frames (up to 1399s, folder 47)
  Saved 1410 frames (up to 1409s, folder 47)
  Saved 1420 frames (up to 1419s, folder 48)
  Saved 1430 frames (up to 1429s, folder 48)
  Saved 1440 frames (up to 1439s, folder 48)
  Saved 1450 frames (up to 1449s, folder 49)
  Saved 1460 frames (up to 1459s, folder 49)
  Saved 1470 frames (up to 1469s, folder 49)
  Saved 1480 frames (up to 1479s, folder 50)
  Saved 1490 frames (up to 1489s, folder 50)
  Saved 1500 frames (up to 1499s, folder 50)
  Saved 1510 frames (up to 1509s, folder 51)
  Saved 1520 frames (up to 1519s, folder 51)
  Saved 1530 frames (up to 1529s, folder 51)
  Saved 1540 frames (up to 1539s, folder 52)
  Saved 1550 frames (up to 1549s, folder 52)
  Saved 1560 frames (up to 1559s, folder 52)
  Saved 1570 frames (up to 1569s, folder 53)
  Saved 1580 frames (up to 1579s, folder 53)
  Saved 1590 frames (up to 1589s, folder 53)
  Saved 1600 frames (up to 1599s, folder 54)
  Saved 1610 frames (up to 1609s, folder 54)
  Saved 1620 frames (up to 1619s, folder 54)
  Saved 1630 frames (up to 1629s, folder 55)
  Saved 1640 frames (up to 1639s, folder 55)
  Saved 1650 frames (up to 1649s, folder 55)
  Saved 1660 frames (up to 1659s, folder 56)
  Saved 1670 frames (up to 1669s, folder 56)
  Saved 1680 frames (up to 1679s, folder 56)
  Saved 1690 frames (up to 1689s, folder 57)
  Saved 1700 frames (up to 1699s, folder 57)
  Saved 1710 frames (up to 1709s, folder 57)
  Saved 1720 frames (up to 1719s, folder 58)
  Saved 1730 frames (up to 1729s, folder 58)
  Saved 1740 frames (up to 1739s, folder 58)
  Saved 1750 frames (up to 1749s, folder 59)
  Saved 1760 frames (up to 1759s, folder 59)
  Saved 1770 frames (up to 1769s, folder 59)
  Saved 1780 frames (up to 1779s, folder 60)
  Saved 1790 frames (up to 1789s, folder 60)
  Saved 1800 frames (up to 1799s, folder 60)
  Saved 1810 frames (up to 1809s, folder 61)
  Saved 1820 frames (up to 1819s, folder 61)
  Saved 1830 frames (up to 1829s, folder 61)
  Saved 1840 frames (up to 1839s, folder 62)
  Saved 1850 frames (up to 1849s, folder 62)
  Saved 1860 frames (up to 1859s, folder 62)
  Saved 1870 frames (up to 1869s, folder 63)
  Saved 1880 frames (up to 1879s, folder 63)
  Saved 1890 frames (up to 1889s, folder 63)
  Saved 1900 frames (up to 1899s, folder 64)
  Saved 1910 frames (up to 1909s, folder 64)
  Saved 1920 frames (up to 1919s, folder 64)
  Saved 1930 frames (up to 1929s, folder 65)
  Saved 1940 frames (up to 1939s, folder 65)
  Saved 1950 frames (up to 1949s, folder 65)
  Saved 1960 frames (up to 1959s, folder 66)
  Saved 1970 frames (up to 1969s, folder 66)
  Saved 1980 frames (up to 1979s, folder 66)
  Saved 1990 frames (up to 1989s, folder 67)
  Saved 2000 frames (up to 1999s, folder 67)
  Saved 2010 frames (up to 2009s, folder 67)
  Saved 2020 frames (up to 2019s, folder 68)
  Saved 2030 frames (up to 2029s, folder 68)
  Saved 2040 frames (up to 2039s, folder 68)
  Saved 2050 frames (up to 2049s, folder 69)
  Saved 2060 frames (up to 2059s, folder 69)
  Saved 2070 frames (up to 2069s, folder 69)
  Saved 2080 frames (up to 2079s, folder 70)
  Saved 2090 frames (up to 2089s, folder 70)
  Saved 2100 frames (up to 2099s, folder 70)
  Saved 2110 frames (up to 2109s, folder 71)
  Saved 2120 frames (up to 2119s, folder 71)
  Saved 2130 frames (up to 2129s, folder 71)
  Saved 2140 frames (up to 2139s, folder 72)
  Saved 2150 frames (up to 2149s, folder 72)
  Saved 2160 frames (up to 2159s, folder 72)
  Saved 2170 frames (up to 2169s, folder 73)
  Saved 2180 frames (up to 2179s, folder 73)
  Saved 2190 frames (up to 2189s, folder 73)
  Saved 2200 frames (up to 2199s, folder 74)
  Saved 2210 frames (up to 2209s, folder 74)
  Saved 2220 frames (up to 2219s, folder 74)
  Saved 2230 frames (up to 2229s, folder 75)
  Saved 2240 frames (up to 2239s, folder 75)
  Saved 2250 frames (up to 2249s, folder 75)
  Saved 2260 frames (up to 2259s, folder 76)
  Saved 2270 frames (up to 2269s, folder 76)
  Saved 2280 frames (up to 2279s, folder 76)
  Saved 2290 frames (up to 2289s, folder 77)
  Saved 2300 frames (up to 2299s, folder 77)
  Saved 2310 frames (up to 2309s, folder 77)
  Saved 2320 frames (up to 2319s, folder 78)
  Saved 2330 frames (up to 2329s, folder 78)
  Saved 2340 frames (up to 2339s, folder 78)
  Saved 2350 frames (up to 2349s, folder 79)
  Saved 2360 frames (up to 2359s, folder 79)
  Saved 2370 frames (up to 2369s, folder 79)
  Saved 2380 frames (up to 2379s, folder 80)
  Saved 2390 frames (up to 2389s, folder 80)
  Saved 2400 frames (up to 2399s, folder 80)
  Saved 2410 frames (up to 2409s, folder 81)
  Saved 2420 frames (up to 2419s, folder 81)
  Saved 2430 frames (up to 2429s, folder 81)
  Saved 2440 frames (up to 2439s, folder 82)
  Saved 2450 frames (up to 2449s, folder 82)
  Saved 2460 frames (up to 2459s, folder 82)
  Saved 2470 frames (up to 2469s, folder 83)
  Saved 2480 frames (up to 2479s, folder 83)
  Saved 2490 frames (up to 2489s, folder 83)
  Saved 2500 frames (up to 2499s, folder 84)
  Saved 2510 frames (up to 2509s, folder 84)
  Saved 2520 frames (up to 2519s, folder 84)
  Saved 2530 frames (up to 2529s, folder 85)
  Saved 2540 frames (up to 2539s, folder 85)
  Saved 2550 frames (up to 2549s, folder 85)
  Saved 2560 frames (up to 2559s, folder 86)
  Saved 2570 frames (up to 2569s, folder 86)
  Saved 2580 frames (up to 2579s, folder 86)
  Saved 2590 frames (up to 2589s, folder 87)
  Saved 2600 frames (up to 2599s, folder 87)
  Saved 2610 frames (up to 2609s, folder 87)
  Saved 2620 frames (up to 2619s, folder 88)
  Saved 2630 frames (up to 2629s, folder 88)
  Saved 2640 frames (up to 2639s, folder 88)
  Saved 2650 frames (up to 2649s, folder 89)
  Saved 2660 frames (up to 2659s, folder 89)
  Saved 2670 frames (up to 2669s, folder 89)
  Saved 2680 frames (up to 2679s, folder 90)
  Saved 2690 frames (up to 2689s, folder 90)
  Saved 2700 frames (up to 2699s, folder 90)
  Saved 2710 frames (up to 2709s, folder 91)

✓ Extracted 2713 frames to data/frames/office_06

✓ Successfully processed office_06: 2713 frames saved
--------------------------------
Processing folder:  data/frames/office_06/1
Inserted 19 triples into graph for clip 1
--------------------------------
Processing folder:  data/frames/office_06/2
Extracting summary for completed conversation 1...
✓ Conversation summary extracted. Attributes: 2, Relationships: 0
Inserted 21 triples into graph for clip 2
--------------------------------
Processing folder:  data/frames/office_06/3
Inserted 12 triples into graph for clip 3
--------------------------------
Processing folder:  data/frames/office_06/4
Inserted 28 triples into graph for clip 4
--------------------------------
Processing folder:  data/frames/office_06/5
Extracting summary for completed conversation 2...
✓ Conversation summary extracted. Attributes: 2, Relationships: 0
Inserted 22 triples into graph for clip 5
--------------------------------
Processing folder:  data/frames/office_06/6
Inserted 17 triples into graph for clip 6
--------------------------------
Processing folder:  data/frames/office_06/7
Inserted 23 triples into graph for clip 7
--------------------------------
Processing folder:  data/frames/office_06/8
Inserted 17 triples into graph for clip 8
--------------------------------
Processing folder:  data/frames/office_06/9
Extracting summary for completed conversation 3...
✓ Conversation summary extracted. Attributes: 6, Relationships: 2
Inserted 16 triples into graph for clip 9
--------------------------------
Processing folder:  data/frames/office_06/10
Inserted 25 triples into graph for clip 10
--------------------------------
Processing folder:  data/frames/office_06/11
Inserted 21 triples into graph for clip 11
--------------------------------
Processing folder:  data/frames/office_06/12
Inserted 22 triples into graph for clip 12
--------------------------------
Processing folder:  data/frames/office_06/13
Inserted 20 triples into graph for clip 13
--------------------------------
Processing folder:  data/frames/office_06/14
Inserted 17 triples into graph for clip 14
--------------------------------
Processing folder:  data/frames/office_06/15
Inserted 12 triples into graph for clip 15
--------------------------------
Processing folder:  data/frames/office_06/16
Extracting summary for completed conversation 4...
✓ Conversation summary extracted. Attributes: 7, Relationships: 2
Inserted 16 triples into graph for clip 16
--------------------------------
Processing folder:  data/frames/office_06/17
Inserted 22 triples into graph for clip 17
--------------------------------
Processing folder:  data/frames/office_06/18
Inserted 22 triples into graph for clip 18
--------------------------------
Processing folder:  data/frames/office_06/19
Inserted 24 triples into graph for clip 19
--------------------------------
Processing folder:  data/frames/office_06/20
Inserted 29 triples into graph for clip 20
--------------------------------
Processing folder:  data/frames/office_06/21
Inserted 22 triples into graph for clip 21
--------------------------------
Processing folder:  data/frames/office_06/22
Inserted 25 triples into graph for clip 22
--------------------------------
Processing folder:  data/frames/office_06/23
Inserted 20 triples into graph for clip 23
--------------------------------
Processing folder:  data/frames/office_06/24
Inserted 20 triples into graph for clip 24
--------------------------------
Processing folder:  data/frames/office_06/25
Inserted 29 triples into graph for clip 25
--------------------------------
Processing folder:  data/frames/office_06/26
Inserted 17 triples into graph for clip 26
--------------------------------
Processing folder:  data/frames/office_06/27
Extracting summary for completed conversation 5...
✓ Conversation summary extracted. Attributes: 9, Relationships: 9
Inserted 16 triples into graph for clip 27
--------------------------------
Processing folder:  data/frames/office_06/28
Inserted 30 triples into graph for clip 28
--------------------------------
Processing folder:  data/frames/office_06/29
Inserted 28 triples into graph for clip 29
--------------------------------
Processing folder:  data/frames/office_06/30
Inserted 13 triples into graph for clip 30
--------------------------------
Processing folder:  data/frames/office_06/31
Inserted 22 triples into graph for clip 31
--------------------------------
Processing folder:  data/frames/office_06/32
Inserted 27 triples into graph for clip 32
--------------------------------
Processing folder:  data/frames/office_06/33
Inserted 12 triples into graph for clip 33
--------------------------------
Processing folder:  data/frames/office_06/34
Inserted 21 triples into graph for clip 34
--------------------------------
Processing folder:  data/frames/office_06/35
Inserted 24 triples into graph for clip 35
--------------------------------
Processing folder:  data/frames/office_06/36
Inserted 11 triples into graph for clip 36
--------------------------------
Processing folder:  data/frames/office_06/37
Inserted 19 triples into graph for clip 37
--------------------------------
Processing folder:  data/frames/office_06/38
Inserted 11 triples into graph for clip 38
--------------------------------
Processing folder:  data/frames/office_06/39
Inserted 16 triples into graph for clip 39
--------------------------------
Processing folder:  data/frames/office_06/40
Extracting summary for completed conversation 6...
Warning: Character '<Robot>' not found in graph, skipping attribute: helpful assistant role
Warning: Character '<Bob>' not found in graph, skipping attribute: participant in planned meeting
Warning: Character '<Boss>' not found in graph, skipping attribute: managerial authority
Warning: Character '<Bob>' not found in graph, skipping relationship
Warning: Character '<Boss>' not found in graph, skipping relationship
Warning: Character '<Boss>' not found in graph, skipping relationship
Warning: Character '<Robot>' not found in graph, skipping relationship
Warning: Character '<Robot>' not found in graph, skipping relationship
Warning: Character '<Boss>' not found in graph, skipping relationship
✓ Conversation summary extracted. Attributes: 12, Relationships: 9
Inserted 0 triples into graph for clip 40
--------------------------------
Processing folder:  data/frames/office_06/41
Inserted 16 triples into graph for clip 41
--------------------------------
Processing folder:  data/frames/office_06/42
Inserted 27 triples into graph for clip 42
--------------------------------
Processing folder:  data/frames/office_06/43
Inserted 24 triples into graph for clip 43
--------------------------------
Processing folder:  data/frames/office_06/44
Inserted 20 triples into graph for clip 44
--------------------------------
Processing folder:  data/frames/office_06/45
Inserted 25 triples into graph for clip 45
--------------------------------
Processing folder:  data/frames/office_06/46
Inserted 30 triples into graph for clip 46
--------------------------------
Processing folder:  data/frames/office_06/47
Inserted 18 triples into graph for clip 47
--------------------------------
Processing folder:  data/frames/office_06/48
Inserted 25 triples into graph for clip 48
--------------------------------
Processing folder:  data/frames/office_06/49
Inserted 18 triples into graph for clip 49
--------------------------------
Processing folder:  data/frames/office_06/50
Inserted 22 triples into graph for clip 50
--------------------------------
Processing folder:  data/frames/office_06/51
Inserted 25 triples into graph for clip 51
--------------------------------
Processing folder:  data/frames/office_06/52
Inserted 16 triples into graph for clip 52
--------------------------------
Processing folder:  data/frames/office_06/53
Inserted 33 triples into graph for clip 53
--------------------------------
Processing folder:  data/frames/office_06/54
Inserted 40 triples into graph for clip 54
--------------------------------
Processing folder:  data/frames/office_06/55
Inserted 30 triples into graph for clip 55
--------------------------------
Processing folder:  data/frames/office_06/56
Inserted 29 triples into graph for clip 56
--------------------------------
Processing folder:  data/frames/office_06/57
Inserted 22 triples into graph for clip 57
--------------------------------
Processing folder:  data/frames/office_06/58
Inserted 25 triples into graph for clip 58
--------------------------------
Processing folder:  data/frames/office_06/59
Inserted 19 triples into graph for clip 59
--------------------------------
Processing folder:  data/frames/office_06/60
Inserted 20 triples into graph for clip 60
--------------------------------
Processing folder:  data/frames/office_06/61
Inserted 34 triples into graph for clip 61
--------------------------------
Processing folder:  data/frames/office_06/62
Inserted 24 triples into graph for clip 62
--------------------------------
Processing folder:  data/frames/office_06/63
Inserted 33 triples into graph for clip 63
--------------------------------
Processing folder:  data/frames/office_06/64
Inserted 33 triples into graph for clip 64
--------------------------------
Processing folder:  data/frames/office_06/65
Inserted 24 triples into graph for clip 65
--------------------------------
Processing folder:  data/frames/office_06/66
Inserted 26 triples into graph for clip 66
--------------------------------
Processing folder:  data/frames/office_06/67
Inserted 26 triples into graph for clip 67
--------------------------------
Processing folder:  data/frames/office_06/68
Inserted 19 triples into graph for clip 68
--------------------------------
Processing folder:  data/frames/office_06/69
Inserted 32 triples into graph for clip 69
--------------------------------
Processing folder:  data/frames/office_06/70
Inserted 26 triples into graph for clip 70
--------------------------------
Processing folder:  data/frames/office_06/71
Inserted 23 triples into graph for clip 71
--------------------------------
Processing folder:  data/frames/office_06/72
Inserted 30 triples into graph for clip 72
--------------------------------
Processing folder:  data/frames/office_06/73
Inserted 27 triples into graph for clip 73
--------------------------------
Processing folder:  data/frames/office_06/74
Inserted 25 triples into graph for clip 74
--------------------------------
Processing folder:  data/frames/office_06/75
Inserted 28 triples into graph for clip 75
--------------------------------
Processing folder:  data/frames/office_06/76
Inserted 15 triples into graph for clip 76
--------------------------------
Processing folder:  data/frames/office_06/77
Inserted 30 triples into graph for clip 77
--------------------------------
Processing folder:  data/frames/office_06/78
Inserted 20 triples into graph for clip 78
--------------------------------
Processing folder:  data/frames/office_06/79
Extracting summary for completed conversation 7...
✓ Conversation summary extracted. Attributes: 12, Relationships: 5
Inserted 13 triples into graph for clip 79
--------------------------------
Processing folder:  data/frames/office_06/80
Inserted 15 triples into graph for clip 80
--------------------------------
Processing folder:  data/frames/office_06/81
Inserted 20 triples into graph for clip 81
--------------------------------
Processing folder:  data/frames/office_06/82
Inserted 22 triples into graph for clip 82
--------------------------------
Processing folder:  data/frames/office_06/83
Inserted 15 triples into graph for clip 83
--------------------------------
Processing folder:  data/frames/office_06/84
Inserted 18 triples into graph for clip 84
--------------------------------
Processing folder:  data/frames/office_06/85
Inserted 20 triples into graph for clip 85
--------------------------------
Processing folder:  data/frames/office_06/86
Inserted 14 triples into graph for clip 86
--------------------------------
Processing folder:  data/frames/office_06/87
Inserted 26 triples into graph for clip 87
--------------------------------
Processing folder:  data/frames/office_06/88
Extracting summary for completed conversation 8...
Warning: Character '<Group>' not found in graph, skipping relationship
✓ Conversation summary extracted. Attributes: 8, Relationships: 6
Inserted 26 triples into graph for clip 88
--------------------------------
Processing folder:  data/frames/office_06/89
Inserted 25 triples into graph for clip 89
--------------------------------
Processing folder:  data/frames/office_06/90
Inserted 17 triples into graph for clip 90
--------------------------------
Processing folder:  data/frames/office_06/91
Inserted 19 triples into graph for clip 91
Extracting summary for final conversation 9...
✓ Final conversation summary extracted. Attributes: 5, Relationships: 2
Inserting character appearances for 10 characters...
Warning: Character '<<Bella)>' not found in graph, skipping appearance
✓ Character appearances inserted: 51 appearance edges created
538 node embeddings inserted (10 characters, 528 objects)
✗ Error inserting embeddings: Error code: 400 - {'error': {'message': "code: ; message: '$.input' is invalid. Please check the API reference: https://platform.openai.com/docs/api-reference.", 'type': 'invalid_request_error', 'code': '-4003'}}
Generating character attributes...
Number of edges:  2095
Character attributes generated.
Number of edges:  2163
Character relationships generated.
Number of edges:  2234
✓ Graph memory built for office_06
Question: Where should Ash make a cup of coffee?

[Step 1] Searching the graph...
Parse Query Output:
{
  "query_triple": ["<Ash>", "should make", "coffee#cup", 0.95, 0.25, 0.8],
  "spatial_constraint": null,
  "speaker_strict": null,
  "allocation": {
    "k_high_level": 5,
    "k_low_level": 37,
    "k_conversations": 8,
    "total_k": 50,
    "reasoning": "Location recommendation implies finding scenes where Ash (or anyone) makes coffee and typical places/tools (e.g., kitchen). Prioritize low-level edges to locate coffee-making actions and relevant locations; small conversations allocation in case dialogue mentions where Ash should make coffee."
  }
}

Graph Search Results:
**High-Level Information (Character Attributes and Relationships): **

Character Relationships:
- Ash is colleague of Bella (95)
- robot assists/supports Ash (90)
- Ash is friend with Bella (90)
- Ash is colleague of Dean (95)
- character_1 is friendly with Ash (80)

**Low-Level Information (Actions and Events): **

[8] Ash wants to make coffee. (office)
[8] Ash walks toward coffee machine. (office)
[8] Ash operates coffee machine. (office)
[9] Ash bends over side table. (office)
[9] Ash organizes side table item. (office)
[10] Ash has next to drink. (office)
[11] Ash bends over coffee machine. (office)
[11] Ash places small cup. (office)
[11] Ash picks up filled cup. (office)
[11] Ash holds cup. (office)
[11] cup is from Ash. (office)
[11] Ash has Ash's coffee-making experience. (office)
[12] Ash walks to side table. (office)
[20] cup of coffee is in front of Ash. (office)
[20] Ash questions number of coffee. (office)
[46] drink is carried toward Ash. (office break area)
[47] lidded cup is to Ash. (office)
[47] Ash accepts lidded cup. (office)
[47] Ash places lidded cup. (office)
[48] Ash mentions having beer. (office)
[48] Ash summarizes by saying beer. (office)
[54] Ash opens food container. (collectibles office or studio)
[54] food container is in front of Ash. (collectibles office or studio)
[55] Ash holds drink cup. (toy-filled office or studio)
[56] Ash accepts red drink cup. (hobby room dining table)
[56] Ash holds Ash's cup. (hobby room dining table)
[56] container moves toward Ash. (hobby room dining table)
[57] Ash holds drink cup. (office or studio with collectibles)
[62] Ash eats from bowl. (toy-filled studio or office)
[63] Ash eats from bowl. (collection room dining table)
[63] Ash uses spoon. (collection room dining table)
[63] Ash lifts bowl. (collection room dining table)
[63] bowl moves closer Ash. (collection room dining table)
[64] Ash eats from bowl. (toy-filled studio dining table)
[65] Ash eats from bowl. (hobby room dining table)
[71] Ash eats from bowl. (studio office)
[89] Ash reaches toward mug on the desk. (office)

**Conversations: **

Conversation 3: Ash and Bella exchange morning greetings, note the early time, and casually chat about a funny video and making coffee. Bella mentions arriving early because she couldn’t sleep and expects Dean to arrive in about ten minutes. Bella asks a robot to set the temperature to 24 degrees, and it acknowledges.
[7] Ash: I see this cat video is really funny.
[8] Ash: Huh okay.
[8] Ash: I want to make some coffee.
[8] Bella: Oh robot.
[8] Bella: Please adjust the temperature to twenty four degree.

Conversation 4: Ash serves Bella coffee, which she praises as better than a robot’s, and mentions bringing a vanilla cake. Ash notes past experience working at a coffee shop, prefers vanilla cake, and defers eating it due to having breakfast. Ash then turns to work, mentioning an email from their boss requesting an experimental report on AI navigation and instructs a robot to print it.
[11] Ash: Oh come and try the coffee I just made.
[11] Bella: I'll try it.
[11] Bella: Wow it's so delicious.
[11] Ash: Of course because I used to work part time at the coffee shop.
[12] Bella: Much better than the one that robot made actually.
[12] Ash: Yes.

Conversation 5: The team plans to write an accuracy analysis on intelligent navigation after data becomes available at noon, agreeing to collaborate in the afternoon. They share coffee due to a discount and discuss hanging out later, while Dean addresses computer issues and food preferences. Bella directs a robot to manage office tasks, including placing coffees, disposing trash, replenishing A4 paper, and printing the monthly financial report.
[20] Ash: Morning.
[20] Bella: Hello.
[20] Ash: Why did you buy three cups of coffee?
[20] Bella: We are too earlier.
[20] character_1: There has a discount downstairs so I bought another coffee for you guys.

Conversation 7: The group discusses lunch, with spicy food preferences and sensitivities, and tentatively plans a beer and barbecue outing, considering Korean or Chinese styles. They talk about travel plans and destinations (Dali, Lijiang, Kunming), peak travel seasons, and Bella’s August birthday with the idea of celebrating while traveling. Ash and Bella express interest in going to Disneyland soon. The conversation also touches on plants care and Dean’s busy schedule due to his daughter’s classes.
[48] Ash: Uh I prefer to go outside the weather is good these days.
[48] Ash: So we can go outside have a walk, eat some thing, beer, hmm I want to have some barbecue and some...
[48] Ash: Beer.
[48] Ash: I don't want to...
[49] Bella: Oh me too actually it's been a very long time that I haven't tried barbecue.
[62] Ash: Okay do you have the other plans for holiday???
[62] Bella: Holidays hmm I don't know maybe I would go on a trip.
[62] Ash: Hmm...
[62] Dean: So this hardly works....
[63] Bella: Oh I really like to see what is it the southern part.

Conversation 6: Bella asks the robot to schedule a meeting for next Monday with her, Dean, Ash, Bob, and the boss, and later reminds the group to verify financial statements. Bella and Ash notice an extra $500 in their pay, which Dean explains is a labor fee for helping the boss with documentation. Ash arranges takeout and the robot is asked to bring the delivery upstairs. The group briefly discusses salaries, career prospects, and Bella receives a bank notification about her credit card bill.
[30] Ash: Alright I'm ordering some take out.
[30] Dean: Alright sure thank you.
[30] Ash: For food.
[30] Ash: As usual way.
[30] Dean: No problem.
[36] Dean: Hope so.
[36] Bella: Oh I have a text message from the bank.
[36] Ash: What is it?
[37] Bella: It's it's just reminding me that this month's credit card bill has been issued.
[37] Ash: And that's nice.

[Step 2] Evaluating semantic answer...
Action: [Answer]
Content: At the office coffee machine.
FINAL ANSWER (from graph):
At the office coffee machine.
Question: Why was Dean angry?

[Step 1] Searching the graph...
Parse Query Output:
{
  "query_triple": ["<Dean>", "angry because", "?", 0.95, 0.25, 0.15],
  "spatial_constraint": null,
  "speaker_strict": null,
  "allocation": {
    "k_high_level": 6,
    "k_low_level": 8,
    "k_conversations": 36,
    "total_k": 50,
    "reasoning": "Why query about an emotional state; prioritize conversations for motivations, use some high-level edges for traits/states, and a few low-level edges to capture precipitating actions."
  }
}

Graph Search Results:
**High-Level Information (Character Attributes and Relationships): **

Character Attributes:
- Dean is: male (100), medium build (100), short dark hair (100), black sweatshirt with large back print (100), gray jeans (100), dark shoes (100)

**Low-Level Information (Actions and Events): **

[23] Dean sits at center-right desk. (office)
[23] Dean types on keyboard. (office)
[23] Ash points toward Dean. (office)
[23] Dean adjusts small monitor. (office)
[23] small monitor is in front of Dean. (office)
[23] Dean lifts white cake box. (office)
[23] Dean places cake box. (office)
[23] Dean asks about computer issue. (office)

**Conversations: **

Conversation 7: The group discusses lunch, with spicy food preferences and sensitivities, and tentatively plans a beer and barbecue outing, considering Korean or Chinese styles. They talk about travel plans and destinations (Dali, Lijiang, Kunming), peak travel seasons, and Bella’s August birthday with the idea of celebrating while traveling. Ash and Bella express interest in going to Disneyland soon. The conversation also touches on plants care and Dean’s busy schedule due to his daughter’s classes.
[46] Dean: Yeah not yet, robot bring me the coffee at the dinner table please.
[46] robot: Okay.
[47] Dean: Thank you.
[47] Ash: My spaghetti is a little bit spicy.
[47] Ash: Okay whatever we can go for tonight to have a snack.
[49] Bella: Oh me too actually it's been a very long time that I haven't tried barbecue.
[49] Bella: Maybe you can come here and we discuss about our late night snack?
[49] Dean: Yeah sure.
[49] Ash: Bella said it'd be good if we have some beer and barbecue.
[50] Dean: Yeah.
[50] Dean: For this night I'm so tired and I just want to get some beer.
[50] Bella: So are you agree to have a beer and barbecue?
[50] Dean: No problem.
[50] Dean: That's a good idea.
[50] Dean: There is an idea to take a break for a break.
[50] Dean: For relax.
[51] Dean: What's that?
[51] woman_2: Spicy.
[51] woman_2: Yes.
[51] woman_2: You like spicy food???
[51] Bella: No.
[51] Dean: Spicy spaghetti.
[51] Bella: So why did you order that?
[51] woman_2: I didn't know it would be that spicy.
[52] Bella: Hmm not about stomach.
[52] woman_2: Just eat your humburger.
[52] Dean: You don't like spicy food?
[52] woman_2: No.
[52] Bella: How about you Dean?
[52] Dean: Uh I like it but my stomach doesn't like it.
[53] Dean: The spicy stuff and cold beer make me not good.
[54] Ash: Uh...
[54] Ash: Sure do you want to try this?
[54] Dean: I hate spicy odd food.
[54] Dean: Let me try some.
[54] Ash: Okay thank you.
[54] Dean: You should have the...
[54] Dean: The fries.
[55] Dean: Last.
[55] Ash: Oh because you are burning?
[55] Bella: Yeah.
[55] Dean: Fries and hamburger.
[55] Dean: You cannot handle that.
[55] Dean: Hahaha.
[55] Ash: Try some French fries.
[55] Ash: It can help you for less burning.
[56] Ash: Oh thank you.
[56] Dean: Oops.
[56] Dean: You lost some heat now?
[56] Dean: You didn't have water.
[56] Dean: How's that?
[56] Ash: She's already have...
[56] Bella: I think it's cold.
[56] Bella: Cold, cold. Yeah.
[57] Dean: You want what?
[57] Bella: Nothing.
[57] Dean: Spicy also?
[57] Dean: Okay.
[57] Bella: Do you guys want to go to the Korean type of barbecue tonight?
[57] Ash: The Korean type?
[57] Dean: Yeah maybe.
[57] Dean: I'm not sure yet.
[57] Dean: Maybe about your own Chinese style maybe.
[58] Bella: I like both.
[58] Ash: Yeah I do I just like meat.
[58] Dean: Was it... that's for that spicy.
[58] Dean: I can tell them.
[58] Dean: Don't put the spicy chill on...
[59] Dean: Oh yeah.
[59] Dean: So how about food in your hometown?
[59] Dean: Never put on chili oil?
[61] Dean: West right.
[61] Bella: But both of us are from the north.
[61] Dean: Oh.
[61] Ash: No we are in the...
[61] Bella: Italiot, but it's, its capital is in the north.
[63] Dean: Full season is really warm just like a familiar temperature yeah.
[63] Dean: So, so they don't have winter over there.
[63] Dean: You want pizza?
[63] Bella: Maybe, please.
[64] Dean: Go take one.
[64] Ash: It's about school?
[64] Dean: I'm studying in China, it is so tired.
[65] Dean: I feel it's...
[65] Dean: It's amazing you know crazy.
[65] Ash: I know.
[65] Ash: Hahaha.
[65] Bella: Do you also visit at work?
[65] Dean: Not yet.
[65] Dean: So what part are you guys playing for the vacation?
[65] Ash: I'd like to travel to Africa.
[66] Dean: Designer have already had a break already? Not yet?
[66] Ash: Not yet.
[66] Dean: Oh okay.
[66] Ash: And also you know most of the travel I guess is the high season for the travels most of the people uh travel in the...
[66] Dean: July and August.
[67] Dean: June or September very fine.
[67] Bella: But my birthday is on August so I really want to be on a travel then.
[67] Dean: August?
[68] Ash: Really your birthday is in August?
[68] Bella: Yes.
[71] Bella: Celebrating your birthday party is important for you?
[72] Ash: No generally.
[72] Dean: What's that? Pardon.
[72] Ash: Celebrating your birthday party is important to you?
[72] Dean: No.
[72] Bella: How about you Ash???
[72] Dean: I'm totally not into...
[72] Dean: I don't like the birthday party anymore.
[72] Bella: Ah me too.
[72] Dean: You still should be okay.
[77] Bella: No, she just has this snow power but Anna is more brave.
[77] Bella: And she's smarter.
[77] Dean: Be quiet man.
[78] Bella: Okay sorry.
[78] Ash: Sorry sorry

Conversation 9: Bella notes it’s Friday and suggests resting early. Dean agrees but proposes working diligently to finish their project ahead of schedule so they can go out for a massage sooner. They align on completing the project early and treating themselves afterward.
[90] Bella: Then it's actually Friday today you can, uh, you can rest early today.
[91] Bella: Then it's actually Friday today you can uh, you can rest early today.
[91] Dean: Yeah.
[91] Dean: Then we'll work seriously on the project and finish it early.
[91] Dean: So we can go out for later massage sooner.

Conversation 5: The team plans to write an accuracy analysis on intelligent navigation after data becomes available at noon, agreeing to collaborate in the afternoon. They share coffee due to a discount and discuss hanging out later, while Dean addresses computer issues and food preferences. Bella directs a robot to manage office tasks, including placing coffees, disposing trash, replenishing A4 paper, and printing the monthly financial report.
[21] Dean: Let's uh happy tomorrow.
[21] Ash: Okay so you are to the... tomorrow is Saturday so we can...
[21] Dean: Yeah sure.
[21] Ash: Yes we can hang out tonight.
[21] Bella: Hi robot please put the coffees on the table at the office.
[22] Ash: Okay.
[22] Ash: Robot handed the Dean's cake to Dean please.
[23] Dean: What's the problem with this computer?
[23] Ash: I think maybe some charge or electricity?
[23] Dean: Yeah let me try another one.

Conversation 6: Bella asks the robot to schedule a meeting for next Monday with her, Dean, Ash, Bob, and the boss, and later reminds the group to verify financial statements. Bella and Ash notice an extra $500 in their pay, which Dean explains is a labor fee for helping the boss with documentation. Ash arranges takeout and the robot is asked to bring the delivery upstairs. The group briefly discusses salaries, career prospects, and Bella receives a bank notification about her credit card bill.
[30] Ash: For food.
[30] Ash: As usual way.
[30] Dean: No problem.
[31] Ash: Okay done, oops my phone is out of charge guys do you have any charger?
[31] Ash: iPhone, iPhone charger.

[Step 2] Evaluating semantic answer...
Action: [Search]
Content: [23, 46, 50, 54, 55, 91]
Summary: The graph shows Dean working at an office desk and asking about a computer issue [23], discussing food and plans including beer and barbecue [46–59], expressing dislikes for spicy food [54–55], and planning to finish a project early for a massage reward [91]. However, there is no explicit mention of Dean being angry or a clear cause for anger, so the current information is insufficient to determine why he was angry.

[Step 3] Watching video clips: [23, 46, 50, 54, 55, 91]

   Processing clip 23 (1/6)...
Question: Who is the eldest,Dean,Anna or Ash?

[Step 1] Searching the graph...
Parse Query Output:
{
  "query_triple": ["null", "eldest", "<Dean>|<Anna>|<Ash>", 0.1, 0.25, 0.9],
  "spatial_constraint": null,
  "speaker_strict": null,
  "allocation": {
    "k_high_level": 10,
    "k_low_level": 10,
    "k_conversations": 30,
    "total_k": 50,
    "reasoning": "Comparative 'who is eldest' among specific characters. Use high-level edges for age/traits, conversations for explicit mentions of age or birth order, and a small portion of low-level for scenes referencing birthdays or age-related actions."
  }
}

Graph Search Results:
**High-Level Information (Character Attributes and Relationships): **

Character Attributes:
- character_1 is: male (100), medium build (100), short dark hair (100), black sweatshirt with back logo (100), blue jeans (100), dark shoes (100), carries a white box at a desk (100)
- robot is: camera holder (100), black gloves (100), unseen face (100)

**Low-Level Information (Actions and Events): **

[13] Ash picks up <Ash>'s phone. (office)
[13] Ash sets down near <Ash>'s phone. (office)
[13] <Ash>'s phone is near keyboard. (office)
[14] Ash looks at Ash's screen. (office)
[22] tablet is beside <Ash>'s monitor. (office)
[22] paper is beside <Ash>'s monitor. (office)
[66] Dean acknowledges <Ash>'s reply. (office)
[89] Bella glances briefly toward <Ash>'s side. (office)
[89] Ash picks up <Ash>'s phone. (office)
[89] Ash checks <Ash>'s phone. (office)

**Conversations: **

Conversation 7: The group discusses lunch, with spicy food preferences and sensitivities, and tentatively plans a beer and barbecue outing, considering Korean or Chinese styles. They talk about travel plans and destinations (Dali, Lijiang, Kunming), peak travel seasons, and Bella’s August birthday with the idea of celebrating while traveling. Ash and Bella express interest in going to Disneyland soon. The conversation also touches on plants care and Dean’s busy schedule due to his daughter’s classes.
[45] Bella: I am actually too hungry because I got up too early so I got hungry fast.
[45] Ash: I got to thank these things to me.
[45] Ash: Dean come here and have some dinner... let's have some lunch.
[46] Dean: I'm not hungry yet.
[46] Dean: The fact is that I ate a cake that you gave me that was so huge.
[49] Dean: Yeah sure.
[49] Ash: Bella said it'd be good if we have some beer and barbecue.
[50] Dean: Yeah.
[50] Dean: For this night I'm so tired and I just want to get some beer.
[50] Bella: So are you agree to have a beer and barbecue?
[52] Dean: You don't like spicy food?
[52] woman_2: No.
[52] Bella: How about you Dean?
[52] Dean: Uh I like it but my stomach doesn't like it.
[53] Dean: The spicy stuff and cold beer make me not good.
[54] Dean: You should have the...
[54] Dean: The fries.
[55] Dean: Last.
[55] Ash: Oh because you are burning?
[55] Bella: Yeah.
[55] Dean: Fries and hamburger.
[55] Dean: You cannot handle that.
[55] Dean: Hahaha.
[55] Ash: Try some French fries.
[55] Ash: It can help you for less burning.
[56] Ash: Oh thank you.
[56] Dean: Oops.
[56] Dean: You lost some heat now?
[56] Dean: You didn't have water.
[56] Dean: How's that?
[56] Ash: She's already have...
[56] Bella: I think it's cold.
[57] Bella: Nothing.
[57] Dean: Spicy also?
[57] Dean: Okay.
[57] Bella: Do you guys want to go to the Korean type of barbecue tonight?
[57] Ash: The Korean type?
[57] Dean: Yeah maybe.
[57] Dean: I'm not sure yet.
[57] Dean: Maybe about your own Chinese style maybe.
[58] Ash: The Chinese style is that one very good.
[58] Ash: Yeah I do I just like meat.
[58] Dean: Was it... that's for that spicy.
[58] Dean: I can tell them.
[58] Dean: Don't put the spicy chill on...
[59] Dean: Oh yeah.
[59] Dean: So how about food in your hometown?
[59] Dean: Never put on chili oil?
[60] Dean: What's the neighbor country for the south part?
[60] Ash: South part countries and you know the Persian for gold?
[60] Ash: And...
[60] Ash: It's something like Ireland, to me Ireland...
[60] Dean: So what's part is in the...
[60] Ash: West.
[60] Bella: I'm sorry this is, this... you're right.
[61] Dean: West right.
[61] Bella: But both of us are from the north.
[61] Dean: Oh.
[61] Ash: No we are in the...
[61] Bella: Italiot, but it's, its capital is in the north.
[62] Ash: Okay do you have the other plans for holiday???
[62] Bella: Holidays hmm I don't know maybe I would go on a trip.
[62] Ash: Hmm...
[62] Dean: So this hardly works....
[63] Bella: Oh I really like to see what is it the southern part.
[64] Dean: Go take one.
[64] Bella: Thank you.
[64] Ash: Dean have you traveled a lot?
[64] Dean: Uh used to but right now I'm pretty busy for my daughter yeah.
[64] Dean: They have a lot of class in summer also.
[65] Ash: Hahaha.
[65] Bella: Do you also visit at work?
[65] Dean: Not yet.
[65] Dean: So what part are you guys playing for the vacation?
[65] Ash: I'd like to travel to Africa.
[65] Dean: So what's the plan to start a break?
[66] Ash: Yes maybe after the end of the May maybe in the June.
[66] Dean: June.
[66] Ash: June or July, I guess I guess I think...
[66] Dean: Designer have already had a break already? Not yet?
[66] Ash: Not yet.
[66] Dean: Oh okay.
[66] Ash: And also you know most of the travel I guess is the high season for the travels most of the people uh travel in the...
[66] Dean: July and August.
[67] Ash: Yeah.
[67] Ash: Everywhere the whole world the weather at that time is perfect.
[67] Dean: Yeah. We do like to travel that...that two months yeah.
[72] Dean: What's that? Pardon.
[72] Ash: Celebrating your birthday party is important to you?
[72] Dean: No.
[72] Bella: How about you Ash???
[72] Dean: I'm totally not into...
[72] Dean: I don't like the birthday party anymore.
[77] Bella: I really like the frozen.
[77] Bella: The frozen movie.
[77] Ash: Yes.
[77] Bella: Which, which sister do you like more? Anna or Elsa?
[77] Ash: I like Elsa, I love Elsa.

Conversation 5: The team plans to write an accuracy analysis on intelligent navigation after data becomes available at noon, agreeing to collaborate in the afternoon. They share coffee due to a discount and discuss hanging out later, while Dean addresses computer issues and food preferences. Bella directs a robot to manage office tasks, including placing coffees, disposing trash, replenishing A4 paper, and printing the monthly financial report.
[22] Dean: I don't have breakfast yet.
[22] Ash: Okay.
[22] Ash: Robot handed the Dean's cake to Dean please.
[23] Dean: What's the problem with this computer?
[23] Ash: I think maybe some charge or electricity?

Conversation 3: Ash and Bella exchange morning greetings, note the early time, and casually chat about a funny video and making coffee. Bella mentions arriving early because she couldn’t sleep and expects Dean to arrive in about ten minutes. Bella asks a robot to set the temperature to 24 degrees, and it acknowledges.
[7] Ash: Good morning Bella.
[7] Bella: Morning.
[7] Ash: How are you?
[7] Bella: I'm fine, thanks.
[7] Ash: Today it's only eight thirty am you're so hard working.

Conversation 9: Bella notes it’s Friday and suggests resting early. Dean agrees but proposes working diligently to finish their project ahead of schedule so they can go out for a massage sooner. They align on completing the project early and treating themselves afterward.
[90] Bella: Then it's actually Friday today you can, uh, you can rest early today.
[91] Bella: Then it's actually Friday today you can uh, you can rest early today.
[91] Dean: Yeah.
[91] Dean: Then we'll work seriously on the project and finish it early.
[91] Dean: So we can go out for later massage sooner.

Conversation 4: Ash serves Bella coffee, which she praises as better than a robot’s, and mentions bringing a vanilla cake. Ash notes past experience working at a coffee shop, prefers vanilla cake, and defers eating it due to having breakfast. Ash then turns to work, mentioning an email from their boss requesting an experimental report on AI navigation and instructs a robot to print it.
[11] Ash: Of course because I used to work part time at the coffee shop.
[12] Bella: Much better than the one that robot made actually.
[12] Ash: Yes.
[12] Bella: I had actually bought a vanilla cake on the way here, but I had a bite on the way but it's so delicious so...
[12] Ash: The vanilla cake is my favorite flavor but I just had a breakfast so I'll just keep it with myself I eat it when I be hungry.
[14] Ash: My first email is from boss and he is asking about some experimental report on intelligence navigation.
[14] Ash: For artificial intelligence...
[14] Ash: And...
[15] Ash: Let me put it on the print.
[15] Ash: Robot please print the report at the printer which is on the cabinet.

Conversation 6: Bella asks the robot to schedule a meeting for next Monday with her, Dean, Ash, Bob, and the boss, and later reminds the group to verify financial statements. Bella and Ash notice an extra $500 in their pay, which Dean explains is a labor fee for helping the boss with documentation. Ash arranges takeout and the robot is asked to bring the delivery upstairs. The group briefly discusses salaries, career prospects, and Bella receives a bank notification about her credit card bill.
[34] Ash: Ah that's perfect yeah.
[34] Bella: I forgot that.
[34] Ash: Yeah.
[34] Ash: Alright that's nice.
[34] Dean: I don't have this five hundred I'm a programmer.

Conversation 8: The group discusses being overworked on a project with a deadline initially set for next Wednesday, which is later moved up to the end of the week by their boss. They agree to cooperate to meet the accelerated deadline. They also consider relaxation plans, including a late-night snack, a massage, and casual phone puzzles, and address a dim lighting issue and switching to an alternative solution.
[85] Ash: Me and thank you.
[86] Dean: Light in there is so dim.
[86] Ash: Yeah.
[86] Ash: Guys I just had an email from the boss, his request to finish the project until the finish of the week.
[87] Dean: Sure I'll follow.

[Step 2] Evaluating semantic answer...
Action: [Search]
Content: [91, 85, 86, 87, 66, 45, 46]
Summary: The graph includes conversations among Ash, Bella, and Dean about work, travel, and plans, but contains no age information for Dean, Anna, or Ash; Anna is not present in the extracted data. Additional clips are needed to determine who is eldest.

[Step 3] Watching video clips: [91, 85, 86, 87, 66, 45, 46]

   Processing clip 91 (1/7)...
Question: Does Bella like planting flowers?

[Step 1] Searching the graph...
Parse Query Output:
{
  "query_triple": ["<Bella>", "likes", "planting flowers", 0.95, 0.3, 0.6],
  "spatial_constraint": null,
  "speaker_strict": null,
  "allocation": {
    "k_high_level": 8,
    "k_low_level": 12,
    "k_conversations": 30,
    "total_k": 50,
    "reasoning": "Preference/trait query; use high-level for character attributes, conversations for evidence of liking, and some low-level actions to see if Bella plants flowers."
  }
}

Graph Search Results:
**High-Level Information (Character Attributes and Relationships): **

Character Relationships:
- Ash is colleague of Bella (95)
- Bella delegates tasks to robot (90)
- Bella is supervisor of robot (88)
- Ash is friend with Bella (90)
- Bella is colleagues with Dean (95)
- Bella delegates responsibilities to robot (86)
- robot is subordinate to Bella (85)
- character_1 is friendly with Bella (85)

**Low-Level Information (Actions and Events): **

[5] Bella positions over light-green portafilter. (office)
[10] Bella reaches toward jar. (office)
[10] Bella surveys Bella's setup. (office)
[12] Bella lifts white cake box. (office)
[12] Bella explains about vanilla cake. (office)
[18] Bella speaks about Bella's task. (office)
[20] Bella responds to greeting. (office)
[20] Bella explains they arrive early. (office)
[45] Bella talks about eating first. (office)
[57] Bella proposes going out for barbecue. (office or studio with collectibles)
[68] Bella considers having another celebration during a trip. (collectibles room)
[77] Bella says Elsa has snow power. (office)

**Conversations: **

Conversation 7: The group discusses lunch, with spicy food preferences and sensitivities, and tentatively plans a beer and barbecue outing, considering Korean or Chinese styles. They talk about travel plans and destinations (Dali, Lijiang, Kunming), peak travel seasons, and Bella’s August birthday with the idea of celebrating while traveling. Ash and Bella express interest in going to Disneyland soon. The conversation also touches on plants care and Dean’s busy schedule due to his daughter’s classes.
[42] Ash: Oh perfect the food is here, take out orders.
[43] Bella: Are you so hungry?
[43] Bella: It's not even noon.
[43] Ash: So I've been craving for this bowl of noodles the whole day.
[51] woman_2: I was swearing about it but it's really spicy.
[51] woman_2: You like spicy food???
[51] Bella: No.
[51] Dean: Spicy spaghetti.
[51] Bella: So why did you order that?
[51] woman_2: I didn't know it would be that spicy.
[51] Bella: Actually my favorite is also so...
[51] Bella: Why did you do?
[51] Bella: You just ordered off this spicy...
[51] woman_2: Maybe somebody...
[55] Dean: Last.
[55] Ash: Oh because you are burning?
[55] Bella: Yeah.
[55] Ash: Fries think you...
[55] Bella: I really can't handle.
[57] Dean: Maybe about your own Chinese style maybe.
[58] Ash: The Chinese style is that one very good.
[58] Bella: I like both.
[58] Ash: Yeah I do I just like meat.
[58] Dean: Was it... that's for that spicy.
[59] Dean: So how about food in your hometown?
[59] Dean: Never put on chili oil?
[59] Bella: Not that much.
[59] Ash: Ah different area, for example in south yes the food is really spicy.
[59] Bella: Yes, that's right.
[60] Dean: What's the neighbor country for the south part?
[60] Ash: South part countries and you know the Persian for gold?
[63] Bella: Oh I really like to see what is it the southern part.
[63] Dean: South part, maybe Kunming otherwise in the summer gonna be so hot.
[63] Bella: I've heard that the Kunming is very beautiful in spring right?
[63] Bella: Because of the nature?
[63] Dean: To call the uh...
[63] Dean: Full season is really warm just like a familiar temperature yeah.
[63] Dean: So, so they don't have winter over there.
[63] Dean: You want pizza?
[63] Bella: Maybe, please.
[64] Dean: Go take one.
[64] Bella: Thank you.
[64] Ash: Dean have you traveled a lot?
[64] Dean: Uh used to but right now I'm pretty busy for my daughter yeah.
[65] Dean: Just change another world.
[65] Ash: Hahaha.
[65] Bella: Do you also visit at work?
[65] Dean: Not yet.
[65] Dean: So what part are you guys playing for the vacation?
[67] Dean: August?
[68] Ash: Really your birthday is in August?
[68] Bella: Yes.
[68] Ash: Because I remember last year we celebrated your birthday...
[68] Bella: Oh yeah I know because I was busy then so I actually postponed the birthday party.
[68] Dean: So actually is August right?
[68] Bella: Maybe if we will be on a trip for the travel.
[68] Bella: I really like to have birthday party then.
[68] Ash: That would be perfect.
[68] Bella: Also this is a rule before I just really love to celebrate my birthday in the other cities.
[69] Ash: Doesn't matter and if we meet many people and also weird some people.
[69] Ash: You go somewhere just for celebrating your birthday that would be nice I think.
[69] Bella: Birthday party...
[69] Dean: Especially in the Yunnan.
[69] Dean: Inside the Dali and Lijiang.
[71] Dean: But if you go over there at November it gonna be cold.
[71] Dean: Or maybe June that's will be fine.
[71] Bella: Celebrating your birthday party is important for you?
[72] Ash: No generally.
[72] Dean: What's that? Pardon.
[74] Ash: It's really grown up fast also.
[74] Dean: It's very cool.
[74] Bella: Do you know why? Because I actually water it every day.
[74] Ash: Oh Bella you're right, Bella how do you know how much water to pour it?
[75] Bella: You know I have a lot of plants at home and after taking care of many... I just know how much.
[75] Ash: Make sense.
[75] Dean: Alright I'll take a nap.
[76] Ash: Do you want to join?
[76] Ash: Let me just check about some ticket for the Disneyland I think maybe there would be discount for two persons.
[76] Bella: I really like to go to Disneyland.
[76] Ash: So let's go this weekend???
[76] Ash: I really like Mickey mouse.
[76] Bella: Because they are a actually beautiful model couple.
[76] Ash: What's your favorite character in Disneyland?
[77] Bella: Uh.
[77] Bella: I really like the frozen.
[77] Bella: The frozen movie.
[77] Bella: Which, which sister do you like more? Anna or Elsa?
[77] Ash: I like Elsa, I love Elsa.
[77] Bella: Because she has a good power?
[77] Ash: Because she is very powerful... and you don't think so like this?
[77] Bella: No, she just has this snow power but Anna is more brave.

Conversation 6: Bella asks the robot to schedule a meeting for next Monday with her, Dean, Ash, Bob, and the boss, and later reminds the group to verify financial statements. Bella and Ash notice an extra $500 in their pay, which Dean explains is a labor fee for helping the boss with documentation. Ash arranges takeout and the robot is asked to bring the delivery upstairs. The group briefly discusses salaries, career prospects, and Bella receives a bank notification about her credit card bill.
[29] Bella: Thank you.
[29] Bella: And you will also help me to book a meeting for next Monday for participants including me, Dean, Ash, Bob and the boss.
[29] robot: Okay.
[31] Ash: Okay done, oops my phone is out of charge guys do you have any charger?
[31] Ash: iPhone, iPhone charger.
[31] Bella: Oh I do.
[31] Ash: Oh you have, thank you.
[32] Bella: Here.
[32] Bella: Oh.
[32] Bella: Robot can you please give it to ash?
[32] Ash: Oh thank you robot.
[37] Ash: And that's nice.
[37] Ash: Do you have a credit card?
[37] Bella: Yes of course.
[38] Ash: I'm so hungry.
[38] Ash: How was your day?
[38] Bella: Hmm...
[38] Ash: You are busy so much today.
[38] Bella: Not really.
[38] Ash: And they have many emails.
[38] Ash: Boss's emails I don't know anything, a lot it seems that.

Conversation 5: The team plans to write an accuracy analysis on intelligent navigation after data becomes available at noon, agreeing to collaborate in the afternoon. They share coffee due to a discount and discuss hanging out later, while Dean addresses computer issues and food preferences. Bella directs a robot to manage office tasks, including placing coffees, disposing trash, replenishing A4 paper, and printing the monthly financial report.
[18] Bella: Yesterday the boss told me to quickly write an accurate analysis on the intelligent navigation today.
[18] Ash: Today?
[18] Bella: Uh.
[18] Ash: The data won't be available until noon.
[18] Ash: Uh so I can write the accuracy analysis in the afternoon I think.
[20] character_1: Morning guys.
[20] Ash: Morning.
[20] Bella: Hello.
[20] Ash: Why did you buy three cups of coffee?
[20] Bella: We are too earlier.

[Step 2] Evaluating semantic answer...
Action: [Answer]
Content: Yes, Bella enjoys caring for plants at home.
FINAL ANSWER (from graph):
Yes, Bella enjoys caring for plants at home.
Question: What time was it when Dean came in the office?

[Step 1] Searching the graph...
Parse Query Output:
{
  "query_triple": ["<Dean>", "arrives at", "office", 0.95, 0.6, 0.6],
  "spatial_constraint": "office",
  "speaker_strict": null,
  "allocation": {
    "k_high_level": 4,
    "k_low_level": 36,
    "k_conversations": 10,
    "total_k": 50,
    "reasoning": "Temporal/action query about Dean entering a specific location. Prioritize low-level edges to find the arrival event and associated timestamps or contextual time cues; include some conversations for mentions like 'it's 3 PM' around the arrival; minimal high-level needed."
  }
}

Graph Search Results:
**High-Level Information (Character Attributes and Relationships): **

Character Relationships:
- Ash is colleague of Dean (95)
- Bella is colleagues with Dean (95)
- Ash collaborates with Dean (85)
- Dean colleagues with Ash (85)

**Low-Level Information (Actions and Events): **

[23] Dean sits at center-right desk. (office)
[25] Dean sits at Dean's desk. (office)
[25] Dean continues working at computer. (office)
[26] Dean sits at middle desk. (office)
[29] Dean types on computer. (office)
[30] Dean is in center. (office)
[35] Dean works at desktop. (office)
[49] Dean is near desk. (office)
[73] Dean holds phone. (office)
[73] Dean walks into desk area. (office)
[73] Dean stands behind desk. (office)
[73] Dean uses phone. (office)
[74] Dean walks across office. (office)
[74] Dean walks toward window. (office)
[74] Dean steps back from window. (office)
[75] Dean walks toward back workstation. (office)
[75] Dean walks past desk. (office)
[81] Dean walks toward desk area. (office)
[81] Dean arrives at workstation. (office)
[81] Dean starts using computer. (office)
[82] Dean types at computer. (office)
[82] Dean works at desk. (office)
[83] Dean sits at back desk. (office)
[84] Dean sits at computer desk. (office)
[84] Dean speaks from Dean's desk. (office)
[86] Dean types on computer. (office)
[88] Dean walks from right side of room toward desk. (office)
[88] Dean adjusts something on desk. (office)
[88] Dean moves to left workstation. (office)
[88] Dean sits on white office chair. (office)
[89] Dean sits at left workstation. (office)
[89] Dean continues working at computer. (office)
[89] Dean turns slightly toward center desk. (office)
[89] Dean remains at workstation. (office)
[90] Dean sits at computer. (office)
[91] Dean sits at Dean's desk. (office)

**Conversations: **

Conversation 3: Ash and Bella exchange morning greetings, note the early time, and casually chat about a funny video and making coffee. Bella mentions arriving early because she couldn’t sleep and expects Dean to arrive in about ten minutes. Bella asks a robot to set the temperature to 24 degrees, and it acknowledges.
[7] Ash: Today it's only eight thirty am you're so hard working.
[7] Bella: Haha yes now I just couldn't sleep in the morning so I got got here very early.
[7] Bella: I think Dean would be here about ten minutes.
[7] Ash: I see this cat video is really funny.
[8] Ash: Huh okay.

Conversation 7: The group discusses lunch, with spicy food preferences and sensitivities, and tentatively plans a beer and barbecue outing, considering Korean or Chinese styles. They talk about travel plans and destinations (Dali, Lijiang, Kunming), peak travel seasons, and Bella’s August birthday with the idea of celebrating while traveling. Ash and Bella express interest in going to Disneyland soon. The conversation also touches on plants care and Dean’s busy schedule due to his daughter’s classes.
[50] Dean: There is an idea to take a break for a break.
[50] Dean: For relax.
[51] Dean: What's that?
[51] woman_2: Spicy.
[51] woman_2: Yes.
[55] Ash: It can help you for less burning.
[56] Ash: Oh thank you.
[56] Dean: Oops.
[56] Dean: You lost some heat now?
[56] Dean: You didn't have water.
[56] Dean: How's that?
[56] Ash: She's already have...
[56] Bella: I think it's cold.
[57] Bella: Nothing.
[57] Dean: Spicy also?
[57] Dean: Okay.
[57] Bella: Do you guys want to go to the Korean type of barbecue tonight?
[57] Ash: The Korean type?
[63] Bella: I've heard that the Kunming is very beautiful in spring right?
[63] Bella: Because of the nature?
[63] Dean: To call the uh...
[63] Dean: Full season is really warm just like a familiar temperature yeah.
[63] Dean: So, so they don't have winter over there.
[65] Ash: Hahaha.
[65] Bella: Do you also visit at work?
[65] Dean: Not yet.
[65] Dean: So what part are you guys playing for the vacation?
[65] Ash: I'd like to travel to Africa.
[65] Dean: So what's the plan to start a break?
[66] Ash: Yes maybe after the end of the May maybe in the June.
[66] Dean: June.
[66] Ash: June or July, I guess I guess I think...
[66] Dean: Designer have already had a break already? Not yet?
[67] Dean: June or September very fine.
[67] Bella: But my birthday is on August so I really want to be on a travel then.
[67] Dean: August?
[68] Ash: Really your birthday is in August?
[68] Bella: Yes.

Conversation 8: The group discusses being overworked on a project with a deadline initially set for next Wednesday, which is later moved up to the end of the week by their boss. They agree to cooperate to meet the accelerated deadline. They also consider relaxation plans, including a late-night snack, a massage, and casual phone puzzles, and address a dim lighting issue and switching to an alternative solution.
[83] Ash: I just heard you snoring was you...
[83] Ash: So are you so much tired?
[83] Dean: Yeah I have been working overtime every day this week the boss said the deadline for this project is next Wednesday.
[83] Bella: How about this, let's go for a massage after having the late night snack today.
[84] Dean: Yeah I think it's good.

[Step 2] Evaluating semantic answer...
Action: [Answer]
Content: Around 8:40 am.
FINAL ANSWER (from graph):
Around 8:40 am.
Question: How many cups of coffee on Bella's desk?

[Step 1] Searching the graph...
Parse Query Output:
{
  "query_triple": ["coffee#cup", "is on", "<Bella>'s desk", 0.9, 0.6, 0.9],
  "spatial_constraint": "<Bella>'s desk",
  "speaker_strict": null,
  "allocation": {
    "k_high_level": 4,
    "k_low_level": 40,
    "k_conversations": 6,
    "total_k": 50,
    "reasoning": "Quantitative spatial query about objects on a specific person's desk—prioritize low-level edges to count cups of coffee located on Bella's desk; minimal need for conversations or high-level attributes."
  }
}

Graph Search Results:
**High-Level Information (Character Attributes and Relationships): **

Character Relationships:
- Ash is colleague of Bella (95)
- Ash is friend with Bella (90)
- character_1 is friendly with Bella (85)
- Bella delegates tasks to robot (90)

**Low-Level Information (Actions and Events): **

[4] Bella holds light-green portafilter handle. (office kitchen corner)
[4] Bella slides small cup. (office kitchen corner)
[4] Bella removes cup filled with espresso. (office kitchen corner)
[4] Bella pours from small cup. (office kitchen corner)
[5] Bella holds under small cup. (office)
[5] Bella places on cup. (office)
[10] Bella crouches by coffee machine. (office)
[10] Bella adjusts portafilter. (office)
[10] Bella keeps working control on coffee machine. (office)
[10] Bella picks up small cup. (office)
[10] Bella checks content of small cup. (office)
[10] Bella places back small cup. (office)
[11] Bella accepts cup. (office)
[11] Bella sips coffee. (office)
[12] Bella holds drink cup. (office)
[12] Bella gestures with drink cup. (office)
[13] Bella continues working on <Bella>'s laptop. (office)
[13] drink cup is beside Bella. (office)
[20] character_1 places cup of coffee. (office)
[20] cup of coffee is on desk. (office)
[20] Bella is at Bella's desk. (office)
[21] Bella is beside cup. (office)
[22] robot sets next to <Bella>'s laptop. (office)
[22] small cup is next to <Bella>'s laptop. (office)
[30] Bella sips from small cup. (office)
[30] small cup is beside Bella's laptop. (office)
[48] Bella holds drink cup. (office)
[51] Bella sips drink cup. (office break area)
[53] Bella rests hand near drink cup. (hobby office)
[71] Bella holds cup. (studio office)
[75] Bella sips from small cup. (office)
[75] small cup is on desk. (office)
[84] Bella reaches toward mug. (office)
[84] mug is on desk. (office)
[84] Bella lifts mug. (office)
[84] Bella takes a sip mug. (office)
[85] Bella reaches for mug. (office)
[85] mug is on desk. (office)
[90] Bella reaches for cup. (office)
[90] cup is on desk. (office)

**Conversations: **

Conversation 5: The team plans to write an accuracy analysis on intelligent navigation after data becomes available at noon, agreeing to collaborate in the afternoon. They share coffee due to a discount and discuss hanging out later, while Dean addresses computer issues and food preferences. Bella directs a robot to manage office tasks, including placing coffees, disposing trash, replenishing A4 paper, and printing the monthly financial report.
[20] Ash: Morning.
[20] Bella: Hello.
[20] Ash: Why did you buy three cups of coffee?
[20] Bella: We are too earlier.
[20] character_1: There has a discount downstairs so I bought another coffee for you guys.
[21] Dean: Yeah sure.
[21] Ash: Yes we can hang out tonight.
[21] Bella: Hi robot please put the coffees on the table at the office.
[21] robot: Okay.
[22] Dean: Hi do you guys have anything to eat?

Conversation 1: Bella arrives first and requests a cup of coffee from a robot. The brief exchange centers on her desire for coffee upon arrival.
[1] Bella: Oh I'm the first person who arrived robot please give me a cup of coffee.

Conversation 7: The group discusses lunch, with spicy food preferences and sensitivities, and tentatively plans a beer and barbecue outing, considering Korean or Chinese styles. They talk about travel plans and destinations (Dali, Lijiang, Kunming), peak travel seasons, and Bella’s August birthday with the idea of celebrating while traveling. Ash and Bella express interest in going to Disneyland soon. The conversation also touches on plants care and Dean’s busy schedule due to his daughter’s classes.
[42] Ash: Oh perfect the food is here, take out orders.
[43] Bella: Are you so hungry?
[43] Bella: It's not even noon.
[43] Ash: So I've been craving for this bowl of noodles the whole day.
[43] Ash: I hadn't eaten anything so I want to eat I'm really hungry.
[74] Dean: It's very cool.
[74] Bella: Do you know why? Because I actually water it every day.
[74] Ash: Oh Bella you're right, Bella how do you know how much water to pour it?
[75] Bella: You know I have a lot of plants at home and after taking care of many... I just know how much.
[75] Ash: Make sense.

Conversation 6: Bella asks the robot to schedule a meeting for next Monday with her, Dean, Ash, Bob, and the boss, and later reminds the group to verify financial statements. Bella and Ash notice an extra $500 in their pay, which Dean explains is a labor fee for helping the boss with documentation. Ash arranges takeout and the robot is asked to bring the delivery upstairs. The group briefly discusses salaries, career prospects, and Bella receives a bank notification about her credit card bill.
[31] Bella: Oh I do.
[31] Ash: Oh you have, thank you.
[32] Bella: Here.
[32] Bella: Oh.
[32] Bella: Robot can you please give it to ash?

[Step 2] Evaluating semantic answer...
Action: [Answer]
Content: One cup of coffee.
FINAL ANSWER (from graph):
One cup of coffee.
Question: Where is the cake?

[Step 1] Searching the graph...
Parse Query Output:
{
  "query_triple": ["cake", "is at", "?", 0.7, 0.5, 0.15],
  "spatial_constraint": null,
  "speaker_strict": null,
  "allocation": {
    "k_high_level": 2,
    "k_low_level": 40,
    "k_conversations": 8,
    "total_k": 50,
    "reasoning": "Spatial location query for an object; prioritize low-level edges to find where the cake is, minimal high-level and some conversations for incidental mentions."
  }
}

Graph Search Results:
**High-Level Information (Character Attributes and Relationships): **

Character Attributes:
- robot is: camera holder (100), black gloves (100)

**Low-Level Information (Actions and Events): **

[1] robot places cup. (collectibles room with coffee corner)
[1] cup is under espresso machine spout. (collectibles room with coffee corner)
[5] Bella places on cup. (office)
[5] cup is on espresso machine tray. (office)
[8] Ash wants to make coffee. (office)
[11] coffee pours. (office)
[11] Ash holds cup. (office)
[11] Bella accepts cup. (office)
[11] cup is from Ash. (office)
[11] Bella sips coffee. (office)
[12] Bella lifts white cake box. (office)
[12] Bella explains about vanilla cake. (office)
[12] Ash responds about keeping cake for later. (office)
[12] Ash picks up white cake box. (office)
[12] Ash carries white cake box. (office)
[21] Bella is beside cup. (office)
[21] robot holds coffee. (office)
[21] robot places coffee. (office)
[21] coffee is on large wooden table. (office)
[23] Dean lifts white cake box. (office)
[23] white cake box is from desk. (office)
[23] Dean places cake box. (office)
[23] cake box is down beside Dean's keyboard. (office)
[25] robot carries white cake box. (office)
[25] robot shows cake box. (office)
[25] cake box is to Dean. (office)
[25] robot lowers cake box. (office)
[25] cake box is beside trash bin. (office)
[30] Ash clarifies food. (office)
[35] Dean sips from cup. (office)
[47] woman_2 drinks from cup. (office)
[50] right hand is near food. (office)
[51] woman_2 stirs food. (office break area)
[51] seasoning is in food. (office break area)
[54] Ash takes a bite of pizza. (collectibles office or studio)
[59] Dean holds cup. (office studio with collectibles)
[63] Dean offers pizza. (collection room dining table)
[71] Bella holds cup. (studio office)
[90] Bella reaches for cup. (office)
[90] cup is on desk. (office)

**Conversations: **

Conversation 4: Ash serves Bella coffee, which she praises as better than a robot’s, and mentions bringing a vanilla cake. Ash notes past experience working at a coffee shop, prefers vanilla cake, and defers eating it due to having breakfast. Ash then turns to work, mentioning an email from their boss requesting an experimental report on AI navigation and instructs a robot to print it.
[12] Bella: Much better than the one that robot made actually.
[12] Ash: Yes.
[12] Bella: I had actually bought a vanilla cake on the way here, but I had a bite on the way but it's so delicious so...
[12] Ash: The vanilla cake is my favorite flavor but I just had a breakfast so I'll just keep it with myself I eat it when I be hungry.
[13] Ash: To handle some emails.
[14] Ash: My first email is from boss and he is asking about some experimental report on intelligence navigation.

Conversation 7: The group discusses lunch, with spicy food preferences and sensitivities, and tentatively plans a beer and barbecue outing, considering Korean or Chinese styles. They talk about travel plans and destinations (Dali, Lijiang, Kunming), peak travel seasons, and Bella’s August birthday with the idea of celebrating while traveling. Ash and Bella express interest in going to Disneyland soon. The conversation also touches on plants care and Dean’s busy schedule due to his daughter’s classes.
[45] Ash: Dean come here and have some dinner... let's have some lunch.
[46] Dean: I'm not hungry yet.
[46] Dean: The fact is that I ate a cake that you gave me that was so huge.
[46] Ash: Okay so you don't want to eat?
[46] Dean: Yeah not yet, robot bring me the coffee at the dinner table please.
[69] Ash: Doesn't matter and if we meet many people and also weird some people.
[69] Ash: You go somewhere just for celebrating your birthday that would be nice I think.
[69] Bella: Birthday party...
[69] Dean: Especially in the Yunnan.
[69] Dean: Inside the Dali and Lijiang.
[71] Dean: But if you go over there at November it gonna be cold.
[71] Dean: Or maybe June that's will be fine.
[71] Bella: Celebrating your birthday party is important for you?
[72] Ash: No generally.
[72] Dean: What's that? Pardon.
[72] Ash: Celebrating your birthday party is important to you?
[72] Dean: No.
[72] Bella: How about you Ash???

Conversation 5: The team plans to write an accuracy analysis on intelligent navigation after data becomes available at noon, agreeing to collaborate in the afternoon. They share coffee due to a discount and discuss hanging out later, while Dean addresses computer issues and food preferences. Bella directs a robot to manage office tasks, including placing coffees, disposing trash, replenishing A4 paper, and printing the monthly financial report.
[22] Dean: I don't have breakfast yet.
[22] Ash: Okay.
[22] Ash: Robot handed the Dean's cake to Dean please.
[23] Dean: What's the problem with this computer?
[23] Ash: I think maybe some charge or electricity?
[23] Dean: Yeah let me try another one.
[24] Dean: Robot help me put this one to the trash nearby the coffee machine.
[25] Ash: I think this vanilla cake also is your favorite.
[25] Ash: Favorite flavor right?
[25] Dean: Yeah it's my favorite.

[Step 2] Evaluating semantic answer...
Action: [Answer]
Content: Beside the trash bin in the office.
FINAL ANSWER (from graph):
Beside the trash bin in the office.
Question: Where should Robot go to print financial report?

[Step 1] Searching the graph...
Parse Query Output:
{
  "query_triple": ["<Robot>", "prints", "financial report", 0.95, 0.3, 0.8],
  "spatial_constraint": null,
  "speaker_strict": null,
  "allocation": {
    "k_high_level": 5,
    "k_low_level": 40,
    "k_conversations": 5,
    "total_k": 50,
    "reasoning": "Spatial/action query about where printing occurs. Prioritize low-level edges to find locations associated with printing the financial report or printers; minimal high-level for any role/context; a small amount of conversations in case instructions are given in dialogue."
  }
}

Graph Search Results:
**High-Level Information (Character Attributes and Relationships): **

Character Attributes:
- woman_2 is: female (100), medium build (100), shoulder-length dark hair (100), black V-neck sweater (100), blue jeans (100)

**Low-Level Information (Actions and Events): **

[2] machine runs. (kitchen countertop with espresso machine)
[4] Bella holds near machine. (office kitchen corner)
[4] clear glass is near machine. (office kitchen corner)
[10] Bella looks at machine. (office)
[10] Bella tidies area around machine. (office)
[11] filled cup is from machine. (office)
[13] keyboard is in front of monitor. (office)
[17] computer view is to desktop. (studio office)
[22] table is near camera. (office)
[28] camera faces desk. (home office desk)
[28] camera faces monitor. (home office desk)
[28] table-filled report is on screen. (home office desk)
[29] printer is beside long table. (office)
[29] computer is at far end of table. (office)
[35] tablet is at right side of table. (office)
[36] paper is beside tablet. (office)
[38] paper is beside tablet. (office)
[42] display shelf is filled with toy. (office studio)
[42] display shelf is filled with model. (office studio)
[42] workstation table is cluttered with tool. (office studio)
[42] man_1 works at computer. (office studio)
[43] woman_3 looks down at device. (office)
[44] Ash sits at computer. (office)
[44] computer is further right. (office)
[44] Ash looks up from computer. (office)
[45] Ash types on computer. (office)
[46] Ash uses computer. (office break area)
[46] Ash remains seated at computer. (office break area)
[47] Ash continues working computer. (office)
[47] Ash sits at computer. (office)
[48] Ash works on computer. (office)
[49] Ash works on computer. (office)
[49] Ash remains focused on computer. (office)
[72] tablet is from table. (toy-filled dining room)
[86] computer is at Dean's desk. (office)
[87] Ash writes device. (office)
[87] Ash types on device. (office)
[87] device is at side desk. (office)
[87] paper is on desk. (office)
[88] Ash works at computer. (office)

**Conversations: **

Conversation 4: Ash serves Bella coffee, which she praises as better than a robot’s, and mentions bringing a vanilla cake. Ash notes past experience working at a coffee shop, prefers vanilla cake, and defers eating it due to having breakfast. Ash then turns to work, mentioning an email from their boss requesting an experimental report on AI navigation and instructs a robot to print it.
[14] Ash: And...
[15] Ash: Let me put it on the print.
[15] Ash: Robot please print the report at the printer which is on the cabinet.
[15] robot: Okay.

Conversation 5: The team plans to write an accuracy analysis on intelligent navigation after data becomes available at noon, agreeing to collaborate in the afternoon. They share coffee due to a discount and discuss hanging out later, while Dean addresses computer issues and food preferences. Bella directs a robot to manage office tasks, including placing coffees, disposing trash, replenishing A4 paper, and printing the monthly financial report.
[21] Dean: Yeah sure.
[21] Ash: Yes we can hang out tonight.
[21] Bella: Hi robot please put the coffees on the table at the office.
[21] robot: Okay.
[22] Dean: Hi do you guys have anything to eat?
[25] Ash: You do that.
[25] Bella: The printer is out of paper.
[25] Bella: Robot please replenish A4 paper and also help me to print this month's financial report.

Conversation 3: Ash and Bella exchange morning greetings, note the early time, and casually chat about a funny video and making coffee. Bella mentions arriving early because she couldn’t sleep and expects Dean to arrive in about ten minutes. Bella asks a robot to set the temperature to 24 degrees, and it acknowledges.
[8] Bella: Oh robot.
[8] Bella: Please adjust the temperature to twenty four degree.
[8] robot: Okay.

[Step 2] Evaluating semantic answer...
Action: [Answer]
Content: To the printer on the cabinet in the office.
FINAL ANSWER (from graph):
To the printer on the cabinet in the office.
Question: What phone does Bella use?

[Step 1] Searching the graph...
Parse Query Output:
{
  "query_triple": ["<Bella>", "uses", "phone", 0.95, 0.5, 0.6],
  "spatial_constraint": null,
  "speaker_strict": null,
  "allocation": {
    "k_high_level": 5,
    "k_low_level": 38,
    "k_conversations": 7,
    "total_k": 50,
    "reasoning": "Object/action-specific query about what phone a character uses; prioritize low-level edges for concrete actions/objects. Keep a small portion for high-level context and minimal conversations in case the phone model is mentioned in dialogue."
  }
}

Graph Search Results:
**High-Level Information (Character Attributes and Relationships): **

Character Relationships:
- Bella delegates tasks to robot (90)
- Bella is supervisor of robot (88)
- Bella delegates responsibilities to robot (86)
- robot is subordinate to Bella (85)
- Ash is colleague of Bella (95)

**Low-Level Information (Actions and Events): **

[1] Bella turns toward camera. (collectibles room with coffee corner)
[4] Bella holds near machine. (office kitchen corner)
[7] Bella continues working at computer. (office)
[10] Bella looks at machine. (office)
[10] Bella tidies area around machine. (office)
[11] Bella is from laptop. (office)
[12] Bella turns to laptop. (office)
[15] Bella works on laptop. (office)
[19] Bella looks at screen. (office)
[20] Bella writes in notebook. (office)
[21] Bella uses laptop. (office)
[21] Bella is beside notebook. (office)
[23] Bella writes on tablet. (office)
[25] Bella works on laptop. (office)
[29] Bella works on laptop. (office)
[34] Bella uses notebook. (office)
[34] Bella uses tablet. (office)
[34] Bella uses mouse. (office)
[36] Bella checks Bella's phone. (office)
[37] Bella checks briefly Bella's phone. (office)
[39] Bella writes in notebook. (office)
[48] Bella suggests watching movie. (office)
[57] Bella gestures with hand. (office or studio with collectibles)
[73] Bella opens laptop. (office)
[74] Bella works on laptop. (office)
[74] Bella stares at screen. (office)
[74] Bella gestures with hand. (office)
[76] Bella types on laptop. (office)
[78] Bella works on laptop. (office)
[85] Bella raises hand. (office)
[85] Bella taps on Bella's phone. (office)
[86] Bella works on laptop. (office)
[86] Bella checks Bella's smartphone. (office)
[86] Bella looks briefly Bella's smartphone. (office)
[88] Bella types on laptop. (office)
[88] Bella focuses on laptop. (office)
[89] Bella focuses on screen. (office)
[90] Bella types on laptop. (office)

**Conversations: **

Conversation 7: The group discusses lunch, with spicy food preferences and sensitivities, and tentatively plans a beer and barbecue outing, considering Korean or Chinese styles. They talk about travel plans and destinations (Dali, Lijiang, Kunming), peak travel seasons, and Bella’s August birthday with the idea of celebrating while traveling. Ash and Bella express interest in going to Disneyland soon. The conversation also touches on plants care and Dean’s busy schedule due to his daughter’s classes.
[55] Dean: Last.
[55] Ash: Oh because you are burning?
[55] Bella: Yeah.
[55] Ash: Fries think you...
[55] Bella: I really can't handle.
[67] Dean: August?
[68] Ash: Really your birthday is in August?
[68] Bella: Yes.
[68] Ash: Because I remember last year we celebrated your birthday...
[68] Bella: Oh yeah I know because I was busy then so I actually postponed the birthday party.
[76] Bella: Because they are a actually beautiful model couple.
[76] Ash: What's your favorite character in Disneyland?
[77] Bella: Uh.
[77] Bella: I really like the frozen.
[77] Bella: The frozen movie.

Conversation 6: Bella asks the robot to schedule a meeting for next Monday with her, Dean, Ash, Bob, and the boss, and later reminds the group to verify financial statements. Bella and Ash notice an extra $500 in their pay, which Dean explains is a labor fee for helping the boss with documentation. Ash arranges takeout and the robot is asked to bring the delivery upstairs. The group briefly discusses salaries, career prospects, and Bella receives a bank notification about her credit card bill.
[31] Bella: Oh I do.
[31] Ash: Oh you have, thank you.
[32] Bella: Here.
[32] Bella: Oh.
[32] Bella: Robot can you please give it to ash?
[38] Ash: I'm so hungry.
[38] Ash: How was your day?
[38] Bella: Hmm...
[38] Ash: You are busy so much today.
[38] Bella: Not really.

Conversation 5: The team plans to write an accuracy analysis on intelligent navigation after data becomes available at noon, agreeing to collaborate in the afternoon. They share coffee due to a discount and discuss hanging out later, while Dean addresses computer issues and food preferences. Bella directs a robot to manage office tasks, including placing coffees, disposing trash, replenishing A4 paper, and printing the monthly financial report.
[18] Bella: Yesterday the boss told me to quickly write an accurate analysis on the intelligent navigation today.
[18] Ash: Today?
[18] Bella: Uh.
[18] Ash: The data won't be available until noon.
[18] Ash: Uh so I can write the accuracy analysis in the afternoon I think.
[20] character_1: Morning guys.
[20] Ash: Morning.
[20] Bella: Hello.
[20] Ash: Why did you buy three cups of coffee?
[20] Bella: We are too earlier.

[Step 2] Evaluating semantic answer...
Action: [Search]
Content: [36, 37, 85, 86]
Summary: The graph shows multiple instances where Bella checks or taps on her phone in the office ([36], [37], [85], [86]), but it does not specify the phone’s brand or model, so the information is insufficient to determine what phone Bella uses.

[Step 3] Watching video clips: [36, 37, 85, 86]

   Processing clip 36 (1/4)...
Question: What does Dean usually eat for takeout?

[Step 1] Searching the graph...
Parse Query Output:
{
  "query_triple": ["<Dean>", "usually eats (takeout)", "?", 0.95, 0.3, 0.2],
  "spatial_constraint": null,
  "speaker_strict": null,
  "allocation": {
    "k_high_level": 6,
    "k_low_level": 24,
    "k_conversations": 20,
    "total_k": 50,
    "reasoning": "Preference/frequency query about takeout food. Use some high-level edges for habitual preferences, low-level edges for specific eating/takeout actions across scenes, and conversations for mentions of usual orders."
  }
}

Graph Search Results:
**High-Level Information (Character Attributes and Relationships): **

Character Attributes:
- Dean is: male (100), medium build (100), short dark hair (100), black sweatshirt with large back print (100), gray jeans (100), dark shoes (100)

**Low-Level Information (Actions and Events): **

[23] Dean sits at center-right desk. (office)
[23] Dean types on keyboard. (office)
[23] Ash points toward Dean. (office)
[23] Dean adjusts small monitor. (office)
[23] small monitor is in front of Dean. (office)
[23] Dean lifts white cake box. (office)
[23] Dean places cake box. (office)
[23] Dean asks about computer issue. (office)
[23] Dean looks at monitor. (office)
[23] Dean agrees. (office)
[23] Dean decides to try another computer. (office)
[25] Dean sits at Dean's desk. (office)
[25] Dean looks toward robot. (office)
[25] cake box is to Dean. (office)
[25] Dean answers. (office)
[25] Dean remains seated. (office)
[25] Dean continues working at computer. (office)
[25] Dean is in middle of table. (office)
[26] Dean sits at middle desk. (office)
[26] Dean looks at Dean's monitor. (office)
[29] Dean types on computer. (office)
[30] Dean works at Dean's desktop computer. (office)
[30] Dean is in center. (office)
[30] Dean responds with appreciation to Ash. (office)

**Conversations: **

Conversation 7: The group discusses lunch, with spicy food preferences and sensitivities, and tentatively plans a beer and barbecue outing, considering Korean or Chinese styles. They talk about travel plans and destinations (Dali, Lijiang, Kunming), peak travel seasons, and Bella’s August birthday with the idea of celebrating while traveling. Ash and Bella express interest in going to Disneyland soon. The conversation also touches on plants care and Dean’s busy schedule due to his daughter’s classes.
[45] Bella: I am actually too hungry because I got up too early so I got hungry fast.
[45] Ash: I got to thank these things to me.
[45] Ash: Dean come here and have some dinner... let's have some lunch.
[46] Dean: I'm not hungry yet.
[46] Dean: The fact is that I ate a cake that you gave me that was so huge.
[46] Ash: Okay so you don't want to eat?
[50] Dean: There is an idea to take a break for a break.
[50] Dean: For relax.
[51] Dean: What's that?
[51] woman_2: Spicy.
[51] woman_2: Yes.
[51] woman_2: You like spicy food???
[51] Bella: No.
[51] Dean: Spicy spaghetti.
[51] Bella: So why did you order that?
[51] woman_2: I didn't know it would be that spicy.
[52] Bella: Hmm not about stomach.
[52] woman_2: Just eat your humburger.
[52] Dean: You don't like spicy food?
[52] woman_2: No.
[52] Bella: How about you Dean?
[52] Dean: Uh I like it but my stomach doesn't like it.
[53] Dean: The spicy stuff and cold beer make me not good.
[53] Dean: The cat will be hungry also.
[53] Ash: And you have pizza.
[53] Dean: Yeah I got pizza.
[54] Ash: Uh...
[54] Ash: Sure do you want to try this?
[54] Dean: I hate spicy odd food.
[54] Dean: Let me try some.
[54] Ash: Okay thank you.
[54] Ash: But it's really a small for you also if I take it....
[54] Dean: No no... I'm not hungry.
[54] Bella: I should have the...
[54] Bella: You have to see that the pizza is also quite delicious.
[54] Dean: You should have the...
[54] Dean: The fries.
[55] Dean: Last.
[55] Ash: Oh because you are burning?
[55] Ash: Fries think you...
[55] Bella: I really can't handle.
[55] Dean: Fries and hamburger.
[55] Dean: You cannot handle that.
[55] Dean: Hahaha.
[56] Bella: I think it's cold.
[56] Bella: Cold, cold. Yeah.
[57] Dean: You want what?
[57] Bella: Nothing.
[57] Dean: Spicy also?
[57] Dean: Okay.
[57] Bella: Do you guys want to go to the Korean type of barbecue tonight?
[58] Bella: I like both.
[58] Ash: Yeah I do I just like meat.
[58] Dean: Was it... that's for that spicy.
[58] Dean: I can tell them.
[58] Dean: Don't put the spicy chill on...
[59] Dean: Oh yeah.
[59] Dean: So how about food in your hometown?
[59] Dean: Never put on chili oil?
[59] Bella: Not that much.
[59] Ash: Ah different area, for example in south yes the food is really spicy.
[63] Dean: Full season is really warm just like a familiar temperature yeah.
[63] Dean: So, so they don't have winter over there.
[63] Dean: You want pizza?
[63] Bella: Maybe, please.
[64] Dean: Go take one.

Conversation 5: The team plans to write an accuracy analysis on intelligent navigation after data becomes available at noon, agreeing to collaborate in the afternoon. They share coffee due to a discount and discuss hanging out later, while Dean addresses computer issues and food preferences. Bella directs a robot to manage office tasks, including placing coffees, disposing trash, replenishing A4 paper, and printing the monthly financial report.
[21] Bella: Hi robot please put the coffees on the table at the office.
[21] robot: Okay.
[22] Dean: Hi do you guys have anything to eat?
[22] Dean: I don't have breakfast yet.
[22] Ash: Okay.
[22] Ash: Robot handed the Dean's cake to Dean please.

Conversation 8: The group discusses being overworked on a project with a deadline initially set for next Wednesday, which is later moved up to the end of the week by their boss. They agree to cooperate to meet the accelerated deadline. They also consider relaxation plans, including a late-night snack, a massage, and casual phone puzzles, and address a dim lighting issue and switching to an alternative solution.
[87] Ash: Do you want to change it to another one?
[87] Ash: Let me help you.
[87] Dean: I'll take it.

[Step 2] Evaluating semantic answer...
Action: [Answer]
Content: Pizza.
FINAL ANSWER (from graph):
Pizza.
Question: Who has the highest salary,Dean Bella or Ash?

[Step 1] Searching the graph...
Parse Query Output:
{
  "query_triple": ["null", "has higher salary than", "<Dean Bella>|<Ash>", 0.1, 0.3, 0.9],
  "spatial_constraint": null,
  "speaker_strict": null,
  "allocation": {
    "k_high_level": 8,
    "k_low_level": 12,
    "k_conversations": 30,
    "total_k": 50,
    "reasoning": "Comparative salary question; use high-level for attributes/relationships, conversations for mentions of salary, and some low-level edges for specific statements/actions like 'earns', 'gets paid'."
  }
}

Graph Search Results:
**High-Level Information (Character Attributes and Relationships): **

Character Attributes:
- character_1 is: male (100), medium build (100), short dark hair (100), black sweatshirt with back logo (100), blue jeans (100), dark shoes (100), carries a white box at a desk (100)
- robot is: camera holder (100)

**Low-Level Information (Actions and Events): **

[13] Ash picks up <Ash>'s phone. (office)
[13] Ash sets down near <Ash>'s phone. (office)
[13] <Ash>'s phone is near keyboard. (office)
[14] Ash looks at Ash's screen. (office)
[22] tablet is beside <Ash>'s monitor. (office)
[22] paper is beside <Ash>'s monitor. (office)
[31] Ash raises Ash's hand. (office)
[45] Ash replies from Ash's desk. (office)
[66] Dean acknowledges <Ash>'s reply. (office)
[89] Bella glances briefly toward <Ash>'s side. (office)
[89] Ash picks up <Ash>'s phone. (office)
[89] Ash checks <Ash>'s phone. (office)

**Conversations: **

Conversation 6: Bella asks the robot to schedule a meeting for next Monday with her, Dean, Ash, Bob, and the boss, and later reminds the group to verify financial statements. Bella and Ash notice an extra $500 in their pay, which Dean explains is a labor fee for helping the boss with documentation. Ash arranges takeout and the robot is asked to bring the delivery upstairs. The group briefly discusses salaries, career prospects, and Bella receives a bank notification about her credit card bill.
[29] Bella: Thank you.
[29] Bella: And you will also help me to book a meeting for next Monday for participants including me, Dean, Ash, Bob and the boss.
[29] robot: Okay.
[30] Ash: Alright I'm ordering some take out.
[32] Bella: Here.
[32] Bella: Oh.
[32] Bella: Robot can you please give it to ash?
[32] Ash: Oh thank you robot.
[33] Bella: Oh hey guys uh take the financial statement for verification later.
[34] Ash: Ah that's perfect yeah.
[34] Bella: I forgot that.
[34] Ash: Yeah.
[34] Ash: Alright that's nice.
[34] Dean: I don't have this five hundred I'm a programmer.
[35] Bella: Oh your salary is the highest here even if we raise salary it won't be higher than yours.
[35] Dean: Programmers earn a living while they are young.
[35] Dean: Maybe in a few years I'll be obsolete.
[35] Ash: Oh it's okay I treat you to supper tonight.
[35] Ash: I earn ten thousand this month and I believe you make it to the management level.
[35] Bella: Then you will be definitely become part of the management team.
[36] Bella: You will have to be to be basking your glory then.
[37] Bella: Yes of course.
[38] Ash: I'm so hungry.
[38] Ash: How was your day?
[38] Bella: Hmm...
[38] Ash: You are busy so much today.

Conversation 7: The group discusses lunch, with spicy food preferences and sensitivities, and tentatively plans a beer and barbecue outing, considering Korean or Chinese styles. They talk about travel plans and destinations (Dali, Lijiang, Kunming), peak travel seasons, and Bella’s August birthday with the idea of celebrating while traveling. Ash and Bella express interest in going to Disneyland soon. The conversation also touches on plants care and Dean’s busy schedule due to his daughter’s classes.
[45] Bella: I am actually too hungry because I got up too early so I got hungry fast.
[45] Ash: I got to thank these things to me.
[45] Ash: Dean come here and have some dinner... let's have some lunch.
[46] Dean: I'm not hungry yet.
[46] Dean: The fact is that I ate a cake that you gave me that was so huge.
[52] Dean: You don't like spicy food?
[52] woman_2: No.
[52] Bella: How about you Dean?
[52] Dean: Uh I like it but my stomach doesn't like it.
[53] Dean: The spicy stuff and cold beer make me not good.
[54] Dean: You should have the...
[54] Dean: The fries.
[55] Dean: Last.
[55] Ash: Oh because you are burning?
[55] Bella: Yeah.
[55] Dean: Fries and hamburger.
[55] Dean: You cannot handle that.
[55] Dean: Hahaha.
[55] Ash: Try some French fries.
[55] Ash: It can help you for less burning.
[60] Dean: What's the neighbor country for the south part?
[60] Ash: South part countries and you know the Persian for gold?
[60] Ash: And...
[60] Ash: It's something like Ireland, to me Ireland...
[60] Dean: So what's part is in the...
[60] Dean: I mean the Iraq without north?
[60] Bella: No it's in the...
[60] Ash: West.
[60] Bella: I'm sorry this is, this... you're right.
[61] Dean: West right.
[62] Ash: Okay do you have the other plans for holiday???
[62] Bella: Holidays hmm I don't know maybe I would go on a trip.
[62] Ash: Hmm...
[62] Dean: So this hardly works....
[63] Bella: Oh I really like to see what is it the southern part.
[64] Dean: Go take one.
[64] Bella: Thank you.
[64] Ash: Dean have you traveled a lot?
[64] Dean: Uh used to but right now I'm pretty busy for my daughter yeah.
[64] Dean: They have a lot of class in summer also.
[64] Ash: It's about school?
[64] Dean: I'm studying in China, it is so tired.
[65] Dean: I feel it's...
[65] Dean: I will...
[65] Dean: Just change another world.
[65] Ash: Hahaha.
[65] Bella: Do you also visit at work?
[65] Dean: Not yet.
[66] Ash: And also you know most of the travel I guess is the high season for the travels most of the people uh travel in the...
[66] Dean: July and August.
[67] Ash: Yeah.
[67] Ash: Everywhere the whole world the weather at that time is perfect.
[67] Dean: Yeah. We do like to travel that...that two months yeah.
[69] Ash: Yes you can have your birthday in Dali it's really look like a Santorini.
[70] Ash: And did you saw the pictures even not even...
[70] Ash: Even beautiful than um...
[70] Dean: Yeah just different.
[70] Ash: And everywhere it's blue and white.
[72] Ash: Celebrating your birthday party is important to you?
[72] Dean: No.
[72] Bella: How about you Ash???
[72] Dean: I'm totally not into...
[72] Dean: I don't like the birthday party anymore.
[74] Dean: It's very cool.
[74] Bella: Do you know why? Because I actually water it every day.
[74] Ash: Oh Bella you're right, Bella how do you know how much water to pour it?
[75] Bella: You know I have a lot of plants at home and after taking care of many... I just know how much.
[75] Ash: Make sense.
[76] Bella: I do like Minnie more.
[76] Bella: Because they are a actually beautiful model couple.
[76] Ash: What's your favorite character in Disneyland?
[77] Bella: Uh.
[77] Bella: I really like the frozen.
[77] Bella: The frozen movie.
[77] Ash: Yes.
[77] Bella: Which, which sister do you like more? Anna or Elsa?
[77] Ash: I like Elsa, I love Elsa.

Conversation 5: The team plans to write an accuracy analysis on intelligent navigation after data becomes available at noon, agreeing to collaborate in the afternoon. They share coffee due to a discount and discuss hanging out later, while Dean addresses computer issues and food preferences. Bella directs a robot to manage office tasks, including placing coffees, disposing trash, replenishing A4 paper, and printing the monthly financial report.
[22] Dean: I don't have breakfast yet.
[22] Ash: Okay.
[22] Ash: Robot handed the Dean's cake to Dean please.
[23] Dean: What's the problem with this computer?
[23] Ash: I think maybe some charge or electricity?

Conversation 3: Ash and Bella exchange morning greetings, note the early time, and casually chat about a funny video and making coffee. Bella mentions arriving early because she couldn’t sleep and expects Dean to arrive in about ten minutes. Bella asks a robot to set the temperature to 24 degrees, and it acknowledges.
[7] Ash: Good morning Bella.
[7] Bella: Morning.
[7] Ash: How are you?
[7] Bella: I'm fine, thanks.
[7] Ash: Today it's only eight thirty am you're so hard working.
[7] Bella: Haha yes now I just couldn't sleep in the morning so I got got here very early.
[7] Bella: I think Dean would be here about ten minutes.
[7] Ash: I see this cat video is really funny.
[8] Ash: Huh okay.

Conversation 4: Ash serves Bella coffee, which she praises as better than a robot’s, and mentions bringing a vanilla cake. Ash notes past experience working at a coffee shop, prefers vanilla cake, and defers eating it due to having breakfast. Ash then turns to work, mentioning an email from their boss requesting an experimental report on AI navigation and instructs a robot to print it.
[11] Ash: Of course because I used to work part time at the coffee shop.
[12] Bella: Much better than the one that robot made actually.
[12] Ash: Yes.
[12] Bella: I had actually bought a vanilla cake on the way here, but I had a bite on the way but it's so delicious so...
[12] Ash: The vanilla cake is my favorite flavor but I just had a breakfast so I'll just keep it with myself I eat it when I be hungry.
[14] Ash: My first email is from boss and he is asking about some experimental report on intelligence navigation.
[14] Ash: For artificial intelligence...
[14] Ash: And...
[15] Ash: Let me put it on the print.
[15] Ash: Robot please print the report at the printer which is on the cabinet.

Conversation 8: The group discusses being overworked on a project with a deadline initially set for next Wednesday, which is later moved up to the end of the week by their boss. They agree to cooperate to meet the accelerated deadline. They also consider relaxation plans, including a late-night snack, a massage, and casual phone puzzles, and address a dim lighting issue and switching to an alternative solution.
[85] Ash: Me and thank you.
[86] Dean: Light in there is so dim.
[86] Ash: Yeah.
[86] Ash: Guys I just had an email from the boss, his request to finish the project until the finish of the week.
[87] Dean: Sure I'll follow.

[Step 2] Evaluating semantic answer...
Action: [Answer]
Content: Dean has the highest salary.
FINAL ANSWER (from graph):
Dean has the highest salary.
Question: Who does Bella like better, Elsa or Anna?

[Step 1] Searching the graph...
Parse Query Output:
{
  "query_triple": ["<Bella>", "likes better", null, 0.95, 0.25, 0.15],
  "spatial_constraint": null,
  "speaker_strict": null,
  "allocation": {
    "k_high_level": 9,
    "k_low_level": 6,
    "k_conversations": 35,
    "total_k": 50,
    "reasoning": "Preference/relationship query between named characters; use high-level edges for traits/relationships and conversations for evidence of liking or comparative statements. Low-level edges minimally for any explicit actions indicating preference."
  }
}

Graph Search Results:
**High-Level Information (Character Attributes and Relationships): **

Character Attributes:
- Bella is: female (100), slim (100), long dark reddish hair (100), denim overalls over black top (100), black sneakers (100), seated at white office chair (100), denim overalls over black top; matches <woman_1> (100)

Character Relationships:
- Ash is colleague of Bella (95)
- Bella is colleagues with Dean (95)

**Low-Level Information (Actions and Events): **

[1] Bella opens door. (collectibles room with coffee corner)
[1] Bella steps into room. (collectibles room with coffee corner)
[1] Bella closes door. (collectibles room with coffee corner)
[1] door is behind Bella. (collectibles room with coffee corner)
[1] Bella walks toward display cabinet. (collectibles room with coffee corner)
[1] Bella looks at item. (collectibles room with coffee corner)

**Conversations: **

Conversation 7: The group discusses lunch, with spicy food preferences and sensitivities, and tentatively plans a beer and barbecue outing, considering Korean or Chinese styles. They talk about travel plans and destinations (Dali, Lijiang, Kunming), peak travel seasons, and Bella’s August birthday with the idea of celebrating while traveling. Ash and Bella express interest in going to Disneyland soon. The conversation also touches on plants care and Dean’s busy schedule due to his daughter’s classes.
[51] woman_2: I was swearing about it but it's really spicy.
[51] woman_2: You like spicy food???
[51] Bella: No.
[51] Dean: Spicy spaghetti.
[51] Bella: So why did you order that?
[51] woman_2: I didn't know it would be that spicy.
[51] Bella: Actually my favorite is also so...
[51] Bella: Why did you do?
[51] Bella: You just ordered off this spicy...
[51] woman_2: Maybe somebody...
[52] Dean: You don't like spicy food?
[52] woman_2: No.
[52] Bella: How about you Dean?
[52] Dean: Uh I like it but my stomach doesn't like it.
[53] Dean: The spicy stuff and cold beer make me not good.
[55] Dean: Last.
[55] Ash: Oh because you are burning?
[55] Bella: Yeah.
[55] Ash: Fries think you...
[55] Bella: I really can't handle.
[56] Dean: How's that?
[56] Ash: She's already have...
[56] Bella: I think it's cold.
[56] Bella: Cold, cold. Yeah.
[57] Dean: You want what?
[57] Bella: Nothing.
[57] Dean: Spicy also?
[57] Dean: Okay.
[57] Dean: Maybe about your own Chinese style maybe.
[58] Ash: The Chinese style is that one very good.
[58] Bella: I like both.
[58] Ash: Yeah I do I just like meat.
[58] Dean: Was it... that's for that spicy.
[59] Dean: So how about food in your hometown?
[59] Dean: Never put on chili oil?
[59] Bella: Not that much.
[59] Ash: Ah different area, for example in south yes the food is really spicy.
[59] Bella: Yes, that's right.
[61] Dean: So what's the neighboring country of the north?
[61] Ash: Russia.
[61] Bella: It's Russia.
[61] Ash: It's also Castian lake, and Africa Castian lake, this one.
[62] Ash: Not exactly Russia, Ireland is on our side.
[63] Dean: So, so they don't have winter over there.
[63] Dean: You want pizza?
[63] Bella: Maybe, please.
[64] Dean: Go take one.
[64] Bella: Thank you.
[67] Dean: August?
[68] Ash: Really your birthday is in August?
[68] Bella: Yes.
[68] Ash: Because I remember last year we celebrated your birthday...
[68] Bella: Oh yeah I know because I was busy then so I actually postponed the birthday party.
[68] Dean: So actually is August right?
[68] Bella: Maybe if we will be on a trip for the travel.
[68] Bella: I really like to have birthday party then.
[68] Ash: That would be perfect.
[68] Bella: Also this is a rule before I just really love to celebrate my birthday in the other cities.
[69] Ash: Doesn't matter and if we meet many people and also weird some people.
[69] Ash: You go somewhere just for celebrating your birthday that would be nice I think.
[69] Bella: Birthday party...
[69] Dean: Especially in the Yunnan.
[69] Dean: Inside the Dali and Lijiang.
[76] Ash: Do you want to join?
[76] Ash: Let me just check about some ticket for the Disneyland I think maybe there would be discount for two persons.
[76] Bella: I really like to go to Disneyland.
[76] Ash: So let's go this weekend???
[76] Ash: I really like Mickey mouse.
[76] Bella: I do like Minnie more.
[76] Bella: Because they are a actually beautiful model couple.
[76] Ash: What's your favorite character in Disneyland?
[77] Bella: Uh.
[77] Bella: I really like the frozen.
[77] Bella: The frozen movie.
[77] Ash: Yes.
[77] Bella: Which, which sister do you like more? Anna or Elsa?
[77] Ash: I like Elsa, I love Elsa.
[77] Bella: Because she has a good power?
[77] Ash: Because she is very powerful... and you don't think so like this?
[77] Bella: No, she just has this snow power but Anna is more brave.
[77] Bella: And she's smarter.
[77] Dean: Be quiet man.
[78] Bella: Okay sorry.

Conversation 6: Bella asks the robot to schedule a meeting for next Monday with her, Dean, Ash, Bob, and the boss, and later reminds the group to verify financial statements. Bella and Ash notice an extra $500 in their pay, which Dean explains is a labor fee for helping the boss with documentation. Ash arranges takeout and the robot is asked to bring the delivery upstairs. The group briefly discusses salaries, career prospects, and Bella receives a bank notification about her credit card bill.
[31] Ash: Okay done, oops my phone is out of charge guys do you have any charger?
[31] Ash: iPhone, iPhone charger.
[31] Bella: Oh I do.
[31] Ash: Oh you have, thank you.
[32] Bella: Here.
[32] Bella: Oh.
[32] Bella: Robot can you please give it to ash?
[32] Ash: Oh thank you robot.
[37] Ash: And that's nice.
[37] Ash: Do you have a credit card?
[37] Bella: Yes of course.
[38] Ash: I'm so hungry.
[38] Ash: How was your day?
[38] Bella: Hmm...
[38] Ash: You are busy so much today.
[38] Bella: Not really.
[38] Ash: And they have many emails.
[38] Ash: Boss's emails I don't know anything, a lot it seems that.

Conversation 5: The team plans to write an accuracy analysis on intelligent navigation after data becomes available at noon, agreeing to collaborate in the afternoon. They share coffee due to a discount and discuss hanging out later, while Dean addresses computer issues and food preferences. Bella directs a robot to manage office tasks, including placing coffees, disposing trash, replenishing A4 paper, and printing the monthly financial report.
[18] Bella: Yesterday the boss told me to quickly write an accurate analysis on the intelligent navigation today.
[18] Ash: Today?
[18] Bella: Uh.
[18] Ash: The data won't be available until noon.
[18] Ash: Uh so I can write the accuracy analysis in the afternoon I think.
[18] Bella: Oh it's fine the three of us can work together in afternoon it's okay.
[19] Bella: Okay.
[19] Ash: Yeah that would be great.
[20] character_1: Morning guys.
[20] Ash: Morning.
[20] Bella: Hello.
[20] Ash: Why did you buy three cups of coffee?
[20] Bella: We are too earlier.

Conversation 9: Bella notes it’s Friday and suggests resting early. Dean agrees but proposes working diligently to finish their project ahead of schedule so they can go out for a massage sooner. They align on completing the project early and treating themselves afterward.
[91] Dean: Then we'll work seriously on the project and finish it early.
[91] Dean: So we can go out for later massage sooner.
[91] Bella: Good.

[Step 2] Evaluating semantic answer...
Action: [Answer]
Content: Bella likes Anna better.
FINAL ANSWER (from graph):
Bella likes Anna better.
✓ Updated results.json for office_06 (12 questions)
✓ Cleaned up video and frames for office_06

============================================================
Processing video: living_room_06
============================================================
Downloading 1 video(s) to data/videos...

Downloading living_room_06.mp4...
✓ Successfully downloaded living_room_06.mp4 to data/videos/living_room_06.mp4

============================================================
Download Summary:
  Successful: 1/1
============================================================

============================================================
[1/1] Processing: living_room_06
============================================================
Video: data/videos/living_room_06.mp4
Subtitles: data/subtitles/robot/living_room_06.srt
Output: data/frames/living_room_06
============================================================

Parsing subtitle file: data/subtitles/robot/living_room_06.srt
Found 308 subtitle entries
Video: 1280x720, 30.00 FPS, 29102 frames, 970.07s duration

Extracting frames with subtitles...
Grouping frames into folders of 30 frames each
  Saved 10 frames (up to 9s, folder 1)
  Saved 20 frames (up to 19s, folder 1)
  Saved 30 frames (up to 29s, folder 1)
  Saved 40 frames (up to 39s, folder 2)
  Saved 50 frames (up to 49s, folder 2)
  Saved 60 frames (up to 59s, folder 2)
  Saved 70 frames (up to 69s, folder 3)
  Saved 80 frames (up to 79s, folder 3)
  Saved 90 frames (up to 89s, folder 3)
  Saved 100 frames (up to 99s, folder 4)
  Saved 110 frames (up to 109s, folder 4)
  Saved 120 frames (up to 119s, folder 4)
  Saved 130 frames (up to 129s, folder 5)
  Saved 140 frames (up to 139s, folder 5)
  Saved 150 frames (up to 149s, folder 5)
  Saved 160 frames (up to 159s, folder 6)
  Saved 170 frames (up to 169s, folder 6)
  Saved 180 frames (up to 179s, folder 6)
  Saved 190 frames (up to 189s, folder 7)
  Saved 200 frames (up to 199s, folder 7)
  Saved 210 frames (up to 209s, folder 7)
  Saved 220 frames (up to 219s, folder 8)
  Saved 230 frames (up to 229s, folder 8)
  Saved 240 frames (up to 239s, folder 8)
  Saved 250 frames (up to 249s, folder 9)
  Saved 260 frames (up to 259s, folder 9)
  Saved 270 frames (up to 269s, folder 9)
  Saved 280 frames (up to 279s, folder 10)
  Saved 290 frames (up to 289s, folder 10)
  Saved 300 frames (up to 299s, folder 10)
  Saved 310 frames (up to 309s, folder 11)
  Saved 320 frames (up to 319s, folder 11)
  Saved 330 frames (up to 329s, folder 11)
  Saved 340 frames (up to 339s, folder 12)
  Saved 350 frames (up to 349s, folder 12)
  Saved 360 frames (up to 359s, folder 12)
  Saved 370 frames (up to 369s, folder 13)
  Saved 380 frames (up to 379s, folder 13)
  Saved 390 frames (up to 389s, folder 13)
  Saved 400 frames (up to 399s, folder 14)
  Saved 410 frames (up to 409s, folder 14)
  Saved 420 frames (up to 419s, folder 14)
  Saved 430 frames (up to 429s, folder 15)
  Saved 440 frames (up to 439s, folder 15)
  Saved 450 frames (up to 449s, folder 15)
  Saved 460 frames (up to 459s, folder 16)
  Saved 470 frames (up to 469s, folder 16)
  Saved 480 frames (up to 479s, folder 16)
  Saved 490 frames (up to 489s, folder 17)
  Saved 500 frames (up to 499s, folder 17)
  Saved 510 frames (up to 509s, folder 17)
  Saved 520 frames (up to 519s, folder 18)
  Saved 530 frames (up to 529s, folder 18)
  Saved 540 frames (up to 539s, folder 18)
  Saved 550 frames (up to 549s, folder 19)
  Saved 560 frames (up to 559s, folder 19)
  Saved 570 frames (up to 569s, folder 19)
  Saved 580 frames (up to 579s, folder 20)
  Saved 590 frames (up to 589s, folder 20)
  Saved 600 frames (up to 599s, folder 20)
  Saved 610 frames (up to 609s, folder 21)
  Saved 620 frames (up to 619s, folder 21)
  Saved 630 frames (up to 629s, folder 21)
  Saved 640 frames (up to 639s, folder 22)
  Saved 650 frames (up to 649s, folder 22)
  Saved 660 frames (up to 659s, folder 22)
  Saved 670 frames (up to 669s, folder 23)
  Saved 680 frames (up to 679s, folder 23)
  Saved 690 frames (up to 689s, folder 23)
  Saved 700 frames (up to 699s, folder 24)
  Saved 710 frames (up to 709s, folder 24)
  Saved 720 frames (up to 719s, folder 24)
  Saved 730 frames (up to 729s, folder 25)
  Saved 740 frames (up to 739s, folder 25)
  Saved 750 frames (up to 749s, folder 25)
  Saved 760 frames (up to 759s, folder 26)
  Saved 770 frames (up to 769s, folder 26)
  Saved 780 frames (up to 779s, folder 26)
  Saved 790 frames (up to 789s, folder 27)
  Saved 800 frames (up to 799s, folder 27)
  Saved 810 frames (up to 809s, folder 27)
  Saved 820 frames (up to 819s, folder 28)
  Saved 830 frames (up to 829s, folder 28)
  Saved 840 frames (up to 839s, folder 28)
  Saved 850 frames (up to 849s, folder 29)
  Saved 860 frames (up to 859s, folder 29)
  Saved 870 frames (up to 869s, folder 29)
  Saved 880 frames (up to 879s, folder 30)
  Saved 890 frames (up to 889s, folder 30)
  Saved 900 frames (up to 899s, folder 30)
  Saved 910 frames (up to 909s, folder 31)
  Saved 920 frames (up to 919s, folder 31)
  Saved 930 frames (up to 929s, folder 31)
  Saved 940 frames (up to 939s, folder 32)
  Saved 950 frames (up to 949s, folder 32)
  Saved 960 frames (up to 959s, folder 32)
  Saved 970 frames (up to 969s, folder 33)

✓ Extracted 971 frames to data/frames/living_room_06

✓ Successfully processed living_room_06: 971 frames saved
--------------------------------
Processing folder:  data/frames/living_room_06/1
Inserted 20 triples into graph for clip 1
--------------------------------
Processing folder:  data/frames/living_room_06/2
Inserted 30 triples into graph for clip 2
--------------------------------
Processing folder:  data/frames/living_room_06/3
Inserted 22 triples into graph for clip 3
--------------------------------
Processing folder:  data/frames/living_room_06/4
Inserted 15 triples into graph for clip 4
--------------------------------
Processing folder:  data/frames/living_room_06/5
Inserted 29 triples into graph for clip 5
--------------------------------
Processing folder:  data/frames/living_room_06/6
Inserted 26 triples into graph for clip 6
--------------------------------
Processing folder:  data/frames/living_room_06/7
Inserted 32 triples into graph for clip 7
--------------------------------
Processing folder:  data/frames/living_room_06/8
Inserted 25 triples into graph for clip 8
--------------------------------
Processing folder:  data/frames/living_room_06/9
Inserted 31 triples into graph for clip 9
--------------------------------
Processing folder:  data/frames/living_room_06/10
Inserted 43 triples into graph for clip 10
--------------------------------
Processing folder:  data/frames/living_room_06/11
Inserted 19 triples into graph for clip 11
--------------------------------
Processing folder:  data/frames/living_room_06/12
Inserted 30 triples into graph for clip 12
--------------------------------
Processing folder:  data/frames/living_room_06/13
Inserted 16 triples into graph for clip 13
--------------------------------
Processing folder:  data/frames/living_room_06/14
Inserted 41 triples into graph for clip 14
--------------------------------
Processing folder:  data/frames/living_room_06/15
Inserted 30 triples into graph for clip 15
--------------------------------
Processing folder:  data/frames/living_room_06/16
Inserted 26 triples into graph for clip 16
--------------------------------
Processing folder:  data/frames/living_room_06/17
Inserted 18 triples into graph for clip 17
--------------------------------
Processing folder:  data/frames/living_room_06/18
Inserted 48 triples into graph for clip 18
--------------------------------
Processing folder:  data/frames/living_room_06/19
Inserted 29 triples into graph for clip 19
--------------------------------
Processing folder:  data/frames/living_room_06/20
Inserted 18 triples into graph for clip 20
--------------------------------
Processing folder:  data/frames/living_room_06/21
Inserted 15 triples into graph for clip 21
--------------------------------
Processing folder:  data/frames/living_room_06/22
Inserted 38 triples into graph for clip 22
--------------------------------
Processing folder:  data/frames/living_room_06/23
Inserted 32 triples into graph for clip 23
--------------------------------
Processing folder:  data/frames/living_room_06/24
Inserted 26 triples into graph for clip 24
--------------------------------
Processing folder:  data/frames/living_room_06/25
Inserted 29 triples into graph for clip 25
--------------------------------
Processing folder:  data/frames/living_room_06/26
Inserted 29 triples into graph for clip 26
--------------------------------
Processing folder:  data/frames/living_room_06/27
Inserted 37 triples into graph for clip 27
--------------------------------
Processing folder:  data/frames/living_room_06/28
Inserted 35 triples into graph for clip 28
--------------------------------
Processing folder:  data/frames/living_room_06/29
Inserted 61 triples into graph for clip 29
--------------------------------
Processing folder:  data/frames/living_room_06/30
Inserted 41 triples into graph for clip 30
--------------------------------
Processing folder:  data/frames/living_room_06/31
Inserted 29 triples into graph for clip 31
--------------------------------
Processing folder:  data/frames/living_room_06/32
Inserted 19 triples into graph for clip 32
--------------------------------
Processing folder:  data/frames/living_room_06/33
Extracting summary for completed conversation 1...
✓ Conversation summary extracted. Attributes: 13, Relationships: 7
Inserted 0 triples into graph for clip 33
Inserting character appearances for 7 characters...
Warning: Character '<character_2>' not found in graph, skipping appearance
Warning: Character '<<character_1>:male, large build, short hair, black T-shirt, dark pants, lying on beige sectional sofa, orange pillow>' not found in graph, skipping appearance
✓ Character appearances inserted: 32 appearance edges created
327 node embeddings inserted (5 characters, 322 objects)
964 edge embeddings inserted
Generating character attributes...
Number of edges:  964
Character attributes generated.
Number of edges:  1002
Character relationships generated.
Number of edges:  1033
✓ Graph memory built for living_room_06
Question: What are the drinks for the three people?

[Step 1] Searching the graph...
Parse Query Output:
{
  "query_triple": ["<people#group:three>", "has drinks", "?", 0.8, 0.25, 0.2],
  "spatial_constraint": null,
  "speaker_strict": null,
  "allocation": {
    "k_high_level": 5,
    "k_low_level": 38,
    "k_conversations": 7,
    "total_k": 50,
    "reasoning": "Action/state query about items associated with a group; prioritize low-level edges to find which drinks each of the three people has or is served, with a small amount of high-level for identities and minimal conversations."
  }
}

Graph Search Results:
**High-Level Information (Character Attributes and Relationships): **

Character Attributes:
- Jack is: dark pants (100), medium build (100)
- Lily is: white socks (100)
- Sophie is: white socks (100)
- character_1 is: dark pants (100)

**Low-Level Information (Actions and Events): **

[2] everyone seems low on energy. (living room and kitchen)
[5] robot takes out third glass cup. (kitchen)
[5] robot lines up third glass cup. (kitchen)
[5] third glass cup is on counter. (kitchen)
[6] robot pours into second glass. (kitchen and living room)
[6] robot pours into third glass. (kitchen and living room)
[6] third glass contains drink. (kitchen and living room)
[9] Lily faces others. (living room)
[9] Sophie speaks about meeting. (living room)
[9] Jack confirms meeting. (living room)
[10] Lily speaks toward others. (living room)
[10] Sophie invites everyone. (living room)
[11] Jack drinks from <Jack>'s glass. (kitchen dining area)
[11] Sophie gestures with hand group. (kitchen dining area)
[11] Sophie talks to group. (kitchen dining area)
[16] Lily gestures while speaking to group. (kitchen)
[19] robot lifts bunch of grape. (kitchen)
[19] robot transfers onto grape bunch. (kitchen)
[19] grape bunch is on large white plate. (kitchen)
[20] robot places bunch of grape. (kitchen)
[20] bunch of grape is under running faucet. (kitchen)
[20] robot talks with other. (kitchen)
[21] mango slice is around bunch of grape. (kitchen counter)
[21] bunch of grape is on plate. (kitchen counter)
[22] fruit is for group. (kitchen)
[22] Sophie asks other. (kitchen)
[23] Sophie talks toward group. (kitchen dining area)
[23] Sophie reminds others. (kitchen dining area)
[24] Jack speaks toward the others. (kitchen)
[25] Sophie invites someone. (kitchen counter)
[27] Lily offers toward others. (kitchen and hallway)
[28] Lily tells everyone. (living room)
[28] everyone takes deep breath. (living room)
[28] Jack reminds others. (living room)
[28] others do not forget umbrella. (living room)
[30] Jack urges others. (living room and kitchen)
[30] Jack calls out to girls. (living room and kitchen)
[30] Jack reminds girls. (living room and kitchen)

**Conversations: **

Conversation 1: Sophie, Lily, and Jack chat about breakfast, drinks, and fruit preferences, with the robot assisting by preparing food and cleaning. Lily advocates yoga for relaxation and health, and offers to guide Sophie, while Jack prefers sleep; they tentatively plan to try yoga. Jack’s client meeting is postponed, and he reminds them about umbrellas and arranging dinner (Sophie wants beef, Lily wants broccoli). Fruit selection is adjusted due to Jack’s mango allergy, opting for apples or pomegranate.
[1] Sophie: Hey robot!
[1] Sophie: What drinks are available?
[1] Sophie: Emm......
[1] Sophie: Coffee milk orange juice...... What do you want to drink Lily?
[2] Sophie: Coffee milk orange juice... What do you want to drink Lily?
[2] Lily: Uhh everyone seems low on energy.
[2] Lily: Something refreshing.
[2] Sophie: Okay take the bread to the kitchen and
[2] Sophie: heating and preparing our foods please.
[6] Sophie: We can have a hot and warm breakfast? after a while......
[6] Sophie: Yeah......
[6] Sophie: What kind of drinks do you like?
[6] Sophie: Oh do you like coffee?
[6] Lily: Yeah why not?
[6] Lily: Every morning we should drink coffee.
[6] Sophie: Coffee yeah......
[6] Lily: What about you? Do you like it?
[6] Sophie: A bit. I like orange juice or other milk and more.
[7] Lily: Do you like milk?
[7] Sophie: Yes and I can add some strawberry juice in it.
[7] Sophie: I think it's very delicious I'm yum yeah...
[8] Lily: Jack just wakes up from there.

[Step 2] Evaluating semantic answer...
Action: [Answer]
Content: Lily prefers coffee, Sophie prefers orange juice or milk (often with strawberry), and Jack’s specific drink isn’t stated.
FINAL ANSWER (from graph):
Lily prefers coffee, Sophie prefers orange juice or milk (often with strawberry), and Jack’s specific drink isn’t stated.
Question: What is Lily's job?

[Step 1] Searching the graph...
Parse Query Output:
{
  "query_triple": ["<Lily>", "job", null, 0.95, 0.25, 0.1],
  "spatial_constraint": null,
  "speaker_strict": null,
  "allocation": {
    "k_high_level": 9,
    "k_low_level": 6,
    "k_conversations": 35,
    "total_k": 50,
    "reasoning": "Occupation is a high-level attribute; use high-level edges for traits/roles and conversations for explicit mentions like 'I work as...'. Low-level edges minimally for actions that imply job."
  }
}

Graph Search Results:
**High-Level Information (Character Attributes and Relationships): **

Character Attributes:
- Lily is: female (100), black coat (100), white socks (100), slim build (100), peach cropped sweatshirt with white print (100), straight long hair (100), gray leggings (100), white slip-on sandals (100), advocates yoga and wellness (95)

**Low-Level Information (Actions and Events): **

[2] Sophie asks Lily. (living room and kitchen)
[5] Lily asks. (kitchen)
[7] Lily asks question. (kitchen and living room)
[12] Lily asks Sophie. (kitchen)
[15] Sophie asks Lily. (kitchen dining area)
[17] Lily questions Sophie. (kitchen)

**Conversations: **

Conversation 1: Sophie, Lily, and Jack chat about breakfast, drinks, and fruit preferences, with the robot assisting by preparing food and cleaning. Lily advocates yoga for relaxation and health, and offers to guide Sophie, while Jack prefers sleep; they tentatively plan to try yoga. Jack’s client meeting is postponed, and he reminds them about umbrellas and arranging dinner (Sophie wants beef, Lily wants broccoli). Fruit selection is adjusted due to Jack’s mango allergy, opting for apples or pomegranate.
[2] Sophie: Coffee milk orange juice... What do you want to drink Lily?
[2] Lily: Uhh everyone seems low on energy.
[2] Lily: Something refreshing.
[2] Sophie: Okay take the bread to the kitchen and
[2] Sophie: heating and preparing our foods please.
[3] Lily: And your mind ......
[3] Sophie: So how long have you doing yoga?
[3] Lily: It's about some years.
[3] Lily: But I do not know......
[4] Lily: What kinds of sports do you like? how about you?
[4] Sophie: I like swimming I think it really help me.
[4] Sophie: Have you ever tried swimming?
[4] Lily: Yay! always.......
[5] Sophie: Freedom yeah!
[5] Sophie: But I think it's very hard......
[5] Lily: Where have you been?
[5] Sophie: Emm I just go to school......
[5] Lily: uh What did you do?
[5] Sophie: Emm I buy some bread for our breakfast.
[5] Lily: Is it hot ?
[6] Sophie: We can have a hot and warm breakfast? after a while......
[6] Sophie: Yeah......
[6] Sophie: What kind of drinks do you like?
[6] Sophie: Oh do you like coffee?
[6] Lily: Yeah why not?
[6] Lily: Every morning we should drink coffee.
[6] Sophie: Coffee yeah......
[6] Lily: What about you? Do you like it?
[6] Sophie: A bit. I like orange juice or other milk and more.
[7] Lily: Do you like milk?
[7] Sophie: Yes and I can add some strawberry juice in it.
[7] Sophie: I think it's very delicious I'm yum yeah...
[9] Sophie: Haha......
[9] Sophie: Lily: Jack is always so careless!
[9] Sophie: Lily: Yeah.
[9] Jack: Oh!
[9] Jack: The meeting had postponed for one hour yeah......
[10] Sophie: Let's have a breakfast!
[11] Jack: Wow I got my energy back!
[11] Lily: Ha ha that's nice!
[11] Sophie: That's nice but I think you have...
[11] Sophie: So much flexible time for sleep sometimes...
[12] Sophie: Could you please bring us some chocolate sauce from the kitchen?
[12] Sophie: Oh!
[13] Lily: How's your life been these days?
[13] Sophie: Yeah I think... My work is very hard.
[13] Sophie: How about your work schedule today?
[13] Lily: Emm I should to I attend to an event and a marketing event.
[13] Lily: And after that we should go to company, uh to be prepared.
[13] Sophie: Is it so tired?
[14] Sophie: That is the chocolate jams!
[14] Lily: I have too many activities.
[14] Lily: To make social activity event after event.
[14] Lily: The meeting after meeting.
[14] Lily: I should go to company I should go to my office.
[14] Lily: And recently I just moved to a new office.
[14] Lily: So I'm so tired.
[14] Sophie: Oh I'm under a lot of pressure too now.
[15] Sophie: How are things treating you recently hmm
[15] Lily: I told you I'm so busy these days with my life.
[15] Lily: ... you know?
[15] Jack: I'm glad my job is online now and it's a lot easier.
[15] Sophie: Oh easier. Do you like sleeping yeah?
[15] Jack: Sleeping is way better than yoga!
[15] Sophie: No I do not have so much time as you have to sleep yeah.
[16] Lily: Do you finish it?
[16] Sophie: Emm yeah I just finished it.
[16] Jack: Maybe we should
[16] Sophie: Could you please tell me something just about yoga?
[16] Lily: First we need to try it!
[16] Lily: Yeah robot?
[16] Lily: Please clean the table and prepare for us some fruits!
[16] Sophie: Okay thank you robot!
[17] Lily: What did you do today Sophia?
[17] Sophie: Just working and studying......
[17] Lily: You told me you have a client today right.
[17] Sophie: Client yeah.
[17] Lily: And also Jack has a client ......
[17] Lily: So you have more time to be
[17] Lily: sleep again?
[17] Sophie: Wow sleep again.
[18] Sophie: Why he so likes asleep?
[18] Lily: Yes I have because
[18] Lily: I don't have enough time to sleep.
[18] Lily: so I...
[18] Lily: I need my body get to relax.
[18] Lily: It is the best way to relax in your body.
[20] Jack: Help you exercise...
[20] Lily: And if you do it on purpose maybe you can also do.
[20] Lily: Losing weight.
[20] Lily: Haha something like an aerobics.
[20] Sophie: Aerobics is what?
[20] Lily: Yeah...
[20] Sophie: Aerobic is what?
[20] Lily: Exercises such as...
[20] Jack: Like when jumping and gymnastics.
[20] Sophie: Oh...
[21] Lily: that's uh that's a......
[21] Lily: That's sports that makes you to breathe harder.
[21] Sophie: Oh breathe harder?
[22] Sophie: Fruits... but we should wait a minute for our robot over there.
[22] Sophie: He is preparing the fruit for us.
[22] Lily: Yeah.
[22] Sophie: Just eat these bread.
[22] Sophie: And wait for our fruits wait for our fruits...
[23] Jack: How about please change the mango to apple or pomegranate?
[24] Sophie: But I can try it yeah.
[24] Lily: What are you doing?
[24] Jack: Yeah I like the mangoes and that is yummy.
[24] Lily: What happened yeah, for you if you eat a mango?
[26] Sophie: What can that food did?
[26] Lily: When she eats watermelon her lips gonna be like this oh...
[26] Lily: Doing some
[26] Lily: it's mainly water so I don't know ...
[26] Lily: I don't know why.
[28] Lily: Your brain also you just be relax.
[28] Lily: Yes too much benefits of yoga.
[28] Lily: Well breathing and......
[28] Lily: Take a deep breath......
[28] Sophie: Yeah.
[29] Jack: I will tell the robot.
[29] Sophie: Okay what time is it now?
[29] Lily: Oh what time is it?
[29] Sophie: Oh my God 11!
[29] Lily: I...
[29] Lily: Badly late...
[30] Jack: Hurry up! oh!

[Step 2] Evaluating semantic answer...
Action: [Search]
Content: [13, 14, 15, 29]
Summary: The conversation mentions Lily attending a marketing event and going to her company/office, recently moving to a new office, and being very busy, but it does not explicitly state her job title or role. Further video review around clips 13-15 and 29 may reveal her specific occupation.

[Step 3] Watching video clips: [13, 14, 15, 29]

   Processing clip 13 (1/4)...
Question: Is Lily tired of life lately?

[Step 1] Searching the graph...
Parse Query Output:
{
  "query_triple": ["<Lily>", "tired of life", null, 0.95, 0.3, 0.1],
  "spatial_constraint": null,
  "speaker_strict": null,
  "allocation": {
    "k_high_level": 8,
    "k_low_level": 10,
    "k_conversations": 32,
    "total_k": 50,
    "reasoning": "Trait/mental state query about Lily. Use high-level edges for character attributes, and prioritize conversations to capture expressions of feeling 'tired of life' lately. Include some low-level edges to check recent behaviors indicating fatigue or resignation."
  }
}

Graph Search Results:
**High-Level Information (Character Attributes and Relationships): **

Character Attributes:
- Lily is: female (100), straight long hair (100), black coat (100), gray leggings (100), peach cropped sweatshirt with white print (100), white socks (100), white slip-on sandals (100), slim build (100)

**Low-Level Information (Actions and Events): **

[2] Lily wants drink. (living room and kitchen)
[2] Lily wants something refreshing. (living room and kitchen)
[8] Lily continues exercising. (kitchen and living room)
[10] Lily stands up. (living room)
[14] Lily has too many activities. (kitchen dining area)
[14] Lily is very tired. (kitchen dining area)
[14] Lily does not have enough time to sleep. (kitchen dining area)
[25] Lily jokes about becoming big mango. (kitchen counter)
[29] Lily tilts torso. (living room)
[29] Lily looks down at Lily's tablet. (living room)

**Conversations: **

Conversation 1: Sophie, Lily, and Jack chat about breakfast, drinks, and fruit preferences, with the robot assisting by preparing food and cleaning. Lily advocates yoga for relaxation and health, and offers to guide Sophie, while Jack prefers sleep; they tentatively plan to try yoga. Jack’s client meeting is postponed, and he reminds them about umbrellas and arranging dinner (Sophie wants beef, Lily wants broccoli). Fruit selection is adjusted due to Jack’s mango allergy, opting for apples or pomegranate.
[1] Sophie: Coffee milk orange juice...... What do you want to drink Lily?
[2] Sophie: Coffee milk orange juice... What do you want to drink Lily?
[2] Lily: Uhh everyone seems low on energy.
[2] Lily: Something refreshing.
[2] Sophie: Okay take the bread to the kitchen and
[2] Sophie: heating and preparing our foods please.
[3] Lily: And your mind ......
[3] Sophie: So how long have you doing yoga?
[3] Lily: It's about some years.
[3] Lily: But I do not know......
[4] Lily: What kinds of sports do you like? how about you?
[5] Sophie: Freedom yeah!
[5] Sophie: But I think it's very hard......
[5] Lily: Where have you been?
[5] Sophie: Emm I just go to school......
[5] Lily: uh What did you do?
[5] Sophie: Emm I buy some bread for our breakfast.
[5] Lily: Is it hot ?
[6] Sophie: We can have a hot and warm breakfast? after a while......
[6] Sophie: Yeah......
[6] Sophie: What kind of drinks do you like?
[6] Sophie: Oh do you like coffee?
[6] Lily: Yeah why not?
[6] Lily: Every morning we should drink coffee.
[6] Sophie: Coffee yeah......
[6] Lily: What about you? Do you like it?
[6] Sophie: A bit. I like orange juice or other milk and more.
[7] Lily: Do you like milk?
[11] Sophie: So much flexible time for sleep sometimes...
[11] Sophie: Yeah but Lily have a more healthier body right?
[11] Lily: That's why I'm tired.
[11] Lily: So I'm not like Jack
[12] Lily: I like to go to sleep.
[12] Lily: So early and wake up early in the morning.
[12] Lily: Whoa yeah he wake he sleep too much.
[12] Sophie: Yeah how some chocolate jams please
[12] Sophie: I think it's more delicious if you have some.
[12] Sophie: Could you please bring us some chocolate sauce from the kitchen?
[12] Sophie: Oh!
[13] Lily: How's your life been these days?
[13] Sophie: Yeah I think... My work is very hard.
[13] Sophie: How about your work schedule today?
[13] Lily: Emm I should to I attend to an event and a marketing event.
[13] Lily: And after that we should go to company, uh to be prepared.
[13] Sophie: Is it so tired?
[13] Lily: Yeah I'm really tired! I'm really tired recently my life was so busy.
[13] Sophie: I'm really tired too, oh yeah.
[14] Sophie: I'm really tired too oh yeah.
[14] Sophie: That is the chocolate jams!
[14] Lily: I have too many activities.
[14] Lily: To make social activity event after event.
[14] Lily: The meeting after meeting.
[14] Lily: I should go to company I should go to my office.
[14] Lily: And recently I just moved to a new office.
[14] Lily: So I'm so tired.
[14] Sophie: Oh I'm under a lot of pressure too now.
[14] Sophie: I have to independently accomplish a project by myself, only by myself!
[14] Lily: Yeah it's too much.
[14] Lily: You know I don't have too much time to sleep enough.
[15] Lily: So I just doing yoga for relaxing my body.
[15] Sophie: Yoga wow!
[15] Sophie: How are things treating you recently hmm
[15] Lily: I told you I'm so busy these days with my life.
[15] Lily: ... you know?
[15] Jack: I'm glad my job is online now and it's a lot easier.
[15] Jack: Sleeping is way better than yoga!
[15] Sophie: No I do not have so much time as you have to sleep yeah.
[16] Lily: Do you finish it?
[16] Sophie: Emm yeah I just finished it.
[16] Jack: Maybe we should
[17] Lily: And also Jack has a client ......
[17] Lily: So you have more time to be
[17] Lily: sleep again?
[17] Sophie: Wow sleep again.
[18] Sophie: Why he so likes asleep?
[18] Lily: Because he thinks...
[18] Lily: Sleeping is better than Yoga.
[18] Jack: Yeah sleeping is better than Yoga.
[18] Lily: You should try it!
[18] Lily: I'm doing it about 2 years.
[18] Lily: Yes I have because
[18] Lily: I don't have enough time to sleep.
[18] Lily: so I...
[18] Lily: I need my body get to relax.
[20] Jack: Help you exercise...
[20] Lily: And if you do it on purpose maybe you can also do.
[20] Lily: Losing weight.
[20] Lily: Haha something like an aerobics.
[20] Sophie: Aerobics is what?
[20] Lily: Yeah...
[20] Sophie: Aerobic is what?
[20] Lily: Exercises such as...
[22] Sophie: Fruits... but we should wait a minute for our robot over there.
[22] Sophie: He is preparing the fruit for us.
[22] Lily: Yeah.
[22] Sophie: Just eat these bread.
[22] Sophie: And wait for our fruits wait for our fruits...
[23] Jack: How about please change the mango to apple or pomegranate?
[24] Sophie: But I can try it yeah.
[24] Lily: What are you doing?
[24] Jack: Yeah I like the mangoes and that is yummy.
[24] Lily: What happened yeah, for you if you eat a mango?
[26] Sophie: What can that food did?
[26] Lily: When she eats watermelon her lips gonna be like this oh...
[26] Lily: Doing some
[26] Lily: it's mainly water so I don't know ...
[26] Lily: I don't know why.
[29] Jack: I will tell the robot.
[29] Sophie: Okay what time is it now?
[29] Lily: Oh what time is it?
[29] Sophie: Oh my God 11!
[29] Lily: I...
[29] Lily: Badly late...
[30] Jack: Hurry up! oh!
[30] Sophie: Yeah quickly......
[30] Jack: Girls quickly quickly go go go.
[30] Jack: Don't be late for work.
[30] Lily: Oh it's so late.
[30] Jack: Oh my God your umbrellas! robots
[30] Jack: Can you get their umbrellas?

[Step 2] Evaluating semantic answer...
Action: [Answer]
Content: Yes, Lily says she’s been very busy and is really tired lately.
FINAL ANSWER (from graph):
Yes, Lily says she’s been very busy and is really tired lately.
Question: What fruits does Lily like to eat?

[Step 1] Searching the graph...
Parse Query Output:
{
  "query_triple": ["<Lily>", "likes to eat", "fruits", 0.95, 0.35, 0.6],
  "spatial_constraint": null,
  "speaker_strict": null,
  "allocation": {
    "k_high_level": 6,
    "k_low_level": 34,
    "k_conversations": 10,
    "total_k": 50,
    "reasoning": "Preference/action query focusing on what Lily eats; use low-level edges to capture specific eating/liking actions with fruit objects, some high-level for traits/preferences, and a small portion of conversations for verbal statements of likes."
  }
}

Graph Search Results:
**High-Level Information (Character Attributes and Relationships): **

Character Attributes:
- Lily is: female (100), white socks (100), slim build (100)

Character Relationships:
- Lily relies on robot (85)
- Sophie friends with Lily (85)
- Sophie is friends with Lily (95)

**Low-Level Information (Actions and Events): **

[1] Lily sits cross-legged mat. (living room)
[2] Lily wants drink. (living room and kitchen)
[2] Lily wants something refreshing. (living room and kitchen)
[7] Lily sits cross-legged yoga mat. (kitchen and living room)
[9] Lily sits cross-legged yoga mat. (living room)
[9] Lily faces others. (living room)
[9] Lily sits mat. (living room)
[10] Lily sits cross-legged yoga mat. (living room)
[10] Lily speaks toward others. (living room)
[11] Lily eats from <Lily>'s plate. (kitchen dining area)
[12] Lily sits at dining table. (kitchen)
[12] Lily asks if likes chocolate. (kitchen)
[13] Lily spreads something on bread. (kitchen dining area)
[17] Lily teases about sleeping. (kitchen)
[23] Lily sits at table. (kitchen dining area)
[23] Lily wears peach sweatshirt. (kitchen dining area)
[23] Lily picks up knife. (kitchen dining area)
[23] Lily spreads on bread. (kitchen dining area)
[23] Lily lifts toward mouth mango slice. (kitchen dining area)
[24] Lily holds bread. (kitchen)
[24] Lily sits at table. (kitchen)
[24] Lily is in kitchen. (kitchen)
[25] Lily jokes about becoming big mango. (kitchen counter)
[25] Lily asks other allergen. (kitchen counter)
[27] Lily sits at dining table. (kitchen and hallway)
[27] Lily holds fork. (kitchen and hallway)
[27] Lily holds fruit. (kitchen and hallway)
[27] Lily offers toward others. (kitchen and hallway)
[27] Lily agrees to try yoga. (kitchen and hallway)
[28] Lily walks to plant. (living room)
[28] Lily talks about breathing. (living room)
[28] Lily tells everyone. (living room)
[30] Lily moves toward dining table. (living room and kitchen)
[31] Lily accepts long wrapped umbrella. (living room and dining area)

**Conversations: **

Conversation 1: Sophie, Lily, and Jack chat about breakfast, drinks, and fruit preferences, with the robot assisting by preparing food and cleaning. Lily advocates yoga for relaxation and health, and offers to guide Sophie, while Jack prefers sleep; they tentatively plan to try yoga. Jack’s client meeting is postponed, and he reminds them about umbrellas and arranging dinner (Sophie wants beef, Lily wants broccoli). Fruit selection is adjusted due to Jack’s mango allergy, opting for apples or pomegranate.
[6] Lily: What about you? Do you like it?
[6] Sophie: A bit. I like orange juice or other milk and more.
[7] Lily: Do you like milk?
[7] Sophie: Yes and I can add some strawberry juice in it.
[7] Sophie: I think it's very delicious I'm yum yeah...
[12] Sophie: I think it's more delicious if you have some.
[12] Sophie: Chocolate jams
[12] Lily: Yeah I like do you like chocolate.
[12] Sophie: Yeah I like chocolate.
[12] Sophie: Could you please bring us some chocolate sauce from the kitchen?
[16] Lily: First we need to try it!
[16] Lily: Yeah robot?
[16] Lily: Please clean the table and prepare for us some fruits!
[16] Sophie: Okay thank you robot!
[17] Lily: What did you do today Sophia?
[21] Sophie: This is very delicious do you think it?
[21] Lily: Yeah the chocolate sauce I will like it.
[21] Lily: And also we should eat some fruits.
[21] Sophie: Fruits ......but we should wait a minute for our robot over there.
[22] Sophie: Fruits... but we should wait a minute for our robot over there.
[22] Sophie: Just eat these bread.
[22] Sophie: And wait for our fruits wait for our fruits...
[22] Sophie: What kind of fruits do you like?
[22] Jack: For me?
[22] Jack: I like more fruits...
[22] Sophie: So... Thinking about what robots will prepare the fruit for us?
[23] Sophie: Thinking about what robots will prepare the fruit for us?
[23] Sophie: Lily: Mango! We love it! And grapes.
[23] Jack: Mango oh! My goodness!
[23] Jack: I forgot I cannot have mango.
[24] Lily: What are you doing?
[24] Jack: Yeah I like the mangoes and that is yummy.
[24] Lily: What happened yeah, for you if you eat a mango?
[24] Jack: Oh no.
[24] Jack: Some red allergic rash.
[26] Lily: So I have a friend also allergic to watermelon.
[26] Sophie: Emm yeah.
[26] Lily: Eating watermelon.
[26] Jack: Watermelon really yeah...
[26] Sophie: What can that food did?
[26] Lily: When she eats watermelon her lips gonna be like this oh...
[26] Lily: Doing some
[26] Lily: it's mainly water so I don't know ...
[26] Lily: Maybe because of the sugar or something...
[26] Sophie: Yes too much sugar wow.
[27] Lily: Oh have an apple.
[27] Sophie: The apple is right. Just take a bite!
[27] Sophie: Delicious right?

[Step 2] Evaluating semantic answer...
Action: [Answer]
Content: Lily likes mango and grapes.
FINAL ANSWER (from graph):
Lily likes mango and grapes.
Question: Is Sophie tired of life lately?

[Step 1] Searching the graph...
Parse Query Output:
{
  "query_triple": ["<Sophie>", "tired of life", null, 0.95, 0.25, 0.1],
  "spatial_constraint": null,
  "speaker_strict": null,
  "allocation": {
    "k_high_level": 9,
    "k_low_level": 8,
    "k_conversations": 33,
    "total_k": 50,
    "reasoning": "Assessing a character's current emotional state is best supported by high-level traits and recent dialogue; include some low-level edges for behavioral indicators."
  }
}

Graph Search Results:
**High-Level Information (Character Attributes and Relationships): **

Character Attributes:
- Sophie is: long dark hair (100), female (100), necklace (100), long black skirt (100), beige house slippers (100), dark brown blouse (100), white socks (100), medium to heavy build (100)

Character Relationships:
- Sophie is friends with Lily (95)

**Low-Level Information (Actions and Events): **

[14] Sophie is really tired. (kitchen dining area)
[14] Sophie is under a lot of pressure now. (kitchen dining area)
[16] Sophie takes a sip. (kitchen)
[17] Lily teases Sophie. (kitchen)
[27] Sophie stands up from Sophie’s chair. (kitchen and hallway)
[28] Sophie raises hands slowly. (living room)
[29] Sophie puts hands on head. (living room)
[31] Sophie turns away. (living room and dining area)

**Conversations: **

Conversation 1: Sophie, Lily, and Jack chat about breakfast, drinks, and fruit preferences, with the robot assisting by preparing food and cleaning. Lily advocates yoga for relaxation and health, and offers to guide Sophie, while Jack prefers sleep; they tentatively plan to try yoga. Jack’s client meeting is postponed, and he reminds them about umbrellas and arranging dinner (Sophie wants beef, Lily wants broccoli). Fruit selection is adjusted due to Jack’s mango allergy, opting for apples or pomegranate.
[4] Sophie: Have you ever tried swimming?
[4] Lily: Yay! always.......
[5] Sophie: Freedom yeah!
[5] Sophie: But I think it's very hard......
[5] Lily: Where have you been?
[5] Lily: Is it hot ?
[6] Sophie: We can have a hot and warm breakfast? after a while......
[6] Sophie: Yeah......
[6] Sophie: What kind of drinks do you like?
[6] Sophie: Oh do you like coffee?
[6] Lily: Yeah why not?
[6] Lily: Every morning we should drink coffee.
[6] Sophie: Coffee yeah......
[6] Lily: What about you? Do you like it?
[6] Sophie: A bit. I like orange juice or other milk and more.
[8] Lily: 10 minutes ago I came here.
[8] Lily: And find him sleeping on the sofa.
[8] Sophie: Did he stay up so late?
[8] Lily: Uh I don't know we should ask him.
[8] Sophie: Oh wake up Jack why are you sleeping now?
[9] Sophie: Don't forget you have a meeting with your client!
[9] Sophie: Oh my God at this 10:00......
[9] Sophie: Haha......
[9] Sophie: Lily: Jack is always so careless!
[9] Sophie: Lily: Yeah.
[11] Lily: Ha ha that's nice!
[11] Sophie: That's nice but I think you have...
[11] Sophie: So much flexible time for sleep sometimes...
[11] Sophie: Yeah but Lily have a more healthier body right?
[11] Lily: That's why I'm tired.
[12] Sophie: Yeah I like chocolate.
[12] Sophie: Could you please bring us some chocolate sauce from the kitchen?
[12] Sophie: Oh!
[13] Lily: How's your life been these days?
[13] Sophie: Yeah I think... My work is very hard.
[13] Sophie: How about your work schedule today?
[13] Lily: Emm I should to I attend to an event and a marketing event.
[13] Lily: And after that we should go to company, uh to be prepared.
[13] Sophie: Is it so tired?
[13] Lily: Yeah I'm really tired! I'm really tired recently my life was so busy.
[13] Sophie: I'm really tired too, oh yeah.
[14] Sophie: I'm really tired too oh yeah.
[14] Sophie: That is the chocolate jams!
[14] Lily: I have too many activities.
[14] Lily: And recently I just moved to a new office.
[14] Lily: So I'm so tired.
[14] Sophie: Oh I'm under a lot of pressure too now.
[14] Sophie: I have to independently accomplish a project by myself, only by myself!
[14] Lily: Yeah it's too much.
[15] Lily: So I just doing yoga for relaxing my body.
[15] Sophie: Yoga wow!
[15] Sophie: How are things treating you recently hmm
[15] Lily: I told you I'm so busy these days with my life.
[15] Lily: ... you know?
[15] Jack: I'm glad my job is online now and it's a lot easier.
[15] Sophie: Oh easier. Do you like sleeping yeah?
[15] Jack: Yeah I love sleeping...
[15] Lily: I cannot sleep enough so I have to do yoga.
[15] Sophie: Me too and I don't have so much time sleeping.
[15] Jack: Sleeping is way better than yoga!
[15] Sophie: No I do not have so much time as you have to sleep yeah.
[16] Lily: Do you finish it?
[16] Sophie: Emm yeah I just finished it.
[16] Sophie: Okay thank you robot!
[17] Lily: What did you do today Sophia?
[17] Sophie: Just working and studying......
[17] Lily: You told me you have a client today right.
[17] Sophie: Client yeah.
[17] Lily: So you have more time to be
[17] Lily: sleep again?
[17] Sophie: Wow sleep again.
[18] Sophie: Why he so likes asleep?
[18] Lily: Because he thinks...
[18] Lily: Sleeping is better than Yoga.
[19] Lily: Yoga can help you to have a good change.
[19] Jack: The weather is nice.
[20] Sophie: Oh.
[20] Jack: Like walking... running...
[20] Sophie: I'm always swimming. I like swimming yay!
[20] Lily: Exercises such as...
[20] Jack: Like when jumping and gymnastics.
[20] Sophie: Oh...
[21] Lily: that's uh that's a......
[21] Lily: That's sports that makes you to breathe harder.
[21] Sophie: Oh breathe harder?
[21] Lily: Exercise that makes you sweat.
[21] Sophie: So that means it can
[25] Sophie: Yeah but I like watermelon.
[26] Lily: So I have a friend also allergic to watermelon.
[26] Sophie: Emm yeah.
[26] Lily: Eating watermelon.
[26] Jack: Watermelon really yeah...
[27] Lily: Oh have an apple.
[27] Sophie: The apple is right. Just take a bite!
[27] Sophie: Delicious right?
[27] Jack: It is delicious thank you robots.
[27] Sophie: I think mango is more delicious.
[27] Lily: I would teach you some yoga?
[27] Lily: You can just try it!
[28] Sophie: It is difficult for me!
[28] Lily: No it's not difficult.
[28] Lily: You can relax your body and it's really good for......
[28] Lily: Well breathing and......
[28] Lily: Take a deep breath......
[28] Sophie: Yeah.
[28] Lily: It's easy......put your hands up
[28] Jack: It looks like it may be rainy.
[28] Jack: So don't forget your umbrellas today!
[29] Sophie: Rainy?
[29] Sophie: Lily: Wow thank you for reminding.
[29] Jack: Also I think we should have dinner tonight!
[29] Lily: Ah I like broccoli.
[29] Jack: I will tell the robot.
[29] Sophie: Okay what time is it now?
[29] Lily: Oh what time is it?
[29] Sophie: Oh my God 11!
[29] Lily: Badly late...
[30] Jack: Hurry up! oh!
[30] Sophie: Yeah quickly......
[30] Lily: Let's go get ready I should go to the park.
[30] Jack: Girls quickly quickly go go go.
[31] Sophie: Thank you robot!
[31] Lily: Thank you robot!
[31] Sophie: Bye bye
[31] Jack: Hey robots can you
[31] Jack: Bring the laptop over here and clean up the table.

[Step 2] Evaluating semantic answer...
Action: [Answer]
Content: Yes, Sophie says she’s really tired lately.
FINAL ANSWER (from graph):
Yes, Sophie says she’s really tired lately.
Question: Why does Lily like doing yoga?

[Step 1] Searching the graph...
Parse Query Output:
{
  "query_triple": ["<Lily>", "likes doing", "yoga", 0.95, 0.3, 0.8],
  "spatial_constraint": null,
  "speaker_strict": null,
  "allocation": {
    "k_high_level": 7,
    "k_low_level": 8,
    "k_conversations": 35,
    "total_k": 50,
    "reasoning": "Why query about preference/motivation—prioritize conversations for stated reasons; include some high-level traits/likes and a few low-level actions showing Lily practicing yoga."
  }
}

Graph Search Results:
**High-Level Information (Character Attributes and Relationships): **

Character Attributes:
- Lily is: white socks (100), gray leggings (100)

Character Relationships:
- Lily relies on robot (85)
- Sophie friends with Lily (85)
- Sophie is friends with Lily (95)
- robot is cooperative with Lily (85)
- Lily guides/mentors Sophie (80)

**Low-Level Information (Actions and Events): **

[2] Lily sits cross-legged on yoga mat. (living room and kitchen)
[7] Lily sits cross-legged yoga mat. (kitchen and living room)
[9] Lily sits cross-legged yoga mat. (living room)
[10] Lily sits cross-legged yoga mat. (living room)
[10] Lily asks to put yoga mat. (living room)
[15] Lily mentions doing yoga. (kitchen dining area)
[18] Lily says yoga is the best way to relax. (kitchen)
[27] Lily agrees to try yoga. (kitchen and hallway)

**Conversations: **

Conversation 1: Sophie, Lily, and Jack chat about breakfast, drinks, and fruit preferences, with the robot assisting by preparing food and cleaning. Lily advocates yoga for relaxation and health, and offers to guide Sophie, while Jack prefers sleep; they tentatively plan to try yoga. Jack’s client meeting is postponed, and he reminds them about umbrellas and arranging dinner (Sophie wants beef, Lily wants broccoli). Fruit selection is adjusted due to Jack’s mango allergy, opting for apples or pomegranate.
[3] Lily: Be helpful for your breathing......
[3] Lily: And your mind ......
[3] Sophie: So how long have you doing yoga?
[3] Lily: It's about some years.
[3] Lily: But I do not know......
[4] Lily: What kinds of sports do you like? how about you?
[4] Sophie: I like swimming I think it really help me.
[4] Sophie: Have you ever tried swimming?
[6] Sophie: What kind of drinks do you like?
[6] Sophie: Oh do you like coffee?
[6] Lily: Yeah why not?
[6] Lily: Every morning we should drink coffee.
[6] Sophie: Coffee yeah......
[6] Lily: What about you? Do you like it?
[6] Sophie: A bit. I like orange juice or other milk and more.
[7] Lily: Do you like milk?
[9] Lily: Yeah robot......
[10] Lily: Please put it in the Storage room.
[10] Lily: Oh please put it in the Storage room put the yoga mat!
[10] Jack: My client postponed the plan and late for the meeting so......
[10] Jack: Now we're just gonna wait a little bit......
[11] Sophie: That's nice but I think you have...
[11] Sophie: So much flexible time for sleep sometimes...
[11] Sophie: Yeah but Lily have a more healthier body right?
[11] Lily: That's why I'm tired.
[11] Lily: So I'm not like Jack
[12] Lily: I like to go to sleep.
[12] Lily: So early and wake up early in the morning.
[12] Lily: Whoa yeah he wake he sleep too much.
[14] Lily: Yeah it's too much.
[14] Lily: You know I don't have too much time to sleep enough.
[15] Lily: So I just doing yoga for relaxing my body.
[15] Sophie: Yoga wow!
[15] Sophie: How are things treating you recently hmm
[15] Lily: I told you I'm so busy these days with my life.
[15] Sophie: Oh easier. Do you like sleeping yeah?
[15] Jack: Yeah I love sleeping...
[15] Lily: I cannot sleep enough so I have to do yoga.
[15] Sophie: Me too and I don't have so much time sleeping.
[15] Jack: Sleeping is way better than yoga!
[16] Jack: Maybe we should
[16] Jack: do something.
[16] Sophie: I want to try yoga!
[16] Sophie: Could you please tell me something just about yoga?
[16] Lily: First we need to try it!
[16] Lily: Yeah robot?
[18] Sophie: Why he so likes asleep?
[18] Lily: Because he thinks...
[18] Lily: Sleeping is better than Yoga.
[18] Jack: Yeah sleeping is better than Yoga.
[18] Lily: You should try it!
[18] Sophie: I think so you should try Yuga because...
[18] Sophie: Try yoga! How long have you played yoga
[18] Lily: I'm doing it about 2 years.
[18] Lily: Yes I have because
[18] Lily: I don't have enough time to sleep.
[18] Lily: so I...
[18] Lily: I need my body get to relax.
[18] Lily: It is the best way to relax in your body.
[19] Lily: It should be good for your brain.
[19] Lily: for your body shape... I don't know and it helps you breathing.
[19] Lily: Everything will be much more better than we do yeah.
[19] Sophie: Actually I have a body shame I think...
[19] Sophie: You know I'm looking fat.
[19] Sophie: I think now I can have a try!
[19] Sophie: Trying yoga to exercise and lose weight for myself!
[19] Lily: Yoga can help you to have a good change.
[19] Jack: The weather is nice.
[20] Sophie: Oh.
[20] Jack: Help you exercise...
[20] Lily: And if you do it on purpose maybe you can also do.
[20] Lily: Losing weight.
[20] Lily: Haha something like an aerobics.
[20] Sophie: Aerobics is what?
[20] Lily: Yeah...
[20] Sophie: Aerobic is what?
[20] Lily: Exercises such as...
[20] Jack: Like when jumping and gymnastics.
[20] Sophie: Oh...
[21] Lily: that's uh that's a......
[21] Lily: That's sports that makes you to breathe harder.
[21] Sophie: Oh breathe harder?
[21] Lily: Exercise that makes you sweat.
[21] Sophie: So that means it can
[21] Sophie: burning fat.
[21] Sophie: Fat burning way yeah.
[21] Lily: Fat burning yeah.
[21] Sophie: This is very delicious do you think it?
[21] Lily: Yeah the chocolate sauce I will like it.
[23] Jack: How about please change the mango to apple or pomegranate?
[24] Sophie: But I can try it yeah.
[24] Lily: What are you doing?
[24] Jack: Yeah I like the mangoes and that is yummy.
[24] Lily: What happened yeah, for you if you eat a mango?
[26] Sophie: What can that food did?
[26] Lily: When she eats watermelon her lips gonna be like this oh...
[26] Lily: Doing some
[26] Lily: it's mainly water so I don't know ...
[26] Lily: I don't know why.
[26] Lily: Maybe because of the sugar or something...
[26] Sophie: Yes too much sugar wow.
[27] Sophie: I think mango is more delicious.
[27] Jack: Maybe we should get on our date and start our work yeah.
[27] Sophie: We can just try the yoga.
[27] Lily: Yeah, let us go to try some yoga.
[27] Lily: I would guide you......
[27] Lily: I would teach you some yoga?
[27] Lily: You can just try it!
[28] Sophie: It is difficult for me!
[28] Lily: No it's not difficult.
[28] Lily: You can relax your body and it's really good for......
[28] Lily: Your brain also you just be relax.
[28] Lily: Yes too much benefits of yoga.
[28] Lily: Well breathing and......
[28] Lily: Take a deep breath......
[28] Sophie: Yeah.

[Step 2] Evaluating semantic answer...
Action: [Answer]
Content: Lily likes doing yoga because it helps her relax, improves breathing and health, and compensates for not getting enough sleep.
FINAL ANSWER (from graph):
Lily likes doing yoga because it helps her relax, improves breathing and health, and compensates for not getting enough sleep.
Question: Is Jack allergic to mango?

[Step 1] Searching the graph...
Parse Query Output:
{
  "query_triple": ["<Jack>", "allergic to", "mango", 0.95, 0.3, 0.8],
  "spatial_constraint": null,
  "speaker_strict": null,
  "allocation": {
    "k_high_level": 8,
    "k_low_level": 12,
    "k_conversations": 30,
    "total_k": 50,
    "reasoning": "Allergy status is a character attribute; use high-level edges for traits. Conversations may mention allergies explicitly; allocate substantial budget there. Low-level edges in case of scenes showing reactions to mango."
  }
}

Graph Search Results:
**High-Level Information (Character Attributes and Relationships): **

Character Attributes:
- Jack is: allergic to mango (95)

Character Relationships:
- Sophie is friend with Jack (95)
- Jack relies on robot (85)
- Sophie friends with Jack (75)
- Jack is friendly with Lily (85)
- Jack amicable with Lily (70)
- Jack has amicable rapport with Lily (80)
- robot supports/assists Jack (80)

**Low-Level Information (Actions and Events): **

[22] Jack says he likes more fruit. (kitchen)
[23] Jack looks at fruit plate. (kitchen dining area)
[23] Jack asks to change fruit to apple. (kitchen dining area)
[23] Jack asks to change fruit to pomegranate. (kitchen dining area)
[23] Jack repeats request to replace mango with apple. (kitchen dining area)
[23] Jack repeats request to replace mango with pomegranate. (kitchen dining area)
[25] Jack is not happy. (kitchen counter)
[27] Jack holds apple slice. (kitchen and hallway)
[27] Jack bites apple. (kitchen and hallway)
[28] Jack sits on sofa. (living room)
[30] Jack asks for umbrella. (living room and kitchen)
[32] Jack looks at food. (kitchen and living room)

**Conversations: **

Conversation 1: Sophie, Lily, and Jack chat about breakfast, drinks, and fruit preferences, with the robot assisting by preparing food and cleaning. Lily advocates yoga for relaxation and health, and offers to guide Sophie, while Jack prefers sleep; they tentatively plan to try yoga. Jack’s client meeting is postponed, and he reminds them about umbrellas and arranging dinner (Sophie wants beef, Lily wants broccoli). Fruit selection is adjusted due to Jack’s mango allergy, opting for apples or pomegranate.
[7] Sophie: Yes and I can add some strawberry juice in it.
[7] Sophie: I think it's very delicious I'm yum yeah...
[8] Lily: Jack just wakes up from there.
[8] Lily: 10 minutes ago I came here.
[8] Lily: And find him sleeping on the sofa.
[9] Sophie: Lily: Jack is always so careless!
[9] Sophie: Lily: Yeah.
[9] Jack: Oh!
[9] Jack: The meeting had postponed for one hour yeah......
[9] Sophie: One hour yeah! Please check it! You have a meeting.
[9] Sophie: At 9:10 this morning with your client.
[9] Jack: Yeah it's okay.
[9] Lily: Yeah robot......
[10] Lily: Please put it in the Storage room.
[16] Lily: Do you finish it?
[16] Sophie: Emm yeah I just finished it.
[16] Jack: Maybe we should
[16] Jack: do something.
[16] Sophie: I want to try yoga!
[16] Sophie: Could you please tell me something just about yoga?
[19] Sophie: Trying yoga to exercise and lose weight for myself!
[19] Lily: Yoga can help you to have a good change.
[19] Jack: The weather is nice.
[20] Sophie: Oh.
[20] Jack: Like walking... running...
[22] Sophie: And wait for our fruits wait for our fruits...
[22] Sophie: What kind of fruits do you like?
[22] Jack: For me?
[22] Jack: I like more fruits...
[22] Sophie: Lot of fruits... I like watermelons and...
[22] Sophie: lemons.
[23] Sophie: Thinking about what robots will prepare the fruit for us?
[23] Sophie: Lily: Mango! We love it! And grapes.
[23] Jack: Mango oh! My goodness!
[23] Jack: I forgot I cannot have mango.
[23] Jack: Can you change the fruit to apple or pomegranate?
[23] Jack: Please I'm allergic to mangoes I cannot have.
[23] Sophie: Why you cannot eat mango?
[23] Jack: I am allergic I forgot.
[23] Sophie: Oh yeah don't forget he just stayed in the hospital for 2 days because of mango allergy!
[23] Sophie: Yeah yeah just...
[23] Jack: How about please change the mango to apple or pomegranate?
[24] Sophie: But I can try it yeah.
[24] Lily: What are you doing?
[24] Jack: Yeah I like the mangoes and that is yummy.
[24] Lily: What happened yeah, for you if you eat a mango?
[24] Jack: Oh no.
[24] Jack: Some red allergic rash.
[24] Sophie: Yeah after the party...
[25] Sophie: Yeah at the party we are all happy.
[25] Sophie: Except Jack because he was...
[25] Sophie: Allergy cause of the mango.
[25] Sophie: But I think it is delicious.
[25] Sophie: You will have a try haha.
[25] Jack: I will become yellow and...
[25] Sophie: But it is really delicious.
[25] Sophie: Just about the mango.
[25] Lily: How about you do you have any other allergen?
[25] Sophie: Watermelon, more watermelon will make me allergy.
[25] Sophie: Yeah but I like watermelon.
[26] Lily: So I have a friend also allergic to watermelon.
[26] Sophie: Emm yeah.
[26] Lily: Eating watermelon.
[26] Jack: Watermelon really yeah...
[26] Sophie: What can that food did?
[26] Lily: When she eats watermelon her lips gonna be like this oh...
[27] Sophie: Delicious right?
[27] Jack: It is delicious thank you robots.
[27] Sophie: I think mango is more delicious.
[27] Jack: Maybe we should get on our date and start our work yeah.
[27] Sophie: We can just try the yoga.
[30] Lily: Oh it's so late.
[30] Jack: Oh my God your umbrellas! robots
[30] Jack: Can you get their umbrellas?
[30] Jack: Go go go go oh!
[31] Sophie: Thank you robot!
[31] Jack: Hey robots can you
[31] Jack: Bring the laptop over here and clean up the table.
[31] Jack: Please.
[32] Jack: And also don't forget dinner
[32] Jack: Sophia wants beef and Lily wants broccoli.
[32] Jack: Thank you.

[Step 2] Evaluating semantic answer...
Action: [Answer]
Content: Yes, Jack is allergic to mango.
FINAL ANSWER (from graph):
Yes, Jack is allergic to mango.
Question: What kind of fruit does Jack like to eat?

[Step 1] Searching the graph...
Parse Query Output:
{
  "query_triple": ["<Jack>", "likes to eat", "fruit", 0.95, 0.3, 0.6],
  "spatial_constraint": null,
  "speaker_strict": null,
  "allocation": {
    "k_high_level": 6,
    "k_low_level": 22,
    "k_conversations": 22,
    "total_k": 50,
    "reasoning": "Preference query about food type; use some high-level edges for traits/preferences, low-level for observed eating actions with specific fruits, and conversations for explicit statements of likes."
  }
}

Graph Search Results:
**High-Level Information (Character Attributes and Relationships): **

Character Attributes:
- Jack is: medium build (100), dark pants (100), prefers sleeping over exercise (90)

Character Relationships:
- Jack relies on robot (85)
- Sophie is friend with Jack (95)
- robot supports/assists Jack (80)

**Low-Level Information (Actions and Events): **

[9] Jack fetches something. (living room)
[11] Jack sits at table. (kitchen dining area)
[13] robot sits with Jack. (kitchen dining area)
[14] Jack sits table. (kitchen dining area)
[15] Jack looks toward other. (kitchen dining area)
[15] Jack loves sleeping. (kitchen dining area)
[22] Jack says he likes more fruit. (kitchen)
[23] Jack looks at fruit plate. (kitchen dining area)
[23] Jack asks to change fruit to apple. (kitchen dining area)
[23] Jack asks to change fruit to pomegranate. (kitchen dining area)
[23] Jack repeats request to replace mango with apple. (kitchen dining area)
[23] Jack repeats request to replace mango with pomegranate. (kitchen dining area)
[24] Jack sits at table. (kitchen)
[25] Jack is not happy. (kitchen counter)
[26] Jack reaches toward plate of apple slice. (kitchen dining area)
[27] Jack holds apple slice. (kitchen and hallway)
[27] Sophie encourages to eat Jack. (kitchen and hallway)
[27] Jack bites apple. (kitchen and hallway)
[30] Jack stays near kitchen. (living room and kitchen)
[30] Jack asks for umbrella. (living room and kitchen)
[32] Jack looks at food. (kitchen and living room)
[32] Jack talks to robot. (kitchen and living room)

**Conversations: **

Conversation 1: Sophie, Lily, and Jack chat about breakfast, drinks, and fruit preferences, with the robot assisting by preparing food and cleaning. Lily advocates yoga for relaxation and health, and offers to guide Sophie, while Jack prefers sleep; they tentatively plan to try yoga. Jack’s client meeting is postponed, and he reminds them about umbrellas and arranging dinner (Sophie wants beef, Lily wants broccoli). Fruit selection is adjusted due to Jack’s mango allergy, opting for apples or pomegranate.
[9] Sophie: Lily: Jack is always so careless!
[9] Sophie: Lily: Yeah.
[9] Jack: Oh!
[9] Jack: The meeting had postponed for one hour yeah......
[9] Sophie: One hour yeah! Please check it! You have a meeting.
[16] Sophie: Emm yeah I just finished it.
[16] Jack: Maybe we should
[16] Jack: do something.
[16] Sophie: I want to try yoga!
[16] Sophie: Could you please tell me something just about yoga?
[19] Jack: The weather is nice.
[20] Sophie: Oh.
[20] Jack: Like walking... running...
[20] Sophie: I'm always swimming. I like swimming yay!
[20] Jack: Walking in the park...
[20] Sophie: Walking in the park can lose weight right?
[20] Jack: Help you exercise...
[20] Lily: And if you do it on purpose maybe you can also do.
[20] Lily: Losing weight.
[20] Sophie: Aerobic is what?
[20] Lily: Exercises such as...
[20] Jack: Like when jumping and gymnastics.
[20] Sophie: Oh...
[21] Lily: that's uh that's a......
[22] Sophie: Just eat these bread.
[22] Sophie: And wait for our fruits wait for our fruits...
[22] Sophie: What kind of fruits do you like?
[22] Jack: For me?
[22] Jack: I like more fruits...
[22] Sophie: Lot of fruits... I like watermelons and...
[22] Sophie: lemons.
[22] Sophie: Yeah apples yeah.
[23] Sophie: Thinking about what robots will prepare the fruit for us?
[23] Sophie: Lily: Mango! We love it! And grapes.
[23] Jack: Mango oh! My goodness!
[23] Jack: I forgot I cannot have mango.
[23] Jack: Can you change the fruit to apple or pomegranate?
[23] Jack: Please I'm allergic to mangoes I cannot have.
[23] Sophie: Why you cannot eat mango?
[23] Jack: I am allergic I forgot.
[23] Sophie: Oh yeah don't forget he just stayed in the hospital for 2 days because of mango allergy!
[23] Sophie: Yeah yeah just...
[23] Jack: How about please change the mango to apple or pomegranate?
[24] Sophie: But I can try it yeah.
[24] Lily: What are you doing?
[24] Jack: Yeah I like the mangoes and that is yummy.
[24] Lily: What happened yeah, for you if you eat a mango?
[24] Jack: Oh no.
[24] Jack: Some red allergic rash.
[24] Sophie: Yeah after the party...
[25] Sophie: Yeah at the party we are all happy.
[26] Sophie: Emm yeah.
[26] Lily: Eating watermelon.
[26] Jack: Watermelon really yeah...
[26] Sophie: What can that food did?
[26] Lily: When she eats watermelon her lips gonna be like this oh...
[27] Sophie: The apple is right. Just take a bite!
[27] Sophie: Delicious right?
[27] Jack: It is delicious thank you robots.
[27] Sophie: I think mango is more delicious.
[27] Jack: Maybe we should get on our date and start our work yeah.
[29] Lily: I...
[29] Lily: Badly late...
[30] Jack: Hurry up! oh!
[30] Sophie: Yeah quickly......
[30] Lily: Let's go get ready I should go to the park.
[31] Jack: Hey robots can you
[31] Jack: Bring the laptop over here and clean up the table.
[31] Jack: Please.
[32] Jack: And also don't forget dinner
[32] Jack: Sophia wants beef and Lily wants broccoli.
[32] Jack: Thank you.

[Step 2] Evaluating semantic answer...
Action: [Answer]
Content: Jack likes apples or pomegranate.
FINAL ANSWER (from graph):
Jack likes apples or pomegranate.
Question: Where is the yoga mat located?

[Step 1] Searching the graph...
Parse Query Output:
{
  "query_triple": ["yoga mat", "is at", "?", 0.6, 0.6, 0.15],
  "spatial_constraint": null,
  "speaker_strict": null,
  "allocation": {
    "k_high_level": 2,
    "k_low_level": 40,
    "k_conversations": 8,
    "total_k": 50,
    "reasoning": "Spatial/location query about an object. Prioritize low-level edges to find precise placement; minimal need for high-level edges; a small amount of conversations in case location is mentioned in dialogue."
  }
}

Graph Search Results:
**High-Level Information (Character Attributes and Relationships): **

Character Attributes:
- robot is: camera holder (100), no visible face (100)

**Low-Level Information (Actions and Events): **

[1] mat is on floor. (living room)
[2] Lily sits cross-legged on yoga mat. (living room and kitchen)
[2] Lily remains on yoga mat. (living room and kitchen)
[6] Lily is seated on yoga mat. (kitchen and living room)
[7] Lily sits cross-legged yoga mat. (kitchen and living room)
[7] question is from yoga mat. (kitchen and living room)
[8] Lily sits cross‑legged yoga mat. (kitchen and living room)
[9] Lily sits cross-legged yoga mat. (living room)
[9] laptop is on small table. (living room)
[10] Lily sits cross-legged yoga mat. (living room)
[10] laptop is on small table. (living room)
[10] Lily is seated yoga mat. (living room)
[10] Lily asks to put yoga mat. (living room)
[10] yoga mat is in storage room. (living room)
[10] Lily prepares to stand from yoga mat. (living room)
[10] Lily steps off yoga mat. (living room)
[10] Sophie gestures toward yoga mat. (living room)
[10] Jack looks at yoga mat. (living room)
[10] robot approaches yoga mat. (living room)
[10] robot looks down at yoga mat. (living room)
[10] robot grips yoga mat. (living room)
[10] robot begins to roll up yoga mat. (living room)
[10] robot continues rolling yoga mat. (living room)
[10] yoga mat is rolled into tube. (living room)
[15] plate of toast is at dining table. (kitchen dining area)
[16] Sophie asks about yoga. (kitchen)
[18] shelf has pink yoga mat. (kitchen)
[20] yellow fruit is on cutting board. (kitchen)
[21] mango is on cutting board. (kitchen counter)
[24] robot is at sink. (kitchen)
[25] apple is on cutting board. (kitchen counter)
[26] cutting board is on counter. (kitchen dining area)
[27] small room has yoga mat. (kitchen and hallway)
[27] robot picks up yoga mat. (kitchen and hallway)
[27] robot adjusts yoga mat. (kitchen and hallway)
[27] robot carries yoga mat. (kitchen and hallway)
[28] robot unfolds yoga mat. (living room)
[28] yoga mat is beside sofa. (living room)
[29] Sophie sits cross-legged yoga mat. (living room)
[32] TV remote is at TV. (kitchen and living room)

**Conversations: **

Conversation 1: Sophie, Lily, and Jack chat about breakfast, drinks, and fruit preferences, with the robot assisting by preparing food and cleaning. Lily advocates yoga for relaxation and health, and offers to guide Sophie, while Jack prefers sleep; they tentatively plan to try yoga. Jack’s client meeting is postponed, and he reminds them about umbrellas and arranging dinner (Sophie wants beef, Lily wants broccoli). Fruit selection is adjusted due to Jack’s mango allergy, opting for apples or pomegranate.
[3] Lily: Be helpful for your breathing......
[3] Lily: And your mind ......
[3] Sophie: So how long have you doing yoga?
[3] Lily: It's about some years.
[3] Lily: But I do not know......
[9] Lily: Yeah robot......
[10] Lily: Please put it in the Storage room.
[10] Lily: Oh please put it in the Storage room put the yoga mat!
[10] Jack: My client postponed the plan and late for the meeting so......
[10] Jack: Now we're just gonna wait a little bit......
[14] Lily: You know I don't have too much time to sleep enough.
[15] Lily: So I just doing yoga for relaxing my body.
[15] Sophie: Yoga wow!
[15] Sophie: How are things treating you recently hmm
[15] Lily: I told you I'm so busy these days with my life.
[16] Jack: Maybe we should
[16] Jack: do something.
[16] Sophie: I want to try yoga!
[16] Sophie: Could you please tell me something just about yoga?
[16] Lily: First we need to try it!
[16] Lily: Yeah robot?
[18] Lily: You should try it!
[18] Sophie: I think so you should try Yuga because...
[18] Sophie: Try yoga! How long have you played yoga
[18] Lily: I'm doing it about 2 years.
[18] Lily: Yes I have because
[27] Sophie: I think mango is more delicious.
[27] Jack: Maybe we should get on our date and start our work yeah.
[27] Sophie: We can just try the yoga.
[27] Lily: Yeah, let us go to try some yoga.
[27] Lily: I would guide you......
[27] Lily: I would teach you some yoga?
[27] Lily: You can just try it!
[28] Sophie: It is difficult for me!

[Step 2] Evaluating semantic answer...
Action: [Answer]
Content: The yoga mat is located beside the sofa in the living room.
FINAL ANSWER (from graph):
The yoga mat is located beside the sofa in the living room.
Question: What did the two ladies forget to pick up on their way out the door?

[Step 1] Searching the graph...
Parse Query Output:
{
  "query_triple": ["<two ladies>", "forget to pick up", "?", 0.8, 0.25, 0.15],
  "spatial_constraint": "door/entryway",
  "speaker_strict": null,
  "allocation": {
    "k_high_level": 5,
    "k_low_level": 38,
    "k_conversations": 7,
    "total_k": 50,
    "reasoning": "Action-focused query about a specific forgotten object during exit; prioritize low-level edges for actions near the door, minimal high-level for character context, small conversations for any verbal mention like 'we forgot...'"
  }
}

Graph Search Results:
**High-Level Information (Character Attributes and Relationships): **

Character Attributes:
- Jack is: white slippers (100)
- Sophie is: necklace (100), white socks (100)
- character_1 is: large build (100), orange pillow (100)

**Low-Level Information (Actions and Events): **

[5] plate with two sandwich is in microwave. (kitchen)
[5] robot takes out second glass cup. (kitchen)
[5] robot takes out third glass cup. (kitchen)
[9] Lily faces others. (living room)
[9] Sophie reminds about <Jack>'s client meeting. (living room)
[9] Jack leaves living room. (living room)
[9] Sophie speaks about meeting. (living room)
[9] Jack confirms meeting. (living room)
[9] meeting is postponed by one hour. (living room)
[10] Lily speaks toward others. (living room)
[10] Sophie invites everyone. (living room)
[10] robot stops near wardrobe. (living room)
[14] meeting follow meeting. (kitchen dining area)
[14] Lily should go to Lily's office. (kitchen dining area)
[17] robot picks up bag on windowsill near toy figure. (kitchen)
[19] robot picks large white plate. (kitchen)
[23] Lily picks up knife. (kitchen dining area)
[23] Sophie reminds others. (kitchen dining area)
[24] Jack speaks toward the others. (kitchen)
[27] Lily offers toward others. (kitchen and hallway)
[27] Sophie picks up mango slice. (kitchen and hallway)
[27] Lily looks at briefly Lily's phone. (kitchen and hallway)
[27] Jack suggests starting their work soon. (kitchen and hallway)
[27] Jack stands up from table. (kitchen and hallway)
[27] Sophie stands up from Sophie’s chair. (kitchen and hallway)
[27] Lily gestures toward another room. (kitchen and hallway)
[27] robot picks up yoga mat. (kitchen and hallway)
[28] robot picks up from floor. (living room)
[28] Lily tells everyone. (living room)
[28] everyone takes deep breath. (living room)
[28] Lily instructs to put up hand. (living room)
[28] Jack reminds others. (living room)
[28] others do not forget umbrella. (living room)
[29] Jack looks toward women. (living room)
[30] Jack calls out to girls. (living room and kitchen)
[30] Jack reminds girls. (living room and kitchen)
[31] robot picks up folded beige umbrella. (living room and dining area)
[31] robot picks up long wrapped umbrella. (living room and dining area)

**Conversations: **

Conversation 1: Sophie, Lily, and Jack chat about breakfast, drinks, and fruit preferences, with the robot assisting by preparing food and cleaning. Lily advocates yoga for relaxation and health, and offers to guide Sophie, while Jack prefers sleep; they tentatively plan to try yoga. Jack’s client meeting is postponed, and he reminds them about umbrellas and arranging dinner (Sophie wants beef, Lily wants broccoli). Fruit selection is adjusted due to Jack’s mango allergy, opting for apples or pomegranate.
[8] Lily: Uh I don't know we should ask him.
[8] Sophie: Oh wake up Jack why are you sleeping now?
[9] Sophie: Don't forget you have a meeting with your client!
[9] Sophie: Oh my God at this 10:00......
[9] Sophie: Haha......
[28] Lily: It's easy......put your hands up
[28] Jack: It looks like it may be rainy.
[28] Jack: So don't forget your umbrellas today!
[29] Sophie: Rainy?
[29] Sophie: Lily: Wow thank you for reminding.
[29] Jack: Also I think we should have dinner tonight!
[29] Jack: Yeah when you come back.
[30] Sophie: Yeah quickly......
[30] Lily: Let's go get ready I should go to the park.
[30] Jack: Girls quickly quickly go go go.
[30] Jack: Don't be late for work.
[30] Lily: Oh it's so late.
[30] Jack: Oh my God your umbrellas! robots
[30] Jack: Can you get their umbrellas?
[30] Jack: Go go go go oh!
[31] Sophie: Thank you robot!
[31] Jack: Bring the laptop over here and clean up the table.
[31] Jack: Please.
[32] Jack: And also don't forget dinner
[32] Jack: Sophia wants beef and Lily wants broccoli.
[32] Jack: Thank you.

[Step 2] Evaluating semantic answer...
Action: [Answer]
Content: Their umbrellas.
FINAL ANSWER (from graph):
Their umbrellas.
Question: which table is the laptop on?

[Step 1] Searching the graph...
Parse Query Output:
{
  "query_triple": ["laptop", "is on", "?", 0.7, 0.6, 0.2],
  "spatial_constraint": null,
  "speaker_strict": null,
  "allocation": {
    "k_high_level": 2,
    "k_low_level": 42,
    "k_conversations": 6,
    "total_k": 50,
    "reasoning": "Spatial/location query about an object; prioritize low-level edges describing object-on-surface relations. Minimal need for high-level traits or dialogue."
  }
}

Graph Search Results:
**High-Level Information (Character Attributes and Relationships): **

Character Relationships:
- Jack relies on robot (85)
- Lily relies on robot (85)

**Low-Level Information (Actions and Events): **

[1] character_1 is on couch. (living room)
[1] head is on orange pillow. (living room)
[1] mat is on floor. (living room)
[2] bread is on kitchen counter. (living room and kitchen)
[3] plate is on countertop by window. (kitchen)
[3] plate is on counter. (kitchen)
[4] bread slice is on plate. (kitchen)
[5] plate is on turntable. (kitchen)
[6] cup is on dining table. (kitchen and living room)
[7] glass is on dining table. (kitchen and living room)
[7] glass is on table. (kitchen and living room)
[7] plate is on counter. (kitchen and living room)
[7] plate is on dining table. (kitchen and living room)
[8] plate is on dining table. (kitchen and living room)
[9] Jack returns holding laptop. (living room)
[9] Jack opens laptop. (living room)
[9] laptop is on small table. (living room)
[10] Jack uses laptop. (living room)
[10] laptop is on small table. (living room)
[11] plate is on table. (kitchen dining area)
[11] <Lily>'s phone is on table. (kitchen dining area)
[12] Jack's phone is on table. (kitchen)
[13] spoon is on counter. (kitchen dining area)
[13] jar is on table. (kitchen dining area)
[14] jar is on table. (kitchen dining area)
[16] toaster area is on counter. (kitchen)
[16] Lily's hand is on table. (kitchen)
[20] toy robot is on windowsill. (kitchen)
[20] yellow fruit is on cutting board. (kitchen)
[21] mango is on cutting board. (kitchen counter)
[21] bunch of grape is on plate. (kitchen counter)
[22] bread bag is on counter. (kitchen)
[23] plate of grape and mango slice is on table. (kitchen dining area)
[24] fruit plate is on table. (kitchen)
[25] apple is on cutting board. (kitchen counter)
[25] sliced apple is on board. (kitchen counter)
[26] cutting board is on counter. (kitchen dining area)
[26] plate is on counter. (kitchen dining area)
[26] plate of apple slice is on dining table. (kitchen dining area)
[29] Jack is on couch. (living room)
[32] TV remote is on table. (kitchen and living room)
[32] closed laptop is on dining table. (kitchen and living room)

**Conversations: **

Conversation 1: Sophie, Lily, and Jack chat about breakfast, drinks, and fruit preferences, with the robot assisting by preparing food and cleaning. Lily advocates yoga for relaxation and health, and offers to guide Sophie, while Jack prefers sleep; they tentatively plan to try yoga. Jack’s client meeting is postponed, and he reminds them about umbrellas and arranging dinner (Sophie wants beef, Lily wants broccoli). Fruit selection is adjusted due to Jack’s mango allergy, opting for apples or pomegranate.
[9] Jack: Yeah it's okay.
[9] Lily: Yeah robot......
[10] Lily: Please put it in the Storage room.
[10] Lily: Oh please put it in the Storage room put the yoga mat!
[10] Jack: My client postponed the plan and late for the meeting so......
[10] Jack: Now we're just gonna wait a little bit......
[15] Jack: Sleeping is way better than yoga!
[15] Sophie: No I do not have so much time as you have to sleep yeah.
[16] Lily: Do you finish it?
[16] Sophie: Emm yeah I just finished it.
[16] Jack: Maybe we should
[16] Lily: First we need to try it!
[16] Lily: Yeah robot?
[16] Lily: Please clean the table and prepare for us some fruits!
[16] Sophie: Okay thank you robot!
[17] Lily: What did you do today Sophia?
[23] Jack: How about please change the mango to apple or pomegranate?
[24] Sophie: But I can try it yeah.
[24] Lily: What are you doing?
[24] Jack: Yeah I like the mangoes and that is yummy.
[24] Lily: What happened yeah, for you if you eat a mango?
[31] Sophie: Bye bye
[31] Jack: Hey robots can you
[31] Jack: Bring the laptop over here and clean up the table.
[31] Jack: Please.
[32] Jack: And also don't forget dinner

[Step 2] Evaluating semantic answer...
Action: [Answer]
Content: The laptop is on the dining table.
FINAL ANSWER (from graph):
The laptop is on the dining table.
Question: What is Jack getting ready to do?

[Step 1] Searching the graph...
Parse Query Output:
{
  "query_triple": ["<Jack>", "is getting ready to", "?", 0.95, 0.3, 0.2],
  "spatial_constraint": null,
  "speaker_strict": null,
  "allocation": {
    "k_high_level": 6,
    "k_low_level": 34,
    "k_conversations": 10,
    "total_k": 50,
    "reasoning": "Action intent query focusing on preparatory actions. Prioritize low-level edges to capture specific preparatory steps and imminent actions; include some conversations for stated plans; a few high-level edges for general traits or recurring intentions."
  }
}

Graph Search Results:
**High-Level Information (Character Attributes and Relationships): **

Character Attributes:
- Jack is: medium build (100), dark pants (100), black t-shirt (100), male (100), white slippers (100), short light brown hair (100)

**Low-Level Information (Actions and Events): **

[9] Jack gets up. (living room)
[9] Jack walks toward doorway. (living room)
[9] Jack goes into side room. (living room)
[9] Jack opens laptop. (living room)
[10] Jack looks at yoga mat. (living room)
[10] Jack is seated. (living room)
[11] plate is in front of Jack. (kitchen dining area)
[11] glass is in front of Jack. (kitchen dining area)
[12] Jack looks toward Lily. (kitchen)
[15] Jack looks toward other. (kitchen dining area)
[15] Sophie asks Jack. (kitchen dining area)
[16] Jack looks at Sophie. (kitchen)
[23] Jack looks at fruit plate. (kitchen dining area)
[23] Jack asks to change fruit to apple. (kitchen dining area)
[23] Jack asks to change fruit to pomegranate. (kitchen dining area)
[26] Jack is near plate with bread. (kitchen dining area)
[26] Jack reaches toward plate of apple slice. (kitchen dining area)
[27] Jack stands up from table. (kitchen and hallway)
[28] Jack looks at <Jack>'s phone. (living room)
[28] Jack is seated. (living room)
[29] Jack looks at Jack's phone. (living room)
[29] Jack is on couch. (living room)
[29] Jack looks toward women. (living room)
[29] Sophie talks to Jack. (living room)
[30] Jack walks toward dining area. (living room and kitchen)
[30] Jack calls out to girls. (living room and kitchen)
[30] Jack asks for umbrella. (living room and kitchen)
[30] Jack walks into hallway. (living room and kitchen)
[30] Jack walks toward another room. (living room and kitchen)
[31] Jack stands by dining table. (living room and dining area)
[31] Jack gives instructions to robot. (living room and dining area)
[32] Jack stands by kitchen table. (kitchen and living room)
[32] Jack looks at food. (kitchen and living room)
[32] Jack talks to robot. (kitchen and living room)

**Conversations: **

Conversation 1: Sophie, Lily, and Jack chat about breakfast, drinks, and fruit preferences, with the robot assisting by preparing food and cleaning. Lily advocates yoga for relaxation and health, and offers to guide Sophie, while Jack prefers sleep; they tentatively plan to try yoga. Jack’s client meeting is postponed, and he reminds them about umbrellas and arranging dinner (Sophie wants beef, Lily wants broccoli). Fruit selection is adjusted due to Jack’s mango allergy, opting for apples or pomegranate.
[9] Sophie: Lily: Jack is always so careless!
[9] Sophie: Lily: Yeah.
[9] Jack: Oh!
[9] Jack: The meeting had postponed for one hour yeah......
[9] Sophie: One hour yeah! Please check it! You have a meeting.
[10] Lily: Oh please put it in the Storage room put the yoga mat!
[10] Jack: My client postponed the plan and late for the meeting so......
[10] Jack: Now we're just gonna wait a little bit......
[10] Sophie: Wow that's great!
[10] Sophie: Let's have a breakfast!
[16] Sophie: Emm yeah I just finished it.
[16] Jack: Maybe we should
[16] Jack: do something.
[16] Sophie: I want to try yoga!
[16] Sophie: Could you please tell me something just about yoga?
[20] Jack: Walking in the park...
[20] Sophie: Walking in the park can lose weight right?
[20] Jack: Help you exercise...
[20] Lily: And if you do it on purpose maybe you can also do.
[20] Lily: Losing weight.
[22] Sophie: And wait for our fruits wait for our fruits...
[22] Sophie: What kind of fruits do you like?
[22] Jack: For me?
[22] Jack: I like more fruits...
[22] Sophie: Lot of fruits... I like watermelons and...
[24] Jack: Yeah I like the mangoes and that is yummy.
[24] Lily: What happened yeah, for you if you eat a mango?
[24] Jack: Oh no.
[24] Jack: Some red allergic rash.
[24] Sophie: Yeah after the party...
[25] Sophie: You will have a try haha.
[25] Lily: You can become a big mango, really?
[25] Jack: I will become yellow and...
[25] Sophie: But it is really delicious.
[25] Sophie: Just about the mango.
[29] Lily: I...
[29] Lily: Badly late...
[30] Jack: Hurry up! oh!
[30] Sophie: Yeah quickly......
[30] Lily: Let's go get ready I should go to the park.
[30] Jack: Oh my God your umbrellas! robots
[30] Jack: Can you get their umbrellas?
[30] Jack: Go go go go oh!
[31] Sophie: Thank you robot!
[31] Lily: Thank you robot!
[31] Jack: Hey robots can you
[31] Jack: Bring the laptop over here and clean up the table.
[31] Jack: Please.
[32] Jack: And also don't forget dinner
[32] Jack: Sophia wants beef and Lily wants broccoli.

[Step 2] Evaluating semantic answer...
Action: [Answer]
Content: Jack is getting ready to go out with Sophie and Lily, reminding them to bring umbrellas and coordinating with the robot before they leave.
FINAL ANSWER (from graph):
Jack is getting ready to go out with Sophie and Lily, reminding them to bring umbrellas and coordinating with the robot before they leave.
Question: Will Sophie want to try yoga?

[Step 1] Searching the graph...
Parse Query Output:
{
  "query_triple": ["<Sophie>", "wants to try", "yoga", 0.95, 0.3, 0.7],
  "spatial_constraint": null,
  "speaker_strict": null,
  "allocation": {
    "k_high_level": 8,
    "k_low_level": 12,
    "k_conversations": 30,
    "total_k": 50,
    "reasoning": "Intent/motivation query—use conversations to infer desire, supplement with high-level traits/preferences, and low-level actions indicating interest (e.g., looking up classes, practicing stretches)."
  }
}

Graph Search Results:
**High-Level Information (Character Attributes and Relationships): **

Character Relationships:
- Sophie relies on robot (80)
- Sophie friends with Lily (85)
- Sophie is friends with Lily (95)
- robot cooperates with Sophie (90)
- Lily guides/mentors Sophie (80)
- Sophie instructs/directs robot (85)
- robot is helper/assistant to Sophie (85)
- Sophie is friend with Jack (95)

**Low-Level Information (Actions and Events): **

[8] Sophie points toward sofa. (kitchen and living room)
[10] Sophie gestures toward yoga mat. (living room)
[10] Sophie invites to have breakfast. (living room)
[12] Sophie looks toward kitchen. (kitchen)
[15] Sophie reacts to <Lily>'s mention of yoga. (kitchen dining area)
[16] Sophie asks about yoga. (kitchen)
[22] Sophie suggests eating bread. (kitchen)
[22] Sophie asks other. (kitchen)
[27] Sophie says prefers mango. (kitchen and hallway)
[27] Sophie proposes trying yoga. (kitchen and hallway)
[29] Sophie sits cross-legged yoga mat. (living room)
[30] Sophie kneels on mat. (living room and kitchen)

**Conversations: **

Conversation 1: Sophie, Lily, and Jack chat about breakfast, drinks, and fruit preferences, with the robot assisting by preparing food and cleaning. Lily advocates yoga for relaxation and health, and offers to guide Sophie, while Jack prefers sleep; they tentatively plan to try yoga. Jack’s client meeting is postponed, and he reminds them about umbrellas and arranging dinner (Sophie wants beef, Lily wants broccoli). Fruit selection is adjusted due to Jack’s mango allergy, opting for apples or pomegranate.
[3] Lily: Be helpful for your breathing......
[3] Lily: And your mind ......
[3] Sophie: So how long have you doing yoga?
[3] Lily: It's about some years.
[3] Lily: But I do not know......
[4] Lily: What kinds of sports do you like? how about you?
[4] Sophie: I like swimming I think it really help me.
[4] Sophie: Have you ever tried swimming?
[4] Lily: Yay! always.......
[5] Sophie: Freedom yeah!
[6] Sophie: We can have a hot and warm breakfast? after a while......
[6] Sophie: Yeah......
[6] Sophie: What kind of drinks do you like?
[6] Sophie: Oh do you like coffee?
[6] Lily: Yeah why not?
[10] Jack: Now we're just gonna wait a little bit......
[10] Sophie: Wow that's great!
[10] Sophie: Let's have a breakfast!
[11] Jack: Wow I got my energy back!
[11] Lily: Ha ha that's nice!
[11] Sophie: That's nice but I think you have...
[11] Sophie: So much flexible time for sleep sometimes...
[11] Sophie: Yeah but Lily have a more healthier body right?
[11] Lily: That's why I'm tired.
[11] Lily: So I'm not like Jack
[13] Lily: Emm I should to I attend to an event and a marketing event.
[13] Lily: And after that we should go to company, uh to be prepared.
[13] Sophie: Is it so tired?
[13] Lily: Yeah I'm really tired! I'm really tired recently my life was so busy.
[13] Sophie: I'm really tired too, oh yeah.
[14] Lily: Yeah it's too much.
[14] Lily: You know I don't have too much time to sleep enough.
[15] Lily: So I just doing yoga for relaxing my body.
[15] Sophie: Yoga wow!
[15] Sophie: How are things treating you recently hmm
[15] Lily: I told you I'm so busy these days with my life.
[16] Jack: Maybe we should
[16] Jack: do something.
[16] Sophie: I want to try yoga!
[16] Sophie: Could you please tell me something just about yoga?
[16] Lily: First we need to try it!
[16] Lily: Yeah robot?
[18] Jack: Yeah sleeping is better than Yoga.
[18] Lily: You should try it!
[18] Sophie: I think so you should try Yuga because...
[18] Sophie: Try yoga! How long have you played yoga
[18] Lily: I'm doing it about 2 years.
[18] Lily: Yes I have because
[19] Sophie: Actually I have a body shame I think...
[19] Sophie: You know I'm looking fat.
[19] Sophie: I think now I can have a try!
[19] Sophie: Trying yoga to exercise and lose weight for myself!
[19] Lily: Yoga can help you to have a good change.
[19] Jack: The weather is nice.
[20] Sophie: Oh.
[20] Sophie: I'm always swimming. I like swimming yay!
[20] Jack: Walking in the park...
[20] Sophie: Walking in the park can lose weight right?
[20] Jack: Help you exercise...
[20] Lily: And if you do it on purpose maybe you can also do.
[20] Lily: Losing weight.
[20] Lily: Haha something like an aerobics.
[20] Sophie: Aerobics is what?
[20] Lily: Yeah...
[20] Sophie: Aerobic is what?
[20] Lily: Exercises such as...
[20] Jack: Like when jumping and gymnastics.
[21] Lily: that's uh that's a......
[21] Lily: That's sports that makes you to breathe harder.
[21] Sophie: Oh breathe harder?
[21] Lily: Exercise that makes you sweat.
[21] Sophie: So that means it can
[21] Sophie: burning fat.
[21] Sophie: Fat burning way yeah.
[21] Lily: Fat burning yeah.
[21] Sophie: This is very delicious do you think it?
[23] Sophie: Yeah yeah just...
[23] Jack: How about please change the mango to apple or pomegranate?
[24] Sophie: But I can try it yeah.
[24] Lily: What are you doing?
[24] Jack: Yeah I like the mangoes and that is yummy.
[25] Sophie: Allergy cause of the mango.
[25] Sophie: But I think it is delicious.
[25] Sophie: You will have a try haha.
[25] Lily: You can become a big mango, really?
[25] Jack: I will become yellow and...
[27] Lily: Oh have an apple.
[27] Sophie: The apple is right. Just take a bite!
[27] Sophie: Delicious right?
[27] Jack: It is delicious thank you robots.
[27] Sophie: I think mango is more delicious.
[27] Jack: Maybe we should get on our date and start our work yeah.
[27] Sophie: We can just try the yoga.
[27] Lily: Yeah, let us go to try some yoga.
[27] Lily: I would guide you......
[27] Lily: I would teach you some yoga?
[27] Lily: You can just try it!
[28] Sophie: It is difficult for me!
[28] Lily: Well breathing and......
[28] Lily: Take a deep breath......
[28] Sophie: Yeah.
[28] Lily: It's easy......put your hands up
[28] Jack: It looks like it may be rainy.
[29] Jack: Also I think we should have dinner tonight!
[29] Jack: Yeah when you come back.
[29] Sophie: Yes please prepare...
[29] Sophie: Please prepare our
[29] Sophie: Favorite foods for us.

[Step 2] Evaluating semantic answer...
Action: [Answer]
Content: Yes, Sophie says she wants to try yoga and plans to try it with Lily’s guidance.
FINAL ANSWER (from graph):
Yes, Sophie says she wants to try yoga and plans to try it with Lily’s guidance.
Question: What time has Jack's meeting been put off to?

[Step 1] Searching the graph...
Parse Query Output:
{
  "query_triple": ["<Jack>", "meeting rescheduled to", "time#?", 0.95, 0.3, 0.2],
  "spatial_constraint": null,
  "speaker_strict": null,
  "allocation": {
    "k_high_level": 5,
    "k_low_level": 20,
    "k_conversations": 25,
    "total_k": 50,
    "reasoning": "Seeking the new time for Jack's meeting; likely conveyed via dialogue or scheduling action. Use conversations to find explicit mention, and low-level edges for rescheduling actions/time states. Limited high-level for general context."
  }
}

Graph Search Results:
**High-Level Information (Character Attributes and Relationships): **

Character Attributes:
- Jack is: medium build (100), male (100), dark pants (100), black t-shirt (100), white slippers (100)

**Low-Level Information (Actions and Events): **

[9] Jack fetches something. (living room)
[9] Jack confirms meeting. (living room)
[11] Jack sits at table. (kitchen dining area)
[14] Jack sits table. (kitchen dining area)
[15] Jack looks toward other. (kitchen dining area)
[23] Jack asks to change fruit to apple. (kitchen dining area)
[23] Jack asks to change fruit to pomegranate. (kitchen dining area)
[23] Jack repeats request to replace mango with apple. (kitchen dining area)
[23] Jack repeats request to replace mango with pomegranate. (kitchen dining area)
[24] Jack sits at table. (kitchen)
[27] Jack stands up from table. (kitchen and hallway)
[28] Jack looks at <Jack>'s phone. (living room)
[28] Jack comments about weather. (living room)
[28] Jack reminds others. (living room)
[30] Jack looks at <Jack>'s phone. (living room and kitchen)
[30] Jack calls out to girls. (living room and kitchen)
[30] Jack reminds girls. (living room and kitchen)
[30] Jack raises <Jack>'s phone. (living room and kitchen)
[31] Jack points toward counter. (living room and dining area)
[32] Jack speaks to robot. (kitchen and living room)

**Conversations: **

Conversation 1: Sophie, Lily, and Jack chat about breakfast, drinks, and fruit preferences, with the robot assisting by preparing food and cleaning. Lily advocates yoga for relaxation and health, and offers to guide Sophie, while Jack prefers sleep; they tentatively plan to try yoga. Jack’s client meeting is postponed, and he reminds them about umbrellas and arranging dinner (Sophie wants beef, Lily wants broccoli). Fruit selection is adjusted due to Jack’s mango allergy, opting for apples or pomegranate.
[7] Sophie: Yes and I can add some strawberry juice in it.
[7] Sophie: I think it's very delicious I'm yum yeah...
[8] Lily: Jack just wakes up from there.
[8] Lily: 10 minutes ago I came here.
[8] Lily: And find him sleeping on the sofa.
[8] Sophie: Did he stay up so late?
[8] Lily: Uh I don't know we should ask him.
[8] Sophie: Oh wake up Jack why are you sleeping now?
[9] Sophie: Don't forget you have a meeting with your client!
[9] Sophie: Oh my God at this 10:00......
[9] Sophie: Lily: Jack is always so careless!
[9] Sophie: Lily: Yeah.
[9] Jack: Oh!
[9] Jack: The meeting had postponed for one hour yeah......
[9] Sophie: One hour yeah! Please check it! You have a meeting.
[9] Sophie: At 9:10 this morning with your client.
[9] Jack: Yeah it's okay.
[9] Lily: Yeah robot......
[10] Lily: Please put it in the Storage room.
[10] Lily: Oh please put it in the Storage room put the yoga mat!
[10] Jack: My client postponed the plan and late for the meeting so......
[10] Jack: Now we're just gonna wait a little bit......
[10] Sophie: Wow that's great!
[10] Sophie: Let's have a breakfast!
[14] Lily: I have too many activities.
[14] Lily: To make social activity event after event.
[14] Lily: The meeting after meeting.
[14] Lily: I should go to company I should go to my office.
[14] Lily: And recently I just moved to a new office.
[16] Lily: Do you finish it?
[16] Sophie: Emm yeah I just finished it.
[16] Jack: Maybe we should
[16] Jack: do something.
[16] Sophie: I want to try yoga!
[16] Sophie: Could you please tell me something just about yoga?
[22] Sophie: And wait for our fruits wait for our fruits...
[22] Sophie: What kind of fruits do you like?
[22] Jack: For me?
[22] Jack: I like more fruits...
[22] Sophie: Lot of fruits... I like watermelons and...
[23] Jack: Mango oh! My goodness!
[23] Jack: I forgot I cannot have mango.
[23] Jack: Can you change the fruit to apple or pomegranate?
[23] Jack: Please I'm allergic to mangoes I cannot have.
[23] Sophie: Why you cannot eat mango?
[23] Jack: I am allergic I forgot.
[23] Sophie: Oh yeah don't forget he just stayed in the hospital for 2 days because of mango allergy!
[23] Sophie: Yeah yeah just...
[23] Jack: How about please change the mango to apple or pomegranate?
[24] Sophie: But I can try it yeah.
[24] Lily: What are you doing?
[24] Jack: Yeah I like the mangoes and that is yummy.
[24] Lily: What happened yeah, for you if you eat a mango?
[24] Jack: Oh no.
[24] Jack: Some red allergic rash.
[24] Sophie: Yeah after the party...
[27] Jack: It is delicious thank you robots.
[27] Sophie: I think mango is more delicious.
[27] Jack: Maybe we should get on our date and start our work yeah.
[27] Sophie: We can just try the yoga.
[27] Lily: Yeah, let us go to try some yoga.
[29] Sophie: Rainy?
[29] Sophie: Lily: Wow thank you for reminding.
[29] Jack: Also I think we should have dinner tonight!
[29] Jack: Yeah when you come back.
[29] Sophie: Yes please prepare...
[29] Lily: Ah I like broccoli.
[29] Jack: I will tell the robot.
[29] Sophie: Okay what time is it now?
[29] Lily: Oh what time is it?
[29] Sophie: Oh my God 11!
[29] Lily: I...
[29] Lily: Badly late...
[30] Jack: Hurry up! oh!
[30] Sophie: Yeah quickly......
[30] Lily: Let's go get ready I should go to the park.
[30] Jack: Girls quickly quickly go go go.
[30] Jack: Don't be late for work.
[30] Lily: Oh it's so late.
[30] Jack: Oh my God your umbrellas! robots
[30] Jack: Can you get their umbrellas?
[30] Jack: Go go go go oh!
[31] Sophie: Thank you robot!
[31] Jack: Hey robots can you
[31] Jack: Bring the laptop over here and clean up the table.
[31] Jack: Please.
[32] Jack: And also don't forget dinner
[32] Jack: Sophia wants beef and Lily wants broccoli.
[32] Jack: Thank you.

[Step 2] Evaluating semantic answer...
Action: [Answer]
Content: It was postponed to 10:00.
FINAL ANSWER (from graph):
It was postponed to 10:00.
Question: Why is Jack is not energetic in the morning?

[Step 1] Searching the graph...
Parse Query Output:
{
  "query_triple": ["<Jack>", "is not energetic", "morning", 0.95, 0.3, 0.6],
  "spatial_constraint": null,
  "speaker_strict": null,
  "allocation": {
    "k_high_level": 6,
    "k_low_level": 9,
    "k_conversations": 35,
    "total_k": 50,
    "reasoning": "Why query about a state; prioritize conversations to find causes (e.g., lack of sleep, events), use some high-level edges for traits/habits, and a few low-level edges for specific morning actions or states."
  }
}

Graph Search Results:
**High-Level Information (Character Attributes and Relationships): **

Character Attributes:
- Jack is: medium build (100), dark pants (100)

Character Relationships:
- Jack relies on robot (85)
- Sophie is friend with Jack (95)
- Jack is friendly with Lily (85)
- Jack amicable with Lily (70)

**Low-Level Information (Actions and Events): **

[9] Jack leaves living room. (living room)
[9] Jack fetches something. (living room)
[9] Jack confirms meeting. (living room)
[15] Jack loves sleeping. (kitchen dining area)
[25] Jack is not happy. (kitchen counter)
[28] Jack comments about weather. (living room)
[30] Jack stays near kitchen. (living room and kitchen)
[30] Jack reminds girls. (living room and kitchen)
[30] Jack walks into hallway. (living room and kitchen)

**Conversations: **

Conversation 1: Sophie, Lily, and Jack chat about breakfast, drinks, and fruit preferences, with the robot assisting by preparing food and cleaning. Lily advocates yoga for relaxation and health, and offers to guide Sophie, while Jack prefers sleep; they tentatively plan to try yoga. Jack’s client meeting is postponed, and he reminds them about umbrellas and arranging dinner (Sophie wants beef, Lily wants broccoli). Fruit selection is adjusted due to Jack’s mango allergy, opting for apples or pomegranate.
[1] Sophie: Coffee milk orange juice...... What do you want to drink Lily?
[2] Sophie: Coffee milk orange juice... What do you want to drink Lily?
[2] Lily: Uhh everyone seems low on energy.
[2] Lily: Something refreshing.
[2] Sophie: Okay take the bread to the kitchen and
[7] Sophie: Yes and I can add some strawberry juice in it.
[7] Sophie: I think it's very delicious I'm yum yeah...
[8] Lily: Jack just wakes up from there.
[8] Lily: 10 minutes ago I came here.
[8] Lily: And find him sleeping on the sofa.
[8] Sophie: Did he stay up so late?
[8] Lily: Uh I don't know we should ask him.
[8] Sophie: Oh wake up Jack why are you sleeping now?
[9] Sophie: Don't forget you have a meeting with your client!
[9] Sophie: Oh my God at this 10:00......
[9] Sophie: Haha......
[9] Sophie: Lily: Jack is always so careless!
[9] Sophie: Lily: Yeah.
[9] Jack: Oh!
[9] Jack: The meeting had postponed for one hour yeah......
[9] Sophie: One hour yeah! Please check it! You have a meeting.
[9] Sophie: At 9:10 this morning with your client.
[9] Jack: Yeah it's okay.
[9] Lily: Yeah robot......
[10] Lily: Please put it in the Storage room.
[10] Lily: Oh please put it in the Storage room put the yoga mat!
[10] Jack: My client postponed the plan and late for the meeting so......
[10] Jack: Now we're just gonna wait a little bit......
[10] Sophie: Wow that's great!
[10] Sophie: Let's have a breakfast!
[11] Jack: Wow I got my energy back!
[11] Lily: Ha ha that's nice!
[11] Sophie: That's nice but I think you have...
[11] Sophie: So much flexible time for sleep sometimes...
[11] Sophie: Yeah but Lily have a more healthier body right?
[11] Lily: That's why I'm tired.
[11] Lily: So I'm not like Jack
[12] Lily: I like to go to sleep.
[12] Lily: So early and wake up early in the morning.
[12] Lily: Whoa yeah he wake he sleep too much.
[12] Sophie: Yeah how some chocolate jams please
[12] Sophie: I think it's more delicious if you have some.
[15] Jack: I'm glad my job is online now and it's a lot easier.
[15] Sophie: Oh easier. Do you like sleeping yeah?
[15] Jack: Yeah I love sleeping...
[15] Lily: I cannot sleep enough so I have to do yoga.
[15] Sophie: Me too and I don't have so much time sleeping.
[15] Jack: Sleeping is way better than yoga!
[15] Sophie: No I do not have so much time as you have to sleep yeah.
[16] Lily: Do you finish it?
[16] Sophie: Emm yeah I just finished it.
[16] Jack: Maybe we should
[16] Jack: do something.
[16] Sophie: I want to try yoga!
[16] Sophie: Could you please tell me something just about yoga?
[17] Lily: sleep again?
[17] Sophie: Wow sleep again.
[18] Sophie: Why he so likes asleep?
[18] Lily: Because he thinks...
[18] Lily: Sleeping is better than Yoga.
[18] Jack: Yeah sleeping is better than Yoga.
[18] Lily: You should try it!
[18] Sophie: I think so you should try Yuga because...
[19] Sophie: Trying yoga to exercise and lose weight for myself!
[19] Lily: Yoga can help you to have a good change.
[19] Jack: The weather is nice.
[20] Sophie: Oh.
[20] Jack: Like walking... running...
[20] Sophie: I'm always swimming. I like swimming yay!
[20] Jack: Walking in the park...
[20] Sophie: Walking in the park can lose weight right?
[20] Jack: Help you exercise...
[20] Lily: And if you do it on purpose maybe you can also do.
[20] Lily: Losing weight.
[22] Sophie: And wait for our fruits wait for our fruits...
[22] Sophie: What kind of fruits do you like?
[22] Jack: For me?
[22] Jack: I like more fruits...
[22] Sophie: Lot of fruits... I like watermelons and...
[22] Sophie: lemons.
[23] Sophie: Lily: Mango! We love it! And grapes.
[23] Jack: Mango oh! My goodness!
[23] Jack: I forgot I cannot have mango.
[23] Jack: Can you change the fruit to apple or pomegranate?
[23] Jack: Please I'm allergic to mangoes I cannot have.
[23] Sophie: Why you cannot eat mango?
[23] Jack: I am allergic I forgot.
[23] Sophie: Oh yeah don't forget he just stayed in the hospital for 2 days because of mango allergy!
[23] Sophie: Yeah yeah just...
[24] Jack: Yeah I like the mangoes and that is yummy.
[24] Lily: What happened yeah, for you if you eat a mango?
[24] Jack: Oh no.
[24] Jack: Some red allergic rash.
[24] Sophie: Yeah after the party...
[25] Sophie: Yeah at the party we are all happy.
[28] Sophie: Yeah.
[28] Lily: It's easy......put your hands up
[28] Jack: It looks like it may be rainy.
[28] Jack: So don't forget your umbrellas today!
[29] Sophie: Rainy?
[29] Lily: I...
[29] Lily: Badly late...
[30] Jack: Hurry up! oh!
[30] Sophie: Yeah quickly......
[30] Lily: Let's go get ready I should go to the park.
[30] Jack: Girls quickly quickly go go go.
[30] Jack: Don't be late for work.
[30] Lily: Oh it's so late.
[30] Jack: Oh my God your umbrellas! robots
[31] Jack: Hey robots can you
[31] Jack: Bring the laptop over here and clean up the table.
[31] Jack: Please.
[32] Jack: And also don't forget dinner
[32] Jack: Sophia wants beef and Lily wants broccoli.
[32] Jack: Thank you.

[Step 2] Evaluating semantic answer...
Action: [Answer]
Content: Because he stayed up late and loves sleeping, leaving him low on energy in the morning.
FINAL ANSWER (from graph):
Because he stayed up late and loves sleeping, leaving him low on energy in the morning.
Question: Does Jack hate chocolate sauce?

[Step 1] Searching the graph...
Parse Query Output:
{
  "query_triple": ["<Jack>", "hates", "chocolate sauce", 0.95, 0.3, 0.9],
  "spatial_constraint": null,
  "speaker_strict": null,
  "allocation": {
    "k_high_level": 8,
    "k_low_level": 12,
    "k_conversations": 30,
    "total_k": 50,
    "reasoning": "Preference/attitude query—use high-level edges for traits, conversations for explicit statements (likes/dislikes), and some low-level edges for actions indicating dislike (e.g., rejects, avoids, throws away sauce)."
  }
}

Graph Search Results:
**High-Level Information (Character Attributes and Relationships): **

Character Attributes:
- Jack is: male (100), dark pants (100), black t-shirt (100), white slippers (100)

Character Relationships:
- Jack relies on robot (85)
- Sophie is friend with Jack (95)
- Sophie friends with Jack (75)
- Jack is friendly with Lily (85)

**Low-Level Information (Actions and Events): **

[9] Jack sits sofa. (living room)
[15] Jack loves sleeping. (kitchen dining area)
[22] Jack says he likes more fruit. (kitchen)
[23] Jack looks at fruit plate. (kitchen dining area)
[23] Jack repeats request to replace mango with apple. (kitchen dining area)
[23] Jack repeats request to replace mango with pomegranate. (kitchen dining area)
[26] Jack is near plate with bread. (kitchen dining area)
[26] Jack reaches toward plate of apple slice. (kitchen dining area)
[27] Jack holds apple slice. (kitchen and hallway)
[27] Jack bites apple. (kitchen and hallway)
[30] Jack stops by kitchen wall. (living room and kitchen)
[32] Jack looks at food. (kitchen and living room)

**Conversations: **

Conversation 1: Sophie, Lily, and Jack chat about breakfast, drinks, and fruit preferences, with the robot assisting by preparing food and cleaning. Lily advocates yoga for relaxation and health, and offers to guide Sophie, while Jack prefers sleep; they tentatively plan to try yoga. Jack’s client meeting is postponed, and he reminds them about umbrellas and arranging dinner (Sophie wants beef, Lily wants broccoli). Fruit selection is adjusted due to Jack’s mango allergy, opting for apples or pomegranate.
[9] Sophie: Oh my God at this 10:00......
[9] Sophie: Haha......
[9] Sophie: Lily: Jack is always so careless!
[9] Sophie: Lily: Yeah.
[9] Jack: Oh!
[9] Jack: The meeting had postponed for one hour yeah......
[9] Sophie: One hour yeah! Please check it! You have a meeting.
[9] Sophie: At 9:10 this morning with your client.
[9] Jack: Yeah it's okay.
[9] Lily: Yeah robot......
[10] Lily: Please put it in the Storage room.
[11] Sophie: Yeah but Lily have a more healthier body right?
[11] Lily: That's why I'm tired.
[11] Lily: So I'm not like Jack
[12] Lily: I like to go to sleep.
[12] Lily: So early and wake up early in the morning.
[12] Sophie: Yeah how some chocolate jams please
[12] Sophie: I think it's more delicious if you have some.
[12] Sophie: Chocolate jams
[12] Lily: Yeah I like do you like chocolate.
[12] Sophie: Yeah I like chocolate.
[12] Sophie: Could you please bring us some chocolate sauce from the kitchen?
[12] Sophie: Oh!
[13] Lily: How's your life been these days?
[13] Sophie: I'm really tired too, oh yeah.
[14] Sophie: I'm really tired too oh yeah.
[14] Sophie: That is the chocolate jams!
[14] Lily: I have too many activities.
[14] Lily: To make social activity event after event.
[16] Lily: Do you finish it?
[16] Sophie: Emm yeah I just finished it.
[16] Jack: Maybe we should
[16] Jack: do something.
[16] Sophie: I want to try yoga!
[16] Sophie: Could you please tell me something just about yoga?
[21] Lily: Fat burning yeah.
[21] Sophie: This is very delicious do you think it?
[21] Lily: Yeah the chocolate sauce I will like it.
[21] Lily: And also we should eat some fruits.
[21] Sophie: Fruits ......but we should wait a minute for our robot over there.
[22] Sophie: And wait for our fruits wait for our fruits...
[22] Sophie: What kind of fruits do you like?
[22] Jack: For me?
[22] Jack: I like more fruits...
[22] Sophie: Lot of fruits... I like watermelons and...
[22] Sophie: lemons.
[23] Sophie: Thinking about what robots will prepare the fruit for us?
[23] Sophie: Lily: Mango! We love it! And grapes.
[23] Jack: Mango oh! My goodness!
[23] Jack: I forgot I cannot have mango.
[23] Jack: Can you change the fruit to apple or pomegranate?
[23] Jack: Please I'm allergic to mangoes I cannot have.
[23] Sophie: Why you cannot eat mango?
[23] Jack: I am allergic I forgot.
[23] Sophie: Oh yeah don't forget he just stayed in the hospital for 2 days because of mango allergy!
[23] Sophie: Yeah yeah just...
[23] Jack: How about please change the mango to apple or pomegranate?
[24] Sophie: But I can try it yeah.
[24] Lily: What are you doing?
[24] Jack: Yeah I like the mangoes and that is yummy.
[24] Lily: What happened yeah, for you if you eat a mango?
[24] Jack: Oh no.
[24] Jack: Some red allergic rash.
[24] Sophie: Yeah after the party...
[25] Sophie: Yeah at the party we are all happy.
[26] Sophie: Emm yeah.
[26] Lily: Eating watermelon.
[26] Jack: Watermelon really yeah...
[26] Sophie: What can that food did?
[26] Lily: When she eats watermelon her lips gonna be like this oh...
[27] Sophie: The apple is right. Just take a bite!
[27] Sophie: Delicious right?
[27] Jack: It is delicious thank you robots.
[27] Sophie: I think mango is more delicious.
[27] Jack: Maybe we should get on our date and start our work yeah.
[29] Lily: I...
[29] Lily: Badly late...
[30] Jack: Hurry up! oh!
[30] Sophie: Yeah quickly......
[30] Lily: Let's go get ready I should go to the park.
[30] Jack: Oh my God your umbrellas! robots
[30] Jack: Can you get their umbrellas?
[30] Jack: Go go go go oh!
[31] Sophie: Thank you robot!
[31] Lily: Thank you robot!
[31] Jack: Hey robots can you
[31] Jack: Bring the laptop over here and clean up the table.
[31] Jack: Please.
[32] Jack: And also don't forget dinner
[32] Jack: Sophia wants beef and Lily wants broccoli.
[32] Jack: Thank you.

[Step 2] Evaluating semantic answer...
Action: [Answer]
Content: No, there is no indication that Jack hates chocolate sauce.
FINAL ANSWER (from graph):
No, there is no indication that Jack hates chocolate sauce.
✓ Updated results.json for living_room_06 (16 questions)
✓ Cleaned up video and frames for living_room_06

============================================================
Processing video: study_22
============================================================
Downloading 1 video(s) to data/videos...

Downloading study_22.mp4...
✓ Successfully downloaded study_22.mp4 to data/videos/study_22.mp4

============================================================
Download Summary:
  Successful: 1/1
============================================================

============================================================
[1/1] Processing: study_22
============================================================
Video: data/videos/study_22.mp4
Subtitles: data/subtitles/robot/study_22.srt
Output: data/frames/study_22
============================================================

Parsing subtitle file: data/subtitles/robot/study_22.srt
Found 484 subtitle entries
Video: 1280x720, 30.00 FPS, 65309 frames, 2176.97s duration

Extracting frames with subtitles...
Grouping frames into folders of 30 frames each
  Saved 10 frames (up to 9s, folder 1)
  Saved 20 frames (up to 19s, folder 1)
  Saved 30 frames (up to 29s, folder 1)
  Saved 40 frames (up to 39s, folder 2)
  Saved 50 frames (up to 49s, folder 2)
  Saved 60 frames (up to 59s, folder 2)
  Saved 70 frames (up to 69s, folder 3)
  Saved 80 frames (up to 79s, folder 3)
  Saved 90 frames (up to 89s, folder 3)
  Saved 100 frames (up to 99s, folder 4)
  Saved 110 frames (up to 109s, folder 4)
  Saved 120 frames (up to 119s, folder 4)
  Saved 130 frames (up to 129s, folder 5)
  Saved 140 frames (up to 139s, folder 5)
  Saved 150 frames (up to 149s, folder 5)
  Saved 160 frames (up to 159s, folder 6)
  Saved 170 frames (up to 169s, folder 6)
  Saved 180 frames (up to 179s, folder 6)
  Saved 190 frames (up to 189s, folder 7)
  Saved 200 frames (up to 199s, folder 7)
  Saved 210 frames (up to 209s, folder 7)
  Saved 220 frames (up to 219s, folder 8)
  Saved 230 frames (up to 229s, folder 8)
  Saved 240 frames (up to 239s, folder 8)
  Saved 250 frames (up to 249s, folder 9)
  Saved 260 frames (up to 259s, folder 9)
  Saved 270 frames (up to 269s, folder 9)
  Saved 280 frames (up to 279s, folder 10)
  Saved 290 frames (up to 289s, folder 10)
  Saved 300 frames (up to 299s, folder 10)
  Saved 310 frames (up to 309s, folder 11)
  Saved 320 frames (up to 319s, folder 11)
  Saved 330 frames (up to 329s, folder 11)
  Saved 340 frames (up to 339s, folder 12)
  Saved 350 frames (up to 349s, folder 12)
  Saved 360 frames (up to 359s, folder 12)
  Saved 370 frames (up to 369s, folder 13)
  Saved 380 frames (up to 379s, folder 13)
  Saved 390 frames (up to 389s, folder 13)
  Saved 400 frames (up to 399s, folder 14)
  Saved 410 frames (up to 409s, folder 14)
  Saved 420 frames (up to 419s, folder 14)
  Saved 430 frames (up to 429s, folder 15)
  Saved 440 frames (up to 439s, folder 15)
  Saved 450 frames (up to 449s, folder 15)
  Saved 460 frames (up to 459s, folder 16)
  Saved 470 frames (up to 469s, folder 16)
  Saved 480 frames (up to 479s, folder 16)
  Saved 490 frames (up to 489s, folder 17)
  Saved 500 frames (up to 499s, folder 17)
  Saved 510 frames (up to 509s, folder 17)
  Saved 520 frames (up to 519s, folder 18)
  Saved 530 frames (up to 529s, folder 18)
  Saved 540 frames (up to 539s, folder 18)
  Saved 550 frames (up to 549s, folder 19)
  Saved 560 frames (up to 559s, folder 19)
  Saved 570 frames (up to 569s, folder 19)
  Saved 580 frames (up to 579s, folder 20)
  Saved 590 frames (up to 589s, folder 20)
  Saved 600 frames (up to 599s, folder 20)
  Saved 610 frames (up to 609s, folder 21)
  Saved 620 frames (up to 619s, folder 21)
  Saved 630 frames (up to 629s, folder 21)
  Saved 640 frames (up to 639s, folder 22)
  Saved 650 frames (up to 649s, folder 22)
  Saved 660 frames (up to 659s, folder 22)
  Saved 670 frames (up to 669s, folder 23)
  Saved 680 frames (up to 679s, folder 23)
  Saved 690 frames (up to 689s, folder 23)
  Saved 700 frames (up to 699s, folder 24)
  Saved 710 frames (up to 709s, folder 24)
  Saved 720 frames (up to 719s, folder 24)
  Saved 730 frames (up to 729s, folder 25)
  Saved 740 frames (up to 739s, folder 25)
  Saved 750 frames (up to 749s, folder 25)
  Saved 760 frames (up to 759s, folder 26)
  Saved 770 frames (up to 769s, folder 26)
  Saved 780 frames (up to 779s, folder 26)
  Saved 790 frames (up to 789s, folder 27)
  Saved 800 frames (up to 799s, folder 27)
  Saved 810 frames (up to 809s, folder 27)
  Saved 820 frames (up to 819s, folder 28)
  Saved 830 frames (up to 829s, folder 28)
  Saved 840 frames (up to 839s, folder 28)
  Saved 850 frames (up to 849s, folder 29)
  Saved 860 frames (up to 859s, folder 29)
  Saved 870 frames (up to 869s, folder 29)
  Saved 880 frames (up to 879s, folder 30)
  Saved 890 frames (up to 889s, folder 30)
  Saved 900 frames (up to 899s, folder 30)
  Saved 910 frames (up to 909s, folder 31)
  Saved 920 frames (up to 919s, folder 31)
  Saved 930 frames (up to 929s, folder 31)
  Saved 940 frames (up to 939s, folder 32)
  Saved 950 frames (up to 949s, folder 32)
  Saved 960 frames (up to 959s, folder 32)
  Saved 970 frames (up to 969s, folder 33)
  Saved 980 frames (up to 979s, folder 33)
  Saved 990 frames (up to 989s, folder 33)
  Saved 1000 frames (up to 999s, folder 34)
  Saved 1010 frames (up to 1009s, folder 34)
  Saved 1020 frames (up to 1019s, folder 34)
  Saved 1030 frames (up to 1029s, folder 35)
  Saved 1040 frames (up to 1039s, folder 35)
  Saved 1050 frames (up to 1049s, folder 35)
  Saved 1060 frames (up to 1059s, folder 36)
  Saved 1070 frames (up to 1069s, folder 36)
  Saved 1080 frames (up to 1079s, folder 36)
  Saved 1090 frames (up to 1089s, folder 37)
  Saved 1100 frames (up to 1099s, folder 37)
  Saved 1110 frames (up to 1109s, folder 37)
  Saved 1120 frames (up to 1119s, folder 38)
  Saved 1130 frames (up to 1129s, folder 38)
  Saved 1140 frames (up to 1139s, folder 38)
  Saved 1150 frames (up to 1149s, folder 39)
  Saved 1160 frames (up to 1159s, folder 39)
  Saved 1170 frames (up to 1169s, folder 39)
  Saved 1180 frames (up to 1179s, folder 40)
  Saved 1190 frames (up to 1189s, folder 40)
  Saved 1200 frames (up to 1199s, folder 40)
  Saved 1210 frames (up to 1209s, folder 41)
  Saved 1220 frames (up to 1219s, folder 41)
  Saved 1230 frames (up to 1229s, folder 41)
  Saved 1240 frames (up to 1239s, folder 42)
  Saved 1250 frames (up to 1249s, folder 42)
  Saved 1260 frames (up to 1259s, folder 42)
  Saved 1270 frames (up to 1269s, folder 43)
  Saved 1280 frames (up to 1279s, folder 43)
  Saved 1290 frames (up to 1289s, folder 43)
  Saved 1300 frames (up to 1299s, folder 44)
  Saved 1310 frames (up to 1309s, folder 44)
  Saved 1320 frames (up to 1319s, folder 44)
  Saved 1330 frames (up to 1329s, folder 45)
  Saved 1340 frames (up to 1339s, folder 45)
  Saved 1350 frames (up to 1349s, folder 45)
  Saved 1360 frames (up to 1359s, folder 46)
  Saved 1370 frames (up to 1369s, folder 46)
  Saved 1380 frames (up to 1379s, folder 46)
  Saved 1390 frames (up to 1389s, folder 47)
  Saved 1400 frames (up to 1399s, folder 47)
  Saved 1410 frames (up to 1409s, folder 47)
  Saved 1420 frames (up to 1419s, folder 48)
  Saved 1430 frames (up to 1429s, folder 48)
  Saved 1440 frames (up to 1439s, folder 48)
  Saved 1450 frames (up to 1449s, folder 49)
  Saved 1460 frames (up to 1459s, folder 49)
  Saved 1470 frames (up to 1469s, folder 49)
  Saved 1480 frames (up to 1479s, folder 50)
  Saved 1490 frames (up to 1489s, folder 50)
  Saved 1500 frames (up to 1499s, folder 50)
  Saved 1510 frames (up to 1509s, folder 51)
  Saved 1520 frames (up to 1519s, folder 51)
  Saved 1530 frames (up to 1529s, folder 51)
  Saved 1540 frames (up to 1539s, folder 52)
  Saved 1550 frames (up to 1549s, folder 52)
  Saved 1560 frames (up to 1559s, folder 52)
  Saved 1570 frames (up to 1569s, folder 53)
  Saved 1580 frames (up to 1579s, folder 53)
  Saved 1590 frames (up to 1589s, folder 53)
  Saved 1600 frames (up to 1599s, folder 54)
  Saved 1610 frames (up to 1609s, folder 54)
  Saved 1620 frames (up to 1619s, folder 54)
  Saved 1630 frames (up to 1629s, folder 55)
  Saved 1640 frames (up to 1639s, folder 55)
  Saved 1650 frames (up to 1649s, folder 55)
  Saved 1660 frames (up to 1659s, folder 56)
  Saved 1670 frames (up to 1669s, folder 56)
  Saved 1680 frames (up to 1679s, folder 56)
  Saved 1690 frames (up to 1689s, folder 57)
  Saved 1700 frames (up to 1699s, folder 57)
  Saved 1710 frames (up to 1709s, folder 57)
  Saved 1720 frames (up to 1719s, folder 58)
  Saved 1730 frames (up to 1729s, folder 58)
  Saved 1740 frames (up to 1739s, folder 58)
  Saved 1750 frames (up to 1749s, folder 59)
  Saved 1760 frames (up to 1759s, folder 59)
  Saved 1770 frames (up to 1769s, folder 59)
  Saved 1780 frames (up to 1779s, folder 60)
  Saved 1790 frames (up to 1789s, folder 60)
  Saved 1800 frames (up to 1799s, folder 60)
  Saved 1810 frames (up to 1809s, folder 61)
  Saved 1820 frames (up to 1819s, folder 61)
  Saved 1830 frames (up to 1829s, folder 61)
  Saved 1840 frames (up to 1839s, folder 62)
  Saved 1850 frames (up to 1849s, folder 62)
  Saved 1860 frames (up to 1859s, folder 62)
  Saved 1870 frames (up to 1869s, folder 63)
  Saved 1880 frames (up to 1879s, folder 63)
  Saved 1890 frames (up to 1889s, folder 63)
  Saved 1900 frames (up to 1899s, folder 64)
  Saved 1910 frames (up to 1909s, folder 64)
  Saved 1920 frames (up to 1919s, folder 64)
  Saved 1930 frames (up to 1929s, folder 65)
  Saved 1940 frames (up to 1939s, folder 65)
  Saved 1950 frames (up to 1949s, folder 65)
  Saved 1960 frames (up to 1959s, folder 66)
  Saved 1970 frames (up to 1969s, folder 66)
  Saved 1980 frames (up to 1979s, folder 66)
  Saved 1990 frames (up to 1989s, folder 67)
  Saved 2000 frames (up to 1999s, folder 67)
  Saved 2010 frames (up to 2009s, folder 67)
  Saved 2020 frames (up to 2019s, folder 68)
  Saved 2030 frames (up to 2029s, folder 68)
  Saved 2040 frames (up to 2039s, folder 68)
  Saved 2050 frames (up to 2049s, folder 69)
  Saved 2060 frames (up to 2059s, folder 69)
  Saved 2070 frames (up to 2069s, folder 69)
  Saved 2080 frames (up to 2079s, folder 70)
  Saved 2090 frames (up to 2089s, folder 70)
  Saved 2100 frames (up to 2099s, folder 70)
  Saved 2110 frames (up to 2109s, folder 71)
  Saved 2120 frames (up to 2119s, folder 71)
  Saved 2130 frames (up to 2129s, folder 71)
  Saved 2140 frames (up to 2139s, folder 72)
  Saved 2150 frames (up to 2149s, folder 72)
  Saved 2160 frames (up to 2159s, folder 72)
  Saved 2170 frames (up to 2169s, folder 73)

✓ Extracted 2177 frames to data/frames/study_22

✓ Successfully processed study_22: 2177 frames saved
--------------------------------
Processing folder:  data/frames/study_22/1
Inserted 19 triples into graph for clip 1
--------------------------------
Processing folder:  data/frames/study_22/2
Inserted 22 triples into graph for clip 2
--------------------------------
Processing folder:  data/frames/study_22/3
Inserted 39 triples into graph for clip 3
--------------------------------
Processing folder:  data/frames/study_22/4
Inserted 16 triples into graph for clip 4
--------------------------------
Processing folder:  data/frames/study_22/5
Inserted 24 triples into graph for clip 5
--------------------------------
Processing folder:  data/frames/study_22/6
Inserted 23 triples into graph for clip 6
--------------------------------
Processing folder:  data/frames/study_22/7
Inserted 23 triples into graph for clip 7
--------------------------------
Processing folder:  data/frames/study_22/8
Inserted 24 triples into graph for clip 8
--------------------------------
Processing folder:  data/frames/study_22/9
Inserted 31 triples into graph for clip 9
--------------------------------
Processing folder:  data/frames/study_22/10
Inserted 36 triples into graph for clip 10
--------------------------------
Processing folder:  data/frames/study_22/11
Inserted 13 triples into graph for clip 11
--------------------------------
Processing folder:  data/frames/study_22/12
Inserted 24 triples into graph for clip 12
--------------------------------
Processing folder:  data/frames/study_22/13
Inserted 20 triples into graph for clip 13
--------------------------------
Processing folder:  data/frames/study_22/14
Inserted 11 triples into graph for clip 14
--------------------------------
Processing folder:  data/frames/study_22/15
Inserted 18 triples into graph for clip 15
--------------------------------
Processing folder:  data/frames/study_22/16
Inserted 21 triples into graph for clip 16
--------------------------------
Processing folder:  data/frames/study_22/17
Inserted 17 triples into graph for clip 17
--------------------------------
Processing folder:  data/frames/study_22/18
Inserted 24 triples into graph for clip 18
--------------------------------
Processing folder:  data/frames/study_22/19
Inserted 19 triples into graph for clip 19
--------------------------------
Processing folder:  data/frames/study_22/20
Inserted 18 triples into graph for clip 20
--------------------------------
Processing folder:  data/frames/study_22/21
Inserted 19 triples into graph for clip 21
--------------------------------
Processing folder:  data/frames/study_22/22
Inserted 27 triples into graph for clip 22
--------------------------------
Processing folder:  data/frames/study_22/23
Inserted 12 triples into graph for clip 23
--------------------------------
Processing folder:  data/frames/study_22/24
Inserted 19 triples into graph for clip 24
--------------------------------
Processing folder:  data/frames/study_22/25
Inserted 25 triples into graph for clip 25
--------------------------------
Processing folder:  data/frames/study_22/26
Inserted 17 triples into graph for clip 26
--------------------------------
Processing folder:  data/frames/study_22/27
Inserted 19 triples into graph for clip 27
--------------------------------
Processing folder:  data/frames/study_22/28
Inserted 21 triples into graph for clip 28
--------------------------------
Processing folder:  data/frames/study_22/29
Inserted 12 triples into graph for clip 29
--------------------------------
Processing folder:  data/frames/study_22/30
Inserted 19 triples into graph for clip 30
--------------------------------
Processing folder:  data/frames/study_22/31
Inserted 19 triples into graph for clip 31
--------------------------------
Processing folder:  data/frames/study_22/32
Extracting summary for completed conversation 1...
Warning: Character '<Mia>' not found in graph, skipping relationship
✓ Conversation summary extracted. Attributes: 10, Relationships: 3
Inserted 22 triples into graph for clip 32
--------------------------------
Processing folder:  data/frames/study_22/33
Inserted 29 triples into graph for clip 33
--------------------------------
Processing folder:  data/frames/study_22/34
Inserted 20 triples into graph for clip 34
--------------------------------
Processing folder:  data/frames/study_22/35
Inserted 11 triples into graph for clip 35
--------------------------------
Processing folder:  data/frames/study_22/36
Inserted 13 triples into graph for clip 36
--------------------------------
Processing folder:  data/frames/study_22/37
Inserted 14 triples into graph for clip 37
--------------------------------
Processing folder:  data/frames/study_22/38
Inserted 12 triples into graph for clip 38
--------------------------------
Processing folder:  data/frames/study_22/39
Inserted 12 triples into graph for clip 39
--------------------------------
Processing folder:  data/frames/study_22/40
Inserted 16 triples into graph for clip 40
--------------------------------
Processing folder:  data/frames/study_22/41
Inserted 14 triples into graph for clip 41
--------------------------------
Processing folder:  data/frames/study_22/42
Inserted 17 triples into graph for clip 42
--------------------------------
Processing folder:  data/frames/study_22/43
✗ Error processing folder data/frames/study_22/43: Expecting ',' delimiter: line 34 column 34 (char 1322)
Continuing to next folder...
--------------------------------
Processing folder:  data/frames/study_22/44
✗ Error processing folder data/frames/study_22/44: can only concatenate str (not "dict") to str
Continuing to next folder...
--------------------------------
Processing folder:  data/frames/study_22/45
✗ Error processing folder data/frames/study_22/45: can only concatenate str (not "dict") to str
Continuing to next folder...
--------------------------------
Processing folder:  data/frames/study_22/46
✗ Error processing folder data/frames/study_22/46: can only concatenate str (not "dict") to str
Continuing to next folder...
--------------------------------
Processing folder:  data/frames/study_22/47
✗ Error processing folder data/frames/study_22/47: can only concatenate str (not "dict") to str
Continuing to next folder...
--------------------------------
Processing folder:  data/frames/study_22/48
✗ Error processing folder data/frames/study_22/48: can only concatenate str (not "dict") to str
Continuing to next folder...
--------------------------------
Processing folder:  data/frames/study_22/49
✗ Error processing folder data/frames/study_22/49: can only concatenate str (not "dict") to str
Continuing to next folder...
--------------------------------
Processing folder:  data/frames/study_22/50
✗ Error processing folder data/frames/study_22/50: can only concatenate str (not "dict") to str
Continuing to next folder...
--------------------------------
Processing folder:  data/frames/study_22/51
✗ Error processing folder data/frames/study_22/51: can only concatenate str (not "dict") to str
Continuing to next folder...
--------------------------------
Processing folder:  data/frames/study_22/52
✗ Error processing folder data/frames/study_22/52: can only concatenate str (not "dict") to str
Continuing to next folder...
--------------------------------
Processing folder:  data/frames/study_22/53
✗ Error processing folder data/frames/study_22/53: can only concatenate str (not "dict") to str
Continuing to next folder...
--------------------------------
Processing folder:  data/frames/study_22/54
✗ Error processing folder data/frames/study_22/54: can only concatenate str (not "dict") to str
Continuing to next folder...
--------------------------------
Processing folder:  data/frames/study_22/55
✗ Error processing folder data/frames/study_22/55: can only concatenate str (not "dict") to str
Continuing to next folder...
--------------------------------
Processing folder:  data/frames/study_22/56
✗ Error processing folder data/frames/study_22/56: can only concatenate str (not "dict") to str
Continuing to next folder...
--------------------------------
Processing folder:  data/frames/study_22/57
✗ Error processing folder data/frames/study_22/57: can only concatenate str (not "dict") to str
Continuing to next folder...
--------------------------------
Processing folder:  data/frames/study_22/58
✗ Error processing folder data/frames/study_22/58: can only concatenate str (not "dict") to str
Continuing to next folder...
--------------------------------
Processing folder:  data/frames/study_22/59
✗ Error processing folder data/frames/study_22/59: can only concatenate str (not "dict") to str
Continuing to next folder...
--------------------------------
Processing folder:  data/frames/study_22/60
✗ Error processing folder data/frames/study_22/60: can only concatenate str (not "dict") to str
Continuing to next folder...
--------------------------------
Processing folder:  data/frames/study_22/61
✗ Error processing folder data/frames/study_22/61: can only concatenate str (not "dict") to str
Continuing to next folder...
--------------------------------
Processing folder:  data/frames/study_22/62
✗ Error processing folder data/frames/study_22/62: can only concatenate str (not "dict") to str
Continuing to next folder...
--------------------------------
Processing folder:  data/frames/study_22/63
✗ Error processing folder data/frames/study_22/63: can only concatenate str (not "dict") to str
Continuing to next folder...
--------------------------------
Processing folder:  data/frames/study_22/64
✗ Error processing folder data/frames/study_22/64: can only concatenate str (not "dict") to str
Continuing to next folder...
--------------------------------
Processing folder:  data/frames/study_22/65
✗ Error processing folder data/frames/study_22/65: can only concatenate str (not "dict") to str
Continuing to next folder...
--------------------------------
Processing folder:  data/frames/study_22/66
✗ Error processing folder data/frames/study_22/66: can only concatenate str (not "dict") to str
Continuing to next folder...
--------------------------------
Processing folder:  data/frames/study_22/67
✗ Error processing folder data/frames/study_22/67: can only concatenate str (not "dict") to str
Continuing to next folder...
--------------------------------
Processing folder:  data/frames/study_22/68
✗ Error processing folder data/frames/study_22/68: can only concatenate str (not "dict") to str
Continuing to next folder...
--------------------------------
Processing folder:  data/frames/study_22/69
✗ Error processing folder data/frames/study_22/69: can only concatenate str (not "dict") to str
Continuing to next folder...
--------------------------------
Processing folder:  data/frames/study_22/70
✗ Error processing folder data/frames/study_22/70: can only concatenate str (not "dict") to str
Continuing to next folder...
--------------------------------
Processing folder:  data/frames/study_22/71
✗ Error processing folder data/frames/study_22/71: can only concatenate str (not "dict") to str
Continuing to next folder...
--------------------------------
Processing folder:  data/frames/study_22/72
✗ Error processing folder data/frames/study_22/72: can only concatenate str (not "dict") to str
Continuing to next folder...
--------------------------------
Processing folder:  data/frames/study_22/73
✗ Error processing folder data/frames/study_22/73: can only concatenate str (not "dict") to str
Continuing to next folder...
Extracting summary for final conversation 2...
Warning: Character '<Mia>' not found in graph, skipping attribute: values selective closeness
Warning: Character '<Mia>' not found in graph, skipping relationship
Warning: Character '<Mia>' not found in graph, skipping relationship
✓ Final conversation summary extracted. Attributes: 7, Relationships: 4
Inserting character appearances for 6 characters...
Warning: Character '<character_1>' not found in graph, skipping appearance
Warning: Character '<<Malloy)>' not found in graph, skipping appearance
✓ Character appearances inserted: 23 appearance edges created
138 node embeddings inserted (4 characters, 134 objects)
850 edge embeddings inserted
Generating character attributes...
Number of edges:  850
Character attributes generated.
Number of edges:  875
Character relationships generated.
Number of edges:  895
✓ Graph memory built for study_22
Question: What kind of book does Malloy prefer?

[Step 1] Searching the graph...
Parse Query Output:
{
  "query_triple": ["<Malloy>", "prefers", "book#kind:?", 0.95, 0.3, 0.25],
  "spatial_constraint": null,
  "speaker_strict": null,
  "allocation": {
    "k_high_level": 8,
    "k_low_level": 12,
    "k_conversations": 30,
    "total_k": 50,
    "reasoning": "Preference ('what kind') likely expressed in dialogue or profile; use conversations heavily, some high-level edges for traits/preferences, and a few low-level edges for any shown choices/actions with books."
  }
}

Graph Search Results:
**High-Level Information (Character Attributes and Relationships): **

Character Attributes:
- Malloy is: male (100), light skin (100), medium build (100), light pants (100), no glasses (100), white sneakers (100)

Character Relationships:
- Cooper advises Malloy (80)
- Cooper friends with Malloy (85)

**Low-Level Information (Actions and Events): **

[2] Malloy reads book. (living room and kitchen)
[2] Malloy reads as usual book. (living room and kitchen)
[3] Malloy holds paperback book. (home office)
[7] Malloy looks toward bookshelf. (office)
[7] Malloy reads book. (office)
[7] Malloy flips book page. (office)
[7] Malloy holds book. (office)
[7] Malloy doubts book genre. (office)
[7] Malloy holds open book. (office)
[8] Malloy opens book. (office)
[13] Malloy closes book. (home office)
[13] Malloy holds upright book. (home office)

**Conversations: **

Conversation 1: Cooper tells Jeffrey they no longer need to clean the bookshelf and asks for help placing a rag, then chats with Malloy about books and drinks. Cooper and Malloy discuss reading preferences, with Malloy finding history dull and considering mystery or social skills books. The main focus shifts to Malloy’s concerns about friendship, feeling excluded by classmates—especially Mia—who didn’t invite her to a birthday party or trips. They reflect on what makes real friends, with Cooper offering supportive views while Jeffrey assists with drinks and tidying.
[2] Cooper: how's you doing today
[2] Malloy: oh hi Cooper you're back
[2] Malloy: not much i just reading some book as usual
[2] Cooper: hmm what a surprise
[2] Cooper: you're reading good
[2] Cooper: and what a surprise you are reading book on the weekend
[3] Malloy: wow you're right i seldom read books but what do you think
[3] Malloy: i'm always a party animal
[3] Cooper: no no no no no
[3] Malloy: i'm also surprised to see you
[3] Malloy: wow
[3] Malloy: so hmm
[3] Cooper: you surprised about
[3] Cooper: what are you surprised
[3] Cooper: what's inside my box
[4] Malloy: so Cooper
[4] Malloy: do you like reading books
[4] Cooper: oh yes
[4] Cooper: i do i do love the
[4] Cooper: so i think the past history is pretty interesting
[4] Malloy: okay the past
[4] Malloy: but i think the historical books
[4] Malloy: always make me feel really really sleepy
[4] Cooper: ah oh
[5] Cooper: uh mystery books always made me pretty exciting
[5] Cooper: so I believe you will love it also
[5] Malloy: what mystery book
[5] Malloy: what mystery books
[5] Malloy: but I think I didn't find it in the bookshelf
[5] Cooper: what I remember
[5] Cooper: I put those book on the second floor right over there
[6] Cooper: you have to check it carefully and you find it
[6] Malloy: okay it sounds good
[6] Malloy: oh my god at least is better than the historical books i will try it
[6] Malloy: if i have chance
[6] Cooper: okay
[6] Cooper: what are you reading now
[6] Malloy: i don't know let me have a see i don't know
[6] Malloy: i just take it casually from the second layer of the bookshelf
[7] Malloy: I just take it casually from the second layer of the bookshelf.
[7] Cooper: Oh second layer.
[7] Cooper: I think the second floor is all about the romance.
[7] Cooper: So are you reading the romance book.
[7] Malloy: Romantic.
[7] Malloy: Hmm.
[7] Malloy: Let me have a see I don't think this book is romantic.
[7] Cooper: Wait let's see.
[7] Malloy: Yes let's you see.
[9] Cooper: oh wait wait
[9] Cooper: wait hold on so
[9] Cooper: Malloy i think that you don't need this book anymore
[9] Cooper: so you are so already popular
[9] Malloy: humm
[9] Cooper: wait
[9] Cooper: yep there are nothing else you still
[10] Cooper: I know you're always missing on the weekend.
[10] Malloy: I just feel really tired sometimes.
[10] Malloy: I think it's good to read some book.
[10] Malloy: Sometime on weekends.
[10] Cooper: What this doesn't mean.
[11] Cooper: some reading notes
[11] Cooper: I love reading you know
[11] Malloy: okay
[11] Cooper: and yes but you say you
[11] Cooper: you want to
[12] Cooper: but please go on let me know something about it
[12] Cooper: what happened to you
[12] Malloy: okay it's so boring to read these books
[13] Malloy: it's all about the character okay
[13] Malloy: let's take over so
[13] Malloy: Jeffrey can you help me take the book back to the bookshelf
[14] Malloy: oh Cooper
[14] Malloy: before start our conversations i want to have some drinks so
[14] Malloy: what drinks do you want to drink
[14] Cooper: uh what kinds of drink do we have at home
[14] Malloy: oh you can ask Jeffrey
[15] Cooper: I would love to have some coffee please and I don't want to missing the story time and I want to have myself wake up
[15] Malloy: Oh I need coffee too
[16] Malloy: please i just feel a little bit tired after reading a book so
[16] Malloy: please Jeffrey
[16] Malloy: so Cooper why are you so gossip
[17] Cooper: yes so
[17] Malloy: and we haven't drink the drinks
[18] Malloy: yes
[18] Malloy: so let me moisten
[18] Malloy: my throat first
[18] Malloy: and i only have one bottle of the latins and Jeffrey
[18] Malloy: you prepare it well for us thank you and Cooper
[19] Malloy: what do you think of it
[19] Malloy: do you think it's okay
[19] Cooper: what i think this is pretty good
[23] Cooper: you know so i think all the people you have
[23] Cooper: all the fans you have stay with you yes yes
[24] Malloy: umm
[24] Malloy: but i mean that it's not about relatives
[24] Malloy: it's about talking with a person without blood ties
[28] Cooper: uh it is the possible
[28] Cooper: you did something wrong or you have something upset then
[29] Malloy: oh yes
[29] Malloy: you know me and my friends i think sometimes we
[29] Malloy: can just have a small talk

Conversation 2: Cooper and Malloy discuss why Malloy’s relationships, particularly with Mia, feel distant. Cooper suggests Malloy’s uniformly kind attitude makes others feel unspecial, advising him to be selectively more special to certain people. Malloy initially overreacts but ultimately agrees to try being more selective in his enthusiasm.
[33] Cooper: hey Malloy
[33] Cooper: i think that you are the the reason
[34] Malloy: what you think i am the reason i just can't believe the truth
[36] Malloy: and that's a question
[36] Malloy: let me have a think so hmm
[36] Malloy: it's hard to choose
[36] Malloy: and but i feel like i would choose the latter one
[36] Cooper: yes you're right i think everyone will be choose the latter one
[37] Cooper: and all of your classmate in the end
[37] Cooper: there is a few to thanks you
[37] Malloy: yes
[37] Malloy: that's real
[38] Cooper: so however about the Mia
[41] Cooper: and she doesn't do any special to you
[41] Cooper: so just treat you like a normal friend
[41] Malloy: okay
[41] Malloy: but i just a little bit confused
[41] Malloy: like i'm always be kind to everyone

[Step 2] Evaluating semantic answer...
Action: [Answer]
Content: Malloy prefers mystery books.
FINAL ANSWER (from graph):
Malloy prefers mystery books.
Question: Does Cooper think that Malloy gets along well with others?

[Step 1] Searching the graph...
Parse Query Output:
{
  "query_triple": ["<Cooper>", "thinks", "<Malloy>#gets along well with others", 0.95, 0.3, 0.9],
  "spatial_constraint": null,
  "speaker_strict": ["<Cooper>"],
  "allocation": {
    "k_high_level": 8,
    "k_low_level": 7,
    "k_conversations": 35,
    "total_k": 50,
    "reasoning": "Opinion/assessment query about Malloy's social compatibility as perceived by Cooper. Prioritize conversations (Cooper's dialogue) for evidence, include some high-level edges for traits/relationships, and a few low-level edges for specific expressed actions indicating 'gets along well'."
  }
}

Graph Search Results:
**High-Level Information (Character Attributes and Relationships): **

Character Relationships:
- Cooper advises Malloy (80)
- Cooper friends with Malloy (85)
- Cooper is friend of Malloy (95)
- Cooper is cooperative with Malloy (90)
- Cooper advises/mentors Malloy (85)
- Cooper generally leads conversations with Malloy (80)
- Malloy respects and listens to Cooper (75)
- Cooper is supportive/reassuring toward Malloy (70)

**Low-Level Information (Actions and Events): **

[19] Cooper looks at Malloy. (living room office corner)
[22] Cooper looks at Malloy. (office)
[23] Malloy looks at Cooper. (office)
[24] Cooper looks at Malloy. (office)
[27] Cooper looks at Malloy. (living room)
[27] Malloy looks at Cooper. (living room)
[30] Malloy looks at Cooper. (dining room)

**Conversations: **

Conversation 1: Cooper tells Jeffrey they no longer need to clean the bookshelf and asks for help placing a rag, then chats with Malloy about books and drinks. Cooper and Malloy discuss reading preferences, with Malloy finding history dull and considering mystery or social skills books. The main focus shifts to Malloy’s concerns about friendship, feeling excluded by classmates—especially Mia—who didn’t invite her to a birthday party or trips. They reflect on what makes real friends, with Cooper offering supportive views while Jeffrey assists with drinks and tidying.
[2] Cooper: bookshelf
[2] Jeffrey: OK
[2] Cooper: Malloy
[2] Cooper: how's you doing today
[2] Malloy: oh hi Cooper you're back
[2] Malloy: not much i just reading some book as usual
[2] Cooper: hmm what a surprise
[3] Cooper: what are you surprised
[3] Cooper: what's inside my box
[4] Malloy: so Cooper
[4] Malloy: do you like reading books
[4] Cooper: oh yes
[4] Cooper: i do i do love the
[4] Cooper: history books
[7] Cooper: So are you reading the romance book.
[7] Malloy: Romantic.
[7] Malloy: Hmm.
[7] Malloy: Let me have a see I don't think this book is romantic.
[7] Cooper: Wait let's see.
[9] Cooper: oh wait wait
[9] Cooper: wait hold on so
[9] Cooper: Malloy i think that you don't need this book anymore
[9] Cooper: so you are so already popular
[9] Malloy: humm
[9] Cooper: wait
[9] Cooper: yep there are nothing else you still
[9] Cooper: you still do the reading on the weekend
[9] Cooper: uh you're not the Malloy
[9] Cooper: i know you're always missing on the weekend
[10] Cooper: I know you're always missing on the weekend.
[10] Malloy: Okay.
[10] Malloy: Why are you taking the box just now.
[10] Cooper: Uh yes.
[10] Cooper: The box is all about something my private system so.
[11] Cooper: the box is all about something my private system so
[13] Malloy: let's take over so
[13] Malloy: Jeffrey can you help me take the book back to the bookshelf
[14] Malloy: oh Cooper
[14] Malloy: before start our conversations i want to have some drinks so
[14] Malloy: what drinks do you want to drink
[16] Malloy: please i just feel a little bit tired after reading a book so
[16] Malloy: please Jeffrey
[16] Malloy: so Cooper why are you so gossip
[16] Cooper: what no no no you can say that i'm gossip okay okay fine fine fine
[16] Cooper: you can think i have a little bit bossy by you
[16] Cooper: but in other hands
[16] Cooper: don't you think i am a qualified listener
[17] Malloy: oh my god you are so gossip
[17] Malloy: don't make an excuse but alright you can just say so
[17] Malloy: don't be in a rush hmm
[17] Malloy: i have lots of story to tell you yes
[17] Cooper: yes so
[17] Malloy: and we haven't drink the drinks
[18] Malloy: yes
[18] Malloy: so let me moisten
[18] Malloy: my throat first
[18] Cooper: yep sure
[18] Malloy: thank you Jeffrey
[18] Malloy: oh let me have a taste
[18] Malloy: and i only have one bottle of the latins and Jeffrey
[18] Malloy: you prepare it well for us thank you and Cooper
[19] Malloy: what do you think of it
[19] Malloy: do you think it's okay
[19] Cooper: what i think this is pretty good
[19] Cooper: though i really love it
[19] Malloy: so Cooper can i ask you a question
[19] Cooper: sure sure
[19] Malloy: hmm it's a little bit shy and what makes a real friends
[19] Cooper: a new friends
[19] Cooper: umm
[19] Cooper: umm i think a new friends uh
[21] Malloy: I think you know just
[21] Malloy: your worst is two sweepings and what I really want to know
[21] Malloy: is that what kind of behaviors should real friends have
[21] Cooper: the real friends have first of all
[21] Cooper: I think the real friends should meet together oftenly you know
[23] Cooper: now so look at you that is the exactly good friends
[23] Cooper: we do so just do that to others
[23] Malloy: so you think i really have lots of friends
[23] Cooper: uh sure for sure
[23] Cooper: and the people along
[23] Cooper: you always thought you are really loved to make friends
[23] Cooper: you know so i think all the people you have
[23] Cooper: all the fans you have stay with you yes yes
[27] Malloy: because i really consider her as my best friends
[27] Malloy: i just wondering what the reason is and you know
[27] Malloy: i have other friends too
[27] Malloy: and i really be kind to them and when i know that other friends
[28] Malloy: they just stick together and they go traveling together
[28] Cooper: uh it is the possible
[28] Cooper: you did something wrong or you have something upset then
[29] Malloy: oh yes
[29] Malloy: you know me and my friends i think sometimes we
[29] Malloy: can just have a small talk
[30] Malloy: and i always be kind to everyone
[30] Malloy: but i just like suffer from this now oh
[30] Malloy: you know Cooper i really don't know how to do
[30] Malloy: oh my god
[30] Cooper: be careful

Conversation 2: Cooper and Malloy discuss why Malloy’s relationships, particularly with Mia, feel distant. Cooper suggests Malloy’s uniformly kind attitude makes others feel unspecial, advising him to be selectively more special to certain people. Malloy initially overreacts but ultimately agrees to try being more selective in his enthusiasm.
[33] Cooper: hey Malloy
[33] Cooper: i think that you are the the reason
[34] Malloy: what you think i am the reason i just can't believe the truth
[34] Malloy: oh my god so you think i do something wrong
[34] Cooper: no you didn't do anything wrong but in other words
[34] Cooper: i think it is your attitude you treat everyone in the same way
[34] Cooper: i think that is reason
[34] Malloy: why did you say so i just can't accept the truth
[35] Cooper: so i think no one want to be the usually one
[35] Cooper: so you gotta be more special
[35] Cooper: so in your opinion there is two fans one is friendly to everyone
[35] Cooper: and the other one is only nice to you so
[35] Cooper: which one do you more prefer
[36] Malloy: and that's a question
[36] Malloy: and but i feel like i would choose the latter one
[36] Cooper: yes you're right i think everyone will be choose the latter one
[36] Cooper: be treat like everyone
[36] Cooper: every single one want to be the special one
[37] Malloy: you're right
[37] Cooper: and all of your classmate in the end
[37] Cooper: there is a few to thanks you
[37] Malloy: yes
[37] Malloy: that's real
[38] Cooper: so however about the Mia
[38] Cooper: you still remember that now
[38] Malloy: yes you are right and for mia
[38] Malloy: we used to will be very good friends
[38] Malloy: and i consider her as my best friends
[38] Malloy: but she didn't ask me to the her birthday party oh my god
[40] Cooper: but you also did the same way to everyone every single one
[40] Cooper: so i think that's why the Mia to withdraw your card
[41] Cooper: with your kind
[41] Cooper: and she doesn't do any special to you
[41] Cooper: so just treat you like a normal friend
[41] Malloy: like i'm always be kind to everyone
[41] Malloy: shouldn't i be kind to everyone
[41] Cooper: yes what a kind boy
[42] Cooper: I watch you grow up of course.
[42] Cooper: I did know that so you don't need to.

[Step 2] Evaluating semantic answer...
Action: [Answer]
Content: Yes—Cooper believes Malloy gets along well with others and has many friends.
FINAL ANSWER (from graph):
Yes—Cooper believes Malloy gets along well with others and has many friends.
Question: Is Cooper's memory good?

[Step 1] Searching the graph...
Parse Query Output:
{
  "query_triple": ["<Cooper>", "memory quality", null, 0.95, 0.25, 0.1],
  "spatial_constraint": null,
  "speaker_strict": null,
  "allocation": {
    "k_high_level": 9,
    "k_low_level": 6,
    "k_conversations": 35,
    "total_k": 50,
    "reasoning": "Trait/ability query about Cooper; use high-level edges for attributes, conversations to find evidence of memory performance, and a few low-level edges for specific actions indicating recall or forgetfulness."
  }
}

Graph Search Results:
**High-Level Information (Character Attributes and Relationships): **

Character Attributes:
- Cooper is: medium build (100), light skin (100), male (100), black T-shirt (100), wears glasses (100), light pants (100), short black hair (100), supportive (90)

Character Relationships:
- Cooper is friend of Malloy (95)

**Low-Level Information (Actions and Events): **

[2] Cooper remarks surprise. (living room and kitchen)
[5] Malloy asks Cooper. (office)
[6] Cooper asks. (office)
[19] Malloy asks Cooper. (living room office corner)
[30] Cooper asks Malloy. (dining room)
[34] Malloy questions Cooper. (living room)

**Conversations: **

Conversation 1: Cooper tells Jeffrey they no longer need to clean the bookshelf and asks for help placing a rag, then chats with Malloy about books and drinks. Cooper and Malloy discuss reading preferences, with Malloy finding history dull and considering mystery or social skills books. The main focus shifts to Malloy’s concerns about friendship, feeling excluded by classmates—especially Mia—who didn’t invite her to a birthday party or trips. They reflect on what makes real friends, with Cooper offering supportive views while Jeffrey assists with drinks and tidying.
[1] Cooper: i will do it myself later
[1] Jeffrey: okay
[1] Cooper: oh okay
[1] Cooper: just please help me put the rag over the small table beside the
[2] Cooper: bookshelf
[2] Jeffrey: OK
[2] Cooper: Malloy
[2] Cooper: how's you doing today
[2] Malloy: oh hi Cooper you're back
[2] Malloy: not much i just reading some book as usual
[2] Cooper: hmm what a surprise
[2] Cooper: you're reading good
[2] Cooper: and what a surprise you are reading book on the weekend
[3] Malloy: wow you're right i seldom read books but what do you think
[3] Malloy: i'm always a party animal
[3] Cooper: no no no no no
[3] Cooper: i'm kidding just uh
[3] Cooper: but it's pretty
[4] Malloy: so Cooper
[4] Malloy: do you like reading books
[4] Cooper: oh yes
[4] Cooper: i do i do love the
[4] Cooper: history books
[4] Cooper: so you know i always uh want to learn something about the past
[4] Cooper: so i think the past history is pretty interesting
[4] Malloy: okay the past
[4] Malloy: but i think the historical books
[4] Malloy: always make me feel really really sleepy
[4] Cooper: ah oh
[5] Cooper: I love the mystery books and
[5] Cooper: uh mystery books always made me pretty exciting
[5] Malloy: what mystery books
[5] Malloy: but I think I didn't find it in the bookshelf
[5] Cooper: what I remember
[5] Cooper: I put those book on the second floor right over there
[6] Cooper: you have to check it carefully and you find it
[6] Malloy: oh my god at least is better than the historical books i will try it
[6] Malloy: if i have chance
[6] Cooper: okay
[6] Cooper: but yet
[6] Cooper: what are you reading now
[7] Cooper: Wait let's see.
[7] Malloy: Yes let's you see.
[7] Cooper: Okay.
[7] Cooper: Not romantic but was there I was there.
[8] Cooper: not romantic but was there i was there
[8] Cooper: oh
[8] Cooper: i see the book is about the social skills but what social skill
[8] Cooper: i just remember i was put those book on the third floor
[8] Cooper: so why would be in the second floor
[9] Cooper: oh wait wait
[9] Cooper: wait hold on so
[9] Cooper: Malloy i think that you don't need this book anymore
[9] Cooper: so you are so already popular
[9] Malloy: humm
[9] Cooper: wait
[9] Cooper: yep there are nothing else you still
[9] Cooper: you still do the reading on the weekend
[10] Malloy: Okay.
[10] Malloy: Why are you taking the box just now.
[10] Cooper: Uh yes.
[10] Cooper: The box is all about something my private system so.
[11] Cooper: the box is all about something my private system so
[11] Cooper: it's about some reading
[11] Cooper: some reading notes
[11] Cooper: I love reading you know
[11] Malloy: okay
[11] Cooper: you have something you want to say
[11] Malloy: yes but why are you asking this
[11] Cooper: uh you know
[11] Cooper: you know I'm just
[11] Cooper: I'm just want to
[12] Cooper: yeah you are right
[12] Cooper: but please go on let me know something about it
[12] Cooper: what happened to you
[12] Malloy: okay it's so boring to read these books
[13] Malloy: it's all about the character okay
[16] Cooper: you can think i have a little bit bossy by you
[16] Cooper: but in other hands
[16] Cooper: don't you think i am a qualified listener
[17] Malloy: oh my god you are so gossip
[17] Malloy: don't make an excuse but alright you can just say so
[17] Malloy: don't be in a rush hmm
[17] Malloy: i have lots of story to tell you yes
[17] Cooper: yes so
[17] Malloy: and we haven't drink the drinks
[18] Malloy: yes
[18] Malloy: so let me moisten
[18] Malloy: my throat first
[18] Cooper: yep sure
[18] Malloy: thank you Jeffrey
[18] Malloy: oh let me have a taste
[19] Malloy: what do you think of it
[19] Malloy: do you think it's okay
[19] Cooper: what i think this is pretty good
[19] Cooper: though i really love it
[19] Malloy: so Cooper can i ask you a question
[19] Cooper: sure sure
[19] Malloy: hmm it's a little bit shy and what makes a real friends
[19] Cooper: a new friends
[19] Cooper: umm
[19] Cooper: umm i think a new friends uh
[20] Cooper: ummi think a new friends uh
[21] Cooper: the real friends have first of all
[21] Cooper: I think the real friends should meet together oftenly you know
[21] Cooper: uh
[21] Cooper: so anyways the key point is together
[22] Malloy: oh eseyou say all these
[23] Cooper: we do so just do that to others
[23] Malloy: so you think i really have lots of friends
[23] Cooper: uh sure for sure
[23] Cooper: and the people along
[23] Cooper: you always thought you are really loved to make friends
[30] Cooper: be careful
[30] Cooper: just no no
[30] Cooper: it's it's it's
[30] Cooper: so jeffrey
[30] Cooper: could you help me to clear the table with the rag

Conversation 2: Cooper and Malloy discuss why Malloy’s relationships, particularly with Mia, feel distant. Cooper suggests Malloy’s uniformly kind attitude makes others feel unspecial, advising him to be selectively more special to certain people. Malloy initially overreacts but ultimately agrees to try being more selective in his enthusiasm.
[36] Cooper: every single one want to be the special one
[37] Malloy: you're right
[37] Cooper: yep so do you remember
[37] Cooper: do you remember at that time
[37] Cooper: when you prepared the Christmas gift for your classmates
[37] Cooper: and all of your classmate in the end
[38] Cooper: so however about the Mia
[38] Cooper: she only prepared a gift for you and a few of her friends so
[38] Cooper: you still remember that now
[38] Malloy: yes you are right and for mia
[38] Malloy: we used to will be very good friends
[40] Malloy: so i really feel painful so in a word
[40] Malloy: i think i have some distance between me and Mia
[40] Cooper: yep you know what
[40] Cooper: and i didn't guess why you
[40] Cooper: you have been such kind to Mia
[41] Malloy: like i'm always be kind to everyone
[41] Malloy: shouldn't i be kind to everyone
[41] Cooper: yes what a kind boy
[42] Cooper: I watch you grow up of course.
[42] Cooper: I did know that so you don't need to.
[42] Cooper: Do anything change.
[42] Cooper: But I suggest you to give more special for someone.
[42] Malloy: Oh my God, well.

[Step 2] Evaluating semantic answer...
Action: [Answer]
Content: Yes, Cooper’s memory appears good, as he recalls where specific books were placed and past events like Malloy’s Christmas gifts and Mia’s selective gifting.
FINAL ANSWER (from graph):
Yes, Cooper’s memory appears good, as he recalls where specific books were placed and past events like Malloy’s Christmas gifts and Mia’s selective gifting.
Question: Do Malloy and Cooper have same personalities?

[Step 1] Searching the graph...
Parse Query Output:
{
  "query_triple": ["<Malloy>", "personality similarity", "<Cooper>", 0.95, 0.25, 0.95],
  "spatial_constraint": null,
  "speaker_strict": null,
  "allocation": {
    "k_high_level": 10,
    "k_low_level": 5,
    "k_conversations": 35,
    "total_k": 50,
    "reasoning": "Personality comparison is a high-level trait query; use high-level edges for attributes and relationships, and conversations to infer personality traits from dialogue. Low-level actions get a small allocation for behavioral evidence."
  }
}

Graph Search Results:
**High-Level Information (Character Attributes and Relationships): **

Character Attributes:
- Cooper is: short black hair (100)

Character Relationships:
- Cooper friends with Malloy (85)
- Cooper is friend of Malloy (95)
- Cooper is cooperative with Malloy (90)
- Cooper advises/mentors Malloy (85)
- Cooper advises Malloy (80)
- Cooper generally leads conversations with Malloy (80)
- Malloy respects and listens to Cooper (75)
- Cooper is supportive/reassuring toward Malloy (70)
- Cooper has largely equal social standing with Malloy (65)

**Low-Level Information (Actions and Events): **

[2] Cooper compliments Malloy. (living room and kitchen)
[7] Malloy leans closer to Cooper. (office)
[22] Malloy turns slightly toward Cooper. (office)
[30] Cooper leans closer to Malloy. (dining room)
[42] Cooper turns toward Malloy. (living room office)

**Conversations: **

Conversation 1: Cooper tells Jeffrey they no longer need to clean the bookshelf and asks for help placing a rag, then chats with Malloy about books and drinks. Cooper and Malloy discuss reading preferences, with Malloy finding history dull and considering mystery or social skills books. The main focus shifts to Malloy’s concerns about friendship, feeling excluded by classmates—especially Mia—who didn’t invite her to a birthday party or trips. They reflect on what makes real friends, with Cooper offering supportive views while Jeffrey assists with drinks and tidying.
[2] Cooper: bookshelf
[2] Jeffrey: OK
[2] Cooper: Malloy
[2] Cooper: how's you doing today
[2] Malloy: oh hi Cooper you're back
[2] Malloy: not much i just reading some book as usual
[2] Cooper: hmm what a surprise
[3] Cooper: it's really surprised when you sitting at home to doing reading
[3] Malloy: i'm also surprised to see you
[3] Malloy: wow
[3] Malloy: so hmm
[3] Cooper: you surprised about
[3] Cooper: what are you surprised
[3] Cooper: what's inside my box
[4] Malloy: so Cooper
[4] Malloy: do you like reading books
[4] Cooper: oh yes
[7] Cooper: I think the second floor is all about the romance.
[7] Cooper: So are you reading the romance book.
[7] Malloy: Romantic.
[7] Malloy: Hmm.
[7] Malloy: Let me have a see I don't think this book is romantic.
[7] Cooper: Wait let's see.
[9] Cooper: oh wait wait
[9] Cooper: wait hold on so
[9] Cooper: Malloy i think that you don't need this book anymore
[9] Cooper: so you are so already popular
[9] Malloy: humm
[9] Cooper: wait
[9] Cooper: yep there are nothing else you still
[9] Cooper: you still do the reading on the weekend
[9] Cooper: uh you're not the Malloy
[9] Cooper: i know you're always missing on the weekend
[10] Cooper: I know you're always missing on the weekend.
[10] Cooper: You have something you want to say.
[10] Cooper: And what.
[10] Malloy: Okay.
[10] Malloy: Why are you taking the box just now.
[10] Cooper: Uh yes.
[11] Cooper: some reading notes
[11] Cooper: I love reading you know
[11] Malloy: okay
[11] Cooper: and yes but you say you
[11] Cooper: you want to
[12] Cooper: what happened to you
[12] Malloy: okay it's so boring to read these books
[13] Malloy: it's all about the character okay
[13] Malloy: let's take over so
[13] Malloy: Jeffrey can you help me take the book back to the bookshelf
[14] Malloy: oh Cooper
[14] Malloy: before start our conversations i want to have some drinks so
[14] Malloy: what drinks do you want to drink
[16] Malloy: please i just feel a little bit tired after reading a book so
[16] Malloy: please Jeffrey
[16] Malloy: so Cooper why are you so gossip
[16] Cooper: what no no no you can say that i'm gossip okay okay fine fine fine
[16] Cooper: you can think i have a little bit bossy by you
[17] Cooper: yes so
[17] Malloy: and we haven't drink the drinks
[18] Malloy: yes
[18] Malloy: so let me moisten
[18] Malloy: my throat first
[18] Malloy: and i only have one bottle of the latins and Jeffrey
[18] Malloy: you prepare it well for us thank you and Cooper
[19] Malloy: what do you think of it
[19] Malloy: do you think it's okay
[19] Cooper: what i think this is pretty good
[19] Cooper: though i really love it
[19] Malloy: so Cooper can i ask you a question
[19] Cooper: sure sure
[19] Malloy: hmm it's a little bit shy and what makes a real friends
[21] Malloy: I think you know just
[21] Malloy: your worst is two sweepings and what I really want to know
[21] Malloy: is that what kind of behaviors should real friends have
[21] Cooper: the real friends have first of all
[21] Cooper: I think the real friends should meet together oftenly you know
[23] Cooper: now so look at you that is the exactly good friends
[23] Cooper: we do so just do that to others
[23] Malloy: so you think i really have lots of friends
[23] Cooper: uh sure for sure
[23] Cooper: and the people along
[23] Cooper: you know so i think all the people you have
[23] Cooper: all the fans you have stay with you yes yes
[24] Malloy: umm
[24] Malloy: but i mean that it's not about relatives
[24] Malloy: it's about talking with a person without blood ties
[25] Malloy: let me tell you the truth and i
[25] Malloy: want to introduce one person to you
[25] Malloy: and it is my classmate
[25] Malloy: me and mia we were best friends
[25] Malloy: and we always hang out together but in this time
[25] Malloy: i think we have some you know the change
[27] Malloy: because i really consider her as my best friends
[27] Malloy: i just wondering what the reason is and you know
[27] Malloy: i have other friends too
[27] Malloy: and i really be kind to them and when i know that other friends
[28] Malloy: they just stick together and they go traveling together
[28] Cooper: uh it is the possible
[28] Cooper: you did something wrong or you have something upset then
[29] Malloy: oh yes
[29] Malloy: you know me and my friends i think sometimes we
[29] Malloy: can just have a small talk
[29] Malloy: something not really in our heart and you know
[29] Malloy: just like the conversation is just for consuming the time
[29] Malloy: and just like Mia you know
[30] Malloy: and she did this for me
[30] Malloy: but i just think about the reason
[30] Malloy: and i always be kind to everyone
[30] Malloy: but i just like suffer from this now oh
[30] Malloy: you know Cooper i really don't know how to do
[30] Malloy: oh my god
[30] Cooper: be careful

Conversation 2: Cooper and Malloy discuss why Malloy’s relationships, particularly with Mia, feel distant. Cooper suggests Malloy’s uniformly kind attitude makes others feel unspecial, advising him to be selectively more special to certain people. Malloy initially overreacts but ultimately agrees to try being more selective in his enthusiasm.
[33] Cooper: hey Malloy
[33] Cooper: i think that you are the the reason
[34] Malloy: what you think i am the reason i just can't believe the truth
[35] Cooper: so i think no one want to be the usually one
[35] Cooper: so you gotta be more special
[35] Cooper: so in your opinion there is two fans one is friendly to everyone
[35] Cooper: and the other one is only nice to you so
[35] Cooper: which one do you more prefer
[36] Malloy: and that's a question
[36] Malloy: let me have a think so hmm
[37] Cooper: and all of your classmate in the end
[37] Cooper: there is a few to thanks you
[37] Malloy: yes
[37] Malloy: that's real
[38] Cooper: so however about the Mia
[38] Cooper: you still remember that now
[38] Malloy: yes you are right and for mia
[38] Malloy: we used to will be very good friends
[38] Malloy: and i consider her as my best friends
[38] Malloy: but she didn't ask me to the her birthday party oh my god
[41] Cooper: and she doesn't do any special to you
[41] Cooper: so just treat you like a normal friend
[41] Malloy: okay
[41] Malloy: but i just a little bit confused
[41] Malloy: like i'm always be kind to everyone
[42] Malloy: Let me take it words, I just can get away.
[42] Malloy: And I just said it the socially.
[42] Malloy: Okay.
[42] Malloy: I understand I decided to be less enthusiastic.
[43] Malloy: And I want to be a cold bloody person in the rest of my life.

[Step 2] Evaluating semantic answer...
Action: [Answer]
Content: No, Malloy and Cooper have different personalities.
FINAL ANSWER (from graph):
No, Malloy and Cooper have different personalities.
Question: Does Mom favor Malloy more?

[Step 1] Searching the graph...
Parse Query Output:
{
  "query_triple": ["<Mom>", "favors", "<Malloy>", 0.95, 0.25, 0.9],
  "spatial_constraint": null,
  "speaker_strict": null,
  "allocation": {
    "k_high_level": 9,
    "k_low_level": 8,
    "k_conversations": 33,
    "total_k": 50,
    "reasoning": "Favoritism is a relationship/trait question; use high-level edges for character attitude, and conversations to assess comparative favoritism and context. Include some low-level edges for actions indicating favor (gives, praises, chooses)."
  }
}

Graph Search Results:
**High-Level Information (Character Attributes and Relationships): **

Character Attributes:
- Malloy is: light skin (100), light pants (100), male (100), medium build (100), white sneakers (100), no glasses (100), short black hair (100), white oversized T-shirt (100), kind (90)

**Low-Level Information (Actions and Events): **

[7] Malloy holds book. (office)
[8] Malloy opens book. (office)
[8] Malloy gestures toward text. (office)
[13] Malloy closes book. (home office)
[21] Malloy continues talking about friend. (living room with wooden table)
[23] Malloy holds phone. (office)
[27] Malloy holds phone. (living room)
[27] Malloy looks down at phone. (living room)

**Conversations: **

Conversation 1: Cooper tells Jeffrey they no longer need to clean the bookshelf and asks for help placing a rag, then chats with Malloy about books and drinks. Cooper and Malloy discuss reading preferences, with Malloy finding history dull and considering mystery or social skills books. The main focus shifts to Malloy’s concerns about friendship, feeling excluded by classmates—especially Mia—who didn’t invite her to a birthday party or trips. They reflect on what makes real friends, with Cooper offering supportive views while Jeffrey assists with drinks and tidying.
[2] Cooper: bookshelf
[2] Jeffrey: OK
[2] Cooper: Malloy
[2] Cooper: how's you doing today
[2] Malloy: oh hi Cooper you're back
[3] Cooper: it's really surprised when you sitting at home to doing reading
[3] Malloy: i'm also surprised to see you
[3] Malloy: wow
[3] Malloy: so hmm
[3] Cooper: you surprised about
[3] Cooper: what are you surprised
[3] Cooper: what's inside my box
[4] Malloy: so Cooper
[4] Malloy: do you like reading books
[4] Cooper: oh yes
[4] Cooper: i do i do love the
[7] Cooper: I think the second floor is all about the romance.
[7] Cooper: So are you reading the romance book.
[7] Malloy: Romantic.
[7] Malloy: Hmm.
[7] Malloy: Let me have a see I don't think this book is romantic.
[7] Cooper: Wait let's see.
[9] Cooper: Malloy i think that you don't need this book anymore
[9] Cooper: so you are so already popular
[9] Malloy: humm
[9] Cooper: wait
[9] Cooper: yep there are nothing else you still
[10] Cooper: You have something you want to say.
[10] Cooper: And what.
[10] Malloy: Okay.
[10] Malloy: Why are you taking the box just now.
[10] Cooper: Uh yes.
[11] Cooper: some reading notes
[11] Cooper: I love reading you know
[11] Malloy: okay
[11] Cooper: and yes but you say you
[11] Cooper: you want to
[13] Malloy: let's take over so
[13] Malloy: Jeffrey can you help me take the book back to the bookshelf
[14] Malloy: oh Cooper
[14] Malloy: before start our conversations i want to have some drinks so
[14] Malloy: what drinks do you want to drink
[17] Cooper: yes so
[17] Malloy: and we haven't drink the drinks
[18] Malloy: yes
[18] Malloy: so let me moisten
[18] Malloy: my throat first
[18] Malloy: and i only have one bottle of the latins and Jeffrey
[18] Malloy: you prepare it well for us thank you and Cooper
[19] Malloy: what do you think of it
[19] Malloy: do you think it's okay
[19] Cooper: what i think this is pretty good
[19] Cooper: though i really love it
[20] Cooper: it's my point
[20] Malloy: okay i think yours
[20] Malloy: opinion is right
[20] Malloy: and it's full of the persily energy but in my own opinions
[21] Malloy: I think you know just
[23] Cooper: now so look at you that is the exactly good friends
[23] Cooper: we do so just do that to others
[23] Malloy: so you think i really have lots of friends
[23] Cooper: uh sure for sure
[23] Cooper: and the people along
[23] Cooper: you know so i think all the people you have
[23] Cooper: all the fans you have stay with you yes yes
[24] Malloy: umm
[24] Malloy: but i mean that it's not about relatives
[24] Malloy: it's about talking with a person without blood ties
[25] Malloy: want to introduce one person to you
[25] Malloy: and it is my classmate
[25] Malloy: me and mia we were best friends
[25] Malloy: and we always hang out together but in this time
[25] Malloy: i think we have some you know the change
[26] Malloy: I think we have some, you know, the change.
[26] Malloy: And last week is her birthday party.
[26] Malloy: And I always, you know, really look forward to it.
[26] Malloy: And she didn't give me the invitation to her birthday party.
[27] Malloy: because i really consider her as my best friends
[27] Malloy: i just wondering what the reason is and you know
[27] Malloy: i have other friends too
[27] Malloy: and i really be kind to them and when i know that other friends
[28] Malloy: they just stick together and they go traveling together
[28] Cooper: uh it is the possible
[28] Cooper: you did something wrong or you have something upset then
[29] Malloy: oh yes
[29] Malloy: you know me and my friends i think sometimes we
[29] Malloy: can just have a small talk
[29] Malloy: something not really in our heart and you know
[29] Malloy: just like the conversation is just for consuming the time
[29] Malloy: and just like Mia you know
[30] Malloy: and she did this for me
[30] Malloy: but i just think about the reason
[30] Malloy: i really cherish our friendships

Conversation 2: Cooper and Malloy discuss why Malloy’s relationships, particularly with Mia, feel distant. Cooper suggests Malloy’s uniformly kind attitude makes others feel unspecial, advising him to be selectively more special to certain people. Malloy initially overreacts but ultimately agrees to try being more selective in his enthusiasm.
[33] Cooper: hey Malloy
[33] Cooper: i think that you are the the reason
[34] Malloy: what you think i am the reason i just can't believe the truth
[34] Malloy: oh my god so you think i do something wrong
[34] Cooper: no you didn't do anything wrong but in other words
[34] Cooper: i think it is your attitude you treat everyone in the same way
[36] Malloy: and that's a question
[36] Malloy: let me have a think so hmm
[36] Malloy: it's hard to choose
[36] Malloy: and but i feel like i would choose the latter one
[36] Cooper: yes you're right i think everyone will be choose the latter one
[37] Cooper: and all of your classmate in the end
[37] Cooper: there is a few to thanks you
[37] Malloy: yes
[37] Malloy: that's real
[38] Cooper: so however about the Mia
[38] Malloy: but she didn't ask me to the her birthday party oh my god
[39] Malloy: i have mentioned it for so many times
[39] Malloy: but everytime
[39] Malloy: i remind of these things
[39] Malloy: you always make me so upset
[39] Malloy: and i really don't know how to say it
[39] Malloy: did you remember that song
[39] Malloy: the last Christmas is a song about a lyric like the last
[39] Malloy: Christmas
[39] Malloy: i give you heart
[39] Malloy: but the very next day gave it away
[41] Cooper: and she doesn't do any special to you
[41] Cooper: so just treat you like a normal friend
[41] Malloy: okay
[41] Malloy: but i just a little bit confused
[41] Malloy: like i'm always be kind to everyone
[41] Malloy: shouldn't i be kind to everyone
[41] Cooper: yes what a kind boy
[42] Cooper: I watch you grow up of course.
[42] Malloy: Let me take it words, I just can get away.
[42] Malloy: And I just said it the socially.
[42] Malloy: Okay.
[42] Malloy: I understand I decided to be less enthusiastic.
[43] Malloy: And I want to be a cold bloody person in the rest of my life.

[Step 2] Evaluating semantic answer...
Action: [Search]
Content: [21, 23, 24, 25, 26, 27, 28, 29, 30]
Summary: The extracted information centers on Malloy discussing friendships (especially with Mia) with Cooper and Jeffrey across various clips; no mentions of “Mom” or parental favoritism are present, so we cannot determine whether Mom favors Malloy.

[Step 3] Watching video clips: [21, 23, 24, 25, 26, 27, 28, 29, 30]

   Processing clip 21 (1/9)...
Question: Where should the robot place the book?

[Step 1] Searching the graph...
Parse Query Output:
{
  "query_triple": ["<robot>", "should place", "book", 0.95, 0.25, 0.7],
  "spatial_constraint": null,
  "speaker_strict": null,
  "allocation": {
    "k_high_level": 5,
    "k_low_level": 38,
    "k_conversations": 7,
    "total_k": 50,
    "reasoning": "Action/spatial instruction query – prioritize low-level edges to find prior placement actions or state changes indicating destination; small conversations budget for any spoken instructions; minimal high-level for general task rules."
  }
}

Graph Search Results:
**High-Level Information (Character Attributes and Relationships): **

Character Attributes:
- robot is: camera holder (100)

Character Relationships:
- robot shows cooperative behavior toward Malloy (90)
- Cooper is assisted by robot (85)
- robot acts in a helper/assistant role to Malloy (85)
- robot is service-oriented toward Cooper (80)

**Low-Level Information (Actions and Events): **

[1] robot uses white rag. (living room shelf)
[1] white rag is with robot. (living room shelf)
[1] robot adjusts rag. (living room shelf)
[1] robot slides rag. (living room shelf)
[2] robot pans camera. (living room and kitchen)
[2] robot moves camera. (living room and kitchen)
[2] robot approaches two person. (living room and kitchen)
[13] robot picks up book. (home office)
[13] robot walks to bookshelf. (home office)
[13] robot places on lower shelf. (home office)
[13] robot adjusts to align book. (home office)
[16] robot walks toward kitchen. (apartment kitchen and dining area)
[16] robot approaches countertop. (apartment kitchen and dining area)
[16] robot pours coffee. (apartment kitchen and dining area)
[17] robot holds bottle. (kitchen countertop)
[17] robot pours coffee. (kitchen countertop)
[17] robot tilts bottle. (kitchen countertop)
[17] robot fills further glass. (kitchen countertop)
[17] robot pours more coffee. (kitchen countertop)
[17] robot lifts away bottle. (kitchen countertop)
[17] robot reaches for bottle cap. (kitchen countertop)
[17] robot screws back onto coffee bottle. (kitchen countertop)
[17] robot places capped bottle. (kitchen countertop)
[18] robot places cup of brown drink. (living room with adjacent kitchen)
[31] robot searches near curtain. (dining room)
[31] robot searches near shelf. (dining room)
[31] robot returns to table. (dining room)
[31] robot returns with rag. (dining room)
[31] robot places rag. (dining room)
[32] robot uses paper towel. (dining table)
[32] robot wipes tabletop. (dining table)
[33] robot uses cloth. (living room)
[33] robot places small plastic cup. (living room)
[33] robot moves around room. (living room)
[33] robot adjusts curtain. (living room)
[33] robot sets cloth. (living room)
[33] robot returns closer to table. (living room)
[33] robot faces two men. (living room)

**Conversations: **

Conversation 1: Cooper tells Jeffrey they no longer need to clean the bookshelf and asks for help placing a rag, then chats with Malloy about books and drinks. Cooper and Malloy discuss reading preferences, with Malloy finding history dull and considering mystery or social skills books. The main focus shifts to Malloy’s concerns about friendship, feeling excluded by classmates—especially Mia—who didn’t invite her to a birthday party or trips. They reflect on what makes real friends, with Cooper offering supportive views while Jeffrey assists with drinks and tidying.
[1] Cooper: hey Jeffrey
[1] Cooper: we don't have to clean the bookshelf anymore
[1] Cooper: i will do it myself later
[1] Jeffrey: okay
[1] Cooper: oh okay
[1] Cooper: just please help me put the rag over the small table beside the
[2] Cooper: bookshelf
[2] Jeffrey: OK
[2] Cooper: Malloy
[5] Malloy: but I think I didn't find it in the bookshelf
[5] Cooper: what I remember
[5] Cooper: I put those book on the second floor right over there
[6] Cooper: you have to check it carefully and you find it
[6] Malloy: okay it sounds good
[6] Cooper: what are you reading now
[6] Malloy: i don't know let me have a see i don't know
[6] Malloy: i just take it casually from the second layer of the bookshelf
[7] Malloy: I just take it casually from the second layer of the bookshelf.
[7] Cooper: Oh second layer.
[7] Cooper: I think the second floor is all about the romance.
[8] Cooper: oh
[8] Cooper: i see the book is about the social skills but what social skill
[8] Cooper: i just remember i was put those book on the third floor
[8] Cooper: so why would be in the second floor
[9] Cooper: oh wait wait
[13] Malloy: it's all about the character okay
[13] Malloy: let's take over so
[13] Malloy: Jeffrey can you help me take the book back to the bookshelf
[14] Malloy: oh Cooper
[14] Malloy: before start our conversations i want to have some drinks so

[Step 2] Evaluating semantic answer...
Action: [Answer]
Content: On the lower shelf of the home office bookshelf.
FINAL ANSWER (from graph):
On the lower shelf of the home office bookshelf.
Question: Do they drink coffee for the totally same reason?

[Step 1] Searching the graph...
Parse Query Output:
{
  "query_triple": ["<they>", "drink coffee reason equality", "?", 0.7, 0.25, 0.15],
  "spatial_constraint": null,
  "speaker_strict": null,
  "allocation": {
    "k_high_level": 6,
    "k_low_level": 14,
    "k_conversations": 30,
    "total_k": 50,
    "reasoning": "Comparative 'why' question about motivations behind drinking coffee. Use conversations to capture stated reasons, some low-level edges to find drink-coffee events and link them to speakers, and a few high-level edges to capture character traits/preferences if expressed generally."
  }
}

Graph Search Results:
**High-Level Information (Character Attributes and Relationships): **

Character Attributes:
- Cooper is: black T-shirt (100), wears glasses (100), male (100)
- Jeffrey is: black T-shirt (100), wears glasses (100)
- Malloy is: male (100)

**Low-Level Information (Actions and Events): **

[1] Cooper will do it. (living room shelf)
[1] it is later. (living room shelf)
[1] Jeffrey acknowledges okay. (living room shelf)
[2] robot approaches two person. (living room and kitchen)
[6] Cooper adjusts item. (office)
[13] Malloy holds upright book. (home office)
[16] bottled coffee is on counter. (apartment kitchen and dining area)
[17] capped bottle is on counter. (kitchen countertop)
[18] Cooper watches drink. (living room with adjacent kitchen)
[22] Malloy takes a sip from glass. (office)
[31] Cooper thanks helper. (dining room)
[32] spill area is in front of two. (dining table)
[33] robot uses cloth. (living room)
[35] Malloy takes a sip of water. (living room)

**Conversations: **

Conversation 1: Cooper tells Jeffrey they no longer need to clean the bookshelf and asks for help placing a rag, then chats with Malloy about books and drinks. Cooper and Malloy discuss reading preferences, with Malloy finding history dull and considering mystery or social skills books. The main focus shifts to Malloy’s concerns about friendship, feeling excluded by classmates—especially Mia—who didn’t invite her to a birthday party or trips. They reflect on what makes real friends, with Cooper offering supportive views while Jeffrey assists with drinks and tidying.
[7] Cooper: Oh second layer.
[7] Cooper: I think the second floor is all about the romance.
[7] Cooper: So are you reading the romance book.
[7] Malloy: Romantic.
[7] Malloy: Hmm.
[13] Malloy: Jeffrey can you help me take the book back to the bookshelf
[14] Malloy: oh Cooper
[14] Malloy: before start our conversations i want to have some drinks so
[14] Malloy: what drinks do you want to drink
[14] Cooper: uh what kinds of drink do we have at home
[14] Malloy: oh you can ask Jeffrey
[15] Cooper: Alright Jeffrey could you tell me what kinds of the drink do we have at home
[15] Jeffrey: We have juice and coffee
[15] Cooper: I would love to have some coffee please and I don't want to missing the story time and I want to have myself wake up
[15] Malloy: Oh I need coffee too
[16] Malloy: please i just feel a little bit tired after reading a book so
[16] Malloy: please Jeffrey
[16] Malloy: so Cooper why are you so gossip
[16] Cooper: what no no no you can say that i'm gossip okay okay fine fine fine
[16] Cooper: you can think i have a little bit bossy by you
[17] Malloy: i have lots of story to tell you yes
[17] Cooper: yes so
[17] Malloy: and we haven't drink the drinks
[18] Malloy: yes
[18] Malloy: so let me moisten
[18] Malloy: thank you Jeffrey
[18] Malloy: oh let me have a taste
[18] Malloy: i forgot to buy the coffee powders
[18] Malloy: and i only have one bottle of the latins and Jeffrey
[18] Malloy: you prepare it well for us thank you and Cooper
[22] Malloy: when i'm in front of a real person
[22] Malloy: i always feel nervous and i just can't speak well
[22] Cooper: wow why do you think so i think that you so naturally talk to me
[23] Cooper: now so look at you that is the exactly good friends
[23] Cooper: we do so just do that to others
[23] Malloy: so you think i really have lots of friends
[23] Cooper: uh sure for sure
[23] Cooper: and the people along
[23] Cooper: you always thought you are really loved to make friends
[26] Malloy: But she didn't invite me finally.
[26] Cooper: What it's say that she didn't invite you to her birthday.
[27] Cooper: you guys spend so much long time get together you eat together
[27] Cooper: and she didn't invite you to her birthday
[27] Malloy: and you know
[27] Malloy: like when i know that i'm really really upset about it
[27] Malloy: because i really consider her as my best friends
[27] Malloy: i just wondering what the reason is and you know
[27] Malloy: i have other friends too
[27] Malloy: and i really be kind to them and when i know that other friends
[28] Malloy: they just stick together and they go traveling together
[28] Malloy: but it's really upset to say that
[28] Malloy: they didn't invite me to go with them
[29] Malloy: talks about something not really important
[29] Malloy: something not really in our heart and you know
[29] Malloy: just like the conversation is just for consuming the time
[29] Malloy: and just like Mia you know
[30] Malloy: and she did this for me
[30] Malloy: but i just think about the reason
[30] Malloy: i really cherish our friendships
[30] Malloy: and i always be kind to everyone

Conversation 2: Cooper and Malloy discuss why Malloy’s relationships, particularly with Mia, feel distant. Cooper suggests Malloy’s uniformly kind attitude makes others feel unspecial, advising him to be selectively more special to certain people. Malloy initially overreacts but ultimately agrees to try being more selective in his enthusiasm.
[33] Cooper: hey Malloy
[33] Cooper: i think that you are the the reason
[34] Malloy: what you think i am the reason i just can't believe the truth
[34] Malloy: oh my god so you think i do something wrong
[34] Cooper: no you didn't do anything wrong but in other words
[34] Cooper: i think it is your attitude you treat everyone in the same way
[34] Cooper: i think that is reason
[34] Malloy: why did you say so i just can't accept the truth
[35] Cooper: yes because you are so kind you are so kind to everyone
[35] Cooper: to every single one
[35] Cooper: so i think no one want to be the usually one
[35] Cooper: so you gotta be more special
[35] Cooper: so in your opinion there is two fans one is friendly to everyone
[35] Cooper: and the other one is only nice to you so
[35] Cooper: which one do you more prefer
[36] Malloy: and that's a question
[36] Malloy: let me have a think so hmm
[36] Malloy: it's hard to choose
[36] Malloy: and but i feel like i would choose the latter one
[36] Cooper: yes you're right i think everyone will be choose the latter one
[36] Cooper: be treat like everyone
[36] Cooper: every single one want to be the special one
[37] Malloy: you're right
[37] Cooper: yep so do you remember
[40] Cooper: and i didn't guess why you
[40] Cooper: you have been such kind to Mia
[40] Cooper: but you also did the same way to everyone every single one
[40] Cooper: so i think that's why the Mia to withdraw your card
[41] Cooper: with your kind
[43] Cooper: Just get some special to someone.
[43] Malloy: Okay I will try it.
[43] Cooper: Yeah so I think there is the why Mia and you.

[Step 2] Evaluating semantic answer...
Action: [Answer]
Content: No; Cooper wants coffee to stay awake for story time, while Malloy wants coffee because he feels tired after reading.
FINAL ANSWER (from graph):
No; Cooper wants coffee to stay awake for story time, while Malloy wants coffee because he feels tired after reading.
Question: What are Malloy's worries about？

[Step 1] Searching the graph...
Parse Query Output:
{
  "query_triple": ["<Malloy>", "worries about", "?", 0.95, 0.3, 0.2],
  "spatial_constraint": null,
  "speaker_strict": ["<Malloy>"],
  "allocation": {
    "k_high_level": 6,
    "k_low_level": 9,
    "k_conversations": 35,
    "total_k": 50,
    "reasoning": "This is a 'what are they worried about' question; motivations are best found in dialogue. Allocate majority to conversations, with some high-level traits/concerns and a few low-level edges for contextual actions tied to worry."
  }
}

Graph Search Results:
**High-Level Information (Character Attributes and Relationships): **

Character Attributes:
- Malloy is: male (100), light pants (100), medium build (100), light skin (100), short black hair (100), white sneakers (100)

**Low-Level Information (Actions and Events): **

[3] Malloy thinks. (home office)
[7] Malloy doubts book genre. (office)
[9] Malloy looks at Cooper. (office)
[18] Malloy looks at drink. (living room with adjacent kitchen)
[19] Malloy looks at wooden table. (living room office corner)
[19] Cooper looks at Malloy. (living room office corner)
[22] Cooper looks at Malloy. (office)
[24] Malloy reassures Cooper. (office)
[34] Malloy looks concerned. (living room)

**Conversations: **

Conversation 1: Cooper tells Jeffrey they no longer need to clean the bookshelf and asks for help placing a rag, then chats with Malloy about books and drinks. Cooper and Malloy discuss reading preferences, with Malloy finding history dull and considering mystery or social skills books. The main focus shifts to Malloy’s concerns about friendship, feeling excluded by classmates—especially Mia—who didn’t invite her to a birthday party or trips. They reflect on what makes real friends, with Cooper offering supportive views while Jeffrey assists with drinks and tidying.
[2] Cooper: bookshelf
[2] Jeffrey: OK
[2] Cooper: Malloy
[2] Cooper: how's you doing today
[2] Malloy: oh hi Cooper you're back
[3] Cooper: it's really surprised when you sitting at home to doing reading
[3] Malloy: i'm also surprised to see you
[3] Malloy: wow
[3] Malloy: so hmm
[3] Cooper: you surprised about
[3] Cooper: what are you surprised
[3] Cooper: what's inside my box
[4] Malloy: so Cooper
[4] Malloy: do you like reading books
[4] Cooper: oh yes
[4] Cooper: i do i do love the
[4] Cooper: so you know i always uh want to learn something about the past
[4] Cooper: so i think the past history is pretty interesting
[4] Malloy: okay the past
[4] Malloy: but i think the historical books
[4] Malloy: always make me feel really really sleepy
[6] Malloy: okay it sounds good
[6] Malloy: oh my god at least is better than the historical books i will try it
[6] Malloy: if i have chance
[6] Cooper: okay
[6] Cooper: but yet
[7] Cooper: So are you reading the romance book.
[7] Malloy: Romantic.
[7] Malloy: Hmm.
[7] Malloy: Let me have a see I don't think this book is romantic.
[7] Cooper: Wait let's see.
[9] Cooper: Malloy i think that you don't need this book anymore
[9] Cooper: so you are so already popular
[9] Malloy: humm
[9] Cooper: wait
[9] Cooper: yep there are nothing else you still
[10] Cooper: You have something you want to say.
[10] Cooper: And what.
[10] Malloy: Okay.
[10] Malloy: Why are you taking the box just now.
[10] Cooper: Uh yes.
[11] Cooper: some reading notes
[11] Cooper: I love reading you know
[11] Malloy: okay
[11] Cooper: and yes but you say you
[11] Cooper: you want to
[11] Cooper: you have something you want to say
[11] Malloy: yes but why are you asking this
[11] Cooper: uh you know
[11] Cooper: you know I'm just
[17] Cooper: yes so
[17] Malloy: and we haven't drink the drinks
[18] Malloy: yes
[18] Malloy: so let me moisten
[18] Malloy: my throat first
[18] Malloy: and i only have one bottle of the latins and Jeffrey
[18] Malloy: you prepare it well for us thank you and Cooper
[19] Malloy: what do you think of it
[19] Malloy: do you think it's okay
[19] Cooper: what i think this is pretty good
[19] Cooper: though i really love it
[22] Malloy: i can understand it but you know sometimes
[22] Malloy: when i stay with someones
[22] Malloy: and i just can't be real relaxed
[22] Malloy: when i'm in front of a real person
[22] Malloy: i always feel nervous and i just can't speak well
[22] Cooper: wow why do you think so i think that you so naturally talk to me
[23] Cooper: now so look at you that is the exactly good friends
[23] Cooper: you know so i think all the people you have
[23] Cooper: all the fans you have stay with you yes yes
[24] Malloy: umm
[24] Malloy: but i mean that it's not about relatives
[24] Malloy: it's about talking with a person without blood ties
[24] Cooper: i'm not talking anymore
[24] Cooper: just tell me if someone want to bully you
[24] Malloy: no no no i think you don't need to worry about that um
[25] Malloy: but i can understand your mind
[25] Malloy: but the truth is not what you think and okay
[27] Malloy: like when i know that i'm really really upset about it
[27] Malloy: because i really consider her as my best friends
[27] Malloy: i just wondering what the reason is and you know
[27] Malloy: i have other friends too
[27] Malloy: and i really be kind to them and when i know that other friends
[28] Malloy: they just stick together and they go traveling together
[28] Malloy: but it's really upset to say that
[28] Malloy: they didn't invite me to go with them
[28] Malloy: i just be along all the time
[28] Cooper: uh it is the possible
[28] Cooper: you did something wrong or you have something upset then
[29] Malloy: oh yes
[29] Malloy: you know me and my friends i think sometimes we
[29] Malloy: can just have a small talk
[29] Malloy: talks about something not really important
[29] Malloy: something not really in our heart and you know
[29] Malloy: just like the conversation is just for consuming the time
[29] Malloy: and just like Mia you know
[30] Malloy: and she did this for me
[30] Malloy: but i just think about the reason
[30] Malloy: i really cherish our friendships
[30] Malloy: and i always be kind to everyone
[30] Malloy: but i just like suffer from this now oh
[30] Malloy: you know Cooper i really don't know how to do
[30] Malloy: oh my god
[30] Cooper: be careful
[30] Cooper: just no no

Conversation 2: Cooper and Malloy discuss why Malloy’s relationships, particularly with Mia, feel distant. Cooper suggests Malloy’s uniformly kind attitude makes others feel unspecial, advising him to be selectively more special to certain people. Malloy initially overreacts but ultimately agrees to try being more selective in his enthusiasm.
[33] Cooper: i think that you are the the reason
[34] Malloy: what you think i am the reason i just can't believe the truth
[34] Malloy: oh my god so you think i do something wrong
[34] Cooper: no you didn't do anything wrong but in other words
[34] Cooper: i think it is your attitude you treat everyone in the same way
[35] Cooper: and the other one is only nice to you so
[35] Cooper: which one do you more prefer
[36] Malloy: and that's a question
[36] Malloy: let me have a think so hmm
[36] Malloy: it's hard to choose
[36] Malloy: and but i feel like i would choose the latter one
[36] Cooper: yes you're right i think everyone will be choose the latter one
[36] Cooper: be treat like everyone
[36] Cooper: every single one want to be the special one
[37] Malloy: you're right
[37] Cooper: yep so do you remember
[37] Cooper: do you remember at that time
[37] Cooper: and all of your classmate in the end
[37] Cooper: there is a few to thanks you
[37] Malloy: yes
[37] Malloy: that's real
[38] Cooper: so however about the Mia
[38] Cooper: she only prepared a gift for you and a few of her friends so
[38] Malloy: but she didn't ask me to the her birthday party oh my god
[39] Malloy: i have mentioned it for so many times
[39] Malloy: but everytime
[39] Malloy: i remind of these things
[39] Malloy: you always make me so upset
[39] Malloy: and i really don't know how to say it
[41] Cooper: and she doesn't do any special to you
[41] Cooper: so just treat you like a normal friend
[41] Malloy: okay
[41] Malloy: but i just a little bit confused
[41] Malloy: like i'm always be kind to everyone
[41] Malloy: shouldn't i be kind to everyone
[42] Malloy: Let me take it words, I just can get away.
[42] Malloy: And I just said it the socially.
[42] Malloy: Okay.
[42] Malloy: I understand I decided to be less enthusiastic.
[43] Malloy: And I want to be a cold bloody person in the rest of my life.

[Step 2] Evaluating semantic answer...
Action: [Answer]
Content: Malloy worries about feeling excluded by classmates—especially Mia—not inviting him to trips or a birthday party and about what makes true friends.
FINAL ANSWER (from graph):
Malloy worries about feeling excluded by classmates—especially Mia—not inviting him to trips or a birthday party and about what makes true friends.
Question: Where can the robot get the rag?

[Step 1] Searching the graph...
Parse Query Output:
{
  "query_triple": ["<robot>", "gets", "rag", 0.95, 0.35, 0.7],
  "spatial_constraint": null,
  "speaker_strict": null,
  "allocation": {
    "k_high_level": 4,
    "k_low_level": 40,
    "k_conversations": 6,
    "total_k": 50,
    "reasoning": "Location/action query about obtaining an object; prioritize low-level edges for object locations and retrieval actions. Minimal high-level/context and a small conversation budget in case dialogue mentions where the rag is."
  }
}

Graph Search Results:
**High-Level Information (Character Attributes and Relationships): **

Character Attributes:
- robot is: black gloves (100)

Character Relationships:
- robot shows cooperative behavior toward Malloy (90)
- robot acts in a helper/assistant role to Malloy (85)
- Cooper is assisted by robot (85)

**Low-Level Information (Actions and Events): **

[1] robot uses white rag. (living room shelf)
[1] white rag is with robot. (living room shelf)
[1] robot adjusts rag. (living room shelf)
[1] robot slides rag. (living room shelf)
[2] robot pans camera. (living room and kitchen)
[2] robot moves camera. (living room and kitchen)
[2] robot approaches two person. (living room and kitchen)
[13] robot picks up book. (home office)
[13] robot walks to bookshelf. (home office)
[13] robot places on lower shelf. (home office)
[13] robot adjusts to align book. (home office)
[16] robot approaches countertop. (apartment kitchen and dining area)
[16] robot pours coffee. (apartment kitchen and dining area)
[17] robot holds bottle. (kitchen countertop)
[17] robot pours coffee. (kitchen countertop)
[17] robot tilts bottle. (kitchen countertop)
[17] robot fills further glass. (kitchen countertop)
[17] robot pours more coffee. (kitchen countertop)
[17] robot lifts away bottle. (kitchen countertop)
[17] robot reaches for bottle cap. (kitchen countertop)
[17] robot places capped bottle. (kitchen countertop)
[18] robot walks from refrigerator. (living room with adjacent kitchen)
[18] robot walks toward wooden table. (living room with adjacent kitchen)
[31] robot searches near curtain. (dining room)
[31] robot searches near shelf. (dining room)
[31] robot picks up white rag. (dining room)
[31] robot returns to table. (dining room)
[31] robot returns with rag. (dining room)
[31] robot places rag. (dining room)
[32] robot uses paper towel. (dining table)
[32] robot scoops spill. (dining table)
[32] robot wipes tabletop. (dining table)
[32] robot sets aside near used paper towel. (dining table)
[33] robot wipes spill. (living room)
[33] robot uses cloth. (living room)
[33] robot moves around room. (living room)
[33] robot adjusts curtain. (living room)
[33] robot sets cloth. (living room)
[33] robot returns closer to table. (living room)
[33] robot faces two men. (living room)

**Conversations: **

Conversation 1: Cooper tells Jeffrey they no longer need to clean the bookshelf and asks for help placing a rag, then chats with Malloy about books and drinks. Cooper and Malloy discuss reading preferences, with Malloy finding history dull and considering mystery or social skills books. The main focus shifts to Malloy’s concerns about friendship, feeling excluded by classmates—especially Mia—who didn’t invite her to a birthday party or trips. They reflect on what makes real friends, with Cooper offering supportive views while Jeffrey assists with drinks and tidying.
[1] Cooper: hey Jeffrey
[1] Cooper: we don't have to clean the bookshelf anymore
[1] Cooper: i will do it myself later
[1] Jeffrey: okay
[1] Cooper: oh okay
[1] Cooper: just please help me put the rag over the small table beside the
[2] Cooper: bookshelf
[2] Jeffrey: OK
[5] Cooper: what I remember
[5] Cooper: I put those book on the second floor right over there
[6] Cooper: you have to check it carefully and you find it
[6] Malloy: okay it sounds good
[6] Malloy: oh my god at least is better than the historical books i will try it
[6] Malloy: i don't know let me have a see i don't know
[6] Malloy: i just take it casually from the second layer of the bookshelf
[7] Malloy: I just take it casually from the second layer of the bookshelf.
[7] Cooper: Oh second layer.
[7] Cooper: I think the second floor is all about the romance.
[14] Malloy: before start our conversations i want to have some drinks so
[14] Malloy: what drinks do you want to drink
[14] Cooper: uh what kinds of drink do we have at home
[14] Malloy: oh you can ask Jeffrey
[15] Cooper: Alright Jeffrey could you tell me what kinds of the drink do we have at home
[30] Cooper: it's it's it's
[30] Cooper: so jeffrey
[30] Cooper: could you help me to clear the table with the rag
[31] Cooper: yeah thank you

[Step 2] Evaluating semantic answer...
Action: [Answer]
Content: In the dining room near the curtain or shelf, where it picks up the white rag.
FINAL ANSWER (from graph):
In the dining room near the curtain or shelf, where it picks up the white rag.
Question: How many kinds of book that Cooper likes are mentioned ?

[Step 1] Searching the graph...
Parse Query Output:
{
  "query_triple": ["<Cooper>", "likes", "book#types?", 0.95, 0.3, 0.25],
  "spatial_constraint": null,
  "speaker_strict": null,
  "allocation": {
    "k_high_level": 6,
    "k_low_level": 14,
    "k_conversations": 30,
    "total_k": 50,
    "reasoning": "Counting how many kinds of books Cooper likes requires identifying preferences across scenes and dialogue. Use some high-level edges for stable likes/preferences, conversations heavily for mentions of book types Cooper says he likes, and low-level edges for specific actions showing liking/choosing book genres."
  }
}

Graph Search Results:
**High-Level Information (Character Attributes and Relationships): **

Character Attributes:
- Cooper is: wears glasses (100), male (100), light skin (100), light pants (100), short black hair (100)

Character Relationships:
- Cooper friends with Malloy (85)

**Low-Level Information (Actions and Events): **

[2] Cooper says bookshelf. (living room and kitchen)
[4] Cooper holds book. (living room with desk)
[5] Cooper reads paperback book. (office)
[6] Cooper places book. (office)
[7] Cooper reads paperback book. (office)
[7] Cooper asks about book. (office)
[7] Cooper sees book. (office)
[8] Cooper glances at book. (office)
[9] Cooper opens paperback book. (office)
[9] Cooper reads paperback book. (office)
[9] Cooper holds paperback book. (office)
[10] Cooper reads paperback book. (home office)
[10] Cooper holds paperback book. (home office)
[37] Cooper points toward desk book. (office)

**Conversations: **

Conversation 1: Cooper tells Jeffrey they no longer need to clean the bookshelf and asks for help placing a rag, then chats with Malloy about books and drinks. Cooper and Malloy discuss reading preferences, with Malloy finding history dull and considering mystery or social skills books. The main focus shifts to Malloy’s concerns about friendship, feeling excluded by classmates—especially Mia—who didn’t invite her to a birthday party or trips. They reflect on what makes real friends, with Cooper offering supportive views while Jeffrey assists with drinks and tidying.
[1] Cooper: hey Jeffrey
[1] Cooper: we don't have to clean the bookshelf anymore
[1] Cooper: i will do it myself later
[1] Jeffrey: okay
[1] Cooper: oh okay
[1] Cooper: just please help me put the rag over the small table beside the
[2] Cooper: bookshelf
[2] Jeffrey: OK
[2] Cooper: Malloy
[2] Malloy: not much i just reading some book as usual
[2] Cooper: hmm what a surprise
[2] Cooper: you're reading good
[2] Cooper: and what a surprise you are reading book on the weekend
[3] Malloy: wow you're right i seldom read books but what do you think
[3] Malloy: i'm always a party animal
[3] Cooper: i'm kidding just uh
[3] Cooper: but it's pretty
[3] Cooper: it's really surprised when you sitting at home to doing reading
[3] Malloy: i'm also surprised to see you
[3] Malloy: wow
[4] Malloy: so Cooper
[4] Malloy: do you like reading books
[4] Cooper: oh yes
[4] Cooper: i do i do love the
[4] Cooper: history books
[4] Cooper: so you know i always uh want to learn something about the past
[4] Cooper: so i think the past history is pretty interesting
[4] Malloy: always make me feel really really sleepy
[4] Cooper: ah oh
[5] Cooper: I love the mystery books and
[5] Cooper: uh mystery books always made me pretty exciting
[5] Cooper: so I believe you will love it also
[5] Malloy: what mystery book
[5] Malloy: what mystery books
[5] Malloy: but I think I didn't find it in the bookshelf
[5] Cooper: what I remember
[5] Cooper: I put those book on the second floor right over there
[6] Cooper: you have to check it carefully and you find it
[6] Malloy: okay it sounds good
[6] Cooper: okay
[6] Cooper: but yet
[6] Cooper: what are you reading now
[6] Malloy: i don't know let me have a see i don't know
[6] Malloy: i just take it casually from the second layer of the bookshelf
[7] Cooper: Oh second layer.
[7] Cooper: I think the second floor is all about the romance.
[7] Cooper: So are you reading the romance book.
[7] Malloy: Romantic.
[7] Malloy: Hmm.
[7] Cooper: Not romantic but was there I was there.
[8] Cooper: not romantic but was there i was there
[8] Cooper: oh
[8] Cooper: i see the book is about the social skills but what social skill
[8] Cooper: i just remember i was put those book on the third floor
[8] Cooper: so why would be in the second floor
[9] Cooper: oh wait wait
[9] Cooper: wait hold on so
[9] Cooper: Malloy i think that you don't need this book anymore
[9] Cooper: so you are so already popular
[9] Malloy: humm
[9] Cooper: wait
[9] Cooper: yep there are nothing else you still
[9] Cooper: you still do the reading on the weekend
[9] Cooper: uh you're not the Malloy
[9] Cooper: i know you're always missing on the weekend
[10] Cooper: The box is all about something my private system so.
[11] Cooper: the box is all about something my private system so
[11] Cooper: it's about some reading
[11] Cooper: some reading notes
[11] Cooper: I love reading you know
[11] Malloy: okay
[11] Cooper: and yes but you say you
[14] Malloy: before start our conversations i want to have some drinks so
[14] Malloy: what drinks do you want to drink
[14] Cooper: uh what kinds of drink do we have at home
[14] Malloy: oh you can ask Jeffrey
[15] Cooper: Alright Jeffrey could you tell me what kinds of the drink do we have at home
[18] Malloy: so let me moisten
[18] Malloy: my throat first
[18] Cooper: yep sure
[18] Malloy: thank you Jeffrey
[18] Malloy: oh let me have a taste
[19] Cooper: though i really love it
[19] Malloy: so Cooper can i ask you a question
[19] Cooper: sure sure
[19] Malloy: hmm it's a little bit shy and what makes a real friends
[19] Cooper: a new friends
[19] Cooper: umm
[19] Cooper: umm i think a new friends uh
[21] Cooper: the real friends have first of all
[21] Cooper: I think the real friends should meet together oftenly you know
[21] Cooper: uh
[21] Cooper: so anyways the key point is together
[22] Malloy: oh eseyou say all these
[28] Malloy: they didn't invite me to go with them
[28] Malloy: i just be along all the time
[28] Cooper: well it's say that
[28] Cooper: they don't want to invite you to join their life
[28] Malloy: right that's the truth

Conversation 2: Cooper and Malloy discuss why Malloy’s relationships, particularly with Mia, feel distant. Cooper suggests Malloy’s uniformly kind attitude makes others feel unspecial, advising him to be selectively more special to certain people. Malloy initially overreacts but ultimately agrees to try being more selective in his enthusiasm.
[35] Cooper: so in your opinion there is two fans one is friendly to everyone
[35] Cooper: and the other one is only nice to you so
[35] Cooper: which one do you more prefer
[36] Malloy: and that's a question
[36] Malloy: let me have a think so hmm
[40] Cooper: but you also did the same way to everyone every single one
[40] Cooper: so i think that's why the Mia to withdraw your card
[41] Cooper: with your kind
[41] Cooper: and she doesn't do any special to you
[41] Cooper: so just treat you like a normal friend
[41] Malloy: like i'm always be kind to everyone
[41] Malloy: shouldn't i be kind to everyone
[41] Cooper: yes what a kind boy
[42] Cooper: I watch you grow up of course.
[42] Cooper: I did know that so you don't need to.

[Step 2] Evaluating semantic answer...
Action: [Answer]
Content: Two kinds: history books and mystery books.
FINAL ANSWER (from graph):
Two kinds: history books and mystery books.
Question: Does Malloy has the reading habit?

[Step 1] Searching the graph...
Parse Query Output:
{
  "query_triple": ["<Malloy>", "reading habit", null, 0.95, 0.25, 0.1],
  "spatial_constraint": null,
  "speaker_strict": null,
  "allocation": {
    "k_high_level": 9,
    "k_low_level": 11,
    "k_conversations": 30,
    "total_k": 50,
    "reasoning": "Trait/habit query—use high-level edges to capture character attribute; include conversations to find explicit mentions (e.g., 'Malloy loves reading') and some low-level edges to verify actions like reading in scenes."
  }
}

Graph Search Results:
**High-Level Information (Character Attributes and Relationships): **

Character Attributes:
- Malloy is: medium build (100), no glasses (100), light pants (100), male (100), light skin (100), short black hair (100), white sneakers (100), white oversized T-shirt (100), kind (90)

**Low-Level Information (Actions and Events): **

[2] Malloy reads book. (living room and kitchen)
[2] Malloy reads as usual book. (living room and kitchen)
[2] Malloy reads on weekend. (living room and kitchen)
[3] Malloy reads paperback book. (home office)
[3] Malloy reads quietly paperback book. (home office)
[4] Malloy reads paperback book. (living room with desk)
[4] Malloy continues reading. (living room with desk)
[6] Malloy reads paperback book. (office)
[6] Malloy continues reading. (office)
[7] Malloy reads book. (office)
[8] Malloy reads. (office)

**Conversations: **

Conversation 1: Cooper tells Jeffrey they no longer need to clean the bookshelf and asks for help placing a rag, then chats with Malloy about books and drinks. Cooper and Malloy discuss reading preferences, with Malloy finding history dull and considering mystery or social skills books. The main focus shifts to Malloy’s concerns about friendship, feeling excluded by classmates—especially Mia—who didn’t invite her to a birthday party or trips. They reflect on what makes real friends, with Cooper offering supportive views while Jeffrey assists with drinks and tidying.
[2] Cooper: how's you doing today
[2] Malloy: oh hi Cooper you're back
[2] Malloy: not much i just reading some book as usual
[2] Cooper: hmm what a surprise
[2] Cooper: you're reading good
[2] Cooper: and what a surprise you are reading book on the weekend
[3] Malloy: wow you're right i seldom read books but what do you think
[3] Malloy: i'm always a party animal
[3] Cooper: no no no no no
[3] Cooper: it's really surprised when you sitting at home to doing reading
[3] Malloy: i'm also surprised to see you
[3] Malloy: wow
[3] Malloy: so hmm
[3] Cooper: you surprised about
[3] Cooper: what are you surprised
[3] Cooper: what's inside my box
[4] Malloy: so Cooper
[4] Malloy: do you like reading books
[4] Cooper: oh yes
[4] Cooper: i do i do love the
[4] Cooper: so i think the past history is pretty interesting
[4] Malloy: okay the past
[4] Malloy: but i think the historical books
[4] Malloy: always make me feel really really sleepy
[4] Cooper: ah oh
[5] Cooper: uh mystery books always made me pretty exciting
[5] Cooper: so I believe you will love it also
[5] Malloy: what mystery book
[5] Malloy: what mystery books
[5] Malloy: but I think I didn't find it in the bookshelf
[5] Cooper: what I remember
[5] Cooper: I put those book on the second floor right over there
[6] Cooper: you have to check it carefully and you find it
[6] Malloy: okay it sounds good
[6] Malloy: oh my god at least is better than the historical books i will try it
[6] Malloy: if i have chance
[6] Cooper: okay
[6] Cooper: but yet
[6] Cooper: what are you reading now
[6] Malloy: i don't know let me have a see i don't know
[6] Malloy: i just take it casually from the second layer of the bookshelf
[7] Malloy: I just take it casually from the second layer of the bookshelf.
[7] Cooper: Oh second layer.
[7] Cooper: I think the second floor is all about the romance.
[7] Cooper: So are you reading the romance book.
[7] Malloy: Romantic.
[7] Malloy: Hmm.
[7] Malloy: Let me have a see I don't think this book is romantic.
[7] Cooper: Wait let's see.
[9] Cooper: Malloy i think that you don't need this book anymore
[9] Cooper: so you are so already popular
[9] Malloy: humm
[9] Cooper: wait
[9] Cooper: yep there are nothing else you still
[10] Cooper: I know you're always missing on the weekend.
[10] Malloy: I just feel really tired sometimes.
[10] Malloy: I think it's good to read some book.
[10] Malloy: Sometime on weekends.
[10] Cooper: What this doesn't mean.
[10] Cooper: You have something you want to say.
[11] Cooper: some reading notes
[11] Cooper: I love reading you know
[11] Malloy: okay
[11] Cooper: and yes but you say you
[11] Cooper: you want to
[12] Cooper: but please go on let me know something about it
[12] Cooper: what happened to you
[12] Malloy: okay it's so boring to read these books
[13] Malloy: it's all about the character okay
[13] Malloy: let's take over so
[15] Cooper: I would love to have some coffee please and I don't want to missing the story time and I want to have myself wake up
[15] Malloy: Oh I need coffee too
[16] Malloy: please i just feel a little bit tired after reading a book so
[16] Malloy: please Jeffrey
[16] Malloy: so Cooper why are you so gossip
[17] Malloy: oh wait this
[17] Malloy: don't be in a rush hmm
[17] Malloy: i have lots of story to tell you yes
[17] Cooper: yes so
[17] Malloy: and we haven't drink the drinks
[18] Malloy: yes
[18] Malloy: so let me moisten
[18] Malloy: my throat first
[18] Malloy: and i only have one bottle of the latins and Jeffrey
[18] Malloy: you prepare it well for us thank you and Cooper
[19] Malloy: what do you think of it
[19] Malloy: do you think it's okay
[19] Cooper: what i think this is pretty good
[19] Cooper: though i really love it
[23] Cooper: you know so i think all the people you have
[23] Cooper: all the fans you have stay with you yes yes
[24] Malloy: umm
[24] Malloy: but i mean that it's not about relatives
[24] Malloy: it's about talking with a person without blood ties
[28] Cooper: uh it is the possible
[28] Cooper: you did something wrong or you have something upset then
[29] Malloy: oh yes
[29] Malloy: you know me and my friends i think sometimes we
[29] Malloy: can just have a small talk

Conversation 2: Cooper and Malloy discuss why Malloy’s relationships, particularly with Mia, feel distant. Cooper suggests Malloy’s uniformly kind attitude makes others feel unspecial, advising him to be selectively more special to certain people. Malloy initially overreacts but ultimately agrees to try being more selective in his enthusiasm.
[35] Cooper: and the other one is only nice to you so
[35] Cooper: which one do you more prefer
[36] Malloy: and that's a question
[36] Malloy: let me have a think so hmm
[36] Malloy: it's hard to choose
[37] Cooper: and all of your classmate in the end
[37] Cooper: there is a few to thanks you
[37] Malloy: yes
[37] Malloy: that's real
[38] Cooper: so however about the Mia
[41] Cooper: and she doesn't do any special to you
[41] Cooper: so just treat you like a normal friend
[41] Malloy: okay
[41] Malloy: but i just a little bit confused
[41] Malloy: like i'm always be kind to everyone

[Step 2] Evaluating semantic answer...
Action: [Answer]
Content: Yes, Malloy has a reading habit.
FINAL ANSWER (from graph):
Yes, Malloy has a reading habit.
Question: Is Malloy selfish?

[Step 1] Searching the graph...
Parse Query Output:
{
  "query_triple": ["<Malloy>", "selfish", null, 0.95, 0.25, 0.1],
  "spatial_constraint": null,
  "speaker_strict": null,
  "allocation": {
    "k_high_level": 9,
    "k_low_level": 11,
    "k_conversations": 30,
    "total_k": 50,
    "reasoning": "Trait assessment query—use high-level edges for character attributes; conversations provide evidence and context; include some low-level actions that indicate selfish behavior."
  }
}

Graph Search Results:
**High-Level Information (Character Attributes and Relationships): **

Character Attributes:
- Malloy is: male (100), no glasses (100), light skin (100), short black hair (100), white sneakers (100), medium build (100), light pants (100), white oversized T-shirt (100), kind (90)

**Low-Level Information (Actions and Events): **

[2] Cooper asks Malloy. (living room and kitchen)
[3] Malloy thinks. (home office)
[5] Malloy asks Cooper. (office)
[14] Malloy speaks. (living room)
[19] Malloy asks Cooper. (living room office corner)
[21] Malloy speaks. (living room with wooden table)
[22] Malloy speaks. (office)
[24] Malloy speaks. (office)
[26] Malloy speaks. (office)
[28] Malloy speaks. (living room office)
[30] Cooper asks Malloy. (dining room)

**Conversations: **

Conversation 1: Cooper tells Jeffrey they no longer need to clean the bookshelf and asks for help placing a rag, then chats with Malloy about books and drinks. Cooper and Malloy discuss reading preferences, with Malloy finding history dull and considering mystery or social skills books. The main focus shifts to Malloy’s concerns about friendship, feeling excluded by classmates—especially Mia—who didn’t invite her to a birthday party or trips. They reflect on what makes real friends, with Cooper offering supportive views while Jeffrey assists with drinks and tidying.
[2] Cooper: bookshelf
[2] Jeffrey: OK
[2] Cooper: Malloy
[2] Cooper: how's you doing today
[2] Malloy: oh hi Cooper you're back
[3] Cooper: it's really surprised when you sitting at home to doing reading
[3] Malloy: i'm also surprised to see you
[3] Malloy: wow
[3] Malloy: so hmm
[3] Cooper: you surprised about
[3] Cooper: what are you surprised
[3] Cooper: what's inside my box
[4] Malloy: so Cooper
[4] Malloy: do you like reading books
[4] Cooper: oh yes
[7] Cooper: I think the second floor is all about the romance.
[7] Cooper: So are you reading the romance book.
[7] Malloy: Romantic.
[7] Malloy: Hmm.
[7] Malloy: Let me have a see I don't think this book is romantic.
[7] Cooper: Wait let's see.
[9] Cooper: Malloy i think that you don't need this book anymore
[9] Cooper: so you are so already popular
[9] Malloy: humm
[9] Cooper: wait
[9] Cooper: yep there are nothing else you still
[10] Cooper: You have something you want to say.
[10] Cooper: And what.
[10] Malloy: Okay.
[10] Malloy: Why are you taking the box just now.
[10] Cooper: Uh yes.
[11] Cooper: some reading notes
[11] Cooper: I love reading you know
[11] Malloy: okay
[11] Cooper: and yes but you say you
[11] Cooper: you want to
[11] Cooper: you have something you want to say
[11] Malloy: yes but why are you asking this
[11] Cooper: uh you know
[11] Cooper: you know I'm just
[12] Cooper: what happened to you
[12] Malloy: okay it's so boring to read these books
[13] Malloy: it's all about the character okay
[13] Malloy: let's take over so
[13] Malloy: Jeffrey can you help me take the book back to the bookshelf
[14] Malloy: oh Cooper
[14] Malloy: before start our conversations i want to have some drinks so
[14] Malloy: what drinks do you want to drink
[17] Cooper: yes so
[17] Malloy: and we haven't drink the drinks
[18] Malloy: yes
[18] Malloy: so let me moisten
[18] Malloy: my throat first
[18] Malloy: and i only have one bottle of the latins and Jeffrey
[18] Malloy: you prepare it well for us thank you and Cooper
[19] Malloy: what do you think of it
[19] Malloy: do you think it's okay
[19] Cooper: what i think this is pretty good
[19] Cooper: though i really love it
[20] Cooper: it's my point
[20] Malloy: okay i think yours
[20] Malloy: opinion is right
[20] Malloy: and it's full of the persily energy but in my own opinions
[21] Malloy: I think you know just
[21] Malloy: your worst is two sweepings and what I really want to know
[21] Malloy: is that what kind of behaviors should real friends have
[21] Cooper: the real friends have first of all
[21] Cooper: I think the real friends should meet together oftenly you know
[23] Cooper: you know so i think all the people you have
[23] Cooper: all the fans you have stay with you yes yes
[24] Malloy: umm
[24] Malloy: but i mean that it's not about relatives
[24] Malloy: it's about talking with a person without blood ties
[27] Malloy: because i really consider her as my best friends
[27] Malloy: i just wondering what the reason is and you know
[27] Malloy: i have other friends too
[27] Malloy: and i really be kind to them and when i know that other friends
[28] Malloy: they just stick together and they go traveling together
[28] Cooper: uh it is the possible
[28] Cooper: you did something wrong or you have something upset then
[29] Malloy: oh yes
[29] Malloy: you know me and my friends i think sometimes we
[29] Malloy: can just have a small talk
[29] Malloy: just like the conversation is just for consuming the time
[29] Malloy: and just like Mia you know
[30] Malloy: and she did this for me
[30] Malloy: but i just think about the reason
[30] Malloy: i really cherish our friendships

Conversation 2: Cooper and Malloy discuss why Malloy’s relationships, particularly with Mia, feel distant. Cooper suggests Malloy’s uniformly kind attitude makes others feel unspecial, advising him to be selectively more special to certain people. Malloy initially overreacts but ultimately agrees to try being more selective in his enthusiasm.
[35] Cooper: and the other one is only nice to you so
[35] Cooper: which one do you more prefer
[36] Malloy: and that's a question
[36] Malloy: let me have a think so hmm
[36] Malloy: it's hard to choose
[36] Malloy: and but i feel like i would choose the latter one
[36] Cooper: yes you're right i think everyone will be choose the latter one
[36] Cooper: be treat like everyone
[36] Cooper: every single one want to be the special one
[37] Malloy: you're right
[37] Cooper: yep so do you remember
[37] Cooper: do you remember at that time
[37] Cooper: and all of your classmate in the end
[37] Cooper: there is a few to thanks you
[37] Malloy: yes
[37] Malloy: that's real
[38] Cooper: so however about the Mia
[38] Malloy: but she didn't ask me to the her birthday party oh my god
[39] Malloy: i have mentioned it for so many times
[39] Malloy: but everytime
[39] Malloy: i remind of these things
[39] Malloy: you always make me so upset
[39] Malloy: did you remember that song
[39] Malloy: the last Christmas is a song about a lyric like the last
[39] Malloy: Christmas
[39] Malloy: i give you heart
[39] Malloy: but the very next day gave it away
[41] Cooper: and she doesn't do any special to you
[41] Cooper: so just treat you like a normal friend
[41] Malloy: okay
[41] Malloy: but i just a little bit confused
[41] Malloy: like i'm always be kind to everyone
[41] Malloy: shouldn't i be kind to everyone
[41] Cooper: yes what a kind boy
[42] Cooper: I watch you grow up of course.
[42] Malloy: Let me take it words, I just can get away.
[42] Malloy: And I just said it the socially.
[42] Malloy: Okay.
[42] Malloy: I understand I decided to be less enthusiastic.
[43] Malloy: And I want to be a cold bloody person in the rest of my life.

[Step 2] Evaluating semantic answer...
Action: [Answer]
Content: No, Malloy is portrayed as kind and not selfish.
FINAL ANSWER (from graph):
No, Malloy is portrayed as kind and not selfish.
✓ Updated results.json for study_22 (12 questions)
✓ Cleaned up video and frames for study_22

============================================================
Processing video: living_room_14
============================================================
Downloading 1 video(s) to data/videos...

Downloading living_room_14.mp4...
✓ Successfully downloaded living_room_14.mp4 to data/videos/living_room_14.mp4

============================================================
Download Summary:
  Successful: 1/1
============================================================

============================================================
[1/1] Processing: living_room_14
============================================================
Video: data/videos/living_room_14.mp4
Subtitles: data/subtitles/robot/living_room_14.srt
Output: data/frames/living_room_14
============================================================

Parsing subtitle file: data/subtitles/robot/living_room_14.srt
Found 560 subtitle entries
Video: 1280x720, 30.00 FPS, 66116 frames, 2203.87s duration

Extracting frames with subtitles...
Grouping frames into folders of 30 frames each
  Saved 10 frames (up to 9s, folder 1)
  Saved 20 frames (up to 19s, folder 1)
  Saved 30 frames (up to 29s, folder 1)
  Saved 40 frames (up to 39s, folder 2)
  Saved 50 frames (up to 49s, folder 2)
  Saved 60 frames (up to 59s, folder 2)
  Saved 70 frames (up to 69s, folder 3)
  Saved 80 frames (up to 79s, folder 3)
  Saved 90 frames (up to 89s, folder 3)
  Saved 100 frames (up to 99s, folder 4)
  Saved 110 frames (up to 109s, folder 4)
  Saved 120 frames (up to 119s, folder 4)
  Saved 130 frames (up to 129s, folder 5)
  Saved 140 frames (up to 139s, folder 5)
  Saved 150 frames (up to 149s, folder 5)
  Saved 160 frames (up to 159s, folder 6)
  Saved 170 frames (up to 169s, folder 6)
  Saved 180 frames (up to 179s, folder 6)
  Saved 190 frames (up to 189s, folder 7)
  Saved 200 frames (up to 199s, folder 7)
  Saved 210 frames (up to 209s, folder 7)
  Saved 220 frames (up to 219s, folder 8)
  Saved 230 frames (up to 229s, folder 8)
  Saved 240 frames (up to 239s, folder 8)
  Saved 250 frames (up to 249s, folder 9)
  Saved 260 frames (up to 259s, folder 9)
  Saved 270 frames (up to 269s, folder 9)
  Saved 280 frames (up to 279s, folder 10)
  Saved 290 frames (up to 289s, folder 10)
  Saved 300 frames (up to 299s, folder 10)
  Saved 310 frames (up to 309s, folder 11)
  Saved 320 frames (up to 319s, folder 11)
  Saved 330 frames (up to 329s, folder 11)
  Saved 340 frames (up to 339s, folder 12)
  Saved 350 frames (up to 349s, folder 12)
  Saved 360 frames (up to 359s, folder 12)
  Saved 370 frames (up to 369s, folder 13)
  Saved 380 frames (up to 379s, folder 13)
  Saved 390 frames (up to 389s, folder 13)
  Saved 400 frames (up to 399s, folder 14)
  Saved 410 frames (up to 409s, folder 14)
  Saved 420 frames (up to 419s, folder 14)
  Saved 430 frames (up to 429s, folder 15)
  Saved 440 frames (up to 439s, folder 15)
  Saved 450 frames (up to 449s, folder 15)
  Saved 460 frames (up to 459s, folder 16)
  Saved 470 frames (up to 469s, folder 16)
  Saved 480 frames (up to 479s, folder 16)
  Saved 490 frames (up to 489s, folder 17)
  Saved 500 frames (up to 499s, folder 17)
  Saved 510 frames (up to 509s, folder 17)
  Saved 520 frames (up to 519s, folder 18)
  Saved 530 frames (up to 529s, folder 18)
  Saved 540 frames (up to 539s, folder 18)
  Saved 550 frames (up to 549s, folder 19)
  Saved 560 frames (up to 559s, folder 19)
  Saved 570 frames (up to 569s, folder 19)
  Saved 580 frames (up to 579s, folder 20)
  Saved 590 frames (up to 589s, folder 20)
  Saved 600 frames (up to 599s, folder 20)
  Saved 610 frames (up to 609s, folder 21)
  Saved 620 frames (up to 619s, folder 21)
  Saved 630 frames (up to 629s, folder 21)
  Saved 640 frames (up to 639s, folder 22)
  Saved 650 frames (up to 649s, folder 22)
  Saved 660 frames (up to 659s, folder 22)
  Saved 670 frames (up to 669s, folder 23)
  Saved 680 frames (up to 679s, folder 23)
  Saved 690 frames (up to 689s, folder 23)
  Saved 700 frames (up to 699s, folder 24)
  Saved 710 frames (up to 709s, folder 24)
  Saved 720 frames (up to 719s, folder 24)
  Saved 730 frames (up to 729s, folder 25)
  Saved 740 frames (up to 739s, folder 25)
  Saved 750 frames (up to 749s, folder 25)
  Saved 760 frames (up to 759s, folder 26)
  Saved 770 frames (up to 769s, folder 26)
  Saved 780 frames (up to 779s, folder 26)
  Saved 790 frames (up to 789s, folder 27)
  Saved 800 frames (up to 799s, folder 27)
  Saved 810 frames (up to 809s, folder 27)
  Saved 820 frames (up to 819s, folder 28)
  Saved 830 frames (up to 829s, folder 28)
  Saved 840 frames (up to 839s, folder 28)
  Saved 850 frames (up to 849s, folder 29)
  Saved 860 frames (up to 859s, folder 29)
  Saved 870 frames (up to 869s, folder 29)
  Saved 880 frames (up to 879s, folder 30)
  Saved 890 frames (up to 889s, folder 30)
  Saved 900 frames (up to 899s, folder 30)
  Saved 910 frames (up to 909s, folder 31)
  Saved 920 frames (up to 919s, folder 31)
  Saved 930 frames (up to 929s, folder 31)
  Saved 940 frames (up to 939s, folder 32)
  Saved 950 frames (up to 949s, folder 32)
  Saved 960 frames (up to 959s, folder 32)
  Saved 970 frames (up to 969s, folder 33)
  Saved 980 frames (up to 979s, folder 33)
  Saved 990 frames (up to 989s, folder 33)
  Saved 1000 frames (up to 999s, folder 34)
  Saved 1010 frames (up to 1009s, folder 34)
  Saved 1020 frames (up to 1019s, folder 34)
  Saved 1030 frames (up to 1029s, folder 35)
  Saved 1040 frames (up to 1039s, folder 35)
  Saved 1050 frames (up to 1049s, folder 35)
  Saved 1060 frames (up to 1059s, folder 36)
  Saved 1070 frames (up to 1069s, folder 36)
  Saved 1080 frames (up to 1079s, folder 36)
  Saved 1090 frames (up to 1089s, folder 37)
  Saved 1100 frames (up to 1099s, folder 37)
  Saved 1110 frames (up to 1109s, folder 37)
  Saved 1120 frames (up to 1119s, folder 38)
  Saved 1130 frames (up to 1129s, folder 38)
  Saved 1140 frames (up to 1139s, folder 38)
  Saved 1150 frames (up to 1149s, folder 39)
  Saved 1160 frames (up to 1159s, folder 39)
  Saved 1170 frames (up to 1169s, folder 39)
  Saved 1180 frames (up to 1179s, folder 40)
  Saved 1190 frames (up to 1189s, folder 40)
  Saved 1200 frames (up to 1199s, folder 40)
  Saved 1210 frames (up to 1209s, folder 41)
  Saved 1220 frames (up to 1219s, folder 41)
  Saved 1230 frames (up to 1229s, folder 41)
  Saved 1240 frames (up to 1239s, folder 42)
  Saved 1250 frames (up to 1249s, folder 42)
  Saved 1260 frames (up to 1259s, folder 42)
  Saved 1270 frames (up to 1269s, folder 43)
  Saved 1280 frames (up to 1279s, folder 43)
  Saved 1290 frames (up to 1289s, folder 43)
  Saved 1300 frames (up to 1299s, folder 44)
  Saved 1310 frames (up to 1309s, folder 44)
  Saved 1320 frames (up to 1319s, folder 44)
  Saved 1330 frames (up to 1329s, folder 45)
  Saved 1340 frames (up to 1339s, folder 45)
  Saved 1350 frames (up to 1349s, folder 45)
  Saved 1360 frames (up to 1359s, folder 46)
  Saved 1370 frames (up to 1369s, folder 46)
  Saved 1380 frames (up to 1379s, folder 46)
  Saved 1390 frames (up to 1389s, folder 47)
  Saved 1400 frames (up to 1399s, folder 47)
  Saved 1410 frames (up to 1409s, folder 47)
  Saved 1420 frames (up to 1419s, folder 48)
  Saved 1430 frames (up to 1429s, folder 48)
  Saved 1440 frames (up to 1439s, folder 48)
  Saved 1450 frames (up to 1449s, folder 49)
  Saved 1460 frames (up to 1459s, folder 49)
  Saved 1470 frames (up to 1469s, folder 49)
  Saved 1480 frames (up to 1479s, folder 50)
  Saved 1490 frames (up to 1489s, folder 50)
  Saved 1500 frames (up to 1499s, folder 50)
  Saved 1510 frames (up to 1509s, folder 51)
  Saved 1520 frames (up to 1519s, folder 51)
  Saved 1530 frames (up to 1529s, folder 51)
  Saved 1540 frames (up to 1539s, folder 52)
  Saved 1550 frames (up to 1549s, folder 52)
  Saved 1560 frames (up to 1559s, folder 52)
  Saved 1570 frames (up to 1569s, folder 53)
  Saved 1580 frames (up to 1579s, folder 53)
  Saved 1590 frames (up to 1589s, folder 53)
  Saved 1600 frames (up to 1599s, folder 54)
  Saved 1610 frames (up to 1609s, folder 54)
  Saved 1620 frames (up to 1619s, folder 54)
  Saved 1630 frames (up to 1629s, folder 55)
  Saved 1640 frames (up to 1639s, folder 55)
  Saved 1650 frames (up to 1649s, folder 55)
  Saved 1660 frames (up to 1659s, folder 56)
  Saved 1670 frames (up to 1669s, folder 56)
  Saved 1680 frames (up to 1679s, folder 56)
  Saved 1690 frames (up to 1689s, folder 57)
  Saved 1700 frames (up to 1699s, folder 57)
  Saved 1710 frames (up to 1709s, folder 57)
  Saved 1720 frames (up to 1719s, folder 58)
  Saved 1730 frames (up to 1729s, folder 58)
  Saved 1740 frames (up to 1739s, folder 58)
  Saved 1750 frames (up to 1749s, folder 59)
  Saved 1760 frames (up to 1759s, folder 59)
  Saved 1770 frames (up to 1769s, folder 59)
  Saved 1780 frames (up to 1779s, folder 60)
  Saved 1790 frames (up to 1789s, folder 60)
  Saved 1800 frames (up to 1799s, folder 60)
  Saved 1810 frames (up to 1809s, folder 61)
  Saved 1820 frames (up to 1819s, folder 61)
  Saved 1830 frames (up to 1829s, folder 61)
  Saved 1840 frames (up to 1839s, folder 62)
  Saved 1850 frames (up to 1849s, folder 62)
  Saved 1860 frames (up to 1859s, folder 62)
  Saved 1870 frames (up to 1869s, folder 63)
  Saved 1880 frames (up to 1879s, folder 63)
  Saved 1890 frames (up to 1889s, folder 63)
  Saved 1900 frames (up to 1899s, folder 64)
  Saved 1910 frames (up to 1909s, folder 64)
  Saved 1920 frames (up to 1919s, folder 64)
  Saved 1930 frames (up to 1929s, folder 65)
  Saved 1940 frames (up to 1939s, folder 65)
  Saved 1950 frames (up to 1949s, folder 65)
  Saved 1960 frames (up to 1959s, folder 66)
  Saved 1970 frames (up to 1969s, folder 66)
  Saved 1980 frames (up to 1979s, folder 66)
  Saved 1990 frames (up to 1989s, folder 67)
  Saved 2000 frames (up to 1999s, folder 67)
  Saved 2010 frames (up to 2009s, folder 67)
  Saved 2020 frames (up to 2019s, folder 68)
  Saved 2030 frames (up to 2029s, folder 68)
  Saved 2040 frames (up to 2039s, folder 68)
  Saved 2050 frames (up to 2049s, folder 69)
  Saved 2060 frames (up to 2059s, folder 69)
  Saved 2070 frames (up to 2069s, folder 69)
  Saved 2080 frames (up to 2079s, folder 70)
  Saved 2090 frames (up to 2089s, folder 70)
  Saved 2100 frames (up to 2099s, folder 70)
  Saved 2110 frames (up to 2109s, folder 71)
  Saved 2120 frames (up to 2119s, folder 71)
  Saved 2130 frames (up to 2129s, folder 71)
  Saved 2140 frames (up to 2139s, folder 72)
  Saved 2150 frames (up to 2149s, folder 72)
  Saved 2160 frames (up to 2159s, folder 72)
  Saved 2170 frames (up to 2169s, folder 73)
  Saved 2180 frames (up to 2179s, folder 73)
  Saved 2190 frames (up to 2189s, folder 73)
  Saved 2200 frames (up to 2199s, folder 74)

✓ Extracted 2204 frames to data/frames/living_room_14

✓ Successfully processed living_room_14: 2204 frames saved
--------------------------------
Processing folder:  data/frames/living_room_14/1
Inserted 23 triples into graph for clip 1
--------------------------------
Processing folder:  data/frames/living_room_14/2
Inserted 26 triples into graph for clip 2
--------------------------------
Processing folder:  data/frames/living_room_14/3
Inserted 19 triples into graph for clip 3
--------------------------------
Processing folder:  data/frames/living_room_14/4
Inserted 20 triples into graph for clip 4
--------------------------------
Processing folder:  data/frames/living_room_14/5
Inserted 27 triples into graph for clip 5
--------------------------------
Processing folder:  data/frames/living_room_14/6
Inserted 22 triples into graph for clip 6
--------------------------------
Processing folder:  data/frames/living_room_14/7
Inserted 24 triples into graph for clip 7
--------------------------------
Processing folder:  data/frames/living_room_14/8
Inserted 29 triples into graph for clip 8
--------------------------------
Processing folder:  data/frames/living_room_14/9
Inserted 16 triples into graph for clip 9
--------------------------------
Processing folder:  data/frames/living_room_14/10
Extracting summary for completed conversation 1...
Warning: Character '<Jessie>' not found in graph, skipping relationship
Warning: Character '<Jessie>' not found in graph, skipping relationship
✓ Conversation summary extracted. Attributes: 7, Relationships: 4
Inserted 23 triples into graph for clip 10
--------------------------------
Processing folder:  data/frames/living_room_14/11
Inserted 23 triples into graph for clip 11
--------------------------------
Processing folder:  data/frames/living_room_14/12
Inserted 19 triples into graph for clip 12
--------------------------------
Processing folder:  data/frames/living_room_14/13
Inserted 22 triples into graph for clip 13
--------------------------------
Processing folder:  data/frames/living_room_14/14
Inserted 19 triples into graph for clip 14
--------------------------------
Processing folder:  data/frames/living_room_14/15
Inserted 20 triples into graph for clip 15
--------------------------------
Processing folder:  data/frames/living_room_14/16
Inserted 26 triples into graph for clip 16
--------------------------------
Processing folder:  data/frames/living_room_14/17
Extracting summary for completed conversation 2...
✓ Conversation summary extracted. Attributes: 8, Relationships: 6
Inserted 14 triples into graph for clip 17
--------------------------------
Processing folder:  data/frames/living_room_14/18
Inserted 15 triples into graph for clip 18
--------------------------------
Processing folder:  data/frames/living_room_14/19
Inserted 17 triples into graph for clip 19
--------------------------------
Processing folder:  data/frames/living_room_14/20
Inserted 26 triples into graph for clip 20
--------------------------------
Processing folder:  data/frames/living_room_14/21
Inserted 26 triples into graph for clip 21
--------------------------------
Processing folder:  data/frames/living_room_14/22
Inserted 20 triples into graph for clip 22
--------------------------------
Processing folder:  data/frames/living_room_14/23
Inserted 33 triples into graph for clip 23
--------------------------------
Processing folder:  data/frames/living_room_14/24
Inserted 22 triples into graph for clip 24
--------------------------------
Processing folder:  data/frames/living_room_14/25
Inserted 35 triples into graph for clip 25
--------------------------------
Processing folder:  data/frames/living_room_14/26
Inserted 30 triples into graph for clip 26
--------------------------------
Processing folder:  data/frames/living_room_14/27
Inserted 24 triples into graph for clip 27
--------------------------------
Processing folder:  data/frames/living_room_14/28
Extracting summary for completed conversation 3...
✓ Conversation summary extracted. Attributes: 9, Relationships: 5
Inserted 18 triples into graph for clip 28
--------------------------------
Processing folder:  data/frames/living_room_14/29
Inserted 22 triples into graph for clip 29
--------------------------------
Processing folder:  data/frames/living_room_14/30
Inserted 28 triples into graph for clip 30
--------------------------------
Processing folder:  data/frames/living_room_14/31
Inserted 15 triples into graph for clip 31
--------------------------------
Processing folder:  data/frames/living_room_14/32
Extracting summary for completed conversation 4...
✓ Conversation summary extracted. Attributes: 7, Relationships: 5
Inserted 25 triples into graph for clip 32
--------------------------------
Processing folder:  data/frames/living_room_14/33
Inserted 43 triples into graph for clip 33
--------------------------------
Processing folder:  data/frames/living_room_14/34
Inserted 28 triples into graph for clip 34
--------------------------------
Processing folder:  data/frames/living_room_14/35
Inserted 32 triples into graph for clip 35
--------------------------------
Processing folder:  data/frames/living_room_14/36
Inserted 28 triples into graph for clip 36
--------------------------------
Processing folder:  data/frames/living_room_14/37
Inserted 35 triples into graph for clip 37
--------------------------------
Processing folder:  data/frames/living_room_14/38
Inserted 37 triples into graph for clip 38
--------------------------------
Processing folder:  data/frames/living_room_14/39
Inserted 24 triples into graph for clip 39
--------------------------------
Processing folder:  data/frames/living_room_14/40
Inserted 24 triples into graph for clip 40
--------------------------------
Processing folder:  data/frames/living_room_14/41
Inserted 45 triples into graph for clip 41
--------------------------------
Processing folder:  data/frames/living_room_14/42
Inserted 33 triples into graph for clip 42
--------------------------------
Processing folder:  data/frames/living_room_14/43
Inserted 38 triples into graph for clip 43
--------------------------------
Processing folder:  data/frames/living_room_14/44
Inserted 26 triples into graph for clip 44
--------------------------------
Processing folder:  data/frames/living_room_14/45
Inserted 22 triples into graph for clip 45
--------------------------------
Processing folder:  data/frames/living_room_14/46
Inserted 26 triples into graph for clip 46
--------------------------------
Processing folder:  data/frames/living_room_14/47
Inserted 28 triples into graph for clip 47
--------------------------------
Processing folder:  data/frames/living_room_14/48
Inserted 35 triples into graph for clip 48
--------------------------------
Processing folder:  data/frames/living_room_14/49
Inserted 42 triples into graph for clip 49
--------------------------------
Processing folder:  data/frames/living_room_14/50
Inserted 28 triples into graph for clip 50
--------------------------------
Processing folder:  data/frames/living_room_14/51
Inserted 19 triples into graph for clip 51
--------------------------------
Processing folder:  data/frames/living_room_14/52
Inserted 26 triples into graph for clip 52
--------------------------------
Processing folder:  data/frames/living_room_14/53
Inserted 27 triples into graph for clip 53
--------------------------------
Processing folder:  data/frames/living_room_14/54
Inserted 31 triples into graph for clip 54
--------------------------------
Processing folder:  data/frames/living_room_14/55
Inserted 30 triples into graph for clip 55
--------------------------------
Processing folder:  data/frames/living_room_14/56
Inserted 24 triples into graph for clip 56
--------------------------------
Processing folder:  data/frames/living_room_14/57
Inserted 26 triples into graph for clip 57
--------------------------------
Processing folder:  data/frames/living_room_14/58
Inserted 25 triples into graph for clip 58
--------------------------------
Processing folder:  data/frames/living_room_14/59
Inserted 24 triples into graph for clip 59
--------------------------------
Processing folder:  data/frames/living_room_14/60
Inserted 19 triples into graph for clip 60
--------------------------------
Processing folder:  data/frames/living_room_14/61
Inserted 19 triples into graph for clip 61
--------------------------------
Processing folder:  data/frames/living_room_14/62
Inserted 25 triples into graph for clip 62
--------------------------------
Processing folder:  data/frames/living_room_14/63
Inserted 21 triples into graph for clip 63
--------------------------------
Processing folder:  data/frames/living_room_14/64
Inserted 22 triples into graph for clip 64
--------------------------------
Processing folder:  data/frames/living_room_14/65
Inserted 17 triples into graph for clip 65
--------------------------------
Processing folder:  data/frames/living_room_14/66
Inserted 24 triples into graph for clip 66
--------------------------------
Processing folder:  data/frames/living_room_14/67
Inserted 39 triples into graph for clip 67
--------------------------------
Processing folder:  data/frames/living_room_14/68
Inserted 29 triples into graph for clip 68
--------------------------------
Processing folder:  data/frames/living_room_14/69
Inserted 31 triples into graph for clip 69
--------------------------------
Processing folder:  data/frames/living_room_14/70
Inserted 22 triples into graph for clip 70
--------------------------------
Processing folder:  data/frames/living_room_14/71
Inserted 24 triples into graph for clip 71
--------------------------------
Processing folder:  data/frames/living_room_14/72
Inserted 24 triples into graph for clip 72
--------------------------------
Processing folder:  data/frames/living_room_14/73
Inserted 20 triples into graph for clip 73
--------------------------------
Processing folder:  data/frames/living_room_14/74
Extracting summary for completed conversation 5...
✓ Conversation summary extracted. Attributes: 13, Relationships: 10
Inserted 31 triples into graph for clip 74
Inserting character appearances for 8 characters...
✓ Character appearances inserted: 46 appearance edges created
481 node embeddings inserted (9 characters, 472 objects)
1987 edge embeddings inserted
Generating character attributes...
Number of edges:  1987
Character attributes generated.
Number of edges:  2035
Character relationships generated.
Number of edges:  2116
✓ Graph memory built for living_room_14
Question: Why was Joy upset at first?

[Step 1] Searching the graph...
Parse Query Output:
{
  "query_triple": ["<Joy>", "is upset", "?", 0.95, 0.3, 0.2],
  "spatial_constraint": null,
  "speaker_strict": null,
  "allocation": {
    "k_high_level": 6,
    "k_low_level": 9,
    "k_conversations": 35,
    "total_k": 50,
    "reasoning": "Why/motivation query centered on Joy's emotional state; prioritize conversations to find reasons, with some high-level edges for traits/states and a few low-level edges for triggering actions/events."
  }
}

Graph Search Results:
**High-Level Information (Character Attributes and Relationships): **

Character Attributes:
- Joy is: female (100), long dark hair tied back (100), medium build (100), black leggings (100), glasses (100), yellow slippers (100)

**Low-Level Information (Actions and Events): **

[25] Joy stands up. (living room)
[27] Joy looks down. (living room)
[34] Joy stands up. (living room)
[38] Joy apologizes. (living room)
[39] Joy apologizes. (living room)
[42] Joy stands up small stool. (living room)
[42] Joy reacts with surprise. (living room)
[48] Joy reacts with surprise. (living room)
[56] Joy reacts with surprise. (living room)

**Conversations: **

Conversation 2: Jane hosts a casual hangout at her place, asking a robot to fetch a remote and help with tasks while changing the TV channel. Jessie offers oranges, and Joy expresses enthusiasm for them and asks the robot for help with cutting. Overall, the group settles into a relaxed social setting with cooperation from the robot.
[15] Joy: Hmm yes Jessie you really know me a lot.
[15] Joy: So let's eat some oranges.
[15] Joy: Oh...
[15] Joy: Hey robot please give me the fruit knife.
[16] Joy: Oh just... just don't give me.

Conversation 5: Three friends, Joy, Jessie, and Jane hang out, play blackjack with some rule confusion, and take turns dealing. Jessie wins several rounds while Joy often busts, and they use a household robot to fetch snacks, tidy up, and assist. After snacking and briefly watching TV, they decide to tidy up and go out, coordinating keys and the door.
[33] Joy: I'll help it. Maybe like this.
[33] Joy: Okay.
[33] Joy: Hmm I'll search some games.
[33] Joy: Oh is this okay? Maybe this one?
[38] Joy: Again oh...
[38] Joy: These cards, oh it's really old.
[38] Joy: Maybe...
[38] Joy: Maybe that's okay.
[38] Joy: Your first one.
[39] Jane: Yeah. Joy: Yours.
[39] Jane: Oh I think you can keep one for yourself.
[42] Jessie: One.
[42] Joy: Thank you.
[42] Joy: Wow.
[42] Jessie: Do you want another?
[42] Joy: Yes yes yes of course I just have one.
[42] Jane: No no...
[42] Joy: Wow, I see.
[42] Joy: Uh-huh.
[42] Jessie: Yeah I want another.
[43] Joy: No.
[43] Jessie: Okay, do you want another?
[43] Jane: No.
[46] Joy: Hmm I think you should show it to Jane.
[47] Joy: Jane, maybe Jessie...
[47] Joy: Uh...
[47] Joy: I see. I've seen it.
[47] Joy: Maybe it's my fault.
[47] Jane: Okay. Do you want?
[47] Joy: Yes yes yes.
[47] Joy: That's it?
[47] Jessie: I just thought...
[47] Jane: Oh?
[47] Joy: Okay...
[47] Jessie: Give me.
[48] Jessie: Give me another.
[48] Jessie: That's all.
[48] Jane: Let me show mine firstly. It's sixteen.
[48] Joy: Oh.
[48] Jessie: Sixteen.
[48] Joy: I'm twenty three.
[48] Jane: Congratulation you're the winner.
[49] Jessie: Okay so...
[49] Joy: Yeah.
[49] Jane: Yes...
[49] Jessie: Should we continue the card play or do something else?
[52] Joy: Where are the cards?
[52] Jane: Oh cards?
[53] Joy: Oh where is that?
[53] Jane: Oh here, it's here.
[53] Joy: I want one more bite.
[53] Jane: This is so delicious.
[53] Joy: Where did you buy them?
[53] Joy: Hmm...
[53] Joy: My... my god...Wow.
[53] Joy: I'm sorry I just forgot...
[53] Joy: We just add the jokers.
[53] Joy: I should... I should remove it.
[54] Joy: I'll see.
[54] Joy: Yours, you want more?
[54] Joy: Yes.
[54] Joy: I want more.
[55] Joy: Okay do you want more?
[57] Joy: I got thirty one. Thirty one points.
[58] Jessie: Oh look at you, you lost.
[58] Joy: Ah.
[58] Joy: Well what's your... what's your points?
[58] Joy: What points... how many points do you have?
[64] Jane: Is that funny?
[64] Jessie: Yeah very funny.
[64] Joy: What are you looking at?
[64] Joy: Oh okay okay okay.
[64] Jessie: So let's watch sports program.
[64] Jane: Sports program?
[65] Jessie: Oh my god.
[66] Joy: Oh oh be careful.
[66] Joy: Oh where did she go?
[66] Jane: I don't know.
[66] Jessie: Oh I'm so sad friends my boss asked me to work overtime.
[68] Joy: Okay the large...
[68] Joy: It should be here.
[69] Joy: Oh okay okay.
[69] Joy: I'll put the orange here.
[69] Joy: You can do it first.
[72] Joy: Go to the door.
[72] Jane: Oh Joy did you... did you get the keys?
[72] Joy: Oh uh.
[72] Joy: No, I don't know.
[72] Joy: Where's the key?
[72] Jane: Oh where's the key?
[73] Jane: Hey robot please open the door after we arriving.
[73] Joy: Well okay.
[73] Joy: Just put that in here.

Conversation 1: Joy admires a flower and considers buying more plants but agrees to Jane’s request to only look and not purchase. They decide to stay home, organize some snacks for an upcoming visit, and prepare for Jessie’s arrival. Joy monitors reminders and asks a robot to open the door when Jessie arrives.
[2] Jane: Oh remind that you just look.
[2] Jane: Don't buy any more potted plants.
[3] Joy: Oh just look?
[3] Jane: Yeah just look.
[3] Joy: Oh I won't go...
[3] Joy: Yeah, maybe here.
[3] Jane: You're alright?
[3] Joy: Okay.
[3] Joy: Ah.
[3] Jane: You won't go?
[3] Joy: No I won't go.
[4] Joy: Hmm...
[4] Joy: Maybe I lost something.
[4] Joy: Here?
[4] Joy: No I don't think it's left.
[4] Joy: Oh so annoying.
[4] Joy: Maybe I can watch some television programme...
[5] Joy: What programmes...
[5] Joy: This one... No.
[5] Joy: Ah just this one.
[5] Joy: Well...
[5] Joy: I'll put it here.
[6] Jane: Hello Jessie where are you?
[6] Joy: It's over there, I remember.
[7] Jane: Yeah I will put my snacks.
[7] Joy: Oh maybe...
[7] Joy: Maybe I'll put down here.
[7] Joy: I'll put here.

Conversation 4: Jessie asks for water and a cup, and learns paper cups are unavailable. Joy suggests using customer cups, which Jessie declines. Jane proposes having a robot fetch cups for Jessie, and the robot agrees.
[30] Joy: Uh we don't have paper cups.
[30] Joy: Maybe you need some cups for customers.
[30] Joy: Do you mind that?
[30] Jessie: No thank you.
[30] Jane: Okay.

Conversation 3: The group enjoys oranges and briefly addresses disposing of peels properly. They find the TV program boring and decide to play cards but struggle to locate the deck. Joy plans to search for card game rules on her phone after clarifying a phone mix-up.
[20] Joy: Oh wow.
[20] Joy: Oranges come.
[20] Joy: Let's eat the oranges.
[20] Joy: It's so delicious.
[21] Jane: Oh don't throw the fruit peels around.
[21] Joy: Okay.
[21] Joy: Well robot please put the rubbish in front of me.
[21] robot: Okay.
[26] Jane: Really.
[26] Jane: Really it's mine.
[26] Joy: Well hmm I'm sorry.
[26] Joy: Hi robot where's my phone?
[26] Joy: I'm sorry for that I'll use my own phone.

[Step 2] Evaluating semantic answer...
Action: [Search]
Content: [26, 27, 38, 39]
Summary: Joy apologizes at clips 38–39 and looks down at clip 27, suggesting she was upset, but the graph does not explicitly state the reason; at clip 26 she says “Really it's mine” then apologizes and mentions a phone mix-up, which might relate, but the cause of her initial upset is unclear without viewing the video.

[Step 3] Watching video clips: [26, 27, 38, 39]

   Processing clip 26 (1/4)...
Question: What's Joy's favorite fruit?

[Step 1] Searching the graph...
Parse Query Output:
{
  "query_triple": ["<Joy>", "favorite", "fruit", 0.95, 0.25, 0.6],
  "spatial_constraint": null,
  "speaker_strict": null,
  "allocation": {
    "k_high_level": 8,
    "k_low_level": 12,
    "k_conversations": 30,
    "total_k": 50,
    "reasoning": "Preference query about a character; use high-level edges for traits/preferences, conversations to find explicit statements, and some low-level edges for scenes showing Joy choosing or liking a fruit."
  }
}

Graph Search Results:
**High-Level Information (Character Attributes and Relationships): **

Character Relationships:
- Joy is served/assisted by robot (95)
- robot is cooperative with Joy (93)
- Joy appreciates Jessie (90)
- Joy directs and relies on robot (92)
- Joy friends with Jane (85)
- robot serves/assists Joy (80)
- Joy relies on assistance from robot (80)
- Joy friends with Jessie (85)

**Low-Level Information (Actions and Events): **

[1] Joy comments about flower. (living room)
[1] Joy decides to take picture of flower. (living room)
[1] Joy admires plant. (living room)
[2] Joy looks at flower. (living room)
[15] Joy expresses love for orange. (living room)
[16] Joy asks for help cutting fruit. (living room leading to kitchen)
[49] Joy hands item. (living room)
[51] Joy accepts food. (living room)
[51] Joy tastes food. (living room)
[52] Joy picks up item. (living room)
[53] Joy places item. (living room)
[59] Joy wonders aloud about juice. (living room)

**Conversations: **

Conversation 2: Jane hosts a casual hangout at her place, asking a robot to fetch a remote and help with tasks while changing the TV channel. Jessie offers oranges, and Joy expresses enthusiasm for them and asks the robot for help with cutting. Overall, the group settles into a relaxed social setting with cooperation from the robot.
[15] Jessie: I bring oranges.
[15] Jane: Yeah.
[15] Joy: Oranges? Oh I love oranges the most.
[15] Joy: Ah so fascinating.
[15] Joy: I want to eat.
[15] Joy: Hmm yes Jessie you really know me a lot.
[15] Joy: So let's eat some oranges.
[15] Joy: Oh...
[15] Joy: Hey robot please give me the fruit knife.
[16] Joy: Oh just... just don't give me.
[16] Joy: And maybe can you help me to cut the orange?

Conversation 3: The group enjoys oranges and briefly addresses disposing of peels properly. They find the TV program boring and decide to play cards but struggle to locate the deck. Joy plans to search for card game rules on her phone after clarifying a phone mix-up.
[20] Joy: Oh wow.
[20] Joy: Oranges come.
[20] Joy: Let's eat the oranges.
[20] Joy: I'll have one.
[20] Joy: It's so delicious.
[21] Jane: Oh don't throw the fruit peels around.
[21] Joy: Okay.
[21] Joy: Oh rubbish bin I'm sorry.
[21] Joy: Thank you very much well...
[22] Joy: Jessie you have brought so many so delicious oranges.
[22] Jane: Yes it's so good.
[22] Joy: Yes you know I...
[22] Joy: I love oranges very much and I have eaten quite a lot of kinds of them.
[22] Joy: And I think what you bring is really nice of them.
[22] Jane: Wow you really love eating oranges.
[23] Joy: Yes I'm a oranges...
[23] Joy: I'm oranges' fancier.
[23] Joy: I'm just oranges brain.
[23] Joy: Maybe let's see the television?
[23] Jane: Uh-huh?

Conversation 5: Three friends, Joy, Jessie, and Jane hang out, play blackjack with some rule confusion, and take turns dealing. Jessie wins several rounds while Joy often busts, and they use a household robot to fetch snacks, tidy up, and assist. After snacking and briefly watching TV, they decide to tidy up and go out, coordinating keys and the door.
[42] Jane: No no...
[42] Joy: Wow, I see.
[42] Joy: Uh-huh.
[42] Jessie: Yeah I want another.
[43] Joy: No.
[46] Joy: Hmm I think you should show it to Jane.
[47] Joy: Jane, maybe Jessie...
[47] Joy: Uh...
[47] Joy: I see. I've seen it.
[47] Joy: Maybe it's my fault.
[48] Jessie: That's all.
[48] Jane: Let me show mine firstly. It's sixteen.
[48] Joy: Oh.
[48] Jessie: Sixteen.
[48] Joy: I'm twenty three.
[48] Jane: Congratulation you're the winner.
[49] Jessie: Okay so...
[49] Joy: Yeah.
[49] Jane: Yes...
[49] Jessie: Should we continue the card play or do something else?
[51] Joy: Okay, thank you Jane.
[51] Jessie: Thank you Jane.
[51] Joy: Hmm... it's really so delicious.
[52] Joy: Hmm...it's really so delicious.
[52] Joy: You buy this for next time.
[52] Joy: Maybe we can continue our card thing?
[52] Jane: Yeah we can do it.
[52] Joy: Okay I'll be the banker.
[52] Joy: Oh it's so delicious.
[52] Joy: Where are the cards?
[52] Jane: Oh cards?
[53] Joy: Oh where is that?
[53] Jane: Oh here, it's here.
[53] Joy: I want one more bite.
[53] Jane: This is so delicious.
[53] Joy: Where did you buy them?
[53] Joy: Hmm...
[53] Joy: My... my god...Wow.
[53] Joy: I'm sorry I just forgot...
[54] Joy: I'll see.
[54] Joy: Yours, you want more?
[54] Joy: Yes.
[54] Joy: I want more.
[55] Joy: Okay do you want more?
[58] Jane: It's kind of boring.
[58] Joy: I'll just have a snack.
[59] Joy: Delicious delicious...
[59] Joy: I'm so thirsty.
[59] Joy: Maybe I should drink some...
[59] Joy: Juice?
[59] Joy: Or something.
[59] Joy: Hmm and hi robot please pour me a glass of drink.
[60] Joy: Oh thank you robot.
[61] Joy: It's so delicious.
[62] Jane: I think maybe you can find something else to do.
[62] Joy: Well maybe then watch some TV programs?
[68] Joy: It should be here.
[69] Joy: Oh okay okay.
[69] Joy: I'll put the orange here.
[69] Joy: You can do it first.
[70] Joy: Wow I should put it...

Conversation 1: Joy admires a flower and considers buying more plants but agrees to Jane’s request to only look and not purchase. They decide to stay home, organize some snacks for an upcoming visit, and prepare for Jessie’s arrival. Joy monitors reminders and asks a robot to open the door when Jessie arrives.
[3] Jane: You won't go?
[3] Joy: No I won't go.
[4] Joy: Hmm...
[4] Joy: Maybe I lost something.
[4] Joy: Here?
[4] Joy: No I don't think it's left.
[4] Joy: Oh so annoying.

[Step 2] Evaluating semantic answer...
Action: [Answer]
Content: Oranges.
FINAL ANSWER (from graph):
Oranges.
Question: Who has won the most times?

[Step 1] Searching the graph...
Parse Query Output:
{
  "query_triple": [null, "wins the most times", null, 0.1, 0.25, 0.1],
  "spatial_constraint": null,
  "speaker_strict": null,
  "allocation": {
    "k_high_level": 6,
    "k_low_level": 34,
    "k_conversations": 10,
    "total_k": 50,
    "reasoning": "Aggregate action query about frequency of wins; emphasize low-level edges to count win events, use some high-level for identifying characters' achievement/competitiveness traits, and a small portion of conversations for mentions like 'you've won again' or 'most wins'."
  }
}

Graph Search Results:
**High-Level Information (Character Attributes and Relationships): **

Character Attributes:
- character_1 is: female (100), slim (100), long straight dark hair (100), light beige sweater (100), gray pants (100), sitting with a white pillow (100)

**Low-Level Information (Actions and Events): **

[27] Joy will search for game. (living room)
[34] Joy proposes game. (living room)
[34] Joy suggests playing blackjack. (living room)
[34] Jessie explains rule. (living room)
[34] Jessie mentions removing joker. (living room)
[34] Joy reads rule. (living room)
[34] rule is on red tablet. (living room)
[35] Jane confirms choice. (living room)
[35] Joy asks player. (living room)
[35] player reveals card. (living room)
[35] Joy emphasizes choice. (living room)
[36] Joy proposes to count who is smaller. (living room)
[38] Joy asks about having joker card. (living room)
[38] joker card is to group. (living room)
[38] Jessie suggests restarting game. (living room)
[38] card is to seated player. (living room)
[38] Joy explains not remove joker. (living room)
[40] Joy comments someone usually fails two round. (living room)
[41] Joy asks about score. (living room)
[41] Joy compares score. (living room)
[41] Joy declares result. (living room)
[48] Joy says Jessie is winner. (living room)
[48] Jessie confirms she is winner. (living room)
[51] Joy will search rule. (living room)
[51] Joy will win next round. (living room)
[52] Joy proposes continuing card game. (living room)
[56] Joy asks for next one. (living room)
[57] Joy says she wants one more. (living room)
[58] Jessie comments on game outcome. (living room)
[58] Jessie states Jessie's higher total. (living room)
[58] Jessie declares Jessie as winner. (living room)
[64] Jane declines watching sports. (living room)
[64] Jane requests fetch score. (living room)
[64] robot fetches score. (living room)

**Conversations: **

Conversation 5: Three friends, Joy, Jessie, and Jane hang out, play blackjack with some rule confusion, and take turns dealing. Jessie wins several rounds while Joy often busts, and they use a household robot to fetch snacks, tidy up, and assist. After snacking and briefly watching TV, they decide to tidy up and go out, coordinating keys and the door.
[41] Joy: Oh sixteen. Yours?
[41] Joy: Oh oh wow you are seventeen.
[41] Joy: So you're the winner?
[41] Joy: Are you the winner?
[41] Joy: You're sixteen.
[41] Joy: You're seventeen.
[41] Joy: So you're closer to twenty one.
[41] Jane: Wow.
[41] Joy: So you are the winner.
[41] Jessie: You guys should be careful.
[41] Jessie: I have played the game.
[43] Joy: Oh you are out.
[43] Jane: I'm out too.
[43] Jane: So you the winner.
[43] Jessie: You are the winner.
[43] Joy: Wow I'm so lucky.
[43] Jessie: Congratulations.
[48] Joy: I'm twenty three.
[48] Jessie: I'm seventeen.
[48] Joy: Wow so you're the winner.
[48] Jessie: Yeah, I'm the winner.
[48] Jane: Congratulation you're the winner.
[49] Jessie: Okay so...
[49] Joy: Yeah.
[51] Jane: Thank you robot.
[51] Joy: I'll search on these rules.
[51] Joy: I'll win you the next round.
[51] Jane: Oh it smells so good. Try it.
[51] Joy: Okay, thank you Jane.
[58] Jane: Hmm... Sixteen.
[58] Jessie: I'm eighteen.
[58] Jessie: So I'm the winner.
[58] Jessie: Wow Jessie you are really a gamer of this.
[58] Jane: Yeah I didn't imagine it.

[Step 2] Evaluating semantic answer...
Action: [Answer]
Content: Jessie has won the most times.
FINAL ANSWER (from graph):
Jessie has won the most times.
Question: How many times did Joy go out?

[Step 1] Searching the graph...
Parse Query Output:
{
  "query_triple": ["<Joy>", "goes out", "?", 0.95, 0.3, 0.2],
  "spatial_constraint": null,
  "speaker_strict": null,
  "allocation": {
    "k_high_level": 5,
    "k_low_level": 40,
    "k_conversations": 5,
    "total_k": 50,
    "reasoning": "Counting action occurrences—prioritize low-level edges capturing specific 'go out' events; minimal high-level and conversations for context."
  }
}

Graph Search Results:
**High-Level Information (Character Attributes and Relationships): **

Character Attributes:
- Joy is: glasses (100), female (100), long dark hair tied back (100), striped socks (100), yellow slippers (100)

**Low-Level Information (Actions and Events): **

[1] Joy walks to doorway. (living room)
[1] Joy takes out phone. (living room)
[2] Joy puts on coat. (living room)
[2] Joy exits through doorway. (living room)
[2] Joy looks at flower. (living room)
[3] Joy walks to coat rack. (living room)
[4] Joy looks at item. (living room)
[4] Joy walks. (living room)
[4] Joy looks at <Joy>'s phone. (living room)
[5] Joy looks at TV area. (living room)
[5] Joy looks at screen. (living room)
[6] Joy looks at phone. (living room)
[7] Joy looks at Joy's red notebook. (living room)
[8] Joy looks at Joy's phone. (living room)
[9] Joy looks at Joy's phone. (living room)
[10] Joy steps out of white sneaker. (entryway hallway)
[11] Joy walks down hallway. (living room)
[11] Joy enters living room. (living room)
[16] Joy looks at Joy's phone. (living room leading to kitchen)
[20] Joy looks at plate of orange. (living room)
[25] Joy stands up. (living room)
[26] Joy looks at phone. (living room)
[27] Joy reaches out. (living room)
[34] Joy stands up. (living room)
[38] Joy finishes. (living room)
[42] Joy stands up small stool. (living room)
[52] Joy eats snack. (living room)
[53] Joy eats. (living room)
[54] Jane passes to Joy. (living room)
[59] Joy walks to coffee table. (living room)
[59] Joy eats snack. (living room)
[59] Joy eats. (living room)
[61] Joy reaches out. (living room)
[67] Joy looks through item on small table. (living room)
[68] Joy trails off. (living room)
[70] Joy steps aside. (living room)
[71] Joy walks to coat rack. (living room)
[71] Joy puts on Joy's black coat. (living room)
[72] Joy follows Jane. (living room)
[74] Joy walks down hallway. (apartment hallway leading to balcony)

**Conversations: **

Conversation 5: Three friends, Joy, Jessie, and Jane hang out, play blackjack with some rule confusion, and take turns dealing. Jessie wins several rounds while Joy often busts, and they use a household robot to fetch snacks, tidy up, and assist. After snacking and briefly watching TV, they decide to tidy up and go out, coordinating keys and the door.
[43] Joy: Yes uh thirteen and five.
[43] Jessie: I'm twenty three so I'm out.
[43] Joy: Oh you are out.
[43] Jane: I'm out too.
[43] Jane: So you the winner.
[55] Joy: I got twenty two.
[55] Jane: Twenty two?
[55] Joy: Yes twenty two.
[55] Jessie: I was sixteen.
[55] Joy: So... so we just... just fail.
[58] Joy: Ah.
[58] Joy: Well what's your... what's your points?
[58] Joy: What points... how many points do you have?
[58] Jane: Hmm... Sixteen.
[58] Jessie: I'm eighteen.
[65] Jessie: Oh my god.
[66] Joy: Oh oh be careful.
[66] Joy: Oh where did she go?
[66] Jane: I don't know.
[66] Jessie: Oh I'm so sad friends my boss asked me to work overtime.
[71] Jane: I think.
[72] Joy: Are you ready Jane?
[72] Joy: Let's go.
[72] Jane: Maybe we should go.
[72] Joy: Go to the door.

[Step 2] Evaluating semantic answer...
Action: [Answer]
Content: Joy went out once.
FINAL ANSWER (from graph):
Joy went out once.
Question: Does Jane care about tidiness?

[Step 1] Searching the graph...
Parse Query Output:
{
  "query_triple": ["<Jane>", "cares about", "tidiness", 0.95, 0.25, 0.6],
  "spatial_constraint": null,
  "speaker_strict": null,
  "allocation": {"k_high_level": 9, "k_low_level": 6, "k_conversations": 35, "total_k": 50, "reasoning": "Trait/attitude query—use high-level edges for character attributes; conversations to find explicit statements or implied attitudes; a small amount of low-level edges for evidence from actions demonstrating tidiness."}
}

Graph Search Results:
**High-Level Information (Character Attributes and Relationships): **

Character Attributes:
- Jane is: female (100)

Character Relationships:
- Joy friends with Jane (85)
- Jessie friends with Jane (85)
- Jane directs tasks to robot (85)
- Jane is friend with Jessie (95)
- robot serves/assists Jane (80)
- Jessie receives assistance from Jane (80)
- Jane collaborates with Jessie (75)
- robot serves and assists Jane (90)

**Low-Level Information (Actions and Events): **

[7] Jane closes drawer. (living room)
[36] Jane looks at item. (living room)
[41] Jane looks at paper. (living room)
[43] Jane looks at item. (living room)
[67] Jane suggests tidying up. (living room)
[72] Jane looks at item on display shelf. (living room)

**Conversations: **

Conversation 2: Jane hosts a casual hangout at her place, asking a robot to fetch a remote and help with tasks while changing the TV channel. Jessie offers oranges, and Joy expresses enthusiasm for them and asks the robot for help with cutting. Overall, the group settles into a relaxed social setting with cooperation from the robot.
[11] Jane: Hi Jessie.
[11] Jane: Oh don't mess up my house.
[11] Jessie: Okay fine.
[12] Jessie: What's wrong with her?
[14] Jessie: Would you like to have some fruits?
[15] Jessie: I bring oranges.
[15] Jane: Yeah.
[15] Joy: Oranges? Oh I love oranges the most.
[15] Joy: Ah so fascinating.

Conversation 5: Three friends, Joy, Jessie, and Jane hang out, play blackjack with some rule confusion, and take turns dealing. Jessie wins several rounds while Joy often busts, and they use a household robot to fetch snacks, tidy up, and assist. After snacking and briefly watching TV, they decide to tidy up and go out, coordinating keys and the door.
[34] Joy: Should I give you some cards?
[35] Joy: This one?
[35] Jane: Yeah.
[35] Joy: To you.
[35] Jessie: Thank you.
[35] Joy: Ah what's...how much is this?
[35] Joy: It's ten, ten points?
[36] Jane: Maybe.
[36] Jane: Thirteen.
[36] Joy: Oh thirteen.
[37] Joy: I forgot, I didn't remove the jokers.
[38] Joy: I'm sorry, this one should be accident.
[38] Jane: Never mind.
[38] Joy: But do you have Joker?
[38] Jessie: No so we start again?
[38] Joy: I'm sorry it's my fault.
[38] Joy: I didn't remove the jokers.
[38] Jane: Nothing.
[38] Joy: Again oh...
[38] Joy: These cards, oh it's really old.
[40] Joy: So let's see.
[40] Joy: And what... how much is this?
[40] Jane: One.
[40] Joy: One point, eleven.
[41] Joy: Wow twelve, and equals for?
[42] Joy: Can you... can you put the cards?
[42] Joy: You be the banker, okay.
[42] Jane: Oh
[42] Jessie: One.
[42] Joy: Thank you.
[42] Joy: See you one more.
[42] Jessie: Okay do you want another? Another?
[42] Jane: No no...
[42] Joy: Wow, I see.
[42] Joy: Uh-huh.
[43] Joy: No.
[43] Jessie: Okay, do you want another?
[43] Jane: No.
[43] Jessie: No okay. See my...
[43] Jessie: Like uh... you, you first.
[45] Joy: You will not?
[45] Joy: First, I'm twenty six... uh I'm twenty eight.
[45] Jane: Oh.
[45] Jessie: You're out.
[45] Jane: You're out.
[45] Joy: And you're out too.
[45] Jessie: I'm out.
[45] Jane: So...
[46] Joy: Do you want to be the banker?
[46] Jane: Oh yeah yeah yeah.
[46] Joy: I'll see what you're seeing, oh it's a rule.
[46] Joy: Maybe I'll just see it.
[46] Jane: Okay.
[46] Jane: Yeah I will do the shuffle.
[46] Jessie: Do you notice that?
[47] Joy: We can just play the game.
[47] Jessie: Just give me the card.
[47] Jane: Okay. Do you want?
[47] Joy: Yes yes yes.
[47] Joy: That's it?
[47] Jessie: I just thought...
[47] Jane: Oh?
[47] Joy: Okay...
[47] Jessie: Give me.
[49] Jessie: Okay so...
[49] Joy: Yeah.
[49] Jane: Yes...
[49] Jessie: Should we continue the card play or do something else?
[49] Jane: Oh I think...
[56] Joy: Okay yours.
[56] Joy: The third one I need one.
[57] Jane: Hmm yeah.
[57] Joy: And Jessie.
[57] Joy: Wow that's so big.
[58] Joy: Ah I don't wanna play anymore.
[58] Jessie: Me too.
[58] Jane: It's kind of boring.
[58] Joy: I'll just have a snack.
[59] Joy: Delicious delicious...
[62] Joy: Well maybe then watch some TV programs?
[62] Joy: Jessie, Jessie?
[62] Jane: Do you want...
[62] Joy: So uh can I just find a remoter?
[62] Joy: It's not here.
[63] Jessie: Watch a TV program.
[63] Jane: Wow look at this Jessie.
[64] Jane: Is that funny?
[64] Jessie: Yeah very funny.
[64] Joy: What are you looking at?
[64] Jane: Sports program?
[64] Jane: Oh I don't want to watch sports program.
[64] Jane: Hmm I just feel it boring.
[64] Jane: And I want to continue reading my magazine for a while.
[64] Jane: So um hello robot please fetch me the score...
[66] Joy: Oh oh be careful.
[66] Joy: Oh where did she go?
[66] Jane: I don't know.
[66] Jessie: Oh I'm so sad friends my boss asked me to work overtime.
[66] Joy: Oh you're so poor I'll just...
[66] Joy: I'll honor it baby.
[67] Joy: Ah she's a poor girl I sympathize you.
[67] Jane: Yeah I think so then let's tidy up and go out to eat together first.
[67] Jessie: Okay.
[67] Joy: So maybe...
[71] Joy: Put on our coat first.
[71] Jane: I think.
[72] Joy: Are you ready Jane?
[72] Joy: Let's go.
[72] Jane: Maybe we should go.

Conversation 3: The group enjoys oranges and briefly addresses disposing of peels properly. They find the TV program boring and decide to play cards but struggle to locate the deck. Joy plans to search for card game rules on her phone after clarifying a phone mix-up.
[20] Joy: I'll have one.
[20] Joy: It's so delicious.
[21] Jane: Oh don't throw the fruit peels around.
[21] Joy: Okay.
[21] Joy: Well robot please put the rubbish in front of me.
[23] Joy: I'm just oranges brain.
[23] Joy: Maybe let's see the television?
[23] Jane: Uh-huh?
[23] Joy: What TV programme is that?
[23] Joy: I think it's so boring.
[25] Jane: Maybe it was casually put here after playing before.
[25] Joy: So let's just play the cards.
[25] Jane: Yeah.
[25] Joy: Hmm maybe I'll search for something to play.
[25] Jane: Yeah you—
[26] Joy: Oh Jane it's yours.
[26] Joy: Oh where's my phone?
[26] Jane: Really.
[26] Jane: Really it's mine.
[26] Joy: Well hmm I'm sorry.

Conversation 1: Joy admires a flower and considers buying more plants but agrees to Jane’s request to only look and not purchase. They decide to stay home, organize some snacks for an upcoming visit, and prepare for Jessie’s arrival. Joy monitors reminders and asks a robot to open the door when Jessie arrives.
[1] Joy: I can go to the flower shop to buy some.
[1] Joy: Well Jane I'm going to the flower shop.
[2] Jane: Okay.
[2] Joy: Wear my coat.
[2] Joy: And my keys.
[2] Jane: Are you going?
[2] Joy: Jane I'm going.
[2] Jane: Oh remind that you just look.
[6] Jane: Hello Jessie where are you?
[6] Jane: Oh you will come later, see you, see you soon.
[6] Jane: Oh I need to do some preparation for Jessie.
[6] Joy: Maybe you should seek your snacks.
[6] Joy: It's over there, I remember.
[9] Joy: My phone has a reminder.
[9] Joy: Maybe Jessie's coming.
[9] Jane: Yeah maybe.
[9] Joy: Hi robot please open the door for Jack... Jessie, oh Jessie I'm sorry.
[9] robot: Okay.

Conversation 4: Jessie asks for water and a cup, and learns paper cups are unavailable. Joy suggests using customer cups, which Jessie declines. Jane proposes having a robot fetch cups for Jessie, and the robot agrees.
[29] Jessie: Oh I'm thirsty is there some water?
[29] Joy: Oh I just put the kettle under the coffee table.
[30] Jessie: Jane is there a cup?
[30] Jane: Yes a cup should also be under the coffee table.
[30] Jessie: Oh there are your cups.
[30] Joy: Do you mind that?
[30] Jessie: No thank you.
[30] Jane: Okay.
[30] Jane: Oh let the robot help fetch the cups for customers...
[31] Jane: So...
[31] Jane: Hi robot, please fetch me the cups for Jessie.
[31] robot: Okay.

[Step 2] Evaluating semantic answer...
Action: [Answer]
Content: Yes, Jane cares about tidiness.
FINAL ANSWER (from graph):
Yes, Jane cares about tidiness.
Question: Where is the remote control after used by Joy?

[Step 1] Searching the graph...
Parse Query Output:
{
  "query_triple": ["remote control", "is at", "?", 0.7, 0.5, 0.2],
  "spatial_constraint": null,
  "speaker_strict": null,
  "allocation": {
    "k_high_level": 4,
    "k_low_level": 40,
    "k_conversations": 6,
    "total_k": 50,
    "reasoning": "Spatial/action-after-use query focused on object location post-action by Joy. Prioritize low-level edges to track Joy using the remote and its subsequent placement; minimal high-level edges for character context; small conversations budget in case dialogue mentions where Joy put it."
  }
}

Graph Search Results:
**High-Level Information (Character Attributes and Relationships): **

Character Attributes:
- robot is: camera holder with black gloves (100), helpful (95)

Character Relationships:
- Jane directs tasks to robot (85)
- robot serves/assists Jane (80)

**Low-Level Information (Actions and Events): **

[5] Joy picks up from TV remote. (living room)
[5] TV remote is from table. (living room)
[5] Joy operates TV remote. (living room)
[5] Joy scrolls on TV remote. (living room)
[5] Joy switches channel on TV remote. (living room)
[5] Joy sets back down on TV remote. (living room)
[5] TV remote is on coffee table. (living room)
[7] small red item is on stand. (living room)
[11] item is on couch. (living room)
[13] Jane asks to fetch remote control. (living room)
[13] robot picks up remote. (living room)
[13] remote is from side table. (living room)
[13] robot brings remote. (living room)
[13] remote is to Jane. (living room)
[13] Jane takes remote. (living room)
[13] Jane points remote. (living room)
[13] remote is toward TV area. (living room)
[17] orange wedge is on board. (kitchen counter)
[18] camera is in kitchen. (kitchen)
[23] unknown_male looks at device. (living room)
[23] device is on <unknown_male>'s lap. (living room)
[27] unknown_male looks at device. (living room)
[29] red bag is on couch. (living room)
[34] rule is on red tablet. (living room)
[41] board is on table. (living room)
[49] Joy's phone is on couch. (living room)
[62] Joy searches for remote. (living room)
[62] Joy says remote is not there. (living room)
[62] Jane repeats word remote. (living room)
[62] Joy finds remote. (living room)
[62] Joy acknowledges remote. (living room)
[62] Joy examines remote. (living room)
[62] Joy prepares to use remote. (living room)
[67] magazine is on couch. (living room)
[69] tool is on small table. (living room)
[70] Joy asks about television remote. (living room)
[71] Joy looks for TV remote. (living room)
[71] Jane finds remote. (living room)
[71] remote is near seated person. (living room)
[73] red-handled shopping bag is from robot. (apartment foyer and living room)

**Conversations: **

Conversation 5: Three friends, Joy, Jessie, and Jane hang out, play blackjack with some rule confusion, and take turns dealing. Jessie wins several rounds while Joy often busts, and they use a household robot to fetch snacks, tidy up, and assist. After snacking and briefly watching TV, they decide to tidy up and go out, coordinating keys and the door.
[62] Joy: Jessie, Jessie?
[62] Jane: Do you want...
[62] Joy: So uh can I just find a remoter?
[62] Joy: It's not here.
[62] Jane: Remoter?
[65] Jessie: Oh my god.
[66] Joy: Oh oh be careful.
[66] Joy: Oh where did she go?
[66] Jane: I don't know.
[66] Jessie: Oh I'm so sad friends my boss asked me to work overtime.
[70] Joy: Down in coffee table.
[70] Joy: Hmm so the card is already there?
[70] Joy: That's the... the television, where is the remoter?
[71] Joy: I should turn it off.
[71] Jane: Oh it's here.
[72] Joy: Oh uh.
[72] Joy: No, I don't know.
[72] Joy: Where's the key?
[72] Jane: Oh where's the key?
[73] Jane: Hey robot please open the door after we arriving.

Conversation 3: The group enjoys oranges and briefly addresses disposing of peels properly. They find the TV program boring and decide to play cards but struggle to locate the deck. Joy plans to search for card game rules on her phone after clarifying a phone mix-up.
[24] Jane: So do you see the cards? Can you find the cards?
[25] Jane: Oh maybe I don't know.
[25] Joy: Hmm where is it?
[25] Jane: Oh it turns out to be there.
[25] Jane: Maybe it was casually put here after playing before.
[26] Joy: It's not my phone.
[26] Joy: Oh Jane it's yours.
[26] Joy: Oh where's my phone?
[26] Jane: Really.
[26] Jane: Really it's mine.

[Step 2] Evaluating semantic answer...
Action: [Answer]
Content: On the coffee table in the living room.
FINAL ANSWER (from graph):
On the coffee table in the living room.
Question: Where is the fruit knife?

[Step 1] Searching the graph...
Parse Query Output:
{
  "query_triple": ["fruit knife", "is at", "?", 0.7, 0.5, 0.15],
  "spatial_constraint": null,
  "speaker_strict": null,
  "allocation": {
    "k_high_level": 2,
    "k_low_level": 40,
    "k_conversations": 8,
    "total_k": 50,
    "reasoning": "Spatial location query for an object; prioritize low-level edges for object locations, minimal need for high-level edges and limited conversations for incidental mentions."
  }
}

Graph Search Results:
**High-Level Information (Character Attributes and Relationships): **

Character Attributes:
- character_1 is: female (100)
- character_3 is: female (100)

**Low-Level Information (Actions and Events): **

[3] dark coat is on coat rack. (living room)
[5] red folder is on Joy's lap. (living room)
[7] small red item is on stand. (living room)
[8] bottle is on table. (living room)
[14] fruit is from small table in front. (living room)
[15] fruit is to group. (living room)
[15] Joy asks to give fruit knife. (living room)
[16] plastic bag of grocery is on small wooden table. (living room leading to kitchen)
[16] robot picks up kitchen knife. (living room leading to kitchen)
[16] robot holds knife. (living room leading to kitchen)
[16] robot approaches cutting board. (living room leading to kitchen)
[17] orange is on cutting board. (kitchen counter)
[17] robot holds over knife. (kitchen counter)
[17] knife is over orange. (kitchen counter)
[17] orange is in half. (kitchen counter)
[17] orange wedge is on board. (kitchen counter)
[18] camera is in kitchen. (kitchen)
[18] orange wedge is on wooden cutting board. (kitchen)
[18] robot places down next to knife. (kitchen)
[18] knife is next to orange wedge. (kitchen)
[19] orange slice is on plate. (kitchen to living room)
[19] orange slice is from cutting board. (kitchen to living room)
[19] orange wedge is in circular pattern. (kitchen to living room)
[19] orange wedge is on plate. (kitchen to living room)
[20] plate of orange slice is toward seated group. (living room)
[20] plate is on small wooden table. (living room)
[21] peel is in bin. (living room)
[22] bowl is on small table. (living room)
[22] orange slice is on small wooden table. (living room)
[23] device is on <unknown_male>'s lap. (living room)
[29] red bag is on couch. (living room)
[32] small clear glass is on small wooden table. (living room)
[34] card is on small table. (living room)
[53] something is on small table. (living room)
[53] item is on small table. (living room)
[53] playing card is on Joy's lap. (living room)
[59] plate is on small table. (living room)
[69] plastic cup is on small table. (living room)
[69] tool is on small table. (living room)
[69] white handheld juicer is over cup. (living room)

**Conversations: **

Conversation 2: Jane hosts a casual hangout at her place, asking a robot to fetch a remote and help with tasks while changing the TV channel. Jessie offers oranges, and Joy expresses enthusiasm for them and asks the robot for help with cutting. Overall, the group settles into a relaxed social setting with cooperation from the robot.
[14] Joy: Oh that's fine.
[14] Jane: That's funny.
[14] Jessie: Would you like to have some fruits?
[15] Jessie: I bring oranges.
[15] Jane: Yeah.
[15] Joy: So let's eat some oranges.
[15] Joy: Oh...
[15] Joy: Hey robot please give me the fruit knife.
[16] Joy: Oh just... just don't give me.
[16] Joy: And maybe can you help me to cut the orange?

Conversation 3: The group enjoys oranges and briefly addresses disposing of peels properly. They find the TV program boring and decide to play cards but struggle to locate the deck. Joy plans to search for card game rules on her phone after clarifying a phone mix-up.
[20] Joy: I'll have one.
[20] Joy: It's so delicious.
[21] Jane: Oh don't throw the fruit peels around.
[21] Joy: Okay.
[21] Joy: Well robot please put the rubbish in front of me.
[24] Jane: Okay. Cards I thought maybe...
[24] Jane: Where's our cards?
[24] Jane: I think it's in the drawers of it.
[24] Jane: Oh I just remember it was in this drawer.
[24] Jane: Oh. Hmm oh...

Conversation 5: Three friends, Joy, Jessie, and Jane hang out, play blackjack with some rule confusion, and take turns dealing. Jessie wins several rounds while Joy often busts, and they use a household robot to fetch snacks, tidy up, and assist. After snacking and briefly watching TV, they decide to tidy up and go out, coordinating keys and the door.
[68] Jane: Oh there's so many...
[68] Jane: And hello robot please help me to tidy up the coffee table.
[68] Jane: All these fruits and drinks.
[68] Joy: Okay the large...
[68] Joy: It should be here.
[72] Joy: Oh uh.
[72] Joy: No, I don't know.
[72] Joy: Where's the key?
[72] Jane: Oh where's the key?
[73] Jane: Hey robot please open the door after we arriving.
[73] Joy: Well okay.

[Step 2] Evaluating semantic answer...
Action: [Answer]
Content: The fruit knife is on the small table in the living room.
FINAL ANSWER (from graph):
The fruit knife is on the small table in the living room.
Question: Where is Jane's cup?

[Step 1] Searching the graph...
Parse Query Output:
{
  "query_triple": ["cup#Jane", "is at", "?", 0.95, 0.5, 0.2],
  "spatial_constraint": null,
  "speaker_strict": null,
  "allocation": {
    "k_high_level": 3,
    "k_low_level": 40,
    "k_conversations": 7,
    "total_k": 50,
    "reasoning": "Spatial location query for a specific object; prioritize low-level edges to find where Jane's cup is, minimal high-level and conversations."
  }
}

Graph Search Results:
**High-Level Information (Character Attributes and Relationships): **

Character Attributes:
- Jane is: female (100), beige sweater under cream varsity-style jacket with green text (100), medium build (100)

**Low-Level Information (Actions and Events): **

[4] Jane looks at <Jane>'s phone. (living room)
[5] book is on Jane's lap. (living room)
[6] Jane talks on <Jane>'s phone. (living room)
[6] Jane holds <Jane>'s phone. (living room)
[6] Jane looks at <Jane>'s phone. (living room)
[7] cup is on coffee table. (living room)
[8] cup is on table. (living room)
[8] screen is to Jane. (living room)
[13] remote is to Jane. (living room)
[23] Jane looks at Jane's phone. (living room)
[25] Jane is near left couch. (living room)
[26] Jane stands near couch. (living room)
[26] ringing phone is Jane. (living room)
[30] cup is on coffee table. (living room)
[30] cup is for customer. (living room)
[35] Jane looks at Jane's card. (living room)
[36] item is in <Jane>'s hand. (living room)
[38] Jane looks at card in Jane's hand. (living room)
[46] Jessie points at paper in <Jane>'s hand. (living room)
[48] Jane looks at Jane's phone. (living room)
[48] Jane's phone is in Jane's right hand. (living room)
[48] Jane looks at Jane's device. (living room)
[50] Jane looks toward Jane's friend. (living room)
[52] notepad is on <Jane>'s lap. (living room)
[54] Joy looks at <Jane>'s notebook. (living room)
[56] Jane is in middle of couch. (living room)
[56] Joy points at <Jane>'s work. (living room)
[56] Joy asks to see <Jane>'s work. (living room)
[59] Jane sits in middle of couch. (living room)
[60] Jane sits in middle of couch. (living room)
[60] drink is into cup. (living room)
[62] Jane sits in middle. (living room)
[64] Jane sits in middle. (living room)
[65] Jane looks at Jane's phone. (living room)
[68] Jane looks at Jane's phone. (living room)
[69] plastic cup is on small table. (living room)
[69] white handheld juicer is over cup. (living room)
[72] Jane stands near display shelf. (living room)
[74] Jane looks at Jane's phone. (apartment hallway leading to balcony)
[74] Jane is near wall. (apartment hallway leading to balcony)

**Conversations: **

Conversation 4: Jessie asks for water and a cup, and learns paper cups are unavailable. Joy suggests using customer cups, which Jessie declines. Jane proposes having a robot fetch cups for Jessie, and the robot agrees.
[29] Jessie: Oh I'm thirsty is there some water?
[29] Joy: Oh I just put the kettle under the coffee table.
[30] Jessie: Jane is there a cup?
[30] Jane: Yes a cup should also be under the coffee table.
[30] Jessie: Oh there are your cups.
[30] Jessie: Can you give me a paper cup?
[30] Jane: Oh let the robot help fetch the cups for customers...
[31] Jane: So...
[31] Jane: Hi robot, please fetch me the cups for Jessie.
[31] robot: Okay.

Conversation 5: Three friends, Joy, Jessie, and Jane hang out, play blackjack with some rule confusion, and take turns dealing. Jessie wins several rounds while Joy often busts, and they use a household robot to fetch snacks, tidy up, and assist. After snacking and briefly watching TV, they decide to tidy up and go out, coordinating keys and the door.
[52] Jane: Oh cards?
[53] Joy: Oh where is that?
[53] Jane: Oh here, it's here.
[53] Joy: I want one more bite.
[53] Jane: This is so delicious.
[67] Jessie: Okay.
[67] Joy: So maybe...
[67] Jane: Yeah where's the cards?
[67] Joy: You can see here it is.
[67] Jane: Okay okay.
[72] Joy: No, I don't know.
[72] Joy: Where's the key?
[72] Jane: Oh where's the key?
[73] Jane: Hey robot please open the door after we arriving.
[73] Joy: Well okay.

Conversation 3: The group enjoys oranges and briefly addresses disposing of peels properly. They find the TV program boring and decide to play cards but struggle to locate the deck. Joy plans to search for card game rules on her phone after clarifying a phone mix-up.
[24] Jane: That's good.
[24] Jane: Okay. Cards I thought maybe...
[24] Jane: Where's our cards?
[24] Jane: I think it's in the drawers of it.
[24] Jane: Oh I just remember it was in this drawer.

[Step 2] Evaluating semantic answer...
Action: [Answer]
Content: On the coffee table in the living room.
FINAL ANSWER (from graph):
On the coffee table in the living room.
Question: Who won the card game in the first round?

[Step 1] Searching the graph...
Parse Query Output:
{
  "query_triple": [null, "wins", "card game#round1", 0.1, 0.6, 0.9],
  "spatial_constraint": null,
  "speaker_strict": null,
  "allocation": {
    "k_high_level": 5,
    "k_low_level": 38,
    "k_conversations": 7,
    "total_k": 50,
    "reasoning": "Action/temporal query about outcome in a specific round; prioritize low-level edges for specific actions and round-specific states, with minimal high-level and some conversations for confirming mentions of the winner."
  }
}

Graph Search Results:
**High-Level Information (Character Attributes and Relationships): **

Character Attributes:
- Jessie is: experienced gamer/card player (80)
- Joy is: glasses (100), striped socks (100), proactive in finding games (80)
- character_2 is: striped socks (100)

**Low-Level Information (Actions and Events): **

[22] Jane picks from bowl. (living room)
[34] Joy proposes game. (living room)
[34] Joy suggests playing blackjack. (living room)
[34] Joy is dealer. (living room)
[34] Joy deals card. (living room)
[34] rule is on red tablet. (living room)
[35] Joy hands card. (living room)
[35] Joy stops dealing. (living room)
[36] Joy proposes to count who is smaller. (living room)
[37] Jessie raises hand with card. (living room)
[37] Joy hands card. (living room)
[38] Joy hands card. (living room)
[38] Joy deals card. (living room)
[40] Jessie tells to go first Joy. (living room)
[40] Joy agrees to go first. (living room)
[40] Joy calculates score aloud. (living room)
[40] Jane answers one. (living room)
[41] Joy asks about score. (living room)
[41] Joy compares score. (living room)
[41] Joy declares result. (living room)
[42] Joy tells to be banker unknown_male. (living room)
[42] Jessie hands card. (living room)
[43] Jessie prompts to answer first Joy. (living room)
[47] Jessie flips through card. (living room)
[47] Jessie hands card. (living room)
[48] Jane announces number first. (living room)
[48] Joy says Jessie is winner. (living room)
[48] Jessie confirms she is winner. (living room)
[51] Joy will search rule. (living room)
[51] Joy will win next round. (living room)
[55] Joy continues sorting card. (living room)
[55] Joy resumes dealing card. (living room)
[55] Joy declares done. (living room)
[57] Joy starts counting. (living room)
[58] Jessie raises hand with card. (living room)
[58] Jessie declares Jessie as winner. (living room)
[64] robot fetches score. (living room)
[66] Joy takes hand Jessie. (living room)

**Conversations: **

Conversation 5: Three friends, Joy, Jessie, and Jane hang out, play blackjack with some rule confusion, and take turns dealing. Jessie wins several rounds while Joy often busts, and they use a household robot to fetch snacks, tidy up, and assist. After snacking and briefly watching TV, they decide to tidy up and go out, coordinating keys and the door.
[34] Joy: Okay okay I'll be the banker.
[34] Jessie: Oh.
[34] Jessie: According to the rules remove the jokers.
[34] Jessie: Joy you are the dealer you deal the cards.
[34] Joy: Okay now see these rules.
[39] Joy: Well do you want...do you still want more?
[39] Jessie: Oh no.
[39] Joy: Let's show our cards?
[40] Jessie: Okay you first.
[40] Joy: I'm... I'm over over that I think.
[40] Joy: I just got a king at first.
[40] Joy: And then the knight went.
[40] Jane: Oh okay.
[49] Joy: Yeah.
[49] Jane: Yes...
[49] Jessie: Should we continue the card play or do something else?
[49] Jane: Oh I think...
[49] Joy: Maybe we can just sit on the sofa.
[51] Jane: Thank you robot.
[51] Joy: I'll search on these rules.
[51] Joy: I'll win you the next round.
[51] Jane: Oh it smells so good. Try it.
[51] Joy: Okay, thank you Jane.
[52] Joy: Oh it's so delicious.
[52] Joy: Where are the cards?
[52] Jane: Oh cards?
[53] Joy: Oh where is that?
[53] Jane: Oh here, it's here.
[55] Joy: I will... I will want more.
[55] Joy: Oh I'm done.
[55] Joy: Okay I show the cards.
[55] Jane: I will say I got a twenty.
[55] Joy: Wow, I got twenty two.

[Step 2] Evaluating semantic answer...
Action: [Answer]
Content: Jessie won the first round.
FINAL ANSWER (from graph):
Jessie won the first round.
Question: Where is the snack?

[Step 1] Searching the graph...
Parse Query Output:
{
  "query_triple": ["snack", "is at", "?", 0.6, 0.5, 0.15],
  "spatial_constraint": null,
  "speaker_strict": null,
  "allocation": {
    "k_high_level": 2,
    "k_low_level": 40,
    "k_conversations": 8,
    "total_k": 50,
    "reasoning": "Spatial location query for a general object; prioritize low-level edges to find where the snack is, minimal high-level and some conversations for incidental mentions."
  }
}

Graph Search Results:
**High-Level Information (Character Attributes and Relationships): **

Character Attributes:
- character_3 is: female (100)
- robot is: camera holder with black gloves (100)

**Low-Level Information (Actions and Events): **

[7] Jane holds snack. (living room)
[7] cup is on coffee table. (living room)
[8] cup is on table. (living room)
[8] bottle is on table. (living room)
[11] item is on couch. (living room)
[12] item is in <character_1>'s hand. (living room)
[18] camera is in kitchen. (kitchen)
[19] orange slice is on plate. (kitchen to living room)
[19] orange wedge is on plate. (kitchen to living room)
[20] plate is on small wooden table. (living room)
[22] bowl is on small table. (living room)
[22] orange slice is on small wooden table. (living room)
[27] pillow is on Jessie's lap. (living room)
[29] red bag is on couch. (living room)
[30] cup is on coffee table. (living room)
[32] trash is in trash bin. (living room)
[33] item is in pink basin. (living room)
[33] pink basin is on stool. (living room)
[49] Joy's phone is on couch. (living room)
[50] robot picks up white snack bag. (living room)
[50] white snack bag is from TV stand. (living room)
[50] robot carries snack bag. (living room)
[50] snack bag is toward coffee table. (living room)
[51] food is delicious. (living room)
[52] Joy eats snack. (living room)
[52] Jane holds snack bag. (living room)
[53] Jane holds box of snack. (living room)
[53] something is on small table. (living room)
[53] Joy reaches for snack. (living room)
[53] Jane offers snack. (living room)
[53] snack is toward Joy. (living room)
[54] page is in notebook. (living room)
[58] Joy decides to have snack. (living room)
[58] Joy reaches toward snack on table. (living room)
[59] Joy picks up snack. (living room)
[59] snack is from plate. (living room)
[59] plate is on small table. (living room)
[59] Joy eats snack. (living room)
[67] magazine is on couch. (living room)
[69] wrapper is in bowl. (living room)

**Conversations: **

Conversation 1: Joy admires a flower and considers buying more plants but agrees to Jane’s request to only look and not purchase. They decide to stay home, organize some snacks for an upcoming visit, and prepare for Jessie’s arrival. Joy monitors reminders and asks a robot to open the door when Jessie arrives.
[6] Jane: Oh you will come later, see you, see you soon.
[6] Jane: Oh I need to do some preparation for Jessie.
[6] Joy: Maybe you should seek your snacks.
[6] Joy: It's over there, I remember.
[7] Jane: Yeah I will put my snacks.
[7] Joy: Oh maybe...
[7] Joy: Maybe I'll put down here.

Conversation 5: Three friends, Joy, Jessie, and Jane hang out, play blackjack with some rule confusion, and take turns dealing. Jessie wins several rounds while Joy often busts, and they use a household robot to fetch snacks, tidy up, and assist. After snacking and briefly watching TV, they decide to tidy up and go out, coordinating keys and the door.
[49] Jane: Thank you.
[49] Joy: Then my phone.
[50] Jane: Oh I just remember we have snacks.
[50] Joy: Oh we have that?
[50] Jane: Yeah so do you want some snacks?
[50] Joy: Yes of course.
[50] Jane: Oh hey robot please bring the snacks to the coffee table.
[50] robot: Okay.
[51] Jane: Thank you robot.
[52] Joy: Okay I'll be the banker.
[52] Joy: Oh it's so delicious.
[52] Joy: Where are the cards?
[52] Jane: Oh cards?
[53] Joy: Oh where is that?
[58] Jessie: Me too.
[58] Jane: It's kind of boring.
[58] Joy: I'll just have a snack.
[59] Joy: Delicious delicious...
[59] Joy: I'm so thirsty.

Conversation 3: The group enjoys oranges and briefly addresses disposing of peels properly. They find the TV program boring and decide to play cards but struggle to locate the deck. Joy plans to search for card game rules on her phone after clarifying a phone mix-up.
[24] Jane: So do you see the cards? Can you find the cards?
[25] Jane: Oh maybe I don't know.
[25] Joy: Hmm where is it?
[25] Jane: Oh it turns out to be there.
[25] Jane: Maybe it was casually put here after playing before.

[Step 2] Evaluating semantic answer...
Action: [Answer]
Content: On the coffee table in the living room.
FINAL ANSWER (from graph):
On the coffee table in the living room.
Question: Where is the drink?

[Step 1] Searching the graph...
Parse Query Output:
{
  "query_triple": ["drink", "is at", "?", 0.6, 0.5, 0.15],
  "spatial_constraint": null,
  "speaker_strict": null,
  "allocation": {
    "k_high_level": 2,
    "k_low_level": 40,
    "k_conversations": 8,
    "total_k": 50,
    "reasoning": "Spatial location query about a general object; prioritize low-level edges to find placement, minimal high-level edges, small conversation budget for incidental mentions."
  }
}

Graph Search Results:
**High-Level Information (Character Attributes and Relationships): **

Character Attributes:
- Joy is: female (100), glasses (100)

**Low-Level Information (Actions and Events): **

[5] book is on Jane's lap. (living room)
[5] TV remote is on coffee table. (living room)
[7] cup is on coffee table. (living room)
[7] tissue is on coffee table. (living room)
[7] small red item is on stand. (living room)
[8] item is on coffee table. (living room)
[8] cup is on table. (living room)
[8] bottle is on table. (living room)
[11] item is on couch. (living room)
[17] orange is on cutting board. (kitchen counter)
[17] orange is in half. (kitchen counter)
[18] camera is in kitchen. (kitchen)
[18] white plate is to sink. (kitchen)
[19] orange slice is on plate. (kitchen to living room)
[19] orange wedge is on plate. (kitchen to living room)
[20] plate is on small wooden table. (living room)
[22] bowl is on small table. (living room)
[22] orange slice is on small wooden table. (living room)
[23] device is on <unknown_male>'s lap. (living room)
[29] red bag is on couch. (living room)
[29] tablet is on <Joy>'s lap. (living room)
[30] cup is on coffee table. (living room)
[32] trash is in trash bin. (living room)
[34] rule is on red tablet. (living room)
[48] tablet is on Joy's lap. (living room)
[49] Joy's phone is on couch. (living room)
[51] food is delicious. (living room)
[52] Jessie sips drink. (living room)
[53] something is on small table. (living room)
[59] plate is on small table. (living room)
[60] robot pours drink. (living room)
[60] drink is into cup. (living room)
[60] Joy reaches to accept drink. (living room)
[60] drink is from robot. (living room)
[61] jar of red drink is to person on the left of couch. (living room)
[67] magazine is on couch. (living room)
[68] Jane points out drink on table. (living room)
[69] plastic cup is on small table. (living room)
[69] tool is on small table. (living room)
[69] wrapper is in bowl. (living room)

**Conversations: **

Conversation 4: Jessie asks for water and a cup, and learns paper cups are unavailable. Joy suggests using customer cups, which Jessie declines. Jane proposes having a robot fetch cups for Jessie, and the robot agrees.
[29] Jessie: Oh I'm thirsty is there some water?
[29] Joy: Oh I just put the kettle under the coffee table.
[30] Jessie: Jane is there a cup?
[30] Jane: Yes a cup should also be under the coffee table.
[30] Jessie: Oh there are your cups.

Conversation 5: Three friends, Joy, Jessie, and Jane hang out, play blackjack with some rule confusion, and take turns dealing. Jessie wins several rounds while Joy often busts, and they use a household robot to fetch snacks, tidy up, and assist. After snacking and briefly watching TV, they decide to tidy up and go out, coordinating keys and the door.
[58] Joy: I'll just have a snack.
[59] Joy: Delicious delicious...
[59] Joy: I'm so thirsty.
[59] Joy: Maybe I should drink some...
[59] Joy: Juice?
[59] Joy: Or something.
[59] Joy: Hmm and hi robot please pour me a glass of drink.
[60] Joy: Oh thank you robot.
[61] Joy: It's so delicious.
[68] Jane: Oh there's so many...
[68] Jane: And hello robot please help me to tidy up the coffee table.
[68] Jane: All these fruits and drinks.
[68] Joy: Okay the large...
[68] Joy: It should be here.

Conversation 3: The group enjoys oranges and briefly addresses disposing of peels properly. They find the TV program boring and decide to play cards but struggle to locate the deck. Joy plans to search for card game rules on her phone after clarifying a phone mix-up.
[24] Jane: So do you see the cards? Can you find the cards?
[25] Jane: Oh maybe I don't know.
[25] Joy: Hmm where is it?
[25] Jane: Oh it turns out to be there.
[25] Jane: Maybe it was casually put here after playing before.

[Step 2] Evaluating semantic answer...
Action: [Answer]
Content: The drink is in the cup on the small table in the living room.
FINAL ANSWER (from graph):
The drink is in the cup on the small table in the living room.
Question: Where is the magzine Jane read before?

[Step 1] Searching the graph...
Parse Query Output:
{
  "query_triple": ["magazine", "is at", "?", 0.6, 0.6, 0.2],
  "spatial_constraint": null,
  "speaker_strict": null,
  "allocation": {"k_high_level": 4, "k_low_level": 40, "k_conversations": 6, "total_k": 50, "reasoning": "Spatial query about an object; prioritize low-level edges to track the magazine's location. Include some conversations to confirm Jane referenced reading it earlier. Limited high-level for potential character-object associations."}
}

Graph Search Results:
**High-Level Information (Character Attributes and Relationships): **

Character Attributes:
- Jessie is: female (100)
- Joy is: female (100), glasses (100)
- character_3 is: female (100)

**Low-Level Information (Actions and Events): **

[5] book is on Jane's lap. (living room)
[5] TV remote is on coffee table. (living room)
[7] cup is on coffee table. (living room)
[7] tissue is on coffee table. (living room)
[8] item is on coffee table. (living room)
[8] bottle is on table. (living room)
[11] item is on couch. (living room)
[12] item is in <character_1>'s hand. (living room)
[17] orange wedge is on board. (kitchen counter)
[18] camera is in kitchen. (kitchen)
[19] orange slice is on plate. (kitchen to living room)
[19] orange wedge is on plate. (kitchen to living room)
[20] plate is on small wooden table. (living room)
[23] device is on <unknown_male>'s lap. (living room)
[27] pillow is on Jessie's lap. (living room)
[29] tablet is on <Joy>'s lap. (living room)
[30] cup is on coffee table. (living room)
[33] item is in pink basin. (living room)
[34] card is on small table. (living room)
[35] card is on table. (living room)
[36] card is on table. (living room)
[36] item is in <Jane>'s hand. (living room)
[37] card is on <Jessie>'s lap. (living room)
[41] paper is on table. (living room)
[41] board is on table. (living room)
[41] number is on paper. (living room)
[42] card is on table. (living room)
[44] paper is on table. (living room)
[48] tablet is on Joy's lap. (living room)
[49] item is on table. (living room)
[49] card is on Joy's lap. (living room)
[50] Jessie looks at book. (living room)
[53] item is on small table. (living room)
[53] playing card is on Joy's lap. (living room)
[54] page is in notebook. (living room)
[64] Jane flips through magazine. (living room)
[65] Jane mentions magazine. (living room)
[67] Jessie places magazine. (living room)
[67] magazine is on couch. (living room)
[69] tool is on small table. (living room)

**Conversations: **

Conversation 5: Three friends, Joy, Jessie, and Jane hang out, play blackjack with some rule confusion, and take turns dealing. Jessie wins several rounds while Joy often busts, and they use a household robot to fetch snacks, tidy up, and assist. After snacking and briefly watching TV, they decide to tidy up and go out, coordinating keys and the door.
[47] Joy: That's it?
[47] Jessie: I just thought...
[47] Jane: Oh?
[47] Joy: Okay...
[47] Jessie: Give me.
[52] Jane: Oh cards?
[53] Joy: Oh where is that?
[53] Jane: Oh here, it's here.
[53] Joy: I want one more bite.
[53] Jane: This is so delicious.
[64] Jane: Oh I don't want to watch sports program.
[64] Jane: Hmm I just feel it boring.
[64] Jane: And I want to continue reading my magazine for a while.
[64] Jane: So um hello robot please fetch me the score...
[65] Jane: Uh my magazine I had read before.
[65] Jessie: Oh my god.
[66] Joy: Oh oh be careful.
[70] Joy: That's the... the television, where is the remoter?
[71] Joy: I should turn it off.
[71] Jane: Oh it's here.
[71] Joy: Oh let's just turn it off okay?
[71] Joy: Is everything done?

Conversation 3: The group enjoys oranges and briefly addresses disposing of peels properly. They find the TV program boring and decide to play cards but struggle to locate the deck. Joy plans to search for card game rules on her phone after clarifying a phone mix-up.
[26] Joy: Oh Jane it's yours.
[26] Joy: Oh where's my phone?
[26] Jane: Really.
[26] Jane: Really it's mine.
[26] Joy: Well hmm I'm sorry.

[Step 2] Evaluating semantic answer...
Action: [Answer]
Content: On the couch in the living room.
FINAL ANSWER (from graph):
On the couch in the living room.
Question: Where should Robot put the snacks and drinks?

[Step 1] Searching the graph...
Parse Query Output:
{
  "query_triple": ["<Robot>", "should put", "snacks and drinks", 0.95, 0.25, 0.6],
  "spatial_constraint": null,
  "speaker_strict": null,
  "allocation": {
    "k_high_level": 5,
    "k_low_level": 30,
    "k_conversations": 15,
    "total_k": 50,
    "reasoning": "Seeking destination/placement guidance; use low-level edges to find past placements or location norms, and conversations for instructions. Limited high-level edges for any role-based rules."
  }
}

Graph Search Results:
**High-Level Information (Character Attributes and Relationships): **

Character Attributes:
- character_2 is: medium build (100), short hair (100), male (100)
- character_3 is: medium build (100), female (100)

**Low-Level Information (Actions and Events): **

[8] object is under small stool. (living room)
[13] remote is from side table. (living room)
[13] robot brings remote. (living room)
[13] remote is toward TV area. (living room)
[15] fruit is to group. (living room)
[17] camera is over kitchen counter. (kitchen counter)
[18] camera is in kitchen. (kitchen)
[23] unknown_male looks at device. (living room)
[23] device is on <unknown_male>'s lap. (living room)
[23] unknown_male puts hand on device. (living room)
[27] unknown_male looks at device. (living room)
[30] Joy looks down at device. (living room)
[36] Jessie looks down at object. (living room)
[50] Jessie taps on device. (living room)
[50] Jessie scrolls on device. (living room)
[50] white snack bag is from TV stand. (living room)
[50] snack bag is toward coffee table. (living room)
[51] food is delicious. (living room)
[54] Jessie adjusts object. (living room)
[59] snack is from plate. (living room)
[60] drink is into cup. (living room)
[61] Joy places down on jar. (living room)
[61] jar is on small table in front of them. (living room)
[69] robot places tool. (living room)
[69] tool is on small table. (living room)
[69] wrapper is in bowl. (living room)
[71] remote is near seated person. (living room)
[73] Jane thanks robot. (apartment foyer and living room)
[73] red-handled shopping bag is from robot. (apartment foyer and living room)
[73] Joy thanks again robot. (apartment foyer and living room)

**Conversations: **

Conversation 5: Three friends, Joy, Jessie, and Jane hang out, play blackjack with some rule confusion, and take turns dealing. Jessie wins several rounds while Joy often busts, and they use a household robot to fetch snacks, tidy up, and assist. After snacking and briefly watching TV, they decide to tidy up and go out, coordinating keys and the door.
[50] Jane: Yeah so do you want some snacks?
[50] Joy: Yes of course.
[50] Jane: Oh hey robot please bring the snacks to the coffee table.
[50] robot: Okay.
[51] Jane: Thank you robot.
[51] Joy: I'll search on these rules.
[59] Joy: Juice?
[59] Joy: Or something.
[59] Joy: Hmm and hi robot please pour me a glass of drink.
[60] Joy: Oh thank you robot.
[61] Joy: It's so delicious.
[67] Jane: I'll just put it here.
[68] Jane: Oh there's so many...
[68] Jane: And hello robot please help me to tidy up the coffee table.
[68] Jane: All these fruits and drinks.
[68] Joy: Okay the large...

Conversation 3: The group enjoys oranges and briefly addresses disposing of peels properly. They find the TV program boring and decide to play cards but struggle to locate the deck. Joy plans to search for card game rules on her phone after clarifying a phone mix-up.
[21] Jane: Oh don't throw the fruit peels around.
[21] Joy: Okay.
[21] Joy: Well robot please put the rubbish in front of me.
[21] robot: Okay.
[21] Joy: Oh rubbish bin I'm sorry.
[21] Joy: Thank you very much well...
[26] Jane: Really it's mine.
[26] Joy: Well hmm I'm sorry.
[26] Joy: Hi robot where's my phone?
[26] Joy: I'm sorry for that I'll use my own phone.
[27] Joy: Thank you robot.

Conversation 4: Jessie asks for water and a cup, and learns paper cups are unavailable. Joy suggests using customer cups, which Jessie declines. Jane proposes having a robot fetch cups for Jessie, and the robot agrees.
[30] Jessie: No thank you.
[30] Jane: Okay.
[30] Jane: Oh let the robot help fetch the cups for customers...
[31] Jane: So...
[31] Jane: Hi robot, please fetch me the cups for Jessie.
[31] robot: Okay.

Conversation 1: Joy admires a flower and considers buying more plants but agrees to Jane’s request to only look and not purchase. They decide to stay home, organize some snacks for an upcoming visit, and prepare for Jessie’s arrival. Joy monitors reminders and asks a robot to open the door when Jessie arrives.
[6] Jane: Oh you will come later, see you, see you soon.
[6] Jane: Oh I need to do some preparation for Jessie.
[6] Joy: Maybe you should seek your snacks.
[6] Joy: It's over there, I remember.
[7] Jane: Yeah I will put my snacks.
[7] Joy: Oh maybe...
[7] Joy: Maybe I'll put down here.
[9] Jane: Yeah maybe.
[9] Joy: Hi robot please open the door for Jack... Jessie, oh Jessie I'm sorry.
[9] robot: Okay.

Conversation 2: Jane hosts a casual hangout at her place, asking a robot to fetch a remote and help with tasks while changing the TV channel. Jessie offers oranges, and Joy expresses enthusiasm for them and asks the robot for help with cutting. Overall, the group settles into a relaxed social setting with cooperation from the robot.
[12] Jane: Oh I want to change the channel.
[13] Jane: Hey robot please fetch me the remote control.
[13] robot: Okay.
[13] Jane: Thank you robot.
[13] Jane: I will change to this one.
[15] Joy: So let's eat some oranges.
[15] Joy: Oh...
[15] Joy: Hey robot please give me the fruit knife.
[16] Joy: Oh just... just don't give me.
[16] Joy: And maybe can you help me to cut the orange?

[Step 2] Evaluating semantic answer...
Action: [Answer]
Content: On the coffee table.
FINAL ANSWER (from graph):
On the coffee table.
✓ Updated results.json for living_room_14 (13 questions)
✓ Cleaned up video and frames for living_room_14

============================================================
Processing video: study_09
============================================================
Downloading 1 video(s) to data/videos...

Downloading study_09.mp4...
✓ Successfully downloaded study_09.mp4 to data/videos/study_09.mp4

============================================================
Download Summary:
  Successful: 1/1
============================================================

============================================================
[1/1] Processing: study_09
============================================================
Video: data/videos/study_09.mp4
Subtitles: data/subtitles/robot/study_09.srt
Output: data/frames/study_09
============================================================

Parsing subtitle file: data/subtitles/robot/study_09.srt
Found 351 subtitle entries
Video: 1280x720, 30.00 FPS, 70353 frames, 2345.10s duration

Extracting frames with subtitles...
Grouping frames into folders of 30 frames each
  Saved 10 frames (up to 9s, folder 1)
  Saved 20 frames (up to 19s, folder 1)
  Saved 30 frames (up to 29s, folder 1)
  Saved 40 frames (up to 39s, folder 2)
  Saved 50 frames (up to 49s, folder 2)
  Saved 60 frames (up to 59s, folder 2)
  Saved 70 frames (up to 69s, folder 3)
  Saved 80 frames (up to 79s, folder 3)
  Saved 90 frames (up to 89s, folder 3)
  Saved 100 frames (up to 99s, folder 4)
  Saved 110 frames (up to 109s, folder 4)
  Saved 120 frames (up to 119s, folder 4)
  Saved 130 frames (up to 129s, folder 5)
  Saved 140 frames (up to 139s, folder 5)
  Saved 150 frames (up to 149s, folder 5)
  Saved 160 frames (up to 159s, folder 6)
  Saved 170 frames (up to 169s, folder 6)
  Saved 180 frames (up to 179s, folder 6)
  Saved 190 frames (up to 189s, folder 7)
  Saved 200 frames (up to 199s, folder 7)
  Saved 210 frames (up to 209s, folder 7)
  Saved 220 frames (up to 219s, folder 8)
  Saved 230 frames (up to 229s, folder 8)
  Saved 240 frames (up to 239s, folder 8)
  Saved 250 frames (up to 249s, folder 9)
  Saved 260 frames (up to 259s, folder 9)
  Saved 270 frames (up to 269s, folder 9)
  Saved 280 frames (up to 279s, folder 10)
  Saved 290 frames (up to 289s, folder 10)
  Saved 300 frames (up to 299s, folder 10)
  Saved 310 frames (up to 309s, folder 11)
  Saved 320 frames (up to 319s, folder 11)
  Saved 330 frames (up to 329s, folder 11)
  Saved 340 frames (up to 339s, folder 12)
  Saved 350 frames (up to 349s, folder 12)
  Saved 360 frames (up to 359s, folder 12)
  Saved 370 frames (up to 369s, folder 13)
  Saved 380 frames (up to 379s, folder 13)
  Saved 390 frames (up to 389s, folder 13)
  Saved 400 frames (up to 399s, folder 14)
  Saved 410 frames (up to 409s, folder 14)
  Saved 420 frames (up to 419s, folder 14)
  Saved 430 frames (up to 429s, folder 15)
  Saved 440 frames (up to 439s, folder 15)
  Saved 450 frames (up to 449s, folder 15)
  Saved 460 frames (up to 459s, folder 16)
  Saved 470 frames (up to 469s, folder 16)
  Saved 480 frames (up to 479s, folder 16)
  Saved 490 frames (up to 489s, folder 17)
  Saved 500 frames (up to 499s, folder 17)
  Saved 510 frames (up to 509s, folder 17)
  Saved 520 frames (up to 519s, folder 18)
  Saved 530 frames (up to 529s, folder 18)
  Saved 540 frames (up to 539s, folder 18)
  Saved 550 frames (up to 549s, folder 19)
  Saved 560 frames (up to 559s, folder 19)
  Saved 570 frames (up to 569s, folder 19)
  Saved 580 frames (up to 579s, folder 20)
  Saved 590 frames (up to 589s, folder 20)
  Saved 600 frames (up to 599s, folder 20)
  Saved 610 frames (up to 609s, folder 21)
  Saved 620 frames (up to 619s, folder 21)
  Saved 630 frames (up to 629s, folder 21)
  Saved 640 frames (up to 639s, folder 22)
  Saved 650 frames (up to 649s, folder 22)
  Saved 660 frames (up to 659s, folder 22)
  Saved 670 frames (up to 669s, folder 23)
  Saved 680 frames (up to 679s, folder 23)
  Saved 690 frames (up to 689s, folder 23)
  Saved 700 frames (up to 699s, folder 24)
  Saved 710 frames (up to 709s, folder 24)
  Saved 720 frames (up to 719s, folder 24)
  Saved 730 frames (up to 729s, folder 25)
  Saved 740 frames (up to 739s, folder 25)
  Saved 750 frames (up to 749s, folder 25)
  Saved 760 frames (up to 759s, folder 26)
  Saved 770 frames (up to 769s, folder 26)
  Saved 780 frames (up to 779s, folder 26)
  Saved 790 frames (up to 789s, folder 27)
  Saved 800 frames (up to 799s, folder 27)
  Saved 810 frames (up to 809s, folder 27)
  Saved 820 frames (up to 819s, folder 28)
  Saved 830 frames (up to 829s, folder 28)
  Saved 840 frames (up to 839s, folder 28)
  Saved 850 frames (up to 849s, folder 29)
  Saved 860 frames (up to 859s, folder 29)
  Saved 870 frames (up to 869s, folder 29)
  Saved 880 frames (up to 879s, folder 30)
  Saved 890 frames (up to 889s, folder 30)
  Saved 900 frames (up to 899s, folder 30)
  Saved 910 frames (up to 909s, folder 31)
  Saved 920 frames (up to 919s, folder 31)
  Saved 930 frames (up to 929s, folder 31)
  Saved 940 frames (up to 939s, folder 32)
  Saved 950 frames (up to 949s, folder 32)
  Saved 960 frames (up to 959s, folder 32)
  Saved 970 frames (up to 969s, folder 33)
  Saved 980 frames (up to 979s, folder 33)
  Saved 990 frames (up to 989s, folder 33)
  Saved 1000 frames (up to 999s, folder 34)
  Saved 1010 frames (up to 1009s, folder 34)
  Saved 1020 frames (up to 1019s, folder 34)
  Saved 1030 frames (up to 1029s, folder 35)
  Saved 1040 frames (up to 1039s, folder 35)
  Saved 1050 frames (up to 1049s, folder 35)
  Saved 1060 frames (up to 1059s, folder 36)
  Saved 1070 frames (up to 1069s, folder 36)
  Saved 1080 frames (up to 1079s, folder 36)
  Saved 1090 frames (up to 1089s, folder 37)
  Saved 1100 frames (up to 1099s, folder 37)
  Saved 1110 frames (up to 1109s, folder 37)
  Saved 1120 frames (up to 1119s, folder 38)
  Saved 1130 frames (up to 1129s, folder 38)
  Saved 1140 frames (up to 1139s, folder 38)
  Saved 1150 frames (up to 1149s, folder 39)
  Saved 1160 frames (up to 1159s, folder 39)
  Saved 1170 frames (up to 1169s, folder 39)
  Saved 1180 frames (up to 1179s, folder 40)
  Saved 1190 frames (up to 1189s, folder 40)
  Saved 1200 frames (up to 1199s, folder 40)
  Saved 1210 frames (up to 1209s, folder 41)
  Saved 1220 frames (up to 1219s, folder 41)
  Saved 1230 frames (up to 1229s, folder 41)
  Saved 1240 frames (up to 1239s, folder 42)
  Saved 1250 frames (up to 1249s, folder 42)
  Saved 1260 frames (up to 1259s, folder 42)
  Saved 1270 frames (up to 1269s, folder 43)
  Saved 1280 frames (up to 1279s, folder 43)
  Saved 1290 frames (up to 1289s, folder 43)
  Saved 1300 frames (up to 1299s, folder 44)
  Saved 1310 frames (up to 1309s, folder 44)
  Saved 1320 frames (up to 1319s, folder 44)
  Saved 1330 frames (up to 1329s, folder 45)
  Saved 1340 frames (up to 1339s, folder 45)
  Saved 1350 frames (up to 1349s, folder 45)
  Saved 1360 frames (up to 1359s, folder 46)
  Saved 1370 frames (up to 1369s, folder 46)
  Saved 1380 frames (up to 1379s, folder 46)
  Saved 1390 frames (up to 1389s, folder 47)
  Saved 1400 frames (up to 1399s, folder 47)
  Saved 1410 frames (up to 1409s, folder 47)
  Saved 1420 frames (up to 1419s, folder 48)
  Saved 1430 frames (up to 1429s, folder 48)
  Saved 1440 frames (up to 1439s, folder 48)
  Saved 1450 frames (up to 1449s, folder 49)
  Saved 1460 frames (up to 1459s, folder 49)
  Saved 1470 frames (up to 1469s, folder 49)
  Saved 1480 frames (up to 1479s, folder 50)
  Saved 1490 frames (up to 1489s, folder 50)
  Saved 1500 frames (up to 1499s, folder 50)
  Saved 1510 frames (up to 1509s, folder 51)
  Saved 1520 frames (up to 1519s, folder 51)
  Saved 1530 frames (up to 1529s, folder 51)
  Saved 1540 frames (up to 1539s, folder 52)
  Saved 1550 frames (up to 1549s, folder 52)
  Saved 1560 frames (up to 1559s, folder 52)
  Saved 1570 frames (up to 1569s, folder 53)
  Saved 1580 frames (up to 1579s, folder 53)
  Saved 1590 frames (up to 1589s, folder 53)
  Saved 1600 frames (up to 1599s, folder 54)
  Saved 1610 frames (up to 1609s, folder 54)
  Saved 1620 frames (up to 1619s, folder 54)
  Saved 1630 frames (up to 1629s, folder 55)
  Saved 1640 frames (up to 1639s, folder 55)
  Saved 1650 frames (up to 1649s, folder 55)
  Saved 1660 frames (up to 1659s, folder 56)
  Saved 1670 frames (up to 1669s, folder 56)
  Saved 1680 frames (up to 1679s, folder 56)
  Saved 1690 frames (up to 1689s, folder 57)
  Saved 1700 frames (up to 1699s, folder 57)
  Saved 1710 frames (up to 1709s, folder 57)
  Saved 1720 frames (up to 1719s, folder 58)
  Saved 1730 frames (up to 1729s, folder 58)
  Saved 1740 frames (up to 1739s, folder 58)
  Saved 1750 frames (up to 1749s, folder 59)
  Saved 1760 frames (up to 1759s, folder 59)
  Saved 1770 frames (up to 1769s, folder 59)
  Saved 1780 frames (up to 1779s, folder 60)
  Saved 1790 frames (up to 1789s, folder 60)
  Saved 1800 frames (up to 1799s, folder 60)
  Saved 1810 frames (up to 1809s, folder 61)
  Saved 1820 frames (up to 1819s, folder 61)
  Saved 1830 frames (up to 1829s, folder 61)
  Saved 1840 frames (up to 1839s, folder 62)
  Saved 1850 frames (up to 1849s, folder 62)
  Saved 1860 frames (up to 1859s, folder 62)
  Saved 1870 frames (up to 1869s, folder 63)
  Saved 1880 frames (up to 1879s, folder 63)
  Saved 1890 frames (up to 1889s, folder 63)
  Saved 1900 frames (up to 1899s, folder 64)
  Saved 1910 frames (up to 1909s, folder 64)
  Saved 1920 frames (up to 1919s, folder 64)
  Saved 1930 frames (up to 1929s, folder 65)
  Saved 1940 frames (up to 1939s, folder 65)
  Saved 1950 frames (up to 1949s, folder 65)
  Saved 1960 frames (up to 1959s, folder 66)
  Saved 1970 frames (up to 1969s, folder 66)
  Saved 1980 frames (up to 1979s, folder 66)
  Saved 1990 frames (up to 1989s, folder 67)
  Saved 2000 frames (up to 1999s, folder 67)
  Saved 2010 frames (up to 2009s, folder 67)
  Saved 2020 frames (up to 2019s, folder 68)
  Saved 2030 frames (up to 2029s, folder 68)
  Saved 2040 frames (up to 2039s, folder 68)
  Saved 2050 frames (up to 2049s, folder 69)
  Saved 2060 frames (up to 2059s, folder 69)
  Saved 2070 frames (up to 2069s, folder 69)
  Saved 2080 frames (up to 2079s, folder 70)
  Saved 2090 frames (up to 2089s, folder 70)
  Saved 2100 frames (up to 2099s, folder 70)
  Saved 2110 frames (up to 2109s, folder 71)
  Saved 2120 frames (up to 2119s, folder 71)
  Saved 2130 frames (up to 2129s, folder 71)
  Saved 2140 frames (up to 2139s, folder 72)
  Saved 2150 frames (up to 2149s, folder 72)
  Saved 2160 frames (up to 2159s, folder 72)
  Saved 2170 frames (up to 2169s, folder 73)
  Saved 2180 frames (up to 2179s, folder 73)
  Saved 2190 frames (up to 2189s, folder 73)
  Saved 2200 frames (up to 2199s, folder 74)
  Saved 2210 frames (up to 2209s, folder 74)
  Saved 2220 frames (up to 2219s, folder 74)
  Saved 2230 frames (up to 2229s, folder 75)
  Saved 2240 frames (up to 2239s, folder 75)
  Saved 2250 frames (up to 2249s, folder 75)
  Saved 2260 frames (up to 2259s, folder 76)
  Saved 2270 frames (up to 2269s, folder 76)
  Saved 2280 frames (up to 2279s, folder 76)
  Saved 2290 frames (up to 2289s, folder 77)
  Saved 2300 frames (up to 2299s, folder 77)
  Saved 2310 frames (up to 2309s, folder 77)
  Saved 2320 frames (up to 2319s, folder 78)
  Saved 2330 frames (up to 2329s, folder 78)
  Saved 2340 frames (up to 2339s, folder 78)

✓ Extracted 2346 frames to data/frames/study_09

✓ Successfully processed study_09: 2346 frames saved
--------------------------------
Processing folder:  data/frames/study_09/1
Inserted 14 triples into graph for clip 1
--------------------------------
Processing folder:  data/frames/study_09/2
Inserted 18 triples into graph for clip 2
--------------------------------
Processing folder:  data/frames/study_09/3
Inserted 18 triples into graph for clip 3
--------------------------------
Processing folder:  data/frames/study_09/4
Inserted 15 triples into graph for clip 4
--------------------------------
Processing folder:  data/frames/study_09/5
Inserted 27 triples into graph for clip 5
--------------------------------
Processing folder:  data/frames/study_09/6
Inserted 24 triples into graph for clip 6
--------------------------------
Processing folder:  data/frames/study_09/7
Inserted 16 triples into graph for clip 7
--------------------------------
Processing folder:  data/frames/study_09/8
Inserted 16 triples into graph for clip 8
--------------------------------
Processing folder:  data/frames/study_09/9
Inserted 32 triples into graph for clip 9
--------------------------------
Processing folder:  data/frames/study_09/10
Inserted 22 triples into graph for clip 10
--------------------------------
Processing folder:  data/frames/study_09/11
Inserted 27 triples into graph for clip 11
--------------------------------
Processing folder:  data/frames/study_09/12
Inserted 22 triples into graph for clip 12
--------------------------------
Processing folder:  data/frames/study_09/13
Inserted 35 triples into graph for clip 13
--------------------------------
Processing folder:  data/frames/study_09/14
Extracting summary for completed conversation 1...
✓ Conversation summary extracted. Attributes: 7, Relationships: 3
Inserted 28 triples into graph for clip 14
--------------------------------
Processing folder:  data/frames/study_09/15
Inserted 24 triples into graph for clip 15
--------------------------------
Processing folder:  data/frames/study_09/16
Inserted 49 triples into graph for clip 16
--------------------------------
Processing folder:  data/frames/study_09/17
Inserted 25 triples into graph for clip 17
--------------------------------
Processing folder:  data/frames/study_09/18
Inserted 26 triples into graph for clip 18
--------------------------------
Processing folder:  data/frames/study_09/19
Inserted 21 triples into graph for clip 19
--------------------------------
Processing folder:  data/frames/study_09/20
Inserted 34 triples into graph for clip 20
--------------------------------
Processing folder:  data/frames/study_09/21
Inserted 21 triples into graph for clip 21
--------------------------------
Processing folder:  data/frames/study_09/22
Inserted 24 triples into graph for clip 22
--------------------------------
Processing folder:  data/frames/study_09/23
Inserted 20 triples into graph for clip 23
--------------------------------
Processing folder:  data/frames/study_09/24
Inserted 21 triples into graph for clip 24
--------------------------------
Processing folder:  data/frames/study_09/25
Inserted 19 triples into graph for clip 25
--------------------------------
Processing folder:  data/frames/study_09/26
Inserted 42 triples into graph for clip 26
--------------------------------
Processing folder:  data/frames/study_09/27
Extracting summary for completed conversation 2...
✓ Conversation summary extracted. Attributes: 9, Relationships: 4
Inserted 10 triples into graph for clip 27
--------------------------------
Processing folder:  data/frames/study_09/28
Inserted 42 triples into graph for clip 28
--------------------------------
Processing folder:  data/frames/study_09/29
Inserted 20 triples into graph for clip 29
--------------------------------
Processing folder:  data/frames/study_09/30
Inserted 32 triples into graph for clip 30
--------------------------------
Processing folder:  data/frames/study_09/31
Inserted 28 triples into graph for clip 31
--------------------------------
Processing folder:  data/frames/study_09/32
Inserted 27 triples into graph for clip 32
--------------------------------
Processing folder:  data/frames/study_09/33
Inserted 17 triples into graph for clip 33
--------------------------------
Processing folder:  data/frames/study_09/34
Inserted 35 triples into graph for clip 34
--------------------------------
Processing folder:  data/frames/study_09/35
Inserted 27 triples into graph for clip 35
--------------------------------
Processing folder:  data/frames/study_09/36
Inserted 28 triples into graph for clip 36
--------------------------------
Processing folder:  data/frames/study_09/37
Inserted 19 triples into graph for clip 37
--------------------------------
Processing folder:  data/frames/study_09/38
Inserted 16 triples into graph for clip 38
--------------------------------
Processing folder:  data/frames/study_09/39
Inserted 26 triples into graph for clip 39
--------------------------------
Processing folder:  data/frames/study_09/40
Inserted 25 triples into graph for clip 40
--------------------------------
Processing folder:  data/frames/study_09/41
Inserted 27 triples into graph for clip 41
--------------------------------
Processing folder:  data/frames/study_09/42
Inserted 17 triples into graph for clip 42
--------------------------------
Processing folder:  data/frames/study_09/43
Inserted 39 triples into graph for clip 43
--------------------------------
Processing folder:  data/frames/study_09/44
Inserted 28 triples into graph for clip 44
--------------------------------
Processing folder:  data/frames/study_09/45
Inserted 26 triples into graph for clip 45
--------------------------------
Processing folder:  data/frames/study_09/46
Inserted 32 triples into graph for clip 46
--------------------------------
Processing folder:  data/frames/study_09/47
Inserted 24 triples into graph for clip 47
--------------------------------
Processing folder:  data/frames/study_09/48
Inserted 28 triples into graph for clip 48
--------------------------------
Processing folder:  data/frames/study_09/49
Inserted 22 triples into graph for clip 49
--------------------------------
Processing folder:  data/frames/study_09/50
Inserted 20 triples into graph for clip 50
--------------------------------
Processing folder:  data/frames/study_09/51
Inserted 26 triples into graph for clip 51
--------------------------------
Processing folder:  data/frames/study_09/52
Inserted 20 triples into graph for clip 52
--------------------------------
Processing folder:  data/frames/study_09/53
Inserted 28 triples into graph for clip 53
--------------------------------
Processing folder:  data/frames/study_09/54
Inserted 35 triples into graph for clip 54
--------------------------------
Processing folder:  data/frames/study_09/55
Extracting summary for completed conversation 3...
✓ Conversation summary extracted. Attributes: 9, Relationships: 4
Inserted 44 triples into graph for clip 55
--------------------------------
Processing folder:  data/frames/study_09/56
Inserted 17 triples into graph for clip 56
--------------------------------
Processing folder:  data/frames/study_09/57
Inserted 18 triples into graph for clip 57
--------------------------------
Processing folder:  data/frames/study_09/58
Inserted 27 triples into graph for clip 58
--------------------------------
Processing folder:  data/frames/study_09/59
Inserted 24 triples into graph for clip 59
--------------------------------
Processing folder:  data/frames/study_09/60
Inserted 31 triples into graph for clip 60
--------------------------------
Processing folder:  data/frames/study_09/61
Inserted 31 triples into graph for clip 61
--------------------------------
Processing folder:  data/frames/study_09/62
Inserted 45 triples into graph for clip 62
--------------------------------
Processing folder:  data/frames/study_09/63
Inserted 22 triples into graph for clip 63
--------------------------------
Processing folder:  data/frames/study_09/64
Inserted 25 triples into graph for clip 64
--------------------------------
Processing folder:  data/frames/study_09/65
Inserted 24 triples into graph for clip 65
--------------------------------
Processing folder:  data/frames/study_09/66
Inserted 27 triples into graph for clip 66
--------------------------------
Processing folder:  data/frames/study_09/67
Inserted 14 triples into graph for clip 67
--------------------------------
Processing folder:  data/frames/study_09/68
Inserted 41 triples into graph for clip 68
--------------------------------
Processing folder:  data/frames/study_09/69
Inserted 28 triples into graph for clip 69
--------------------------------
Processing folder:  data/frames/study_09/70
Inserted 25 triples into graph for clip 70
--------------------------------
Processing folder:  data/frames/study_09/71
Inserted 24 triples into graph for clip 71
--------------------------------
Processing folder:  data/frames/study_09/72
Inserted 28 triples into graph for clip 72
--------------------------------
Processing folder:  data/frames/study_09/73
Inserted 9 triples into graph for clip 73
--------------------------------
Processing folder:  data/frames/study_09/74
Inserted 17 triples into graph for clip 74
--------------------------------
Processing folder:  data/frames/study_09/75
Inserted 27 triples into graph for clip 75
--------------------------------
Processing folder:  data/frames/study_09/76
Inserted 15 triples into graph for clip 76
--------------------------------
Processing folder:  data/frames/study_09/77
Inserted 29 triples into graph for clip 77
--------------------------------
Processing folder:  data/frames/study_09/78
Inserted 32 triples into graph for clip 78
--------------------------------
Processing folder:  data/frames/study_09/79
Extracting summary for completed conversation 4...
✓ Conversation summary extracted. Attributes: 10, Relationships: 5
Inserted 0 triples into graph for clip 79
Inserting character appearances for 6 characters...
✓ Character appearances inserted: 32 appearance edges created
433 node embeddings inserted (7 characters, 426 objects)
2031 edge embeddings inserted
Generating character attributes...
Number of edges:  2031
Character attributes generated.
Number of edges:  2072
Character relationships generated.
Number of edges:  2120
✓ Graph memory built for study_09
Question: where should the book be placed back?

[Step 1] Searching the graph...
Parse Query Output:
{
  "query_triple": ["book", "should be placed back at", "?", 0.6, 0.25, 0.15],
  "spatial_constraint": null,
  "speaker_strict": null,
  "allocation": {
    "k_high_level": 3,
    "k_low_level": 40,
    "k_conversations": 7,
    "total_k": 50,
    "reasoning": "Spatial/action query about returning an object; prioritize low-level edges to find prior location/state (e.g., 'book is on shelf', 'book belongs to library'), with minimal conversations for possible instructions."
  }
}

Graph Search Results:
**High-Level Information (Character Attributes and Relationships): **

Character Attributes:
- character_1 is: female (100)
- robot is: black gloves visible (100), first-person camera operator (100)

**Low-Level Information (Actions and Events): **

[1] book is in lower cubby. (living room with bookshelf)
[2] Ella points at book. (living room)
[3] Ella adjusts book. (living room)
[4] robot removes book. (living room with bookshelf)
[4] water bottle is behind book. (living room with bookshelf)
[5] robot takes out book. (living room)
[9] Ella keeps in hand book. (living room)
[10] Eve points at book. (study room)
[10] book is in Ella. (study room)
[13] Ella keeps sorting book. (study room)
[13] book is on floor. (study room)
[14] book is on table. (living room)
[15] Eve places book. (living room)
[15] book is on table. (living room)
[16] book is in Ella's arm. (study room)
[16] Ella puts down book. (study room)
[16] book moves across to Eve. (study room)
[18] book is in pile. (study room)
[18] Eve points at book. (study room)
[22] book is stacked in front of Eve. (study room)
[22] sticky note is beside book. (study room)
[24] book are spread out on round table. (study room)
[24] highlighter is beside book. (study room)
[25] book moves across table. (study room)
[26] paper is beside book. (study room)
[27] robot places book. (entryway shelf)
[27] book is in empty cubby. (entryway shelf)
[27] robot adjusts order to be even book. (entryway shelf)
[27] robot makes final adjustments to position book. (entryway shelf)
[29] robot adjusts book. (living room)
[33] robot places book. (living room)
[33] book stands upright. (living room)
[41] Eve points at book. (study room)
[41] book is on shelf. (study room)
[41] robot adjusts to align neatly book. (study room)
[73] Ella points at page in book. (study room)
[74] Ella points at page in book. (living room study corner)
[74] notebook is beside book. (living room study corner)
[74] paper is beside book. (living room study corner)
[78] robot adjusts book. (living room)

**Conversations: **

Conversation 4: Eve and Ella discuss food choices, with Eve struggling with spicy food while Ella suggests milder options and offers sweets. They coordinate household organization, ask Nancy to fetch items and tidy up, and decide to do homework, read books, and then rest. Eve prefers suspense novels while Ella dislikes them and mentions traffic rule awareness from media. They conclude by preparing for bed and returning items to their places.
[77] Eve: Nancy take the milk tea cup and milk bottle for me please
[78] Eve: and Nancy wait a moment
[78] Eve: please take the book back to the place thank you

Conversation 3: Eve and Ella plan to fold paper stars and organize their space, with Nancy being asked to help put away books and documents. They realize a homework deadline is imminent and decide to prioritize completing it, postponing the star-folding activity. They agree to watch instructional videos to help with the homework and consider sharing snacks while working together.
[39] Eve: yes okay maybe i need to find something and
[39] Eve: tidy it up
[40] Eve: oh i find a book
[40] Eve: maybe we need to i need to mark that and stick the lable
[40] Ella: just too many documents roughly
[40] Eve: Nancy
[41] Eve: please help me to put this book back
[42] Eve: okay that's all
[43] Eve: hmm maybe let's get started to fold star

Conversation 2: Ella, Eve, and Nancy discuss organizing a set of books by genre, including love/romance, suspense, and professional/economics. They decide on a shelving order: suspense on the first shelf, professional on the second, and imply romance elsewhere, with plans to mark shelves with numbers. Eve recommends a particular book as interesting and easy to understand, and Ella plans to read it in two days. Nancy is asked to return a book to its proper place.
[19] Eve: and this type we can put into second
[19] Eve: and the last one we put the last layer
[19] Ella: you say put the love books on the last shelf
[19] Eve: no no no
[19] Eve: i think maybe suspense for the first show yeah
[23] Ella: sorry i haven't read it
[23] Eve: you haven't heard it
[23] Eve: i think this book maybe it is worth for us to read it
[24] Eve: I think this book maybe it is worth for us to read it.
[24] Eve: I just look through this book maybe the content is
[26] Nancy: here
[26] Eve: oh sorry
[26] Ella: um take this book back to their place
[26] Nancy: okay

Conversation 1: Ella wants to find romance novels but finds the shelves disorganized, so she proposes reorganizing the books. Eve agrees and suggests a two-step system using labels and star paper, with Ella sorting by genre and Eve labeling. They collaborate to classify books, distinguishing between romance and suspense, and proceed with sorting suspense first. Nancy briefly acknowledges Ella’s request but doesn’t participate further.
[8] Eve: maybe we can do this into two steps first
[9] Eve: maybe we can do this in two steps first
[9] Eve: you need to sort out this book into different types
[9] Eve: and maybe I use the label to mark them, okay
[9] Ella: yes

[Step 2] Evaluating semantic answer...
Action: [Answer]
Content: The book should be placed back on its designated shelf in the study room.
FINAL ANSWER (from graph):
The book should be placed back on its designated shelf in the study room.
Question: Where should the book Eve read later be placed on the shelf？

[Step 1] Searching the graph...
Parse Query Output:
{
  "query_triple": ["book#Eve_read_later", "is placed at", "shelf#position?", 0.9, 0.35, 0.2],
  "spatial_constraint": "shelf",
  "speaker_strict": null,
  "allocation": {
    "k_high_level": 4,
    "k_low_level": 38,
    "k_conversations": 8,
    "total_k": 50,
    "reasoning": "Spatial placement/action query about a specific book on a shelf; prioritize low-level edges for location and placement actions, minimal high-level edges, small conversations to capture any spoken instructions."
  }
}

Graph Search Results:
**High-Level Information (Character Attributes and Relationships): **

Character Attributes:
- Eve is: wears glasses (100), female (100), organized (90)

Character Relationships:
- Ella collaborates with Eve (95)

**Low-Level Information (Actions and Events): **

[1] book is in lower cubby. (living room with bookshelf)
[1] spine is of book. (living room with bookshelf)
[4] robot removes book. (living room with bookshelf)
[4] book is from shelf. (living room with bookshelf)
[4] water bottle is behind book. (living room with bookshelf)
[11] Eve is seated by shelf. (study room)
[13] Eve sits at round table. (study room)
[16] sticky tab is on Eve's book. (study room)
[22] Eve places onto colored sticky tab. (study room)
[27] robot holds stack of book. (entryway shelf)
[27] robot places book. (entryway shelf)
[27] book is in empty cubby. (entryway shelf)
[27] robot adjusts order to be even book. (entryway shelf)
[27] robot makes final adjustments to position book. (entryway shelf)
[37] Eve sits at round table. (study room)
[38] Eve sits at round table. (study room)
[41] Eve sits at round table. (study room)
[42] Eve sits at round table. (study room)
[46] Eve sits at round table. (study room)
[47] Eve sits at round table. (study room)
[48] Eve sits at round table. (study room)
[68] Eve is at table. (study room)
[72] Eve sits at round table. (cozy reading room with table and bookshelf)
[72] Ella sits opposite Eve. (cozy reading room with table and bookshelf)
[72] Eve points to item. (cozy reading room with table and bookshelf)
[72] book is from bookshelf. (cozy reading room with table and bookshelf)
[72] Eve looks at Eve's notebook. (cozy reading room with table and bookshelf)
[72] Eve's notebook is on table. (cozy reading room with table and bookshelf)
[72] Eve stands up from Eve's chair. (cozy reading room with table and bookshelf)
[72] Eve plugs in electric kettle. (cozy reading room with table and bookshelf)
[72] Eve holds cup. (cozy reading room with table and bookshelf)
[72] Eve stands beside Ella. (cozy reading room with table and bookshelf)
[72] Eve looks at book. (cozy reading room with table and bookshelf)
[72] book page is to Eve. (cozy reading room with table and bookshelf)
[75] Eve stands at table. (reading room)
[75] Eve turns page of Eve's book. (reading room)
[76] Eve sits at round table. (study room)
[76] Eve flips page of <Eve>'s book. (study room)

**Conversations: **

Conversation 3: Eve and Ella plan to fold paper stars and organize their space, with Nancy being asked to help put away books and documents. They realize a homework deadline is imminent and decide to prioritize completing it, postponing the star-folding activity. They agree to watch instructional videos to help with the homework and consider sharing snacks while working together.
[39] Eve: yes okay maybe i need to find something and
[39] Eve: tidy it up
[40] Eve: oh i find a book
[40] Eve: maybe we need to i need to mark that and stick the lable
[40] Ella: just too many documents roughly
[40] Eve: Nancy
[41] Eve: please help me to put this book back
[42] Eve: okay that's all
[43] Eve: hmm maybe let's get started to fold star

Conversation 4: Eve and Ella discuss food choices, with Eve struggling with spicy food while Ella suggests milder options and offers sweets. They coordinate household organization, ask Nancy to fetch items and tidy up, and decide to do homework, read books, and then rest. Eve prefers suspense novels while Ella dislikes them and mentions traffic rule awareness from media. They conclude by preparing for bed and returning items to their places.
[77] Eve: Nancy take the milk tea cup and milk bottle for me please
[78] Eve: and Nancy wait a moment
[78] Eve: please take the book back to the place thank you

Conversation 2: Ella, Eve, and Nancy discuss organizing a set of books by genre, including love/romance, suspense, and professional/economics. They decide on a shelving order: suspense on the first shelf, professional on the second, and imply romance elsewhere, with plans to mark shelves with numbers. Eve recommends a particular book as interesting and easy to understand, and Ella plans to read it in two days. Nancy is asked to return a book to its proper place.
[17] Eve: oh you can first to use this one
[17] Eve: let me see some books maybe they they are
[17] Eve: maybe there will a book i like to read
[18] Ella: I guess this also about love
[18] Eve: this oh
[19] Eve: and this type we can put into second
[19] Eve: and the last one we put the last layer
[19] Ella: you say put the love books on the last shelf
[19] Eve: no no no
[19] Eve: i think maybe suspense for the first show yeah
[22] Eve: another one
[23] Eve: hey Ella
[23] Eve: do you know this book
[23] Ella: sorry i haven't read it
[23] Eve: you haven't heard it
[23] Eve: i think this book maybe it is worth for us to read it
[24] Eve: I think this book maybe it is worth for us to read it.
[24] Eve: I just look through this book maybe the content is

Conversation 1: Ella wants to find romance novels but finds the shelves disorganized, so she proposes reorganizing the books. Eve agrees and suggests a two-step system using labels and star paper, with Ella sorting by genre and Eve labeling. They collaborate to classify books, distinguishing between romance and suspense, and proceed with sorting suspense first. Nancy briefly acknowledges Ella’s request but doesn’t participate further.
[8] Eve: maybe we can do this into two steps first
[9] Eve: maybe we can do this in two steps first
[9] Eve: you need to sort out this book into different types
[9] Eve: and maybe I use the label to mark them, okay
[9] Ella: yes

[Step 2] Evaluating semantic answer...
Action: [Answer]
Content: On the first shelf with the suspense books.
FINAL ANSWER (from graph):
On the first shelf with the suspense books.
Question: Does Eve like snacks a lot?

[Step 1] Searching the graph...
Parse Query Output:
{
  "query_triple": ["<Eve>", "likes", "snacks", 0.95, 0.3, 0.6],
  "spatial_constraint": null,
  "speaker_strict": null,
  "allocation": {
    "k_high_level": 8,
    "k_low_level": 10,
    "k_conversations": 32,
    "total_k": 50,
    "reasoning": "Preference/trait query with intensity ('a lot'). Use high-level for character trait edges, and conversations to find explicit statements or repeated mentions indicating strong liking. Some low-level edges to catch recurring actions of Eve eating/choosing snacks as supporting evidence."
  }
}

Graph Search Results:
**High-Level Information (Character Attributes and Relationships): **

Character Attributes:
- Eve is: female (100), wears glasses (100)

Character Relationships:
- Ella collaborates with Eve (95)
- Eve supports Ella (80)
- Eve friends with Ella (80)
- Eve collaborates with Ella (85)
- Eve relies on Nancy (80)
- Eve cooperative with Ella (85)

**Low-Level Information (Actions and Events): **

[52] Eve takes packaged snack. (study room)
[53] Eve points at snack. (living room)
[54] Eve gestures toward snack. (living room lounge)
[54] Eve picks up snack. (living room lounge)
[54] Eve eats snack. (living room lounge)
[55] Eve keeps snack. (cozy study room)
[56] Eve holds sandwich. (cozy living room)
[57] Eve eats sandwich. (cozy study room)
[59] Eve opens snack wrapper. (living room with kitchenette)
[66] Eve passes packaged snack. (living room with kitchenette)

**Conversations: **

Conversation 3: Eve and Ella plan to fold paper stars and organize their space, with Nancy being asked to help put away books and documents. They realize a homework deadline is imminent and decide to prioritize completing it, postponing the star-folding activity. They agree to watch instructional videos to help with the homework and consider sharing snacks while working together.
[33] Ella: I want to hmm bring the milktea for me
[34] Ella: thank you
[34] Eve: thank you it sounds like really tasty
[35] Ella: yeah
[35] Ella: enjoy it
[35] Eve: i want to taste it
[36] Eve: ella
[36] Eve: there is a really really interesting things hmm today and
[38] Ella: Let's do it.
[38] Eve: Maybe we can fold the star together.
[39] Eve: how do you feel
[39] Ella: i think it's a very good idea but um
[39] Ella: it's messy maybe we need to tidy it up
[39] Eve: yes yes
[39] Ella: we can do it
[39] Eve: yes okay maybe i need to find something and
[46] Ella: so you
[46] Ella: you haven't do it
[46] Eve: yes
[46] Ella: oh my god
[46] Eve: thank you
[48] Ella: eve
[49] Ella: Eve do you know how to do it
[49] Eve: oh
[49] Eve: maybe you ask the wrong person
[49] Eve: i don't know how to write this work
[50] Ella: humm
[50] Ella: so we can do it better
[50] Eve: okay
[50] Eve: hmm there's no choice we just do it and finish our homework
[50] Ella: you're right
[51] Ella: let's look how to
[51] Ella: are you hungry
[51] Eve: yeah a little bit
[52] Ella: here's some duck necks and cakes in fridge for me
[53] Eve: wow
[53] Eve: why did you bought so many things
[53] Ella: and I'm not at home I see too many thing and I want to buy and so I buy it
[53] Eve: maybe we can eat the snack and watch the video together

Conversation 4: Eve and Ella discuss food choices, with Eve struggling with spicy food while Ella suggests milder options and offers sweets. They coordinate household organization, ask Nancy to fetch items and tidy up, and decide to do homework, read books, and then rest. Eve prefers suspense novels while Ella dislikes them and mentions traffic rule awareness from media. They conclude by preparing for bed and returning items to their places.
[56] Eve: hmm a little bit spicy i need to drink milk tea
[56] Ella: but just buy the mildly spicy
[56] Eve: yeah
[56] Ella: i don't know um you
[56] Ella: you are so understand it
[56] Eve: um
[56] Ella: it is less and, but more eat them will let you uncomfortable
[57] Eve: yes
[57] Eve: i hmm
[57] Eve: i can't i just can't eat spicy food
[57] Eve: but it's really taste good i want eat more no
[57] Ella: no no it's lessens you will feel uncomfortable
[58] Eve: that's too delicious
[58] Ella: please stop it please
[58] Ella: i bought a cake
[59] Ella: maybe you want to eat some sweet
[59] Eve: hmm yes
[59] Ella: Nancy, take cake for me
[59] Ella: Thank you
[60] Ella: it's not too much
[60] Ella: we just let two pieces of bread in the fridge for our breakfast tomorrow
[60] Eve: okay
[60] Ella: it's difficult difficult to open
[61] Eve: yes i think so
[62] Eve: maybe it can help us to open it
[62] Ella: well done and then
[62] Ella: enjoy it
[63] Eve: it doesn't matter
[63] Eve: hmm
[63] Eve: it's still spicy
[63] Eve: Nancy please take some drinks for me
[71] Ella: last time I still read this so far
[71] Ella: Eve, you want to read some books
[71] Eve: maybe
[72] Eve: the romance novel i don't like
[72] Eve: but i will choose a suspense novels to read

Conversation 2: Ella, Eve, and Nancy discuss organizing a set of books by genre, including love/romance, suspense, and professional/economics. They decide on a shelving order: suspense on the first shelf, professional on the second, and imply romance elsewhere, with plans to mark shelves with numbers. Eve recommends a particular book as interesting and easy to understand, and Ella plans to read it in two days. Nancy is asked to return a book to its proper place.
[16] Ella: wait a moment
[16] Ella: it's a long time let's do it together
[16] Eve: okay
[16] Ella: okay
[17] Ella: do you have another pen
[17] Eve: yes oh
[17] Eve: i have no pen maybe we need to find a pen
[17] Eve: oh you can first to use this one
[19] Eve: we can put them on the second
[19] Ella: second shelf
[20] Eve: yes yes
[20] Eve: you're right and we need to write down the number two yeah
[21] Eve: oh
[21] Eve: this book maybe i think it's not very interesting
[22] Ella: it's tradegy
[22] Eve: yes
[22] Eve: another one
[23] Eve: hey Ella
[25] Ella: hmm
[25] Ella: this is romantic
[26] Eve: okay okay
[26] Ella: Nancy
[26] Nancy: here

Conversation 1: Ella wants to find romance novels but finds the shelves disorganized, so she proposes reorganizing the books. Eve agrees and suggests a two-step system using labels and star paper, with Ella sorting by genre and Eve labeling. They collaborate to classify books, distinguishing between romance and suspense, and proceed with sorting suspense first. Nancy briefly acknowledges Ella’s request but doesn’t participate further.
[3] Ella: please take their down
[4] Ella: take their dump and i want to make them better
[5] Eve: hmm
[5] Eve: what are you doing
[5] Eve: that's so messy
[6] Ella: so i want to give them a new new order
[6] Ella: so that we can find books easily
[6] Eve: okay
[6] Eve: but how long will you to tidy up it
[6] Eve: then that's too too messy
[7] Ella: maybe let's do it together you give some type of paper
[7] Ella: make it understand. i give you book
[7] Eve: yes okay
[7] Eve: uh
[7] Eve: i bought some star paper and label sticker
[7] Eve: we can use them to sort out the book and use the label to
[9] Eve: okay let's do it
[9] Ella: this is first
[9] Eve: which type
[9] Ella: uh this a little bit
[10] Eve: and I want to ask these two books
[12] Eve: first to sort out the suspense novel
[12] Ella: suspense
[12] Eve: yes yes okay
[13] Ella: give you this please
[13] Eve: this all about suspense

[Step 2] Evaluating semantic answer...
Action: [Answer]
Content: Yes, Eve seems to like snacks, as she repeatedly picks, eats, and discusses snacks enthusiastically.
FINAL ANSWER (from graph):
Yes, Eve seems to like snacks, as she repeatedly picks, eats, and discusses snacks enthusiastically.
Question: Are Ella and Eve good at organizing?

[Step 1] Searching the graph...
Parse Query Output:
{
  "query_triple": ["<Ella>", "is good at organizing", "<Eve>", 0.95, 0.3, 0.95],
  "spatial_constraint": null,
  "speaker_strict": null,
  "allocation": {
    "k_high_level": 9,
    "k_low_level": 8,
    "k_conversations": 33,
    "total_k": 50,
    "reasoning": "Trait/ability query about organizing; use high-level edges for character attributes, conversations for evidence or statements, and a small set of low-level edges to find scenes where they organize."
  }
}

Graph Search Results:
**High-Level Information (Character Attributes and Relationships): **

Character Relationships:
- Ella collaborates with Eve (95)
- Eve encourages organization for Ella (75)
- Eve collaborates with Ella (85)
- Eve cooperative with Ella (85)
- Ella has cooperative working relationship with Eve (95)
- Eve supports Ella (80)
- Eve is friend of Ella (92)
- Eve friends with Ella (80)
- Eve cooperates with Ella (75)

**Low-Level Information (Actions and Events): **

[5] Eve asks Ella. (living room)
[10] Eve asks Ella. (study room)
[38] Eve invites Ella. (study room)
[39] Ella encourages Eve. (study room)
[53] Eve observes Ella. (living room)
[54] Ella cooperates with Eve. (living room lounge)
[55] Eve observes Ella. (cozy study room)
[68] Ella keeps working beside Eve. (study room)

**Conversations: **

Conversation 2: Ella, Eve, and Nancy discuss organizing a set of books by genre, including love/romance, suspense, and professional/economics. They decide on a shelving order: suspense on the first shelf, professional on the second, and imply romance elsewhere, with plans to mark shelves with numbers. Eve recommends a particular book as interesting and easy to understand, and Ella plans to read it in two days. Nancy is asked to return a book to its proper place.
[16] Ella: wait a moment
[16] Ella: it's a long time let's do it together
[16] Eve: okay
[16] Ella: okay
[17] Ella: do you have another pen
[17] Eve: yes oh
[17] Eve: i have no pen maybe we need to find a pen
[17] Eve: oh you can first to use this one
[18] Ella: I guess this also about love
[18] Eve: this oh
[18] Eve: it's about economic maybe they are too professional
[18] Ella: yeah
[18] Eve: and we can put the suspense novel into first layer
[19] Eve: we can put them on the second
[19] Ella: second shelf
[20] Eve: yes yes
[20] Eve: you're right and we need to write down the number two yeah
[21] Eve: oh
[21] Eve: this book maybe i think it's not very interesting
[22] Ella: it's tradegy
[22] Eve: yes
[22] Eve: another one
[23] Eve: hey Ella
[23] Eve: do you know this book
[23] Ella: sorry i haven't read it

Conversation 4: Eve and Ella discuss food choices, with Eve struggling with spicy food while Ella suggests milder options and offers sweets. They coordinate household organization, ask Nancy to fetch items and tidy up, and decide to do homework, read books, and then rest. Eve prefers suspense novels while Ella dislikes them and mentions traffic rule awareness from media. They conclude by preparing for bed and returning items to their places.
[56] Eve: hmm a little bit spicy i need to drink milk tea
[56] Ella: but just buy the mildly spicy
[56] Eve: yeah
[56] Ella: i don't know um you
[56] Ella: you are so understand it
[56] Eve: um
[56] Ella: it is less and, but more eat them will let you uncomfortable
[57] Eve: yes
[57] Eve: i hmm
[57] Eve: i can't i just can't eat spicy food
[60] Eve: okay
[60] Ella: it's difficult difficult to open
[61] Eve: yes i think so
[62] Eve: maybe it can help us to open it
[62] Ella: well done and then
[62] Ella: Brilliant
[62] Ella: enjoy it
[63] Eve: it doesn't matter
[63] Eve: Nancy please take some drinks for me
[64] Eve: thank you so much
[65] Eve: maybe we need to tidy the mess table
[65] Ella: you are right
[65] Ella: Nancy please take these necks and the cake back
[67] Eve: Nancy please help me to take a seat back to the place
[67] Eve: Ella
[67] Eve: I told you you need to keep your books organized now
[67] Eve: Look you can't find anything
[67] Eve: You need you want
[70] Ella: i remember i just want to find some books to read
[71] Ella: last time I still read this so far
[71] Ella: Eve, you want to read some books
[71] Eve: maybe
[72] Eve: the romance novel i don't like
[72] Eve: but i will choose a suspense novels to read
[76] Eve: oh so scared
[76] Eve: today just a read for this period
[76] Eve: and Ella i'm a little bit tired
[76] Eve: do you want have a rest
[77] Ella: yes i want to rest and

Conversation 3: Eve and Ella plan to fold paper stars and organize their space, with Nancy being asked to help put away books and documents. They realize a homework deadline is imminent and decide to prioritize completing it, postponing the star-folding activity. They agree to watch instructional videos to help with the homework and consider sharing snacks while working together.
[35] Ella: enjoy it
[35] Eve: i want to taste it
[36] Eve: ella
[36] Eve: there is a really really interesting things hmm today and
[37] Eve: in the morning i have are full of class to learn and
[38] Eve: We can take out one star.
[38] Eve: And to finish the things we write down on the star paper.
[38] Eve: What's a wonderful idea.
[38] Ella: Hmm.
[38] Ella: Let's do it.
[39] Eve: how do you feel
[39] Ella: i think it's a very good idea but um
[39] Ella: it's messy maybe we need to tidy it up
[39] Eve: yes yes
[39] Ella: we can do it
[39] Eve: yes okay maybe i need to find something and
[39] Eve: tidy it up
[40] Eve: oh i find a book
[40] Eve: maybe we need to i need to mark that and stick the lable
[45] Eve: oh wait a moment
[45] Eve: oh my oh my god
[45] Eve: we need to do our homework
[45] Eve: and the deadline of our homework is today so
[46] Ella: no
[46] Ella: so you
[46] Ella: you haven't do it
[46] Eve: yes
[46] Ella: oh my god
[46] Eve: thank you
[47] Ella: do you know how to do it
[48] Ella: eve
[49] Ella: Eve do you know how to do it
[49] Eve: oh
[49] Eve: maybe you ask the wrong person

Conversation 1: Ella wants to find romance novels but finds the shelves disorganized, so she proposes reorganizing the books. Eve agrees and suggests a two-step system using labels and star paper, with Ella sorting by genre and Eve labeling. They collaborate to classify books, distinguishing between romance and suspense, and proceed with sorting suspense first. Nancy briefly acknowledges Ella’s request but doesn’t participate further.
[5] Eve: hmm
[5] Eve: what are you doing
[5] Eve: that's so messy
[6] Ella: just now i want to find a novel about love
[6] Ella: but i find it's very difficult
[6] Ella: so i want to give them a new new order
[6] Ella: so that we can find books easily
[6] Eve: okay
[6] Eve: but how long will you to tidy up it
[6] Eve: then that's too too messy
[6] Ella: It's a
[7] Ella: maybe let's do it together you give some type of paper
[7] Ella: make it understand. i give you book
[7] Eve: yes okay
[7] Eve: uh
[7] Eve: i bought some star paper and label sticker
[7] Eve: we can use them to sort out the book and use the label to
[8] Eve: mark different types
[8] Eve: books that can help us to sort out sort out them
[8] Eve: maybe we can do this into two steps first
[9] Eve: maybe we can do this in two steps first
[9] Eve: you need to sort out this book into different types
[9] Eve: and maybe I use the label to mark them, okay
[9] Ella: yes
[12] Eve: first to sort out the suspense novel
[12] Ella: suspense
[12] Eve: yes yes okay
[13] Ella: give you this please
[13] Eve: this all about suspense

[Step 2] Evaluating semantic answer...
Action: [Answer]
Content: Yes, Ella and Eve are good at organizing.
FINAL ANSWER (from graph):
Yes, Ella and Eve are good at organizing.
Question: Where should the robot put duck necksback?

[Step 1] Searching the graph...
Parse Query Output:
{
  "query_triple": ["<robot>", "should put", "duck necksback", 0.9, 0.3, 0.6],
  "spatial_constraint": null,
  "speaker_strict": null,
  "allocation": {
    "k_high_level": 5,
    "k_low_level": 38,
    "k_conversations": 7,
    "total_k": 50,
    "reasoning": "Spatial/action query about placement by the robot; prioritize low-level edges to find where the robot puts or should put the specified item. Allocate minimal high-level for any relevant traits or rules, and a small amount of conversations for instructions or guidance."
  }
}

Graph Search Results:
**High-Level Information (Character Attributes and Relationships): **

Character Attributes:
- robot is: black gloves visible (100), first-person camera operator (100)

Character Relationships:
- robot cooperates with Ella (90)
- robot is cooperative with Eve (90)
- robot cooperates with character_1 (80)

**Low-Level Information (Actions and Events): **

[4] robot pulls out book. (living room with bookshelf)
[4] robot holds stack of book. (living room with bookshelf)
[4] robot removes book. (living room with bookshelf)
[4] robot sets down near lower cubby. (living room with bookshelf)
[4] robot places back neatly in lower cubby. (living room with bookshelf)
[5] robot sets book. (living room)
[5] robot pulls pink-spined book. (living room)
[5] robot takes out book. (living room)
[5] robot reaches into shelf. (living room)
[26] robot picks up stack of book. (study room)
[26] robot holds stack of book. (study room)
[27] robot holds stack of book. (entryway shelf)
[27] robot places book. (entryway shelf)
[28] robot adjusts stack of book. (living room)
[28] robot presses together book. (living room)
[28] robot shows shelf. (living room)
[29] robot adjusts book. (living room)
[29] robot straightens sticky note. (living room)
[30] robot places green sticky tab. (study room)
[31] robot reaches to lower cubby. (living room)
[31] robot adjusts vertically stacked book. (living room)
[31] robot pans to show couch. (living room)
[31] robot holds red-covered book. (living room)
[32] robot adjusts sticky note on lower-row book. (living room)
[32] robot tidies sticky note on lower book. (living room)
[33] robot places book. (living room)
[33] robot adjusts book spine. (living room)
[44] robot wears black glove. (cozy office or study room)
[44] robot places paper. (cozy office or study room)
[45] robot points at gloved hand. (living room)
[59] robot carries bag. (living room with kitchenette)
[66] robot picks up from several snack. (living room with kitchenette)
[66] robot places on snack. (living room with kitchenette)
[78] robot hands cup. (living room)
[78] robot picks up pink book. (living room)
[78] robot places on bookshelf. (living room)
[78] robot places pink book. (living room)
[78] robot adjusts book. (living room)

**Conversations: **

Conversation 3: Eve and Ella plan to fold paper stars and organize their space, with Nancy being asked to help put away books and documents. They realize a homework deadline is imminent and decide to prioritize completing it, postponing the star-folding activity. They agree to watch instructional videos to help with the homework and consider sharing snacks while working together.
[37] Eve: and there is a good idea spreading up in my mind
[38] Eve: I want to write down something in the star paper.
[38] Eve: Fold it then put the star into the bottle.
[38] Eve: We can take out one star.
[38] Eve: And to finish the things we write down on the star paper.
[40] Ella: just too many documents roughly
[40] Eve: Nancy
[41] Eve: please help me to put this book back
[42] Eve: okay that's all
[43] Eve: hmm maybe let's get started to fold star
[51] Ella: are you hungry
[51] Eve: yeah a little bit
[52] Ella: here's some duck necks and cakes in fridge for me
[53] Eve: wow
[53] Eve: why did you bought so many things

Conversation 4: Eve and Ella discuss food choices, with Eve struggling with spicy food while Ella suggests milder options and offers sweets. They coordinate household organization, ask Nancy to fetch items and tidy up, and decide to do homework, read books, and then rest. Eve prefers suspense novels while Ella dislikes them and mentions traffic rule awareness from media. They conclude by preparing for bed and returning items to their places.
[65] Eve: maybe we need to tidy the mess table
[65] Ella: you are right
[65] Ella: Nancy please take these necks and the cake back
[67] Eve: Nancy please help me to take a seat back to the place
[67] Eve: Ella
[77] Eve: Nancy take the milk tea cup and milk bottle for me please
[78] Eve: and Nancy wait a moment
[78] Eve: please take the book back to the place thank you

Conversation 2: Ella, Eve, and Nancy discuss organizing a set of books by genre, including love/romance, suspense, and professional/economics. They decide on a shelving order: suspense on the first shelf, professional on the second, and imply romance elsewhere, with plans to mark shelves with numbers. Eve recommends a particular book as interesting and easy to understand, and Ella plans to read it in two days. Nancy is asked to return a book to its proper place.
[19] Eve: and this type we can put into second
[19] Eve: and the last one we put the last layer
[19] Ella: you say put the love books on the last shelf
[19] Eve: no no no
[19] Eve: i think maybe suspense for the first show yeah
[19] Eve: and this is a professional books
[19] Eve: we can put them on the second
[19] Ella: second shelf
[20] Eve: yes yes

[Step 2] Evaluating semantic answer...
Action: [Answer]
Content: In the fridge.
FINAL ANSWER (from graph):
In the fridge.
Question: Where are Eve's chairs at first?

[Step 1] Searching the graph...
Parse Query Output:
{
  "query_triple": ["<Eve>", "chairs are at", "?", 0.95, 0.3, 0.15],
  "spatial_constraint": null,
  "speaker_strict": null,
  "allocation": {
    "k_high_level": 4,
    "k_low_level": 40,
    "k_conversations": 6,
    "total_k": 50,
    "reasoning": "Spatial-temporal location query about objects associated with a specific character ('Eve's chairs' and 'at first'). Prioritize low-level edges to find initial positions; minimal high-level for ownership/context; limited conversations as dialogue is unlikely to specify initial placement."
  }
}

Graph Search Results:
**High-Level Information (Character Attributes and Relationships): **

Character Attributes:
- Eve is: wears glasses (100), light pants (100), female (100)

Character Relationships:
- Ella collaborates with Eve (95)

**Low-Level Information (Actions and Events): **

[12] Eve sits at round table. (living room)
[13] Eve sits at round table. (study room)
[14] Eve sits at round table. (living room)
[15] Eve sits at round table. (living room)
[16] Eve sits at round table. (study room)
[19] Eve sits at round table. (study room)
[20] Eve sits at round table. (study room)
[21] Eve sits at round table. (study room)
[22] Eve sits at round table. (study room)
[23] Eve sits at round table. (study room)
[24] Eve sits at round table. (study room)
[25] Eve sits at round table. (study room)
[35] Eve sits at round table. (living room craft area)
[36] Eve sits at round table. (craft room)
[37] Eve sits at round table. (study room)
[38] Eve sits at round table. (study room)
[40] Eve sits at round table. (living room or study corner)
[41] Eve sits at round table. (study room)
[42] Eve sits at round table. (study room)
[43] Eve sits at round table. (craft room)
[44] Eve sits at round table. (cozy office or study room)
[45] Eve sits at round table. (living room)
[46] Eve sits at round table. (study room)
[47] Eve sits at round table. (study room)
[48] Eve sits at round table. (study room)
[49] Eve sits at small round table. (study room)
[51] Eve sits at small round table. (cozy study room)
[53] Eve sits at round table. (living room)
[54] Eve sits at round table. (living room lounge)
[55] Eve sits at small round table. (cozy study room)
[56] Eve sits at table. (cozy living room)
[57] Eve sits at table. (cozy study room)
[58] Eve sits at small round table. (living room)
[59] Eve sits at table. (living room with kitchenette)
[60] Eve sits at small round table. (living room)
[61] Eve sits at small round table. (living room)
[62] Eve sits at small round table. (living room)
[63] Eve sits at small round table. (living room or study corner)
[76] Eve sits at round table. (study room)
[77] Eve sits at table. (living room)

**Conversations: **

Conversation 4: Eve and Ella discuss food choices, with Eve struggling with spicy food while Ella suggests milder options and offers sweets. They coordinate household organization, ask Nancy to fetch items and tidy up, and decide to do homework, read books, and then rest. Eve prefers suspense novels while Ella dislikes them and mentions traffic rule awareness from media. They conclude by preparing for bed and returning items to their places.
[65] Ella: you are right
[65] Ella: Nancy please take these necks and the cake back
[67] Eve: Nancy please help me to take a seat back to the place
[67] Eve: Ella
[67] Eve: I told you you need to keep your books organized now

Conversation 3: Eve and Ella plan to fold paper stars and organize their space, with Nancy being asked to help put away books and documents. They realize a homework deadline is imminent and decide to prioritize completing it, postponing the star-folding activity. They agree to watch instructional videos to help with the homework and consider sharing snacks while working together.
[48] Ella: eve
[49] Ella: Eve do you know how to do it
[49] Eve: oh
[49] Eve: maybe you ask the wrong person
[49] Eve: i don't know how to write this work
[49] Eve: it's too hard for me to finish it and
[49] Eve: in class
[49] Eve: i always talk to my deskmate
[49] Eve: so i don't listen carefully what teacher say

Conversation 2: Ella, Eve, and Nancy discuss organizing a set of books by genre, including love/romance, suspense, and professional/economics. They decide on a shelving order: suspense on the first shelf, professional on the second, and imply romance elsewhere, with plans to mark shelves with numbers. Eve recommends a particular book as interesting and easy to understand, and Ella plans to read it in two days. Nancy is asked to return a book to its proper place.
[20] Eve: yes yes
[20] Eve: you're right and we need to write down the number two yeah
[21] Eve: oh
[21] Eve: this book maybe i think it's not very interesting
[22] Ella: it's tradegy

Conversation 1: Ella wants to find romance novels but finds the shelves disorganized, so she proposes reorganizing the books. Eve agrees and suggests a two-step system using labels and star paper, with Ella sorting by genre and Eve labeling. They collaborate to classify books, distinguishing between romance and suspense, and proceed with sorting suspense first. Nancy briefly acknowledges Ella’s request but doesn’t participate further.
[6] Ella: so i want to give them a new new order
[6] Ella: so that we can find books easily
[6] Eve: okay
[6] Eve: but how long will you to tidy up it
[6] Eve: then that's too too messy
[7] Ella: make it understand. i give you book
[7] Eve: yes okay
[7] Eve: uh
[7] Eve: i bought some star paper and label sticker
[7] Eve: we can use them to sort out the book and use the label to

[Step 2] Evaluating semantic answer...
Action: [Answer]
Content: In the living room.
FINAL ANSWER (from graph):
In the living room.
Question: Where did they put the milktea before they started folding stars?

[Step 1] Searching the graph...
Parse Query Output:
{
  "query_triple": ["<they>", "puts", "milktea", 0.6, 0.6, 0.8],
  "spatial_constraint": null,
  "speaker_strict": null,
  "allocation": {
    "k_high_level": 4,
    "k_low_level": 38,
    "k_conversations": 8,
    "total_k": 50,
    "reasoning": "Temporal-spatial action query about where an object (milktea) was placed before a subsequent activity (folding stars). Prioritize low-level edges to find placement and timing; some conversations for temporal cues; minimal high-level."
  }
}

Graph Search Results:
**High-Level Information (Character Attributes and Relationships): **

Character Attributes:
- character_1 is: female (100), glasses (100), slim (100)
- character_2 is: female (100)

**Low-Level Information (Actions and Events): **

[3] Ella says maybe. (living room)
[4] water bottle is behind book. (living room with bookshelf)
[5] robot sets book. (living room)
[6] Ella finds it. (living room)
[6] this will help them. (living room)
[6] it is too messy. (living room)
[6] it is a big deal. (living room)
[13] Ella puts into another book. (study room)
[16] Ella puts down book. (study room)
[19] sticky note is on book. (study room)
[25] Eve puts remaining book. (study room)
[26] Ella writes note. (study room)
[27] robot places book. (entryway shelf)
[28] girl in cream T-shirt looks at phone. (living room)
[28] second girl writes on sticky note. (living room)
[28] sticky note is on book. (living room)
[29] sticky note is on book. (living room)
[29] character_2 stacks book. (living room)
[29] character_1 opens book. (living room)
[30] book has yellow sticky tab. (study room)
[33] robot places book. (living room)
[33] character_1 holds phone. (living room)
[34] red instant-dessert cup is on table. (dining area next to bathroom)
[54] snack is on table. (living room lounge)
[54] two cup is to main table. (living room lounge)
[54] Ella sets box. (living room lounge)
[54] opened snack is in front of them. (living room lounge)
[61] small cup is on table. (living room)
[61] content is into small cup. (living room)
[61] yellow food pouch is on table. (living room)
[61] content is to small cup. (living room)
[63] drink cup is on side table. (living room or study corner)
[66] plastic bag is on table. (living room with kitchenette)
[66] several snack is on table. (living room with kitchenette)
[77] Eve asks to take milk tea cup. (living room)
[77] Eve asks to take milk bottle. (living room)
[77] side table has milk tea cup. (living room)
[77] side table has milk bottle. (living room)

**Conversations: **

Conversation 3: Eve and Ella plan to fold paper stars and organize their space, with Nancy being asked to help put away books and documents. They realize a homework deadline is imminent and decide to prioritize completing it, postponing the star-folding activity. They agree to watch instructional videos to help with the homework and consider sharing snacks while working together.
[32] Eve: let's have a rest
[33] Ella: sure
[33] Ella: I brought some milkteas today
[33] Ella: Nancy
[33] Ella: I want to hmm bring the milktea for me
[37] Eve: and there is a good idea spreading up in my mind
[38] Eve: I want to write down something in the star paper.
[38] Eve: Fold it then put the star into the bottle.
[38] Eve: We can take out one star.
[38] Eve: And to finish the things we write down on the star paper.
[38] Ella: Hmm.
[38] Ella: Let's do it.
[38] Eve: Maybe we can fold the star together.
[39] Eve: how do you feel
[39] Ella: i think it's a very good idea but um
[41] Eve: please help me to put this book back
[42] Eve: okay that's all
[43] Eve: hmm maybe let's get started to fold star
[43] Eve: oh paper star yeah
[43] Eve: star star
[43] Ella: oh
[44] Eve: maybe let's get start it.
[45] Ella: okay
[45] Eve: but I don't know how to fold it
[45] Eve: maybe you can find some videos to
[45] Ella: I'm find help us to fold it
[50] Eve: hmm there's no choice we just do it and finish our homework
[50] Ella: you're right
[50] Eve: and what a pity we couldn't fold the star today
[50] Eve: so maybe we we can choose another time to fold together
[51] Ella: let's look how to

Conversation 4: Eve and Ella discuss food choices, with Eve struggling with spicy food while Ella suggests milder options and offers sweets. They coordinate household organization, ask Nancy to fetch items and tidy up, and decide to do homework, read books, and then rest. Eve prefers suspense novels while Ella dislikes them and mentions traffic rule awareness from media. They conclude by preparing for bed and returning items to their places.
[77] Ella: maybe need to go bed
[77] Eve: let's take a shower and go to the bed bedroom to have a rest
[77] Eve: Nancy take the milk tea cup and milk bottle for me please
[78] Eve: and Nancy wait a moment
[78] Eve: please take the book back to the place thank you

[Step 2] Evaluating semantic answer...
Action: [Answer]
Content: On the side table in the living room.
FINAL ANSWER (from graph):
On the side table in the living room.
Question: How many things did Ella buy in the refrigerator?

[Step 1] Searching the graph...
Parse Query Output:
{
  "query_triple": ["<Ella>", "buys", "things#in_refrigerator", 0.95, 0.3, 0.6],
  "spatial_constraint": "refrigerator",
  "speaker_strict": null,
  "allocation": {
    "k_high_level": 5,
    "k_low_level": 40,
    "k_conversations": 5,
    "total_k": 50,
    "reasoning": "Counting action-focused query about purchases associated with the refrigerator location; prioritize low-level edges to enumerate buy events and linked items. Minimal high-level/context and limited conversations in case of verbal mentions of purchases."
  }
}

Graph Search Results:
**High-Level Information (Character Attributes and Relationships): **

Character Attributes:
- Ella is: female (100)

Character Relationships:
- Ella collaborates with Eve (95)
- Eve collaborates with Ella (85)
- Ella delegates tasks to Nancy (85)
- Ella relies on Nancy (80)

**Low-Level Information (Actions and Events): **

[2] Ella searches lower cubby. (living room)
[2] Ella scans shelf. (living room)
[3] Ella scans shelf. (living room)
[5] Ella kneels by shelf. (living room)
[6] Ella finds it. (living room)
[6] Ella is near bottom shelf. (living room)
[7] Ella squats beside shelf. (living room)
[9] Ella kneels by lower shelf. (living room)
[12] Ella sorts item. (living room)
[14] Ella pulls from lower cubby. (living room)
[14] Ella places item. (living room)
[14] Ella continues sorting near shelf. (living room)
[15] Ella pulls out item. (living room)
[15] Ella searches shelf compartment. (living room)
[53] Ella looks at item. (living room)
[58] Ella holds small bowl. (living room)
[58] Ella picks up pastry. (living room)
[60] Ella holds snack pack. (living room)
[60] Ella buys food. (living room)
[60] Ella buys amount. (living room)
[61] Ella holds yellow food pouch. (living room)
[61] Ella looks at yellow food pouch. (living room)
[61] Ella pours content. (living room)
[61] Ella sets down yellow food pouch. (living room)
[61] Ella adds content. (living room)
[62] Ella opens small yellow container. (living room)
[62] Ella handles container. (living room)
[62] Ella pries lid container. (living room)
[62] Ella takes tool. (living room)
[62] Ella passes opened container. (living room)
[62] Ella adjusts yellow piece. (living room)
[65] Ella drinks from bottle. (living room)
[65] Ella picks up blue bottle. (living room)
[65] Ella shows blue bottle. (living room)
[78] Ella holds cup. (living room)
[78] Ella holds bottle. (living room)
[78] Ella takes drink. (living room)
[78] Ella takes bottle. (living room)
[78] Ella carries bottle. (living room)
[78] Ella holds item. (living room)

**Conversations: **

Conversation 4: Eve and Ella discuss food choices, with Eve struggling with spicy food while Ella suggests milder options and offers sweets. They coordinate household organization, ask Nancy to fetch items and tidy up, and decide to do homework, read books, and then rest. Eve prefers suspense novels while Ella dislikes them and mentions traffic rule awareness from media. They conclude by preparing for bed and returning items to their places.
[58] Eve: that's too delicious
[58] Ella: please stop it please
[58] Ella: i bought a cake
[59] Ella: maybe you want to eat some sweet
[59] Eve: hmm yes
[59] Ella: Nancy, take cake for me
[59] Ella: Thank you
[60] Eve: how many things you bought
[60] Ella: i want to eat so i bought
[60] Ella: it's not too much
[60] Ella: we just let two pieces of bread in the fridge for our breakfast tomorrow
[60] Eve: okay
[60] Ella: it's difficult difficult to open

Conversation 2: Ella, Eve, and Nancy discuss organizing a set of books by genre, including love/romance, suspense, and professional/economics. They decide on a shelving order: suspense on the first shelf, professional on the second, and imply romance elsewhere, with plans to mark shelves with numbers. Eve recommends a particular book as interesting and easy to understand, and Ella plans to read it in two days. Nancy is asked to return a book to its proper place.
[19] Eve: and this is a professional books
[19] Eve: we can put them on the second
[19] Ella: second shelf
[20] Eve: yes yes
[20] Eve: you're right and we need to write down the number two yeah

[Step 2] Evaluating semantic answer...
Action: [Answer]
Content: Two pieces of bread.
FINAL ANSWER (from graph):
Two pieces of bread.
Question: Have the documents been taken away from the big table?

[Step 1] Searching the graph...
Parse Query Output:
{
  "query_triple": ["documents", "taken away from", "table#big", 0.7, 0.3, 0.8],
  "spatial_constraint": "table#big",
  "speaker_strict": null,
  "allocation": {
    "k_high_level": 4,
    "k_low_level": 40,
    "k_conversations": 6,
    "total_k": 50,
    "reasoning": "Binary action/location query about whether documents were removed from a specific table; prioritize low-level edges for actions and state changes, minimal high-level and conversations."
  }
}

Graph Search Results:
**High-Level Information (Character Attributes and Relationships): **

Character Attributes:
- character_2 is: female (100)

Character Relationships:
- character_1 collaborates with character_2 (85)
- character_2 is cooperative with character_1 (80)
- robot cooperates with character_1 (80)

**Low-Level Information (Actions and Events): **

[8] sheet is from table. (living room)
[14] book is on table. (living room)
[15] book is on table. (living room)
[16] book is on table. (study room)
[17] item moves across table. (study room)
[18] note moves across table. (study room)
[18] book is on table. (study room)
[19] paper is on table. (study room)
[20] note is on table. (study room)
[20] worksheet is on table. (study room)
[25] book is on table. (study room)
[25] book moves across table. (study room)
[28] robot glances over table. (living room)
[28] table is cluttered with paper. (living room)
[28] table is cluttered with book. (living room)
[37] paper is on table. (study room)
[39] papers are spread out on round table. (study room)
[43] paper is on table. (craft room)
[43] pink folder is on table. (craft room)
[43] document is on table. (craft room)
[45] pink folder is on table. (living room)
[48] paper is on table. (study room)
[51] paper is on table. (cozy study room)
[54] paper is on table. (living room lounge)
[55] paper is on table. (cozy study room)
[58] notebook is on table. (living room)
[60] boxed item is from table. (living room)
[61] small packet is from table. (living room)
[62] item is on table. (living room)
[62] tool is from table. (living room)
[62] paper piece is from table. (living room)
[64] robot walks from table. (living room)
[64] robot returns to table. (living room)
[64] stationery is on table. (living room)
[65] paper is on table. (living room)
[72] item is on table. (cozy reading room with table and bookshelf)
[72] Eve's notebook is on table. (cozy reading room with table and bookshelf)
[76] item is on table. (study room)
[77] paper is on table. (living room)
[78] robot picks up from table. (living room)

**Conversations: **

Conversation 3: Eve and Ella plan to fold paper stars and organize their space, with Nancy being asked to help put away books and documents. They realize a homework deadline is imminent and decide to prioritize completing it, postponing the star-folding activity. They agree to watch instructional videos to help with the homework and consider sharing snacks while working together.
[40] Eve: oh i find a book
[40] Eve: maybe we need to i need to mark that and stick the lable
[40] Ella: just too many documents roughly
[40] Eve: Nancy
[41] Eve: please help me to put this book back
[43] Eve: star star
[43] Ella: oh
[43] Ella: there are also some documents
[43] Ella: Nancy um take these documents in the documents holder
[44] Ella: Nancy um take these documents in the documents holder.
[44] Eve: maybe let's get start it.
[45] Ella: okay

Conversation 4: Eve and Ella discuss food choices, with Eve struggling with spicy food while Ella suggests milder options and offers sweets. They coordinate household organization, ask Nancy to fetch items and tidy up, and decide to do homework, read books, and then rest. Eve prefers suspense novels while Ella dislikes them and mentions traffic rule awareness from media. They conclude by preparing for bed and returning items to their places.
[63] Eve: Nancy please take some drinks for me
[64] Eve: thank you so much
[65] Eve: maybe we need to tidy the mess table
[65] Ella: you are right
[65] Ella: Nancy please take these necks and the cake back
[77] Eve: Nancy take the milk tea cup and milk bottle for me please
[78] Eve: and Nancy wait a moment
[78] Eve: please take the book back to the place thank you

[Step 2] Evaluating semantic answer...
Action: [Answer]
Content: Yes, Nancy was asked to take the documents into the document holder, so they were taken away from the big table.
FINAL ANSWER (from graph):
Yes, Nancy was asked to take the documents into the document holder, so they were taken away from the big table.
Question: Where is the school bag finally?

[Step 1] Searching the graph...
Parse Query Output:
{
  "query_triple": ["school bag", "is at", "?", 0.7, 0.5, 0.15],
  "spatial_constraint": null,
  "speaker_strict": null,
  "allocation": {
    "k_high_level": 2,
    "k_low_level": 40,
    "k_conversations": 8,
    "total_k": 50,
    "reasoning": "Spatial/location query about an object; prioritize low-level edges for final location and movements, minimal high-level, small conversations for any verbal confirmation of where it ends up."
  }
}

Graph Search Results:
**High-Level Information (Character Attributes and Relationships): **

Character Attributes:
- character_1 is: female (100)
- character_2 is: female (100)

**Low-Level Information (Actions and Events): **

[11] notebook is on table. (study room)
[11] chair is at table. (study room)
[16] sticky note is on notebook. (study room)
[30] beige book is at round table. (study room)
[37] notebook is on table. (study room)
[46] Ella is at table. (study room)
[46] Eve carries backpack. (study room)
[46] light blue backpack is to Ella. (study room)
[46] light blue backpack is on Ella's chair. (study room)
[46] Eve holds black backpack. (study room)
[47] Eve opens backpack. (study room)
[47] Eve holds backpack. (study room)
[47] small pouch is from backpack. (study room)
[48] Ella's backpack is on table. (study room)
[48] Eve organizes inside backpack. (study room)
[48] floral backpack is on table surface. (study room)
[49] red floral backpack is on table. (study room)
[51] floral backpack is on table. (cozy study room)
[53] floral backpack is on table. (living room)
[54] Eve's red floral backpack is on table. (living room lounge)
[55] floral backpack is on table. (cozy study room)
[55] small object is near floral backpack. (cozy study room)
[58] floral backpack is on table. (living room)
[62] project is near backpack. (living room)
[63] red floral backpack is on table. (living room or study corner)
[65] floral backpack is on table. (living room)
[66] plastic bag is on table. (living room with kitchenette)
[66] another bag is on table. (living room with kitchenette)
[66] white plastic bag is on table. (living room with kitchenette)
[67] Ella sorts through backpack. (living room)
[67] Ella continues rummaging in backpack. (living room)
[68] red backpack is on <Eve>'s lap. (study room)
[68] Eve searches through backpack. (study room)
[68] item is from backpack. (study room)
[68] Eve is at table. (study room)
[68] Ella moves backpack. (study room)
[68] backpack is on table. (study room)
[72] Ella is at table. (cozy reading room with table and bookshelf)
[74] notebook is on table. (living room study corner)
[75] red backpack is on table. (reading room)

**Conversations: **

Conversation 4: Eve and Ella discuss food choices, with Eve struggling with spicy food while Ella suggests milder options and offers sweets. They coordinate household organization, ask Nancy to fetch items and tidy up, and decide to do homework, read books, and then rest. Eve prefers suspense novels while Ella dislikes them and mentions traffic rule awareness from media. They conclude by preparing for bed and returning items to their places.
[68] Eve: okay i find it
[68] Ella: thank you
[68] Eve: you need to pack your bag
[68] Eve: let's get started to finish our homework
[69] Eve: finish i finish
[77] Eve: Nancy take the milk tea cup and milk bottle for me please
[78] Eve: and Nancy wait a moment
[78] Eve: please take the book back to the place thank you

Conversation 2: Ella, Eve, and Nancy discuss organizing a set of books by genre, including love/romance, suspense, and professional/economics. They decide on a shelving order: suspense on the first shelf, professional on the second, and imply romance elsewhere, with plans to mark shelves with numbers. Eve recommends a particular book as interesting and easy to understand, and Ella plans to read it in two days. Nancy is asked to return a book to its proper place.
[19] Eve: and this type we can put into second
[19] Eve: and the last one we put the last layer
[19] Ella: you say put the love books on the last shelf
[19] Eve: no no no
[19] Eve: i think maybe suspense for the first show yeah
[26] Nancy: here
[26] Eve: oh sorry
[26] Ella: um take this book back to their place
[26] Nancy: okay

Conversation 1: Ella wants to find romance novels but finds the shelves disorganized, so she proposes reorganizing the books. Eve agrees and suggests a two-step system using labels and star paper, with Ella sorting by genre and Eve labeling. They collaborate to classify books, distinguishing between romance and suspense, and proceed with sorting suspense first. Nancy briefly acknowledges Ella’s request but doesn’t participate further.
[2] Ella: poetry
[2] Ella: economic Japanese
[2] Ella: oh i found it
[2] Ella: go back to your place
[3] Ella: It's too messy

Conversation 3: Eve and Ella plan to fold paper stars and organize their space, with Nancy being asked to help put away books and documents. They realize a homework deadline is imminent and decide to prioritize completing it, postponing the star-folding activity. They agree to watch instructional videos to help with the homework and consider sharing snacks while working together.
[39] Eve: yes okay maybe i need to find something and
[39] Eve: tidy it up
[40] Eve: oh i find a book
[40] Eve: maybe we need to i need to mark that and stick the lable
[40] Ella: just too many documents roughly
[40] Eve: Nancy
[41] Eve: please help me to put this book back
[42] Eve: okay that's all
[43] Eve: hmm maybe let's get started to fold star
[49] Eve: i don't know how to write this work
[49] Eve: it's too hard for me to finish it and
[49] Eve: in class
[49] Eve: i always talk to my deskmate
[49] Eve: so i don't listen carefully what teacher say

[Step 2] Evaluating semantic answer...
Action: [Answer]
Content: On the table in the living room.
FINAL ANSWER (from graph):
On the table in the living room.
Question: Does Ella care about tidiness?

[Step 1] Searching the graph...
Parse Query Output:
{
  "query_triple": ["<Ella>", "tidiness caring", null, 0.95, 0.25, 0.1],
  "spatial_constraint": null,
  "speaker_strict": null,
  "allocation": {
    "k_high_level": 9,
    "k_low_level": 11,
    "k_conversations": 30,
    "total_k": 50,
    "reasoning": "Trait/attitude query—use high-level edges for character attributes; include conversations for evidence of caring; some low-level actions (cleaning, organizing) can support the trait."
  }
}

Graph Search Results:
**High-Level Information (Character Attributes and Relationships): **

Character Attributes:
- Ella is: female (100), white sneakers (100), white T-shirt (100), long black hair tied in a braid or ponytail (100), medium build (100), blue denim overalls (100), organized-minded (90), collaborative (95)

Character Relationships:
- Ella collaborates with Eve (95)

**Low-Level Information (Actions and Events): **

[9] Ella keeps in hand book. (living room)
[13] Ella keeps sorting book. (study room)
[16] Ella starts sorting page. (study room)
[39] Ella starts tidying item on sofa. (study room)
[42] Ella focuses on arranging small item. (study room)
[62] Ella handles container. (living room)
[62] Ella works quietly. (living room)
[64] Ella continues arranging stationery. (living room)
[66] Ella tidies light blue apron. (living room with kitchenette)
[67] Ella sorts through paper. (living room)
[67] Ella sorts through backpack. (living room)

**Conversations: **

Conversation 3: Eve and Ella plan to fold paper stars and organize their space, with Nancy being asked to help put away books and documents. They realize a homework deadline is imminent and decide to prioritize completing it, postponing the star-folding activity. They agree to watch instructional videos to help with the homework and consider sharing snacks while working together.
[32] Eve: finish give me five
[32] Eve: let's have a rest
[33] Ella: sure
[33] Ella: I brought some milkteas today
[33] Ella: Nancy
[33] Ella: I want to hmm bring the milktea for me
[34] Ella: thank you
[34] Eve: thank you it sounds like really tasty
[35] Ella: yeah
[35] Ella: enjoy it
[35] Eve: i want to taste it
[38] Eve: And to finish the things we write down on the star paper.
[38] Eve: What's a wonderful idea.
[38] Ella: Hmm.
[38] Ella: Let's do it.
[38] Eve: Maybe we can fold the star together.
[39] Eve: how do you feel
[39] Ella: i think it's a very good idea but um
[39] Ella: it's messy maybe we need to tidy it up
[39] Eve: yes yes
[39] Ella: we can do it
[39] Eve: yes okay maybe i need to find something and
[39] Eve: tidy it up
[40] Eve: oh i find a book
[40] Eve: maybe we need to i need to mark that and stick the lable
[44] Ella: Nancy um take these documents in the documents holder.
[44] Eve: maybe let's get start it.
[45] Ella: okay
[45] Eve: but I don't know how to fold it
[45] Eve: maybe you can find some videos to
[45] Ella: I'm find help us to fold it
[45] Eve: oh wait a moment
[45] Eve: oh my oh my god
[49] Eve: so i don't listen carefully what teacher say
[50] Ella: how about we watching a movie
[50] Ella: i don't know
[50] Ella: movie video
[50] Ella: humm

Conversation 1: Ella wants to find romance novels but finds the shelves disorganized, so she proposes reorganizing the books. Eve agrees and suggests a two-step system using labels and star paper, with Ella sorting by genre and Eve labeling. They collaborate to classify books, distinguishing between romance and suspense, and proceed with sorting suspense first. Nancy briefly acknowledges Ella’s request but doesn’t participate further.
[2] Ella: oh i found it
[2] Ella: go back to your place
[3] Ella: It's too messy
[3] Ella: maybe
[3] Ella: give them a new turn
[3] Ella: please take their down
[6] Ella: so that we can find books easily
[6] Eve: okay
[6] Eve: but how long will you to tidy up it
[6] Eve: then that's too too messy
[6] Ella: It's a
[6] Ella: big deal
[7] Ella: maybe let's do it together you give some type of paper
[7] Ella: make it understand. i give you book
[9] Eve: you need to sort out this book into different types
[9] Eve: and maybe I use the label to mark them, okay
[9] Ella: yes
[9] Eve: okay let's do it
[9] Ella: this is first
[9] Eve: which type
[9] Ella: uh this a little bit
[10] Eve: and I want to ask these two books
[10] Eve: the same type

Conversation 4: Eve and Ella discuss food choices, with Eve struggling with spicy food while Ella suggests milder options and offers sweets. They coordinate household organization, ask Nancy to fetch items and tidy up, and decide to do homework, read books, and then rest. Eve prefers suspense novels while Ella dislikes them and mentions traffic rule awareness from media. They conclude by preparing for bed and returning items to their places.
[59] Eve: hmm yes
[59] Ella: Nancy, take cake for me
[59] Ella: Thank you
[60] Eve: how many things you bought
[60] Ella: i want to eat so i bought
[60] Ella: it's not too much
[60] Ella: we just let two pieces of bread in the fridge for our breakfast tomorrow
[60] Eve: okay
[62] Eve: maybe it can help us to open it
[62] Ella: well done and then
[62] Ella: Brilliant
[62] Ella: enjoy it
[63] Eve: it doesn't matter
[63] Eve: Nancy please take some drinks for me
[64] Eve: thank you so much
[65] Eve: maybe we need to tidy the mess table
[65] Ella: you are right
[65] Ella: Nancy please take these necks and the cake back
[67] Eve: Look you can't find anything
[67] Eve: You need you want
[67] Ella: Hmm I'm just don't like tidy up and I can't find that
[68] Ella: hmm i'm just don't like tidy up and i can't find that
[68] Eve: let me help you
[68] Eve: okay i find it
[68] Ella: thank you
[68] Eve: you need to pack your bag
[68] Eve: let's get started to finish our homework
[69] Eve: i want to drink some milks
[69] Ella: Nancy please take my milktea for me
[70] Ella: finish
[70] Eve: maybe we can do another activities
[70] Eve: and now the time
[74] Ella: oh everyone need to follow traffic rules
[74] Ella: and uh look at the news speaker
[74] Ella: just doesn't it doesn't follow the traffic rules and litters everywhere
[74] Ella: and left the bicycle in the middle of the road
[74] Eve: oh there's i don't know why you still watch it
[76] Eve: do you want have a rest
[77] Ella: yes i want to rest and
[77] Ella: maybe need to go bed
[77] Eve: let's take a shower and go to the bed bedroom to have a rest
[77] Eve: Nancy take the milk tea cup and milk bottle for me please

Conversation 2: Ella, Eve, and Nancy discuss organizing a set of books by genre, including love/romance, suspense, and professional/economics. They decide on a shelving order: suspense on the first shelf, professional on the second, and imply romance elsewhere, with plans to mark shelves with numbers. Eve recommends a particular book as interesting and easy to understand, and Ella plans to read it in two days. Nancy is asked to return a book to its proper place.
[16] Ella: it's a long time let's do it together
[16] Eve: okay
[16] Ella: okay
[17] Ella: do you have another pen
[17] Eve: yes oh
[18] Eve: this oh
[18] Eve: it's about economic maybe they are too professional
[18] Ella: yeah
[18] Eve: and we can put the suspense novel into first layer
[19] Eve: and this type we can put into second
[22] Eve: yes
[22] Eve: another one
[23] Eve: hey Ella
[23] Eve: do you know this book
[23] Ella: sorry i haven't read it
[25] Eve: mark them
[25] Eve: you have to finish
[25] Ella: hmm no no
[25] Eve: um these these book are all about professional or romantic
[25] Ella: hmm
[25] Ella: this is romantic
[26] Eve: okay okay

[Step 2] Evaluating semantic answer...
Action: [Answer]
Content: Yes, Ella cares about tidiness.
FINAL ANSWER (from graph):
Yes, Ella cares about tidiness.
Question: What season is it now?

[Step 1] Searching the graph...
Parse Query Output:
{
  "query_triple": [null, "season", "?", 0.1, 0.25, 0.15],
  "spatial_constraint": null,
  "speaker_strict": null,
  "allocation": {
    "k_high_level": 5,
    "k_low_level": 35,
    "k_conversations": 10,
    "total_k": 50,
    "reasoning": "Temporal/state query about current season; use low-level edges for visual/environmental cues (weather, decorations), some high-level metadata if characters mention time, and limited conversations for explicit statements."
  }
}

Graph Search Results:
**High-Level Information (Character Attributes and Relationships): **

Character Attributes:
- character_1 is: female (100), slim (100), straight short black hair to jawline (100), glasses (100), cream T-shirt with colorful print (100)

**Low-Level Information (Actions and Events): **

[1] Ella searches through book. (living room with bookshelf)
[1] book is in lower cubby. (living room with bookshelf)
[1] Ella pulls book. (living room with bookshelf)
[1] spine is of book. (living room with bookshelf)
[2] robot points camera closely at book. (living room)
[2] Ella points at book. (living room)
[3] Ella adjusts book. (living room)
[3] Ella straightens book. (living room)
[4] robot pulls out book. (living room with bookshelf)
[4] robot removes book. (living room with bookshelf)
[4] book is from shelf. (living room with bookshelf)
[4] water bottle is behind book. (living room with bookshelf)
[5] robot sets book. (living room)
[5] book is on floor. (living room)
[5] robot takes out book. (living room)
[5] book is from lower shelf. (living room)
[5] robot stacks book. (living room)
[5] Ella arranges book. (living room)
[5] Ella sorts book. (living room)
[6] Ella sorts book. (living room)
[7] Ella looks through book. (living room)
[9] Ella holds book. (living room)
[9] Ella keeps in hand book. (living room)
[9] Ella begins sorting book. (living room)
[9] Ella shows book. (living room)
[9] book is first item. (living room)
[9] Eve asks about type of book. (living room)
[9] Ella flips through book. (living room)
[9] Ella organizes book. (living room)
[10] Ella flips through book. (study room)
[10] Ella selects book. (study room)
[10] book is from floor stack. (study room)
[10] Eve points at book. (study room)
[10] book is in Ella. (study room)
[70] Eve checks time. (living room)

**Conversations: **

Conversation 4: Eve and Ella discuss food choices, with Eve struggling with spicy food while Ella suggests milder options and offers sweets. They coordinate household organization, ask Nancy to fetch items and tidy up, and decide to do homework, read books, and then rest. Eve prefers suspense novels while Ella dislikes them and mentions traffic rule awareness from media. They conclude by preparing for bed and returning items to their places.
[63] Eve: it doesn't matter
[63] Eve: hmm
[63] Eve: it's still spicy
[63] Eve: Nancy please take some drinks for me
[64] Eve: thank you so much
[70] Ella: finish
[70] Eve: maybe we can do another activities
[70] Eve: and now the time
[70] Ella: time still early
[70] Ella: i remember i just want to find some books to read
[71] Ella: last time I still read this so far
[74] Ella: just doesn't it doesn't follow the traffic rules and litters everywhere
[74] Ella: and left the bicycle in the middle of the road
[74] Eve: oh there's i don't know why you still watch it
[75] Eve: i don't know why you still watch it
[75] Eve: it's a little bit boring
[75] Ella: just for fun
[75] Ella: so terrible i hate it
[76] Eve: oh so scared
[76] Eve: today just a read for this period
[76] Eve: and Ella i'm a little bit tired
[76] Eve: do you want have a rest

Conversation 3: Eve and Ella plan to fold paper stars and organize their space, with Nancy being asked to help put away books and documents. They realize a homework deadline is imminent and decide to prioritize completing it, postponing the star-folding activity. They agree to watch instructional videos to help with the homework and consider sharing snacks while working together.
[38] Ella: Let's do it.
[38] Eve: Maybe we can fold the star together.
[39] Eve: how do you feel
[39] Ella: i think it's a very good idea but um
[39] Ella: it's messy maybe we need to tidy it up

Conversation 1: Ella wants to find romance novels but finds the shelves disorganized, so she proposes reorganizing the books. Eve agrees and suggests a two-step system using labels and star paper, with Ella sorting by genre and Eve labeling. They collaborate to classify books, distinguishing between romance and suspense, and proceed with sorting suspense first. Nancy briefly acknowledges Ella’s request but doesn’t participate further.
[4] Ella: take their dump and i want to make them better
[5] Eve: hmm
[5] Eve: what are you doing
[5] Eve: that's so messy
[6] Ella: just now i want to find a novel about love
[10] Eve: and I want to ask these two books
[10] Eve: the same type
[10] Ella: they are they are romance
[10] Ella: let me see
[11] Ella: it's about love

Conversation 2: Ella, Eve, and Nancy discuss organizing a set of books by genre, including love/romance, suspense, and professional/economics. They decide on a shelving order: suspense on the first shelf, professional on the second, and imply romance elsewhere, with plans to mark shelves with numbers. Eve recommends a particular book as interesting and easy to understand, and Ella plans to read it in two days. Nancy is asked to return a book to its proper place.
[24] Ella: maybe it will help me a lot.
[25] Eve: okay that's as and they are story yes
[25] Eve: they still have 4 books we need to
[25] Eve: mark them
[25] Eve: you have to finish

[Step 2] Evaluating semantic answer...
Action: [Search]
Content: [70, 71, 74, 75, 76, 1, 2, 3, 4, 5, 6, 7, 9, 10]
Summary: The graph details Ella and Eve organizing and discussing books across various clips, with some mentions of time being early, rest, and activities, but it contains no explicit or implicit seasonal indicators (weather, holidays, clothing changes beyond a single outfit description, or seasonal events). Additional video context is needed to determine the current season.

[Step 3] Watching video clips: [70, 71, 74, 75, 76, 1, 2, 3, 4, 5, 6, 7, 9, 10]

   Processing clip 70 (1/14)...
✓ Updated results.json for study_09 (12 questions)
✓ Cleaned up video and frames for study_09

============================================================
Processing video: gym_01
============================================================
Downloading 1 video(s) to data/videos...

Downloading gym_01.mp4...
✓ Successfully downloaded gym_01.mp4 to data/videos/gym_01.mp4

============================================================
Download Summary:
  Successful: 1/1
============================================================

============================================================
[1/1] Processing: gym_01
============================================================
Video: data/videos/gym_01.mp4
Subtitles: data/subtitles/robot/gym_01.srt
Output: data/frames/gym_01
============================================================

Parsing subtitle file: data/subtitles/robot/gym_01.srt
Found 317 subtitle entries
Video: 1280x720, 30.00 FPS, 56499 frames, 1883.30s duration

Extracting frames with subtitles...
Grouping frames into folders of 30 frames each
  Saved 10 frames (up to 9s, folder 1)
  Saved 20 frames (up to 19s, folder 1)
  Saved 30 frames (up to 29s, folder 1)
  Saved 40 frames (up to 39s, folder 2)
  Saved 50 frames (up to 49s, folder 2)
  Saved 60 frames (up to 59s, folder 2)
  Saved 70 frames (up to 69s, folder 3)
  Saved 80 frames (up to 79s, folder 3)
  Saved 90 frames (up to 89s, folder 3)
  Saved 100 frames (up to 99s, folder 4)
  Saved 110 frames (up to 109s, folder 4)
  Saved 120 frames (up to 119s, folder 4)
  Saved 130 frames (up to 129s, folder 5)
  Saved 140 frames (up to 139s, folder 5)
  Saved 150 frames (up to 149s, folder 5)
  Saved 160 frames (up to 159s, folder 6)
  Saved 170 frames (up to 169s, folder 6)
  Saved 180 frames (up to 179s, folder 6)
  Saved 190 frames (up to 189s, folder 7)
  Saved 200 frames (up to 199s, folder 7)
  Saved 210 frames (up to 209s, folder 7)
  Saved 220 frames (up to 219s, folder 8)
  Saved 230 frames (up to 229s, folder 8)
  Saved 240 frames (up to 239s, folder 8)
  Saved 250 frames (up to 249s, folder 9)
  Saved 260 frames (up to 259s, folder 9)
  Saved 270 frames (up to 269s, folder 9)
  Saved 280 frames (up to 279s, folder 10)
  Saved 290 frames (up to 289s, folder 10)
  Saved 300 frames (up to 299s, folder 10)
  Saved 310 frames (up to 309s, folder 11)
  Saved 320 frames (up to 319s, folder 11)
  Saved 330 frames (up to 329s, folder 11)
  Saved 340 frames (up to 339s, folder 12)
  Saved 350 frames (up to 349s, folder 12)
  Saved 360 frames (up to 359s, folder 12)
  Saved 370 frames (up to 369s, folder 13)
  Saved 380 frames (up to 379s, folder 13)
  Saved 390 frames (up to 389s, folder 13)
  Saved 400 frames (up to 399s, folder 14)
  Saved 410 frames (up to 409s, folder 14)
  Saved 420 frames (up to 419s, folder 14)
  Saved 430 frames (up to 429s, folder 15)
  Saved 440 frames (up to 439s, folder 15)
  Saved 450 frames (up to 449s, folder 15)
  Saved 460 frames (up to 459s, folder 16)
  Saved 470 frames (up to 469s, folder 16)
  Saved 480 frames (up to 479s, folder 16)
  Saved 490 frames (up to 489s, folder 17)
  Saved 500 frames (up to 499s, folder 17)
  Saved 510 frames (up to 509s, folder 17)
  Saved 520 frames (up to 519s, folder 18)
  Saved 530 frames (up to 529s, folder 18)
  Saved 540 frames (up to 539s, folder 18)
  Saved 550 frames (up to 549s, folder 19)
  Saved 560 frames (up to 559s, folder 19)
  Saved 570 frames (up to 569s, folder 19)
  Saved 580 frames (up to 579s, folder 20)
  Saved 590 frames (up to 589s, folder 20)
  Saved 600 frames (up to 599s, folder 20)
  Saved 610 frames (up to 609s, folder 21)
  Saved 620 frames (up to 619s, folder 21)
  Saved 630 frames (up to 629s, folder 21)
  Saved 640 frames (up to 639s, folder 22)
  Saved 650 frames (up to 649s, folder 22)
  Saved 660 frames (up to 659s, folder 22)
  Saved 670 frames (up to 669s, folder 23)
  Saved 680 frames (up to 679s, folder 23)
  Saved 690 frames (up to 689s, folder 23)
  Saved 700 frames (up to 699s, folder 24)
  Saved 710 frames (up to 709s, folder 24)
  Saved 720 frames (up to 719s, folder 24)
  Saved 730 frames (up to 729s, folder 25)
  Saved 740 frames (up to 739s, folder 25)
  Saved 750 frames (up to 749s, folder 25)
  Saved 760 frames (up to 759s, folder 26)
  Saved 770 frames (up to 769s, folder 26)
  Saved 780 frames (up to 779s, folder 26)
  Saved 790 frames (up to 789s, folder 27)
  Saved 800 frames (up to 799s, folder 27)
  Saved 810 frames (up to 809s, folder 27)
  Saved 820 frames (up to 819s, folder 28)
  Saved 830 frames (up to 829s, folder 28)
  Saved 840 frames (up to 839s, folder 28)
  Saved 850 frames (up to 849s, folder 29)
  Saved 860 frames (up to 859s, folder 29)
  Saved 870 frames (up to 869s, folder 29)
  Saved 880 frames (up to 879s, folder 30)
  Saved 890 frames (up to 889s, folder 30)
  Saved 900 frames (up to 899s, folder 30)
  Saved 910 frames (up to 909s, folder 31)
  Saved 920 frames (up to 919s, folder 31)
  Saved 930 frames (up to 929s, folder 31)
  Saved 940 frames (up to 939s, folder 32)
  Saved 950 frames (up to 949s, folder 32)
  Saved 960 frames (up to 959s, folder 32)
  Saved 970 frames (up to 969s, folder 33)
  Saved 980 frames (up to 979s, folder 33)
  Saved 990 frames (up to 989s, folder 33)
  Saved 1000 frames (up to 999s, folder 34)
  Saved 1010 frames (up to 1009s, folder 34)
  Saved 1020 frames (up to 1019s, folder 34)
  Saved 1030 frames (up to 1029s, folder 35)
  Saved 1040 frames (up to 1039s, folder 35)
  Saved 1050 frames (up to 1049s, folder 35)
  Saved 1060 frames (up to 1059s, folder 36)
  Saved 1070 frames (up to 1069s, folder 36)
  Saved 1080 frames (up to 1079s, folder 36)
  Saved 1090 frames (up to 1089s, folder 37)
  Saved 1100 frames (up to 1099s, folder 37)
  Saved 1110 frames (up to 1109s, folder 37)
  Saved 1120 frames (up to 1119s, folder 38)
  Saved 1130 frames (up to 1129s, folder 38)
  Saved 1140 frames (up to 1139s, folder 38)
  Saved 1150 frames (up to 1149s, folder 39)
  Saved 1160 frames (up to 1159s, folder 39)
  Saved 1170 frames (up to 1169s, folder 39)
  Saved 1180 frames (up to 1179s, folder 40)
  Saved 1190 frames (up to 1189s, folder 40)
  Saved 1200 frames (up to 1199s, folder 40)
  Saved 1210 frames (up to 1209s, folder 41)
  Saved 1220 frames (up to 1219s, folder 41)
  Saved 1230 frames (up to 1229s, folder 41)
  Saved 1240 frames (up to 1239s, folder 42)
  Saved 1250 frames (up to 1249s, folder 42)
  Saved 1260 frames (up to 1259s, folder 42)
  Saved 1270 frames (up to 1269s, folder 43)
  Saved 1280 frames (up to 1279s, folder 43)
  Saved 1290 frames (up to 1289s, folder 43)
  Saved 1300 frames (up to 1299s, folder 44)
  Saved 1310 frames (up to 1309s, folder 44)
  Saved 1320 frames (up to 1319s, folder 44)
  Saved 1330 frames (up to 1329s, folder 45)
  Saved 1340 frames (up to 1339s, folder 45)
  Saved 1350 frames (up to 1349s, folder 45)
  Saved 1360 frames (up to 1359s, folder 46)
  Saved 1370 frames (up to 1369s, folder 46)
  Saved 1380 frames (up to 1379s, folder 46)
  Saved 1390 frames (up to 1389s, folder 47)
  Saved 1400 frames (up to 1399s, folder 47)
  Saved 1410 frames (up to 1409s, folder 47)
  Saved 1420 frames (up to 1419s, folder 48)
  Saved 1430 frames (up to 1429s, folder 48)
  Saved 1440 frames (up to 1439s, folder 48)
  Saved 1450 frames (up to 1449s, folder 49)
  Saved 1460 frames (up to 1459s, folder 49)
  Saved 1470 frames (up to 1469s, folder 49)
  Saved 1480 frames (up to 1479s, folder 50)
  Saved 1490 frames (up to 1489s, folder 50)
  Saved 1500 frames (up to 1499s, folder 50)
  Saved 1510 frames (up to 1509s, folder 51)
  Saved 1520 frames (up to 1519s, folder 51)
  Saved 1530 frames (up to 1529s, folder 51)
  Saved 1540 frames (up to 1539s, folder 52)
  Saved 1550 frames (up to 1549s, folder 52)
  Saved 1560 frames (up to 1559s, folder 52)
  Saved 1570 frames (up to 1569s, folder 53)
  Saved 1580 frames (up to 1579s, folder 53)
  Saved 1590 frames (up to 1589s, folder 53)
  Saved 1600 frames (up to 1599s, folder 54)
  Saved 1610 frames (up to 1609s, folder 54)
  Saved 1620 frames (up to 1619s, folder 54)
  Saved 1630 frames (up to 1629s, folder 55)
  Saved 1640 frames (up to 1639s, folder 55)
  Saved 1650 frames (up to 1649s, folder 55)
  Saved 1660 frames (up to 1659s, folder 56)
  Saved 1670 frames (up to 1669s, folder 56)
  Saved 1680 frames (up to 1679s, folder 56)
  Saved 1690 frames (up to 1689s, folder 57)
  Saved 1700 frames (up to 1699s, folder 57)
  Saved 1710 frames (up to 1709s, folder 57)
  Saved 1720 frames (up to 1719s, folder 58)
  Saved 1730 frames (up to 1729s, folder 58)
  Saved 1740 frames (up to 1739s, folder 58)
  Saved 1750 frames (up to 1749s, folder 59)
  Saved 1760 frames (up to 1759s, folder 59)
  Saved 1770 frames (up to 1769s, folder 59)
  Saved 1780 frames (up to 1779s, folder 60)
  Saved 1790 frames (up to 1789s, folder 60)
  Saved 1800 frames (up to 1799s, folder 60)
  Saved 1810 frames (up to 1809s, folder 61)
  Saved 1820 frames (up to 1819s, folder 61)
  Saved 1830 frames (up to 1829s, folder 61)
  Saved 1840 frames (up to 1839s, folder 62)
  Saved 1850 frames (up to 1849s, folder 62)
  Saved 1860 frames (up to 1859s, folder 62)
  Saved 1870 frames (up to 1869s, folder 63)
  Saved 1880 frames (up to 1879s, folder 63)

✓ Extracted 1884 frames to data/frames/gym_01

✓ Successfully processed gym_01: 1884 frames saved
--------------------------------
Processing folder:  data/frames/gym_01/1
Inserted 33 triples into graph for clip 1
--------------------------------
Processing folder:  data/frames/gym_01/2
Inserted 21 triples into graph for clip 2
--------------------------------
Processing folder:  data/frames/gym_01/3
Inserted 13 triples into graph for clip 3
--------------------------------
Processing folder:  data/frames/gym_01/4
Inserted 26 triples into graph for clip 4
--------------------------------
Processing folder:  data/frames/gym_01/5
Inserted 13 triples into graph for clip 5
--------------------------------
Processing folder:  data/frames/gym_01/6
Extracting summary for completed conversation 1...
✓ Conversation summary extracted. Attributes: 7, Relationships: 4
Inserted 11 triples into graph for clip 6
--------------------------------
Processing folder:  data/frames/gym_01/7
Inserted 26 triples into graph for clip 7
--------------------------------
Processing folder:  data/frames/gym_01/8
Inserted 16 triples into graph for clip 8
--------------------------------
Processing folder:  data/frames/gym_01/9
Inserted 13 triples into graph for clip 9
--------------------------------
Processing folder:  data/frames/gym_01/10
Extracting summary for completed conversation 2...
✓ Conversation summary extracted. Attributes: 6, Relationships: 2
Inserted 20 triples into graph for clip 10
--------------------------------
Processing folder:  data/frames/gym_01/11
Inserted 24 triples into graph for clip 11
--------------------------------
Processing folder:  data/frames/gym_01/12
Inserted 16 triples into graph for clip 12
--------------------------------
Processing folder:  data/frames/gym_01/13
Inserted 18 triples into graph for clip 13
--------------------------------
Processing folder:  data/frames/gym_01/14
Inserted 16 triples into graph for clip 14
--------------------------------
Processing folder:  data/frames/gym_01/15
Inserted 24 triples into graph for clip 15
--------------------------------
Processing folder:  data/frames/gym_01/16
Inserted 26 triples into graph for clip 16
--------------------------------
Processing folder:  data/frames/gym_01/17
Inserted 18 triples into graph for clip 17
--------------------------------
Processing folder:  data/frames/gym_01/18
Inserted 25 triples into graph for clip 18
--------------------------------
Processing folder:  data/frames/gym_01/19
Inserted 36 triples into graph for clip 19
--------------------------------
Processing folder:  data/frames/gym_01/20
Inserted 42 triples into graph for clip 20
--------------------------------
Processing folder:  data/frames/gym_01/21
Inserted 37 triples into graph for clip 21
--------------------------------
Processing folder:  data/frames/gym_01/22
Inserted 28 triples into graph for clip 22
--------------------------------
Processing folder:  data/frames/gym_01/23
Inserted 49 triples into graph for clip 23
--------------------------------
Processing folder:  data/frames/gym_01/24
Inserted 42 triples into graph for clip 24
--------------------------------
Processing folder:  data/frames/gym_01/25
Inserted 41 triples into graph for clip 25
--------------------------------
Processing folder:  data/frames/gym_01/26
Inserted 34 triples into graph for clip 26
--------------------------------
Processing folder:  data/frames/gym_01/27
Inserted 46 triples into graph for clip 27
--------------------------------
Processing folder:  data/frames/gym_01/28
Inserted 32 triples into graph for clip 28
--------------------------------
Processing folder:  data/frames/gym_01/29
Extracting summary for completed conversation 3...
✓ Conversation summary extracted. Attributes: 7, Relationships: 6
Inserted 41 triples into graph for clip 29
--------------------------------
Processing folder:  data/frames/gym_01/30
Inserted 46 triples into graph for clip 30
--------------------------------
Processing folder:  data/frames/gym_01/31
Inserted 31 triples into graph for clip 31
--------------------------------
Processing folder:  data/frames/gym_01/32
Inserted 34 triples into graph for clip 32
--------------------------------
Processing folder:  data/frames/gym_01/33
Inserted 39 triples into graph for clip 33
--------------------------------
Processing folder:  data/frames/gym_01/34
Inserted 45 triples into graph for clip 34
--------------------------------
Processing folder:  data/frames/gym_01/35
Extracting summary for completed conversation 4...
✓ Conversation summary extracted. Attributes: 4, Relationships: 2
Inserted 34 triples into graph for clip 35
--------------------------------
Processing folder:  data/frames/gym_01/36
Inserted 24 triples into graph for clip 36
--------------------------------
Processing folder:  data/frames/gym_01/37
Inserted 20 triples into graph for clip 37
--------------------------------
Processing folder:  data/frames/gym_01/38
Inserted 30 triples into graph for clip 38
--------------------------------
Processing folder:  data/frames/gym_01/39
Inserted 23 triples into graph for clip 39
--------------------------------
Processing folder:  data/frames/gym_01/40
Inserted 16 triples into graph for clip 40
--------------------------------
Processing folder:  data/frames/gym_01/41
Inserted 19 triples into graph for clip 41
--------------------------------
Processing folder:  data/frames/gym_01/42
Inserted 29 triples into graph for clip 42
--------------------------------
Processing folder:  data/frames/gym_01/43
Inserted 21 triples into graph for clip 43
--------------------------------
Processing folder:  data/frames/gym_01/44
Inserted 27 triples into graph for clip 44
--------------------------------
Processing folder:  data/frames/gym_01/45
Extracting summary for completed conversation 5...
✓ Conversation summary extracted. Attributes: 10, Relationships: 5
Inserted 17 triples into graph for clip 45
--------------------------------
Processing folder:  data/frames/gym_01/46
Inserted 17 triples into graph for clip 46
--------------------------------
Processing folder:  data/frames/gym_01/47
Extracting summary for completed conversation 6...
✓ Conversation summary extracted. Attributes: 4, Relationships: 3
Inserted 27 triples into graph for clip 47
--------------------------------
Processing folder:  data/frames/gym_01/48
Inserted 11 triples into graph for clip 48
--------------------------------
Processing folder:  data/frames/gym_01/49
Inserted 25 triples into graph for clip 49
--------------------------------
Processing folder:  data/frames/gym_01/50
Inserted 17 triples into graph for clip 50
--------------------------------
Processing folder:  data/frames/gym_01/51
Inserted 25 triples into graph for clip 51
--------------------------------
Processing folder:  data/frames/gym_01/52
Inserted 27 triples into graph for clip 52
--------------------------------
Processing folder:  data/frames/gym_01/53
Inserted 18 triples into graph for clip 53
--------------------------------
Processing folder:  data/frames/gym_01/54
Inserted 23 triples into graph for clip 54
--------------------------------
Processing folder:  data/frames/gym_01/55
Inserted 22 triples into graph for clip 55
--------------------------------
Processing folder:  data/frames/gym_01/56
Inserted 23 triples into graph for clip 56
--------------------------------
Processing folder:  data/frames/gym_01/57
Inserted 19 triples into graph for clip 57
--------------------------------
Processing folder:  data/frames/gym_01/58
Extracting summary for completed conversation 7...
✓ Conversation summary extracted. Attributes: 8, Relationships: 6
Inserted 37 triples into graph for clip 58
--------------------------------
Processing folder:  data/frames/gym_01/59
Inserted 36 triples into graph for clip 59
--------------------------------
Processing folder:  data/frames/gym_01/60
Inserted 23 triples into graph for clip 60
--------------------------------
Processing folder:  data/frames/gym_01/61
Inserted 24 triples into graph for clip 61
--------------------------------
Processing folder:  data/frames/gym_01/62
Inserted 23 triples into graph for clip 62
--------------------------------
Processing folder:  data/frames/gym_01/63
Inserted 27 triples into graph for clip 63
Extracting summary for final conversation 8...
✓ Final conversation summary extracted. Attributes: 6, Relationships: 4
Inserting character appearances for 7 characters...
Warning: Character '<character_2>' not found in graph, skipping appearance
✓ Character appearances inserted: 39 appearance edges created
303 node embeddings inserted (6 characters, 297 objects)
1741 edge embeddings inserted
Generating character attributes...
Number of edges:  1741
Character attributes generated.
Number of edges:  1794
Character relationships generated.
Number of edges:  1856
✓ Graph memory built for gym_01
Question: Which takeout should be taken to Anna?

[Step 1] Searching the graph...
Parse Query Output:
{
  "query_triple": ["<Anna>", "should receive", "takeout", 0.95, 0.25, 0.6],
  "spatial_constraint": null,
  "speaker_strict": null,
  "allocation": {
    "k_high_level": 5,
    "k_low_level": 30,
    "k_conversations": 15,
    "total_k": 50,
    "reasoning": "Task/action query about delivering a specific item to Anna. Prioritize low-level edges for actions like orders, deliveries, and item states. Include some conversations to capture instructions or preferences. Limited high-level edges for any stable preferences or roles."
  }
}

Graph Search Results:
**High-Level Information (Character Attributes and Relationships): **

Character Relationships:
- Anna cooperates with Susan (90)
- Anna rivals with Susan (90)
- Alice supports Anna (80)
- Susan friendly with Anna (85)
- Anna is friend with Alice (95)

**Low-Level Information (Actions and Events): **

[4] Anna rejects option on phone. (indoor ping pong court)
[4] Anna rejects second option. (indoor ping pong court)
[4] Anna asks to see next option. (indoor ping pong court)
[7] Anna accepts blue drink. (indoor table tennis hall)
[14] Anna agrees to proposal. (indoor sports hall with ping-pong table)
[19] Anna looks through bag. (indoor table tennis court)
[19] Anna retrieves item from bag. (indoor table tennis court)
[22] Anna misses return. (indoor table tennis court)
[23] Anna returns serve. (indoor table tennis court)
[23] Anna sends ball. (indoor table tennis court)
[23] Anna returns new serve. (indoor table tennis court)
[23] Anna prepares next shot. (indoor table tennis court)
[24] Anna needs moment. (indoor table tennis court)
[25] Anna waits by table. (indoor table tennis court)
[29] Anna waits by table. (indoor table tennis court)
[30] Anna prepares for next shot. (indoor ping pong court)
[30] Anna sends ball. (indoor ping pong court)
[31] Anna prepares return. (indoor table tennis court)
[32] Anna responds okay. (indoor table tennis court)
[35] Anna returns shot. (indoor table tennis court)
[37] chocolate is to Anna. (indoor table tennis court)
[37] Anna accepts chocolate. (indoor table tennis court)
[39] Anna rubs head with towel. (indoor table tennis court)
[41] Anna suggests treating to dinner. (indoor table tennis court)
[41] Anna eyes barbecue. (indoor table tennis court)
[50] Anna agrees with idea. (indoor ping-pong court)
[58] Anna steps to side. (indoor ping-pong court)
[59] Anna serves another serve. (indoor ping-pong court)
[63] bottled water is to Anna. (indoor table tennis court)
[63] Anna accept bottled water. (indoor table tennis court)

**Conversations: **

Conversation 3: Anna and Susan discuss table tennis as an accessible, healthy activity and decide to play together. Anna's paddle is broken and may have been moved by her nephew, but Susan has spare paddles, allowing them to proceed. They include Tom as a judge and start a friendly game, adjusting pace and considering changing location.
[14] Susan: so what about, let's play a round first
[14] Anna: Of course
[14] Anna: let's take it
[14] Anna: umm
[15] Anna: yeah
[15] Susan: let's take our paddles
[18] Anna: so i just uh answer him casually
[18] Susan: that must be it, you can ask him when you get home
[18] Anna: fine
[18] Anna: so what should we do now
[18] Anna: if we don't have the paddle
[18] Anna: we can't play the table tennis together
[19] Anna: you can be the judge
[19] Tom: okay
[19] Anna: go
[20] Anna: well? I will win you
[20] Susan: you can't

Conversation 5: Anna becomes dizzy and hungry after skipping dinner while playing ball with Susan and Tom. Susan suggests pausing, offers chocolate, and proposes packing up to go eat; they agree to have barbecue together after a short break and consult a map to choose a place. Tom assists by handling equipment at Susan’s request. The group plans to head to a BBQ restaurant together.
[41] Susan: it isn't the waste, we are going to have dinner
[41] Anna: well
[41] Anna: Let me treat you
[41] Anna: And I have been looking at a barbecue for a long time
[41] Susan: great, I haven't had BBQ for a while, perfect timing
[42] Anna: yeah
[42] Anna: maybe we can look at the map together
[42] Anna: yes, take my phone
[42] Anna: umm
[42] Susan: and Tom, please pick up table tennis balls
[43] Susan: and then put the ball basket back where it was
[43] Tom: Roger that
[43] Anna: oh how about this
[43] Anna: I think it will be very delicious
[43] Susan: and have a try
[44] Anna: it's here

Conversation 1: Anna and Susan, who share the same coach, challenge each other to a rematch and agree to warm up first. They decide on hydration, with Anna choosing mineral water and Susan opting for a sports drink, and they order takeout. Tom agrees to handle the pickup.
[1] Anna: go ahead
[1] Anna: umm
[1] Anna: well last time you won me
[1] Anna: but this time I practice more for a long time
[2] Anna: Let's settle this on the table
[2] Susan: let's start
[2] Anna: fine
[2] Anna: oh, hold up, hmm maybe we need to warm up first
[2] Anna: don't wanna pull a put muscle mid-game
[5] Susan: okay it's my turn
[5] Susan: I'd like to order a sport drink? oh I find it, I find it
[5] Susan: Tom I have ordered the takeout so can you take them for us?
[5] Tom: Roger that

Conversation 7: The group planned to reschedule a table tennis practice after Anna experienced low blood sugar, which Susan helped manage with chocolate. They decided to have dinner instead and discussed practicing with a robot in the meantime. Alice suggested dietary improvements, including eating before exercising and trying more meat. Susan continued practicing and asked for support items while Tom assisted.
[49] Susan: no worries, we live close, so we can just schedule another time
[49] Anna: um okay
[49] Anna: let's go
[49] Alice: hi susan
[49] Anna: hi Alice
[57] Anna: oh yeah good
[57] Anna: Susan
[57] Anna: maybe we can go out eating out, then we can eat out tonight
[57] Susan: wait a, wait a moment
[57] Anna: okay

[Step 2] Evaluating semantic answer...
Action: [Answer]
Content: The mineral water takeout should be taken to Anna.
FINAL ANSWER (from graph):
The mineral water takeout should be taken to Anna.
Question: Is Susan concerned about Anna's health?

[Step 1] Searching the graph...
Parse Query Output:
{
  "query_triple": ["<Susan>", "is concerned about health of", "<Anna>", 0.95, 0.3, 0.95],
  "spatial_constraint": null,
  "speaker_strict": null,
  "allocation": {
    "k_high_level": 8,
    "k_low_level": 10,
    "k_conversations": 32,
    "total_k": 50,
    "reasoning": "Concern about health is a high-level sentiment/relationship; use high-level edges for traits and sentiments, and conversations to confirm expressed concern. Low-level edges may show actions indicating concern (e.g., checking on Anna, calling a doctor)."
  }
}

Graph Search Results:
**High-Level Information (Character Attributes and Relationships): **

Character Relationships:
- Anna cooperates with Susan (90)
- Anna rivals with Susan (90)
- Anna supportive of Susan (80)
- Susan friendly with Anna (85)
- Anna friends with Susan (85)
- Anna shares the same coach as Susan (85)
- Anna competes with Susan (80)
- Anna is comfortable with Susan (75)

**Low-Level Information (Actions and Events): **

[1] Susan listens to Anna. (indoor table tennis room)
[1] Susan looks at Anna. (indoor table tennis room)
[9] Anna listens to Susan. (indoor table tennis court)
[16] Susan listens to Anna. (indoor table tennis court)
[16] Susan looks at Anna. (indoor table tennis court)
[17] Susan listens to Anna. (indoor ping-pong court)
[18] Susan listens to Anna. (indoor table tennis court)
[20] Anna looks toward Susan. (indoor ping pong court)
[38] Anna looks at Susan. (indoor ping-pong court)
[41] Anna listens to Susan. (indoor table tennis court)

**Conversations: **

Conversation 7: The group planned to reschedule a table tennis practice after Anna experienced low blood sugar, which Susan helped manage with chocolate. They decided to have dinner instead and discussed practicing with a robot in the meantime. Alice suggested dietary improvements, including eating before exercising and trying more meat. Susan continued practicing and asked for support items while Tom assisted.
[48] Anna: Oh, maybe we only can make an appointment next time to practice table tennis together.
[49] Susan: okay
[49] Susan: no worries, we live close, so we can just schedule another time
[49] Anna: um okay
[49] Alice: hi susan
[49] Anna: hi Alice
[49] Susan: hi
[49] Alice: how was your games
[49] Susan: we just enjoyed an interesting playing
[49] Susan: but Anna had blood sugar's dropping
[49] Susan: so I gave her a chocolate, and then now she feels better
[50] Alice: okay
[50] Susan: so we decided to have dinner
[50] Susan: yes I'll try
[50] Alice: you can try
[50] Susan: Tom, please take Anna's paddle with me
[51] Susan: please take Anna's paddle with me
[51] Susan: and then play a match
[51] Tom: yes madam
[51] Alice: and must eat
[51] Alice: before exercising
[51] Anna: yes
[52] Anna: next time i will to i will have some
[52] Alice: okay
[52] Anna: wow
[52] Anna: wow susan
[52] Alice: yeah? she often practices
[52] Alice: so she's improving so fast
[57] alice: what do you think about eating
[57] Anna: oh yeah good
[57] Anna: Susan
[57] Anna: maybe we can go out eating out, then we can eat out tonight
[57] Susan: wait a, wait a moment

Conversation 3: Anna and Susan discuss table tennis as an accessible, healthy activity and decide to play together. Anna's paddle is broken and may have been moved by her nephew, but Susan has spare paddles, allowing them to proceed. They include Tom as a judge and start a friendly game, adjusting pace and considering changing location.
[12] Anna: You only need two bats, and that one ball
[12] Anna: That can be used to do it
[12] Susan: yes I totally agree with you, you know, playing table tennis is good for our health
[13] Anna: yeah, and when I came out of my home
[13] Anna: I saw
[13] Anna: the grandparents are playing the table tennis together
[13] Anna: wow
[13] Susan: totally normal
[13] Susan: I often see people playing table tennis downstairs on weekends
[13] Anna: So the table tennis is really popular among people
[15] Anna: yeah
[15] Susan: let's take our paddles
[15] Anna: yes
[15] Anna: um let's go
[15] Anna: oh wait my paddle is broken
[17] Susan: Was someone at your house yesterday?
[17] Anna: Yesterday.
[17] Anna: Oh yes.
[17] Anna: My nephew came to my house.
[17] Anna: Umm, but I was too tired to go out.
[18] Susan: funny enough
[18] Susan: I instinctively prepared two paddles today
[18] Anna: wow that's you, Susan, okay
[18] Anna: thanks a lot
[18] Susan: so you can get it from my bag I left on the ground
[19] Anna: Let's get started
[19] Susan: okay
[19] Anna: oh Tom
[19] Anna: you can be the judge
[20] Susan: you can't
[20] Anna: just try your best
[20] Anna: wow, Susan, are you okay
[20] Anna: today
[21] Susan: be careful
[22] Anna: okay
[22] Anna: I'll make it slower
[23] Anna: I'll beat you today.
[24] Susan: interesting
[24] Anna: oh wait
[25] Susan: take care
[25] Anna: ya
[25] Anna: well
[25] Anna: okay maybe we can change the place
[25] Susan: change the place
[26] Anna: oh
[27] Anna: wow this ball is not bad
[27] Susan: of course
[28] Anna: hahaha

Conversation 4: Susan and Anna share brief positive reactions and agree to continue to a next round, suggesting an ongoing activity or game. Susan checks in by asking what's wrong, and Anna reassures her and requests a short pause.
[30] Anna: yeah
[30] Anna: me too
[31] Susan: hum fine
[31] Anna: wow
[31] Anna: wow give me one more four
[31] Susan: okay
[31] Anna: okay
[32] Susan: okay, the next round
[32] Susan: yeah
[33] Susan: what's wrong
[33] Anna: no worry
[34] Anna: wait a moment

Conversation 5: Anna becomes dizzy and hungry after skipping dinner while playing ball with Susan and Tom. Susan suggests pausing, offers chocolate, and proposes packing up to go eat; they agree to have barbecue together after a short break and consult a map to choose a place. Tom assists by handling equipment at Susan’s request. The group plans to head to a BBQ restaurant together.
[36] Anna: stop stop wait now
[36] Anna: just feel a little dizzy you know
[36] Susan: okay
[36] Susan: what's wrong
[36] Anna: oh
[36] Anna: actually
[36] Anna: i'm tired
[36] Anna: dizzy and hungry
[37] Susan: why didn't you have dinner ?
[37] Anna: oh you know i just want to play the ball with you
[37] Anna: i think maybe we don't need so much time
[41] Anna: um, i'm really sorry that you come here for nothing
[41] Susan: it isn't the waste, we are going to have dinner
[41] Anna: well
[41] Anna: Let me treat you
[41] Anna: And I have been looking at a barbecue for a long time

Conversation 1: Anna and Susan, who share the same coach, challenge each other to a rematch and agree to warm up first. They decide on hydration, with Anna choosing mineral water and Susan opting for a sports drink, and they order takeout. Tom agrees to handle the pickup.
[2] Anna: don't wanna pull a put muscle mid-game
[3] Anna: don't wanna pull a muscle mid-game
[3] Susan: oh alright
[3] Susan: we also need some water and sports drinks
[3] Anna: hmm okay
[4] Susan: okay I'd like to order takeout
[4] Anna: um
[4] Susan: see this? what about this?
[4] Anna: hmm no
[4] Susan: and this

[Step 2] Evaluating semantic answer...
Action: [Answer]
Content: Yes, Susan shows concern for Anna’s health by helping with her low blood sugar, offering chocolate, suggesting pauses, and planning dinner.
FINAL ANSWER (from graph):
Yes, Susan shows concern for Anna’s health by helping with her low blood sugar, offering chocolate, suggesting pauses, and planning dinner.
Question: Does Anna have a strong desire to win?

[Step 1] Searching the graph...
Parse Query Output:
{
  "query_triple": ["<Anna>", "desire to win", null, 0.95, 0.25, 0.1],
  "spatial_constraint": null,
  "speaker_strict": null,
  "allocation": {
    "k_high_level": 9,
    "k_low_level": 11,
    "k_conversations": 30,
    "total_k": 50,
    "reasoning": "Trait/attitude query about motivation; use high-level edges for attributes, conversations for evidence and intensity ('strong desire'), and some low-level actions that indicate striving to win."
  }
}

Graph Search Results:
**High-Level Information (Character Attributes and Relationships): **

Character Attributes:
- Anna is: female (100), pink sneakers (100), medium build (100), long dark hair tied back (100), wears glasses (100), carries pink backpack (100), loose light trousers (100), light pink short-sleeve top (100)

Character Relationships:
- Anna rivals with Susan (90)

**Low-Level Information (Actions and Events): **

[20] Anna encourages Susan. (indoor ping pong court)
[20] Anna drives ball cross-court. (indoor ping pong court)
[21] Anna continues rally. (indoor table tennis court)
[24] Anna needs moment. (indoor table tennis court)
[24] Anna keeps rallying. (indoor table tennis court)
[25] Anna is ready to play. (indoor table tennis court)
[32] Anna prepares to play. (indoor table tennis court)
[34] Anna rallies toward Susan. (indoor table tennis court)
[39] Anna reaches toward bench. (indoor table tennis court)
[59] Anna keeps in play ball. (indoor ping-pong court)
[63] Anna move toward bench. (indoor table tennis court)

**Conversations: **

Conversation 3: Anna and Susan discuss table tennis as an accessible, healthy activity and decide to play together. Anna's paddle is broken and may have been moved by her nephew, but Susan has spare paddles, allowing them to proceed. They include Tom as a judge and start a friendly game, adjusting pace and considering changing location.
[14] Anna: and then when we practice more ,and you'll make it better
[14] Susan: so what about, let's play a round first
[14] Anna: Of course
[14] Anna: let's take it
[14] Anna: umm
[15] Anna: yeah
[15] Susan: let's take our paddles
[15] Anna: yes
[15] Anna: um let's go
[15] Anna: oh wait my paddle is broken
[16] Anna: and i didn't touch it anymore
[16] Susan: think carefully, was the paddle moved? or did someone touch it?
[16] Anna: hmm yes um
[16] Anna: i just put it on my coffee table in the living room yesterday
[16] Anna: but today
[17] Susan: Was someone at your house yesterday?
[17] Anna: Yesterday.
[17] Anna: Oh yes.
[17] Anna: My nephew came to my house.
[17] Anna: Umm, but I was too tired to go out.
[19] Anna: you can be the judge
[19] Tom: okay
[19] Anna: go
[20] Anna: well? I will win you
[20] Susan: you can't
[20] Anna: just try your best
[20] Anna: wow, Susan, are you okay
[20] Anna: today
[22] Anna: okay
[22] Anna: I'll make it slower
[23] Anna: I'll beat you today.
[24] Susan: interesting
[24] Anna: oh wait
[25] Susan: take care
[25] Anna: ya
[25] Anna: well
[25] Anna: okay maybe we can change the place
[25] Susan: change the place
[26] Anna: oh
[27] Anna: wow this ball is not bad
[27] Susan: of course

Conversation 7: The group planned to reschedule a table tennis practice after Anna experienced low blood sugar, which Susan helped manage with chocolate. They decided to have dinner instead and discussed practicing with a robot in the meantime. Alice suggested dietary improvements, including eating before exercising and trying more meat. Susan continued practicing and asked for support items while Tom assisted.
[51] Alice: and must eat
[51] Alice: before exercising
[51] Anna: yes
[52] Anna: next time i will to i will have some
[52] Alice: okay
[53] Alice: practice more
[53] Alice: although she has made great progress
[53] Anna: yeah
[54] Susan: Tom, give me water, I need a sip
[54] robot: Roger that

Conversation 1: Anna and Susan, who share the same coach, challenge each other to a rematch and agree to warm up first. They decide on hydration, with Anna choosing mineral water and Susan opting for a sports drink, and they order takeout. Tom agrees to handle the pickup.
[1] Anna: go ahead
[1] Anna: umm
[1] Anna: well last time you won me
[1] Anna: but this time I practice more for a long time
[1] Anna: so you can't win me again
[1] Susan: I knew that you had practiced behind me back
[1] Susan: and I even asked the coach
[1] Susan: and you forget we have the same coach?
[2] Anna: Of course I knew that,
[2] Anna: I just wanted you practice more as me, so when I win you, and it won't feel like cheating.
[2] Susan: I beat you last time, so this time, there will be no different
[2] Anna: whatever
[2] Anna: Let's settle this on the table
[2] Susan: let's start
[2] Anna: fine
[2] Anna: oh, hold up, hmm maybe we need to warm up first
[2] Anna: don't wanna pull a put muscle mid-game
[3] Anna: don't wanna pull a muscle mid-game
[3] Susan: oh alright
[4] Anna: um
[4] Susan: see this? what about this?
[4] Anna: hmm no
[4] Susan: and this
[4] Anna: next one

Conversation 4: Susan and Anna share brief positive reactions and agree to continue to a next round, suggesting an ongoing activity or game. Susan checks in by asking what's wrong, and Anna reassures her and requests a short pause.
[30] Susan: I love it
[30] Anna: yeah
[30] Anna: me too
[31] Susan: hum fine
[31] Anna: wow

Conversation 5: Anna becomes dizzy and hungry after skipping dinner while playing ball with Susan and Tom. Susan suggests pausing, offers chocolate, and proposes packing up to go eat; they agree to have barbecue together after a short break and consult a map to choose a place. Tom assists by handling equipment at Susan’s request. The group plans to head to a BBQ restaurant together.
[36] Anna: oh
[36] Anna: stop stop wait now
[36] Anna: just feel a little dizzy you know
[36] Susan: what's wrong
[36] Anna: oh
[36] Anna: actually
[36] Anna: because today i don't have have dinner today so
[36] Anna: i'm tired
[38] Susan: don't push yourself or my win
[38] Susan: you know, won't count as fair
[38] Anna: no, i cannot beat you this time
[38] Susan: Tom
[39] Susan: please take two towels from my bag
[41] Anna: um, i'm really sorry that you come here for nothing
[41] Susan: it isn't the waste, we are going to have dinner
[41] Anna: well
[41] Anna: Let me treat you
[41] Anna: And I have been looking at a barbecue for a long time
[42] Anna: oh just let me
[42] Anna: have a short break and let's go together
[42] Anna: yeah
[42] Anna: maybe we can look at the map together
[42] Anna: yes, take my phone
[43] Susan: and have a try
[44] Anna: it's here
[44] Anna: right

Conversation 8: The group discussed Susan's performance, with Anna praising it and Alice offering constructive criticism about improving long-ball skills. Susan agreed to keep practicing. The conversation wrapped up with goodbyes and brief acknowledgments among the group.
[60] Susan: how was my playing?
[60] Anna: great
[60] Alice: Impressive but i think
[60] Alice: you should you should
[61] Alice: Such a good girl
[61] Alice: hmm if no more further needs I'll head out now
[61] Anna: yeah
[61] Alice: see you later
[61] Anna: see you

[Step 2] Evaluating semantic answer...
Action: [Answer]
Content: Yes, Anna shows a strong desire to win.
FINAL ANSWER (from graph):
Yes, Anna shows a strong desire to win.
Question: What's the relationship between Alice and Susan?

[Step 1] Searching the graph...
Parse Query Output:
{
  "query_triple": ["<Alice>", "relationship", "<Susan>", 0.95, 0.2, 0.95],
  "spatial_constraint": null,
  "speaker_strict": null,
  "allocation": {
    "k_high_level": 10,
    "k_low_level": 10,
    "k_conversations": 30,
    "total_k": 50,
    "reasoning": "Relationship query - emphasize high-level character relationships, supplement with conversations for context and evidence; minimal low-level actions needed."
  }
}

Graph Search Results:
**High-Level Information (Character Attributes and Relationships): **

Character Attributes:
- Alice is: female (100), glasses (100)
- Susan is: female (100), glasses (100)

Character Relationships:
- Susan cooperates with Alice (80)
- Alice is mentor of Susan (85)
- Alice mentor-like toward Susan (65)
- Susan respects Alice (70)
- Alice is friendly toward Susan (70)
- Alice leads Susan (65)

**Low-Level Information (Actions and Events): **

[5] Susan addresses Tom. (indoor ping-pong room)
[31] Susan says okay. (indoor table tennis court)
[33] Susan acknowledges <Anna>'s response. (indoor table tennis court)
[38] Susan places item. (indoor ping-pong court)
[56] Susan calls out to Tom. (indoor ping-pong court)
[59] Susan watches play. (indoor ping-pong court)
[61] Alice talks to Susan. (indoor ping-pong court)
[61] Susan listens to Alice. (indoor ping-pong court)
[61] Susan responds to Alice. (indoor ping-pong court)
[61] Alice waves back to Susan. (indoor ping-pong court)

**Conversations: **

Conversation 7: The group planned to reschedule a table tennis practice after Anna experienced low blood sugar, which Susan helped manage with chocolate. They decided to have dinner instead and discussed practicing with a robot in the meantime. Alice suggested dietary improvements, including eating before exercising and trying more meat. Susan continued practicing and asked for support items while Tom assisted.
[48] Anna: Oh, maybe we only can make an appointment next time to practice table tennis together.
[49] Susan: okay
[49] Susan: no worries, we live close, so we can just schedule another time
[49] Anna: um okay
[49] Anna: let's go
[49] Alice: hi susan
[49] Anna: hi Alice
[49] Susan: hi
[49] Alice: how was your games
[49] Susan: we just enjoyed an interesting playing
[49] Susan: but Anna had blood sugar's dropping
[49] Susan: so I gave her a chocolate, and then now she feels better
[50] Alice: okay
[50] Susan: so we decided to have dinner
[50] Susan: and then schedule another time
[51] Anna: yes
[52] Anna: next time i will to i will have some
[52] Alice: okay
[52] Anna: wow
[52] Anna: wow susan
[52] Alice: yeah? she often practices
[52] Alice: so she's improving so fast
[52] Alice: yeah? that's truth
[53] Alice: but
[53] Alice: I found susan is good at
[53] Alice: drop shots
[53] Alice: however, her long-ball talent is a little be weak
[54] Susan: Tom, give me water, I need a sip
[54] robot: Roger that
[55] Susan: thank you
[56] Susan: let's continue to play
[56] Susan: Tom
[56] Alice: what do you think about eating
[57] alice: what do you think about eating
[57] Anna: oh yeah good
[57] Anna: Susan
[57] Anna: maybe we can go out eating out, then we can eat out tonight
[57] Susan: wait a, wait a moment

Conversation 5: Anna becomes dizzy and hungry after skipping dinner while playing ball with Susan and Tom. Susan suggests pausing, offers chocolate, and proposes packing up to go eat; they agree to have barbecue together after a short break and consult a map to choose a place. Tom assists by handling equipment at Susan’s request. The group plans to head to a BBQ restaurant together.
[36] Anna: stop stop wait now
[36] Anna: just feel a little dizzy you know
[36] Susan: okay
[36] Susan: what's wrong
[36] Anna: oh
[36] Anna: actually
[36] Anna: i'm tired
[36] Anna: dizzy and hungry
[37] Susan: why didn't you have dinner ?
[37] Anna: oh you know i just want to play the ball with you
[37] Anna: i think maybe we don't need so much time
[38] Susan: you know, won't count as fair
[38] Anna: no, i cannot beat you this time
[38] Susan: Tom
[39] Susan: please take two towels from my bag
[39] Tom: yes madam

Conversation 3: Anna and Susan discuss table tennis as an accessible, healthy activity and decide to play together. Anna's paddle is broken and may have been moved by her nephew, but Susan has spare paddles, allowing them to proceed. They include Tom as a judge and start a friendly game, adjusting pace and considering changing location.
[18] Anna: if we don't have the paddle
[18] Anna: we can't play the table tennis together
[18] Susan: funny enough
[18] Susan: I instinctively prepared two paddles today
[18] Anna: wow that's you, Susan, okay
[18] Susan: so you can get it from my bag I left on the ground
[19] Anna: Let's get started
[19] Susan: okay
[19] Anna: oh Tom
[19] Anna: you can be the judge
[22] Anna: I'll make it slower
[23] Anna: I'll beat you today.
[24] Susan: interesting
[24] Anna: oh wait
[25] Susan: take care
[26] Anna: oh
[27] Anna: wow this ball is not bad
[27] Susan: of course
[28] Anna: hahaha

Conversation 4: Susan and Anna share brief positive reactions and agree to continue to a next round, suggesting an ongoing activity or game. Susan checks in by asking what's wrong, and Anna reassures her and requests a short pause.
[30] Anna: yeah
[30] Anna: me too
[31] Susan: hum fine
[31] Anna: wow
[31] Anna: wow give me one more four
[31] Susan: okay
[31] Anna: okay
[32] Susan: okay, the next round
[32] Susan: yeah
[33] Susan: what's wrong
[33] Anna: no worry
[34] Anna: wait a moment

Conversation 1: Anna and Susan, who share the same coach, challenge each other to a rematch and agree to warm up first. They decide on hydration, with Anna choosing mineral water and Susan opting for a sports drink, and they order takeout. Tom agrees to handle the pickup.
[2] Anna: don't wanna pull a put muscle mid-game
[3] Anna: don't wanna pull a muscle mid-game
[3] Susan: oh alright
[3] Susan: we also need some water and sports drinks
[3] Anna: hmm okay
[4] Susan: okay I'd like to order takeout
[4] Anna: um
[4] Susan: see this? what about this?
[4] Anna: hmm no
[4] Susan: and this
[4] Anna: next one
[4] Susan: oh look at this

Conversation 2: A brief exchange includes a robot offering drinks, which Anna and Susan acknowledge. Susan initiates a warm-up and instructs Tom to fetch a table tennis ball basket for later use, and Tom agrees.
[7] Anna: yeah thank you
[7] robot: a drink
[7] Susan: thank you
[8] Susan: let's continue to do some warming up
[8] Susan: oh I think, Tom,
[9] Susan: go and
[9] Susan: get table tennis ball basket from beside the chair
[9] Susan: we'll need it later

Conversation 8: The group discussed Susan's performance, with Anna praising it and Alice offering constructive criticism about improving long-ball skills. Susan agreed to keep practicing. The conversation wrapped up with goodbyes and brief acknowledgments among the group.
[61] Alice: umm is a little bit weak.
[61] Susan: okay I'll keep practicing and go there often
[61] Alice: Such a good girl
[61] Alice: hmm if no more further needs I'll head out now
[61] Anna: yeah

[Step 2] Evaluating semantic answer...
Action: [Answer]
Content: Alice is Susan’s mentor.
FINAL ANSWER (from graph):
Alice is Susan’s mentor.
Question: Does Susan do things with persistence?

[Step 1] Searching the graph...
Parse Query Output:
{
  "query_triple": ["<Susan>", "persistent", null, 0.95, 0.25, 0.1],
  "spatial_constraint": null,
  "speaker_strict": null,
  "allocation": {
    "k_high_level": 9,
    "k_low_level": 16,
    "k_conversations": 25,
    "total_k": 50,
    "reasoning": "Trait assessment query about persistence. Use high-level edges for character attributes, supplement with low-level action patterns and conversations for evidence of persistent behavior or statements."
  }
}

Graph Search Results:
**High-Level Information (Character Attributes and Relationships): **

Character Attributes:
- Susan is: female (100), medium build (100), black pants (100), long dark hair in ponytail (100), white short-sleeve top (100), white sneakers (100), glasses (100), organized (90), supportive (90)

**Low-Level Information (Actions and Events): **

[8] Susan continues warm-up. (indoor table tennis gym)
[16] Susan holds paddle. (indoor table tennis court)
[17] Susan holds red ping-pong paddle. (indoor ping-pong court)
[18] Susan holds red paddle. (indoor table tennis court)
[19] Susan holds red paddle. (indoor table tennis court)
[19] Susan holds paddle. (indoor table tennis court)
[19] Susan holds ball. (indoor table tennis court)
[20] Susan holds red paddle. (indoor ping pong court)
[20] Susan attempts backhand. (indoor ping pong court)
[23] Susan maintains rally. (indoor table tennis court)
[25] Susan repeats suggestion to change the place. (indoor table tennis court)
[28] Susan resets rally. (indoor ping-pong court)
[29] Susan keeps rally. (indoor table tennis court)
[30] Susan continues rally. (indoor ping pong court)
[31] Susan stops ball. (indoor table tennis court)
[43] Susan holds phone. (indoor table tennis court)

**Conversations: **

Conversation 3: Anna and Susan discuss table tennis as an accessible, healthy activity and decide to play together. Anna's paddle is broken and may have been moved by her nephew, but Susan has spare paddles, allowing them to proceed. They include Tom as a judge and start a friendly game, adjusting pace and considering changing location.
[13] Anna: the grandparents are playing the table tennis together
[13] Anna: wow
[13] Susan: totally normal
[13] Susan: I often see people playing table tennis downstairs on weekends
[13] Anna: So the table tennis is really popular among people
[13] Susan: yeah, and, but for us we still, if we want to improve our technique
[14] Susan: we require some skills
[14] Anna: umm well, When we learn some skills well
[14] Anna: and then when we practice more ,and you'll make it better
[18] Anna: if we don't have the paddle
[18] Anna: we can't play the table tennis together
[18] Susan: funny enough
[18] Susan: I instinctively prepared two paddles today
[18] Anna: wow that's you, Susan, okay
[18] Susan: so you can get it from my bag I left on the ground
[19] Anna: Let's get started
[19] Susan: okay
[19] Anna: oh Tom
[19] Anna: you can be the judge
[22] Anna: I'll make it slower
[23] Anna: I'll beat you today.
[24] Susan: interesting
[24] Anna: oh wait
[25] Susan: take care
[26] Anna: oh
[27] Anna: wow this ball is not bad
[27] Susan: of course
[28] Anna: hahaha

Conversation 1: Anna and Susan, who share the same coach, challenge each other to a rematch and agree to warm up first. They decide on hydration, with Anna choosing mineral water and Susan opting for a sports drink, and they order takeout. Tom agrees to handle the pickup.
[2] Anna: whatever
[2] Anna: Let's settle this on the table
[2] Susan: let's start
[2] Anna: fine
[2] Anna: oh, hold up, hmm maybe we need to warm up first
[2] Anna: don't wanna pull a put muscle mid-game
[3] Anna: don't wanna pull a muscle mid-game
[3] Susan: oh alright
[3] Susan: we also need some water and sports drinks
[3] Anna: hmm okay
[4] Susan: okay I'd like to order takeout
[4] Anna: um
[4] Susan: see this? what about this?
[4] Anna: hmm no
[4] Susan: and this

Conversation 7: The group planned to reschedule a table tennis practice after Anna experienced low blood sugar, which Susan helped manage with chocolate. They decided to have dinner instead and discussed practicing with a robot in the meantime. Alice suggested dietary improvements, including eating before exercising and trying more meat. Susan continued practicing and asked for support items while Tom assisted.
[48] Anna: Oh, maybe we only can make an appointment next time to practice table tennis together.
[49] Susan: okay
[49] Susan: no worries, we live close, so we can just schedule another time
[49] Anna: um okay
[49] Anna: let's go
[49] Alice: hi susan
[49] Anna: hi Alice
[49] Susan: hi
[49] Alice: how was your games
[49] Susan: we just enjoyed an interesting playing
[50] Alice: so why don't you practice with the robot
[50] Anna: wow it's a good idea
[50] Susan: yes I'll try
[50] Alice: you can try
[50] Susan: Tom, please take Anna's paddle with me
[52] Alice: yeah? that's truth
[53] Alice: but
[53] Alice: I found susan is good at
[53] Alice: drop shots
[53] Alice: however, her long-ball talent is a little be weak
[54] robot: Roger that
[55] Susan: thank you
[56] Susan: let's continue to play
[56] Susan: Tom
[56] Alice: what do you think about eating
[57] alice: what do you think about eating
[57] Anna: Susan
[57] Anna: maybe we can go out eating out, then we can eat out tonight
[57] Susan: wait a, wait a moment
[57] Anna: okay
[57] alice: in my opinion, you two can try more meat

Conversation 4: Susan and Anna share brief positive reactions and agree to continue to a next round, suggesting an ongoing activity or game. Susan checks in by asking what's wrong, and Anna reassures her and requests a short pause.
[31] Anna: wow
[31] Anna: wow give me one more four
[31] Susan: okay
[31] Anna: okay
[32] Susan: okay, the next round
[32] Susan: yeah
[33] Susan: what's wrong
[33] Anna: no worry

Conversation 5: Anna becomes dizzy and hungry after skipping dinner while playing ball with Susan and Tom. Susan suggests pausing, offers chocolate, and proposes packing up to go eat; they agree to have barbecue together after a short break and consult a map to choose a place. Tom assists by handling equipment at Susan’s request. The group plans to head to a BBQ restaurant together.
[36] Anna: stop stop wait now
[36] Anna: just feel a little dizzy you know
[36] Susan: okay
[36] Susan: what's wrong
[36] Anna: oh
[37] Susan: and next we'll pack up, and then we'll go to have dinner
[38] Anna: no, let's continue
[38] Susan: don't push yourself or my win
[38] Susan: you know, won't count as fair
[38] Anna: no, i cannot beat you this time
[38] Susan: Tom
[39] Susan: please take two towels from my bag
[39] Tom: yes madam
[43] Anna: oh how about this
[43] Anna: I think it will be very delicious
[43] Susan: and have a try
[44] Anna: it's here
[44] Anna: right

Conversation 2: A brief exchange includes a robot offering drinks, which Anna and Susan acknowledge. Susan initiates a warm-up and instructs Tom to fetch a table tennis ball basket for later use, and Tom agrees.
[8] Susan: let's continue to do some warming up
[8] Susan: oh I think, Tom,
[9] Susan: go and
[9] Susan: get table tennis ball basket from beside the chair
[9] Susan: we'll need it later

Conversation 8: The group discussed Susan's performance, with Anna praising it and Alice offering constructive criticism about improving long-ball skills. Susan agreed to keep practicing. The conversation wrapped up with goodbyes and brief acknowledgments among the group.
[61] Alice: talent
[61] Alice: umm is a little bit weak.
[61] Susan: okay I'll keep practicing and go there often
[61] Alice: Such a good girl
[61] Alice: hmm if no more further needs I'll head out now

[Step 2] Evaluating semantic answer...
Action: [Answer]
Content: Yes, Susan does things with persistence.
FINAL ANSWER (from graph):
Yes, Susan does things with persistence.
Question: Do both Anna and Susan emphasize the fairness of the contest?

[Step 1] Searching the graph...
Parse Query Output:
{
  "query_triple": ["<Anna>", "emphasizes", "fairness of the contest", 0.95, 0.3, 0.8],
  "spatial_constraint": null,
  "speaker_strict": ["<Anna>", "<Susan>"],
  "allocation": {
    "k_high_level": 5,
    "k_low_level": 10,
    "k_conversations": 35,
    "total_k": 50,
    "reasoning": "This is a dialogue/evidence question about emphasis on fairness; prioritize conversations from Anna and Susan. Include some high-level edges for traits/stances and a few low-level edges for actions like 'states', 'asserts', or 'emphasizes' in scenes."
  }
}

Graph Search Results:
**High-Level Information (Character Attributes and Relationships): **

Character Attributes:
- Anna is: wears glasses (100)

Character Relationships:
- Alice supports Anna (80)
- Anna is friend with Alice (95)
- Anna cooperates with Susan (90)
- Anna rivals with Susan (90)

**Low-Level Information (Actions and Events): **

[2] Anna gestures toward ping-pong table. (indoor table tennis room)
[9] Anna is on court edge. (indoor table tennis court)
[12] Anna points toward ping-pong table. (indoor table tennis court)
[21] Anna picks up loose ball. (indoor table tennis court)
[22] Anna starts short rally. (indoor table tennis court)
[29] Anna keeps rally. (indoor table tennis court)
[32] Anna agrees to start next round. (indoor table tennis court)
[38] Anna suggests continuing the game. (indoor ping-pong court)
[58] Anna picks up loose ball. (indoor ping-pong court)
[63] Anna walk onto court. (indoor table tennis court)

**Conversations: **

Conversation 7: The group planned to reschedule a table tennis practice after Anna experienced low blood sugar, which Susan helped manage with chocolate. They decided to have dinner instead and discussed practicing with a robot in the meantime. Alice suggested dietary improvements, including eating before exercising and trying more meat. Susan continued practicing and asked for support items while Tom assisted.
[48] Anna: Oh, maybe we only can make an appointment next time to practice table tennis together.
[49] Susan: okay
[49] Susan: no worries, we live close, so we can just schedule another time
[49] Anna: um okay
[49] Susan: hi
[49] Alice: how was your games
[49] Susan: we just enjoyed an interesting playing
[49] Susan: but Anna had blood sugar's dropping
[49] Susan: so I gave her a chocolate, and then now she feels better
[50] Alice: okay
[50] Alice: you can try
[50] Susan: Tom, please take Anna's paddle with me
[51] Susan: please take Anna's paddle with me
[51] Susan: and then play a match
[51] Tom: yes madam
[51] Alice: yeah we can help you
[51] Alice: and must eat
[51] Alice: before exercising
[51] Anna: yes
[52] Anna: next time i will to i will have some
[52] Alice: okay
[52] Anna: wow
[52] Anna: wow susan
[52] Alice: yeah? she often practices
[52] Alice: so she's improving so fast
[54] robot: Roger that
[55] Susan: thank you
[56] Susan: let's continue to play
[56] Susan: Tom
[56] Alice: what do you think about eating
[57] alice: what do you think about eating
[57] Anna: oh yeah good
[57] Anna: Susan
[57] Anna: maybe we can go out eating out, then we can eat out tonight
[57] Susan: wait a, wait a moment

Conversation 5: Anna becomes dizzy and hungry after skipping dinner while playing ball with Susan and Tom. Susan suggests pausing, offers chocolate, and proposes packing up to go eat; they agree to have barbecue together after a short break and consult a map to choose a place. Tom assists by handling equipment at Susan’s request. The group plans to head to a BBQ restaurant together.
[36] Anna: stop stop wait now
[36] Anna: just feel a little dizzy you know
[36] Susan: okay
[36] Susan: what's wrong
[36] Anna: oh
[37] Susan: and next we'll pack up, and then we'll go to have dinner
[38] Anna: no, let's continue
[38] Susan: don't push yourself or my win
[38] Susan: you know, won't count as fair
[38] Anna: no, i cannot beat you this time
[38] Susan: Tom
[43] Anna: oh how about this
[43] Anna: I think it will be very delicious
[43] Susan: and have a try
[44] Anna: it's here
[44] Anna: right

Conversation 3: Anna and Susan discuss table tennis as an accessible, healthy activity and decide to play together. Anna's paddle is broken and may have been moved by her nephew, but Susan has spare paddles, allowing them to proceed. They include Tom as a judge and start a friendly game, adjusting pace and considering changing location.
[14] Anna: umm well, When we learn some skills well
[14] Anna: and then when we practice more ,and you'll make it better
[14] Susan: so what about, let's play a round first
[14] Anna: Of course
[14] Anna: let's take it
[14] Anna: umm
[15] Anna: yeah
[15] Susan: let's take our paddles
[15] Anna: yes
[15] Anna: um let's go
[15] Anna: oh wait my paddle is broken
[17] Susan: Was someone at your house yesterday?
[17] Anna: Yesterday.
[17] Anna: Oh yes.
[17] Anna: My nephew came to my house.
[17] Anna: Umm, but I was too tired to go out.
[18] Anna: if we don't have the paddle
[18] Anna: we can't play the table tennis together
[18] Susan: funny enough
[18] Susan: I instinctively prepared two paddles today
[18] Anna: wow that's you, Susan, okay
[18] Anna: thanks a lot
[18] Susan: so you can get it from my bag I left on the ground
[19] Anna: Let's get started
[19] Susan: okay
[19] Anna: oh Tom
[19] Anna: you can be the judge
[19] Tom: okay
[19] Anna: go
[20] Anna: well? I will win you
[20] Susan: you can't
[20] Anna: just try your best
[20] Anna: wow, Susan, are you okay
[20] Anna: today
[21] Susan: be careful
[22] Anna: okay
[22] Anna: I'll make it slower
[23] Anna: I'll beat you today.
[24] Susan: interesting
[24] Anna: oh wait
[26] Anna: oh
[27] Anna: wow this ball is not bad
[27] Susan: of course
[28] Anna: hahaha

Conversation 1: Anna and Susan, who share the same coach, challenge each other to a rematch and agree to warm up first. They decide on hydration, with Anna choosing mineral water and Susan opting for a sports drink, and they order takeout. Tom agrees to handle the pickup.
[1] Anna: go ahead
[1] Anna: umm
[1] Anna: well last time you won me
[1] Anna: but this time I practice more for a long time
[1] Anna: so you can't win me again
[1] Susan: I knew that you had practiced behind me back
[1] Susan: and I even asked the coach
[1] Susan: and you forget we have the same coach?
[2] Anna: Of course I knew that,
[2] Anna: I just wanted you practice more as me, so when I win you, and it won't feel like cheating.
[2] Susan: I beat you last time, so this time, there will be no different
[2] Anna: whatever
[2] Anna: Let's settle this on the table
[2] Susan: let's start
[2] Anna: fine
[4] Susan: okay I'd like to order takeout
[4] Anna: um
[4] Susan: see this? what about this?
[4] Anna: hmm no
[4] Susan: and this

Conversation 4: Susan and Anna share brief positive reactions and agree to continue to a next round, suggesting an ongoing activity or game. Susan checks in by asking what's wrong, and Anna reassures her and requests a short pause.
[31] Anna: wow
[31] Anna: wow give me one more four
[31] Susan: okay
[31] Anna: okay
[32] Susan: okay, the next round
[32] Susan: yeah
[33] Susan: what's wrong

[Step 2] Evaluating semantic answer...
Action: [Answer]
Content: No—only Susan emphasizes fairness, telling Anna that pushing herself would make her win unfair, while Anna does not.
FINAL ANSWER (from graph):
No—only Susan emphasizes fairness, telling Anna that pushing herself would make her win unfair, while Anna does not.
Question: How many times do Susan and Anna change place when playing table tennis?

[Step 1] Searching the graph...
Parse Query Output:
{
  "query_triple": ["<Susan>", "changes place with", "<Anna>", 0.95, 0.3, 0.95],
  "spatial_constraint": "table tennis area",
  "speaker_strict": null,
  "allocation": {
    "k_high_level": 5,
    "k_low_level": 40,
    "k_conversations": 5,
    "total_k": 50,
    "reasoning": "Action-frequency query about swapping positions during a specific activity. Prioritize low-level edges to track each 'change place' or 'switch sides' event around the table tennis scene. Minimal need for conversations; a few may confirm verbal cues like 'switch' calls. Limited high-level edges may capture activity context (playing together)."
  }
}

Graph Search Results:
**High-Level Information (Character Attributes and Relationships): **

Character Relationships:
- Anna rivals with Susan (90)
- Anna cooperates with Susan (90)
- Anna friends with Susan (85)
- Anna competes with Susan (80)
- Susan friendly with Anna (85)

**Low-Level Information (Actions and Events): **

[1] Anna stands beside Susan. (indoor table tennis room)
[1] Anna sits next to Susan. (indoor table tennis room)
[1] Susan listens to Anna. (indoor table tennis room)
[1] Susan looks at Anna. (indoor table tennis room)
[1] Susan talks to Anna. (indoor table tennis room)
[2] Susan sits beside Anna. (indoor table tennis room)
[2] Anna talks to Susan. (indoor table tennis room)
[2] Susan looks toward Anna. (indoor table tennis room)
[2] Susan stands up next to Anna. (indoor table tennis room)
[3] Susan stands beside Anna. (indoor table tennis court)
[3] Anna talks to Susan. (indoor table tennis court)
[9] Anna stands beside Susan. (indoor table tennis court)
[11] Susan stands beside Anna. (indoor table tennis court)
[12] Susan stands to the right of Anna. (indoor table tennis court)
[13] Anna stands beside Susan. (indoor table tennis court)
[16] Anna stands next to Susan. (indoor table tennis court)
[16] Susan looks at Anna. (indoor table tennis court)
[16] Susan asks Anna. (indoor table tennis court)
[16] Anna responds to Susan. (indoor table tennis court)
[18] Susan stands next to Anna. (indoor table tennis court)
[18] Anna talks to Susan. (indoor table tennis court)
[18] Anna asks Susan. (indoor table tennis court)
[18] Susan hands toward Anna. (indoor table tennis court)
[19] Susan talks to Anna. (indoor table tennis court)
[19] Anna signals go to Susan. (indoor table tennis court)
[21] Anna exchanges shot back and forth Susan. (indoor table tennis court)
[22] Susan exchanges controlled hit with Anna. (indoor table tennis court)
[24] Susan returns toward Anna. (indoor table tennis court)
[26] Anna returns toward Susan. (indoor table tennis court)
[31] Anna returns toward Susan. (indoor table tennis court)
[31] Anna gestures left hand toward Susan. (indoor table tennis court)
[33] Susan asks Anna. (indoor table tennis court)
[33] Susan returns toward Anna. (indoor table tennis court)
[36] Susan stays next to Anna. (indoor table tennis court)
[41] Susan talks with Anna. (indoor table tennis court)
[42] Susan offers hand to Anna. (indoor table tennis court)
[42] Anna takes hand Susan. (indoor table tennis court)
[43] Susan stands beside Anna. (indoor table tennis court)
[43] Anna stands next to Susan. (indoor table tennis court)
[55] Anna sits next to Susan. (indoor table tennis court)

**Conversations: **

Conversation 7: The group planned to reschedule a table tennis practice after Anna experienced low blood sugar, which Susan helped manage with chocolate. They decided to have dinner instead and discussed practicing with a robot in the meantime. Alice suggested dietary improvements, including eating before exercising and trying more meat. Susan continued practicing and asked for support items while Tom assisted.
[50] Susan: Tom, please take Anna's paddle with me
[51] Susan: please take Anna's paddle with me
[51] Susan: and then play a match
[51] Tom: yes madam
[51] Alice: yeah we can help you
[57] alice: what do you think about eating
[57] Anna: oh yeah good
[57] Anna: Susan
[57] Anna: maybe we can go out eating out, then we can eat out tonight
[57] Susan: wait a, wait a moment

Conversation 3: Anna and Susan discuss table tennis as an accessible, healthy activity and decide to play together. Anna's paddle is broken and may have been moved by her nephew, but Susan has spare paddles, allowing them to proceed. They include Tom as a judge and start a friendly game, adjusting pace and considering changing location.
[11] Anna: well you know the table tennis is really??? actually
[12] Anna: it's really suitable for ordinary people
[12] Anna: and you know
[13] Anna: yeah, and when I came out of my home
[13] Anna: I saw
[13] Anna: the grandparents are playing the table tennis together
[13] Anna: wow
[13] Susan: totally normal
[18] Anna: so what should we do now
[18] Anna: if we don't have the paddle
[18] Anna: we can't play the table tennis together
[18] Susan: funny enough
[18] Susan: I instinctively prepared two paddles today

[Step 2] Evaluating semantic answer...
Action: [Search]
Content: [21, 22, 24, 26, 31, 33, 41, 42, 43, 55]
Summary: The graph shows Susan and Anna engaging in rallies and interactions on the indoor table tennis court across clips 21–55, but it does not explicitly record instances of changing places/positions; visual confirmation is needed to count how many times they switch sides or positions while playing.

[Step 3] Watching video clips: [21, 22, 24, 26, 31, 33, 41, 42, 43, 55]

   Processing clip 21 (1/10)...
Question: Which takeout should be taken to Susan?

[Step 1] Searching the graph...
Parse Query Output:
{
  "query_triple": ["null", "deliver takeout to", "<Susan>", 0.2, 0.3, 0.95],
  "spatial_constraint": null,
  "speaker_strict": null,
  "allocation": {
    "k_high_level": 5,
    "k_low_level": 35,
    "k_conversations": 10,
    "total_k": 50,
    "reasoning": "Action-focused query about which takeout is intended for Susan; prioritize low-level edges for delivery/intended recipient actions and include some conversations for instructions or mentions."
  }
}

Graph Search Results:
**High-Level Information (Character Attributes and Relationships): **

Character Attributes:
- Susan is: long dark hair in ponytail (100)

Character Relationships:
- Anna cooperates with Susan (90)
- Susan receives assistance from Tom (85)
- Anna rivals with Susan (90)
- Susan friendly with Anna (85)

**Low-Level Information (Actions and Events): **

[1] Susan carries phone. (indoor table tennis room)
[2] Susan walks toward table. (indoor table tennis room)
[4] Susan mentions ordering takeout to Anna. (indoor ping pong court)
[15] Susan takes out table tennis paddle. (indoor ping-pong court)
[15] Susan steps closer to table. (indoor ping-pong court)
[19] Susan waits near table. (indoor table tennis court)
[20] Susan serves ping pong ball. (indoor ping pong court)
[22] Susan reaches return. (indoor table tennis court)
[22] Susan prepares serve with orange ball. (indoor table tennis court)
[23] Susan serves ball. (indoor table tennis court)
[25] Susan walks to table. (indoor table tennis court)
[25] Susan walks to opposite side of table. (indoor table tennis court)
[27] Susan serves soft ball. (indoor ping pong court)
[28] Susan serves Anna. (indoor ping-pong court)
[30] Susan serves ball. (indoor ping pong court)
[31] Susan picks up from loose ping-pong ball. (indoor table tennis court)
[31] Susan reaches over table. (indoor table tennis court)
[32] Susan returns serve over net. (indoor table tennis court)
[32] Susan picks up from ball. (indoor table tennis court)
[32] Susan rally across net. (indoor table tennis court)
[33] Susan returns across net. (indoor table tennis court)
[34] Susan stays near corner of table. (indoor table tennis court)
[36] Susan serves across ping pong ball. (indoor table tennis court)
[36] Susan walks around toward table. (indoor table tennis court)
[37] Susan walks to bench area. (indoor table tennis court)
[38] Susan places item. (indoor ping-pong court)
[42] Susan walks from bench. (indoor table tennis court)
[42] Susan offers hand to Anna. (indoor table tennis court)
[55] robot carries back toward Susan. (indoor table tennis court)
[56] Susan calls out to Tom. (indoor ping-pong court)
[56] Susan serves ball. (indoor ping-pong court)
[56] Susan walks to corner. (indoor ping-pong court)
[56] Susan returns to position. (indoor ping-pong court)
[60] Susan is near net. (indoor table tennis court)
[60] Susan serves ball. (indoor table tennis court)

**Conversations: **

Conversation 1: Anna and Susan, who share the same coach, challenge each other to a rematch and agree to warm up first. They decide on hydration, with Anna choosing mineral water and Susan opting for a sports drink, and they order takeout. Tom agrees to handle the pickup.
[3] Susan: you never drink sports soda, and just mineral water
[4] Anna: yeah, i don't um, i just like water. i don't like the flavored drinks anymore
[4] Susan: okay I'd like to order takeout
[4] Anna: um
[4] Susan: see this? what about this?
[5] Susan: okay it's my turn
[5] Susan: I'd like to order a sport drink? oh I find it, I find it
[5] Susan: Tom I have ordered the takeout so can you take them for us?
[5] Tom: Roger that

Conversation 3: Anna and Susan discuss table tennis as an accessible, healthy activity and decide to play together. Anna's paddle is broken and may have been moved by her nephew, but Susan has spare paddles, allowing them to proceed. They include Tom as a judge and start a friendly game, adjusting pace and considering changing location.
[18] Susan: so you can get it from my bag I left on the ground
[19] Anna: Let's get started
[19] Susan: okay
[19] Anna: oh Tom
[19] Anna: you can be the judge
[24] Susan: interesting
[24] Anna: oh wait
[25] Susan: take care
[25] Anna: ya
[25] Anna: well
[25] Anna: okay maybe we can change the place
[25] Susan: change the place
[26] Anna: oh
[27] Anna: wow this ball is not bad
[27] Susan: of course
[28] Anna: hahaha

Conversation 5: Anna becomes dizzy and hungry after skipping dinner while playing ball with Susan and Tom. Susan suggests pausing, offers chocolate, and proposes packing up to go eat; they agree to have barbecue together after a short break and consult a map to choose a place. Tom assists by handling equipment at Susan’s request. The group plans to head to a BBQ restaurant together.
[36] Anna: i'm tired
[36] Anna: dizzy and hungry
[37] Susan: why didn't you have dinner ?
[37] Anna: oh you know i just want to play the ball with you
[37] Anna: i think maybe we don't need so much time
[37] Anna: after that we can have dinner together
[37] Susan: eat this chocolate to fill your stomach
[37] Anna: thank you
[37] Susan: and next we'll pack up, and then we'll go to have dinner
[38] Anna: no, i cannot beat you this time
[38] Susan: Tom
[39] Susan: please take two towels from my bag
[39] Tom: yes madam
[40] Anna: okay thanks a lot

Conversation 7: The group planned to reschedule a table tennis practice after Anna experienced low blood sugar, which Susan helped manage with chocolate. They decided to have dinner instead and discussed practicing with a robot in the meantime. Alice suggested dietary improvements, including eating before exercising and trying more meat. Susan continued practicing and asked for support items while Tom assisted.
[49] Susan: so I gave her a chocolate, and then now she feels better
[50] Alice: okay
[50] Susan: so we decided to have dinner
[50] Susan: and then schedule another time
[50] Alice: so why don't you practice with the robot

[Step 2] Evaluating semantic answer...
Action: [Answer]
Content: The sports drink takeout should be taken to Susan.
FINAL ANSWER (from graph):
The sports drink takeout should be taken to Susan.
Question: Where should the robot place the table tennis balls?

[Step 1] Searching the graph...
Parse Query Output:
{
  "query_triple": ["<robot>", "should place", "table tennis balls", 0.95, 0.25, 0.8],
  "spatial_constraint": null,
  "speaker_strict": null,
  "allocation": {
    "k_high_level": 6,
    "k_low_level": 34,
    "k_conversations": 10,
    "total_k": 50,
    "reasoning": "Action/spatial instruction query—use low-level edges to find prior placements or location rules; a few high-level edges for general guidelines; some conversations for explicit instructions mentioned in dialogue."
  }
}

Graph Search Results:
**High-Level Information (Character Attributes and Relationships): **

Character Attributes:
- robot is: camera holder (100), no visible face (100), black gloves (100), service-oriented (95)

Character Relationships:
- Susan is collaborator with robot (85)
- character_1 is practice partner of robot (85)

**Low-Level Information (Actions and Events): **

[6] robot returns to table tennis area. (indoor table tennis court)
[7] robot approaches nearest ping-pong table. (indoor table tennis hall)
[7] robot has ping-pong ball. (indoor table tennis hall)
[8] robot pans across purple table tennis table. (indoor table tennis gym)
[9] robot approaches bench with orange table tennis ball. (indoor table tennis court)
[10] robot walks toward purple ping-pong table. (indoor ping-pong court)
[10] robot faces across ping-pong table. (indoor ping-pong court)
[40] robot walks toward ping pong table. (indoor ping pong court)
[43] robot walks toward scattered table tennis ball. (indoor table tennis court)
[43] robot picks up plastic container of table tennis ball. (indoor table tennis court)
[43] robot collects loose table tennis ball. (indoor table tennis court)
[43] robot moves ball basket. (indoor table tennis court)
[44] robot picks up with left hand ball. (indoor table tennis court)
[44] robot collects ball. (indoor table tennis court)
[44] robot places ball. (indoor table tennis court)
[44] robot picks up ball near table leg. (indoor table tennis court)
[44] robot adds ball. (indoor table tennis court)
[44] robot lifts ball. (indoor table tennis court)
[44] robot puts ball. (indoor table tennis court)
[44] robot looks at remaining ball on floor. (indoor table tennis court)
[45] robot picks up loose ping pong ball. (indoor table tennis court)
[45] robot turns toward ping pong table. (indoor table tennis court)
[46] robot pans between two ping-pong table. (indoor ping-pong court)
[47] robot places into green packet. (indoor ping-pong court)
[47] robot places into beige packet. (indoor ping-pong court)
[47] robot glances toward ping-pong table. (indoor ping-pong court)
[48] robot films ping-pong table. (indoor table tennis court)
[51] robot stands near ping-pong table. (indoor ping-pong court)
[51] robot walks toward ping-pong paddle. (indoor ping-pong court)
[51] robot picks up ping-pong paddle. (indoor ping-pong court)
[51] robot holds ping-pong paddle. (indoor ping-pong court)
[51] robot faces ping-pong table. (indoor ping-pong court)
[52] robot returns ball. (indoor ping-pong court)
[52] robot hits back ball. (indoor ping-pong court)

**Conversations: **

Conversation 2: A brief exchange includes a robot offering drinks, which Anna and Susan acknowledge. Susan initiates a warm-up and instructs Tom to fetch a table tennis ball basket for later use, and Tom agrees.
[8] Susan: oh I think, Tom,
[9] Susan: go and
[9] Susan: get table tennis ball basket from beside the chair
[9] Susan: we'll need it later
[9] Tom: Roger that

Conversation 5: Anna becomes dizzy and hungry after skipping dinner while playing ball with Susan and Tom. Susan suggests pausing, offers chocolate, and proposes packing up to go eat; they agree to have barbecue together after a short break and consult a map to choose a place. Tom assists by handling equipment at Susan’s request. The group plans to head to a BBQ restaurant together.
[42] Anna: yes, take my phone
[42] Anna: umm
[42] Susan: and Tom, please pick up table tennis balls
[43] Susan: and then put the ball basket back where it was
[43] Tom: Roger that
[43] Anna: oh how about this

Conversation 3: Anna and Susan discuss table tennis as an accessible, healthy activity and decide to play together. Anna's paddle is broken and may have been moved by her nephew, but Susan has spare paddles, allowing them to proceed. They include Tom as a judge and start a friendly game, adjusting pace and considering changing location.
[11] Anna: well you know the table tennis is really??? actually
[12] Anna: it's really suitable for ordinary people
[12] Anna: and you know
[12] Anna: the table tennis is really suitable for ordinary people to practice
[12] Anna: umm yeah it's fine for us. you only need
[12] Anna: only need
[13] Anna: wow
[13] Susan: totally normal
[13] Susan: I often see people playing table tennis downstairs on weekends
[13] Anna: So the table tennis is really popular among people
[13] Susan: yeah, and, but for us we still, if we want to improve our technique
[18] Anna: so what should we do now
[18] Anna: if we don't have the paddle
[18] Anna: we can't play the table tennis together
[18] Susan: funny enough
[18] Susan: I instinctively prepared two paddles today

Conversation 7: The group planned to reschedule a table tennis practice after Anna experienced low blood sugar, which Susan helped manage with chocolate. They decided to have dinner instead and discussed practicing with a robot in the meantime. Alice suggested dietary improvements, including eating before exercising and trying more meat. Susan continued practicing and asked for support items while Tom assisted.
[50] Susan: so we decided to have dinner
[50] Susan: and then schedule another time
[50] Alice: so why don't you practice with the robot
[50] Anna: wow it's a good idea
[50] Susan: yes I'll try
[53] Alice: but
[53] Alice: I found susan is good at
[53] Alice: drop shots
[53] Alice: however, her long-ball talent is a little be weak
[53] Alice: so I think she need to
[53] Anna: yeah
[54] Susan: Tom, give me water, I need a sip
[54] robot: Roger that
[55] Susan: thank you
[56] Susan: let's continue to play

[Step 2] Evaluating semantic answer...
Action: [Answer]
Content: In the ball basket beside the chair.
FINAL ANSWER (from graph):
In the ball basket beside the chair.
Question: Where should the robot place the towels?

[Step 1] Searching the graph...
Parse Query Output:
{
  "query_triple": ["<robot>", "should place", "towels", 0.95, 0.3, 0.8],
  "spatial_constraint": null,
  "speaker_strict": null,
  "allocation": {
    "k_high_level": 5,
    "k_low_level": 38,
    "k_conversations": 7,
    "total_k": 50,
    "reasoning": "Location/action instruction query—focus on low-level edges to find prior actions or states indicating where towels are placed or expected to be placed; small conversations budget for verbal instructions; minimal high-level usage."
  }
}

Graph Search Results:
**High-Level Information (Character Attributes and Relationships): **

Character Attributes:
- robot is: camera holder (100), no visible face (100), black gloves (100)

Character Relationships:
- character_1 is practice partner of robot (85)
- robot cooperates with character_1 (80)

**Low-Level Information (Actions and Events): **

[6] robot continues approaching tables. (indoor table tennis court)
[6] robot holds bag. (indoor table tennis court)
[7] robot carries plastic bag. (indoor table tennis hall)
[7] robot offers water bottle. (indoor table tennis hall)
[7] water bottle is from robot. (indoor table tennis hall)
[7] robot has bag. (indoor table tennis hall)
[7] robot places down near plastic bag. (indoor table tennis hall)
[8] robot walks into gym area. (indoor table tennis gym)
[10] robot faces across ping-pong table. (indoor ping-pong court)
[39] robot has white backpack. (indoor table tennis court)
[39] robot looks down at white backpack. (indoor table tennis court)
[39] robot opens white backpack. (indoor table tennis court)
[39] robot searches inside white backpack. (indoor table tennis court)
[40] robot reaches toward tote bag. (indoor ping pong court)
[43] robot moves ball basket. (indoor table tennis court)
[44] robot places ball. (indoor table tennis court)
[45] robot places into clear container. (indoor table tennis court)
[45] robot sets down on wooden bench. (indoor table tennis court)
[45] robot turns toward ping pong table. (indoor table tennis court)
[46] robot approaches bench holding drink and personal item. (indoor ping-pong court)
[47] robot picks up from small beige packet. (indoor ping-pong court)
[47] robot places into green packet. (indoor ping-pong court)
[47] robot places into beige packet. (indoor ping-pong court)
[51] robot stands near ping-pong table. (indoor ping-pong court)
[51] robot walks toward water bottle. (indoor ping-pong court)
[51] robot holds ping-pong paddle. (indoor ping-pong court)
[51] robot faces ping-pong table. (indoor ping-pong court)
[52] robot faces table. (indoor ping-pong court)
[52] robot holds red paddle. (indoor ping-pong court)
[53] robot faces table. (indoor ping-pong court)
[53] robot holds red paddle. (indoor ping-pong court)
[54] robot holds paddle. (indoor ping-pong court)
[55] robot walks from table area. (indoor table tennis court)
[57] robot holds paddle. (indoor ping-pong court)
[58] robot holds red paddle. (indoor ping-pong court)
[60] robot uses paddle. (indoor table tennis court)
[63] robot hand bottled water. (indoor table tennis court)
[63] bottled water is from robot. (indoor table tennis court)

**Conversations: **

Conversation 5: Anna becomes dizzy and hungry after skipping dinner while playing ball with Susan and Tom. Susan suggests pausing, offers chocolate, and proposes packing up to go eat; they agree to have barbecue together after a short break and consult a map to choose a place. Tom assists by handling equipment at Susan’s request. The group plans to head to a BBQ restaurant together.
[38] Anna: no, i cannot beat you this time
[38] Susan: Tom
[39] Susan: please take two towels from my bag
[39] Tom: yes madam
[40] Anna: okay thanks a lot
[42] Anna: yes, take my phone
[42] Anna: umm
[42] Susan: and Tom, please pick up table tennis balls
[43] Susan: and then put the ball basket back where it was
[43] Tom: Roger that
[43] Anna: oh how about this

Conversation 2: A brief exchange includes a robot offering drinks, which Anna and Susan acknowledge. Susan initiates a warm-up and instructs Tom to fetch a table tennis ball basket for later use, and Tom agrees.
[7] robot: your water madam
[7] Anna: yeah thank you
[7] robot: a drink
[7] Susan: thank you
[8] Susan: let's continue to do some warming up
[8] Susan: oh I think, Tom,
[9] Susan: go and
[9] Susan: get table tennis ball basket from beside the chair
[9] Susan: we'll need it later
[9] Tom: Roger that

Conversation 7: The group planned to reschedule a table tennis practice after Anna experienced low blood sugar, which Susan helped manage with chocolate. They decided to have dinner instead and discussed practicing with a robot in the meantime. Alice suggested dietary improvements, including eating before exercising and trying more meat. Susan continued practicing and asked for support items while Tom assisted.
[53] Anna: yeah
[54] Susan: Tom, give me water, I need a sip
[54] robot: Roger that
[55] Susan: thank you
[56] Susan: let's continue to play

[Step 2] Evaluating semantic answer...
Action: [Search]
Content: [39, 40, 43, 45]
Summary: Susan asks Tom to take two towels from her bag at clip 39, but the graph does not specify where the robot should place the towels. Related clips show the robot interacting with bags and placing items on a wooden bench and into packets, yet no explicit towel placement instruction is provided.

[Step 3] Watching video clips: [39, 40, 43, 45]

   Processing clip 39 (1/4)...
Question: Do both Susan and Anna know how to do sports safely?

[Step 1] Searching the graph...
Parse Query Output:
{
  "query_triple": ["<Susan>", "knows how to do sports safely", "<Anna>", 0.95, 0.25, 0.95],
  "spatial_constraint": null,
  "speaker_strict": null,
  "allocation": {
    "k_high_level": 9,
    "k_low_level": 11,
    "k_conversations": 30,
    "total_k": 50,
    "reasoning": "Knowledge/ability and safety are high-level attributes; conversations can confirm statements or teaching about safety; some low-level actions may show safe sports behavior."
  }
}

Graph Search Results:
**High-Level Information (Character Attributes and Relationships): **

Character Relationships:
- Anna shares the same coach as Susan (85)
- Anna cooperates with Susan (90)
- Anna rivals with Susan (90)
- Susan friendly with Anna (85)
- Anna friends with Susan (85)
- Susan supports Anna (80)
- Anna competes with Susan (80)
- Anna is comfortable with Susan (75)
- Anna supportive of Susan (80)

**Low-Level Information (Actions and Events): **

[16] Susan asks Anna. (indoor table tennis court)
[17] Susan asks Anna. (indoor ping-pong court)
[18] Anna asks Susan. (indoor table tennis court)
[23] Susan hits forehand Anna. (indoor table tennis court)
[24] Anna practices forehand hits toward Susan. (indoor table tennis court)
[26] Susan volleys back to Anna. (indoor table tennis court)
[31] Anna practices forehand returns toward Susan. (indoor table tennis court)
[32] Susan backhands toward Anna. (indoor table tennis court)
[33] Susan asks Anna. (indoor table tennis court)
[36] Susan supports shoulder Anna. (indoor table tennis court)
[38] Susan advises Anna. (indoor ping-pong court)

**Conversations: **

Conversation 7: The group planned to reschedule a table tennis practice after Anna experienced low blood sugar, which Susan helped manage with chocolate. They decided to have dinner instead and discussed practicing with a robot in the meantime. Alice suggested dietary improvements, including eating before exercising and trying more meat. Susan continued practicing and asked for support items while Tom assisted.
[49] Alice: how was your games
[49] Susan: we just enjoyed an interesting playing
[49] Susan: but Anna had blood sugar's dropping
[49] Susan: so I gave her a chocolate, and then now she feels better
[50] Alice: okay
[50] Susan: yes I'll try
[50] Alice: you can try
[50] Susan: Tom, please take Anna's paddle with me
[51] Susan: please take Anna's paddle with me
[51] Susan: and then play a match
[51] Tom: yes madam
[51] Alice: yeah we can help you
[51] Alice: and must eat
[51] Alice: before exercising
[51] Anna: yes
[52] Anna: next time i will to i will have some
[52] Alice: okay
[52] Anna: wow
[52] Anna: wow susan
[52] Alice: yeah? she often practices
[52] Alice: so she's improving so fast
[52] Alice: yeah? that's truth
[53] Alice: but
[53] Alice: I found susan is good at
[53] Alice: drop shots
[53] Alice: however, her long-ball talent is a little be weak
[57] alice: what do you think about eating
[57] Anna: oh yeah good
[57] Anna: Susan
[57] Anna: maybe we can go out eating out, then we can eat out tonight
[57] Susan: wait a, wait a moment

Conversation 3: Anna and Susan discuss table tennis as an accessible, healthy activity and decide to play together. Anna's paddle is broken and may have been moved by her nephew, but Susan has spare paddles, allowing them to proceed. They include Tom as a judge and start a friendly game, adjusting pace and considering changing location.
[11] Anna: well you know the table tennis is really??? actually
[12] Anna: it's really suitable for ordinary people
[12] Anna: and you know
[12] Anna: the table tennis is really suitable for ordinary people to practice
[12] Anna: umm yeah it's fine for us. you only need
[12] Anna: only need
[12] Anna: You only need two bats, and that one ball
[12] Anna: That can be used to do it
[12] Susan: yes I totally agree with you, you know, playing table tennis is good for our health
[13] Anna: yeah, and when I came out of my home
[13] Anna: I saw
[13] Susan: I often see people playing table tennis downstairs on weekends
[13] Anna: So the table tennis is really popular among people
[13] Susan: yeah, and, but for us we still, if we want to improve our technique
[14] Susan: we require some skills
[14] Anna: umm well, When we learn some skills well
[14] Anna: and then when we practice more ,and you'll make it better
[14] Susan: so what about, let's play a round first
[14] Anna: Of course
[14] Anna: let's take it
[14] Anna: umm
[15] Anna: yeah
[15] Susan: let's take our paddles
[15] Anna: yes
[15] Anna: um let's go
[15] Anna: oh wait my paddle is broken
[17] Susan: Was someone at your house yesterday?
[17] Anna: Yesterday.
[17] Anna: Oh yes.
[17] Anna: My nephew came to my house.
[17] Anna: Umm, but I was too tired to go out.
[18] Anna: we can't play the table tennis together
[18] Susan: funny enough
[18] Susan: I instinctively prepared two paddles today
[18] Anna: wow that's you, Susan, okay
[18] Anna: thanks a lot
[18] Susan: so you can get it from my bag I left on the ground
[20] Susan: you can't
[20] Anna: just try your best
[20] Anna: wow, Susan, are you okay
[20] Anna: today
[21] Susan: be careful
[22] Anna: okay
[22] Anna: I'll make it slower
[24] Susan: interesting
[24] Anna: oh wait
[25] Susan: take care
[25] Anna: ya
[25] Anna: well
[26] Anna: oh
[27] Anna: wow this ball is not bad
[27] Susan: of course
[28] Anna: hahaha

Conversation 1: Anna and Susan, who share the same coach, challenge each other to a rematch and agree to warm up first. They decide on hydration, with Anna choosing mineral water and Susan opting for a sports drink, and they order takeout. Tom agrees to handle the pickup.
[1] Anna: so you can't win me again
[1] Susan: I knew that you had practiced behind me back
[1] Susan: and I even asked the coach
[1] Susan: and you forget we have the same coach?
[2] Anna: Of course I knew that,
[2] Anna: I just wanted you practice more as me, so when I win you, and it won't feel like cheating.
[2] Susan: let's start
[2] Anna: fine
[2] Anna: oh, hold up, hmm maybe we need to warm up first
[2] Anna: don't wanna pull a put muscle mid-game
[3] Anna: don't wanna pull a muscle mid-game
[3] Susan: oh alright
[3] Susan: we also need some water and sports drinks

Conversation 2: A brief exchange includes a robot offering drinks, which Anna and Susan acknowledge. Susan initiates a warm-up and instructs Tom to fetch a table tennis ball basket for later use, and Tom agrees.
[7] robot: a drink
[7] Susan: thank you
[8] Susan: let's continue to do some warming up
[8] Susan: oh I think, Tom,
[9] Susan: go and

[Step 2] Evaluating semantic answer...
Action: [Answer]
Content: Yes, they discuss warming up, hydration, and eating before exercise, showing awareness of safe sports practices.
FINAL ANSWER (from graph):
Yes, they discuss warming up, hydration, and eating before exercise, showing awareness of safe sports practices.
Question: what advantages of playing table tennis are mentioned?

[Step 1] Searching the graph...
Parse Query Output:
{
  "query_triple": [null, "advantages of playing table tennis", "?", 0.15, 0.3, 0.2],
  "spatial_constraint": null,
  "speaker_strict": null,
  "allocation": {
    "k_high_level": 5,
    "k_low_level": 10,
    "k_conversations": 35,
    "total_k": 50,
    "reasoning": "This is a 'what advantages are mentioned' question, likely expressed in dialogue or narration. Prioritize conversations to capture stated benefits; include a small amount of high-level edges for any summarized attributes, and minimal low-level edges in case advantages are demonstrated via actions or scenes."
  }
}

Graph Search Results:
**High-Level Information (Character Attributes and Relationships): **

Character Attributes:
- Alice is: female (100), petite to medium build (100)
- robot is: camera holder (100), black gloves (100), no visible face (100)

**Low-Level Information (Actions and Events): **

[11] Anna gestures lightly toward table tennis table. (indoor table tennis court)
[15] Susan takes out table tennis paddle. (indoor ping-pong court)
[15] table tennis paddle is from bag. (indoor ping-pong court)
[18] Anna stands beside table tennis table. (indoor table tennis court)
[37] floor is near ping‑pong table. (indoor table tennis court)
[38] Susan is near ping‑pong table. (indoor ping-pong court)
[39] Susan is near ping‑pong table. (indoor table tennis court)
[46] character_1 holds at side table-tennis paddle. (indoor ping-pong court)
[48] Anna gestures toward table tennis table. (indoor table tennis court)
[54] Anna stands at end ping‑pong table. (indoor ping-pong court)

**Conversations: **

Conversation 3: Anna and Susan discuss table tennis as an accessible, healthy activity and decide to play together. Anna's paddle is broken and may have been moved by her nephew, but Susan has spare paddles, allowing them to proceed. They include Tom as a judge and start a friendly game, adjusting pace and considering changing location.
[11] Anna: well you know the table tennis is really??? actually
[12] Anna: it's really suitable for ordinary people
[12] Anna: and you know
[12] Anna: the table tennis is really suitable for ordinary people to practice
[12] Anna: umm yeah it's fine for us. you only need
[12] Anna: only need
[12] Anna: You only need two bats, and that one ball
[12] Anna: That can be used to do it
[12] Susan: yes I totally agree with you, you know, playing table tennis is good for our health
[13] Anna: yeah, and when I came out of my home
[13] Anna: I saw
[13] Anna: the grandparents are playing the table tennis together
[13] Anna: wow
[13] Susan: totally normal
[13] Susan: I often see people playing table tennis downstairs on weekends
[13] Anna: So the table tennis is really popular among people
[13] Susan: yeah, and, but for us we still, if we want to improve our technique
[14] Susan: we require some skills
[14] Anna: umm well, When we learn some skills well
[14] Anna: and then when we practice more ,and you'll make it better
[14] Susan: so what about, let's play a round first
[14] Anna: Of course
[14] Anna: let's take it
[15] Anna: um let's go
[15] Anna: oh wait my paddle is broken
[15] Susan: why was your paddle broken?
[16] Susan: hmm i thought it was fine yesterday
[16] Susan: so how did it break today?
[18] Anna: so what should we do now
[18] Anna: if we don't have the paddle
[18] Anna: we can't play the table tennis together
[18] Susan: funny enough
[18] Susan: I instinctively prepared two paddles today
[18] Anna: wow that's you, Susan, okay
[18] Anna: thanks a lot
[25] Susan: change the place
[26] Anna: oh
[27] Anna: wow this ball is not bad
[27] Susan: of course
[28] Anna: hahaha

Conversation 2: A brief exchange includes a robot offering drinks, which Anna and Susan acknowledge. Susan initiates a warm-up and instructs Tom to fetch a table tennis ball basket for later use, and Tom agrees.
[8] Susan: oh I think, Tom,
[9] Susan: go and
[9] Susan: get table tennis ball basket from beside the chair
[9] Susan: we'll need it later
[9] Tom: Roger that

Conversation 5: Anna becomes dizzy and hungry after skipping dinner while playing ball with Susan and Tom. Susan suggests pausing, offers chocolate, and proposes packing up to go eat; they agree to have barbecue together after a short break and consult a map to choose a place. Tom assists by handling equipment at Susan’s request. The group plans to head to a BBQ restaurant together.
[36] Anna: dizzy and hungry
[37] Susan: why didn't you have dinner ?
[37] Anna: oh you know i just want to play the ball with you
[37] Anna: i think maybe we don't need so much time
[37] Anna: after that we can have dinner together
[42] Anna: yes, take my phone
[42] Anna: umm
[42] Susan: and Tom, please pick up table tennis balls
[43] Susan: and then put the ball basket back where it was
[43] Tom: Roger that
[43] Anna: oh how about this

Conversation 7: The group planned to reschedule a table tennis practice after Anna experienced low blood sugar, which Susan helped manage with chocolate. They decided to have dinner instead and discussed practicing with a robot in the meantime. Alice suggested dietary improvements, including eating before exercising and trying more meat. Susan continued practicing and asked for support items while Tom assisted.
[48] Anna: Oh, maybe we only can make an appointment next time to practice table tennis together.
[49] Susan: okay
[49] Susan: no worries, we live close, so we can just schedule another time
[49] Anna: hi Alice
[49] Susan: hi
[49] Alice: how was your games
[49] Susan: we just enjoyed an interesting playing
[49] Susan: but Anna had blood sugar's dropping
[49] Susan: so I gave her a chocolate, and then now she feels better
[50] Susan: so we decided to have dinner
[50] Susan: and then schedule another time
[50] Alice: so why don't you practice with the robot
[50] Anna: wow it's a good idea
[50] Susan: yes I'll try
[50] Susan: Tom, please take Anna's paddle with me
[51] Susan: please take Anna's paddle with me
[51] Susan: and then play a match
[51] Tom: yes madam
[51] Alice: yeah we can help you
[51] Alice: you should have a good rest
[51] Alice: and must eat
[51] Alice: before exercising
[51] Anna: yes
[52] Anna: next time i will to i will have some
[52] Anna: wow
[52] Anna: wow susan
[52] Alice: yeah? she often practices
[52] Alice: so she's improving so fast
[52] Alice: yeah? that's truth
[53] Alice: but
[53] Alice: I found susan is good at
[53] Alice: drop shots
[53] Alice: however, her long-ball talent is a little be weak
[53] Alice: so I think she need to
[53] Alice: practice more
[53] Alice: although she has made great progress
[53] Anna: yeah
[54] robot: Roger that
[55] Susan: thank you
[56] Susan: let's continue to play
[56] Susan: Tom
[56] Alice: what do you think about eating

Conversation 8: The group discussed Susan's performance, with Anna praising it and Alice offering constructive criticism about improving long-ball skills. Susan agreed to keep practicing. The conversation wrapped up with goodbyes and brief acknowledgments among the group.
[60] Susan: how was my playing?
[60] Anna: great
[60] Alice: Impressive but i think
[60] Alice: you should you should
[61] Alice: keep exercising more because your long-ball
[61] Alice: talent
[61] Alice: umm is a little bit weak.

Conversation 1: Anna and Susan, who share the same coach, challenge each other to a rematch and agree to warm up first. They decide on hydration, with Anna choosing mineral water and Susan opting for a sports drink, and they order takeout. Tom agrees to handle the pickup.
[1] Susan: I knew that you had practiced behind me back
[1] Susan: and I even asked the coach
[1] Susan: and you forget we have the same coach?
[2] Anna: Of course I knew that,
[2] Anna: I just wanted you practice more as me, so when I win you, and it won't feel like cheating.
[2] Susan: I beat you last time, so this time, there will be no different
[2] Anna: whatever
[2] Anna: Let's settle this on the table
[2] Susan: let's start
[2] Anna: fine
[2] Anna: oh, hold up, hmm maybe we need to warm up first
[2] Anna: don't wanna pull a put muscle mid-game
[3] Anna: don't wanna pull a muscle mid-game
[3] Susan: oh alright
[3] Susan: we also need some water and sports drinks

[Step 2] Evaluating semantic answer...
Action: [Answer]
Content: It’s accessible for ordinary people and good for health.
FINAL ANSWER (from graph):
It’s accessible for ordinary people and good for health.
Question: Who was better prepared，Susan or Anna?

[Step 1] Searching the graph...
Parse Query Output:
{
  "query_triple": ["null", "preparedness_comparison", "['<Susan>', '<Anna>']", 0.1, 0.25, 0.9],
  "spatial_constraint": null,
  "speaker_strict": ["<Susan>", "<Anna>"],
  "allocation": {
    "k_high_level": 8,
    "k_low_level": 12,
    "k_conversations": 30,
    "total_k": 50,
    "reasoning": "Comparative preparedness likely inferred from dialogue and some actions; use conversations for explicit statements and high-level for traits, with some low-level edges for evidence of preparedness."
  }
}

Graph Search Results:
**High-Level Information (Character Attributes and Relationships): **

Character Attributes:
- Susan is: medium build (100), prepared/planner (80), white short-sleeve top (100), black pants (100), female (100), white sneakers (100)

Character Relationships:
- Anna rivals with Susan (90)
- Anna cooperates with Susan (90)

**Low-Level Information (Actions and Events): **

[2] Susan prepares to start game. (indoor table tennis room)
[17] red ping-pong paddle is in <Susan>'s right hand. (indoor ping-pong court)
[20] Susan prepares for another shot. (indoor ping pong court)
[23] Susan prepares next shot. (indoor table tennis court)
[24] Susan prepares another shot. (indoor table tennis court)
[28] Susan prepares serve. (indoor ping-pong court)
[29] ball is toward <Susan>'s forehand. (indoor table tennis court)
[29] net is on <Susan>'s side. (indoor table tennis court)
[32] Susan stands ready at far side of table. (indoor table tennis court)
[33] Susan acknowledges <Anna>'s response. (indoor table tennis court)
[35] Susan prepares for next serve. (indoor table tennis court)
[56] Susan prepares serve. (indoor ping-pong court)

**Conversations: **

Conversation 7: The group planned to reschedule a table tennis practice after Anna experienced low blood sugar, which Susan helped manage with chocolate. They decided to have dinner instead and discussed practicing with a robot in the meantime. Alice suggested dietary improvements, including eating before exercising and trying more meat. Susan continued practicing and asked for support items while Tom assisted.
[49] Alice: how was your games
[49] Susan: we just enjoyed an interesting playing
[49] Susan: but Anna had blood sugar's dropping
[49] Susan: so I gave her a chocolate, and then now she feels better
[50] Alice: okay
[50] Susan: yes I'll try
[50] Alice: you can try
[50] Susan: Tom, please take Anna's paddle with me
[51] Susan: please take Anna's paddle with me
[51] Susan: and then play a match
[51] Tom: yes madam
[51] Alice: and must eat
[51] Alice: before exercising
[51] Anna: yes
[52] Anna: next time i will to i will have some
[52] Alice: okay
[52] Anna: wow
[52] Anna: wow susan
[52] Alice: yeah? she often practices
[52] Alice: so she's improving so fast
[52] Alice: yeah? that's truth
[53] Alice: but
[53] Alice: I found susan is good at
[53] Alice: drop shots
[53] Alice: however, her long-ball talent is a little be weak
[57] alice: what do you think about eating
[57] Anna: oh yeah good
[57] Anna: Susan
[57] Anna: maybe we can go out eating out, then we can eat out tonight
[57] Susan: wait a, wait a moment

Conversation 3: Anna and Susan discuss table tennis as an accessible, healthy activity and decide to play together. Anna's paddle is broken and may have been moved by her nephew, but Susan has spare paddles, allowing them to proceed. They include Tom as a judge and start a friendly game, adjusting pace and considering changing location.
[13] Anna: So the table tennis is really popular among people
[13] Susan: yeah, and, but for us we still, if we want to improve our technique
[14] Susan: we require some skills
[14] Anna: umm well, When we learn some skills well
[14] Anna: and then when we practice more ,and you'll make it better
[14] Susan: so what about, let's play a round first
[14] Anna: Of course
[14] Anna: let's take it
[14] Anna: umm
[15] Anna: yeah
[15] Susan: let's take our paddles
[15] Anna: yes
[15] Anna: um let's go
[15] Anna: oh wait my paddle is broken
[18] Anna: we can't play the table tennis together
[18] Susan: funny enough
[18] Susan: I instinctively prepared two paddles today
[18] Anna: wow that's you, Susan, okay
[18] Anna: thanks a lot
[18] Susan: so you can get it from my bag I left on the ground
[19] Susan: okay
[19] Anna: oh Tom
[19] Anna: you can be the judge
[19] Tom: okay
[19] Anna: go
[20] Anna: well? I will win you
[20] Susan: you can't
[20] Anna: just try your best
[20] Anna: wow, Susan, are you okay
[20] Anna: today
[21] Susan: be careful
[22] Anna: I'll make it slower
[23] Anna: I'll beat you today.
[24] Susan: interesting
[24] Anna: oh wait
[25] Susan: take care
[25] Anna: ya
[25] Anna: well
[25] Anna: okay maybe we can change the place
[25] Susan: change the place
[26] Anna: oh
[27] Anna: wow this ball is not bad
[27] Susan: of course
[28] Anna: hahaha

Conversation 1: Anna and Susan, who share the same coach, challenge each other to a rematch and agree to warm up first. They decide on hydration, with Anna choosing mineral water and Susan opting for a sports drink, and they order takeout. Tom agrees to handle the pickup.
[1] Anna: go ahead
[1] Anna: umm
[1] Anna: well last time you won me
[1] Anna: but this time I practice more for a long time
[1] Anna: so you can't win me again
[1] Susan: I knew that you had practiced behind me back
[1] Susan: and I even asked the coach
[1] Susan: and you forget we have the same coach?
[2] Anna: Of course I knew that,
[2] Anna: I just wanted you practice more as me, so when I win you, and it won't feel like cheating.
[2] Susan: I beat you last time, so this time, there will be no different
[2] Anna: whatever
[2] Anna: Let's settle this on the table
[2] Susan: let's start
[2] Anna: fine
[2] Anna: oh, hold up, hmm maybe we need to warm up first

Conversation 8: The group discussed Susan's performance, with Anna praising it and Alice offering constructive criticism about improving long-ball skills. Susan agreed to keep practicing. The conversation wrapped up with goodbyes and brief acknowledgments among the group.
[60] Susan: how was my playing?
[60] Anna: great
[60] Alice: Impressive but i think
[60] Alice: you should you should

Conversation 5: Anna becomes dizzy and hungry after skipping dinner while playing ball with Susan and Tom. Susan suggests pausing, offers chocolate, and proposes packing up to go eat; they agree to have barbecue together after a short break and consult a map to choose a place. Tom assists by handling equipment at Susan’s request. The group plans to head to a BBQ restaurant together.
[36] Susan: what's wrong
[36] Anna: oh
[36] Anna: actually
[36] Anna: because today i don't have have dinner today so
[36] Anna: i'm tired
[41] Anna: um, i'm really sorry that you come here for nothing
[41] Susan: it isn't the waste, we are going to have dinner
[41] Anna: well
[41] Anna: Let me treat you
[41] Anna: And I have been looking at a barbecue for a long time
[43] Anna: oh how about this
[43] Anna: I think it will be very delicious
[43] Susan: and have a try
[44] Anna: it's here
[44] Anna: right

[Step 2] Evaluating semantic answer...
Action: [Answer]
Content: Susan was better prepared.
FINAL ANSWER (from graph):
Susan was better prepared.
✓ Updated results.json for gym_01 (13 questions)
✓ Cleaned up video and frames for gym_01

============================================================
Processing video: kitchen_21
============================================================
Downloading 1 video(s) to data/videos...

Downloading kitchen_21.mp4...
✓ Successfully downloaded kitchen_21.mp4 to data/videos/kitchen_21.mp4

============================================================
Download Summary:
  Successful: 1/1
============================================================

============================================================
[1/1] Processing: kitchen_21
============================================================
Video: data/videos/kitchen_21.mp4
Subtitles: data/subtitles/robot/kitchen_21.srt
Output: data/frames/kitchen_21
============================================================

Parsing subtitle file: data/subtitles/robot/kitchen_21.srt
Found 398 subtitle entries
Video: 1280x720, 30.00 FPS, 63478 frames, 2115.93s duration

Extracting frames with subtitles...
Grouping frames into folders of 30 frames each
  Saved 10 frames (up to 9s, folder 1)
  Saved 20 frames (up to 19s, folder 1)
  Saved 30 frames (up to 29s, folder 1)
  Saved 40 frames (up to 39s, folder 2)
  Saved 50 frames (up to 49s, folder 2)
  Saved 60 frames (up to 59s, folder 2)
  Saved 70 frames (up to 69s, folder 3)
  Saved 80 frames (up to 79s, folder 3)
  Saved 90 frames (up to 89s, folder 3)
  Saved 100 frames (up to 99s, folder 4)
  Saved 110 frames (up to 109s, folder 4)
  Saved 120 frames (up to 119s, folder 4)
  Saved 130 frames (up to 129s, folder 5)
  Saved 140 frames (up to 139s, folder 5)
  Saved 150 frames (up to 149s, folder 5)
  Saved 160 frames (up to 159s, folder 6)
  Saved 170 frames (up to 169s, folder 6)
  Saved 180 frames (up to 179s, folder 6)
  Saved 190 frames (up to 189s, folder 7)
  Saved 200 frames (up to 199s, folder 7)
  Saved 210 frames (up to 209s, folder 7)
  Saved 220 frames (up to 219s, folder 8)
  Saved 230 frames (up to 229s, folder 8)
  Saved 240 frames (up to 239s, folder 8)
  Saved 250 frames (up to 249s, folder 9)
  Saved 260 frames (up to 259s, folder 9)
  Saved 270 frames (up to 269s, folder 9)
  Saved 280 frames (up to 279s, folder 10)
  Saved 290 frames (up to 289s, folder 10)
  Saved 300 frames (up to 299s, folder 10)
  Saved 310 frames (up to 309s, folder 11)
  Saved 320 frames (up to 319s, folder 11)
  Saved 330 frames (up to 329s, folder 11)
  Saved 340 frames (up to 339s, folder 12)
  Saved 350 frames (up to 349s, folder 12)
  Saved 360 frames (up to 359s, folder 12)
  Saved 370 frames (up to 369s, folder 13)
  Saved 380 frames (up to 379s, folder 13)
  Saved 390 frames (up to 389s, folder 13)
  Saved 400 frames (up to 399s, folder 14)
  Saved 410 frames (up to 409s, folder 14)
  Saved 420 frames (up to 419s, folder 14)
  Saved 430 frames (up to 429s, folder 15)
  Saved 440 frames (up to 439s, folder 15)
  Saved 450 frames (up to 449s, folder 15)
  Saved 460 frames (up to 459s, folder 16)
  Saved 470 frames (up to 469s, folder 16)
  Saved 480 frames (up to 479s, folder 16)
  Saved 490 frames (up to 489s, folder 17)
  Saved 500 frames (up to 499s, folder 17)
  Saved 510 frames (up to 509s, folder 17)
  Saved 520 frames (up to 519s, folder 18)
  Saved 530 frames (up to 529s, folder 18)
  Saved 540 frames (up to 539s, folder 18)
  Saved 550 frames (up to 549s, folder 19)
  Saved 560 frames (up to 559s, folder 19)
  Saved 570 frames (up to 569s, folder 19)
  Saved 580 frames (up to 579s, folder 20)
  Saved 590 frames (up to 589s, folder 20)
  Saved 600 frames (up to 599s, folder 20)
  Saved 610 frames (up to 609s, folder 21)
  Saved 620 frames (up to 619s, folder 21)
  Saved 630 frames (up to 629s, folder 21)
  Saved 640 frames (up to 639s, folder 22)
  Saved 650 frames (up to 649s, folder 22)
  Saved 660 frames (up to 659s, folder 22)
  Saved 670 frames (up to 669s, folder 23)
  Saved 680 frames (up to 679s, folder 23)
  Saved 690 frames (up to 689s, folder 23)
  Saved 700 frames (up to 699s, folder 24)
  Saved 710 frames (up to 709s, folder 24)
  Saved 720 frames (up to 719s, folder 24)
  Saved 730 frames (up to 729s, folder 25)
  Saved 740 frames (up to 739s, folder 25)
  Saved 750 frames (up to 749s, folder 25)
  Saved 760 frames (up to 759s, folder 26)
  Saved 770 frames (up to 769s, folder 26)
  Saved 780 frames (up to 779s, folder 26)
  Saved 790 frames (up to 789s, folder 27)
  Saved 800 frames (up to 799s, folder 27)
  Saved 810 frames (up to 809s, folder 27)
  Saved 820 frames (up to 819s, folder 28)
  Saved 830 frames (up to 829s, folder 28)
  Saved 840 frames (up to 839s, folder 28)
  Saved 850 frames (up to 849s, folder 29)
  Saved 860 frames (up to 859s, folder 29)
  Saved 870 frames (up to 869s, folder 29)
  Saved 880 frames (up to 879s, folder 30)
  Saved 890 frames (up to 889s, folder 30)
  Saved 900 frames (up to 899s, folder 30)
  Saved 910 frames (up to 909s, folder 31)
  Saved 920 frames (up to 919s, folder 31)
  Saved 930 frames (up to 929s, folder 31)
  Saved 940 frames (up to 939s, folder 32)
  Saved 950 frames (up to 949s, folder 32)
  Saved 960 frames (up to 959s, folder 32)
  Saved 970 frames (up to 969s, folder 33)
  Saved 980 frames (up to 979s, folder 33)
  Saved 990 frames (up to 989s, folder 33)
  Saved 1000 frames (up to 999s, folder 34)
  Saved 1010 frames (up to 1009s, folder 34)
  Saved 1020 frames (up to 1019s, folder 34)
  Saved 1030 frames (up to 1029s, folder 35)
  Saved 1040 frames (up to 1039s, folder 35)
  Saved 1050 frames (up to 1049s, folder 35)
  Saved 1060 frames (up to 1059s, folder 36)
  Saved 1070 frames (up to 1069s, folder 36)
  Saved 1080 frames (up to 1079s, folder 36)
  Saved 1090 frames (up to 1089s, folder 37)
  Saved 1100 frames (up to 1099s, folder 37)
  Saved 1110 frames (up to 1109s, folder 37)
  Saved 1120 frames (up to 1119s, folder 38)
  Saved 1130 frames (up to 1129s, folder 38)
  Saved 1140 frames (up to 1139s, folder 38)
  Saved 1150 frames (up to 1149s, folder 39)
  Saved 1160 frames (up to 1159s, folder 39)
  Saved 1170 frames (up to 1169s, folder 39)
  Saved 1180 frames (up to 1179s, folder 40)
  Saved 1190 frames (up to 1189s, folder 40)
  Saved 1200 frames (up to 1199s, folder 40)
  Saved 1210 frames (up to 1209s, folder 41)
  Saved 1220 frames (up to 1219s, folder 41)
  Saved 1230 frames (up to 1229s, folder 41)
  Saved 1240 frames (up to 1239s, folder 42)
  Saved 1250 frames (up to 1249s, folder 42)
  Saved 1260 frames (up to 1259s, folder 42)
  Saved 1270 frames (up to 1269s, folder 43)
  Saved 1280 frames (up to 1279s, folder 43)
  Saved 1290 frames (up to 1289s, folder 43)
  Saved 1300 frames (up to 1299s, folder 44)
  Saved 1310 frames (up to 1309s, folder 44)
  Saved 1320 frames (up to 1319s, folder 44)
  Saved 1330 frames (up to 1329s, folder 45)
  Saved 1340 frames (up to 1339s, folder 45)
  Saved 1350 frames (up to 1349s, folder 45)
  Saved 1360 frames (up to 1359s, folder 46)
  Saved 1370 frames (up to 1369s, folder 46)
  Saved 1380 frames (up to 1379s, folder 46)
  Saved 1390 frames (up to 1389s, folder 47)
  Saved 1400 frames (up to 1399s, folder 47)
  Saved 1410 frames (up to 1409s, folder 47)
  Saved 1420 frames (up to 1419s, folder 48)
  Saved 1430 frames (up to 1429s, folder 48)
  Saved 1440 frames (up to 1439s, folder 48)
  Saved 1450 frames (up to 1449s, folder 49)
  Saved 1460 frames (up to 1459s, folder 49)
  Saved 1470 frames (up to 1469s, folder 49)
  Saved 1480 frames (up to 1479s, folder 50)
  Saved 1490 frames (up to 1489s, folder 50)
  Saved 1500 frames (up to 1499s, folder 50)
  Saved 1510 frames (up to 1509s, folder 51)
  Saved 1520 frames (up to 1519s, folder 51)
  Saved 1530 frames (up to 1529s, folder 51)
  Saved 1540 frames (up to 1539s, folder 52)
  Saved 1550 frames (up to 1549s, folder 52)
  Saved 1560 frames (up to 1559s, folder 52)
  Saved 1570 frames (up to 1569s, folder 53)
  Saved 1580 frames (up to 1579s, folder 53)
  Saved 1590 frames (up to 1589s, folder 53)
  Saved 1600 frames (up to 1599s, folder 54)
  Saved 1610 frames (up to 1609s, folder 54)
  Saved 1620 frames (up to 1619s, folder 54)
  Saved 1630 frames (up to 1629s, folder 55)
  Saved 1640 frames (up to 1639s, folder 55)
  Saved 1650 frames (up to 1649s, folder 55)
  Saved 1660 frames (up to 1659s, folder 56)
  Saved 1670 frames (up to 1669s, folder 56)
  Saved 1680 frames (up to 1679s, folder 56)
  Saved 1690 frames (up to 1689s, folder 57)
  Saved 1700 frames (up to 1699s, folder 57)
  Saved 1710 frames (up to 1709s, folder 57)
  Saved 1720 frames (up to 1719s, folder 58)
  Saved 1730 frames (up to 1729s, folder 58)
  Saved 1740 frames (up to 1739s, folder 58)
  Saved 1750 frames (up to 1749s, folder 59)
  Saved 1760 frames (up to 1759s, folder 59)
  Saved 1770 frames (up to 1769s, folder 59)
  Saved 1780 frames (up to 1779s, folder 60)
  Saved 1790 frames (up to 1789s, folder 60)
  Saved 1800 frames (up to 1799s, folder 60)
  Saved 1810 frames (up to 1809s, folder 61)
  Saved 1820 frames (up to 1819s, folder 61)
  Saved 1830 frames (up to 1829s, folder 61)
  Saved 1840 frames (up to 1839s, folder 62)
  Saved 1850 frames (up to 1849s, folder 62)
  Saved 1860 frames (up to 1859s, folder 62)
  Saved 1870 frames (up to 1869s, folder 63)
  Saved 1880 frames (up to 1879s, folder 63)
  Saved 1890 frames (up to 1889s, folder 63)
  Saved 1900 frames (up to 1899s, folder 64)
  Saved 1910 frames (up to 1909s, folder 64)
  Saved 1920 frames (up to 1919s, folder 64)
  Saved 1930 frames (up to 1929s, folder 65)
  Saved 1940 frames (up to 1939s, folder 65)
  Saved 1950 frames (up to 1949s, folder 65)
  Saved 1960 frames (up to 1959s, folder 66)
  Saved 1970 frames (up to 1969s, folder 66)
  Saved 1980 frames (up to 1979s, folder 66)
  Saved 1990 frames (up to 1989s, folder 67)
  Saved 2000 frames (up to 1999s, folder 67)
  Saved 2010 frames (up to 2009s, folder 67)
  Saved 2020 frames (up to 2019s, folder 68)
  Saved 2030 frames (up to 2029s, folder 68)
  Saved 2040 frames (up to 2039s, folder 68)
  Saved 2050 frames (up to 2049s, folder 69)
  Saved 2060 frames (up to 2059s, folder 69)
  Saved 2070 frames (up to 2069s, folder 69)
  Saved 2080 frames (up to 2079s, folder 70)
  Saved 2090 frames (up to 2089s, folder 70)
  Saved 2100 frames (up to 2099s, folder 70)
  Saved 2110 frames (up to 2109s, folder 71)

✓ Extracted 2116 frames to data/frames/kitchen_21

✓ Successfully processed kitchen_21: 2116 frames saved
--------------------------------
Processing folder:  data/frames/kitchen_21/1
Inserted 25 triples into graph for clip 1
--------------------------------
Processing folder:  data/frames/kitchen_21/2
Inserted 15 triples into graph for clip 2
--------------------------------
Processing folder:  data/frames/kitchen_21/3
Inserted 27 triples into graph for clip 3
--------------------------------
Processing folder:  data/frames/kitchen_21/4
Extracting summary for completed conversation 1...
Warning: Character '<Herry>' not found in graph, skipping attribute: part of the same social group/event
Warning: Character '<Herry>' not found in graph, skipping relationship
Warning: Character '<Herry>' not found in graph, skipping relationship
✓ Conversation summary extracted. Attributes: 6, Relationships: 3
Inserted 23 triples into graph for clip 4
--------------------------------
Processing folder:  data/frames/kitchen_21/5
Inserted 18 triples into graph for clip 5
--------------------------------
Processing folder:  data/frames/kitchen_21/6
Inserted 18 triples into graph for clip 6
--------------------------------
Processing folder:  data/frames/kitchen_21/7
Inserted 17 triples into graph for clip 7
--------------------------------
Processing folder:  data/frames/kitchen_21/8
Inserted 23 triples into graph for clip 8
--------------------------------
Processing folder:  data/frames/kitchen_21/9
Inserted 17 triples into graph for clip 9
--------------------------------
Processing folder:  data/frames/kitchen_21/10
Inserted 27 triples into graph for clip 10
--------------------------------
Processing folder:  data/frames/kitchen_21/11
Inserted 26 triples into graph for clip 11
--------------------------------
Processing folder:  data/frames/kitchen_21/12
Inserted 24 triples into graph for clip 12
--------------------------------
Processing folder:  data/frames/kitchen_21/13
Inserted 24 triples into graph for clip 13
--------------------------------
Processing folder:  data/frames/kitchen_21/14
Inserted 32 triples into graph for clip 14
--------------------------------
Processing folder:  data/frames/kitchen_21/15
Inserted 25 triples into graph for clip 15
--------------------------------
Processing folder:  data/frames/kitchen_21/16
Inserted 24 triples into graph for clip 16
--------------------------------
Processing folder:  data/frames/kitchen_21/17
Inserted 22 triples into graph for clip 17
--------------------------------
Processing folder:  data/frames/kitchen_21/18
LLM call failed, retrying... Error: Error code: 400 - {'error': {'message': 'code: content_policy_violation; message: Image processing blocked due to content policy violation.', 'type': 'invalid_request_error', 'param': 'input', 'code': '-4315'}}
Inserted 37 triples into graph for clip 18
--------------------------------
Processing folder:  data/frames/kitchen_21/19
Inserted 23 triples into graph for clip 19
--------------------------------
Processing folder:  data/frames/kitchen_21/20
Inserted 19 triples into graph for clip 20
--------------------------------
Processing folder:  data/frames/kitchen_21/21
Inserted 32 triples into graph for clip 21
--------------------------------
Processing folder:  data/frames/kitchen_21/22
Inserted 17 triples into graph for clip 22
--------------------------------
Processing folder:  data/frames/kitchen_21/23
Inserted 30 triples into graph for clip 23
--------------------------------
Processing folder:  data/frames/kitchen_21/24
Inserted 22 triples into graph for clip 24
--------------------------------
Processing folder:  data/frames/kitchen_21/25
Inserted 22 triples into graph for clip 25
--------------------------------
Processing folder:  data/frames/kitchen_21/26
Inserted 26 triples into graph for clip 26
--------------------------------
Processing folder:  data/frames/kitchen_21/27
Inserted 28 triples into graph for clip 27
--------------------------------
Processing folder:  data/frames/kitchen_21/28
Inserted 30 triples into graph for clip 28
--------------------------------
Processing folder:  data/frames/kitchen_21/29
Inserted 26 triples into graph for clip 29
--------------------------------
Processing folder:  data/frames/kitchen_21/30
Inserted 20 triples into graph for clip 30
--------------------------------
Processing folder:  data/frames/kitchen_21/31
Inserted 19 triples into graph for clip 31
--------------------------------
Processing folder:  data/frames/kitchen_21/32
Inserted 35 triples into graph for clip 32
--------------------------------
Processing folder:  data/frames/kitchen_21/33
Inserted 26 triples into graph for clip 33
--------------------------------
Processing folder:  data/frames/kitchen_21/34
Inserted 23 triples into graph for clip 34
--------------------------------
Processing folder:  data/frames/kitchen_21/35
Inserted 36 triples into graph for clip 35
--------------------------------
Processing folder:  data/frames/kitchen_21/36
Inserted 30 triples into graph for clip 36
--------------------------------
Processing folder:  data/frames/kitchen_21/37
Inserted 27 triples into graph for clip 37
--------------------------------
Processing folder:  data/frames/kitchen_21/38
Inserted 23 triples into graph for clip 38
--------------------------------
Processing folder:  data/frames/kitchen_21/39
Inserted 25 triples into graph for clip 39
--------------------------------
Processing folder:  data/frames/kitchen_21/40
Inserted 23 triples into graph for clip 40
--------------------------------
Processing folder:  data/frames/kitchen_21/41
Inserted 17 triples into graph for clip 41
--------------------------------
Processing folder:  data/frames/kitchen_21/42
Inserted 27 triples into graph for clip 42
--------------------------------
Processing folder:  data/frames/kitchen_21/43
Inserted 17 triples into graph for clip 43
--------------------------------
Processing folder:  data/frames/kitchen_21/44
Inserted 31 triples into graph for clip 44
--------------------------------
Processing folder:  data/frames/kitchen_21/45
Inserted 31 triples into graph for clip 45
--------------------------------
Processing folder:  data/frames/kitchen_21/46
Inserted 35 triples into graph for clip 46
--------------------------------
Processing folder:  data/frames/kitchen_21/47
Inserted 23 triples into graph for clip 47
--------------------------------
Processing folder:  data/frames/kitchen_21/48
Inserted 17 triples into graph for clip 48
--------------------------------
Processing folder:  data/frames/kitchen_21/49
Inserted 23 triples into graph for clip 49
--------------------------------
Processing folder:  data/frames/kitchen_21/50
Inserted 23 triples into graph for clip 50
--------------------------------
Processing folder:  data/frames/kitchen_21/51
Inserted 19 triples into graph for clip 51
--------------------------------
Processing folder:  data/frames/kitchen_21/52
Inserted 35 triples into graph for clip 52
--------------------------------
Processing folder:  data/frames/kitchen_21/53
Inserted 34 triples into graph for clip 53
--------------------------------
Processing folder:  data/frames/kitchen_21/54
Inserted 26 triples into graph for clip 54
--------------------------------
Processing folder:  data/frames/kitchen_21/55
Inserted 31 triples into graph for clip 55
--------------------------------
Processing folder:  data/frames/kitchen_21/56
Inserted 27 triples into graph for clip 56
--------------------------------
Processing folder:  data/frames/kitchen_21/57
Inserted 17 triples into graph for clip 57
--------------------------------
Processing folder:  data/frames/kitchen_21/58
Inserted 28 triples into graph for clip 58
--------------------------------
Processing folder:  data/frames/kitchen_21/59
Inserted 20 triples into graph for clip 59
--------------------------------
Processing folder:  data/frames/kitchen_21/60
Extracting summary for completed conversation 2...
Warning: Character '<Herry>' not found in graph, skipping attribute: target of a planned surprise
Warning: Character '<Herry>' not found in graph, skipping relationship
Warning: Character '<Herry>' not found in graph, skipping relationship
Warning: Character '<Herry>' not found in graph, skipping relationship
✓ Conversation summary extracted. Attributes: 12, Relationships: 8
Inserted 14 triples into graph for clip 60
--------------------------------
Processing folder:  data/frames/kitchen_21/61
Inserted 18 triples into graph for clip 61
--------------------------------
Processing folder:  data/frames/kitchen_21/62
Inserted 21 triples into graph for clip 62
--------------------------------
Processing folder:  data/frames/kitchen_21/63
Inserted 24 triples into graph for clip 63
--------------------------------
Processing folder:  data/frames/kitchen_21/64
Inserted 27 triples into graph for clip 64
--------------------------------
Processing folder:  data/frames/kitchen_21/65
Inserted 33 triples into graph for clip 65
--------------------------------
Processing folder:  data/frames/kitchen_21/66
Inserted 21 triples into graph for clip 66
--------------------------------
Processing folder:  data/frames/kitchen_21/67
Inserted 19 triples into graph for clip 67
--------------------------------
Processing folder:  data/frames/kitchen_21/68
Inserted 29 triples into graph for clip 68
--------------------------------
Processing folder:  data/frames/kitchen_21/69
Extracting summary for completed conversation 3...
✓ Conversation summary extracted. Attributes: 11, Relationships: 6
Inserted 24 triples into graph for clip 69
--------------------------------
Processing folder:  data/frames/kitchen_21/70
Inserted 31 triples into graph for clip 70
--------------------------------
Processing folder:  data/frames/kitchen_21/71
Inserted 11 triples into graph for clip 71
Extracting summary for final conversation 4...
✓ Final conversation summary extracted. Attributes: 4, Relationships: 3
Inserting character appearances for 6 characters...
✓ Character appearances inserted: 33 appearance edges created
397 node embeddings inserted (6 characters, 391 objects)
1789 edge embeddings inserted
Generating character attributes...
Number of edges:  1789
Character attributes generated.
Number of edges:  1835
Character relationships generated.
Number of edges:  1883
✓ Graph memory built for kitchen_21
Question: What fruits did Jane buy?

[Step 1] Searching the graph...
Parse Query Output:
{
  "query_triple": ["<Jane>", "buys", "fruit", 0.95, 0.6, 0.6],
  "spatial_constraint": null,
  "speaker_strict": null,
  "allocation": {
    "k_high_level": 5,
    "k_low_level": 38,
    "k_conversations": 7,
    "total_k": 50,
    "reasoning": "Action query about purchases; prioritize low-level edges for specific buy actions and items. Limited need for conversations unless dialogue mentions the fruits."
  }
}

Graph Search Results:
**High-Level Information (Character Attributes and Relationships): **

Character Relationships:
- Alice collaborates with Jane (95)
- Jane trusts Alice (85)
- Alice trusts Jane (85)
- Jane relies on assistance from robot (90)
- Herry appreciates Jane (80)

**Low-Level Information (Actions and Events): **

[3] Jane requests with washing fruit. (kitchen)
[14] Jane continues cutting fruit. (kitchen)
[14] Jane places fruit. (kitchen)
[14] Jane prepares fruit. (kitchen)
[14] Jane chops fruit. (kitchen)
[15] Jane suggests cutting fruit. (kitchen)
[15] Jane proposes putting fruit. (kitchen)
[22] Jane prepares food. (kitchen)
[27] Jane handles fruit. (kitchen)
[28] Jane washes fruit. (kitchen)
[28] Jane handles fruit. (kitchen)
[30] Jane chops food. (kitchen)
[30] Jane prepares food. (kitchen)
[31] Jane handles fruit. (kitchen)
[31] Jane prepares ingredient. (kitchen)
[31] Jane continues cutting fruit. (kitchen)
[32] Jane moves fruit piece. (kitchen)
[32] Jane preps fruit. (kitchen)
[33] Jane puts cut fruit. (kitchen)
[34] Jane chops fruit. (kitchen)
[34] Jane slices fruit. (kitchen)
[35] Jane prepares ingredient. (kitchen)
[35] Jane looks at ingredient. (kitchen)
[35] Jane arranges food. (kitchen)
[36] Jane chops fruit. (kitchen)
[36] Jane arranges fruit. (kitchen)
[36] Jane looks at fruit bowl. (kitchen)
[39] Jane prepares food. (kitchen)
[42] Jane prepares food. (kitchen)
[44] Jane prepares food. (kitchen)
[44] Jane picks up plate of cut fruit. (kitchen)
[45] Jane looks at fruit bowl. (dining room)
[53] Jane holds piece of fruit. (dining room)
[54] Jane points to fruit bowl. (dining room)
[55] Jane moves piece of fruit. (dining room)
[55] Jane moves fruit bowl. (dining room)
[55] Jane arranges fruit piece. (dining room)
[68] Jane looks at cake. (dining room)

**Conversations: **

Conversation 2: Alice and Jane plan and execute decorating a small cake for Herry with a fruit-based design and Oreo/chocolate sprinkles, settling on a blueberry smiley face and a fruit circle. They coordinate cutting and organizing fruits, using a robot to fetch items and clean up, and decide to refrigerate the decorated cake without a lid. Jane expresses concern Herry might discover the surprise, while Alice reassures her and focuses on finishing before he returns.
[13] Alice: Ah the foods are ready thank you.
[13] Alice: Okay Jane I'll give you some fruit plates.
[13] Jane: We don't need any fruit platters did you forget that we decided to cut the fruits and decorate it on the top of the cake?
[13] Alice: Yes but you know you bought too much fruit.
[13] Alice: So I think you can use as much as you want and as much as you can.
[13] Alice: And if not you can just put it in this fruit plate.
[14] Jane: Okay so...
[14] Jane: I will put the remaining and the uncut fruits on the fruit plate later.
[14] Alice: Okay thank you dear.
[14] Jane: I just want wash...
[18] Alice: Just let me start, I think.
[19] Alice: How was your day by the way.
[19] Jane: Well not bad I was just busy with the you know... buying the fruits and everything, how about you?
[19] Alice: Uh I've been a little busy I just went to work and after that I just tried to...
[19] Alice: Go on a shopping buy cake.
[28] Alice: Sorry what did you say?
[28] Jane: I just want to actually put the cut fruit into the bowl.
[28] Jane: And maybe the uncut fruit on the tray.
[28] Jane: Do you think it's that small enough for the strawberries?
[29] Jane: It, should I do it smaller???
[48] Alice: Okay sure let's make a smiley face around the...
[48] Alice: Make a circle around the smiley face.
[48] Jane: How about how about the dragon fruit?
[48] Jane: Can we use the dragon fruit for the smiley face?
[48] Alice: But dragon fruit isn't good for making a smiley face.
[48] Jane: Just, just chocolate?
[48] Alice: Uh maybe I have some blueberries.
[48] Jane: Do we have blueberries?
[48] Alice: And then just let me check at the refrigerator maybe I have some blueberries.
[49] Alice: I have some blueberries we can...

[Step 2] Evaluating semantic answer...
Action: [Answer]
Content: Strawberries, dragon fruit, and blueberries.
FINAL ANSWER (from graph):
Strawberries, dragon fruit, and blueberries.
Question: What’s the fucntion of the fruit plates?

[Step 1] Searching the graph...
Parse Query Output:
{
  "query_triple": ["fruit plates", "function", "?", 0.6, 0.25, 0.15],
  "spatial_constraint": null,
  "speaker_strict": null,
  "allocation": {
    "k_high_level": 6,
    "k_low_level": 32,
    "k_conversations": 12,
    "total_k": 50,
    "reasoning": "Purpose/role of an object likely inferred from actions and placements; use low-level edges to see how fruit plates are used or where they appear, some conversations for explicit mentions, a few high-level edges for general attributes."
  }
}

Graph Search Results:
**High-Level Information (Character Attributes and Relationships): **

Character Attributes:
- Alice is: female (100)
- Herry is: male (100)
- Jane is: female (100)
- character_1 is: male (100)
- character_2 is: female (100), holds smartphone (100)

**Low-Level Information (Actions and Events): **

[13] Alice speaks about giving fruit plate. (kitchen)
[13] Alice points toward fruit plate on counter. (kitchen)
[14] Alice gestures toward fruit plate. (kitchen)
[14] fruit plate is on counter. (kitchen)
[29] Alice gestures toward fruit bowl. (kitchen)
[29] fruit bowl is on counter. (kitchen)
[32] Jane moves fruit piece. (kitchen)
[32] fruit piece is on cutting board. (kitchen)
[36] Jane looks at fruit bowl. (kitchen)
[44] Jane picks up plate of cut fruit. (kitchen)
[45] Jane looks at fruit bowl. (dining room)
[51] Alice glances toward fruit bowl. (dining room)
[51] fruit bowl is on table. (dining room)
[53] Alice arranges fruit bowl. (dining room)
[53] fruit bowl is on table runner. (dining room)
[53] Alice points to fruit bowl. (dining room)
[54] Jane points to fruit bowl. (dining room)
[54] fruit bowl is on table. (dining room)
[54] Alice places fruit piece. (dining room)
[54] fruit piece is onto dessert. (dining room)
[54] Alice picks up fruit bowl. (dining room)
[54] Alice brings closer fruit bowl. (dining room)
[55] Jane points at fruit bowl. (dining room)
[55] Jane moves fruit bowl. (dining room)
[55] Alice reaches toward fruit bowl. (dining room)
[55] fruit piece is on tray. (dining room)
[58] container is near fruit bowl. (dining room and adjacent kitchen)
[63] character_1 holds small plate. (dining room)
[65] character_1 holds small plate. (dining room)
[66] character_1 holds small plate. (dining room)
[67] character_1 holds small plate. (dining room)
[68] Herry holds small plate. (dining room)

**Conversations: **

Conversation 2: Alice and Jane plan and execute decorating a small cake for Herry with a fruit-based design and Oreo/chocolate sprinkles, settling on a blueberry smiley face and a fruit circle. They coordinate cutting and organizing fruits, using a robot to fetch items and clean up, and decide to refrigerate the decorated cake without a lid. Jane expresses concern Herry might discover the surprise, while Alice reassures her and focuses on finishing before he returns.
[13] Alice: Ah the foods are ready thank you.
[13] Alice: Okay Jane I'll give you some fruit plates.
[13] Jane: We don't need any fruit platters did you forget that we decided to cut the fruits and decorate it on the top of the cake?
[13] Alice: Yes but you know you bought too much fruit.
[13] Alice: So I think you can use as much as you want and as much as you can.
[13] Alice: And if not you can just put it in this fruit plate.
[14] Jane: Okay so...
[14] Jane: I will put the remaining and the uncut fruits on the fruit plate later.
[14] Alice: Okay thank you dear.
[14] Jane: I just want wash...
[27] Jane: Yes it is I think.
[27] Alice: Some pieces are bigger I think some pieces are still big.
[27] Jane: I just want to put the cut fruits into the bowl and the food tray to hold the remaining uncut fruits.
[28] Alice: Sorry what did you say?
[28] Jane: I just want to actually put the cut fruit into the bowl.
[28] Jane: And maybe the uncut fruit on the tray.
[28] Jane: Do you think it's that small enough for the strawberries?
[29] Jane: It, should I do it smaller???
[29] Alice: I think the size is good.
[29] Alice: To put them in the fruit bowl.
[29] Alice: Put them in the fruit bowl please and...
[29] Alice: Just put it in the bowl and then I'll ask robot to get the bowl.
[30] Alice: I just want to check some messages.
[33] Alice: Okay thank you.
[33] Alice: Let me see...
[33] Alice: Uh why didn't cut the dragon fruits?
[33] Jane: Oh I forgot about that can you help me about that?
[33] Alice: Yes I can give you the one dragon fruit and I can help you.
[42] Jane: Let's go.
[42] Jane: We can put...
[42] Jane: We can bring the fruits and the cake to the dining table.
[42] Alice: Okay, should I also scrape the chocolate?
[42] Jane: Maybe.
[51] Jane: Okay uh but we can actually...
[51] Jane: We can put the dragon fruits everywhere not in the smiley face.
[51] Alice: What to do with the remaining dragon fruits?
[51] Jane: Can you eat it later?
[51] Alice: Okay then let's... the dragon fruit, place it everywhere.

[Step 2] Evaluating semantic answer...
Action: [Answer]
Content: The fruit plates are used to hold the remaining and uncut fruits.
FINAL ANSWER (from graph):
The fruit plates are used to hold the remaining and uncut fruits.
Question: Was Alice a little unhappy today?

[Step 1] Searching the graph...
Parse Query Output:
{
  "query_triple": ["<Alice>", "unhappy", "today", 0.95, 0.25, 0.6],
  "spatial_constraint": null,
  "speaker_strict": null,
  "allocation": {
    "k_high_level": 8,
    "k_low_level": 12,
    "k_conversations": 30,
    "total_k": 50,
    "reasoning": "Emotional state/why-ish query; use some high-level trait edges, but prioritize conversations for evidence of mood. Low-level edges can show actions indicating unhappiness."
  }
}

Graph Search Results:
**High-Level Information (Character Attributes and Relationships): **

Character Relationships:
- Alice relies on assistance from robot (90)
- Alice collaborates with Jane (95)
- robot is helper/assistant to Alice (85)
- Jane trusts Alice (85)
- Alice trusts Jane (85)
- Herry appreciates Alice (85)
- Jane is friend with Alice (90)
- Jane collaborates with Alice (90)

**Low-Level Information (Actions and Events): **

[2] Alice reads message. (kitchen)
[17] Alice searches inside for tool. (kitchen)
[19] Alice prepares food. (kitchen)
[20] Alice chops food. (kitchen)
[26] Alice prepares food. (kitchen)
[35] Alice discards something. (kitchen)
[38] Alice decides do it later. (kitchen)
[44] Alice stirs something. (kitchen)
[47] Alice handles tool. (dining room)
[65] Alice walks in from right. (dining room)
[69] Alice sits at table. (kitchen and dining area)
[71] Alice says goodbye to others. (apartment dining room and kitchen)

**Conversations: **

Conversation 2: Alice and Jane plan and execute decorating a small cake for Herry with a fruit-based design and Oreo/chocolate sprinkles, settling on a blueberry smiley face and a fruit circle. They coordinate cutting and organizing fruits, using a robot to fetch items and clean up, and decide to refrigerate the decorated cake without a lid. Jane expresses concern Herry might discover the surprise, while Alice reassures her and focuses on finishing before he returns.
[17] Alice: Uh I don't think so maybe but you know he's uh he's a smart...
[18] Jane: Yeah I'm afraid of this too.
[18] Alice: Are you afraid of the being surprised?
[18] Jane: Is the possibility of him knowing about the surprise and everything.
[18] Alice: Just let me start, I think.
[19] Alice: How was your day by the way.
[19] Jane: Well not bad I was just busy with the you know... buying the fruits and everything, how about you?
[19] Alice: Uh I've been a little busy I just went to work and after that I just tried to...
[21] Alice: In the plastic and...
[22] Jane: Are you tired of doing this?
[22] Alice: Ah yeah.
[22] Alice: I'm a little bit...
[22] Alice: I'm not expert at this I don't know how to do it but I'm trying my best because I like to do right...
[22] Alice: And I don't know the things such as cooking making cake this type of stuff by myself but I don't have any experience.
[23] Alice: Oh it's heavy.
[23] Jane: Really it's heavy?
[23] Alice: Yes.
[23] Alice: Are you hungry?
[23] Jane: I like your... yes I'm looking for more... cake.
[24] Alice: I'm trying my best.
[26] Alice: Thank you.
[26] Alice: I think it is enough.
[26] Alice: What do you think?
[27] Jane: About what?
[27] Alice: Come and see the Oreos.
[27] Alice: Some pieces are bigger I think some pieces are still big.
[27] Jane: I just want to put the cut fruits into the bowl and the food tray to hold the remaining uncut fruits.
[28] Alice: Sorry what did you say?
[28] Jane: I just want to actually put the cut fruit into the bowl.
[28] Jane: And maybe the uncut fruit on the tray.
[42] Alice: Okay, should I also scrape the chocolate?
[42] Jane: Maybe.
[42] Alice: Do you want to do that?
[42] Jane: Yes I want.
[43] Jane: So they will watch it, the decoration of that.
[47] Alice: Okay, you want to try it?
[47] Jane: I think we can make a circle around the smile face.
[47] Alice: Hahaha really?
[47] Jane: Don't you think it's a good idea?
[47] Jane: We can use the half.
[48] Jane: Can we use the dragon fruit for the smiley face?
[48] Alice: But dragon fruit isn't good for making a smiley face.
[48] Alice: I don't think so.
[48] Jane: So what should we use?
[48] Jane: Just, just chocolate?
[53] Jane: The cake is just made so cute, the cake is just very small.
[53] Jane: You want to do it like this, I thought maybe you want to do it.
[53] Alice: How about this?
[53] Jane: Very good.
[53] Alice: Let's have some strawberries.
[54] Alice: What we shouldto do?
[54] Jane: It's okay.
[54] Alice: Are you sure?
[54] Jane: I think okay I think Herry would like this.
[54] Jane: Because it is...
[54] Jane: ...As a nose.
[55] Jane: Well done.
[55] Alice: I'm crazy.
[55] Jane: Oh we we can, we can use the dragon fruit around.
[55] Jane: Do you want to do it?
[55] Alice: Yeah just let me check some pictures.
[56] Jane: Okay we can sprinkle the... do you want to sprinkle the biscuits?
[56] Alice: What?
[56] Jane: Sprinkle these biscuits on the...
[56] Jane: Do you want to do that?
[58] Alice: I like it, it's so funny.
[58] Alice: Okay just let me put it in the refrigerator I do not want it be melted.
[58] Alice: Yes oh.
[58] Alice: Robot could you please uh clean the kitchen?
[59] Alice: It's really mess.
[59] Jane: And also the dining table.
[59] Alice: Yes and the dining table.

Conversation 3: Alice and Jane prepare a surprise birthday celebration for Herry, presenting a large fruit-decorated cake and singing to him. Herry expresses happiness and appreciation, noting the cake is delicious and the day is his best. They decide not to finish the cake now and ask a robot to store it for tomorrow. Overall, the event reflects a successful surprise and mutual enjoyment.
[62] Alice: I'm hearing the door the door.
[62] Jane: He's coming he's coming.
[62] Alice: Oh oh my surprise.
[62] Alice: He's coming, let's get ready.
[62] Alice: Okay get here.
[62] Alice: Close the door okay.
[63] Jane: I think he's here.
[63] Alice: Surprise ah surprise.
[63] Alice: Surprise happy birthday.
[63] character_1: Thank you.
[63] character_1: Yeah I'm so happy.
[64] Alice: Happy birthday to you, happy birthday to you happy birthday to Herry...
[64] character_1: It's delicious.
[64] Alice: Happy birthday to you.
[64] character_1: It's the best cake I have seen.
[64] Alice: Yes also we made all the fruit which we put here that's your favorite fruit.
[65] character_1: Yeah sure.
[65] character_1: Scare me a lot.
[65] Alice: Look at your cake do you like it?
[65] character_1: Yeah let's do... share.
[65] Jane: Yes let's do it.
[66] Jane: No we have to look it this way.
[66] Herry: Oh that's a smile face.
[66] Alice: Yeah.
[66] Alice: It's a smiley face but I think the eyes is not so clear.
[67] Alice: How was your day Herry?
[67] Herry: Good that's the best day I have seen.
[67] Jane: Actually the cake is very large, do you want to eat it all?
[68] Herry: No.
[68] Alice: I'm sure I'm a bit tired also.
[68] Alice: Do you want to throw the cake?
[68] Herry: No no...
[68] Herry: No the robot please take the cake back and we will eat it tomorrow.

Conversation 4: The group talks about being tired after a long day and decides it’s time to go to bed. They exchange goodnight wishes, and Jane offers birthday wishes to Herry, which he acknowledges.
[70] Alice: Are you guys tired?
[70] Herry: Yes me too.
[70] Alice: Yes I had a really busy day so I'm really tired.
[70] Jane: I got up very early.
[70] Alice: Yes.
[70] Herry: We get better go to bed now.
[70] Alice: Yes you can go to the bed.

[Step 2] Evaluating semantic answer...
Action: [Answer]
Content: Yes, Alice mentioned being a little unhappy and tired today.
FINAL ANSWER (from graph):
Yes, Alice mentioned being a little unhappy and tired today.
Question: What are the two kitchen utensils used to make Oreo chips

[Step 1] Searching the graph...
Parse Query Output:
{
  "query_triple": [null, "uses", "kitchen utensils for making Oreo chips", 0.1, 0.25, 0.5],
  "spatial_constraint": "kitchen",
  "speaker_strict": null,
  "allocation": {
    "k_high_level": 4,
    "k_low_level": 38,
    "k_conversations": 8,
    "total_k": 50,
    "reasoning": "Object/action-focused query about tools used in a cooking task. Prioritize low-level edges to find specific utensil-use actions in the kitchen; minimal high-level edges; some conversations in case instructions or recipe dialogue mention the utensils."
  }
}

Graph Search Results:
**High-Level Information (Character Attributes and Relationships): **

Character Attributes:
- Herry is: holding phone and small plate (100)
- character_1 is: holding phone and small plate (100)
- character_2 is: holds smartphone (100)
- robot is: black disposable gloves (100)

**Low-Level Information (Actions and Events): **

[12] robot swirls container. (kitchen)
[12] robot wraps with plastic film container. (kitchen)
[13] character_1 reminds about decorating cake with fruit. (kitchen)
[14] Jane keeps slicing strawberry. (kitchen)
[14] Jane chops fruit. (kitchen)
[17] Jane handles produce. (kitchen)
[18] Alice measures ingredient. (kitchen)
[18] Alice pours ingredient into container. (kitchen)
[18] Jane chops ingredient. (kitchen)
[19] Alice slices cookie. (kitchen)
[20] Alice chops food. (kitchen)
[20] Alice slices food. (kitchen)
[21] Alice slices dark ingredient. (kitchen)
[21] Jane prepares item. (kitchen)
[21] Alice chops. (kitchen)
[22] Alice chops ingredient. (kitchen)
[24] Alice stirs ingredient. (kitchen)
[24] Alice stirs with wooden utensil. (kitchen)
[26] Alice mixes ingredient. (kitchen)
[27] Alice mixes ingredient. (kitchen)
[27] Alice suggests using another tool. (kitchen)
[28] Alice prepares ingredient. (kitchen)
[29] Alice continues cooking. (kitchen)
[29] Alice cooks at burner. (kitchen)
[30] Jane chops food. (kitchen)
[30] Jane stirs ingredient. (kitchen)
[30] Jane cooks. (kitchen)
[31] Jane prepares ingredient. (kitchen)
[34] Jane chops fruit. (kitchen)
[34] Jane slices fruit. (kitchen)
[35] Jane prepares ingredient. (kitchen)
[35] Alice cooks. (kitchen)
[35] Jane slices food. (kitchen)
[35] Alice scoops ingredient. (kitchen)
[35] Jane chops. (kitchen)
[36] Jane chops fruit. (kitchen)
[40] Alice cooks. (kitchen)
[44] Alice stirs something. (kitchen)

**Conversations: **

Conversation 2: Alice and Jane plan and execute decorating a small cake for Herry with a fruit-based design and Oreo/chocolate sprinkles, settling on a blueberry smiley face and a fruit circle. They coordinate cutting and organizing fruits, using a robot to fetch items and clean up, and decide to refrigerate the decorated cake without a lid. Jane expresses concern Herry might discover the surprise, while Alice reassures her and focuses on finishing before he returns.
[14] Jane: I just want wash...
[14] Alice: I will go to bring some Oreos.
[14] Jane: Okay I have Oreo and chocolate.
[14] Alice: Okay I want to crack some uh Oreos and chocolate and just put it on the uh cake so how about you?
[15] Jane: I want to actually cut the fruit and put it on the top of the cake.
[15] Jane: Maybe I can put it around the cake.
[15] Jane: Uh let's go with the smiley face.
[16] Jane: Since we don't have any experience on writing the words on the cake so let's go with the smiling face, are you... do you agree?
[16] Alice: Yes, I agree so uh I will start with cracking these Oreos and just putting on the side of the cake.
[16] Alice: Okay just just let me search about it how I can...
[16] Jane: And I want to wash my hands.
[25] Alice: But it's really a physical test believe me.
[25] Jane: It's a physical test really?
[25] Alice: Robot can you hand me a bowl please to hold the Oreo.
[26] robot: Okay.
[26] Alice: Thank you.
[26] Alice: What do you think?
[27] Jane: About what?
[27] Alice: Come and see the Oreos.
[27] Jane: Oh I think it's enough. Isn't it?
[27] Alice: I think it's enough.
[38] Alice: Okay I forgot the chocolate chips.
[38] Alice: I will do it later.
[38] Alice: Maybe I don't have some chocolate chips maybe I can skip it, do you think it's necessary to put it on both of them chocolate chips and Oreos on the cake?
[38] Jane: I don't think it's too much.
[38] Alice: Also we have also some fruits.
[42] Alice: Okay let's go.
[42] Alice: I have scrumptious chocolate.
[42] Alice: Oreos, the scrumptious chocolate, fruits and...
[42] Alice: Finally done with that half of chocolate left.
[42] Jane: Let's go.
[52] Alice: And it can be a part of our circle.
[52] Jane: Yes at the end we can sprinkle the...
[52] Jane: Oreos and the chocolate.
[52] Alice: Okay let's start.
[52] Jane: Okay let's do it.

[Step 2] Evaluating semantic answer...
Action: [Search]
Content: [25, 26, 27, 38, 42, 52]
Summary: The conversation and low-level actions mention Alice cracking Oreos and asking the robot for a bowl to hold Oreo pieces, but the specific kitchen utensils used to make Oreo chips are not explicitly identified in the extracted information and require reviewing the video clips where Oreo preparation occurs.

[Step 3] Watching video clips: [25, 26, 27, 38, 42, 52]

   Processing clip 25 (1/6)...
Question: Where should the robot place the dragon fruit in the sink?

[Step 1] Searching the graph...
Parse Query Output:
{
  "query_triple": ["<robot>", "places", "dragon fruit#sink", 0.95, 0.3, 0.9],
  "spatial_constraint": "sink",
  "speaker_strict": null,
  "allocation": {
    "k_high_level": 4,
    "k_low_level": 40,
    "k_conversations": 6,
    "total_k": 50,
    "reasoning": "Action/spatial instruction focused on specific objects and location; prioritize low-level edges to find placements or instructions related to sink and dragon fruit. Minimal high-level edges, few conversations in case of spoken instructions."
  }
}

Graph Search Results:
**High-Level Information (Character Attributes and Relationships): **

Character Relationships:
- Alice relies on assistance from robot (90)
- Jane relies on assistance from robot (90)
- Herry has authority over robot (85)
- robot is helper/assistant to Alice (85)

**Low-Level Information (Actions and Events): **

[4] robot places yellow sponge. (kitchen sink)
[4] robot puts dragon fruit. (kitchen sink)
[4] robot opens blueberry container lid. (kitchen sink)
[4] robot rinses blueberry. (kitchen sink)
[4] robot sets down blueberry box. (kitchen sink)
[5] robot approaches kitchen sink. (kitchen sink)
[5] robot picks up dragon fruit. (kitchen sink)
[5] robot rinses dragon fruit. (kitchen sink)
[5] robot rotates dragon fruit. (kitchen sink)
[5] robot washes surface dragon fruit. (kitchen sink)
[5] robot sets aside washed dragon fruit. (kitchen sink)
[5] robot brings plastic tray of strawberry. (kitchen sink)
[6] robot unwraps strawberry. (kitchen sink)
[6] robot places into unwrapped strawberry. (kitchen sink)
[6] robot sets into unwrapped strawberry. (kitchen sink)
[6] robot inspects strawberry. (kitchen sink)
[6] robot holds above strawberry. (kitchen sink)
[6] robot gathers unwrapped strawberry. (kitchen sink)
[6] robot holds in unwrapped strawberry. (kitchen sink)
[6] robot shows near handful of strawberry. (kitchen sink)
[7] robot places in plastic container of strawberry. (kitchen sink)
[7] robot lifts strawberry. (kitchen sink)
[7] robot returns to cleaned strawberry. (kitchen sink)
[8] robot points camera at sink. (kitchen sink)
[8] robot moves near sink. (kitchen sink)
[8] robot returns to sink. (kitchen sink)
[8] robot holds under strawberry box. (kitchen sink)
[8] robot rinses strawberry. (kitchen sink)
[8] robot presses gently under strawberry. (kitchen sink)
[8] robot smooths top layer of strawberry. (kitchen sink)
[9] robot stands at sink. (kitchen sink)
[11] robot opens plastic pack of strawberry. (kitchen sink)
[11] robot inspects closely strawberry. (kitchen sink)
[11] robot stirs around in strawberry. (kitchen sink)
[11] robot holds up strawberry. (kitchen sink)
[11] robot checks top strawberry. (kitchen sink)
[11] robot rinses under strawberry. (kitchen sink)
[11] robot places back into rinsed strawberry. (kitchen sink)
[11] robot swirls to wash evenly strawberry. (kitchen sink)
[11] robot arranges neatly in cleaned strawberry. (kitchen sink)

**Conversations: **

Conversation 2: Alice and Jane plan and execute decorating a small cake for Herry with a fruit-based design and Oreo/chocolate sprinkles, settling on a blueberry smiley face and a fruit circle. They coordinate cutting and organizing fruits, using a robot to fetch items and clean up, and decide to refrigerate the decorated cake without a lid. Jane expresses concern Herry might discover the surprise, while Alice reassures her and focuses on finishing before he returns.
[29] Alice: To put them in the fruit bowl.
[29] Alice: Put them in the fruit bowl please and...
[29] Alice: Just put it in the bowl and then I'll ask robot to get the bowl.
[30] Alice: I just want to check some messages.
[30] Alice: I have some messages from Herry.
[36] Alice: Okay then when you finish put the bowl next to my bowl.
[36] Jane: Okay it's ready.
[36] Jane: Alice, there's still a dragon fruit left in the sink.
[37] Jane: Okay robot can you please put the uncut fruit away in the plate and clean the sink.
[38] Jane: Okay are you done with your things?
[38] Jane: Oh we can put it in this sink and ask for the robot to wash.
[38] Alice: Okay I forgot the chocolate chips.
[38] Alice: I will do it later.
[51] Jane: Okay uh but we can actually...
[51] Jane: We can put the dragon fruits everywhere not in the smiley face.
[51] Alice: What to do with the remaining dragon fruits?
[51] Jane: Can you eat it later?
[51] Alice: Okay then let's... the dragon fruit, place it everywhere.

Conversation 1: Alice and Jane coordinate preparations for a celebration, noting the fireworks are placed near the dining room and that Herry will arrive later. They decide to use the time to decorate the cake so it won’t be just cream, and Jane asks a robot to wash the fruits.
[3] Jane: Yes.
[3] Alice: Okay let's begin preparing this stuff.
[3] Jane: Okay robot can you please wash the fruits for us?

[Step 2] Evaluating semantic answer...
Action: [Answer]
Content: The robot should place the dragon fruit in the kitchen sink.
FINAL ANSWER (from graph):
The robot should place the dragon fruit in the kitchen sink.
Question: How many fruit did alice and jane use to decorate the cake?

[Step 1] Searching the graph...
Parse Query Output:
{
  "query_triple": ["<Alice>|<Jane>", "uses to decorate", "fruit", 0.95, 0.3, 0.6],
  "spatial_constraint": null,
  "speaker_strict": null,
  "allocation": {
    "k_high_level": 5,
    "k_low_level": 40,
    "k_conversations": 5,
    "total_k": 50,
    "reasoning": "Quantitative action query about specific objects used in an activity; prioritize low-level edges to find actions involving fruit and cake decoration, minimal high-level/context, small conversations for any explicit mentions of counts."
  }
}

Graph Search Results:
**High-Level Information (Character Attributes and Relationships): **

Character Attributes:
- Alice is: blue denim overalls (100), female (100)
- robot is: no visible face (100), holds the camera perspective (100), black disposable gloves (100)

**Low-Level Information (Actions and Events): **

[3] fruit is in sink basin. (kitchen)
[13] character_1 reminds about decorating cake with fruit. (kitchen)
[14] fruit is on plate. (kitchen)
[15] fruit is around cake. (kitchen)
[20] Alice picks up <Alice>'s phone. (kitchen)
[20] <Alice>'s phone is from counter. (kitchen)
[22] Alice explains <Alice>'s experience. (kitchen)
[26] bowl is near fruit. (kitchen)
[27] fruit is on counter. (kitchen)
[28] fruit is on board. (kitchen)
[30] Alice rests hand on <Alice>'s hip. (kitchen)
[32] cutting board has fruit. (kitchen)
[32] bowl is next to fruit. (kitchen)
[32] fruit is by cutting board. (kitchen)
[33] Alice checks <Jane>'s work. (kitchen)
[33] dragon fruit can make red <Alice>'s shirt. (kitchen)
[34] fruit is on cutting board. (kitchen)
[34] fruit is by stove. (kitchen)
[36] fruit is on cutting board. (kitchen)
[38] Jane acknowledges <Alice>'s decision. (kitchen)
[45] Jane looks at what <Alice> points to. (dining room)
[46] phone is in <Jane>'s right hand. (dining room)
[47] card is in <Jane>'s hand. (dining room)
[47] paper is in <Jane>'s hand. (dining room)
[47] Alice checks <Alice>'s phone. (dining room)
[49] Alice holds <Alice>'s phone. (dining room and adjacent kitchen)
[49] Jane looks at <Jane>'s phone. (dining room and adjacent kitchen)
[50] Alice picks up <Alice>'s phone. (dining room)
[50] <Alice>'s phone is from table. (dining room)
[50] <Jane>'s phone is from table. (dining room)
[50] Alice looks at <Alice>'s phone. (dining room)
[50] Jane looks at <Jane>'s phone. (dining room)
[53] Jane approves <Alice>'s placement. (dining room)
[54] fruit is on dessert. (dining room)
[55] fruit is onto dessert tray. (dining room)
[55] fruit is on tray. (dining room)
[57] Jane looks at <Jane>'s phone. (dining room)
[58] Jane looks at <Jane>'s phone. (dining room and adjacent kitchen)
[58] Alice stands up from <Alice>'s chair. (dining room and adjacent kitchen)
[69] fruit is on kitchen counter. (kitchen and dining area)

**Conversations: **

Conversation 2: Alice and Jane plan and execute decorating a small cake for Herry with a fruit-based design and Oreo/chocolate sprinkles, settling on a blueberry smiley face and a fruit circle. They coordinate cutting and organizing fruits, using a robot to fetch items and clean up, and decide to refrigerate the decorated cake without a lid. Jane expresses concern Herry might discover the surprise, while Alice reassures her and focuses on finishing before he returns.
[13] Alice: Ah the foods are ready thank you.
[13] Alice: Okay Jane I'll give you some fruit plates.
[13] Jane: We don't need any fruit platters did you forget that we decided to cut the fruits and decorate it on the top of the cake?
[13] Alice: Yes but you know you bought too much fruit.
[13] Alice: So I think you can use as much as you want and as much as you can.
[14] Jane: Okay I have Oreo and chocolate.
[14] Alice: Okay I want to crack some uh Oreos and chocolate and just put it on the uh cake so how about you?
[15] Jane: I want to actually cut the fruit and put it on the top of the cake.
[15] Jane: Maybe I can put it around the cake.
[15] Alice: That would be good I'll say you know I just want to make you some smiley face or writing some notes.
[31] Alice: You can ask the robot.
[31] Jane: It's okay it's enough I think isn't it enough???
[31] Alice: I think it's not too much it's enough cause cake garnish is not that big.
[32] Alice: That's good okay robot can you uh hold the bowl?
[32] Alice: Please can you get the bowl please?
[32] Jane: Thank you.
[33] Alice: Okay Jane uh please put the uncut uh cut uh... cut fruits in the bowl.
[33] Jane: Yes I'm doing the same thing.
[33] Alice: Okay thank you.

[Step 2] Evaluating semantic answer...
Action: [Search]
Content: [14, 15, 32, 34, 36, 54, 55]
Summary: The graph shows Alice and Jane discussing and placing fruit on the cake and dessert tray across multiple clips, but it does not specify the exact count of fruits used; reviewing the relevant decoration clips is needed to determine the number.

[Step 3] Watching video clips: [14, 15, 32, 34, 36, 54, 55]

   Processing clip 14 (1/7)...
Question: Did Alice and Jane treat the decorations carefully?

[Step 1] Searching the graph...
Parse Query Output:
{
  "query_triple": ["<Alice>", "treats decorations carefully", "<Jane>", 0.95, 0.25, 0.9],
  "spatial_constraint": null,
  "speaker_strict": null,
  "allocation": {
    "k_high_level": 6,
    "k_low_level": 38,
    "k_conversations": 6,
    "total_k": 50,
    "reasoning": "Action/behavior query focusing on how Alice and Jane handled decorations; prioritize low-level edges for specific handling actions (e.g., placing, moving, avoiding damage). Small high-level for traits if 'careful' appears as attribute. Limited conversations for any remarks about being careful."
  }
}

Graph Search Results:
**High-Level Information (Character Attributes and Relationships): **

Character Relationships:
- Alice collaborates with Jane (95)
- Jane trusts Alice (85)
- Alice trusts Jane (85)
- Jane is friend with Alice (90)
- Jane collaborates with Alice (90)
- Alice is friendly toward Jane (90)

**Low-Level Information (Actions and Events): **

[3] Alice says to Jane. (kitchen)
[18] Jane looks toward Alice. (kitchen)
[18] Jane watches Alice. (kitchen)
[20] Jane watches Alice. (kitchen)
[21] Jane watches Alice. (kitchen)
[22] Alice looks toward Jane. (kitchen)
[22] Alice talks Jane. (kitchen)
[22] Jane talks Alice. (kitchen)
[22] Jane watches Alice. (kitchen)
[22] Jane responds to Alice. (kitchen)
[23] Jane watches Alice. (kitchen)
[23] Jane responds to Alice. (kitchen)
[24] Jane watches Alice. (kitchen)
[25] Jane watches Alice. (kitchen)
[25] Jane looks at Alice. (kitchen)
[28] Alice looks toward Jane. (kitchen)
[29] Alice instructs Jane. (kitchen)
[31] Alice watches Jane. (kitchen)
[31] Alice offers to help Jane. (kitchen)
[33] Alice helps Jane. (kitchen)
[34] Alice turns toward Jane. (kitchen)
[34] Jane cautions Alice. (kitchen)
[36] Alice watches Jane. (kitchen)
[37] Alice looks toward Jane. (kitchen)
[40] Alice instructs Jane. (kitchen)
[40] Alice reminds Jane. (kitchen)
[50] Jane watches Alice. (dining room)
[51] Alice looks at Jane. (dining room)
[51] Jane looks at Alice. (dining room)
[52] Jane claps lightly toward Alice. (dining room)
[52] Jane watches Alice. (dining room)
[53] Jane watches Alice. (dining room)
[54] Jane watches Alice. (dining room)
[54] Jane observes Alice. (dining room)
[55] Alice watches hand movement Jane. (dining room)
[58] Jane watches Alice. (dining room and adjacent kitchen)
[58] Jane acknowledges Alice. (dining room and adjacent kitchen)
[62] Jane hands toward Alice. (kitchen and dining room)

**Conversations: **

Conversation 2: Alice and Jane plan and execute decorating a small cake for Herry with a fruit-based design and Oreo/chocolate sprinkles, settling on a blueberry smiley face and a fruit circle. They coordinate cutting and organizing fruits, using a robot to fetch items and clean up, and decide to refrigerate the decorated cake without a lid. Jane expresses concern Herry might discover the surprise, while Alice reassures her and focuses on finishing before he returns.
[17] Alice: I have rolling pin here I think yes.
[17] Alice: And this one I need a knife.
[17] Jane: Do you think Herry had noticed anything?
[17] Alice: Uh I don't think so maybe but you know he's uh he's a smart...
[18] Jane: Yeah I'm afraid of this too.
[29] Jane: It, should I do it smaller???
[29] Alice: I think the size is good.
[29] Alice: To put them in the fruit bowl.
[29] Alice: Put them in the fruit bowl please and...
[29] Alice: Just put it in the bowl and then I'll ask robot to get the bowl.
[32] Alice: Please can you get the bowl please?
[32] Jane: Thank you.
[33] Alice: Okay Jane uh please put the uncut uh cut uh... cut fruits in the bowl.
[33] Jane: Yes I'm doing the same thing.
[33] Alice: Okay thank you.
[42] Alice: Do you want to do that?
[42] Jane: Yes I want.
[43] Jane: So they will watch it, the decoration of that.
[43] Alice: You like it, it's so...
[43] Jane: I'm on diet recently.
[57] Jane: It will melt.
[57] Alice: Yes. I don't want to make it melt I cannot close it, close the lid because we already designed it well.
[57] Alice: It's decorated.
[58] Alice: If I just put the lid on it...
[58] Alice: It'll ruin.

Conversation 1: Alice and Jane coordinate preparations for a celebration, noting the fireworks are placed near the dining room and that Herry will arrive later. They decide to use the time to decorate the cake so it won’t be just cream, and Jane asks a robot to wash the fruits.
[2] Alice: Jane where are the fireworks you bought before???
[2] Jane: I just put it on the ground next to the dining room.
[2] Alice: Okay uh I already also asked Herry he will come back later.

[Step 2] Evaluating semantic answer...
Action: [Answer]
Content: Yes, they handled the decorations carefully, avoiding a lid to prevent ruining the design and coordinating gentle placement of fruits.
FINAL ANSWER (from graph):
Yes, they handled the decorations carefully, avoiding a lid to prevent ruining the design and coordinating gentle placement of fruits.
Question: Where should the robot place the rolling pin?

[Step 1] Searching the graph...
Parse Query Output:
{
  "query_triple": ["<robot>", "should place", "rolling pin", 0.95, 0.3, 0.85],
  "spatial_constraint": null,
  "speaker_strict": null,
  "allocation": {
    "k_high_level": 5,
    "k_low_level": 37,
    "k_conversations": 8,
    "total_k": 50,
    "reasoning": "Action/spatial recommendation likely derived from observed actions or instructions. Prioritize low-level edges for placement locations and object states; small conversations budget for verbal instructions; few high-level edges for general rules/preferences."
  }
}

Graph Search Results:
**High-Level Information (Character Attributes and Relationships): **

Character Attributes:
- robot is: holds the camera perspective (100)

Character Relationships:
- Jane relies on assistance from robot (90)
- Alice relies on assistance from robot (90)
- Herry has authority over robot (85)
- Jane shows cooperative attitude toward robot (85)

**Low-Level Information (Actions and Events): **

[6] robot places into unwrapped strawberry. (kitchen sink)
[6] robot sets into unwrapped strawberry. (kitchen sink)
[6] robot holds in unwrapped strawberry. (kitchen sink)
[7] robot places in plastic container of strawberry. (kitchen sink)
[11] robot places back into rinsed strawberry. (kitchen sink)
[26] robot stands in kitchen. (kitchen)
[26] robot handles bowl. (kitchen)
[26] robot places bowl. (kitchen)
[32] robot holds bowl. (kitchen)
[32] robot gets bowl. (kitchen)
[32] robot looks at stacked bowl. (kitchen)
[32] robot lifts large white bowl. (kitchen)
[32] robot places bowl. (kitchen)
[37] robot approaches with cutting board. (kitchen)
[37] robot places piece of dragon fruit. (kitchen)
[37] robot adjusts plate. (kitchen)
[37] robot moves plate. (kitchen)
[39] robot moves to wooden rack. (kitchen)
[44] robot moves to wooden rack. (kitchen)
[46] robot takes boxed cake. (dining room)
[46] robot carries cake. (dining room)
[59] robot rinses cutting board. (dining room and kitchen)
[60] robot moves wooden cutting board. (kitchen)
[60] robot rinses cutting board. (kitchen)
[60] robot adjusts angle of cutting board. (kitchen)
[61] robot slides out wooden cutting board. (kitchen)
[61] robot places cutting board. (kitchen)
[61] robot sets aside knife. (kitchen)
[61] robot focuses on cutting board. (kitchen)
[61] robot rinses thoroughly cutting board. (kitchen)
[61] robot wipes cutting board. (kitchen)
[62] robot places wooden cutting board. (kitchen and dining room)
[62] robot stores inside cutting board. (kitchen and dining room)
[68] robot takes back cake. (dining room)
[68] robot places plastic spoon. (dining room)
[69] robot places container of cut fruit. (kitchen and dining area)
[69] robot points toward empty mixing bowl. (kitchen and dining area)

**Conversations: **

Conversation 2: Alice and Jane plan and execute decorating a small cake for Herry with a fruit-based design and Oreo/chocolate sprinkles, settling on a blueberry smiley face and a fruit circle. They coordinate cutting and organizing fruits, using a robot to fetch items and clean up, and decide to refrigerate the decorated cake without a lid. Jane expresses concern Herry might discover the surprise, while Alice reassures her and focuses on finishing before he returns.
[16] Alice: Okay.
[16] Jane: Because I want to do it with the...
[17] Alice: I have rolling pin here I think yes.
[17] Alice: And this one I need a knife.
[17] Jane: Do you think Herry had noticed anything?
[20] Alice: Just let it cool off a bit.
[20] Alice: Oh it's written...
[20] Jane: Maybe you can use the rolling pin.
[20] Alice: Yes I know but it's written at the first I should to start with the some knife.
[21] Alice: Okay just to skip it I want just to put it...
[25] Alice: But it's really a physical test believe me.
[25] Jane: It's a physical test really?
[25] Alice: Robot can you hand me a bowl please to hold the Oreo.
[26] robot: Okay.
[26] Alice: Thank you.
[29] Alice: To put them in the fruit bowl.
[29] Alice: Put them in the fruit bowl please and...
[29] Alice: Just put it in the bowl and then I'll ask robot to get the bowl.
[30] Alice: I just want to check some messages.
[30] Alice: I have some messages from Herry.
[30] Alice: I think maybe he's on way to go to I don't know by a barbershop or somewhere.
[31] Jane: Okay.
[31] Alice: When you finished let the robot get the bowl.
[31] Jane: Yes I'm finished with the cutting the strawberries but not the mangoes yet we can use the...
[31] Alice: Do you want me to help you?
[31] Jane: It's okay it's enough I think isn't it enough???
[31] Alice: I think it's not too much it's enough cause cake garnish is not that big.
[32] Alice: That's good okay robot can you uh hold the bowl?
[32] Alice: Please can you get the bowl please?
[32] Jane: Thank you.
[36] Jane: Okay it's ready.
[36] Jane: Alice, there's still a dragon fruit left in the sink.
[37] Jane: Okay robot can you please put the uncut fruit away in the plate and clean the sink.
[38] Jane: Okay are you done with your things?
[38] Jane: Oh we can put it in this sink and ask for the robot to wash.
[45] Jane: Did we forgot the cake?
[46] Alice: So ask the robot you can bring...
[46] Jane: Okay robot can you please bring the cake here?
[46] Alice: Thank you it was hard to do it in the kitchen now on the dining table it's better because it's wider.
[46] Alice: And we have a... such a big place to finish our job.

[Step 2] Evaluating semantic answer...
Action: [Search]
Content: [17, 20, 31, 32, 36, 37, 46]
Summary: The conversation mentions using a rolling pin and a knife, but does not specify where the robot should place the rolling pin; low-level actions show the robot handling bowls, fruits, cake, and cutting board, with no mention of a rolling pin placement.

[Step 3] Watching video clips: [17, 20, 31, 32, 36, 37, 46]

   Processing clip 17 (1/7)...
Question: Where should the robot place the knife?

[Step 1] Searching the graph...
Parse Query Output:
{
  "query_triple": ["<robot>", "should place", "knife", 0.9, 0.25, 0.8],
  "spatial_constraint": null,
  "speaker_strict": null,
  "allocation": {
    "k_high_level": 5,
    "k_low_level": 38,
    "k_conversations": 7,
    "total_k": 50,
    "reasoning": "Instructional spatial/action query—focus on low-level edges to find past placements or rules about knife locations; minimal high-level for potential role traits; limited conversations for any verbal instructions."
  }
}

Graph Search Results:
**High-Level Information (Character Attributes and Relationships): **

Character Relationships:
- Jane relies on assistance from robot (90)
- Alice relies on assistance from robot (90)
- Jane shows cooperative attitude toward robot (85)
- Herry has authority over robot (85)
- robot is helper/assistant to Alice (85)

**Low-Level Information (Actions and Events): **

[6] robot holds over camera. (kitchen sink)
[7] robot holds over camera. (kitchen sink)
[8] robot moves near sink. (kitchen sink)
[9] robot stands at sink. (kitchen sink)
[9] robot holds camera. (kitchen sink)
[12] robot places near sink. (kitchen)
[13] robot holds camera. (kitchen)
[13] robot moves toward kitchen. (kitchen)
[26] robot stands in kitchen. (kitchen)
[26] robot places bowl. (kitchen)
[32] robot holds bowl. (kitchen)
[32] robot places bowl. (kitchen)
[37] robot approaches with cutting board. (kitchen)
[37] robot adjusts plate. (kitchen)
[37] robot moves plate. (kitchen)
[46] robot walks toward kitchen. (dining room)
[46] robot carries cake. (dining room)
[59] robot walks into kitchen. (dining room and kitchen)
[59] robot places trash. (dining room and kitchen)
[59] robot rinses cutting board. (dining room and kitchen)
[59] robot cleans around sink. (dining room and kitchen)
[60] robot moves wooden cutting board. (kitchen)
[60] robot rinses cutting board. (kitchen)
[60] robot adjusts angle of cutting board. (kitchen)
[61] robot places cutting board. (kitchen)
[61] robot sets aside knife. (kitchen)
[61] robot focuses on cutting board. (kitchen)
[61] robot reaches toward knife block beside sink. (kitchen)
[61] robot rinses thoroughly cutting board. (kitchen)
[61] robot wipes cutting board. (kitchen)
[62] robot places wooden cutting board. (kitchen and dining room)
[62] robot stores inside cutting board. (kitchen and dining room)
[68] robot takes back cake. (dining room)
[68] robot places plastic spoon. (dining room)
[68] robot walks to kitchen. (dining room)
[69] robot places container of cut fruit. (kitchen and dining area)
[69] robot walks to kitchen. (kitchen and dining area)
[71] robot walks into kitchen. (apartment dining room and kitchen)

**Conversations: **

Conversation 2: Alice and Jane plan and execute decorating a small cake for Herry with a fruit-based design and Oreo/chocolate sprinkles, settling on a blueberry smiley face and a fruit circle. They coordinate cutting and organizing fruits, using a robot to fetch items and clean up, and decide to refrigerate the decorated cake without a lid. Jane expresses concern Herry might discover the surprise, while Alice reassures her and focuses on finishing before he returns.
[29] Alice: To put them in the fruit bowl.
[29] Alice: Put them in the fruit bowl please and...
[29] Alice: Just put it in the bowl and then I'll ask robot to get the bowl.
[30] Alice: I just want to check some messages.
[30] Alice: I have some messages from Herry.
[30] Alice: I think maybe he's on way to go to I don't know by a barbershop or somewhere.
[31] Jane: Okay.
[31] Alice: When you finished let the robot get the bowl.
[31] Jane: Yes I'm finished with the cutting the strawberries but not the mangoes yet we can use the...
[31] Alice: Do you want me to help you?
[31] Jane: It's okay it's enough I think isn't it enough???
[31] Alice: I think it's not too much it's enough cause cake garnish is not that big.
[32] Alice: That's good okay robot can you uh hold the bowl?
[32] Alice: Please can you get the bowl please?
[32] Jane: Thank you.
[36] Jane: Okay it's ready.
[36] Jane: Alice, there's still a dragon fruit left in the sink.
[37] Jane: Okay robot can you please put the uncut fruit away in the plate and clean the sink.
[38] Jane: Okay are you done with your things?
[38] Jane: Oh we can put it in this sink and ask for the robot to wash.
[38] Alice: Okay I forgot the chocolate chips.
[38] Alice: I will do it later.
[39] Alice: So I have chocolates and Oreos and fruits everything are there.
[40] Alice: Okay let me just...
[40] Alice: Wash the knife.
[40] Alice: I need it later.
[41] Alice: Okay what do you see in your...
[45] Jane: Did we forgot the cake?
[46] Alice: So ask the robot you can bring...
[46] Jane: Okay robot can you please bring the cake here?
[46] Alice: Thank you it was hard to do it in the kitchen now on the dining table it's better because it's wider.
[46] Alice: And we have a... such a big place to finish our job.

[Step 2] Evaluating semantic answer...
Action: [Answer]
Content: In the knife block beside the sink.
FINAL ANSWER (from graph):
In the knife block beside the sink.
Question: Where should the robot place the chopping board?

[Step 1] Searching the graph...
Parse Query Output:
{
  "query_triple": ["<robot>", "places", "chopping board", 0.9, 0.3, 0.85],
  "spatial_constraint": null,
  "speaker_strict": null,
  "allocation": {
    "k_high_level": 5,
    "k_low_level": 40,
    "k_conversations": 5,
    "total_k": 50,
    "reasoning": "Action/location recommendation for an object by the robot; prioritize low-level edges to find typical placement locations and relevant spatial context, with minimal high-level traits and a small conversation budget for any stated instructions."
  }
}

Graph Search Results:
**High-Level Information (Character Attributes and Relationships): **

Character Attributes:
- robot is: holds the camera perspective (100), no visible face (100)

Character Relationships:
- Alice relies on assistance from robot (90)
- Jane relies on assistance from robot (90)
- Herry has authority over robot (85)

**Low-Level Information (Actions and Events): **

[4] robot places yellow sponge. (kitchen sink)
[7] robot places in plastic container of strawberry. (kitchen sink)
[13] robot moves toward kitchen. (kitchen)
[26] robot stands in kitchen. (kitchen)
[26] robot takes white bowl. (kitchen)
[26] robot places bowl. (kitchen)
[32] robot places bowl. (kitchen)
[37] robot approaches with cutting board. (kitchen)
[37] robot places piece of dragon fruit. (kitchen)
[37] robot places mango half. (kitchen)
[37] robot moves plate. (kitchen)
[39] robot moves to wooden rack. (kitchen)
[44] robot moves to wooden rack. (kitchen)
[46] robot looks inside fridge shelf. (dining room)
[59] robot places trash. (dining room and kitchen)
[59] robot rinses cutting board. (dining room and kitchen)
[59] robot cleans around countertop. (dining room and kitchen)
[60] robot moves wooden cutting board. (kitchen)
[60] robot rinses cutting board. (kitchen)
[60] robot adjusts angle of cutting board. (kitchen)
[60] robot lifts rinsed cutting board. (kitchen)
[61] robot slides out wooden cutting board. (kitchen)
[61] robot places cutting board. (kitchen)
[61] robot sets aside knife. (kitchen)
[61] robot focuses on cutting board. (kitchen)
[61] robot reaches toward knife block beside sink. (kitchen)
[61] robot rinses thoroughly cutting board. (kitchen)
[61] robot lifts wet cutting board. (kitchen)
[61] robot wipes cutting board. (kitchen)
[62] robot places wooden cutting board. (kitchen and dining room)
[62] robot lifts wet cutting board. (kitchen and dining room)
[62] robot stores inside cutting board. (kitchen and dining room)
[68] robot places plastic spoon. (dining room)
[68] robot walks to kitchen. (dining room)
[69] robot places container of cut fruit. (kitchen and dining area)
[69] robot walks to dining table. (kitchen and dining area)
[69] robot sets bowl of fruit. (kitchen and dining area)
[69] robot walks to kitchen. (kitchen and dining area)
[69] robot returns to dining table. (kitchen and dining area)
[71] robot walks into kitchen. (apartment dining room and kitchen)

**Conversations: **

Conversation 2: Alice and Jane plan and execute decorating a small cake for Herry with a fruit-based design and Oreo/chocolate sprinkles, settling on a blueberry smiley face and a fruit circle. They coordinate cutting and organizing fruits, using a robot to fetch items and clean up, and decide to refrigerate the decorated cake without a lid. Jane expresses concern Herry might discover the surprise, while Alice reassures her and focuses on finishing before he returns.
[29] Alice: To put them in the fruit bowl.
[29] Alice: Put them in the fruit bowl please and...
[29] Alice: Just put it in the bowl and then I'll ask robot to get the bowl.
[30] Alice: I just want to check some messages.
[30] Alice: I have some messages from Herry.
[30] Alice: I think maybe he's on way to go to I don't know by a barbershop or somewhere.
[31] Jane: Okay.
[31] Alice: When you finished let the robot get the bowl.
[31] Jane: Yes I'm finished with the cutting the strawberries but not the mangoes yet we can use the...
[31] Alice: Do you want me to help you?
[31] Jane: It's okay it's enough I think isn't it enough???
[31] Alice: I think it's not too much it's enough cause cake garnish is not that big.
[32] Alice: That's good okay robot can you uh hold the bowl?
[32] Alice: Please can you get the bowl please?
[32] Jane: Thank you.
[36] Jane: Okay it's ready.
[36] Jane: Alice, there's still a dragon fruit left in the sink.
[37] Jane: Okay robot can you please put the uncut fruit away in the plate and clean the sink.
[38] Jane: Okay are you done with your things?
[38] Jane: Oh we can put it in this sink and ask for the robot to wash.

Conversation 1: Alice and Jane coordinate preparations for a celebration, noting the fireworks are placed near the dining room and that Herry will arrive later. They decide to use the time to decorate the cake so it won’t be just cream, and Jane asks a robot to wash the fruits.
[3] Jane: Yes.
[3] Alice: Okay let's begin preparing this stuff.
[3] Jane: Okay robot can you please wash the fruits for us?

[Step 2] Evaluating semantic answer...
Action: [Answer]
Content: Inside the wooden rack in the kitchen.
FINAL ANSWER (from graph):
Inside the wooden rack in the kitchen.
✓ Updated results.json for kitchen_21 (10 questions)
✓ Cleaned up video and frames for kitchen_21

============================================================
Processing video: kitchen_08
============================================================
Downloading 1 video(s) to data/videos...

Downloading kitchen_08.mp4...
✓ Successfully downloaded kitchen_08.mp4 to data/videos/kitchen_08.mp4

============================================================
Download Summary:
  Successful: 1/1
============================================================

============================================================
[1/1] Processing: kitchen_08
============================================================
Video: data/videos/kitchen_08.mp4
Subtitles: data/subtitles/robot/kitchen_08.srt
Output: data/frames/kitchen_08
============================================================

Parsing subtitle file: data/subtitles/robot/kitchen_08.srt
Found 161 subtitle entries
Video: 1280x720, 30.00 FPS, 67929 frames, 2264.30s duration

Extracting frames with subtitles...
Grouping frames into folders of 30 frames each
  Saved 10 frames (up to 9s, folder 1)
  Saved 20 frames (up to 19s, folder 1)
  Saved 30 frames (up to 29s, folder 1)
  Saved 40 frames (up to 39s, folder 2)
  Saved 50 frames (up to 49s, folder 2)
  Saved 60 frames (up to 59s, folder 2)
  Saved 70 frames (up to 69s, folder 3)
  Saved 80 frames (up to 79s, folder 3)
  Saved 90 frames (up to 89s, folder 3)
  Saved 100 frames (up to 99s, folder 4)
  Saved 110 frames (up to 109s, folder 4)
  Saved 120 frames (up to 119s, folder 4)
  Saved 130 frames (up to 129s, folder 5)
  Saved 140 frames (up to 139s, folder 5)
  Saved 150 frames (up to 149s, folder 5)
  Saved 160 frames (up to 159s, folder 6)
  Saved 170 frames (up to 169s, folder 6)
  Saved 180 frames (up to 179s, folder 6)
  Saved 190 frames (up to 189s, folder 7)
  Saved 200 frames (up to 199s, folder 7)
  Saved 210 frames (up to 209s, folder 7)
  Saved 220 frames (up to 219s, folder 8)
  Saved 230 frames (up to 229s, folder 8)
  Saved 240 frames (up to 239s, folder 8)
  Saved 250 frames (up to 249s, folder 9)
  Saved 260 frames (up to 259s, folder 9)
  Saved 270 frames (up to 269s, folder 9)
  Saved 280 frames (up to 279s, folder 10)
  Saved 290 frames (up to 289s, folder 10)
  Saved 300 frames (up to 299s, folder 10)
  Saved 310 frames (up to 309s, folder 11)
  Saved 320 frames (up to 319s, folder 11)
  Saved 330 frames (up to 329s, folder 11)
  Saved 340 frames (up to 339s, folder 12)
  Saved 350 frames (up to 349s, folder 12)
  Saved 360 frames (up to 359s, folder 12)
  Saved 370 frames (up to 369s, folder 13)
  Saved 380 frames (up to 379s, folder 13)
  Saved 390 frames (up to 389s, folder 13)
  Saved 400 frames (up to 399s, folder 14)
  Saved 410 frames (up to 409s, folder 14)
  Saved 420 frames (up to 419s, folder 14)
  Saved 430 frames (up to 429s, folder 15)
  Saved 440 frames (up to 439s, folder 15)
  Saved 450 frames (up to 449s, folder 15)
  Saved 460 frames (up to 459s, folder 16)
  Saved 470 frames (up to 469s, folder 16)
  Saved 480 frames (up to 479s, folder 16)
  Saved 490 frames (up to 489s, folder 17)
  Saved 500 frames (up to 499s, folder 17)
  Saved 510 frames (up to 509s, folder 17)
  Saved 520 frames (up to 519s, folder 18)
  Saved 530 frames (up to 529s, folder 18)
  Saved 540 frames (up to 539s, folder 18)
  Saved 550 frames (up to 549s, folder 19)
  Saved 560 frames (up to 559s, folder 19)
  Saved 570 frames (up to 569s, folder 19)
  Saved 580 frames (up to 579s, folder 20)
  Saved 590 frames (up to 589s, folder 20)
  Saved 600 frames (up to 599s, folder 20)
  Saved 610 frames (up to 609s, folder 21)
  Saved 620 frames (up to 619s, folder 21)
  Saved 630 frames (up to 629s, folder 21)
  Saved 640 frames (up to 639s, folder 22)
  Saved 650 frames (up to 649s, folder 22)
  Saved 660 frames (up to 659s, folder 22)
  Saved 670 frames (up to 669s, folder 23)
  Saved 680 frames (up to 679s, folder 23)
  Saved 690 frames (up to 689s, folder 23)
  Saved 700 frames (up to 699s, folder 24)
  Saved 710 frames (up to 709s, folder 24)
  Saved 720 frames (up to 719s, folder 24)
  Saved 730 frames (up to 729s, folder 25)
  Saved 740 frames (up to 739s, folder 25)
  Saved 750 frames (up to 749s, folder 25)
  Saved 760 frames (up to 759s, folder 26)
  Saved 770 frames (up to 769s, folder 26)
  Saved 780 frames (up to 779s, folder 26)
  Saved 790 frames (up to 789s, folder 27)
  Saved 800 frames (up to 799s, folder 27)
  Saved 810 frames (up to 809s, folder 27)
  Saved 820 frames (up to 819s, folder 28)
  Saved 830 frames (up to 829s, folder 28)
  Saved 840 frames (up to 839s, folder 28)
  Saved 850 frames (up to 849s, folder 29)
  Saved 860 frames (up to 859s, folder 29)
  Saved 870 frames (up to 869s, folder 29)
  Saved 880 frames (up to 879s, folder 30)
  Saved 890 frames (up to 889s, folder 30)
  Saved 900 frames (up to 899s, folder 30)
  Saved 910 frames (up to 909s, folder 31)
  Saved 920 frames (up to 919s, folder 31)
  Saved 930 frames (up to 929s, folder 31)
  Saved 940 frames (up to 939s, folder 32)
  Saved 950 frames (up to 949s, folder 32)
  Saved 960 frames (up to 959s, folder 32)
  Saved 970 frames (up to 969s, folder 33)
  Saved 980 frames (up to 979s, folder 33)
  Saved 990 frames (up to 989s, folder 33)
  Saved 1000 frames (up to 999s, folder 34)
  Saved 1010 frames (up to 1009s, folder 34)
  Saved 1020 frames (up to 1019s, folder 34)
  Saved 1030 frames (up to 1029s, folder 35)
  Saved 1040 frames (up to 1039s, folder 35)
  Saved 1050 frames (up to 1049s, folder 35)
  Saved 1060 frames (up to 1059s, folder 36)
  Saved 1070 frames (up to 1069s, folder 36)
  Saved 1080 frames (up to 1079s, folder 36)
  Saved 1090 frames (up to 1089s, folder 37)
  Saved 1100 frames (up to 1099s, folder 37)
  Saved 1110 frames (up to 1109s, folder 37)
  Saved 1120 frames (up to 1119s, folder 38)
  Saved 1130 frames (up to 1129s, folder 38)
  Saved 1140 frames (up to 1139s, folder 38)
  Saved 1150 frames (up to 1149s, folder 39)
  Saved 1160 frames (up to 1159s, folder 39)
  Saved 1170 frames (up to 1169s, folder 39)
  Saved 1180 frames (up to 1179s, folder 40)
  Saved 1190 frames (up to 1189s, folder 40)
  Saved 1200 frames (up to 1199s, folder 40)
  Saved 1210 frames (up to 1209s, folder 41)
  Saved 1220 frames (up to 1219s, folder 41)
  Saved 1230 frames (up to 1229s, folder 41)
  Saved 1240 frames (up to 1239s, folder 42)
  Saved 1250 frames (up to 1249s, folder 42)
  Saved 1260 frames (up to 1259s, folder 42)
  Saved 1270 frames (up to 1269s, folder 43)
  Saved 1280 frames (up to 1279s, folder 43)
  Saved 1290 frames (up to 1289s, folder 43)
  Saved 1300 frames (up to 1299s, folder 44)
  Saved 1310 frames (up to 1309s, folder 44)
  Saved 1320 frames (up to 1319s, folder 44)
  Saved 1330 frames (up to 1329s, folder 45)
  Saved 1340 frames (up to 1339s, folder 45)
  Saved 1350 frames (up to 1349s, folder 45)
  Saved 1360 frames (up to 1359s, folder 46)
  Saved 1370 frames (up to 1369s, folder 46)
  Saved 1380 frames (up to 1379s, folder 46)
  Saved 1390 frames (up to 1389s, folder 47)
  Saved 1400 frames (up to 1399s, folder 47)
  Saved 1410 frames (up to 1409s, folder 47)
  Saved 1420 frames (up to 1419s, folder 48)
  Saved 1430 frames (up to 1429s, folder 48)
  Saved 1440 frames (up to 1439s, folder 48)
  Saved 1450 frames (up to 1449s, folder 49)
  Saved 1460 frames (up to 1459s, folder 49)
  Saved 1470 frames (up to 1469s, folder 49)
  Saved 1480 frames (up to 1479s, folder 50)
  Saved 1490 frames (up to 1489s, folder 50)
  Saved 1500 frames (up to 1499s, folder 50)
  Saved 1510 frames (up to 1509s, folder 51)
  Saved 1520 frames (up to 1519s, folder 51)
  Saved 1530 frames (up to 1529s, folder 51)
  Saved 1540 frames (up to 1539s, folder 52)
  Saved 1550 frames (up to 1549s, folder 52)
  Saved 1560 frames (up to 1559s, folder 52)
  Saved 1570 frames (up to 1569s, folder 53)
  Saved 1580 frames (up to 1579s, folder 53)
  Saved 1590 frames (up to 1589s, folder 53)
  Saved 1600 frames (up to 1599s, folder 54)
  Saved 1610 frames (up to 1609s, folder 54)
  Saved 1620 frames (up to 1619s, folder 54)
  Saved 1630 frames (up to 1629s, folder 55)
  Saved 1640 frames (up to 1639s, folder 55)
  Saved 1650 frames (up to 1649s, folder 55)
  Saved 1660 frames (up to 1659s, folder 56)
  Saved 1670 frames (up to 1669s, folder 56)
  Saved 1680 frames (up to 1679s, folder 56)
  Saved 1690 frames (up to 1689s, folder 57)
  Saved 1700 frames (up to 1699s, folder 57)
  Saved 1710 frames (up to 1709s, folder 57)
  Saved 1720 frames (up to 1719s, folder 58)
  Saved 1730 frames (up to 1729s, folder 58)
  Saved 1740 frames (up to 1739s, folder 58)
  Saved 1750 frames (up to 1749s, folder 59)
  Saved 1760 frames (up to 1759s, folder 59)
  Saved 1770 frames (up to 1769s, folder 59)
  Saved 1780 frames (up to 1779s, folder 60)
  Saved 1790 frames (up to 1789s, folder 60)
  Saved 1800 frames (up to 1799s, folder 60)
  Saved 1810 frames (up to 1809s, folder 61)
  Saved 1820 frames (up to 1819s, folder 61)
  Saved 1830 frames (up to 1829s, folder 61)
  Saved 1840 frames (up to 1839s, folder 62)
  Saved 1850 frames (up to 1849s, folder 62)
  Saved 1860 frames (up to 1859s, folder 62)
  Saved 1870 frames (up to 1869s, folder 63)
  Saved 1880 frames (up to 1879s, folder 63)
  Saved 1890 frames (up to 1889s, folder 63)
  Saved 1900 frames (up to 1899s, folder 64)
  Saved 1910 frames (up to 1909s, folder 64)
  Saved 1920 frames (up to 1919s, folder 64)
  Saved 1930 frames (up to 1929s, folder 65)
  Saved 1940 frames (up to 1939s, folder 65)
  Saved 1950 frames (up to 1949s, folder 65)
  Saved 1960 frames (up to 1959s, folder 66)
  Saved 1970 frames (up to 1969s, folder 66)
  Saved 1980 frames (up to 1979s, folder 66)
  Saved 1990 frames (up to 1989s, folder 67)
  Saved 2000 frames (up to 1999s, folder 67)
  Saved 2010 frames (up to 2009s, folder 67)
  Saved 2020 frames (up to 2019s, folder 68)
  Saved 2030 frames (up to 2029s, folder 68)
  Saved 2040 frames (up to 2039s, folder 68)
  Saved 2050 frames (up to 2049s, folder 69)
  Saved 2060 frames (up to 2059s, folder 69)
  Saved 2070 frames (up to 2069s, folder 69)
  Saved 2080 frames (up to 2079s, folder 70)
  Saved 2090 frames (up to 2089s, folder 70)
  Saved 2100 frames (up to 2099s, folder 70)
  Saved 2110 frames (up to 2109s, folder 71)
  Saved 2120 frames (up to 2119s, folder 71)
  Saved 2130 frames (up to 2129s, folder 71)
  Saved 2140 frames (up to 2139s, folder 72)
  Saved 2150 frames (up to 2149s, folder 72)
  Saved 2160 frames (up to 2159s, folder 72)
  Saved 2170 frames (up to 2169s, folder 73)
  Saved 2180 frames (up to 2179s, folder 73)
  Saved 2190 frames (up to 2189s, folder 73)
  Saved 2200 frames (up to 2199s, folder 74)
  Saved 2210 frames (up to 2209s, folder 74)
  Saved 2220 frames (up to 2219s, folder 74)
  Saved 2230 frames (up to 2229s, folder 75)
  Saved 2240 frames (up to 2239s, folder 75)
  Saved 2250 frames (up to 2249s, folder 75)
  Saved 2260 frames (up to 2259s, folder 76)

✓ Extracted 2265 frames to data/frames/kitchen_08

✓ Successfully processed kitchen_08: 2265 frames saved
--------------------------------
Processing folder:  data/frames/kitchen_08/1
Inserted 15 triples into graph for clip 1
--------------------------------
Processing folder:  data/frames/kitchen_08/2
Extracting summary for completed conversation 1...
✓ Conversation summary extracted. Attributes: 1, Relationships: 0
Inserted 18 triples into graph for clip 2
--------------------------------
Processing folder:  data/frames/kitchen_08/3
Inserted 11 triples into graph for clip 3
--------------------------------
Processing folder:  data/frames/kitchen_08/4
Inserted 15 triples into graph for clip 4
--------------------------------
Processing folder:  data/frames/kitchen_08/5
Inserted 14 triples into graph for clip 5
--------------------------------
Processing folder:  data/frames/kitchen_08/6
Inserted 25 triples into graph for clip 6
--------------------------------
Processing folder:  data/frames/kitchen_08/7
Inserted 20 triples into graph for clip 7
--------------------------------
Processing folder:  data/frames/kitchen_08/8
Inserted 13 triples into graph for clip 8
--------------------------------
Processing folder:  data/frames/kitchen_08/9
Inserted 12 triples into graph for clip 9
--------------------------------
Processing folder:  data/frames/kitchen_08/10
Inserted 18 triples into graph for clip 10
--------------------------------
Processing folder:  data/frames/kitchen_08/11
Inserted 19 triples into graph for clip 11
--------------------------------
Processing folder:  data/frames/kitchen_08/12
Inserted 20 triples into graph for clip 12
--------------------------------
Processing folder:  data/frames/kitchen_08/13
Extracting summary for completed conversation 2...
✓ Conversation summary extracted. Attributes: 6, Relationships: 3
Inserted 18 triples into graph for clip 13
--------------------------------
Processing folder:  data/frames/kitchen_08/14
Inserted 17 triples into graph for clip 14
--------------------------------
Processing folder:  data/frames/kitchen_08/15
Inserted 17 triples into graph for clip 15
--------------------------------
Processing folder:  data/frames/kitchen_08/16
Inserted 18 triples into graph for clip 16
--------------------------------
Processing folder:  data/frames/kitchen_08/17
Inserted 27 triples into graph for clip 17
--------------------------------
Processing folder:  data/frames/kitchen_08/18
Inserted 16 triples into graph for clip 18
--------------------------------
Processing folder:  data/frames/kitchen_08/19
Inserted 18 triples into graph for clip 19
--------------------------------
Processing folder:  data/frames/kitchen_08/20
Inserted 15 triples into graph for clip 20
--------------------------------
Processing folder:  data/frames/kitchen_08/21
Inserted 10 triples into graph for clip 21
--------------------------------
Processing folder:  data/frames/kitchen_08/22
Inserted 14 triples into graph for clip 22
--------------------------------
Processing folder:  data/frames/kitchen_08/23
Inserted 13 triples into graph for clip 23
--------------------------------
Processing folder:  data/frames/kitchen_08/24
Inserted 22 triples into graph for clip 24
--------------------------------
Processing folder:  data/frames/kitchen_08/25
Extracting summary for completed conversation 3...
✓ Conversation summary extracted. Attributes: 3, Relationships: 1
Inserted 19 triples into graph for clip 25
--------------------------------
Processing folder:  data/frames/kitchen_08/26
Inserted 18 triples into graph for clip 26
--------------------------------
Processing folder:  data/frames/kitchen_08/27
Inserted 19 triples into graph for clip 27
--------------------------------
Processing folder:  data/frames/kitchen_08/28
Inserted 23 triples into graph for clip 28
--------------------------------
Processing folder:  data/frames/kitchen_08/29
Inserted 16 triples into graph for clip 29
--------------------------------
Processing folder:  data/frames/kitchen_08/30
Extracting summary for completed conversation 4...
Warning: Character '<X>' not found in graph, skipping attribute: supportive/helper role
Warning: Character '<X>' not found in graph, skipping relationship
✓ Conversation summary extracted. Attributes: 8, Relationships: 3
Inserted 26 triples into graph for clip 30
--------------------------------
Processing folder:  data/frames/kitchen_08/31
Inserted 25 triples into graph for clip 31
--------------------------------
Processing folder:  data/frames/kitchen_08/32
Inserted 27 triples into graph for clip 32
--------------------------------
Processing folder:  data/frames/kitchen_08/33
Extracting summary for completed conversation 5...
✓ Conversation summary extracted. Attributes: 1, Relationships: 0
Inserted 14 triples into graph for clip 33
--------------------------------
Processing folder:  data/frames/kitchen_08/34
Inserted 20 triples into graph for clip 34
--------------------------------
Processing folder:  data/frames/kitchen_08/35
Inserted 15 triples into graph for clip 35
--------------------------------
Processing folder:  data/frames/kitchen_08/36
Inserted 15 triples into graph for clip 36
--------------------------------
Processing folder:  data/frames/kitchen_08/37
Inserted 21 triples into graph for clip 37
--------------------------------
Processing folder:  data/frames/kitchen_08/38
Inserted 16 triples into graph for clip 38
--------------------------------
Processing folder:  data/frames/kitchen_08/39
Inserted 19 triples into graph for clip 39
--------------------------------
Processing folder:  data/frames/kitchen_08/40
Inserted 16 triples into graph for clip 40
--------------------------------
Processing folder:  data/frames/kitchen_08/41
Inserted 19 triples into graph for clip 41
--------------------------------
Processing folder:  data/frames/kitchen_08/42
Extracting summary for completed conversation 6...
✓ Conversation summary extracted. Attributes: 3, Relationships: 1
Inserted 28 triples into graph for clip 42
--------------------------------
Processing folder:  data/frames/kitchen_08/43
Inserted 23 triples into graph for clip 43
--------------------------------
Processing folder:  data/frames/kitchen_08/44
Inserted 20 triples into graph for clip 44
--------------------------------
Processing folder:  data/frames/kitchen_08/45
Inserted 21 triples into graph for clip 45
--------------------------------
Processing folder:  data/frames/kitchen_08/46
Inserted 27 triples into graph for clip 46
--------------------------------
Processing folder:  data/frames/kitchen_08/47
Inserted 20 triples into graph for clip 47
--------------------------------
Processing folder:  data/frames/kitchen_08/48
Inserted 22 triples into graph for clip 48
--------------------------------
Processing folder:  data/frames/kitchen_08/49
Inserted 12 triples into graph for clip 49
--------------------------------
Processing folder:  data/frames/kitchen_08/50
Inserted 22 triples into graph for clip 50
--------------------------------
Processing folder:  data/frames/kitchen_08/51
Inserted 19 triples into graph for clip 51
--------------------------------
Processing folder:  data/frames/kitchen_08/52
Inserted 20 triples into graph for clip 52
--------------------------------
Processing folder:  data/frames/kitchen_08/53
Inserted 21 triples into graph for clip 53
--------------------------------
Processing folder:  data/frames/kitchen_08/54
Inserted 21 triples into graph for clip 54
--------------------------------
Processing folder:  data/frames/kitchen_08/55
Inserted 11 triples into graph for clip 55
--------------------------------
Processing folder:  data/frames/kitchen_08/56
Extracting summary for completed conversation 7...
Warning: Character '<X>' not found in graph, skipping attribute: helpful
Warning: Character '<X>' not found in graph, skipping relationship
Warning: Character '<X>' not found in graph, skipping relationship
✓ Conversation summary extracted. Attributes: 7, Relationships: 4
Inserted 19 triples into graph for clip 56
--------------------------------
Processing folder:  data/frames/kitchen_08/57
Inserted 23 triples into graph for clip 57
--------------------------------
Processing folder:  data/frames/kitchen_08/58
Inserted 17 triples into graph for clip 58
--------------------------------
Processing folder:  data/frames/kitchen_08/59
Inserted 21 triples into graph for clip 59
--------------------------------
Processing folder:  data/frames/kitchen_08/60
Inserted 22 triples into graph for clip 60
--------------------------------
Processing folder:  data/frames/kitchen_08/61
Inserted 31 triples into graph for clip 61
--------------------------------
Processing folder:  data/frames/kitchen_08/62
Inserted 25 triples into graph for clip 62
--------------------------------
Processing folder:  data/frames/kitchen_08/63
Inserted 38 triples into graph for clip 63
--------------------------------
Processing folder:  data/frames/kitchen_08/64
Inserted 26 triples into graph for clip 64
--------------------------------
Processing folder:  data/frames/kitchen_08/65
Inserted 29 triples into graph for clip 65
--------------------------------
Processing folder:  data/frames/kitchen_08/66
Inserted 23 triples into graph for clip 66
--------------------------------
Processing folder:  data/frames/kitchen_08/67
Inserted 9 triples into graph for clip 67
--------------------------------
Processing folder:  data/frames/kitchen_08/68
Inserted 8 triples into graph for clip 68
--------------------------------
Processing folder:  data/frames/kitchen_08/69
Inserted 11 triples into graph for clip 69
--------------------------------
Processing folder:  data/frames/kitchen_08/70
Extracting summary for completed conversation 8...
✓ Conversation summary extracted. Attributes: 8, Relationships: 4
Inserted 8 triples into graph for clip 70
--------------------------------
Processing folder:  data/frames/kitchen_08/71
Inserted 17 triples into graph for clip 71
--------------------------------
Processing folder:  data/frames/kitchen_08/72
Inserted 19 triples into graph for clip 72
--------------------------------
Processing folder:  data/frames/kitchen_08/73
Inserted 31 triples into graph for clip 73
--------------------------------
Processing folder:  data/frames/kitchen_08/74
Inserted 25 triples into graph for clip 74
--------------------------------
Processing folder:  data/frames/kitchen_08/75
Inserted 16 triples into graph for clip 75
--------------------------------
Processing folder:  data/frames/kitchen_08/76
Inserted 0 triples into graph for clip 76
Inserting character appearances for 6 characters...
✓ Character appearances inserted: 30 appearance edges created
326 node embeddings inserted (8 characters, 318 objects)
1485 edge embeddings inserted
Generating character attributes...
Number of edges:  1485
Character attributes generated.
Number of edges:  1530
Character relationships generated.
Number of edges:  1566
✓ Graph memory built for kitchen_08
Question: Who pays more attention to breakfast, Jennie or Lily?

[Step 1] Searching the graph...
Parse Query Output:
{
  "query_triple": ["<Jennie>", "attention to", "breakfast", 0.95, 0.3, 0.6],
  "spatial_constraint": null,
  "speaker_strict": null,
  "allocation": {
    "k_high_level": 6,
    "k_low_level": 34,
    "k_conversations": 10,
    "total_k": 50,
    "reasoning": "Comparative action/behavior query about attention toward breakfast. Use low-level edges to capture concrete actions (preparing, focusing, mentioning breakfast), a few high-level edges for traits/habits, and some conversations for verbal indications of care or priority."
  }
}

Graph Search Results:
**High-Level Information (Character Attributes and Relationships): **

Character Attributes:
- Jennie is: glasses (100), female (100), hair in a high bun (100)

Character Relationships:
- Lily collaborates with Jennie (90)
- Jennie friends with Lily (85)
- Jennie cooperates with Lily (90)

**Low-Level Information (Actions and Events): **

[5] Jennie enters kitchen. (kitchen)
[6] Jennie glances to coffee table. (kitchen-dining area)
[7] Jennie walks into kitchen. (kitchen)
[11] Jennie rinses food. (kitchen)
[16] Jennie works in kitchen. (kitchen)
[18] Jennie places bowl. (kitchen)
[18] Jennie begins cutting food. (kitchen)
[22] Jennie works in kitchen. (kitchen)
[23] Jennie works in kitchen. (kitchen)
[28] Jennie sits at dining table. (kitchen)
[28] Jennie looks toward kitchen. (kitchen)
[29] Jennie sits at dining table. (kitchen)
[29] Jennie looks toward kitchen. (kitchen)
[29] Jennie points toward kettle on the dining table. (kitchen)
[31] Jennie holds bowl. (kitchen)
[31] Jennie places bowl. (kitchen)
[31] Jennie moves to dining table. (kitchen)
[53] Jennie stirs food. (kitchen)
[54] Jennie stirs food. (kitchen)
[55] Jennie stirs food. (kitchen)
[56] Jennie stirs food. (kitchen)
[56] Jennie cooks food. (kitchen)
[57] Jennie stirs food in pan. (kitchen)
[58] Jennie flips food. (kitchen)
[59] Jennie returns attention to pan. (kitchen)
[60] Jennie flips food. (kitchen)
[62] Jennie adjusts wok. (kitchen)
[62] Jennie transfers food. (kitchen)
[62] Jennie returns attention to wok. (kitchen)
[63] Jennie stirs food. (kitchen)
[63] Jennie mixes food. (kitchen)
[64] Jennie prepares food. (kitchen)
[65] Jennie plates food. (kitchen)
[67] Jennie continues about cooking some for breakfast on weekday. (kitchen sink)

**Conversations: **

Conversation 7: Lily and Jennie discuss making sesame paste, with Lily seeking a precise water-to-powder ratio while Jennie prefers cooking by intuition. They decide to clean and organize the refrigerator, acknowledging they overbought groceries that have expired and agreeing to buy less next time. Jennie asks X to help with kitchen tasks, and Lily asserts confidence in her cooking.
[50] Lily: then every day we bought fresh ingredients downstairs
[50] Jennie: I'm wondering why we haven't
[50] Jennie: thought of eating them before
[50] Lily: many are expired
[51] Lily: must be dealt to with
[51] Lily: I think I'm okay
[51] Lily: it's you that bought the most
[51] Jennie: no, I think I bought very little you bought the most
[52] Jennie: next time you accompany us to the supermarket
[52] Jennie: and supervise us
[54] Jennie: X, please clean up the counter.
[54] Lily: Okay.
[55] Jennie: Lily, how is the dish you are cooking coming along? I am going to make my sesame paste.
[55] Lily: You know, Jennie, I can do this.

Conversation 8: Jennie, Lily, and X enjoy delicious noodles and decide to make and roll their own noodles on weekends to cook for weekday breakfasts. They agree to clean up and put items back, with Lily reminding X to tidy the dining table and kitchen before they go back to sleep.
[67] Lily: hmm
[67] Jennie: we can roll our noodles on our own on the weekend and
[67] Jennie: cook some for breakfast in the weekdays
[67] Jennie: rolling out on our own would be much more better than this
[67] Lily: that's great

Conversation 4: Lily and Jennie decide to make a more varied breakfast instead of just noodles, planning dough-based steamed buns that can be prepared in advance and steamed in the morning. They agree Jennie will make black sesame dessert and prefers a hot morning drink, while Lily will cook scrambled eggs with tomatoes. Jennie also coordinates with X to bring a kettle, indicating task delegation.
[27] Lily: it's okay we can prepare it in advance
[27] Lily: freeze it and steam it
[27] Lily: in the morning so we can eat it right away
[27] Jennie: hmm I think so
[27] Jennie: let's do it like this
[28] Lily: black sesame dessert or juice
[28] Jennie: hmm black sesame dessert is okay
[28] Jennie: and I usually drink something hot in the morning
[28] Lily: okay
[28] Lily: I make the scrambled eggs
[28] Lily: and tomatoes and you go make the black sesame dessert
[28] Jennie: okay, I will work with X

Conversation 2: Jennie panics about being late and hungry until Lily reminds her it's the weekend. They discuss making noodles, with Lily opting for a simple tomato-and-egg vegetable noodle dish. Jennie offers to handle dough kneading while Lily cooks, agreeing to collaborate on homemade pasta.
[5] Jennie: ah, I forget the time, I'm late
[5] Jennie: nothing to eat
[5] Lily: what are you doing
[5] Jennie: scary
[10] Lily: I've already taken them out and put them in the sink
[10] Lily: now I'm going to wash the vegetables
[11] Jennie: oh I like eating tomato and egg noodles
[11] Lily: I made it because I know you like to eat
[11] Jennie: wow

[Step 2] Evaluating semantic answer...
Action: [Answer]
Content: Jennie pays more attention to breakfast.
FINAL ANSWER (from graph):
Jennie pays more attention to breakfast.
Question: Does Lily care about kitchen's hygiene?

[Step 1] Searching the graph...
Parse Query Output:
{
  "query_triple": ["<Lily>", "cares about", "kitchen hygiene", 0.95, 0.3, 0.6],
  "spatial_constraint": "kitchen",
  "speaker_strict": null,
  "allocation": {
    "k_high_level": 8,
    "k_low_level": 12,
    "k_conversations": 30,
    "total_k": 50,
    "reasoning": "Attitude/why-style query about caring; use high-level for trait/stance, conversations for expressed concern, and some low-level for observed cleanliness actions in the kitchen."
  }
}

Graph Search Results:
**High-Level Information (Character Attributes and Relationships): **

Character Attributes:
- Lily is: female (100), glasses (100), shoulder-length dark hair tied back low (100)

Character Relationships:
- Lily collaborates with Jennie (90)
- Jennie friends with Lily (85)
- Jennie collaborates with Lily (75)
- Lily receives service from robot (75)
- Lily exerts authority over female at table (65)

**Low-Level Information (Actions and Events): **

[5] Lily is at kitchen sink. (kitchen)
[13] Lily faces kitchen. (kitchen)
[13] Lily watches kitchen area. (kitchen)
[14] Lily faces kitchen. (kitchen)
[27] Lily faces kitchen. (kitchen)
[47] Lily faces kitchen. (kitchen)
[49] Lily looks at open refrigerator. (kitchen)
[50] Lily looks at open fridge. (kitchen)
[50] Lily explains food storage. (kitchen)
[54] Lily opens upper kitchen cabinet. (kitchen)
[59] Lily adjusts item near sink. (kitchen)
[64] Lily watches cooking. (kitchen)

**Conversations: **

Conversation 8: Jennie, Lily, and X enjoy delicious noodles and decide to make and roll their own noodles on weekends to cook for weekday breakfasts. They agree to clean up and put items back, with Lily reminding X to tidy the dining table and kitchen before they go back to sleep.
[65] Jennie: wow
[65] Jennie: thank you
[65] Lily: let's eat it
[65] Lily: x get the utensils for us
[65] x: ok
[66] Lily: thank you
[67] Lily: oh
[67] Lily: the noodles are so delicious
[67] Lily: hmm
[67] Jennie: we can roll our noodles on our own on the weekend and
[67] Jennie: cook some for breakfast in the weekdays
[69] Jennie: where it belongs after it's cleaned up
[69] X: okay
[69] Lily: X don't forget cleaning up the dining table
[69] Lily: and the kitchen

Conversation 7: Lily and Jennie discuss making sesame paste, with Lily seeking a precise water-to-powder ratio while Jennie prefers cooking by intuition. They decide to clean and organize the refrigerator, acknowledging they overbought groceries that have expired and agreeing to buy less next time. Jennie asks X to help with kitchen tasks, and Lily asserts confidence in her cooking.
[48] Jennie: I don't know, I always follow my feelings.
[48] Lily: okay well
[48] Lily: you really have a talent for cooking
[48] Jennie: come on, just make a drink
[48] Jennie: X please put the sesame dessert back in the freezer
[48] X: okay
[49] Lily: oh
[49] Lily: tidy up the refrigerator first
[49] Lily: and throw something away then put it
[49] Jennie: how can we have so many things
[50] Lily: and
[50] Lily: we after we put it in fridge we didn't eat it
[50] Lily: then every day we bought fresh ingredients downstairs
[50] Jennie: I'm wondering why we haven't
[50] Jennie: thought of eating them before
[50] Lily: many are expired
[51] Lily: must be dealt to with
[51] Lily: otherwise they take our place in the fridge
[51] Jennie: now we are wasting money and food again
[51] Jennie: next time we definitely shouldn't buy so much
[51] Lily: yeah
[51] Lily: I think I'm okay
[51] Lily: it's you that bought the most
[52] Jennie: next time you accompany us to the supermarket
[52] Jennie: and supervise us
[52] Lily: okay
[53] Jennie: hmm good job
[54] Jennie: X, please clean up the counter.

Conversation 6: Lily instructs X to clean the cutting board and knife and return them to their proper place. Character_1 acknowledges Lily's directive, indicating agreement to proceed.
[40] character_1: hey coming back
[40] Lily: X, clean up the cutting board and the knife
[41] Lily: X, clean up the cutting board and the knife.
[41] Lily: and put it back the place.
[41] character_1: okay.

Conversation 2: Jennie panics about being late and hungry until Lily reminds her it's the weekend. They discuss making noodles, with Lily opting for a simple tomato-and-egg vegetable noodle dish. Jennie offers to handle dough kneading while Lily cooks, agreeing to collaborate on homemade pasta.
[6] Lily: the phone won't lie to you right
[6] Jennie: where's my phone
[6] Lily: hmm
[7] Lily: ah
[7] Jennie: what are you doing
[7] Lily: I want to eat noodles
[7] Lily: and I try
[7] Lily: making them myself over the weekend
[7] Lily: after watching the jewelry
[7] Lily: I found it's
[7] Lily: particular difficult
[7] Jennie: difficult isn't it just needy though
[8] Lily: so I called you just now to ask for your help
[10] Lily: em
[10] Lily: I got it
[10] Lily: I'll leave the dough kneading to you and I'll handle the cooking
[10] Jennie: cool
[10] Jennie: which kind of noodles are you planning to make
[10] Lily: hmm I'm going to have tomatoes eggs and vegetable noodles
[10] Lily: I've already taken them out and put them in the sink
[10] Lily: now I'm going to wash the vegetables
[11] Jennie: oh I like eating tomato and egg noodles
[11] Lily: I made it because I know you like to eat
[11] Jennie: wow
[11] Lily: oh
[12] Lily: give me a ball

Conversation 4: Lily and Jennie decide to make a more varied breakfast instead of just noodles, planning dough-based steamed buns that can be prepared in advance and steamed in the morning. They agree Jennie will make black sesame dessert and prefers a hot morning drink, while Lily will cook scrambled eggs with tomatoes. Jennie also coordinates with X to bring a kettle, indicating task delegation.
[26] Jennie: Would you need some help?
[26] Lily: Oh.
[26] Lily: I think eating only noodles is a bit boring.
[26] Lily: How about we make something else to eat?
[27] Lily: how about we make something else to eat
[27] Jennie: it's okay
[27] Jennie: if I knead dough, I can use part of it to make steamed buns.
[27] Lily: hmm
[27] Lily: it's okay we can prepare it in advance
[27] Lily: freeze it and steam it
[27] Lily: in the morning so we can eat it right away
[28] Jennie: hmm black sesame dessert is okay
[28] Jennie: and I usually drink something hot in the morning
[28] Lily: okay
[28] Lily: I make the scrambled eggs
[28] Lily: and tomatoes and you go make the black sesame dessert
[28] Jennie: okay, I will work with X

Conversation 1: The conversation is minimal and unclear, consisting only of a brief utterance by Lily. No topics, decisions, or outcomes can be determined.
[1] Lily: hmm

[Step 2] Evaluating semantic answer...
Action: [Answer]
Content: Yes, Lily cares about the kitchen’s hygiene.
FINAL ANSWER (from graph):
Yes, Lily cares about the kitchen’s hygiene.
Question: Is Lily willing to do things for Jennie?

[Step 1] Searching the graph...
Parse Query Output:
{
  "query_triple": ["<Lily>", "willing to do things for", "<Jennie>", 0.95, 0.25, 0.95],
  "spatial_constraint": null,
  "speaker_strict": null,
  "allocation": {
    "k_high_level": 9,
    "k_low_level": 6,
    "k_conversations": 35,
    "total_k": 50,
    "reasoning": "This is a relationship/trait query about Lily's willingness toward Jennie. Use high-level edges for traits/relationships, and conversations to capture statements or evidence of willingness. Include a small number of low-level edges to find concrete actions Lily did for Jennie."
  }
}

Graph Search Results:
**High-Level Information (Character Attributes and Relationships): **

Character Relationships:
- Lily collaborates with Jennie (90)
- Jennie friends with Lily (85)
- Jennie cooperates with Lily (90)
- Jennie collaborates with Lily (75)
- Jennie is friend with Lily (85)
- Lily has friendly rapport with Jennie (85)
- Lily amicable relationship with Jennie (70)
- Lily amicable rapport with Jennie (70)
- Lily shares friendly rapport with Jennie (65)

**Low-Level Information (Actions and Events): **

[7] Jennie responds to Lily. (kitchen)
[10] Lily assigns tasks to Jennie. (kitchen)
[16] Lily looks toward Jennie. (kitchen)
[26] Lily looks toward Jennie. (kitchen)
[28] Lily offers to Jennie. (kitchen)
[58] Jennie steps toward Lily. (kitchen)

**Conversations: **

Conversation 7: Lily and Jennie discuss making sesame paste, with Lily seeking a precise water-to-powder ratio while Jennie prefers cooking by intuition. They decide to clean and organize the refrigerator, acknowledging they overbought groceries that have expired and agreeing to buy less next time. Jennie asks X to help with kitchen tasks, and Lily asserts confidence in her cooking.
[47] Jennie: I don't know, I always follow my feelings
[48] Jennie: I don't know, I always follow my feelings.
[48] Lily: okay well
[48] Lily: you really have a talent for cooking
[48] Jennie: come on, just make a drink
[48] Jennie: X please put the sesame dessert back in the freezer
[48] X: okay
[49] Lily: oh
[49] Lily: tidy up the refrigerator first
[49] Lily: and throw something away then put it
[49] Lily: we went shopping last Sunday in the supermarket
[49] Lily: we bought a lot
[50] Lily: and
[50] Lily: we after we put it in fridge we didn't eat it
[50] Lily: then every day we bought fresh ingredients downstairs
[51] Jennie: now we are wasting money and food again
[51] Jennie: next time we definitely shouldn't buy so much
[51] Lily: yeah
[51] Lily: I think I'm okay
[51] Lily: it's you that bought the most
[52] Jennie: next time you accompany us to the supermarket
[52] Jennie: and supervise us
[52] Lily: okay
[53] Jennie: hmm good job
[54] Jennie: X, please clean up the counter.
[54] Lily: Okay.
[55] Jennie: Lily, how is the dish you are cooking coming along? I am going to make my sesame paste.
[55] Lily: You know, Jennie, I can do this.

Conversation 4: Lily and Jennie decide to make a more varied breakfast instead of just noodles, planning dough-based steamed buns that can be prepared in advance and steamed in the morning. They agree Jennie will make black sesame dessert and prefers a hot morning drink, while Lily will cook scrambled eggs with tomatoes. Jennie also coordinates with X to bring a kettle, indicating task delegation.
[26] Jennie: Would you need some help?
[26] Lily: Oh.
[26] Lily: I think eating only noodles is a bit boring.
[26] Lily: How about we make something else to eat?
[27] Lily: how about we make something else to eat
[27] Jennie: it's okay
[27] Jennie: if I knead dough, I can use part of it to make steamed buns.
[27] Lily: hmm
[27] Lily: it's okay we can prepare it in advance
[27] Lily: freeze it and steam it
[27] Lily: in the morning so we can eat it right away
[27] Jennie: hmm I think so
[27] Jennie: let's do it like this
[28] Lily: what would you like to drink
[28] Lily: black sesame dessert or juice
[28] Jennie: hmm black sesame dessert is okay
[28] Jennie: and I usually drink something hot in the morning
[28] Lily: okay
[28] Lily: I make the scrambled eggs
[28] Lily: and tomatoes and you go make the black sesame dessert
[28] Jennie: okay, I will work with X
[28] Jennie: X please bring the kettle from the dining table
[29] Jennie: thank you

Conversation 1: The conversation is minimal and unclear, consisting only of a brief utterance by Lily. No topics, decisions, or outcomes can be determined.
[1] Lily: hmm

Conversation 2: Jennie panics about being late and hungry until Lily reminds her it's the weekend. They discuss making noodles, with Lily opting for a simple tomato-and-egg vegetable noodle dish. Jennie offers to handle dough kneading while Lily cooks, agreeing to collaborate on homemade pasta.
[5] Jennie: ah, I forget the time, I'm late
[5] Jennie: nothing to eat
[5] Lily: what are you doing
[5] Jennie: scary
[5] Jennie: huh why are you still at home
[6] Lily: the phone won't lie to you right
[6] Jennie: where's my phone
[6] Lily: hmm
[7] Lily: ah
[7] Jennie: what are you doing
[7] Lily: I want to eat noodles
[7] Lily: and I try
[7] Lily: making them myself over the weekend
[7] Lily: but after you know
[7] Lily: after watching the jewelry
[7] Lily: I found it's
[7] Lily: particular difficult
[7] Jennie: difficult isn't it just needy though
[8] Lily: so I called you just now to ask for your help
[8] Lily: I really can't do it
[8] Lily: so I decided to use these noodles
[8] Jennie: hmm let me handle it tomorrow
[9] Jennie: finished products sold outside
[9] Lily: really tell me how to do it
[9] Jennie: okay hmm
[9] Jennie: you need to add water in small
[9] Jennie: amounts multiple times and when you can't control it
[10] Lily: I got it
[10] Lily: I'll leave the dough kneading to you and I'll handle the cooking
[10] Jennie: cool
[10] Jennie: which kind of noodles are you planning to make
[10] Lily: hmm I'm going to have tomatoes eggs and vegetable noodles
[11] Lily: I made it because I know you like to eat
[11] Jennie: wow
[11] Lily: oh
[12] Lily: give me a ball

Conversation 8: Jennie, Lily, and X enjoy delicious noodles and decide to make and roll their own noodles on weekends to cook for weekday breakfasts. They agree to clean up and put items back, with Lily reminding X to tidy the dining table and kitchen before they go back to sleep.
[65] x: ok
[66] Lily: thank you
[67] Lily: oh
[67] Lily: the noodles are so delicious
[67] Lily: hmm
[67] Jennie: we can roll our noodles on our own on the weekend and
[67] Jennie: cook some for breakfast in the weekdays
[67] Jennie: rolling out on our own would be much more better than this
[67] Lily: that's great
[68] Jennie: hmm it's settled
[68] Lily: how about going back to sleep
[68] Jennie: good idea
[68] Jennie: please put the stuff back
[69] Jennie: where it belongs after it's cleaned up

Conversation 5: The conversation is minimal and unclear, consisting only of Jennie acknowledging an incoming call and answering it. No topics, decisions, or outcomes are discussed.
[32] Jennie: oh there's a call coming in
[32] Jennie: hello
[32] Jennie: yeah

[Step 2] Evaluating semantic answer...
Action: [Answer]
Content: Yes, Lily is willing to do things for Jennie.
FINAL ANSWER (from graph):
Yes, Lily is willing to do things for Jennie.
Question: Is Jennie able to make noodle?

[Step 1] Searching the graph...
Parse Query Output:
{
  "query_triple": ["<Jennie>", "ability to make", "noodle", 0.95, 0.3, 0.7],
  "spatial_constraint": null,
  "speaker_strict": null,
  "allocation": {
    "k_high_level": 8,
    "k_low_level": 20,
    "k_conversations": 22,
    "total_k": 50,
    "reasoning": "Ability query: use high-level edges for traits/skills, low-level edges to verify actions like cooking noodles, and conversations for mentions of capability or past attempts."
  }
}

Graph Search Results:
**High-Level Information (Character Attributes and Relationships): **

Character Relationships:
- Lily collaborates with Jennie (90)
- Jennie friends with Lily (85)
- Jennie cooperates with Lily (90)
- Jennie collaborates with Lily (75)
- Jennie is friend with Lily (85)
- Lily has friendly rapport with Jennie (85)
- Lily amicable rapport with Jennie (70)
- Lily amicable relationship with Jennie (70)

**Low-Level Information (Actions and Events): **

[16] Jennie shifts with vegetable. (kitchen)
[18] Jennie places bowl. (kitchen)
[19] Jennie prepares vegetable. (kitchen)
[20] Jennie chops vegetable. (kitchen)
[21] Jennie chops vegetable. (kitchen)
[22] Jennie chops vegetable. (kitchen)
[22] Jennie adjusts vegetable. (kitchen)
[23] Jennie chops vegetable. (kitchen)
[24] Jennie prepares vegetable. (kitchen)
[31] Jennie holds bowl. (kitchen)
[31] Jennie places bowl. (kitchen)
[31] Jennie sets bowl. (kitchen)
[58] Jennie picks up chopstick. (kitchen)
[62] Jennie adjusts wok. (kitchen)
[62] Jennie returns attention to wok. (kitchen)
[62] Jennie stirs wok. (kitchen)
[64] Jennie lifts wok. (kitchen)
[64] Jennie cooks with wok. (kitchen)
[64] Jennie switches between wok. (kitchen)
[67] Jennie proposes rolling noodle on Jennie on weekend. (kitchen sink)

**Conversations: **

Conversation 2: Jennie panics about being late and hungry until Lily reminds her it's the weekend. They discuss making noodles, with Lily opting for a simple tomato-and-egg vegetable noodle dish. Jennie offers to handle dough kneading while Lily cooks, agreeing to collaborate on homemade pasta.
[5] Jennie: ah, I forget the time, I'm late
[5] Jennie: nothing to eat
[5] Lily: what are you doing
[5] Jennie: scary
[6] Lily: hmm
[7] Lily: ah
[7] Jennie: what are you doing
[7] Lily: I want to eat noodles
[7] Lily: and I try
[8] Lily: so I decided to use these noodles
[8] Jennie: hmm let me handle it tomorrow
[8] Jennie: I'm best at making paste
[8] Jennie: and I've been doing it since I was little
[8] Lily: yes I also thought you would
[8] Lily: but I'm afraid of my stereotypes
[9] Jennie: no, we do make pasta on our own
[9] Jennie: and we do look down on the semi
[9] Jennie: finished products sold outside
[9] Lily: really tell me how to do it
[9] Jennie: okay hmm
[9] Jennie: you need to add water in small
[9] Jennie: amounts multiple times and when you can't control it
[10] Lily: I got it
[10] Lily: I'll leave the dough kneading to you and I'll handle the cooking
[10] Jennie: cool
[10] Jennie: which kind of noodles are you planning to make
[10] Lily: hmm I'm going to have tomatoes eggs and vegetable noodles
[10] Lily: I've already taken them out and put them in the sink
[10] Lily: now I'm going to wash the vegetables
[11] Jennie: oh I like eating tomato and egg noodles
[11] Lily: I made it because I know you like to eat
[11] Jennie: wow

Conversation 4: Lily and Jennie decide to make a more varied breakfast instead of just noodles, planning dough-based steamed buns that can be prepared in advance and steamed in the morning. They agree Jennie will make black sesame dessert and prefers a hot morning drink, while Lily will cook scrambled eggs with tomatoes. Jennie also coordinates with X to bring a kettle, indicating task delegation.
[26] Jennie: Would you need some help?
[26] Lily: Oh.
[26] Lily: I think eating only noodles is a bit boring.
[27] Lily: how about we make something else to eat
[27] Jennie: it's okay
[27] Jennie: if I knead dough, I can use part of it to make steamed buns.
[27] Lily: hmm
[27] Lily: it's okay we can prepare it in advance
[27] Lily: freeze it and steam it
[27] Lily: in the morning so we can eat it right away
[27] Jennie: hmm I think so
[27] Jennie: let's do it like this
[28] Lily: what would you like to drink
[28] Lily: black sesame dessert or juice
[28] Jennie: hmm black sesame dessert is okay
[28] Jennie: and I usually drink something hot in the morning
[28] Lily: okay
[28] Jennie: okay, I will work with X
[28] Jennie: X please bring the kettle from the dining table
[29] Jennie: thank you

Conversation 7: Lily and Jennie discuss making sesame paste, with Lily seeking a precise water-to-powder ratio while Jennie prefers cooking by intuition. They decide to clean and organize the refrigerator, acknowledging they overbought groceries that have expired and agreeing to buy less next time. Jennie asks X to help with kitchen tasks, and Lily asserts confidence in her cooking.
[50] Lily: then every day we bought fresh ingredients downstairs
[50] Jennie: I'm wondering why we haven't
[50] Jennie: thought of eating them before
[50] Lily: many are expired
[51] Lily: must be dealt to with
[52] Jennie: and supervise us
[52] Lily: okay
[53] Jennie: hmm good job
[54] Jennie: X, please clean up the counter.
[54] Lily: Okay.
[55] Jennie: Lily, how is the dish you are cooking coming along? I am going to make my sesame paste.
[55] Lily: You know, Jennie, I can do this.

Conversation 8: Jennie, Lily, and X enjoy delicious noodles and decide to make and roll their own noodles on weekends to cook for weekday breakfasts. They agree to clean up and put items back, with Lily reminding X to tidy the dining table and kitchen before they go back to sleep.
[65] Jennie: wow
[65] Jennie: thank you
[65] Lily: let's eat it
[65] Lily: x get the utensils for us
[67] Lily: the noodles are so delicious
[67] Lily: hmm
[67] Jennie: we can roll our noodles on our own on the weekend and
[67] Jennie: cook some for breakfast in the weekdays
[67] Jennie: rolling out on our own would be much more better than this
[67] Lily: that's great

Conversation 5: The conversation is minimal and unclear, consisting only of Jennie acknowledging an incoming call and answering it. No topics, decisions, or outcomes are discussed.
[32] Jennie: oh there's a call coming in
[32] Jennie: hello
[32] Jennie: yeah

[Step 2] Evaluating semantic answer...
Action: [Answer]
Content: Yes, Jennie can make noodles and even offers to handle the dough and roll noodles on weekends.
FINAL ANSWER (from graph):
Yes, Jennie can make noodles and even offers to handle the dough and roll noodles on weekends.
Question: According to the video, how should food made with dough be stored

[Step 1] Searching the graph...
Parse Query Output:
{
  "query_triple": [null, "how to store", "dough-based food", 0.1, 0.3, 0.5],
  "spatial_constraint": null,
  "speaker_strict": null,
  "allocation": {
    "k_high_level": 5,
    "k_low_level": 25,
    "k_conversations": 20,
    "total_k": 50,
    "reasoning": "Instructional 'how' query about storage practices; use low-level edges for specific actions/states (e.g., wrap, refrigerate, container), and conversations for explanations/steps. High-level edges minimally for general tips."
  }
}

Graph Search Results:
**High-Level Information (Character Attributes and Relationships): **

Character Attributes:
- Jennie is: dark high-waisted pants or apron (100), confident in pasta-making skills (85)
- character_1 is: medium build (100)
- character_2 is: dark high-waisted pants or apron (100), hair in a high bun (100)

**Low-Level Information (Actions and Events): **

[19] Jennie chops ingredient. (kitchen)
[31] Lily cooks with wok. (kitchen)
[31] Lily cooks at stove. (kitchen)
[32] Lily cooks at stove. (kitchen)
[34] Lily mixes ingredient. (kitchen)
[37] Lily mixes food in pan. (kitchen)
[45] character_2 cooks using wok. (kitchen and dining area)
[45] character_2 stirs food with spatula. (kitchen and dining area)
[45] character_1 eats from <character_1>'s bowl. (kitchen and dining area)
[46] character_2 scoops food. (kitchen dining area)
[50] Lily explains food storage. (kitchen)
[51] they take our place in fridge. (kitchen refrigerator interior)
[54] Jennie cooks at stove. (kitchen)
[56] Jennie cooks food. (kitchen)
[57] Lily pours liquid from bottle. (kitchen)
[58] Lily mixes bowl. (kitchen)
[59] Lily mixes food. (kitchen)
[60] Lily scoops ingredient. (kitchen)
[61] Lily mixes ingredient. (kitchen)
[61] Lily mixes bowl content. (kitchen)
[62] Lily mixes ingredient. (kitchen)
[63] Jennie mixes food. (kitchen)
[64] Jennie cooks with wok. (kitchen)
[65] Jennie plates food. (kitchen)
[66] bowl is from shelf. (kitchen dining area)

**Conversations: **

Conversation 4: Lily and Jennie decide to make a more varied breakfast instead of just noodles, planning dough-based steamed buns that can be prepared in advance and steamed in the morning. They agree Jennie will make black sesame dessert and prefers a hot morning drink, while Lily will cook scrambled eggs with tomatoes. Jennie also coordinates with X to bring a kettle, indicating task delegation.
[26] Lily: Oh.
[26] Lily: I think eating only noodles is a bit boring.
[26] Lily: How about we make something else to eat?
[27] Lily: how about we make something else to eat
[27] Jennie: it's okay
[27] Jennie: if I knead dough, I can use part of it to make steamed buns.
[27] Lily: hmm
[27] Lily: it's okay we can prepare it in advance
[27] Lily: freeze it and steam it
[27] Lily: in the morning so we can eat it right away
[27] Jennie: hmm I think so
[27] Jennie: let's do it like this
[28] Lily: okay
[28] Lily: I make the scrambled eggs
[28] Lily: and tomatoes and you go make the black sesame dessert
[28] Jennie: okay, I will work with X
[28] Jennie: X please bring the kettle from the dining table

Conversation 7: Lily and Jennie discuss making sesame paste, with Lily seeking a precise water-to-powder ratio while Jennie prefers cooking by intuition. They decide to clean and organize the refrigerator, acknowledging they overbought groceries that have expired and agreeing to buy less next time. Jennie asks X to help with kitchen tasks, and Lily asserts confidence in her cooking.
[47] Lily: what the ratio of the water to powder should be in the
[47] Lily: sesame paste I can never get it right on my own
[47] Jennie: I don't know, I always follow my feelings
[48] Lily: you really have a talent for cooking
[48] Jennie: come on, just make a drink
[48] Jennie: X please put the sesame dessert back in the freezer
[48] X: okay
[49] Lily: oh
[49] Lily: tidy up the refrigerator first
[49] Lily: and throw something away then put it
[49] Jennie: how can we have so many things
[49] Lily: we bought a lot
[50] Lily: and
[50] Lily: we after we put it in fridge we didn't eat it
[50] Lily: then every day we bought fresh ingredients downstairs
[50] Jennie: I'm wondering why we haven't
[50] Jennie: thought of eating them before
[50] Lily: many are expired
[51] Lily: must be dealt to with
[51] Lily: otherwise they take our place in the fridge
[51] Jennie: now we are wasting money and food again
[51] Jennie: next time we definitely shouldn't buy so much

Conversation 2: Jennie panics about being late and hungry until Lily reminds her it's the weekend. They discuss making noodles, with Lily opting for a simple tomato-and-egg vegetable noodle dish. Jennie offers to handle dough kneading while Lily cooks, agreeing to collaborate on homemade pasta.
[8] Lily: yes I also thought you would
[8] Lily: but I'm afraid of my stereotypes
[9] Jennie: no, we do make pasta on our own
[9] Jennie: and we do look down on the semi
[9] Jennie: finished products sold outside
[10] Lily: em
[10] Lily: I got it
[10] Lily: I'll leave the dough kneading to you and I'll handle the cooking
[10] Jennie: cool
[10] Jennie: which kind of noodles are you planning to make
[10] Lily: now I'm going to wash the vegetables
[11] Jennie: oh I like eating tomato and egg noodles
[11] Lily: I made it because I know you like to eat
[11] Jennie: wow
[11] Lily: oh

Conversation 8: Jennie, Lily, and X enjoy delicious noodles and decide to make and roll their own noodles on weekends to cook for weekday breakfasts. They agree to clean up and put items back, with Lily reminding X to tidy the dining table and kitchen before they go back to sleep.
[65] Jennie: wow
[65] Jennie: thank you
[65] Lily: let's eat it
[65] Lily: x get the utensils for us
[65] x: ok
[67] Lily: the noodles are so delicious
[67] Lily: hmm
[67] Jennie: we can roll our noodles on our own on the weekend and
[67] Jennie: cook some for breakfast in the weekdays
[67] Jennie: rolling out on our own would be much more better than this
[67] Lily: that's great
[68] Jennie: good idea
[68] Jennie: please put the stuff back
[69] Jennie: where it belongs after it's cleaned up
[69] X: okay
[69] Lily: X don't forget cleaning up the dining table

[Step 2] Evaluating semantic answer...
Action: [Answer]
Content: Prepare it in advance, freeze it, and steam it in the morning.
FINAL ANSWER (from graph):
Prepare it in advance, freeze it, and steam it in the morning.
Question: How many bowls are used?

[Step 1] Searching the graph...
Parse Query Output:
{
  "query_triple": [null, "count uses", "bowls", 0.1, 0.3, 0.6],
  "spatial_constraint": null,
  "speaker_strict": null,
  "allocation": {
    "k_high_level": 3,
    "k_low_level": 40,
    "k_conversations": 7,
    "total_k": 50,
    "reasoning": "Quantity-of-actions query about objects; prioritize low-level edges to find all 'uses' of bowls. Minimal high-level and some conversations in case usage is mentioned verbally."
  }
}

Graph Search Results:
**High-Level Information (Character Attributes and Relationships): **

Character Attributes:
- Jennie is: glasses (100)
- Lily is: glasses (100)
- character_1 is: medium build (100)

**Low-Level Information (Actions and Events): **

[7] Lily washes something. (kitchen)
[18] Jennie washes ingredient. (kitchen)
[18] Jennie moves to counter. (kitchen)
[19] Jennie chops ingredient. (kitchen)
[25] Jennie washes dish. (kitchen)
[26] Lily rinses ingredient. (kitchen)
[31] Jennie washes dish. (kitchen)
[32] phone rings. (kitchen)
[34] Lily mixes ingredient. (kitchen)
[40] Lily washes dish. (kitchen)
[43] robot pans to countertop. (kitchen-dining area)
[43] character_2 stirs food. (kitchen-dining area)
[44] character_2 stirs pan. (kitchen)
[44] female at table pours snack piece. (kitchen)
[44] character_2 rinses plate. (kitchen)
[45] character_2 turns to counter. (kitchen and dining area)
[45] character_1 eats from <character_1>'s bowl. (kitchen and dining area)
[46] character_2 stirs food. (kitchen dining area)
[46] character_2 scoops food. (kitchen dining area)
[46] character_2 cooks. (kitchen dining area)
[47] Jennie washes item. (kitchen)
[48] Jennie walks to counter near stove. (kitchen)
[55] Lily rinses ingredient. (kitchen)
[55] Lily washes ingredient. (kitchen)
[56] Lily washes dish. (kitchen)
[58] Lily washes ingredient. (kitchen)
[58] Lily mixes bowl. (kitchen)
[60] Lily leans over counter. (kitchen)
[60] Lily pours ingredient. (kitchen)
[60] Lily scoops ingredient. (kitchen)
[60] Lily tidies counter. (kitchen)
[61] Lily mixes ingredient. (kitchen)
[61] Lily leans over counter. (kitchen)
[61] Lily mixes bowl content. (kitchen)
[62] Lily bends over countertop. (kitchen)
[62] Lily mixes ingredient. (kitchen)
[64] Jennie stirs content. (kitchen)
[65] Jennie plates food. (kitchen)
[71] robot sets aside on counter. (kitchen)
[74] camera shows countertop. (kitchen sink area)

**Conversations: **

Conversation 3: Lily requested additional bowls, and the robot acknowledged the request. The interaction suggests a simple service exchange with agreement to fulfill the request.
[24] Lily: X, give me two more bowls.
[24] robot: Okay.

Conversation 7: Lily and Jennie discuss making sesame paste, with Lily seeking a precise water-to-powder ratio while Jennie prefers cooking by intuition. They decide to clean and organize the refrigerator, acknowledging they overbought groceries that have expired and agreeing to buy less next time. Jennie asks X to help with kitchen tasks, and Lily asserts confidence in her cooking.
[47] Lily: what the ratio of the water to powder should be in the
[47] Lily: sesame paste I can never get it right on my own
[47] Jennie: I don't know, I always follow my feelings

Conversation 8: Jennie, Lily, and X enjoy delicious noodles and decide to make and roll their own noodles on weekends to cook for weekday breakfasts. They agree to clean up and put items back, with Lily reminding X to tidy the dining table and kitchen before they go back to sleep.
[65] Jennie: thank you
[65] Lily: let's eat it
[65] Lily: x get the utensils for us
[65] x: ok
[66] Lily: thank you

Conversation 2: Jennie panics about being late and hungry until Lily reminds her it's the weekend. They discuss making noodles, with Lily opting for a simple tomato-and-egg vegetable noodle dish. Jennie offers to handle dough kneading while Lily cooks, agreeing to collaborate on homemade pasta.
[8] Lily: so I called you just now to ask for your help
[8] Lily: I really can't do it
[8] Lily: so I decided to use these noodles
[8] Jennie: hmm let me handle it tomorrow
[8] Jennie: I'm best at making paste
[10] Lily: I'll leave the dough kneading to you and I'll handle the cooking
[10] Jennie: cool
[10] Jennie: which kind of noodles are you planning to make
[10] Lily: hmm I'm going to have tomatoes eggs and vegetable noodles
[10] Lily: I've already taken them out and put them in the sink
[11] Jennie: wow
[11] Lily: oh
[12] Lily: give me a ball

Conversation 6: Lily instructs X to clean the cutting board and knife and return them to their proper place. Character_1 acknowledges Lily's directive, indicating agreement to proceed.
[40] character_1: hey coming back
[40] Lily: X, clean up the cutting board and the knife
[41] Lily: X, clean up the cutting board and the knife.
[41] Lily: and put it back the place.
[41] character_1: okay.

[Step 2] Evaluating semantic answer...
Action: [Search]
Content: [24, 65, 66, 74, 71]
Summary: Lily requested “two more bowls” at clip 24, and later they eat noodles and ask X for utensils around clips 65–66; camera shows the countertop and sink area at clips 71 and 74 which may reveal the actual number of bowls in use. The graph does not explicitly state the total bowls used.

[Step 3] Watching video clips: [24, 65, 66, 74, 71]

   Processing clip 24 (1/5)...
Question: Did Lily and Jennie eat the noodle made by hand with flour this morning?

[Step 1] Searching the graph...
Parse Query Output:
{
  "query_triple": ["<Lily>", "eats", "noodle#handmade_flour", 0.95, 0.35, 0.85],
  "spatial_constraint": "morning",
  "speaker_strict": null,
  "allocation": {
    "k_high_level": 5,
    "k_low_level": 37,
    "k_conversations": 8,
    "total_k": 50,
    "reasoning": "Action and temporal verification query ('Did X eat Y this morning?'). Prioritize low-level edges for specific eating actions and time stamps; minimal high-level edges for character attributes if needed; a small number of conversations to confirm mentions of eating or timing."
  }
}

Graph Search Results:
**High-Level Information (Character Attributes and Relationships): **

Character Attributes:
- Lily is: glasses (100)

Character Relationships:
- Lily collaborates with Jennie (90)
- Jennie friends with Lily (85)
- Jennie collaborates with Lily (75)
- Lily receives service from robot (75)

**Low-Level Information (Actions and Events): **

[8] Lily picks up pack of noodle. (kitchen)
[8] Lily places back pack of noodle. (kitchen)
[24] Lily asks for two bowl. (kitchen)
[26] Lily rinses ingredient. (kitchen)
[26] Lily chops vegetable. (kitchen)
[28] Lily assigns to make black sesame dessert. (kitchen)
[29] Lily prepares vegetable. (kitchen)
[31] Lily cooks with wok. (kitchen)
[32] Lily adds ingredient. (kitchen)
[32] Lily flips food. (kitchen)
[33] Lily picks up bowl. (kitchen)
[33] Lily adds ingredient. (kitchen)
[34] Lily mixes ingredient. (kitchen)
[35] Lily adds ingredient. (kitchen)
[35] Lily moves bowl. (kitchen)
[36] Lily grabs vegetable. (kitchen)
[37] Lily adds ingredient. (kitchen)
[37] Lily mixes food in pan. (kitchen)
[38] Lily carries bowl. (kitchen)
[41] Lily stirs content in wok. (kitchen)
[52] Lily takes plastic bag of vegetable. (kitchen)
[52] Lily picks up bag with tomato. (kitchen)
[54] Lily carries bowl. (kitchen)
[55] Lily rinses ingredient. (kitchen)
[55] Lily washes ingredient. (kitchen)
[56] Lily rinses red bowl. (kitchen)
[58] Lily washes ingredient. (kitchen)
[58] Lily prepares ingredient. (kitchen)
[58] Lily mixes bowl. (kitchen)
[59] Lily mixes food. (kitchen)
[60] Lily pours ingredient. (kitchen)
[60] Lily scoops ingredient. (kitchen)
[61] Lily mixes ingredient. (kitchen)
[61] Lily mixes bowl content. (kitchen)
[62] Lily mixes ingredient. (kitchen)
[62] Lily mixes in bowl. (kitchen)
[64] Lily watches cooking. (kitchen)

**Conversations: **

Conversation 7: Lily and Jennie discuss making sesame paste, with Lily seeking a precise water-to-powder ratio while Jennie prefers cooking by intuition. They decide to clean and organize the refrigerator, acknowledging they overbought groceries that have expired and agreeing to buy less next time. Jennie asks X to help with kitchen tasks, and Lily asserts confidence in her cooking.
[54] Jennie: X, please clean up the counter.
[54] Lily: Okay.
[55] Jennie: Lily, how is the dish you are cooking coming along? I am going to make my sesame paste.
[55] Lily: You know, Jennie, I can do this.

Conversation 2: Jennie panics about being late and hungry until Lily reminds her it's the weekend. They discuss making noodles, with Lily opting for a simple tomato-and-egg vegetable noodle dish. Jennie offers to handle dough kneading while Lily cooks, agreeing to collaborate on homemade pasta.
[7] Lily: ah
[7] Jennie: what are you doing
[7] Lily: I want to eat noodles
[7] Lily: and I try
[7] Lily: making them myself over the weekend
[8] Lily: so I called you just now to ask for your help
[8] Lily: I really can't do it
[8] Lily: so I decided to use these noodles
[8] Jennie: hmm let me handle it tomorrow
[8] Jennie: I'm best at making paste
[8] Lily: yes I also thought you would
[8] Lily: but I'm afraid of my stereotypes
[9] Jennie: no, we do make pasta on our own
[9] Jennie: and we do look down on the semi
[9] Jennie: finished products sold outside
[10] Lily: I'll leave the dough kneading to you and I'll handle the cooking
[10] Jennie: cool
[10] Jennie: which kind of noodles are you planning to make
[10] Lily: hmm I'm going to have tomatoes eggs and vegetable noodles
[10] Lily: I've already taken them out and put them in the sink
[10] Lily: now I'm going to wash the vegetables
[11] Jennie: oh I like eating tomato and egg noodles
[11] Lily: I made it because I know you like to eat
[11] Jennie: wow

Conversation 8: Jennie, Lily, and X enjoy delicious noodles and decide to make and roll their own noodles on weekends to cook for weekday breakfasts. They agree to clean up and put items back, with Lily reminding X to tidy the dining table and kitchen before they go back to sleep.
[66] Lily: thank you
[67] Lily: oh
[67] Lily: the noodles are so delicious
[67] Lily: hmm
[67] Jennie: we can roll our noodles on our own on the weekend and

Conversation 4: Lily and Jennie decide to make a more varied breakfast instead of just noodles, planning dough-based steamed buns that can be prepared in advance and steamed in the morning. They agree Jennie will make black sesame dessert and prefers a hot morning drink, while Lily will cook scrambled eggs with tomatoes. Jennie also coordinates with X to bring a kettle, indicating task delegation.
[27] Lily: how about we make something else to eat
[27] Jennie: it's okay
[27] Jennie: if I knead dough, I can use part of it to make steamed buns.
[27] Lily: hmm
[27] Lily: it's okay we can prepare it in advance

[Step 2] Evaluating semantic answer...
Action: [Answer]
Content: No, they ate simple tomato-and-egg vegetable noodles, not handmade flour noodles.
FINAL ANSWER (from graph):
No, they ate simple tomato-and-egg vegetable noodles, not handmade flour noodles.
Question: How many kinds of food did Jennie make this morning?

[Step 1] Searching the graph...
Parse Query Output:
{
  "query_triple": ["<Jennie>", "makes", "food", 0.95, 0.5, 0.5],
  "spatial_constraint": "morning",
  "speaker_strict": null,
  "allocation": {
    "k_high_level": 5,
    "k_low_level": 40,
    "k_conversations": 5,
    "total_k": 50,
    "reasoning": "Quantitative action query about items made; prioritize low-level edges to enumerate distinct food-making actions in the morning timeframe. Minimal high-level and conversation allocation for context if needed."
  }
}

Graph Search Results:
**High-Level Information (Character Attributes and Relationships): **

Character Attributes:
- Jennie is: female (100), glasses (100), slim (100)

Character Relationships:
- Lily collaborates with Jennie (90)
- Jennie friends with Lily (85)

**Low-Level Information (Actions and Events): **

[5] Jennie enters kitchen. (kitchen)
[11] Jennie rinses food. (kitchen)
[16] Jennie works in kitchen. (kitchen)
[17] Jennie adjusts item. (kitchen)
[18] Jennie washes ingredient. (kitchen)
[18] Jennie begins cutting food. (kitchen)
[18] Jennie adjusts item. (kitchen)
[19] Jennie chops ingredient. (kitchen)
[19] Jennie works kitchen. (kitchen)
[19] Jennie prepares vegetable. (kitchen)
[20] Jennie works kitchen. (kitchen)
[21] Jennie places vegetable. (kitchen)
[21] Jennie works kitchen. (kitchen)
[22] Jennie works in kitchen. (kitchen)
[22] Jennie adjusts vegetable. (kitchen)
[23] Jennie works in kitchen. (kitchen)
[24] Jennie prepares vegetable. (kitchen)
[25] Jennie washes dish. (kitchen)
[26] Jennie faces kitchen. (kitchen)
[29] Jennie places packaged food. (kitchen)
[31] Jennie washes dish. (kitchen)
[31] Jennie sets bowl. (kitchen)
[50] Jennie comments thinking of eating the item. (kitchen)
[53] Jennie stirs food. (kitchen)
[54] Jennie stirs food. (kitchen)
[55] Jennie stirs food. (kitchen)
[56] Jennie stirs food. (kitchen)
[56] Jennie cooks food. (kitchen)
[57] Jennie stirs food in pan. (kitchen)
[58] Jennie flips food. (kitchen)
[60] Jennie flips food. (kitchen)
[62] Jennie transfers food. (kitchen)
[63] Jennie stirs food. (kitchen)
[63] Jennie stirs ingredient. (kitchen)
[63] Jennie mixes food. (kitchen)
[64] Jennie prepares food. (kitchen)
[64] Jennie places into ingredient. (kitchen)
[64] Jennie stirs content. (kitchen)
[64] Jennie checks plate of ingredient. (kitchen)
[65] Jennie plates food. (kitchen)

**Conversations: **

Conversation 8: Jennie, Lily, and X enjoy delicious noodles and decide to make and roll their own noodles on weekends to cook for weekday breakfasts. They agree to clean up and put items back, with Lily reminding X to tidy the dining table and kitchen before they go back to sleep.
[67] Lily: hmm
[67] Jennie: we can roll our noodles on our own on the weekend and
[67] Jennie: cook some for breakfast in the weekdays
[67] Jennie: rolling out on our own would be much more better than this
[67] Lily: that's great

Conversation 2: Jennie panics about being late and hungry until Lily reminds her it's the weekend. They discuss making noodles, with Lily opting for a simple tomato-and-egg vegetable noodle dish. Jennie offers to handle dough kneading while Lily cooks, agreeing to collaborate on homemade pasta.
[5] Jennie: ah, I forget the time, I'm late
[5] Jennie: nothing to eat
[5] Lily: what are you doing
[5] Jennie: scary
[10] Lily: I'll leave the dough kneading to you and I'll handle the cooking
[10] Jennie: cool
[10] Jennie: which kind of noodles are you planning to make
[10] Lily: hmm I'm going to have tomatoes eggs and vegetable noodles
[10] Lily: I've already taken them out and put them in the sink
[10] Lily: now I'm going to wash the vegetables
[11] Jennie: oh I like eating tomato and egg noodles
[11] Lily: I made it because I know you like to eat
[11] Jennie: wow

Conversation 7: Lily and Jennie discuss making sesame paste, with Lily seeking a precise water-to-powder ratio while Jennie prefers cooking by intuition. They decide to clean and organize the refrigerator, acknowledging they overbought groceries that have expired and agreeing to buy less next time. Jennie asks X to help with kitchen tasks, and Lily asserts confidence in her cooking.
[50] Lily: then every day we bought fresh ingredients downstairs
[50] Jennie: I'm wondering why we haven't
[50] Jennie: thought of eating them before
[50] Lily: many are expired
[51] Lily: must be dealt to with

[Step 2] Evaluating semantic answer...
Action: [Search]
Content: [63, 64, 65, 56, 58, 60, 62, 50]
Summary: The graph shows Jennie performing various cooking actions (stirring, flipping, cooking, transferring, mixing, plating) and mentions noodles in conversations, but it does not explicitly enumerate distinct dishes Jennie made; additional clips around the cooking and plating sequences are needed to determine the exact number of different foods prepared.

[Step 3] Watching video clips: [63, 64, 65, 56, 58, 60, 62, 50]

   Processing clip 63 (1/8)...
Question: is Jennie's memory good?

[Step 1] Searching the graph...
Parse Query Output:
{
  "query_triple": ["<Jennie>", "memory quality", "good?", 0.95, 0.25, 0.2],
  "spatial_constraint": null,
  "speaker_strict": null,
  "allocation": {
    "k_high_level": 8,
    "k_low_level": 10,
    "k_conversations": 32,
    "total_k": 50,
    "reasoning": "Trait/ability query about memory quality; use high-level edges for character attributes, and conversations to find evidence of recall/forgetfulness. Limited low-level edges for specific actions showing memory performance."
  }
}

Graph Search Results:
**High-Level Information (Character Attributes and Relationships): **

Character Attributes:
- Jennie is: light gray short-sleeve t-shirt (100), glasses (100), slim (100), female (100), hair in a high bun (100), dark high-waisted pants or apron (100)

Character Relationships:
- Lily collaborates with Jennie (90)
- Jennie friends with Lily (85)

**Low-Level Information (Actions and Events): **

[11] Jennie rinses food. (kitchen)
[27] Jennie replies it is okay. (kitchen)
[53] Jennie stirs food. (kitchen)
[58] Jennie flips food. (kitchen)
[59] Jennie checks pan contents. (kitchen)
[60] Jennie flips food. (kitchen)
[62] Jennie transfers food. (kitchen)
[63] Jennie stirs food. (kitchen)
[63] Jennie mixes food. (kitchen)
[64] Jennie prepares food. (kitchen)

**Conversations: **

Conversation 4: Lily and Jennie decide to make a more varied breakfast instead of just noodles, planning dough-based steamed buns that can be prepared in advance and steamed in the morning. They agree Jennie will make black sesame dessert and prefers a hot morning drink, while Lily will cook scrambled eggs with tomatoes. Jennie also coordinates with X to bring a kettle, indicating task delegation.
[26] Jennie: Would you need some help?
[26] Lily: Oh.
[26] Lily: I think eating only noodles is a bit boring.
[26] Lily: How about we make something else to eat?
[27] Lily: how about we make something else to eat
[27] Jennie: it's okay
[27] Jennie: if I knead dough, I can use part of it to make steamed buns.
[27] Lily: hmm
[27] Lily: freeze it and steam it
[27] Lily: in the morning so we can eat it right away
[27] Jennie: hmm I think so
[27] Jennie: let's do it like this
[28] Lily: what would you like to drink
[28] Lily: black sesame dessert or juice
[28] Jennie: hmm black sesame dessert is okay
[28] Jennie: and I usually drink something hot in the morning
[28] Lily: okay
[28] Jennie: okay, I will work with X
[28] Jennie: X please bring the kettle from the dining table
[29] Jennie: thank you

Conversation 7: Lily and Jennie discuss making sesame paste, with Lily seeking a precise water-to-powder ratio while Jennie prefers cooking by intuition. They decide to clean and organize the refrigerator, acknowledging they overbought groceries that have expired and agreeing to buy less next time. Jennie asks X to help with kitchen tasks, and Lily asserts confidence in her cooking.
[47] Lily: what the ratio of the water to powder should be in the
[47] Lily: sesame paste I can never get it right on my own
[47] Jennie: I don't know, I always follow my feelings
[48] Jennie: I don't know, I always follow my feelings.
[48] Lily: okay well
[48] Lily: you really have a talent for cooking
[49] Lily: tidy up the refrigerator first
[49] Lily: and throw something away then put it
[49] Jennie: how can we have so many things
[49] Lily: you forgot
[49] Lily: we went shopping last Sunday in the supermarket
[50] Lily: we after we put it in fridge we didn't eat it
[50] Lily: then every day we bought fresh ingredients downstairs
[50] Jennie: I'm wondering why we haven't
[50] Jennie: thought of eating them before
[50] Lily: many are expired
[51] Lily: must be dealt to with
[51] Lily: I think I'm okay
[51] Lily: it's you that bought the most
[51] Jennie: no, I think I bought very little you bought the most
[52] Jennie: next time you accompany us to the supermarket
[52] Jennie: and supervise us
[52] Lily: okay
[53] Jennie: hmm good job
[54] Jennie: X, please clean up the counter.
[54] Lily: Okay.

Conversation 5: The conversation is minimal and unclear, consisting only of Jennie acknowledging an incoming call and answering it. No topics, decisions, or outcomes are discussed.
[32] Jennie: oh there's a call coming in
[32] Jennie: hello
[32] Jennie: yeah

Conversation 2: Jennie panics about being late and hungry until Lily reminds her it's the weekend. They discuss making noodles, with Lily opting for a simple tomato-and-egg vegetable noodle dish. Jennie offers to handle dough kneading while Lily cooks, agreeing to collaborate on homemade pasta.
[5] Jennie: ah, I forget the time, I'm late
[5] Jennie: nothing to eat
[5] Lily: what are you doing
[5] Jennie: scary
[5] Jennie: huh why are you still at home
[5] Jennie: whether you are whether you didn't go to work or
[5] Lily: today is the weekend
[5] Jennie: the weekend, it's a weekend
[5] Jennie: you're kidding me
[5] Jennie: today is not April Fool's day
[6] Jennie: don't lie to me
[6] Lily: you don't believe me
[6] Lily: take a look at your phone
[6] Lily: the phone won't lie to you right
[6] Jennie: where's my phone
[6] Lily: hmm
[7] Lily: ah
[7] Jennie: what are you doing
[7] Lily: I want to eat noodles
[7] Lily: and I try
[8] Lily: so I decided to use these noodles
[8] Jennie: hmm let me handle it tomorrow
[8] Jennie: I'm best at making paste
[8] Jennie: and I've been doing it since I was little
[8] Lily: yes I also thought you would
[8] Lily: but I'm afraid of my stereotypes
[9] Jennie: finished products sold outside
[9] Lily: really tell me how to do it
[9] Jennie: okay hmm
[9] Jennie: you need to add water in small
[9] Jennie: amounts multiple times and when you can't control it
[9] Jennie: you need to manage
[9] Jennie: the addition of water even more carefully
[10] Lily: em
[10] Lily: I got it
[10] Lily: I'll leave the dough kneading to you and I'll handle the cooking
[10] Jennie: cool
[10] Jennie: which kind of noodles are you planning to make
[10] Lily: hmm I'm going to have tomatoes eggs and vegetable noodles
[11] Jennie: oh I like eating tomato and egg noodles
[11] Lily: I made it because I know you like to eat
[11] Jennie: wow
[11] Lily: oh
[12] Lily: give me a ball

Conversation 8: Jennie, Lily, and X enjoy delicious noodles and decide to make and roll their own noodles on weekends to cook for weekday breakfasts. They agree to clean up and put items back, with Lily reminding X to tidy the dining table and kitchen before they go back to sleep.
[65] Jennie: wow
[65] Jennie: thank you
[65] Lily: let's eat it
[65] Lily: x get the utensils for us
[67] Jennie: rolling out on our own would be much more better than this
[67] Lily: that's great
[68] Jennie: hmm it's settled
[68] Lily: how about going back to sleep
[68] Jennie: good idea
[68] Jennie: please put the stuff back
[69] Jennie: where it belongs after it's cleaned up

[Step 2] Evaluating semantic answer...
Action: [Answer]
Content: No, Jennie’s memory appears poor, as she forgets the time, thinks she’s late, and doesn’t remember it’s the weekend.
FINAL ANSWER (from graph):
No, Jennie’s memory appears poor, as she forgets the time, thinks she’s late, and doesn’t remember it’s the weekend.
✓ Updated results.json for kitchen_08 (9 questions)
✓ Cleaned up video and frames for kitchen_08

============================================================
Processing video: living_room_01
============================================================
Downloading 1 video(s) to data/videos...

Downloading living_room_01.mp4...
✓ Successfully downloaded living_room_01.mp4 to data/videos/living_room_01.mp4

============================================================
Download Summary:
  Successful: 1/1
============================================================

============================================================
[1/1] Processing: living_room_01
============================================================
Video: data/videos/living_room_01.mp4
Subtitles: data/subtitles/robot/living_room_01.srt
Output: data/frames/living_room_01
============================================================

Parsing subtitle file: data/subtitles/robot/living_room_01.srt
Found 300 subtitle entries
Video: 1280x720, 30.00 FPS, 60017 frames, 2000.57s duration

Extracting frames with subtitles...
Grouping frames into folders of 30 frames each
  Saved 10 frames (up to 9s, folder 1)
  Saved 20 frames (up to 19s, folder 1)
  Saved 30 frames (up to 29s, folder 1)
  Saved 40 frames (up to 39s, folder 2)
  Saved 50 frames (up to 49s, folder 2)
  Saved 60 frames (up to 59s, folder 2)
  Saved 70 frames (up to 69s, folder 3)
  Saved 80 frames (up to 79s, folder 3)
  Saved 90 frames (up to 89s, folder 3)
  Saved 100 frames (up to 99s, folder 4)
  Saved 110 frames (up to 109s, folder 4)
  Saved 120 frames (up to 119s, folder 4)
  Saved 130 frames (up to 129s, folder 5)
  Saved 140 frames (up to 139s, folder 5)
  Saved 150 frames (up to 149s, folder 5)
  Saved 160 frames (up to 159s, folder 6)
  Saved 170 frames (up to 169s, folder 6)
  Saved 180 frames (up to 179s, folder 6)
  Saved 190 frames (up to 189s, folder 7)
  Saved 200 frames (up to 199s, folder 7)
  Saved 210 frames (up to 209s, folder 7)
  Saved 220 frames (up to 219s, folder 8)
  Saved 230 frames (up to 229s, folder 8)
  Saved 240 frames (up to 239s, folder 8)
  Saved 250 frames (up to 249s, folder 9)
  Saved 260 frames (up to 259s, folder 9)
  Saved 270 frames (up to 269s, folder 9)
  Saved 280 frames (up to 279s, folder 10)
  Saved 290 frames (up to 289s, folder 10)
  Saved 300 frames (up to 299s, folder 10)
  Saved 310 frames (up to 309s, folder 11)
  Saved 320 frames (up to 319s, folder 11)
  Saved 330 frames (up to 329s, folder 11)
  Saved 340 frames (up to 339s, folder 12)
  Saved 350 frames (up to 349s, folder 12)
  Saved 360 frames (up to 359s, folder 12)
  Saved 370 frames (up to 369s, folder 13)
  Saved 380 frames (up to 379s, folder 13)
  Saved 390 frames (up to 389s, folder 13)
  Saved 400 frames (up to 399s, folder 14)
  Saved 410 frames (up to 409s, folder 14)
  Saved 420 frames (up to 419s, folder 14)
  Saved 430 frames (up to 429s, folder 15)
  Saved 440 frames (up to 439s, folder 15)
  Saved 450 frames (up to 449s, folder 15)
  Saved 460 frames (up to 459s, folder 16)
  Saved 470 frames (up to 469s, folder 16)
  Saved 480 frames (up to 479s, folder 16)
  Saved 490 frames (up to 489s, folder 17)
  Saved 500 frames (up to 499s, folder 17)
  Saved 510 frames (up to 509s, folder 17)
  Saved 520 frames (up to 519s, folder 18)
  Saved 530 frames (up to 529s, folder 18)
  Saved 540 frames (up to 539s, folder 18)
  Saved 550 frames (up to 549s, folder 19)
  Saved 560 frames (up to 559s, folder 19)
  Saved 570 frames (up to 569s, folder 19)
  Saved 580 frames (up to 579s, folder 20)
  Saved 590 frames (up to 589s, folder 20)
  Saved 600 frames (up to 599s, folder 20)
  Saved 610 frames (up to 609s, folder 21)
  Saved 620 frames (up to 619s, folder 21)
  Saved 630 frames (up to 629s, folder 21)
  Saved 640 frames (up to 639s, folder 22)
  Saved 650 frames (up to 649s, folder 22)
  Saved 660 frames (up to 659s, folder 22)
  Saved 670 frames (up to 669s, folder 23)
  Saved 680 frames (up to 679s, folder 23)
  Saved 690 frames (up to 689s, folder 23)
  Saved 700 frames (up to 699s, folder 24)
  Saved 710 frames (up to 709s, folder 24)
  Saved 720 frames (up to 719s, folder 24)
  Saved 730 frames (up to 729s, folder 25)
  Saved 740 frames (up to 739s, folder 25)
  Saved 750 frames (up to 749s, folder 25)
  Saved 760 frames (up to 759s, folder 26)
  Saved 770 frames (up to 769s, folder 26)
  Saved 780 frames (up to 779s, folder 26)
  Saved 790 frames (up to 789s, folder 27)
  Saved 800 frames (up to 799s, folder 27)
  Saved 810 frames (up to 809s, folder 27)
  Saved 820 frames (up to 819s, folder 28)
  Saved 830 frames (up to 829s, folder 28)
  Saved 840 frames (up to 839s, folder 28)
  Saved 850 frames (up to 849s, folder 29)
  Saved 860 frames (up to 859s, folder 29)
  Saved 870 frames (up to 869s, folder 29)
  Saved 880 frames (up to 879s, folder 30)
  Saved 890 frames (up to 889s, folder 30)
  Saved 900 frames (up to 899s, folder 30)
  Saved 910 frames (up to 909s, folder 31)
  Saved 920 frames (up to 919s, folder 31)
  Saved 930 frames (up to 929s, folder 31)
  Saved 940 frames (up to 939s, folder 32)
  Saved 950 frames (up to 949s, folder 32)
  Saved 960 frames (up to 959s, folder 32)
  Saved 970 frames (up to 969s, folder 33)
  Saved 980 frames (up to 979s, folder 33)
  Saved 990 frames (up to 989s, folder 33)
  Saved 1000 frames (up to 999s, folder 34)
  Saved 1010 frames (up to 1009s, folder 34)
  Saved 1020 frames (up to 1019s, folder 34)
  Saved 1030 frames (up to 1029s, folder 35)
  Saved 1040 frames (up to 1039s, folder 35)
  Saved 1050 frames (up to 1049s, folder 35)
  Saved 1060 frames (up to 1059s, folder 36)
  Saved 1070 frames (up to 1069s, folder 36)
  Saved 1080 frames (up to 1079s, folder 36)
  Saved 1090 frames (up to 1089s, folder 37)
  Saved 1100 frames (up to 1099s, folder 37)
  Saved 1110 frames (up to 1109s, folder 37)
  Saved 1120 frames (up to 1119s, folder 38)
  Saved 1130 frames (up to 1129s, folder 38)
  Saved 1140 frames (up to 1139s, folder 38)
  Saved 1150 frames (up to 1149s, folder 39)
  Saved 1160 frames (up to 1159s, folder 39)
  Saved 1170 frames (up to 1169s, folder 39)
  Saved 1180 frames (up to 1179s, folder 40)
  Saved 1190 frames (up to 1189s, folder 40)
  Saved 1200 frames (up to 1199s, folder 40)
  Saved 1210 frames (up to 1209s, folder 41)
  Saved 1220 frames (up to 1219s, folder 41)
  Saved 1230 frames (up to 1229s, folder 41)
  Saved 1240 frames (up to 1239s, folder 42)
  Saved 1250 frames (up to 1249s, folder 42)
  Saved 1260 frames (up to 1259s, folder 42)
  Saved 1270 frames (up to 1269s, folder 43)
  Saved 1280 frames (up to 1279s, folder 43)
  Saved 1290 frames (up to 1289s, folder 43)
  Saved 1300 frames (up to 1299s, folder 44)
  Saved 1310 frames (up to 1309s, folder 44)
  Saved 1320 frames (up to 1319s, folder 44)
  Saved 1330 frames (up to 1329s, folder 45)
  Saved 1340 frames (up to 1339s, folder 45)
  Saved 1350 frames (up to 1349s, folder 45)
  Saved 1360 frames (up to 1359s, folder 46)
  Saved 1370 frames (up to 1369s, folder 46)
  Saved 1380 frames (up to 1379s, folder 46)
  Saved 1390 frames (up to 1389s, folder 47)
  Saved 1400 frames (up to 1399s, folder 47)
  Saved 1410 frames (up to 1409s, folder 47)
  Saved 1420 frames (up to 1419s, folder 48)
  Saved 1430 frames (up to 1429s, folder 48)
  Saved 1440 frames (up to 1439s, folder 48)
  Saved 1450 frames (up to 1449s, folder 49)
  Saved 1460 frames (up to 1459s, folder 49)
  Saved 1470 frames (up to 1469s, folder 49)
  Saved 1480 frames (up to 1479s, folder 50)
  Saved 1490 frames (up to 1489s, folder 50)
  Saved 1500 frames (up to 1499s, folder 50)
  Saved 1510 frames (up to 1509s, folder 51)
  Saved 1520 frames (up to 1519s, folder 51)
  Saved 1530 frames (up to 1529s, folder 51)
  Saved 1540 frames (up to 1539s, folder 52)
  Saved 1550 frames (up to 1549s, folder 52)
  Saved 1560 frames (up to 1559s, folder 52)
  Saved 1570 frames (up to 1569s, folder 53)
  Saved 1580 frames (up to 1579s, folder 53)
  Saved 1590 frames (up to 1589s, folder 53)
  Saved 1600 frames (up to 1599s, folder 54)
  Saved 1610 frames (up to 1609s, folder 54)
  Saved 1620 frames (up to 1619s, folder 54)
  Saved 1630 frames (up to 1629s, folder 55)
  Saved 1640 frames (up to 1639s, folder 55)
  Saved 1650 frames (up to 1649s, folder 55)
  Saved 1660 frames (up to 1659s, folder 56)
  Saved 1670 frames (up to 1669s, folder 56)
  Saved 1680 frames (up to 1679s, folder 56)
  Saved 1690 frames (up to 1689s, folder 57)
  Saved 1700 frames (up to 1699s, folder 57)
  Saved 1710 frames (up to 1709s, folder 57)
  Saved 1720 frames (up to 1719s, folder 58)
  Saved 1730 frames (up to 1729s, folder 58)
  Saved 1740 frames (up to 1739s, folder 58)
  Saved 1750 frames (up to 1749s, folder 59)
  Saved 1760 frames (up to 1759s, folder 59)
  Saved 1770 frames (up to 1769s, folder 59)
  Saved 1780 frames (up to 1779s, folder 60)
  Saved 1790 frames (up to 1789s, folder 60)
  Saved 1800 frames (up to 1799s, folder 60)
  Saved 1810 frames (up to 1809s, folder 61)
  Saved 1820 frames (up to 1819s, folder 61)
  Saved 1830 frames (up to 1829s, folder 61)
  Saved 1840 frames (up to 1839s, folder 62)
  Saved 1850 frames (up to 1849s, folder 62)
  Saved 1860 frames (up to 1859s, folder 62)
  Saved 1870 frames (up to 1869s, folder 63)
  Saved 1880 frames (up to 1879s, folder 63)
  Saved 1890 frames (up to 1889s, folder 63)
  Saved 1900 frames (up to 1899s, folder 64)
  Saved 1910 frames (up to 1909s, folder 64)
  Saved 1920 frames (up to 1919s, folder 64)
  Saved 1930 frames (up to 1929s, folder 65)
  Saved 1940 frames (up to 1939s, folder 65)
  Saved 1950 frames (up to 1949s, folder 65)
  Saved 1960 frames (up to 1959s, folder 66)
  Saved 1970 frames (up to 1969s, folder 66)
  Saved 1980 frames (up to 1979s, folder 66)
  Saved 1990 frames (up to 1989s, folder 67)
  Saved 2000 frames (up to 1999s, folder 67)

✓ Extracted 2001 frames to data/frames/living_room_01

✓ Successfully processed living_room_01: 2001 frames saved
--------------------------------
Processing folder:  data/frames/living_room_01/1
Inserted 29 triples into graph for clip 1
--------------------------------
Processing folder:  data/frames/living_room_01/2
Inserted 20 triples into graph for clip 2
--------------------------------
Processing folder:  data/frames/living_room_01/3
Inserted 18 triples into graph for clip 3
--------------------------------
Processing folder:  data/frames/living_room_01/4
Inserted 23 triples into graph for clip 4
--------------------------------
Processing folder:  data/frames/living_room_01/5
Inserted 35 triples into graph for clip 5
--------------------------------
Processing folder:  data/frames/living_room_01/6
Inserted 26 triples into graph for clip 6
--------------------------------
Processing folder:  data/frames/living_room_01/7
Inserted 14 triples into graph for clip 7
--------------------------------
Processing folder:  data/frames/living_room_01/8
Extracting summary for completed conversation 1...
Warning: Character '<Bob>' not found in graph, skipping attribute: supportive/helper role
Warning: Character '<Group>' not found in graph, skipping relationship
✓ Conversation summary extracted. Attributes: 10, Relationships: 5
Inserted 13 triples into graph for clip 8
--------------------------------
Processing folder:  data/frames/living_room_01/9
Inserted 16 triples into graph for clip 9
--------------------------------
Processing folder:  data/frames/living_room_01/10
Inserted 26 triples into graph for clip 10
--------------------------------
Processing folder:  data/frames/living_room_01/11
Inserted 14 triples into graph for clip 11
--------------------------------
Processing folder:  data/frames/living_room_01/12
Inserted 13 triples into graph for clip 12
--------------------------------
Processing folder:  data/frames/living_room_01/13
Inserted 21 triples into graph for clip 13
--------------------------------
Processing folder:  data/frames/living_room_01/14
Inserted 12 triples into graph for clip 14
--------------------------------
Processing folder:  data/frames/living_room_01/15
Extracting summary for completed conversation 2...
Warning: Character '<Bob>' not found in graph, skipping attribute: accommodating
Warning: Character '<Bob>' not found in graph, skipping relationship
✓ Conversation summary extracted. Attributes: 5, Relationships: 2
Inserted 18 triples into graph for clip 15
--------------------------------
Processing folder:  data/frames/living_room_01/16
Inserted 23 triples into graph for clip 16
--------------------------------
Processing folder:  data/frames/living_room_01/17
Inserted 22 triples into graph for clip 17
--------------------------------
Processing folder:  data/frames/living_room_01/18
Extracting summary for completed conversation 3...
✓ Conversation summary extracted. Attributes: 4, Relationships: 4
Inserted 20 triples into graph for clip 18
--------------------------------
Processing folder:  data/frames/living_room_01/19
Inserted 18 triples into graph for clip 19
--------------------------------
Processing folder:  data/frames/living_room_01/20
Inserted 23 triples into graph for clip 20
--------------------------------
Processing folder:  data/frames/living_room_01/21
Inserted 11 triples into graph for clip 21
--------------------------------
Processing folder:  data/frames/living_room_01/22
Inserted 22 triples into graph for clip 22
--------------------------------
Processing folder:  data/frames/living_room_01/23
Inserted 19 triples into graph for clip 23
--------------------------------
Processing folder:  data/frames/living_room_01/24
Inserted 29 triples into graph for clip 24
--------------------------------
Processing folder:  data/frames/living_room_01/25
Inserted 27 triples into graph for clip 25
--------------------------------
Processing folder:  data/frames/living_room_01/26
Inserted 24 triples into graph for clip 26
--------------------------------
Processing folder:  data/frames/living_room_01/27
Extracting summary for completed conversation 4...
Warning: Character '<Bob>' not found in graph, skipping attribute: agreeable
Warning: Character '<Bob>' not found in graph, skipping relationship
✓ Conversation summary extracted. Attributes: 7, Relationships: 4
Inserted 24 triples into graph for clip 27
--------------------------------
Processing folder:  data/frames/living_room_01/28
Inserted 14 triples into graph for clip 28
--------------------------------
Processing folder:  data/frames/living_room_01/29
Inserted 25 triples into graph for clip 29
--------------------------------
Processing folder:  data/frames/living_room_01/30
Inserted 14 triples into graph for clip 30
--------------------------------
Processing folder:  data/frames/living_room_01/31
Inserted 11 triples into graph for clip 31
--------------------------------
Processing folder:  data/frames/living_room_01/32
Inserted 24 triples into graph for clip 32
--------------------------------
Processing folder:  data/frames/living_room_01/33
Extracting summary for completed conversation 5...
✓ Conversation summary extracted. Attributes: 6, Relationships: 3
Inserted 29 triples into graph for clip 33
--------------------------------
Processing folder:  data/frames/living_room_01/34
✗ Error processing folder data/frames/living_room_01/34: Expecting ',' delimiter: line 21 column 42 (char 872)
Continuing to next folder...
--------------------------------
Processing folder:  data/frames/living_room_01/35
✗ Error processing folder data/frames/living_room_01/35: can only concatenate str (not "dict") to str
Continuing to next folder...
--------------------------------
Processing folder:  data/frames/living_room_01/36
✗ Error processing folder data/frames/living_room_01/36: can only concatenate str (not "dict") to str
Continuing to next folder...
--------------------------------
Processing folder:  data/frames/living_room_01/37
✗ Error processing folder data/frames/living_room_01/37: can only concatenate str (not "dict") to str
Continuing to next folder...
--------------------------------
Processing folder:  data/frames/living_room_01/38
✗ Error processing folder data/frames/living_room_01/38: can only concatenate str (not "dict") to str
Continuing to next folder...
--------------------------------
Processing folder:  data/frames/living_room_01/39
✗ Error processing folder data/frames/living_room_01/39: can only concatenate str (not "dict") to str
Continuing to next folder...
--------------------------------
Processing folder:  data/frames/living_room_01/40
✗ Error processing folder data/frames/living_room_01/40: can only concatenate str (not "dict") to str
Continuing to next folder...
--------------------------------
Processing folder:  data/frames/living_room_01/41
✗ Error processing folder data/frames/living_room_01/41: can only concatenate str (not "dict") to str
Continuing to next folder...
--------------------------------
Processing folder:  data/frames/living_room_01/42
✗ Error processing folder data/frames/living_room_01/42: can only concatenate str (not "dict") to str
Continuing to next folder...
--------------------------------
Processing folder:  data/frames/living_room_01/43
✗ Error processing folder data/frames/living_room_01/43: can only concatenate str (not "dict") to str
Continuing to next folder...
--------------------------------
Processing folder:  data/frames/living_room_01/44
✗ Error processing folder data/frames/living_room_01/44: can only concatenate str (not "dict") to str
Continuing to next folder...
--------------------------------
Processing folder:  data/frames/living_room_01/45
✗ Error processing folder data/frames/living_room_01/45: can only concatenate str (not "dict") to str
Continuing to next folder...
--------------------------------
Processing folder:  data/frames/living_room_01/46
✗ Error processing folder data/frames/living_room_01/46: can only concatenate str (not "dict") to str
Continuing to next folder...
--------------------------------
Processing folder:  data/frames/living_room_01/47
✗ Error processing folder data/frames/living_room_01/47: can only concatenate str (not "dict") to str
Continuing to next folder...
--------------------------------
Processing folder:  data/frames/living_room_01/48
✗ Error processing folder data/frames/living_room_01/48: can only concatenate str (not "dict") to str
Continuing to next folder...
--------------------------------
Processing folder:  data/frames/living_room_01/49
✗ Error processing folder data/frames/living_room_01/49: can only concatenate str (not "dict") to str
Continuing to next folder...
--------------------------------
Processing folder:  data/frames/living_room_01/50
✗ Error processing folder data/frames/living_room_01/50: can only concatenate str (not "dict") to str
Continuing to next folder...
--------------------------------
Processing folder:  data/frames/living_room_01/51
✗ Error processing folder data/frames/living_room_01/51: can only concatenate str (not "dict") to str
Continuing to next folder...
--------------------------------
Processing folder:  data/frames/living_room_01/52
✗ Error processing folder data/frames/living_room_01/52: can only concatenate str (not "dict") to str
Continuing to next folder...
--------------------------------
Processing folder:  data/frames/living_room_01/53
✗ Error processing folder data/frames/living_room_01/53: can only concatenate str (not "dict") to str
Continuing to next folder...
--------------------------------
Processing folder:  data/frames/living_room_01/54
✗ Error processing folder data/frames/living_room_01/54: can only concatenate str (not "dict") to str
Continuing to next folder...
--------------------------------
Processing folder:  data/frames/living_room_01/55
✗ Error processing folder data/frames/living_room_01/55: can only concatenate str (not "dict") to str
Continuing to next folder...
--------------------------------
Processing folder:  data/frames/living_room_01/56
✗ Error processing folder data/frames/living_room_01/56: can only concatenate str (not "dict") to str
Continuing to next folder...
--------------------------------
Processing folder:  data/frames/living_room_01/57
✗ Error processing folder data/frames/living_room_01/57: can only concatenate str (not "dict") to str
Continuing to next folder...
--------------------------------
Processing folder:  data/frames/living_room_01/58
✗ Error processing folder data/frames/living_room_01/58: can only concatenate str (not "dict") to str
Continuing to next folder...
--------------------------------
Processing folder:  data/frames/living_room_01/59
✗ Error processing folder data/frames/living_room_01/59: can only concatenate str (not "dict") to str
Continuing to next folder...
--------------------------------
Processing folder:  data/frames/living_room_01/60
✗ Error processing folder data/frames/living_room_01/60: can only concatenate str (not "dict") to str
Continuing to next folder...
--------------------------------
Processing folder:  data/frames/living_room_01/61
✗ Error processing folder data/frames/living_room_01/61: can only concatenate str (not "dict") to str
Continuing to next folder...
--------------------------------
Processing folder:  data/frames/living_room_01/62
✗ Error processing folder data/frames/living_room_01/62: can only concatenate str (not "dict") to str
Continuing to next folder...
--------------------------------
Processing folder:  data/frames/living_room_01/63
✗ Error processing folder data/frames/living_room_01/63: can only concatenate str (not "dict") to str
Continuing to next folder...
--------------------------------
Processing folder:  data/frames/living_room_01/64
✗ Error processing folder data/frames/living_room_01/64: can only concatenate str (not "dict") to str
Continuing to next folder...
--------------------------------
Processing folder:  data/frames/living_room_01/65
✗ Error processing folder data/frames/living_room_01/65: can only concatenate str (not "dict") to str
Continuing to next folder...
--------------------------------
Processing folder:  data/frames/living_room_01/66
✗ Error processing folder data/frames/living_room_01/66: can only concatenate str (not "dict") to str
Continuing to next folder...
--------------------------------
Processing folder:  data/frames/living_room_01/67
✗ Error processing folder data/frames/living_room_01/67: can only concatenate str (not "dict") to str
Continuing to next folder...
Extracting summary for final conversation 6...
✓ Final conversation summary extracted. Attributes: 2, Relationships: 0
Inserting character appearances for 8 characters...
✓ Character appearances inserted: 39 appearance edges created
208 node embeddings inserted (12 characters, 196 objects)
755 edge embeddings inserted
Generating character attributes...
Number of edges:  755
Character attributes generated.
Number of edges:  807
Character relationships generated.
Number of edges:  896
✓ Graph memory built for living_room_01
Question: What does Anna want to eat?

[Step 1] Searching the graph...
Parse Query Output:
{
  "query_triple": ["<Anna>", "wants to eat", "?", 0.95, 0.3, 0.15],
  "spatial_constraint": null,
  "speaker_strict": null,
  "allocation": {
    "k_high_level": 6,
    "k_low_level": 12,
    "k_conversations": 32,
    "total_k": 50,
    "reasoning": "Desire/motivation query—favor conversations to capture expressed wants; include some high-level traits/preferences and a moderate amount of low-level edges for any explicit actions toward food."
  }
}

Graph Search Results:
**High-Level Information (Character Attributes and Relationships): **

Character Attributes:
- Anna is: unknown gender (100), voice only (100), no on-screen appearance (100), prefers comedy (80), dislikes horror movies (85)

Character Relationships:
- Jane comforts and advises Anna (80)

**Low-Level Information (Actions and Events): **

[1] Anna looks at Emily. (living room)
[3] Anna talks to others. (living room)
[3] Emily looks at Anna. (living room)
[4] Anna walks to TV stand. (living room)
[4] Anna tries to find something. (living room)
[5] Anna walks toward couch. (living room)
[5] Anna looks at phone. (living room)
[6] Anna sits middle. (living room)
[7] Anna says to the others. (living room)
[16] Anna sits middle of couch. (living room)
[16] Anna speaks. (living room)
[25] Anna speaks. (living room)

**Conversations: **

Conversation 3: Anna expresses anxiety after a movie and mentions wanting iced milk tea. Jane reassures her that the movie is fake and suggests a hot drink instead. They agree to make hot milk tea for Anna, with Jane guiding the plan.
[16] Anna: oh my gosh
[16] Jane: she's insane
[16] Anna: oh my god
[16] Anna: i want to eat an iced milk tea
[16] Jane: oh it's okay
[16] Jane: don't be so nervous the movie is all fake
[17] Jane: but i think it would be better if you drink something hot
[17] Anna: alright
[17] Jane: boil the water and then make a cup of milk tea for Anna

Conversation 5: The group reacts to a shocking, confusing event, with speculation ranging from a ghost to an insane actor. They express disbelief and refer to a remarkable feat involving a female swimming fifty-five cycles, calling it crazy. No clear decisions are made; the conversation is mostly fragmented reactions and uncertainty.
[28] Jane: I agree with you
[29] Emily: I think it's just so so
[29] Anna: is it correct
[29] Anna: so crazy
[29] Anna: oh my gosh
[29] Anna: what
[30] Anna: what happened
[30] Jane: I don't know
[30] Emily: it just a ghost
[30] Anna: maybe
[30] Emily: I guess
[30] Anna: i don't understand
[30] Jane: me too
[31] Emily: the actor just insane
[31] Anna: 55
[32] Anna: crazy
[32] Emily: wow
[32] Emily: the female

Conversation 1: Emily, Jane, Anna, and Bob discuss what movie to watch, debating sci-fi, horror, and comedy. They decide to choose by a scoring/number game, and Emily wins, leading the group to watch a horror movie during the daytime. Bob is tasked with using the remote to select the movie.
[3] Emily: you are way too timid
[3] Jane: oh
[4] Anna: Jane, what kinds of movie do you want to watch
[4] Jane: I'm okay with watching anything even horror
[4] Emily: horror movie
[4] Jane: here is Johnny
[4] Emily: horror
[4] Anna: comedy
[5] Jane: the one with the big number
[5] Jane: will choose the movie we watch today
[5] Emily: that's a good idea
[5] Anna: it's fair
[5] Anna: I will win
[5] Emily: I must be the winner
[5] Jane: alright what kind of movie you want to watch if you win
[5] Anna: if I had a high score
[5] Anna: I want to watch comedy
[6] Emily: I want to watch horror movie
[6] Emily: phantom man
[6] Anna: right
[6] Anna: have a
[6] Anna: fight
[6] Jane: okay choose one
[6] Emily: yeah I'm king
[6] Anna: three
[6] Emily: I won
[6] Anna: alright
[6] Jane: it's daytime now
[6] Jane: even a horror movie are not so scary

Conversation 4: The group discusses being hot and adjusts the air conditioner, with Jane agreeing to increase the temperature by two degrees. Emily expresses discomfort from the heat, requests a cold drink, and offers cola to others, which Jane and Anna accept. The exchange is polite, with thanks and acknowledgments throughout.
[21] Anna: oh
[21] Anna: Jane can we turn up the air conditioner
[22] Jane: okay
[22] Jane: increase the air conditioner temperature by two degrees
[23] Anna: what are they doing
[23] Anna: i don't know
[23] Jane: it's a bit scary
[23] Susan: oh
[25] Jane: me
[25] Emily: okay
[25] Anna: thanks
[25] Anna: they're sick
[26] Jane: thank you
[26] Emily: welcome
[26] Anna: thank you
[26] Emily: it's okay

Conversation 2: The group is watching a movie, and Emily requests Bob to increase the volume, which Bob agrees to. Anna expresses strong dislike for something in the movie, and Emily concurs while noting that it is scary.
[12] Emily: please
[13] Bob: okay
[14] Anna: it's so disgusting
[14] Anna: disgusting
[14] Emily: i agree with you
[14] Emily: oh scare

Conversation 6: The brief exchange centers on an acknowledgment and a mention of a possible accident. No clear decisions or outcomes are established due to limited context.
[34] Anna: thanks
[34] Emily: I think
[34] Emily: and then they may be an accident

[Step 2] Evaluating semantic answer...
Action: [Answer]
Content: Anna wants to eat an iced milk tea.
FINAL ANSWER (from graph):
Anna wants to eat an iced milk tea.
Question: Where was the original position of the white pillow?

[Step 1] Searching the graph...
Parse Query Output:
{
  "query_triple": ["pillow#white", "original position", "?", 0.9, 0.25, 0.15],
  "spatial_constraint": null,
  "speaker_strict": null,
  "allocation": {
    "k_high_level": 3,
    "k_low_level": 42,
    "k_conversations": 5,
    "total_k": 50,
    "reasoning": "Spatial/location query about an object's initial placement. Prioritize low-level edges to track locations and movements; minimal need for high-level edges or conversations."
  }
}

Graph Search Results:
**High-Level Information (Character Attributes and Relationships): **

Character Attributes:
- character_2 is: white shorts (100), white socks (100)
- character_3 is: dark pants (100)

**Low-Level Information (Actions and Events): **

[1] Jane holds yellow pillow. (living room)
[1] Emily places white pillow. (living room)
[1] white pillow is on <Emily>'s lap. (living room)
[2] Jane holds yellow pillow. (living room)
[2] Emily has on lap large white pillow. (living room)
[3] Jane holds yellow pillow. (living room)
[3] Emily has across lap large white pillow. (living room)
[4] Jane holds yellow pillow. (living room)
[4] Emily holds large white pillow. (living room)
[5] Jane holds yellow pillow. (living room)
[5] Emily holds large white pillow. (living room)
[6] Jane holds yellow pillow. (living room)
[6] Emily has on lap large white pillow. (living room)
[7] Jane holds yellow pillow. (living room)
[7] yellow pillow is on <Jane>'s lap. (living room)
[7] Emily holds across lap large white pillow. (living room)
[10] left_person holds yellow cushion. (living room)
[10] character_3 has across lap white pillow. (living room)
[11] character_3 holds white pillow. (living room)
[12] character_3 holds white pillow. (living room)
[13] character_3 has on lap large white pillow. (living room)
[14] Susan holds white pillow. (living room)
[15] Susan holds white pillow. (living room)
[15] white pillow is on <Susan>'s lap. (living room)
[16] Susan rests white pillow. (living room)
[16] white pillow is on <Susan>'s lap. (living room)
[16] Susan leans back with white pillow. (living room)
[17] Susan holds white pillow. (living room)
[20] character_1 holds yellow pillow. (kitchen and living room)
[20] white pillow is on <character_3>'s lap. (kitchen and living room)
[21] Anna holds yellow cushion. (living room)
[21] white pillow is on <Susan>'s lap. (living room)
[22] Anna holds yellow cushion. (living room)
[22] Susan holds white pillow. (living room)
[22] white pillow is on lap of Susan. (living room)
[23] Jane holds white pillow. (living room)
[23] Jane raises white pillow. (living room)
[24] Susan holds white pillow. (living room)
[24] Anna adjusts yellow cushion. (living room)
[24] yellow cushion is on Anna's lap. (living room)
[25] white pillow is beside Jane. (living room)
[25] Susan holds white pillow. (living room)

**Conversations: **

Conversation 1: Emily, Jane, Anna, and Bob discuss what movie to watch, debating sci-fi, horror, and comedy. They decide to choose by a scoring/number game, and Emily wins, leading the group to watch a horror movie during the daytime. Bob is tasked with using the remote to select the movie.
[2] Emily: I think we can saw horror movies
[2] Emily: can saw the horror movies
[3] Emily: without flinching
[3] Anna: no I'm not really into horror movies
[3] Anna: when I was little
[3] Anna: I was even cried because of stuffed toy
[3] Anna: since then I've been scared of horror movies
[3] Emily: stuffed toys can scare you to tears
[3] Emily: you are way too timid
[3] Jane: oh

Conversation 5: The group reacts to a shocking, confusing event, with speculation ranging from a ghost to an insane actor. They express disbelief and refer to a remarkable feat involving a female swimming fifty-five cycles, calling it crazy. No clear decisions are made; the conversation is mostly fragmented reactions and uncertainty.
[29] Anna: oh my gosh
[29] Anna: what
[30] Anna: what happened
[30] Jane: I don't know
[30] Emily: it just a ghost

Conversation 4: The group discusses being hot and adjusts the air conditioner, with Jane agreeing to increase the temperature by two degrees. Emily expresses discomfort from the heat, requests a cold drink, and offers cola to others, which Jane and Anna accept. The exchange is polite, with thanks and acknowledgments throughout.
[22] Jane: okay
[22] Jane: increase the air conditioner temperature by two degrees
[23] Anna: what are they doing
[23] Anna: i don't know
[23] Jane: it's a bit scary

[Step 2] Evaluating semantic answer...
Action: [Answer]
Content: On Emily’s lap in the living room.
FINAL ANSWER (from graph):
On Emily’s lap in the living room.
Question: How many bottles of Coke did Emily drink?

[Step 1] Searching the graph...
Parse Query Output:
{
  "query_triple": ["<Emily>", "drinks", "Coke#bottle", 0.95, 0.3, 0.9],
  "spatial_constraint": null,
  "speaker_strict": null,
  "allocation": {
    "k_high_level": 5,
    "k_low_level": 40,
    "k_conversations": 5,
    "total_k": 50,
    "reasoning": "Quantity-focused action query about drinking specific object; prioritize low-level edges for counting instances, minimal high-level and conversations."
  }
}

Graph Search Results:
**High-Level Information (Character Attributes and Relationships): **

Character Attributes:
- Emily is: unknown gender (100), voice only (100), no on-screen appearance (100)

Character Relationships:
- Jane collaborates with Emily (85)
- Emily has equal status with character_2 (70)

**Low-Level Information (Actions and Events): **

[1] Emily holds phone. (living room)
[1] Emily walks to couch. (living room)
[1] Emily places white pillow. (living room)
[1] Emily chats with Jane. (living room)
[1] Emily chats with Anna. (living room)
[1] Emily gestures with phone. (living room)
[1] Emily thinks about movie choice. (living room)
[2] Emily has on lap large white pillow. (living room)
[2] Emily starts criticizing movie. (living room)
[3] Emily has across lap large white pillow. (living room)
[4] Emily holds large white pillow. (living room)
[4] Emily suggests genre. (living room)
[4] Emily looks at other. (living room)
[4] Emily repeats preference group. (living room)
[5] Emily sits on couch. (living room)
[5] Emily holds large white pillow. (living room)
[5] phone is to Emily. (living room)
[5] Emily looks at phone. (living room)
[5] Emily raises hand. (living room)
[5] Emily speaks to other. (living room)
[5] phone is closer to Emily. (living room)
[5] Emily views phone. (living room)
[6] Emily sits right. (living room)
[6] Emily has on lap large white pillow. (living room)
[6] Emily reaches to table. (living room)
[6] Emily places card. (living room)
[6] Emily picks card. (living room)
[7] Emily holds across lap large white pillow. (living room)
[14] Emily sits in middle couch. (living room)
[14] Emily puts together on lap Emily's hand. (living room)
[14] Emily watches TV. (living room)
[15] Emily looks toward TV. (living room)
[15] Emily rests hand on coffee table. (living room)
[15] Emily faces TV. (living room)
[16] Emily sits left side of couch. (living room)
[16] Emily hugs yellow patterned cushion. (living room)
[16] Emily keeps folded around yellow patterned cushion. (living room)
[16] Emily looks at TV. (living room)
[16] Emily holds yellow patterned cushion. (living room)
[17] Emily holds yellow patterned cushion. (living room)

**Conversations: **

Conversation 4: The group discusses being hot and adjusts the air conditioner, with Jane agreeing to increase the temperature by two degrees. Emily expresses discomfort from the heat, requests a cold drink, and offers cola to others, which Jane and Anna accept. The exchange is polite, with thanks and acknowledgments throughout.
[23] Susan: oh
[24] Emily: I'm so very hot
[24] Emily: I want to drink something cold
[24] Emily: please help me get a Cola from the fridge please
[24] Bob: okay
[24] Emily: thank you
[25] Emily: so anyone want to drink some cola
[25] Jane: me
[25] Emily: okay

Conversation 1: Emily, Jane, Anna, and Bob discuss what movie to watch, debating sci-fi, horror, and comedy. They decide to choose by a scoring/number game, and Emily wins, leading the group to watch a horror movie during the daytime. Bob is tasked with using the remote to select the movie.
[1] Jane: I want to relax
[1] Jane: what kind of movie you want to watch
[1] Emily: hmm
[1] Emily: the special effects of sci-fi
[1] Emily: movies I saw last week is so terrible

Conversation 2: The group is watching a movie, and Emily requests Bob to increase the volume, which Bob agrees to. Anna expresses strong dislike for something in the movie, and Emily concurs while noting that it is scary.
[12] Emily: I think the movie's volume is a bit low so Bob turn it up a bit
[12] Emily: Bob turn it up a bit
[12] Emily: please
[13] Bob: okay
[14] Anna: it's so disgusting

[Step 2] Evaluating semantic answer...
Action: [Answer]
Content: One bottle.
FINAL ANSWER (from graph):
One bottle.
Question: What do Anna，Jane and Emily think of the movie?

[Step 1] Searching the graph...
Parse Query Output:
{
  "query_triple": ["<Anna>", "opinion about", "movie", 0.95, 0.3, 0.6],
  "spatial_constraint": null,
  "speaker_strict": ["<Anna>", "<Jane>", "<Emily>"],
  "allocation": {
    "k_high_level": 5,
    "k_low_level": 5,
    "k_conversations": 40,
    "total_k": 50,
    "reasoning": "Opinion query about a movie—primarily derived from dialogue. Constrain conversations to Anna, Jane, and Emily. Minimal high/low-level edges for any summary sentiment or stated attributes; prioritize conversations for explicit statements."
  }
}

Graph Search Results:
**High-Level Information (Character Attributes and Relationships): **

Character Relationships:
- Anna trusts Jane (85)
- Jane comforts and advises Anna (80)
- Jane is friend with Anna (90)
- Anna is friend with Emily (85)
- Emily is friend with Anna (85)

**Low-Level Information (Actions and Events): **

[15] Anna looks toward TV. (living room)
[16] Anna watches movie. (living room)
[16] Anna reacts verbally to movie. (living room)
[21] Anna looks toward TV. (living room)
[23] Anna looks toward TV. (living room)

**Conversations: **

Conversation 1: Emily, Jane, Anna, and Bob discuss what movie to watch, debating sci-fi, horror, and comedy. They decide to choose by a scoring/number game, and Emily wins, leading the group to watch a horror movie during the daytime. Bob is tasked with using the remote to select the movie.
[1] Emily: hey guy
[1] Jane: hi
[1] Anna: hi Emily
[1] Emily: how do you do today
[1] Jane: I was so tired with work
[1] Jane: I want to relax
[1] Jane: what kind of movie you want to watch
[1] Emily: hmm
[1] Emily: the special effects of sci-fi
[1] Emily: movies I saw last week is so terrible
[1] Jane: hmm although the special effects are bad
[2] Jane: but I still think the storyline is okay
[2] Emily: no the movie is so
[2] Emily: boring and I just want to sleep
[2] Anna: oh Emily your taste in movie still needs some work
[2] Jane: okay let's get back to the theme
[2] Jane: what we are going to watch today
[2] Emily: I think we can saw horror movies
[2] Emily: can saw the horror movies
[3] Emily: without flinching
[3] Anna: no I'm not really into horror movies
[3] Anna: when I was little
[3] Anna: I was even cried because of stuffed toy
[3] Anna: since then I've been scared of horror movies
[3] Emily: stuffed toys can scare you to tears
[3] Emily: you are way too timid
[3] Jane: oh
[4] Anna: Jane, what kinds of movie do you want to watch
[4] Jane: I'm okay with watching anything even horror
[4] Emily: horror movie
[4] Jane: here is Johnny
[4] Emily: horror
[4] Anna: comedy
[5] Jane: the one with the big number
[5] Jane: will choose the movie we watch today
[5] Emily: that's a good idea
[5] Anna: it's fair
[5] Anna: I will win
[5] Emily: I must be the winner
[5] Jane: alright what kind of movie you want to watch if you win
[5] Anna: if I had a high score
[5] Anna: I want to watch comedy
[6] Emily: I want to watch horror movie
[6] Emily: phantom man
[6] Anna: right
[6] Anna: have a
[6] Anna: fight
[6] Jane: okay choose one
[6] Emily: yeah I'm king
[6] Anna: three
[6] Emily: I won
[6] Anna: alright
[6] Jane: it's daytime now
[6] Jane: even a horror movie are not so scary
[7] Jane: Bob
[7] Jane: take out the remote control and select a movie

Conversation 5: The group reacts to a shocking, confusing event, with speculation ranging from a ghost to an insane actor. They express disbelief and refer to a remarkable feat involving a female swimming fifty-five cycles, calling it crazy. No clear decisions are made; the conversation is mostly fragmented reactions and uncertainty.
[28] Jane: oh my gosh
[28] Anna: that's so horrible
[28] Jane: I agree with you
[29] Emily: I think it's just so so
[29] Anna: is it correct
[29] Anna: so crazy
[29] Anna: oh my gosh
[29] Anna: what
[30] Anna: what happened
[30] Jane: I don't know
[30] Emily: it just a ghost
[30] Anna: maybe
[30] Emily: I guess
[30] Anna: i don't understand
[30] Jane: me too
[31] Emily: the actor just insane
[31] Anna: 55
[32] Anna: crazy
[32] Emily: wow
[32] Emily: the female

[Step 2] Evaluating semantic answer...
Action: [Answer]
Content: Anna dislikes horror and prefers comedy, Jane is open to anything including horror, and Emily favors horror and thinks the special effects in recent sci-fi were terrible.
FINAL ANSWER (from graph):
Anna dislikes horror and prefers comedy, Jane is open to anything including horror, and Emily favors horror and thinks the special effects in recent sci-fi were terrible.
Question: How many times did the yellow pillow move?

[Step 1] Searching the graph...
Parse Query Output:
{
  "query_triple": ["pillow#yellow", "moves", "?", 0.95, 0.3, 0.2],
  "spatial_constraint": null,
  "speaker_strict": null,
  "allocation": {
    "k_high_level": 3,
    "k_low_level": 42,
    "k_conversations": 5,
    "total_k": 50,
    "reasoning": "Counting movement events is an action/temporal query; prioritize low-level edges that log specific move actions. Minimal high-level and conversations for potential clarifications."
  }
}

Graph Search Results:
**High-Level Information (Character Attributes and Relationships): **

Character Attributes:
- character_2 is: female (100)
- character_3 is: female (100), sneakers (100)

**Low-Level Information (Actions and Events): **

[1] Jane holds yellow pillow. (living room)
[1] Emily places white pillow. (living room)
[1] white pillow is on <Emily>'s lap. (living room)
[2] Jane holds yellow pillow. (living room)
[3] Jane holds yellow pillow. (living room)
[4] Jane holds yellow pillow. (living room)
[5] Jane holds yellow pillow. (living room)
[6] Jane holds yellow pillow. (living room)
[7] Jane holds yellow pillow. (living room)
[7] yellow pillow is on <Jane>'s lap. (living room)
[10] left_person holds yellow cushion. (living room)
[10] character_3 has across lap white pillow. (living room)
[11] young adult with short hair holding yellow patterned cushion holds yellow patterned cushion. (living room)
[11] character_3 holds white pillow. (living room)
[11] young adult with short hair holding yellow patterned cushion keeps yellow patterned cushion. (living room)
[12] character_1 holds yellow patterned cushion. (living room)
[12] character_3 holds white pillow. (living room)
[14] Susan holds white pillow. (living room)
[15] Susan holds white pillow. (living room)
[15] white pillow is on <Susan>'s lap. (living room)
[16] Susan rests white pillow. (living room)
[16] white pillow is on <Susan>'s lap. (living room)
[16] Susan leans back with white pillow. (living room)
[17] Susan holds white pillow. (living room)
[20] character_1 holds yellow pillow. (kitchen and living room)
[20] white pillow is on <character_3>'s lap. (kitchen and living room)
[21] Anna holds yellow cushion. (living room)
[21] white pillow is on <Susan>'s lap. (living room)
[22] Anna holds yellow cushion. (living room)
[22] Susan holds white pillow. (living room)
[22] white pillow is on lap of Susan. (living room)
[23] Jane holds white pillow. (living room)
[23] Jane raises white pillow. (living room)
[24] Anna holds light yellow cushion. (living room)
[24] Susan holds white pillow. (living room)
[24] Anna adjusts yellow cushion. (living room)
[25] Anna holds light yellow cushion. (living room)
[25] white pillow is beside Jane. (living room)
[25] Susan holds white pillow. (living room)
[26] Anna holds light yellow cushion. (living room and kitchen)
[26] light yellow cushion is on couch. (living room and kitchen)
[26] Anna keeps on lap light yellow cushion. (living room and kitchen)

**Conversations: **

Conversation 5: The group reacts to a shocking, confusing event, with speculation ranging from a ghost to an insane actor. They express disbelief and refer to a remarkable feat involving a female swimming fifty-five cycles, calling it crazy. No clear decisions are made; the conversation is mostly fragmented reactions and uncertainty.
[32] Emily: wow
[32] Emily: the female
[32] Emily: can swimming fifty five
[32] Emily: cicles it's so crazy

Conversation 1: Emily, Jane, Anna, and Bob discuss what movie to watch, debating sci-fi, horror, and comedy. They decide to choose by a scoring/number game, and Emily wins, leading the group to watch a horror movie during the daytime. Bob is tasked with using the remote to select the movie.
[2] Emily: I think we can saw horror movies
[2] Emily: can saw the horror movies
[3] Emily: without flinching
[3] Anna: no I'm not really into horror movies
[3] Anna: when I was little
[3] Anna: I was even cried because of stuffed toy
[3] Anna: since then I've been scared of horror movies
[3] Emily: stuffed toys can scare you to tears
[3] Emily: you are way too timid
[3] Jane: oh
[4] Emily: horror
[4] Anna: comedy
[5] Jane: the one with the big number
[5] Jane: will choose the movie we watch today
[5] Emily: that's a good idea

[Step 2] Evaluating semantic answer...
Action: [Search]
Content: [1, 2, 3, 4, 5, 6, 7, 10, 11, 12, 20, 21, 22, 24, 25, 26]
Summary: Multiple clips show the yellow pillow/cushion being held, adjusted, placed, or moved by different people (Jane, Anna, character_1, etc.) across the living room and kitchen, but the graph does not explicitly count distinct "moves" vs. continuous holding; precise movement count requires reviewing these clips to determine each discrete relocation or adjustment.

[Step 3] Watching video clips: [1, 2, 3, 4, 5, 6, 7, 10, 11, 12, 20, 21, 22, 24, 25, 26]

   Processing clip 1 (1/16)...
Question: Where is the TV remote control?

[Step 1] Searching the graph...
Parse Query Output:
{
  "query_triple": ["remote control#tv", "is at", "?", 0.95, 0.5, 0.15],
  "spatial_constraint": null,
  "speaker_strict": null,
  "allocation": {
    "k_high_level": 2,
    "k_low_level": 42,
    "k_conversations": 6,
    "total_k": 50,
    "reasoning": "Spatial/location query for a specific object; prioritize low-level edges that track object locations. Minimal high-level and conversations."
  }
}

Graph Search Results:
**High-Level Information (Character Attributes and Relationships): **

Character Attributes:
- character_1 is: female (100)
- robot is: no visible face or body (100)

**Low-Level Information (Actions and Events): **

[1] Anna keeps hand near TV remote. (living room)
[1] TV remote is on table. (living room)
[2] Anna holds remote. (living room)
[7] robot picks up from TV remote. (living room)
[7] TV remote is from table. (living room)
[7] robot points TV remote at television. (living room)
[8] robot points camera at television. (living room)
[8] robot holds remote control. (living room)
[8] remote control is in front of TV. (living room)
[8] subscription prompt is on TV. (living room)
[8] home content menu is on TV. (living room)
[9] robot points remote. (living room)
[9] remote is at TV. (living room)
[9] category is on TV. (living room)
[10] robot points at remote. (living room)
[10] remote is at TV. (living room)
[10] movie thumbnail is on TV menu. (living room)
[10] movie titled is on TV info page. (living room)
[10] robot places remote. (living room)
[10] remote is on coffee table. (living room)
[10] left_person looks toward TV screen. (living room)
[11] young adult with short hair holding yellow patterned cushion looks toward TV. (living room)
[12] character_2 holds remote. (living room)
[13] character_1 looks toward TV. (living room)
[13] character_2 looks toward TV. (living room)
[13] character_3 looks toward TV. (living room)
[13] robot points toward TV. (living room)
[13] robot points remote. (living room)
[13] robot places remote. (living room)
[13] remote is on coffee table. (living room)
[13] robot adjusts remote. (living room)
[15] Emily looks toward TV. (living room)
[16] Emily looks at TV. (living room)
[16] Susan looks at TV. (living room)
[17] robot moves closer to TV stand. (living room)
[22] robot picks up air conditioner remote. (living room)
[22] robot points remote. (living room)
[22] remote is pointed at standing air conditioner unit. (living room)
[22] robot places remote. (living room)
[22] remote is on table. (living room)
[25] Susan walks toward TV area. (living room)
[25] Susan adjusts something near TV. (living room)

**Conversations: **

Conversation 1: Emily, Jane, Anna, and Bob discuss what movie to watch, debating sci-fi, horror, and comedy. They decide to choose by a scoring/number game, and Emily wins, leading the group to watch a horror movie during the daytime. Bob is tasked with using the remote to select the movie.
[2] Anna: oh Emily your taste in movie still needs some work
[2] Jane: okay let's get back to the theme
[2] Jane: what we are going to watch today
[2] Emily: I think we can saw horror movies
[2] Emily: can saw the horror movies
[6] Jane: even a horror movie are not so scary
[7] Jane: Bob
[7] Jane: take out the remote control and select a movie
[7] Bob: okay

Conversation 2: The group is watching a movie, and Emily requests Bob to increase the volume, which Bob agrees to. Anna expresses strong dislike for something in the movie, and Emily concurs while noting that it is scary.
[12] Emily: I think the movie's volume is a bit low so Bob turn it up a bit
[12] Emily: Bob turn it up a bit
[12] Emily: please
[13] Bob: okay

Conversation 4: The group discusses being hot and adjusts the air conditioner, with Jane agreeing to increase the temperature by two degrees. Emily expresses discomfort from the heat, requests a cold drink, and offers cola to others, which Jane and Anna accept. The exchange is polite, with thanks and acknowledgments throughout.
[21] Anna: oh
[21] Anna: Jane can we turn up the air conditioner
[22] Jane: okay
[22] Jane: increase the air conditioner temperature by two degrees
[24] Emily: I'm so very hot
[24] Emily: I want to drink something cold
[24] Emily: please help me get a Cola from the fridge please
[24] Bob: okay
[24] Emily: thank you

[Step 2] Evaluating semantic answer...
Action: [Answer]
Content: On the coffee table in the living room.
FINAL ANSWER (from graph):
On the coffee table in the living room.
Question: What type of movie do Emily，Anna and Jane ultimately choose to watch?

[Step 1] Searching the graph...
Parse Query Output:
{
  "query_triple": ["<Emily>", "chooses movie type with", "<Anna>|<Jane>", 0.9, 0.25, 0.85],
  "spatial_constraint": null,
  "speaker_strict": ["<Emily>", "<Anna>", "<Jane>"],
  "allocation": {
    "k_high_level": 6,
    "k_low_level": 14,
    "k_conversations": 30,
    "total_k": 50,
    "reasoning": "This is an outcome/decision query about what they ultimately choose, likely revealed through dialogue. Allocate more conversations to capture the final decision, some low-level edges for specific selection actions, and a few high-level edges for group preference/decision relations."
  }
}

Graph Search Results:
**High-Level Information (Character Attributes and Relationships): **

Character Attributes:
- Emily is: prefers horror movies (95), no on-screen appearance (100), voice only (100), unknown gender (100), opinionated (90), critical of special effects (85)

**Low-Level Information (Actions and Events): **

[2] Emily says Emily wants to sleep. (living room)
[4] Emily suggests genre. (living room)
[4] Emily looks at other. (living room)
[4] Emily repeats preference group. (living room)
[5] Emily raises hand. (living room)
[5] Emily speaks to other. (living room)
[6] Emily sits right. (living room)
[6] Emily reaches to table. (living room)
[14] Emily puts together on lap Emily's hand. (living room)
[14] Emily watches TV. (living room)
[15] Emily looks toward TV. (living room)
[16] Emily sits left side of couch. (living room)
[16] Emily looks at TV. (living room)
[26] Emily speaks to welcome them. (living room and kitchen)

**Conversations: **

Conversation 1: Emily, Jane, Anna, and Bob discuss what movie to watch, debating sci-fi, horror, and comedy. They decide to choose by a scoring/number game, and Emily wins, leading the group to watch a horror movie during the daytime. Bob is tasked with using the remote to select the movie.
[1] Emily: hey guy
[1] Jane: hi
[1] Anna: hi Emily
[1] Emily: how do you do today
[1] Jane: I was so tired with work
[1] Jane: I want to relax
[1] Jane: what kind of movie you want to watch
[1] Emily: hmm
[1] Emily: the special effects of sci-fi
[1] Emily: movies I saw last week is so terrible
[1] Jane: hmm although the special effects are bad
[2] Jane: but I still think the storyline is okay
[2] Emily: no the movie is so
[2] Emily: boring and I just want to sleep
[2] Anna: oh Emily your taste in movie still needs some work
[2] Jane: okay let's get back to the theme
[2] Jane: what we are going to watch today
[2] Emily: I think we can saw horror movies
[2] Emily: can saw the horror movies
[3] Emily: without flinching
[3] Anna: no I'm not really into horror movies
[3] Anna: when I was little
[3] Anna: I was even cried because of stuffed toy
[3] Anna: since then I've been scared of horror movies
[3] Emily: stuffed toys can scare you to tears
[3] Emily: you are way too timid
[3] Jane: oh
[4] Anna: Jane, what kinds of movie do you want to watch
[4] Jane: I'm okay with watching anything even horror
[4] Emily: horror movie
[4] Jane: here is Johnny
[4] Emily: horror
[4] Anna: comedy
[5] Jane: the one with the big number
[5] Jane: will choose the movie we watch today
[5] Emily: that's a good idea
[5] Anna: it's fair
[5] Anna: I will win
[5] Emily: I must be the winner
[5] Jane: alright what kind of movie you want to watch if you win
[5] Anna: if I had a high score
[5] Anna: I want to watch comedy
[6] Emily: I want to watch horror movie
[6] Emily: phantom man
[6] Anna: right
[6] Anna: have a
[6] Anna: fight
[6] Jane: okay choose one
[6] Emily: yeah I'm king
[6] Anna: three
[6] Emily: I won
[6] Anna: alright
[6] Jane: it's daytime now
[6] Jane: even a horror movie are not so scary
[7] Jane: Bob
[7] Jane: take out the remote control and select a movie
[7] Bob: okay

Conversation 5: The group reacts to a shocking, confusing event, with speculation ranging from a ghost to an insane actor. They express disbelief and refer to a remarkable feat involving a female swimming fifty-five cycles, calling it crazy. No clear decisions are made; the conversation is mostly fragmented reactions and uncertainty.
[30] Emily: it just a ghost
[30] Anna: maybe
[30] Emily: I guess
[30] Anna: i don't understand
[30] Jane: me too
[31] Emily: the actor just insane
[31] Anna: 55
[32] Anna: crazy
[32] Emily: wow
[32] Emily: the female
[32] Emily: can swimming fifty five
[32] Emily: cicles it's so crazy

[Step 2] Evaluating semantic answer...
Action: [Answer]
Content: They ultimately choose to watch a horror movie.
FINAL ANSWER (from graph):
They ultimately choose to watch a horror movie.
Question: What type of milk tea should the robot make, hot or iced?

[Step 1] Searching the graph...
Parse Query Output:
{
  "query_triple": ["<Robot>", "should make", "milk tea#hot_or_iced", 0.9, 0.3, 0.6],
  "spatial_constraint": null,
  "speaker_strict": null,
  "allocation": {
    "k_high_level": 6,
    "k_low_level": 14,
    "k_conversations": 30,
    "total_k": 50,
    "reasoning": "This is a decision/intent query likely determined by instructions or dialogue context. Use conversations to find preferences or commands, some low-level edges for actions/states like preparation steps indicating hot vs iced, and limited high-level edges for general attributes or role of the robot."
  }
}

Graph Search Results:
**High-Level Information (Character Attributes and Relationships): **

Character Attributes:
- character_2 is: female (100), light skin (100), hair in messy bun (100)
- character_3 is: female (100), dark pants (100), light skin (100)

**Low-Level Information (Actions and Events): **

[7] Jane suggests using remote. (living room)
[9] remote is at TV. (living room)
[10] remote is on coffee table. (living room)
[12] character_2 holds remote. (living room)
[12] character_2 raises remote. (living room)
[13] remote is on coffee table. (living room)
[13] robot adjusts remote. (living room)
[22] remote is on table. (living room)
[27] cup is to counter. (kitchen sink)
[31] beige drink is in glass. (kitchen)
[32] white electric kettle is under faucet. (kitchen sink)
[33] white electric kettle is under faucet. (kitchen and living room)
[33] glass of beige drink is from counter. (kitchen and living room)
[33] glass is beside paper cup. (kitchen and living room)

**Conversations: **

Conversation 3: Anna expresses anxiety after a movie and mentions wanting iced milk tea. Jane reassures her that the movie is fake and suggests a hot drink instead. They agree to make hot milk tea for Anna, with Jane guiding the plan.
[16] Jane: she's insane
[16] Anna: oh my god
[16] Anna: i want to eat an iced milk tea
[16] Jane: oh it's okay
[16] Jane: don't be so nervous the movie is all fake
[17] Jane: but i think it would be better if you drink something hot
[17] Anna: alright
[17] Jane: boil the water and then make a cup of milk tea for Anna

Conversation 4: The group discusses being hot and adjusts the air conditioner, with Jane agreeing to increase the temperature by two degrees. Emily expresses discomfort from the heat, requests a cold drink, and offers cola to others, which Jane and Anna accept. The exchange is polite, with thanks and acknowledgments throughout.
[21] Anna: oh
[21] Anna: Jane can we turn up the air conditioner
[22] Jane: okay
[22] Jane: increase the air conditioner temperature by two degrees
[23] Anna: what are they doing
[23] Anna: i don't know
[23] Jane: it's a bit scary
[23] Susan: oh
[24] Emily: I'm so very hot
[24] Emily: I want to drink something cold
[24] Emily: please help me get a Cola from the fridge please
[24] Bob: okay
[24] Emily: thank you
[25] Emily: so anyone want to drink some cola
[25] Jane: me
[25] Emily: okay

Conversation 1: Emily, Jane, Anna, and Bob discuss what movie to watch, debating sci-fi, horror, and comedy. They decide to choose by a scoring/number game, and Emily wins, leading the group to watch a horror movie during the daytime. Bob is tasked with using the remote to select the movie.
[1] Jane: hi
[1] Anna: hi Emily
[1] Emily: how do you do today
[1] Jane: I was so tired with work
[1] Jane: I want to relax
[1] Jane: what kind of movie you want to watch
[1] Emily: hmm
[1] Emily: the special effects of sci-fi
[1] Emily: movies I saw last week is so terrible
[1] Jane: hmm although the special effects are bad
[2] Anna: oh Emily your taste in movie still needs some work
[2] Jane: okay let's get back to the theme
[2] Jane: what we are going to watch today
[2] Emily: I think we can saw horror movies
[2] Emily: can saw the horror movies
[3] Emily: you are way too timid
[3] Jane: oh
[4] Anna: Jane, what kinds of movie do you want to watch
[4] Jane: I'm okay with watching anything even horror
[4] Emily: horror movie
[4] Anna: comedy
[5] Jane: the one with the big number
[5] Jane: will choose the movie we watch today
[5] Emily: that's a good idea
[5] Anna: it's fair
[5] Anna: I will win
[5] Emily: I must be the winner
[5] Jane: alright what kind of movie you want to watch if you win
[5] Anna: if I had a high score
[5] Anna: I want to watch comedy
[6] Anna: have a
[6] Anna: fight
[6] Jane: okay choose one
[6] Emily: yeah I'm king
[6] Anna: three
[6] Jane: even a horror movie are not so scary
[7] Jane: Bob
[7] Jane: take out the remote control and select a movie
[7] Bob: okay

Conversation 2: The group is watching a movie, and Emily requests Bob to increase the volume, which Bob agrees to. Anna expresses strong dislike for something in the movie, and Emily concurs while noting that it is scary.
[12] Emily: I think the movie's volume is a bit low so Bob turn it up a bit
[12] Emily: Bob turn it up a bit
[12] Emily: please
[13] Bob: okay
[14] Anna: it's so disgusting
[14] Anna: disgusting

Conversation 6: The brief exchange centers on an acknowledgment and a mention of a possible accident. No clear decisions or outcomes are established due to limited context.
[34] Anna: thanks
[34] Emily: I think
[34] Emily: and then they may be an accident
[34] Anna: accident

Conversation 5: The group reacts to a shocking, confusing event, with speculation ranging from a ghost to an insane actor. They express disbelief and refer to a remarkable feat involving a female swimming fifty-five cycles, calling it crazy. No clear decisions are made; the conversation is mostly fragmented reactions and uncertainty.
[29] Anna: so crazy
[29] Anna: oh my gosh
[29] Anna: what
[30] Anna: what happened
[30] Jane: I don't know
[30] Emily: it just a ghost
[30] Anna: maybe
[30] Emily: I guess
[30] Anna: i don't understand
[30] Jane: me too
[32] Anna: crazy
[32] Emily: wow
[32] Emily: the female
[32] Emily: can swimming fifty five
[32] Emily: cicles it's so crazy

[Step 2] Evaluating semantic answer...
Action: [Answer]
Content: Hot milk tea.
FINAL ANSWER (from graph):
Hot milk tea.
Question: Is Emily brave?

[Step 1] Searching the graph...
Parse Query Output:
{
  "query_triple": ["<Emily>", "brave", null, 0.95, 0.7, 0.1],
  "spatial_constraint": null,
  "speaker_strict": null,
  "allocation": {
    "k_high_level": 9,
    "k_low_level": 12,
    "k_conversations": 29,
    "total_k": 50,
    "reasoning": "Trait query about bravery—use high-level edges for character attributes, conversations for evidence/reasons, and some low-level actions to observe brave behavior."
  }
}

Graph Search Results:
**High-Level Information (Character Attributes and Relationships): **

Character Attributes:
- Emily is: unknown gender (100), voice only (100), no on-screen appearance (100), prefers horror movies (95), opinionated (90), assertive (85), critical of special effects (85)

Character Relationships:
- Jane collaborates with Emily (85)
- Anna is friend with Emily (85)

**Low-Level Information (Actions and Events): **

[1] Emily speaks. (living room)
[2] Anna teases Emily. (living room)
[2] Emily proposes watching horror movie. (living room)
[3] Emily listens. (living room)
[3] Emily speaks. (living room)
[5] Emily raises hand. (living room)
[6] Emily speaks. (living room)
[14] Emily watches TV. (living room)
[15] Emily faces TV. (living room)
[15] Anna looks past Emily. (living room)
[16] Emily hugs yellow patterned cushion. (living room)
[17] Emily listens. (living room)

**Conversations: **

Conversation 1: Emily, Jane, Anna, and Bob discuss what movie to watch, debating sci-fi, horror, and comedy. They decide to choose by a scoring/number game, and Emily wins, leading the group to watch a horror movie during the daytime. Bob is tasked with using the remote to select the movie.
[1] Emily: hey guy
[1] Jane: hi
[1] Anna: hi Emily
[1] Emily: how do you do today
[1] Jane: I was so tired with work
[1] Jane: I want to relax
[1] Jane: what kind of movie you want to watch
[1] Emily: hmm
[1] Emily: the special effects of sci-fi
[1] Emily: movies I saw last week is so terrible
[1] Jane: hmm although the special effects are bad
[2] Jane: but I still think the storyline is okay
[2] Emily: no the movie is so
[2] Emily: boring and I just want to sleep
[2] Anna: oh Emily your taste in movie still needs some work
[2] Jane: what we are going to watch today
[2] Emily: I think we can saw horror movies
[2] Emily: can saw the horror movies
[3] Emily: without flinching
[3] Anna: no I'm not really into horror movies
[3] Anna: when I was little
[3] Anna: I was even cried because of stuffed toy
[3] Anna: since then I've been scared of horror movies
[3] Emily: stuffed toys can scare you to tears
[3] Emily: you are way too timid
[3] Jane: oh
[4] Anna: Jane, what kinds of movie do you want to watch
[4] Jane: I'm okay with watching anything even horror
[4] Emily: horror movie
[4] Jane: here is Johnny
[4] Emily: horror
[4] Anna: comedy
[5] Jane: the one with the big number
[5] Jane: will choose the movie we watch today
[5] Emily: that's a good idea
[5] Anna: it's fair
[5] Anna: I will win
[5] Emily: I must be the winner
[5] Jane: alright what kind of movie you want to watch if you win
[5] Anna: if I had a high score
[5] Anna: I want to watch comedy
[6] Emily: I want to watch horror movie
[6] Emily: phantom man
[6] Anna: right
[6] Anna: have a
[6] Anna: fight
[6] Jane: okay choose one
[6] Emily: yeah I'm king
[6] Anna: three
[6] Emily: I won
[6] Anna: alright
[6] Jane: it's daytime now

Conversation 5: The group reacts to a shocking, confusing event, with speculation ranging from a ghost to an insane actor. They express disbelief and refer to a remarkable feat involving a female swimming fifty-five cycles, calling it crazy. No clear decisions are made; the conversation is mostly fragmented reactions and uncertainty.
[28] Anna: that's so horrible
[28] Jane: I agree with you
[29] Emily: I think it's just so so
[29] Anna: is it correct
[29] Anna: so crazy
[30] Anna: what happened
[30] Jane: I don't know
[30] Emily: it just a ghost
[30] Anna: maybe
[30] Emily: I guess
[30] Anna: i don't understand
[30] Jane: me too
[31] Emily: the actor just insane
[31] Anna: 55
[32] Anna: crazy
[32] Emily: wow
[32] Emily: the female
[32] Emily: can swimming fifty five
[32] Emily: cicles it's so crazy

Conversation 2: The group is watching a movie, and Emily requests Bob to increase the volume, which Bob agrees to. Anna expresses strong dislike for something in the movie, and Emily concurs while noting that it is scary.
[12] Emily: I think the movie's volume is a bit low so Bob turn it up a bit
[12] Emily: Bob turn it up a bit
[12] Emily: please
[13] Bob: okay
[14] Anna: it's so disgusting
[14] Anna: disgusting
[14] Emily: i agree with you
[14] Emily: oh scare

Conversation 4: The group discusses being hot and adjusts the air conditioner, with Jane agreeing to increase the temperature by two degrees. Emily expresses discomfort from the heat, requests a cold drink, and offers cola to others, which Jane and Anna accept. The exchange is polite, with thanks and acknowledgments throughout.
[24] Emily: please help me get a Cola from the fridge please
[24] Bob: okay
[24] Emily: thank you
[25] Emily: so anyone want to drink some cola
[25] Jane: me
[25] Emily: okay
[25] Anna: thanks
[25] Anna: they're sick
[26] Jane: thank you
[26] Emily: welcome
[26] Anna: thank you
[26] Emily: it's okay

Conversation 6: The brief exchange centers on an acknowledgment and a mention of a possible accident. No clear decisions or outcomes are established due to limited context.
[34] Anna: thanks
[34] Emily: I think
[34] Emily: and then they may be an accident
[34] Anna: accident

[Step 2] Evaluating semantic answer...
Action: [Answer]
Content: Yes, Emily is brave, as she wants to watch horror movies without flinching and calls others timid.
FINAL ANSWER (from graph):
Yes, Emily is brave, as she wants to watch horror movies without flinching and calls others timid.
Question: where is the yellow pillow?

[Step 1] Searching the graph...
Parse Query Output:
{
  "query_triple": ["pillow#yellow", "is at", "?", 0.9, 0.5, 0.15],
  "spatial_constraint": null,
  "speaker_strict": null,
  "allocation": {"k_high_level": 2, "k_low_level": 40, "k_conversations": 8, "total_k": 50, "reasoning": "Spatial location query about a specific object; prioritize low-level edges to find placement, minimal high-level and conversations for any incidental mentions"}
}

Graph Search Results:
**High-Level Information (Character Attributes and Relationships): **

Character Attributes:
- character_2 is: female (100)
- character_3 is: female (100)

**Low-Level Information (Actions and Events): **

[1] Jane holds yellow pillow. (living room)
[1] Emily places white pillow. (living room)
[1] white pillow is on <Emily>'s lap. (living room)
[2] Jane holds yellow pillow. (living room)
[3] Jane holds yellow pillow. (living room)
[4] Jane holds yellow pillow. (living room)
[5] Jane holds yellow pillow. (living room)
[6] Jane holds yellow pillow. (living room)
[7] Jane holds yellow pillow. (living room)
[7] yellow pillow is on <Jane>'s lap. (living room)
[10] character_3 has across lap white pillow. (living room)
[11] character_3 holds white pillow. (living room)
[11] young adult with short hair holding yellow patterned cushion keeps yellow patterned cushion. (living room)
[11] yellow patterned cushion is on <character_1>'s lap. (living room)
[12] character_3 holds white pillow. (living room)
[13] character_1 rests on yellow patterned cushion. (living room)
[14] Susan holds white pillow. (living room)
[15] Susan holds white pillow. (living room)
[15] white pillow is on <Susan>'s lap. (living room)
[15] yellow patterned cushion is in front of Anna. (living room)
[16] Susan rests white pillow. (living room)
[16] white pillow is on <Susan>'s lap. (living room)
[16] Susan leans back with white pillow. (living room)
[17] Susan holds white pillow. (living room)
[20] character_1 holds yellow pillow. (kitchen and living room)
[20] white pillow is on <character_3>'s lap. (kitchen and living room)
[21] white pillow is on <Susan>'s lap. (living room)
[22] Susan holds white pillow. (living room)
[22] white pillow is on lap of Susan. (living room)
[23] Jane holds white pillow. (living room)
[23] Anna is near yellow cushion. (living room)
[23] Jane raises white pillow. (living room)
[24] Anna holds light yellow cushion. (living room)
[24] Susan holds white pillow. (living room)
[24] yellow cushion is on Anna's lap. (living room)
[25] Anna holds light yellow cushion. (living room)
[25] white pillow is beside Jane. (living room)
[25] Susan holds white pillow. (living room)
[26] Anna holds light yellow cushion. (living room and kitchen)
[26] light yellow cushion is on couch. (living room and kitchen)

**Conversations: **

Conversation 1: Emily, Jane, Anna, and Bob discuss what movie to watch, debating sci-fi, horror, and comedy. They decide to choose by a scoring/number game, and Emily wins, leading the group to watch a horror movie during the daytime. Bob is tasked with using the remote to select the movie.
[3] Anna: no I'm not really into horror movies
[3] Anna: when I was little
[3] Anna: I was even cried because of stuffed toy
[3] Anna: since then I've been scared of horror movies
[3] Emily: stuffed toys can scare you to tears
[3] Emily: you are way too timid
[3] Jane: oh
[4] Jane: I'm okay with watching anything even horror
[4] Emily: horror movie
[4] Jane: here is Johnny
[4] Emily: horror
[4] Anna: comedy
[5] Jane: the one with the big number
[5] Jane: will choose the movie we watch today
[5] Emily: that's a good idea
[6] Emily: I won
[6] Anna: alright
[6] Jane: it's daytime now
[6] Jane: even a horror movie are not so scary
[7] Jane: Bob
[7] Jane: take out the remote control and select a movie
[7] Bob: okay

Conversation 4: The group discusses being hot and adjusts the air conditioner, with Jane agreeing to increase the temperature by two degrees. Emily expresses discomfort from the heat, requests a cold drink, and offers cola to others, which Jane and Anna accept. The exchange is polite, with thanks and acknowledgments throughout.
[24] Emily: I'm so very hot
[24] Emily: I want to drink something cold
[24] Emily: please help me get a Cola from the fridge please
[24] Bob: okay
[24] Emily: thank you

Conversation 2: The group is watching a movie, and Emily requests Bob to increase the volume, which Bob agrees to. Anna expresses strong dislike for something in the movie, and Emily concurs while noting that it is scary.
[14] Anna: disgusting
[14] Emily: i agree with you
[14] Emily: oh scare

[Step 2] Evaluating semantic answer...
Action: [Answer]
Content: On Anna’s lap in the living room.
FINAL ANSWER (from graph):
On Anna’s lap in the living room.
Question: where should the robot get the popcorn

[Step 1] Searching the graph...
Parse Query Output:
{
  "query_triple": ["<robot>", "should get", "popcorn", 0.9, 0.25, 0.7],
  "spatial_constraint": null,
  "speaker_strict": null,
  "allocation": {
    "k_high_level": 5,
    "k_low_level": 35,
    "k_conversations": 10,
    "total_k": 50,
    "reasoning": "Location/action guidance for obtaining popcorn; prioritize low-level edges to find where popcorn is located or where it's acquired, with some conversations for instructions or hints."
  }
}

Graph Search Results:
**High-Level Information (Character Attributes and Relationships): **

Character Attributes:
- robot is: black gloves (100), first-person camera view (100), no visible face or body (100)

Character Relationships:
- robot assists Jane (90)
- robot assists character_2 (75)

**Low-Level Information (Actions and Events): **

[9] robot navigates TV menu. (living room)
[9] robot opens movie section. (living room)
[9] robot highlights movie tile. (living room)
[10] robot scrolls through movie thumbnail. (living room)
[10] robot highlights movie titled. (living room)
[10] robot starts playback. (living room)
[17] robot picks up small packet. (living room)
[18] robot picks up red sachet. (apartment kitchen and dining area)
[18] robot places sachet. (apartment kitchen and dining area)
[18] robot holds sachet. (apartment kitchen and dining area)
[18] robot sets sachet. (apartment kitchen and dining area)
[19] robot pours water into kettle. (kitchen)
[19] robot adds water to kettle. (kitchen)
[19] robot empties remaining water into kettle. (kitchen)
[19] robot adjusts kettle lid. (kitchen)
[20] robot carries kettle. (kitchen and living room)
[20] robot sets kettle. (kitchen and living room)
[20] robot approaches sofa. (kitchen and living room)
[24] robot moves toward fridge. (living room)
[24] robot picks up bottle of Cola. (living room)
[24] robot hands Cola. (living room)
[26] robot picks up electric kettle. (living room and kitchen)
[27] robot moves to cup. (kitchen sink)
[28] robot tears open packet. (kitchen)
[28] robot positions above opened packet. (kitchen)
[28] robot pours from into white powder. (kitchen)
[28] robot adds to powder. (kitchen)
[29] robot pours from packet. (kitchen counter)
[29] robot empties packet. (kitchen counter)
[29] robot tilts toward kettle. (kitchen counter)
[30] robot reaches to bowl. (kitchen)
[32] robot opens kettle lid. (kitchen sink)
[33] robot scrubs kettle lid. (kitchen and living room)
[33] robot carries kettle. (kitchen and living room)
[33] robot sets kettle. (kitchen and living room)

**Conversations: **

Conversation 1: Emily, Jane, Anna, and Bob discuss what movie to watch, debating sci-fi, horror, and comedy. They decide to choose by a scoring/number game, and Emily wins, leading the group to watch a horror movie during the daytime. Bob is tasked with using the remote to select the movie.
[1] Jane: I was so tired with work
[1] Jane: I want to relax
[1] Jane: what kind of movie you want to watch
[1] Emily: hmm
[1] Emily: the special effects of sci-fi
[1] Emily: movies I saw last week is so terrible
[1] Jane: hmm although the special effects are bad
[2] Emily: no the movie is so
[2] Emily: boring and I just want to sleep
[2] Anna: oh Emily your taste in movie still needs some work
[2] Jane: okay let's get back to the theme
[2] Jane: what we are going to watch today
[2] Emily: I think we can saw horror movies
[2] Emily: can saw the horror movies
[4] Anna: comedy
[5] Jane: the one with the big number
[5] Jane: will choose the movie we watch today
[5] Emily: that's a good idea
[5] Anna: it's fair
[5] Anna: I will win
[5] Emily: I must be the winner
[5] Jane: alright what kind of movie you want to watch if you win
[5] Anna: if I had a high score
[5] Anna: I want to watch comedy
[6] Emily: I want to watch horror movie
[6] Emily: phantom man
[6] Jane: even a horror movie are not so scary
[7] Jane: Bob
[7] Jane: take out the remote control and select a movie
[7] Bob: okay

Conversation 4: The group discusses being hot and adjusts the air conditioner, with Jane agreeing to increase the temperature by two degrees. Emily expresses discomfort from the heat, requests a cold drink, and offers cola to others, which Jane and Anna accept. The exchange is polite, with thanks and acknowledgments throughout.
[24] Emily: I'm so very hot
[24] Emily: I want to drink something cold
[24] Emily: please help me get a Cola from the fridge please
[24] Bob: okay
[24] Emily: thank you

Conversation 2: The group is watching a movie, and Emily requests Bob to increase the volume, which Bob agrees to. Anna expresses strong dislike for something in the movie, and Emily concurs while noting that it is scary.
[12] Emily: I think the movie's volume is a bit low so Bob turn it up a bit
[12] Emily: Bob turn it up a bit
[12] Emily: please

[Step 2] Evaluating semantic answer...
Action: [Search]
Content: [9, 10, 24, 27, 28, 29, 30, 19, 20, 26]
Summary: The graph shows the robot navigating the TV to start a movie in the living room, fetching a cola from the fridge, handling a kettle and packets (likely making a drink) in the kitchen, and moving between the kitchen, living room, and sink. However, there is no explicit mention of popcorn or its location, so we need to search relevant clips around food preparation and the living room area to determine where the robot should get the popcorn.

[Step 3] Watching video clips: [9, 10, 24, 27, 28, 29, 30, 19, 20, 26]

   Processing clip 9 (1/10)...
Question: Is it day or night when watching movies?

[Step 1] Searching the graph...
Parse Query Output:
{
  "query_triple": [null, "time of day when watching movies", null, 0.1, 0.25, 0.1],
  "spatial_constraint": null,
  "speaker_strict": null,
  "allocation": {
    "k_high_level": 5,
    "k_low_level": 35,
    "k_conversations": 10,
    "total_k": 50,
    "reasoning": "Temporal/state query about scenes of 'watching movies' without specific characters or location. Prioritize low-level edges to find actions like 'watches movie' and associated time-of-day states (day/night). Some conversations may mention it verbally; a small set of high-level edges could capture general traits or habits."
  }
}

Graph Search Results:
**High-Level Information (Character Attributes and Relationships): **

Character Attributes:
- character_3 is: female (100), light skin (100), medium-length dark hair tied back (100), white polo shirt (100), dark pants (100)

**Low-Level Information (Actions and Events): **

[1] Jane faces TV. (living room)
[1] Emily thinks about movie choice. (living room)
[2] Jane comments on movie's special effect. (living room)
[2] Emily starts criticizing movie. (living room)
[2] Emily says movie is boring. (living room)
[2] Anna teases about Emily's taste in movie. (living room)
[2] Jane asks what they are going to watch today. (living room)
[2] Emily proposes watching horror movie. (living room)
[2] Emily repeats suggestion to watch horror movie. (living room)
[4] Anna counters with preferred genre. (living room)
[7] Jane suggests choosing movie. (living room)
[8] remote control is in front of TV. (living room)
[8] robot turns on TV. (living room)
[8] robot waits during loading on TV. (living room)
[8] subscription prompt is on TV. (living room)
[8] home content menu is on TV. (living room)
[9] remote is at TV. (living room)
[9] robot navigates TV menu. (living room)
[9] category is on TV. (living room)
[9] robot opens movie section. (living room)
[9] filter is in movie menu. (living room)
[9] result is to European film. (living room)
[9] robot highlights movie tile. (living room)
[10] robot scrolls through movie thumbnail. (living room)
[10] movie thumbnail is on TV menu. (living room)
[10] robot continues browsing to next page of movie. (living room)
[10] robot highlights movie titled. (living room)
[10] movie titled is on TV info page. (living room)
[10] movie intro plays. (living room)
[10] left_person looks toward TV screen. (living room)
[16] Anna watches movie. (living room)
[16] Anna reacts verbally to movie. (living room)
[16] Emily reassures about movie being fake. (living room)
[25] Susan walks toward TV area. (living room)
[25] Susan adjusts something near TV. (living room)

**Conversations: **

Conversation 1: Emily, Jane, Anna, and Bob discuss what movie to watch, debating sci-fi, horror, and comedy. They decide to choose by a scoring/number game, and Emily wins, leading the group to watch a horror movie during the daytime. Bob is tasked with using the remote to select the movie.
[1] Jane: I was so tired with work
[1] Jane: I want to relax
[1] Jane: what kind of movie you want to watch
[1] Emily: hmm
[1] Emily: the special effects of sci-fi
[2] Anna: oh Emily your taste in movie still needs some work
[2] Jane: okay let's get back to the theme
[2] Jane: what we are going to watch today
[2] Emily: I think we can saw horror movies
[2] Emily: can saw the horror movies
[3] Emily: without flinching
[3] Emily: you are way too timid
[3] Jane: oh
[4] Anna: Jane, what kinds of movie do you want to watch
[4] Jane: I'm okay with watching anything even horror
[4] Emily: horror movie
[4] Jane: here is Johnny
[4] Anna: comedy
[5] Jane: the one with the big number
[5] Jane: will choose the movie we watch today
[5] Emily: that's a good idea
[5] Anna: it's fair
[5] Anna: I will win
[5] Emily: I must be the winner
[5] Jane: alright what kind of movie you want to watch if you win
[5] Anna: if I had a high score
[5] Anna: I want to watch comedy
[6] Emily: I want to watch horror movie
[6] Emily: phantom man
[6] Anna: right
[6] Emily: I won
[6] Anna: alright
[6] Jane: it's daytime now
[6] Jane: even a horror movie are not so scary
[7] Jane: Bob
[7] Jane: take out the remote control and select a movie
[7] Bob: okay

[Step 2] Evaluating semantic answer...
Action: [Answer]
Content: It is daytime.
FINAL ANSWER (from graph):
It is daytime.
Question: Is Anna timid?

[Step 1] Searching the graph...
Parse Query Output:
{
  "query_triple": ["<Anna>", "timid", null, 0.95, 0.3, 0.1],
  "spatial_constraint": null,
  "speaker_strict": null,
  "allocation": {
    "k_high_level": 8,
    "k_low_level": 7,
    "k_conversations": 35,
    "total_k": 50,
    "reasoning": "Trait query about a character; use high-level edges for attributes and conversations for evidence of timidity. A small number of low-level edges may show timid behaviors."
  }
}

Graph Search Results:
**High-Level Information (Character Attributes and Relationships): **

Character Attributes:
- Anna is: unknown gender (100), voice only (100), no on-screen appearance (100), dislikes horror movies (85), polite (80), prefers comedy over horror (90)

Character Relationships:
- Jane is friend with Anna (90)
- Anna trusts Jane (85)

**Low-Level Information (Actions and Events): **

[2] Anna teases Emily. (living room)
[5] Anna crouches by TV stand. (living room)
[14] Anna watches quietly TV. (living room)
[15] Anna leans forward slightly. (living room)
[16] Emily responds calmly to Anna. (living room)
[16] Emily reassures Anna. (living room)
[25] Jane leans toward Anna. (living room)

**Conversations: **

Conversation 5: The group reacts to a shocking, confusing event, with speculation ranging from a ghost to an insane actor. They express disbelief and refer to a remarkable feat involving a female swimming fifty-five cycles, calling it crazy. No clear decisions are made; the conversation is mostly fragmented reactions and uncertainty.
[28] Jane: oh my gosh
[28] Anna: that's so horrible
[28] Jane: I agree with you
[29] Emily: I think it's just so so
[29] Anna: is it correct
[29] Anna: so crazy
[29] Anna: oh my gosh
[29] Anna: what
[30] Anna: what happened
[30] Jane: I don't know
[30] Emily: it just a ghost
[30] Anna: maybe
[30] Emily: I guess
[30] Anna: i don't understand
[30] Jane: me too
[31] Emily: the actor just insane
[31] Anna: 55
[32] Anna: crazy
[32] Emily: wow
[32] Emily: the female

Conversation 4: The group discusses being hot and adjusts the air conditioner, with Jane agreeing to increase the temperature by two degrees. Emily expresses discomfort from the heat, requests a cold drink, and offers cola to others, which Jane and Anna accept. The exchange is polite, with thanks and acknowledgments throughout.
[21] Anna: oh
[21] Anna: Jane can we turn up the air conditioner
[22] Jane: okay
[22] Jane: increase the air conditioner temperature by two degrees
[23] Anna: what are they doing
[23] Anna: i don't know
[23] Jane: it's a bit scary
[23] Susan: oh
[25] Jane: me
[25] Emily: okay
[25] Anna: thanks
[25] Anna: they're sick
[26] Jane: thank you
[26] Emily: welcome
[26] Anna: thank you
[26] Emily: it's okay

Conversation 1: Emily, Jane, Anna, and Bob discuss what movie to watch, debating sci-fi, horror, and comedy. They decide to choose by a scoring/number game, and Emily wins, leading the group to watch a horror movie during the daytime. Bob is tasked with using the remote to select the movie.
[1] Emily: hey guy
[1] Jane: hi
[1] Anna: hi Emily
[1] Emily: how do you do today
[1] Jane: I was so tired with work
[2] Emily: no the movie is so
[2] Emily: boring and I just want to sleep
[2] Anna: oh Emily your taste in movie still needs some work
[2] Jane: okay let's get back to the theme
[2] Jane: what we are going to watch today
[2] Emily: can saw the horror movies
[3] Emily: without flinching
[3] Anna: no I'm not really into horror movies
[3] Anna: when I was little
[3] Anna: I was even cried because of stuffed toy
[3] Anna: since then I've been scared of horror movies
[3] Emily: stuffed toys can scare you to tears
[3] Emily: you are way too timid
[3] Jane: oh
[4] Anna: Jane, what kinds of movie do you want to watch
[4] Jane: here is Johnny
[4] Emily: horror
[4] Anna: comedy
[5] Jane: the one with the big number
[5] Jane: will choose the movie we watch today
[5] Emily: that's a good idea
[5] Anna: it's fair
[5] Anna: I will win
[5] Emily: I must be the winner
[6] Emily: I want to watch horror movie
[6] Emily: phantom man
[6] Anna: right
[6] Anna: have a
[6] Anna: fight
[6] Jane: okay choose one
[6] Emily: yeah I'm king
[6] Anna: three
[6] Emily: I won
[6] Anna: alright
[6] Jane: it's daytime now
[6] Jane: even a horror movie are not so scary

Conversation 3: Anna expresses anxiety after a movie and mentions wanting iced milk tea. Jane reassures her that the movie is fake and suggests a hot drink instead. They agree to make hot milk tea for Anna, with Jane guiding the plan.
[16] Anna: oh my gosh
[16] Jane: she's insane
[16] Anna: oh my god
[16] Anna: i want to eat an iced milk tea
[16] Jane: oh it's okay
[16] Jane: don't be so nervous the movie is all fake
[17] Jane: but i think it would be better if you drink something hot
[17] Anna: alright
[17] Jane: boil the water and then make a cup of milk tea for Anna

Conversation 6: The brief exchange centers on an acknowledgment and a mention of a possible accident. No clear decisions or outcomes are established due to limited context.
[34] Anna: thanks
[34] Emily: I think
[34] Emily: and then they may be an accident
[34] Anna: accident

Conversation 2: The group is watching a movie, and Emily requests Bob to increase the volume, which Bob agrees to. Anna expresses strong dislike for something in the movie, and Emily concurs while noting that it is scary.
[13] Bob: okay
[14] Anna: it's so disgusting
[14] Anna: disgusting
[14] Emily: i agree with you
[14] Emily: oh scare

[Step 2] Evaluating semantic answer...
Action: [Answer]
Content: Yes, Anna is timid.
FINAL ANSWER (from graph):
Yes, Anna is timid.
✓ Updated results.json for living_room_01 (13 questions)
✓ Cleaned up video and frames for living_room_01

============================================================
Processing video: living_room_02
============================================================
Downloading 1 video(s) to data/videos...

Downloading living_room_02.mp4...
✓ Successfully downloaded living_room_02.mp4 to data/videos/living_room_02.mp4

============================================================
Download Summary:
  Successful: 1/1
============================================================

============================================================
[1/1] Processing: living_room_02
============================================================
Video: data/videos/living_room_02.mp4
Subtitles: data/subtitles/robot/living_room_02.srt
Output: data/frames/living_room_02
============================================================

Parsing subtitle file: data/subtitles/robot/living_room_02.srt
Found 357 subtitle entries
Video: 1578x720, 30.00 FPS, 62417 frames, 2080.57s duration

Extracting frames with subtitles...
Grouping frames into folders of 30 frames each
  Saved 10 frames (up to 9s, folder 1)
  Saved 20 frames (up to 19s, folder 1)
  Saved 30 frames (up to 29s, folder 1)
  Saved 40 frames (up to 39s, folder 2)
  Saved 50 frames (up to 49s, folder 2)
  Saved 60 frames (up to 59s, folder 2)
  Saved 70 frames (up to 69s, folder 3)
  Saved 80 frames (up to 79s, folder 3)
  Saved 90 frames (up to 89s, folder 3)
  Saved 100 frames (up to 99s, folder 4)
  Saved 110 frames (up to 109s, folder 4)
  Saved 120 frames (up to 119s, folder 4)
  Saved 130 frames (up to 129s, folder 5)
  Saved 140 frames (up to 139s, folder 5)
  Saved 150 frames (up to 149s, folder 5)
  Saved 160 frames (up to 159s, folder 6)
  Saved 170 frames (up to 169s, folder 6)
  Saved 180 frames (up to 179s, folder 6)
  Saved 190 frames (up to 189s, folder 7)
  Saved 200 frames (up to 199s, folder 7)
  Saved 210 frames (up to 209s, folder 7)
  Saved 220 frames (up to 219s, folder 8)
  Saved 230 frames (up to 229s, folder 8)
  Saved 240 frames (up to 239s, folder 8)
  Saved 250 frames (up to 249s, folder 9)
  Saved 260 frames (up to 259s, folder 9)
  Saved 270 frames (up to 269s, folder 9)
  Saved 280 frames (up to 279s, folder 10)
  Saved 290 frames (up to 289s, folder 10)
  Saved 300 frames (up to 299s, folder 10)
  Saved 310 frames (up to 309s, folder 11)
  Saved 320 frames (up to 319s, folder 11)
  Saved 330 frames (up to 329s, folder 11)
  Saved 340 frames (up to 339s, folder 12)
  Saved 350 frames (up to 349s, folder 12)
  Saved 360 frames (up to 359s, folder 12)
  Saved 370 frames (up to 369s, folder 13)
  Saved 380 frames (up to 379s, folder 13)
  Saved 390 frames (up to 389s, folder 13)
  Saved 400 frames (up to 399s, folder 14)
  Saved 410 frames (up to 409s, folder 14)
  Saved 420 frames (up to 419s, folder 14)
  Saved 430 frames (up to 429s, folder 15)
  Saved 440 frames (up to 439s, folder 15)
  Saved 450 frames (up to 449s, folder 15)
  Saved 460 frames (up to 459s, folder 16)
  Saved 470 frames (up to 469s, folder 16)
  Saved 480 frames (up to 479s, folder 16)
  Saved 490 frames (up to 489s, folder 17)
  Saved 500 frames (up to 499s, folder 17)
  Saved 510 frames (up to 509s, folder 17)
  Saved 520 frames (up to 519s, folder 18)
  Saved 530 frames (up to 529s, folder 18)
  Saved 540 frames (up to 539s, folder 18)
  Saved 550 frames (up to 549s, folder 19)
  Saved 560 frames (up to 559s, folder 19)
  Saved 570 frames (up to 569s, folder 19)
  Saved 580 frames (up to 579s, folder 20)
  Saved 590 frames (up to 589s, folder 20)
  Saved 600 frames (up to 599s, folder 20)
  Saved 610 frames (up to 609s, folder 21)
  Saved 620 frames (up to 619s, folder 21)
  Saved 630 frames (up to 629s, folder 21)
  Saved 640 frames (up to 639s, folder 22)
  Saved 650 frames (up to 649s, folder 22)
  Saved 660 frames (up to 659s, folder 22)
  Saved 670 frames (up to 669s, folder 23)
  Saved 680 frames (up to 679s, folder 23)
  Saved 690 frames (up to 689s, folder 23)
  Saved 700 frames (up to 699s, folder 24)
  Saved 710 frames (up to 709s, folder 24)
  Saved 720 frames (up to 719s, folder 24)
  Saved 730 frames (up to 729s, folder 25)
  Saved 740 frames (up to 739s, folder 25)
  Saved 750 frames (up to 749s, folder 25)
  Saved 760 frames (up to 759s, folder 26)
  Saved 770 frames (up to 769s, folder 26)
  Saved 780 frames (up to 779s, folder 26)
  Saved 790 frames (up to 789s, folder 27)
  Saved 800 frames (up to 799s, folder 27)
  Saved 810 frames (up to 809s, folder 27)
  Saved 820 frames (up to 819s, folder 28)
  Saved 830 frames (up to 829s, folder 28)
  Saved 840 frames (up to 839s, folder 28)
  Saved 850 frames (up to 849s, folder 29)
  Saved 860 frames (up to 859s, folder 29)
  Saved 870 frames (up to 869s, folder 29)
  Saved 880 frames (up to 879s, folder 30)
  Saved 890 frames (up to 889s, folder 30)
  Saved 900 frames (up to 899s, folder 30)
  Saved 910 frames (up to 909s, folder 31)
  Saved 920 frames (up to 919s, folder 31)
  Saved 930 frames (up to 929s, folder 31)
  Saved 940 frames (up to 939s, folder 32)
  Saved 950 frames (up to 949s, folder 32)
  Saved 960 frames (up to 959s, folder 32)
  Saved 970 frames (up to 969s, folder 33)
  Saved 980 frames (up to 979s, folder 33)
  Saved 990 frames (up to 989s, folder 33)
  Saved 1000 frames (up to 999s, folder 34)
  Saved 1010 frames (up to 1009s, folder 34)
  Saved 1020 frames (up to 1019s, folder 34)
  Saved 1030 frames (up to 1029s, folder 35)
  Saved 1040 frames (up to 1039s, folder 35)
  Saved 1050 frames (up to 1049s, folder 35)
  Saved 1060 frames (up to 1059s, folder 36)
  Saved 1070 frames (up to 1069s, folder 36)
  Saved 1080 frames (up to 1079s, folder 36)
  Saved 1090 frames (up to 1089s, folder 37)
  Saved 1100 frames (up to 1099s, folder 37)
  Saved 1110 frames (up to 1109s, folder 37)
  Saved 1120 frames (up to 1119s, folder 38)
  Saved 1130 frames (up to 1129s, folder 38)
  Saved 1140 frames (up to 1139s, folder 38)
  Saved 1150 frames (up to 1149s, folder 39)
  Saved 1160 frames (up to 1159s, folder 39)
  Saved 1170 frames (up to 1169s, folder 39)
  Saved 1180 frames (up to 1179s, folder 40)
  Saved 1190 frames (up to 1189s, folder 40)
  Saved 1200 frames (up to 1199s, folder 40)
  Saved 1210 frames (up to 1209s, folder 41)
  Saved 1220 frames (up to 1219s, folder 41)
  Saved 1230 frames (up to 1229s, folder 41)
  Saved 1240 frames (up to 1239s, folder 42)
  Saved 1250 frames (up to 1249s, folder 42)
  Saved 1260 frames (up to 1259s, folder 42)
  Saved 1270 frames (up to 1269s, folder 43)
  Saved 1280 frames (up to 1279s, folder 43)
  Saved 1290 frames (up to 1289s, folder 43)
  Saved 1300 frames (up to 1299s, folder 44)
  Saved 1310 frames (up to 1309s, folder 44)
  Saved 1320 frames (up to 1319s, folder 44)
  Saved 1330 frames (up to 1329s, folder 45)
  Saved 1340 frames (up to 1339s, folder 45)
  Saved 1350 frames (up to 1349s, folder 45)
  Saved 1360 frames (up to 1359s, folder 46)
  Saved 1370 frames (up to 1369s, folder 46)
  Saved 1380 frames (up to 1379s, folder 46)
  Saved 1390 frames (up to 1389s, folder 47)
  Saved 1400 frames (up to 1399s, folder 47)
  Saved 1410 frames (up to 1409s, folder 47)
  Saved 1420 frames (up to 1419s, folder 48)
  Saved 1430 frames (up to 1429s, folder 48)
  Saved 1440 frames (up to 1439s, folder 48)
  Saved 1450 frames (up to 1449s, folder 49)
  Saved 1460 frames (up to 1459s, folder 49)
  Saved 1470 frames (up to 1469s, folder 49)
  Saved 1480 frames (up to 1479s, folder 50)
  Saved 1490 frames (up to 1489s, folder 50)
  Saved 1500 frames (up to 1499s, folder 50)
  Saved 1510 frames (up to 1509s, folder 51)
  Saved 1520 frames (up to 1519s, folder 51)
  Saved 1530 frames (up to 1529s, folder 51)
  Saved 1540 frames (up to 1539s, folder 52)
  Saved 1550 frames (up to 1549s, folder 52)
  Saved 1560 frames (up to 1559s, folder 52)
  Saved 1570 frames (up to 1569s, folder 53)
  Saved 1580 frames (up to 1579s, folder 53)
  Saved 1590 frames (up to 1589s, folder 53)
  Saved 1600 frames (up to 1599s, folder 54)
  Saved 1610 frames (up to 1609s, folder 54)
  Saved 1620 frames (up to 1619s, folder 54)
  Saved 1630 frames (up to 1629s, folder 55)
  Saved 1640 frames (up to 1639s, folder 55)
  Saved 1650 frames (up to 1649s, folder 55)
  Saved 1660 frames (up to 1659s, folder 56)
  Saved 1670 frames (up to 1669s, folder 56)
  Saved 1680 frames (up to 1679s, folder 56)
  Saved 1690 frames (up to 1689s, folder 57)
  Saved 1700 frames (up to 1699s, folder 57)
  Saved 1710 frames (up to 1709s, folder 57)
  Saved 1720 frames (up to 1719s, folder 58)
  Saved 1730 frames (up to 1729s, folder 58)
  Saved 1740 frames (up to 1739s, folder 58)
  Saved 1750 frames (up to 1749s, folder 59)
  Saved 1760 frames (up to 1759s, folder 59)
  Saved 1770 frames (up to 1769s, folder 59)
  Saved 1780 frames (up to 1779s, folder 60)
  Saved 1790 frames (up to 1789s, folder 60)
  Saved 1800 frames (up to 1799s, folder 60)
  Saved 1810 frames (up to 1809s, folder 61)
  Saved 1820 frames (up to 1819s, folder 61)
  Saved 1830 frames (up to 1829s, folder 61)
  Saved 1840 frames (up to 1839s, folder 62)
  Saved 1850 frames (up to 1849s, folder 62)
  Saved 1860 frames (up to 1859s, folder 62)
  Saved 1870 frames (up to 1869s, folder 63)
  Saved 1880 frames (up to 1879s, folder 63)
  Saved 1890 frames (up to 1889s, folder 63)
  Saved 1900 frames (up to 1899s, folder 64)
  Saved 1910 frames (up to 1909s, folder 64)
  Saved 1920 frames (up to 1919s, folder 64)
  Saved 1930 frames (up to 1929s, folder 65)
  Saved 1940 frames (up to 1939s, folder 65)
  Saved 1950 frames (up to 1949s, folder 65)
  Saved 1960 frames (up to 1959s, folder 66)
  Saved 1970 frames (up to 1969s, folder 66)
  Saved 1980 frames (up to 1979s, folder 66)
  Saved 1990 frames (up to 1989s, folder 67)
  Saved 2000 frames (up to 1999s, folder 67)
  Saved 2010 frames (up to 2009s, folder 67)
  Saved 2020 frames (up to 2019s, folder 68)
  Saved 2030 frames (up to 2029s, folder 68)
  Saved 2040 frames (up to 2039s, folder 68)
  Saved 2050 frames (up to 2049s, folder 69)
  Saved 2060 frames (up to 2059s, folder 69)
  Saved 2070 frames (up to 2069s, folder 69)
  Saved 2080 frames (up to 2079s, folder 70)

✓ Extracted 2081 frames to data/frames/living_room_02

✓ Successfully processed living_room_02: 2081 frames saved
--------------------------------
Processing folder:  data/frames/living_room_02/1
Inserted 23 triples into graph for clip 1
--------------------------------
Processing folder:  data/frames/living_room_02/2
Inserted 33 triples into graph for clip 2
--------------------------------
Processing folder:  data/frames/living_room_02/3
Inserted 25 triples into graph for clip 3
--------------------------------
Processing folder:  data/frames/living_room_02/4
Inserted 12 triples into graph for clip 4
--------------------------------
Processing folder:  data/frames/living_room_02/5
Inserted 18 triples into graph for clip 5
--------------------------------
Processing folder:  data/frames/living_room_02/6
Extracting summary for completed conversation 1...
✓ Conversation summary extracted. Attributes: 8, Relationships: 4
Inserted 15 triples into graph for clip 6
--------------------------------
Processing folder:  data/frames/living_room_02/7
Inserted 15 triples into graph for clip 7
--------------------------------
Processing folder:  data/frames/living_room_02/8
Inserted 18 triples into graph for clip 8
--------------------------------
Processing folder:  data/frames/living_room_02/9
Inserted 27 triples into graph for clip 9
--------------------------------
Processing folder:  data/frames/living_room_02/10
Inserted 24 triples into graph for clip 10
--------------------------------
Processing folder:  data/frames/living_room_02/11
Inserted 23 triples into graph for clip 11
--------------------------------
Processing folder:  data/frames/living_room_02/12
Inserted 33 triples into graph for clip 12
--------------------------------
Processing folder:  data/frames/living_room_02/13
Inserted 25 triples into graph for clip 13
--------------------------------
Processing folder:  data/frames/living_room_02/14
Inserted 15 triples into graph for clip 14
--------------------------------
Processing folder:  data/frames/living_room_02/15
Inserted 21 triples into graph for clip 15
--------------------------------
Processing folder:  data/frames/living_room_02/16
Inserted 22 triples into graph for clip 16
--------------------------------
Processing folder:  data/frames/living_room_02/17
Inserted 32 triples into graph for clip 17
--------------------------------
Processing folder:  data/frames/living_room_02/18
Inserted 27 triples into graph for clip 18
--------------------------------
Processing folder:  data/frames/living_room_02/19
Extracting summary for completed conversation 2...
✓ Conversation summary extracted. Attributes: 8, Relationships: 4
Inserted 0 triples into graph for clip 19
--------------------------------
Processing folder:  data/frames/living_room_02/20
Inserted 38 triples into graph for clip 20
--------------------------------
Processing folder:  data/frames/living_room_02/21
Inserted 26 triples into graph for clip 21
--------------------------------
Processing folder:  data/frames/living_room_02/22
Inserted 27 triples into graph for clip 22
--------------------------------
Processing folder:  data/frames/living_room_02/23
Inserted 23 triples into graph for clip 23
--------------------------------
Processing folder:  data/frames/living_room_02/24
Inserted 24 triples into graph for clip 24
--------------------------------
Processing folder:  data/frames/living_room_02/25
Inserted 29 triples into graph for clip 25
--------------------------------
Processing folder:  data/frames/living_room_02/26
Inserted 38 triples into graph for clip 26
--------------------------------
Processing folder:  data/frames/living_room_02/27
Inserted 26 triples into graph for clip 27
--------------------------------
Processing folder:  data/frames/living_room_02/28
Inserted 24 triples into graph for clip 28
--------------------------------
Processing folder:  data/frames/living_room_02/29
Inserted 15 triples into graph for clip 29
--------------------------------
Processing folder:  data/frames/living_room_02/30
Inserted 20 triples into graph for clip 30
--------------------------------
Processing folder:  data/frames/living_room_02/31
Inserted 19 triples into graph for clip 31
--------------------------------
Processing folder:  data/frames/living_room_02/32
Inserted 32 triples into graph for clip 32
--------------------------------
Processing folder:  data/frames/living_room_02/33
Inserted 18 triples into graph for clip 33
--------------------------------
Processing folder:  data/frames/living_room_02/34
Extracting summary for completed conversation 3...
✓ Conversation summary extracted. Attributes: 9, Relationships: 4
Inserted 20 triples into graph for clip 34
--------------------------------
Processing folder:  data/frames/living_room_02/35
Inserted 14 triples into graph for clip 35
--------------------------------
Processing folder:  data/frames/living_room_02/36
Inserted 24 triples into graph for clip 36
--------------------------------
Processing folder:  data/frames/living_room_02/37
Inserted 23 triples into graph for clip 37
--------------------------------
Processing folder:  data/frames/living_room_02/38
Inserted 26 triples into graph for clip 38
--------------------------------
Processing folder:  data/frames/living_room_02/39
Inserted 20 triples into graph for clip 39
--------------------------------
Processing folder:  data/frames/living_room_02/40
Inserted 24 triples into graph for clip 40
--------------------------------
Processing folder:  data/frames/living_room_02/41
Extracting summary for completed conversation 4...
✓ Conversation summary extracted. Attributes: 6, Relationships: 4
Inserted 11 triples into graph for clip 41
--------------------------------
Processing folder:  data/frames/living_room_02/42
Inserted 14 triples into graph for clip 42
--------------------------------
Processing folder:  data/frames/living_room_02/43
Inserted 37 triples into graph for clip 43
--------------------------------
Processing folder:  data/frames/living_room_02/44
Inserted 22 triples into graph for clip 44
--------------------------------
Processing folder:  data/frames/living_room_02/45
Inserted 34 triples into graph for clip 45
--------------------------------
Processing folder:  data/frames/living_room_02/46
Inserted 13 triples into graph for clip 46
--------------------------------
Processing folder:  data/frames/living_room_02/47
Inserted 32 triples into graph for clip 47
--------------------------------
Processing folder:  data/frames/living_room_02/48
Inserted 23 triples into graph for clip 48
--------------------------------
Processing folder:  data/frames/living_room_02/49
Inserted 17 triples into graph for clip 49
--------------------------------
Processing folder:  data/frames/living_room_02/50
Inserted 24 triples into graph for clip 50
--------------------------------
Processing folder:  data/frames/living_room_02/51
Inserted 17 triples into graph for clip 51
--------------------------------
Processing folder:  data/frames/living_room_02/52
Inserted 25 triples into graph for clip 52
--------------------------------
Processing folder:  data/frames/living_room_02/53
Inserted 25 triples into graph for clip 53
--------------------------------
Processing folder:  data/frames/living_room_02/54
Inserted 31 triples into graph for clip 54
--------------------------------
Processing folder:  data/frames/living_room_02/55
Inserted 15 triples into graph for clip 55
--------------------------------
Processing folder:  data/frames/living_room_02/56
Inserted 21 triples into graph for clip 56
--------------------------------
Processing folder:  data/frames/living_room_02/57
Inserted 36 triples into graph for clip 57
--------------------------------
Processing folder:  data/frames/living_room_02/58
Inserted 19 triples into graph for clip 58
--------------------------------
Processing folder:  data/frames/living_room_02/59
Inserted 22 triples into graph for clip 59
--------------------------------
Processing folder:  data/frames/living_room_02/60
Inserted 33 triples into graph for clip 60
--------------------------------
Processing folder:  data/frames/living_room_02/61
Inserted 19 triples into graph for clip 61
--------------------------------
Processing folder:  data/frames/living_room_02/62
Inserted 21 triples into graph for clip 62
--------------------------------
Processing folder:  data/frames/living_room_02/63
Inserted 19 triples into graph for clip 63
--------------------------------
Processing folder:  data/frames/living_room_02/64
Extracting summary for completed conversation 5...
✓ Conversation summary extracted. Attributes: 9, Relationships: 4
Inserted 24 triples into graph for clip 64
--------------------------------
Processing folder:  data/frames/living_room_02/65
Inserted 27 triples into graph for clip 65
--------------------------------
Processing folder:  data/frames/living_room_02/66
LLM call failed, retrying... Error: Error code: 400 - {'error': {'message': 'code: content_policy_violation; message: Image processing blocked due to content policy violation.', 'type': 'invalid_request_error', 'param': 'input', 'code': '-4315'}}
✗ Error processing folder data/frames/living_room_02/66: Error code: 400 - {'error': {'message': 'code: content_policy_violation; message: Image processing blocked due to content policy violation.', 'type': 'invalid_request_error', 'param': 'input', 'code': '-4315'}}
Continuing to next folder...
--------------------------------
Processing folder:  data/frames/living_room_02/67
Inserted 16 triples into graph for clip 67
--------------------------------
Processing folder:  data/frames/living_room_02/68
Inserted 25 triples into graph for clip 68
--------------------------------
Processing folder:  data/frames/living_room_02/69
Inserted 22 triples into graph for clip 69
--------------------------------
Processing folder:  data/frames/living_room_02/70
Inserted 18 triples into graph for clip 70
Extracting summary for final conversation 6...
✓ Final conversation summary extracted. Attributes: 8, Relationships: 4
Inserting character appearances for 6 characters...
Warning: Character '<<Lisa)>' not found in graph, skipping appearance
Warning: Character '<character_2>' not found in graph, skipping appearance
✓ Character appearances inserted: 25 appearance edges created
371 node embeddings inserted (6 characters, 365 objects)
1637 edge embeddings inserted
Generating character attributes...
Number of edges:  1637
Character attributes generated.
Number of edges:  1669
Character relationships generated.
Number of edges:  1690
✓ Graph memory built for living_room_02
Question: Where should the remote control be placed?

[Step 1] Searching the graph...
Parse Query Output:
{
  "query_triple": ["remote control", "should be placed at", "?", 0.7, 0.25, 0.15],
  "spatial_constraint": null,
  "speaker_strict": null,
  "allocation": {
    "k_high_level": 4,
    "k_low_level": 38,
    "k_conversations": 8,
    "total_k": 50,
    "reasoning": "Spatial/placement query with unspecified location; prioritize low-level edges to find typical or mentioned placement locations, with a small allocation to conversations for any explicit guidance or instructions."
  }
}

Graph Search Results:
**High-Level Information (Character Attributes and Relationships): **

Character Attributes:
- robot is: camera-holding presence (100), no visible face (100)

Character Relationships:
- Jack relies on assistance from robot (95)
- Lisa relies on assistance from robot (95)

**Low-Level Information (Actions and Events): **

[10] Lisa addresses robot. (bedroom)
[13] robot places on side table. (bedroom)
[15] robot puts back remote. (bedroom)
[16] robot picks up from TV remote. (bedroom)
[16] TV remote is from chair arm. (bedroom)
[16] robot points remote at television. (bedroom)
[16] robot places on remote. (bedroom)
[16] remote is on bedside cabinet. (bedroom)
[18] robot places mug. (bedroom)
[20] robot places white mug. (kitchenette and bedroom)
[20] robot sets down on empty sachet. (kitchenette and bedroom)
[24] robot places white plastic bin. (bedroom)
[25] Lisa addresses robot. (bedroom)
[26] robot places bottle. (living room near sofa)
[36] robot points camera at windowsill with potted plant. (apartment interior)
[36] robot sets down plastic spray/watering bottle. (apartment interior)
[36] robot aims camera at bathroom sink. (apartment interior)
[36] robot aims camera at toilet. (apartment interior)
[39] robot places small blue-handled scissor. (bedroom)
[41] robot places kettle. (kitchen)
[42] robot positions beneath stainless-steel kettle. (kitchen sink)
[42] robot adjusts position under stainless-steel kettle. (kitchen sink)
[43] robot places kettle. (bedroom)
[43] robot moves to side table. (bedroom)
[44] robot places loaf of bread. (bedroom)
[57] robot points at paper crane. (bedroom)
[57] robot places paper crane. (bedroom)
[57] robot places paper piece. (bedroom)
[57] robot stands in front of Lisa. (bedroom)
[60] robot places into half bottle of juice. (bedroom)
[63] robot places banana. (bedroom)
[64] robot is on side table. (living room and dining area)
[65] robot places hand near red instant noodle cup. (bedroom)
[65] robot sets down neatly small notepad. (bedroom)
[65] robot puts back noodle cup. (bedroom)
[69] robot moves to display shelf. (bedroom and hallway)
[69] robot places upright book. (bedroom and hallway)
[69] robot adjusts position book. (bedroom and hallway)

**Conversations: **

Conversation 2: Lisa struggles with difficult mathematics homework and feels stressed, possibly while dealing with a mild cold. Jack is supportive, advises her to dress warmly due to weather and to take medicine, and manages household tasks with a robot. The robot assists by handling chores like disposing trash, fetching bananas and water, turning off the TV, and helping mix medicine.
[15] Lisa: Okay.
[15] Jack: Well...
[15] Lisa: Hmm did you find the TV...
[15] Lisa: It's a little boring. I don't want to see it.
[15] Jack: It's a little boring yeah.
[15] Lisa: I'm not interested in it.
[15] Jack: Hey robot turn off the TV and put the remote control back in place.
[16] Jack: I think you should take some medicine.
[17] Lisa: Okay fine.

Conversation 6: Jack admits staying up late gaming and feeling tired, and Lisa urges him to prioritize sleep for his health. Jack agrees to go to bed earlier due to work the next day, while Lisa plans to wind down and also prepare for sleep. Lisa briefly instructs a robot to return a book, indicating a supportive environment focused on rest and routine.
[68] Lisa: I will sleep... go to sleep later.
[68] Lisa: Well it's a little sleepy for me.
[69] Lisa: Hello robot, please put the book into its original place for me.
[69] robot: Okay.
[69] Lisa: Thank you.

Conversation 5: Jack and Lisa chat casually while preparing instant noodles and discussing food preferences, with Lisa favoring bread and Jack waiting for noodles. They ask a robot to handle reminders and simple tasks like placing items, fetching water, storing juice, and wiping the table. Lisa talks about her laziness, interest in origami, and reading, selecting Sherlock Holmes, and considers gifting Jack a book for his upcoming birthday. Jack mentions his birthday timing and love of strawberry cake.
[55] Lisa: Okay you're right.
[56] Lisa: Okay, do it later.
[56] Lisa: Hello robot, please put the keys on the wall and the paper cranes on this table into my bag. Okay?
[57] Lisa: Give it to you.
[57] Lisa: Thank you robot.

Conversation 3: Lisa finishes her homework, then starts folding paper cranes and teaches Jack, who finds it too complex. They discuss paper preferences and Lisa’s admiration for an English teacher who taught her crafts. The robot is asked to fetch items (medicine box, juice, scissors) and help, while Jack decides to water wilting flowers using the robot.
[21] Lisa: Well thank you robot.
[21] Jack: For you.
[21] Lisa: Okay just put here.
[21] Jack: It's too hot.
[21] Lisa: It's too hot. I will drink it later.
[24] Jack: Okay
[24] Lisa: Just...
[24] Jack: Hey robot put the medicine box back.
[24] robot: Okay.
[25] Lisa: Well compared to the yellow papers I just prefer the white papers.

Conversation 4: Lisa felt guilty about damaging flowers, and Jack reassured her, noting the plants are drought-tolerant and offering to replace them. Lisa asked a robot to return the scissors, while Jack requested the robot to boil water and fetch snacks. Lisa mentioned she was only slightly hungry and preferred bread.
[38] Lisa: Okay so it seems that my scissors have no use of it.
[38] Lisa: So... hello robot please fetch the scissors...
[38] Lisa: Put the scissors in its original place, thank you.
[39] robot: Okay.
[39] Jack: And Lisa if you were hungry and I want some uh like instant noodles? you want what?

Conversation 1: Lisa and Jack return tired; Jack chooses to relax and watch TV while Lisa plans to do homework and fold paper cranes. Jack encourages Lisa to focus on finishing her homework before resting. A robot assists by fetching a banana for Jack, indicating a supportive environment with a helper present.
[3] Lisa: I'll find my homework.
[3] Lisa: Just do my homework, just...
[3] Jack: Put them here.
[3] Lisa: Okay it's okay.
[4] Jack: Hey robot fetch me a banana from the kitchen.

[Step 2] Evaluating semantic answer...
Action: [Answer]
Content: On the bedside cabinet.
FINAL ANSWER (from graph):
On the bedside cabinet.
Question: When is Jack's birthday?

[Step 1] Searching the graph...
Parse Query Output:
{
  "query_triple": ["<Jack>", "birthday", "?", 0.95, 0.25, 0.15],
  "spatial_constraint": null,
  "speaker_strict": null,
  "allocation": {
    "k_high_level": 8,
    "k_low_level": 10,
    "k_conversations": 32,
    "total_k": 50,
    "reasoning": "Date/when query likely stated in dialogue or bios; use some high-level for attributes, prioritize conversations for explicit mention, and a small low-level portion in case of on-screen calendar or event actions."
  }
}

Graph Search Results:
**High-Level Information (Character Attributes and Relationships): **

Character Attributes:
- Jack is: male (100), short dark hair (100), green jacket (100), dark pants (100), light skin (100), medium build (100), white sneakers (100)

Character Relationships:
- Jack relies on assistance from robot (95)

**Low-Level Information (Actions and Events): **

[1] Jack mentions wanting to relax. (apartment living room leading to bedroom)
[9] Jack laughs Lisa. (bedroom)
[12] Jack comments. (bedroom)
[18] Jack faces camera. (bedroom)
[32] Jack comments. (bedroom)
[32] Jack mentions wanting to see flower. (bedroom)
[33] Jack faces camera. (bedroom)
[45] Jack remarks. (bedroom)
[58] Jack invites Lisa. (bedroom)
[61] Jack faces Lisa. (bedroom)

**Conversations: **

Conversation 5: Jack and Lisa chat casually while preparing instant noodles and discussing food preferences, with Lisa favoring bread and Jack waiting for noodles. They ask a robot to handle reminders and simple tasks like placing items, fetching water, storing juice, and wiping the table. Lisa talks about her laziness, interest in origami, and reading, selecting Sherlock Holmes, and considers gifting Jack a book for his upcoming birthday. Jack mentions his birthday timing and love of strawberry cake.
[44] Jack: Um Tomato beef.
[44] Lisa: Tomato beef?
[44] Jack: Uh-huh.
[45] Lisa: Sounds great.
[45] Jack: Wanna eat some?
[45] Lisa: Maybe I can try if you...
[45] Lisa: If you have finished making it.
[45] Lisa: Wow, why?
[45] Jack: We're so lucky.
[45] Jack: Oh oh.
[45] Jack: It is here sorry.
[46] Lisa: You are kidding me.
[48] Jack: Yeah convenient, health for you.
[48] Lisa: Yes. You want them???
[48] Jack: Hmm no.
[48] Jack: I'm just waiting for my instant noodles.
[49] Lisa: Okay.
[50] Lisa: It's a little, well...
[50] Lisa: It's the best of the world, it's the best imagination of the future of myself, you know.
[51] Jack: So funny.
[51] Jack: I should...
[51] Lisa: Damn don't, don't, don't be such..
[51] Jack: I just think about, I just wonder who told you...
[51] Jack: You are so lazy...
[51] Lisa: I just thinking about myself you know.
[51] Jack: Okay.
[51] Lisa: I'm such an interesting person.
[51] Jack: Fine it's okay.
[51] Lisa: It's the true myself.
[52] Jack: I think the water is okay.
[52] Jack: I think...
[52] Lisa: Uh-huh.
[52] Jack: I pour some water.
[55] Jack: And also you are talented in art I think.
[55] Lisa: Yes, how did you know?
[55] Jack: Because the um...
[55] Jack: What's this? It is a...
[55] Lisa: My colorful paper?
[55] Lisa: It's just a yellow paper.
[60] Jack: Okay robot, by the way, please give me a bottle of water.
[60] Jack: Oh thank you robot.
[60] Lisa: You know Jack.
[61] Lisa: I have read so many kinds of books.
[61] Lisa: Novels, dramas... and you know this one, this one can be said to be the best one I have ever read.
[61] Jack: And if I have time I will watch it.
[61] Lisa: Hmm I suppose not, it's a scientific one.
[61] Jack: Oh okay.
[61] Lisa: Hmm I really love it.
[61] Lisa: You know the plot is so interesting so... you know just gives me so many pleasure.
[62] Lisa: Hmm oh I remember that your birthday is coming right?
[62] Jack: Yeah.
[62] Lisa: Maybe I can give you such a book as your birthday gift.
[62] Jack: Oh thank you and my birthday is on the third day after Labor Day and I can also taste my favorite strawberry cake.
[62] Lisa: Yeah I remember you love strawberries right?
[62] Jack: Yes.
[63] Jack: Okay finish eating them.
[63] Jack: Hey robot wipe the table.

Conversation 3: Lisa finishes her homework, then starts folding paper cranes and teaches Jack, who finds it too complex. They discuss paper preferences and Lisa’s admiration for an English teacher who taught her crafts. The robot is asked to fetch items (medicine box, juice, scissors) and help, while Jack decides to water wilting flowers using the robot.
[21] Lisa: Well thank you robot.
[21] Jack: For you.
[21] Lisa: Okay just put here.
[21] Jack: It's too hot.
[21] Lisa: It's too hot. I will drink it later.
[21] Jack: Uh-huh.
[21] Lisa: Okay the last question, and then I will finish my homework. The last one...
[21] Lisa: Okay.
[21] Lisa: I have done my homework goodness finally finished it.
[21] Jack: It's okay.
[21] Lisa: So I just need to fold some paper cranes today.
[22] Lisa: Hmm let me find some papers.
[23] Lisa: It is a little hot.
[23] Lisa: So let's get started for folding my paper cranes.
[23] Jack: Okay.
[23] Lisa: It's a little hard for me to do such hand work you know.
[23] Lisa: Because I'm not so...
[24] Jack: Mind your paper.
[24] Lisa: Hmm let me try.
[24] Jack: Okay
[24] Lisa: Just...
[24] Jack: Hey robot put the medicine box back.
[32] Jack: It's too complicated actually I don't want to learn it.
[32] Lisa: Oh my god.
[32] Jack: So complicated.
[32] Jack: So impatient of you.
[32] Jack: And I want to see the flowers.

Conversation 1: Lisa and Jack return tired; Jack chooses to relax and watch TV while Lisa plans to do homework and fold paper cranes. Jack encourages Lisa to focus on finishing her homework before resting. A robot assists by fetching a banana for Jack, indicating a supportive environment with a helper present.
[1] Lisa: Okay I'm back.
[1] Jack: Walking all day.
[1] Lisa: Close the door. I'm so tired as well.
[1] Jack: I'm so tired.
[1] Jack: And I wanna relax well...
[1] Jack: You know I wanna watch TV.
[1] Lisa: Okay you can just watch it by yourself.
[1] Lisa: I have to do my homework and you know I also have to fold some paper cranes.
[1] Jack: Okay.
[2] Jack: Watch TV...
[2] Lisa: Alright.
[2] Jack: You just said you wanna do your homework.

Conversation 2: Lisa struggles with difficult mathematics homework and feels stressed, possibly while dealing with a mild cold. Jack is supportive, advises her to dress warmly due to weather and to take medicine, and manages household tasks with a robot. The robot assists by handling chores like disposing trash, fetching bananas and water, turning off the TV, and helping mix medicine.
[8] Lisa: Because you know...
[8] Lisa: I'm not good at mathematics.
[8] Jack: Okay.
[8] Lisa: But my mathematics teacher is really strict with us, he just need us to do homework every day.
[8] Lisa: You know my other hmm...
[8] Lisa: But my mathematic teacher is just...
[8] Lisa: Oh do it every day. Ha.
[8] Jack: Ha ha...
[9] Lisa: It's so hard for me.
[9] Lisa: I'm... I'm really unhappy you know, it has bothered me a lot.
[13] Lisa: Okay thank you robot.
[13] Jack: And Lisa what happened to you?
[13] Jack: You got a cold?
[13] Lisa: Hmm well... surely I feel a little uncomfortable today.
[13] Lisa: And I feel like go under the weather.
[15] Jack: So wear more clothes.
[15] Lisa: Okay got it, hmm so do you.
[15] Jack: Yeah thank you.
[15] Lisa: Okay.
[15] Jack: Well...
[15] Lisa: Hmm did you find the TV...
[15] Lisa: It's a little boring. I don't want to see it.

Conversation 4: Lisa felt guilty about damaging flowers, and Jack reassured her, noting the plants are drought-tolerant and offering to replace them. Lisa asked a robot to return the scissors, while Jack requested the robot to boil water and fetch snacks. Lisa mentioned she was only slightly hungry and preferred bread.
[39] Jack: And Lisa if you were hungry and I want some uh like instant noodles? you want what?
[39] Lisa: I'm just a little bit hungry because I have eaten so much.
[39] Jack: Okay.
[39] Lisa: During the lunch.
[39] Lisa: So maybe just pieces of bread is okay.

[Step 2] Evaluating semantic answer...
Action: [Answer]
Content: Jack’s birthday is on the third day after Labor Day.
FINAL ANSWER (from graph):
Jack’s birthday is on the third day after Labor Day.
Question: Did Jack fold the paper cranes?

[Step 1] Searching the graph...
Parse Query Output:
{
  "query_triple": ["<Jack>", "folds", "paper cranes", 0.95, 0.35, 0.7],
  "spatial_constraint": null,
  "speaker_strict": null,
  "allocation": {
    "k_high_level": 4,
    "k_low_level": 40,
    "k_conversations": 6,
    "total_k": 50,
    "reasoning": "Action verification query—prioritize low-level edges to find concrete actions; minimal high-level for context; small conversation budget in case the action is mentioned verbally."
  }
}

Graph Search Results:
**High-Level Information (Character Attributes and Relationships): **

Character Relationships:
- Jack relies on assistance from robot (95)
- Jack relies on robot (90)
- robot serves Jack (85)
- Jack directs robot (85)

**Low-Level Information (Actions and Events): **

[2] Jack asks about folding paper crane. (bedroom)
[11] Jack holds notebook. (bedroom)
[25] Jack picks up yellow paper note. (bedroom)
[25] small note moves toward Jack. (bedroom)
[25] Jack tests yellow paper. (bedroom)
[26] Jack holds small note. (living room near sofa)
[27] Jack folds small piece of paper. (bedroom)
[27] Jack folds Jack's paper. (bedroom)
[27] Jack picks up small stack of paper. (bedroom)
[29] folded paper crane is toward Jack. (bedroom)
[30] Jack holds strip of paper. (bedroom)
[30] Jack fiddles with strip of paper. (bedroom)
[30] Jack picks up another small paper piece. (bedroom)
[30] Jack examines another small paper piece. (bedroom)
[31] Jack folds small piece of paper. (bedroom)
[31] folded paper is toward Jack. (bedroom)
[31] Jack holds paper. (bedroom)
[32] Jack looks at closely folded paper crane. (bedroom)
[32] paper crane is to Jack. (bedroom)
[32] Jack examines with both hands paper crane. (bedroom)
[32] Jack holds paper crane. (bedroom)
[37] Jack holds pair of small scissor. (bedroom)
[37] Jack gestures with scissor. (bedroom)
[38] Jack holds small blue-handled scissor. (bedroom)
[38] Jack gestures with small blue-handled scissor. (bedroom)
[38] Jack raises small blue-handled scissor. (bedroom)
[38] Jack rests small blue-handled scissor. (bedroom)
[38] Jack lifts small blue-handled scissor. (bedroom)
[39] Jack holds small blue-handled scissor. (bedroom)
[39] Jack hands small blue-handled scissor. (bedroom)
[43] Jack reclines wooden armchair. (bedroom)
[44] Jack holds red cup of instant noodle. (bedroom)
[44] Jack examines noodle cup. (bedroom)
[44] Jack prepares noodle cup. (bedroom)
[45] Jack finds fork. (bedroom)
[47] Jack holds instant noodle cup. (bedroom)
[49] Jack keeps instant noodle cup. (bedroom)
[49] Jack opens noodle cup lid. (bedroom)
[51] Jack holds instant noodle cup. (bedroom)
[54] Jack asks if are part of paper crane Lisa's homework. (bedroom)

**Conversations: **

Conversation 1: Lisa and Jack return tired; Jack chooses to relax and watch TV while Lisa plans to do homework and fold paper cranes. Jack encourages Lisa to focus on finishing her homework before resting. A robot assists by fetching a banana for Jack, indicating a supportive environment with a helper present.
[2] Jack: You just said you wanna do your homework.
[2] Lisa: Yes.
[2] Jack: And fold paper cranes?
[2] Lisa: I need to fetch my bag, my homework is in it.
[3] Jack: Just do your homework.

Conversation 3: Lisa finishes her homework, then starts folding paper cranes and teaches Jack, who finds it too complex. They discuss paper preferences and Lisa’s admiration for an English teacher who taught her crafts. The robot is asked to fetch items (medicine box, juice, scissors) and help, while Jack decides to water wilting flowers using the robot.
[27] Lisa: Hmm I got refresh.
[27] Lisa: Everything gets better when I finish my homework.
[27] Jack: So Lisa can you teach me how to fold this paper?
[27] Jack: I don't know how to do it, can you teach me?
[27] Lisa: Okay just wait a minute.
[28] Lisa: Okay thank you hmm maybe...
[28] Lisa: I can use it later.
[28] Lisa: Hmm let me think how to fold the paper cranes.
[28] Lisa: Well let me show you, it's a little bit complex.
[28] Lisa: But I will do it slowly as much... as slowly as possible and just you need to...
[29] Lisa: Hmm but you know there are so many procedures to fold a beautiful paper crane so it costs a little...
[29] Lisa: A lot of time.
[29] Lisa: So I will... I just fold such paper cranes when I was hmm convenient.
[29] Lisa: And when I have some spare time to relax myself.
[30] Lisa: Okay finally this...
[30] Jack: So have you ever...
[30] Lisa: Final, final step.
[30] Jack: Have you ever had this kind of class to learn how to fold the paper or painting or something else?
[30] Lisa: Oh let me think of it.
[30] Lisa: Oh... Well...

Conversation 5: Jack and Lisa chat casually while preparing instant noodles and discussing food preferences, with Lisa favoring bread and Jack waiting for noodles. They ask a robot to handle reminders and simple tasks like placing items, fetching water, storing juice, and wiping the table. Lisa talks about her laziness, interest in origami, and reading, selecting Sherlock Holmes, and considers gifting Jack a book for his upcoming birthday. Jack mentions his birthday timing and love of strawberry cake.
[55] Lisa: My colorful paper?
[55] Lisa: It's just a yellow paper.
[55] Jack: You're good at folding it in many shapes.
[55] Lisa: Okay you're right.
[56] Lisa: Okay, do it later.

[Step 2] Evaluating semantic answer...
Action: [Answer]
Content: Yes, Jack folded paper cranes.
FINAL ANSWER (from graph):
Yes, Jack folded paper cranes.
Question: Does Jack have a healthy routine?

[Step 1] Searching the graph...
Parse Query Output:
{
  "query_triple": ["<Jack>", "healthy routine", null, 0.95, 0.25, 0.1],
  "spatial_constraint": null,
  "speaker_strict": null,
  "allocation": {
    "k_high_level": 9,
    "k_low_level": 16,
    "k_conversations": 25,
    "total_k": 50,
    "reasoning": "Assessing whether Jack has a healthy routine involves high-level traits/attributes and evidence from actions (exercise, sleep, meals) plus conversations for self-report or others’ observations."
  }
}

Graph Search Results:
**High-Level Information (Character Attributes and Relationships): **

Character Attributes:
- Jack is: medium build (100), light skin (100), dark pants (100), green jacket (100), white sneakers (100), short dark hair (100), male (100), supportive (90)

Character Relationships:
- Jack relies on assistance from robot (95)

**Low-Level Information (Actions and Events): **

[6] Jack eats banana. (bedroom)
[6] Jack rests banana. (bedroom)
[7] Jack eats banana. (bedroom)
[8] Jack eats banana. (bedroom)
[8] Jack eats. (bedroom)
[17] Jack prepares medicine packet. (bedroom)
[37] Jack keeps seated. (bedroom)
[38] Jack rests small blue-handled scissor. (bedroom)
[38] Jack rests Jack's phone. (bedroom)
[44] Jack prepares noodle cup. (bedroom)
[45] Jack prepares to eat. (bedroom)
[46] Jack prepares noodle. (bedroom)
[47] Jack adjusts trash bin. (bedroom)
[49] Jack keeps instant noodle cup. (bedroom)
[53] Jack adjusts kettle. (bedroom)
[58] Jack eats banana. (bedroom)

**Conversations: **

Conversation 5: Jack and Lisa chat casually while preparing instant noodles and discussing food preferences, with Lisa favoring bread and Jack waiting for noodles. They ask a robot to handle reminders and simple tasks like placing items, fetching water, storing juice, and wiping the table. Lisa talks about her laziness, interest in origami, and reading, selecting Sherlock Holmes, and considers gifting Jack a book for his upcoming birthday. Jack mentions his birthday timing and love of strawberry cake.
[44] Jack: Um Tomato beef.
[44] Lisa: Tomato beef?
[44] Jack: Uh-huh.
[45] Lisa: Sounds great.
[45] Jack: Wanna eat some?
[45] Lisa: Maybe I can try if you...
[45] Lisa: If you have finished making it.
[47] Lisa: Maybe some beef stuffed bread or some other kind of bread.
[48] Lisa: I feel that bread is the best hmm is the best gift of the whole world that gives me.
[48] Jack: It's very uh healthy and convenient for you.
[48] Jack: Right? And also is good for you if you are on diet.
[48] Jack: Necessary, very uh delicious and...
[48] Jack: Yeah convenient, health for you.
[48] Lisa: Yes. You want them???
[48] Jack: Hmm no.
[48] Jack: I'm just waiting for my instant noodles.
[49] Lisa: Okay.
[51] Lisa: Damn don't, don't, don't be such..
[51] Jack: I just think about, I just wonder who told you...
[51] Jack: You are so lazy...
[51] Lisa: I just thinking about myself you know.
[51] Jack: Okay.
[51] Lisa: I'm such an interesting person.
[51] Jack: Fine it's okay.
[61] Lisa: You know the plot is so interesting so... you know just gives me so many pleasure.
[62] Lisa: Hmm oh I remember that your birthday is coming right?
[62] Jack: Yeah.
[62] Lisa: Maybe I can give you such a book as your birthday gift.
[62] Jack: Oh thank you and my birthday is on the third day after Labor Day and I can also taste my favorite strawberry cake.
[62] Lisa: Yeah I remember you love strawberries right?
[62] Jack: Yes.
[63] Jack: Okay finish eating them.
[63] Jack: Hey robot wipe the table.

Conversation 2: Lisa struggles with difficult mathematics homework and feels stressed, possibly while dealing with a mild cold. Jack is supportive, advises her to dress warmly due to weather and to take medicine, and manages household tasks with a robot. The robot assists by handling chores like disposing trash, fetching bananas and water, turning off the TV, and helping mix medicine.
[8] Lisa: Because you know...
[8] Lisa: I'm not good at mathematics.
[8] Jack: Okay.
[8] Lisa: But my mathematics teacher is really strict with us, he just need us to do homework every day.
[8] Lisa: You know my other hmm...
[12] Lisa: And then continue my homework.
[12] Lisa: Goodness I hate mathematics.
[12] Jack: Hmm, yummy.
[12] Lisa: Hello robot please fetch me a bottle of water from the kettle.
[13] Lisa: Okay thank you robot.
[13] Jack: And Lisa what happened to you?
[13] Jack: You got a cold?
[13] Lisa: Hmm well... surely I feel a little uncomfortable today.
[13] Lisa: And I feel like go under the weather.
[15] Lisa: I'm not interested in it.
[15] Jack: Hey robot turn off the TV and put the remote control back in place.
[16] Jack: I think you should take some medicine.
[17] Lisa: Okay fine.
[17] Lisa: So kind of you.
[17] Lisa: I'm just suffering from my mathematic homework.
[17] Lisa: I felt I'm going to be crazy and my mind, my body will collapse.
[17] Jack: You're going to even had a headache right?
[18] Lisa: Yes.
[18] Jack: Hey robot fetch me a bottle of hot water for Lisa and help her to mix the medicine.

Conversation 3: Lisa finishes her homework, then starts folding paper cranes and teaches Jack, who finds it too complex. They discuss paper preferences and Lisa’s admiration for an English teacher who taught her crafts. The robot is asked to fetch items (medicine box, juice, scissors) and help, while Jack decides to water wilting flowers using the robot.
[21] Jack: It's too hot.
[21] Lisa: It's too hot. I will drink it later.
[21] Jack: Uh-huh.
[21] Lisa: Okay the last question, and then I will finish my homework. The last one...
[21] Lisa: Okay.
[22] Lisa: Okay hmm...
[22] Lisa: Let me have a rest.
[22] Jack: Yeah if you're sick don't push yourself so hard.
[22] Jack: Take a rest firstly and then we continue to do your homework or whatever.
[22] Lisa: Well it's okay I feel much better than previously.
[23] Lisa: It is a little hot.
[23] Lisa: So let's get started for folding my paper cranes.
[23] Jack: Okay.
[23] Lisa: It's a little hard for me to do such hand work you know.
[23] Lisa: Because I'm not so...
[24] Jack: Mind your paper.
[24] Lisa: Hmm let me try.
[24] Jack: Okay
[24] Lisa: Just...
[24] Jack: Hey robot put the medicine box back.
[29] Lisa: And when I have some spare time to relax myself.
[30] Lisa: Okay finally this...
[30] Jack: So have you ever...
[30] Lisa: Final, final step.
[30] Jack: Have you ever had this kind of class to learn how to fold the paper or painting or something else?

Conversation 1: Lisa and Jack return tired; Jack chooses to relax and watch TV while Lisa plans to do homework and fold paper cranes. Jack encourages Lisa to focus on finishing her homework before resting. A robot assists by fetching a banana for Jack, indicating a supportive environment with a helper present.
[1] Lisa: Okay I'm back.
[1] Jack: Walking all day.
[1] Lisa: Close the door. I'm so tired as well.
[1] Jack: I'm so tired.
[1] Jack: And I wanna relax well...
[1] Jack: You know I wanna watch TV.
[1] Lisa: Okay you can just watch it by yourself.
[1] Lisa: I have to do my homework and you know I also have to fold some paper cranes.
[1] Jack: Okay.
[2] Jack: Watch TV...
[2] Lisa: Alright.
[2] Jack: You just said you wanna do your homework.

Conversation 4: Lisa felt guilty about damaging flowers, and Jack reassured her, noting the plants are drought-tolerant and offering to replace them. Lisa asked a robot to return the scissors, while Jack requested the robot to boil water and fetch snacks. Lisa mentioned she was only slightly hungry and preferred bread.
[39] Jack: And Lisa if you were hungry and I want some uh like instant noodles? you want what?
[39] Lisa: I'm just a little bit hungry because I have eaten so much.
[39] Jack: Okay.
[39] Lisa: During the lunch.
[39] Lisa: So maybe just pieces of bread is okay.

[Step 2] Evaluating semantic answer...
Action: [Answer]
Content: No, Jack’s routine appears unhealthy, as he frequently eats instant noodles and bananas and relies on a robot for chores rather than maintaining balanced habits.
FINAL ANSWER (from graph):
No, Jack’s routine appears unhealthy, as he frequently eats instant noodles and bananas and relies on a robot for chores rather than maintaining balanced habits.
Question: Is Lisa a slacker?

[Step 1] Searching the graph...
Parse Query Output:
{
  "query_triple": ["<Lisa>", "is", "slacker", 0.95, 0.3, 0.5],
  "spatial_constraint": null,
  "speaker_strict": null,
  "allocation": {
    "k_high_level": 9,
    "k_low_level": 10,
    "k_conversations": 31,
    "total_k": 50,
    "reasoning": "Trait/character judgment query. Use high-level edges for attributes, conversations for evidence or labels like 'slacker', and some low-level edges to corroborate with behavior (e.g., not doing work)."
  }
}

Graph Search Results:
**High-Level Information (Character Attributes and Relationships): **

Character Attributes:
- Lisa is: female (100)

Character Relationships:
- Lisa relies on assistance from robot (95)
- robot cooperates with Lisa (90)
- Lisa trusts robot (85)
- Lisa relies on robot (80)
- Jack supports Lisa (80)
- Jack cares for Lisa (85)
- Jack friends with Lisa (85)
- Lisa collaborates with Jack (80)

**Low-Level Information (Actions and Events): **

[10] Lisa addresses robot. (bedroom)
[12] Lisa asks robot. (bedroom)
[25] Lisa addresses robot. (bedroom)
[26] Lisa asks robot. (living room near sofa)
[26] bottle is to Lisa. (living room near sofa)
[27] Lisa asks robot. (bedroom)
[52] Lisa uses smartphone. (bedroom)
[54] Lisa is in free time. (bedroom)
[58] Lisa declines noodle. (bedroom)
[69] book is from Lisa. (bedroom and hallway)

**Conversations: **

Conversation 5: Jack and Lisa chat casually while preparing instant noodles and discussing food preferences, with Lisa favoring bread and Jack waiting for noodles. They ask a robot to handle reminders and simple tasks like placing items, fetching water, storing juice, and wiping the table. Lisa talks about her laziness, interest in origami, and reading, selecting Sherlock Holmes, and considers gifting Jack a book for his upcoming birthday. Jack mentions his birthday timing and love of strawberry cake.
[45] Lisa: Maybe I can try if you...
[45] Lisa: If you have finished making it.
[45] Lisa: You know I'm a little lazy I don't wanna do anything.
[45] Lisa: I just want to eat something that is easy to eat.
[45] Jack: There's no forks in it, it's really no forks.
[45] Lisa: Wow, why?
[45] Jack: We're so lucky.
[45] Jack: Oh oh.
[46] Lisa: So you know I used to love eating such instant noodles.
[46] Lisa: Because it's very fast and...
[46] Lisa: Its flavor is very good you know I... I'm lazy and I'm not good at cooking.
[47] Lisa: So what I have cook is much more not delicious than the instant noodles so...
[47] Lisa: Instant noodles was my favorite in the past few decades, not few decades.
[49] Lisa: Okay.
[49] Jack: Okay, waiting for the water.
[49] Lisa: Hmm.
[49] Lisa: You know sometimes I even imagine that if something... the water can boil itself.
[49] Lisa: Because...
[49] Jack: Wow impossible.
[49] Lisa: Yeah.
[50] Lisa: But I really want it comes true.
[50] Lisa: Because I'm so lazy I hope that every every kind of food...
[50] Lisa: Maybe some vegetables, maybe some bread or a bottle of water just to come, come to me by themselves.
[50] Lisa: Why not? I just need to open my mouth and this kind of food just jump into my mouth.
[51] Lisa: Damn don't, don't, don't be such..
[51] Jack: I just think about, I just wonder who told you...
[51] Jack: You are so lazy...
[51] Lisa: I just thinking about myself you know.
[51] Jack: Okay.
[52] Jack: I think the water is okay.
[52] Jack: I think...
[52] Lisa: Uh-huh.
[52] Jack: I pour some water.
[52] Lisa: Let me help you.
[54] Lisa: Well I have nothing to do but I wanna make some paper cranes.
[54] Jack: That's one of your homework right?
[54] Lisa: Yes but I have done my homework, it is... now it's my free time.
[54] Lisa: I just want to polish my skills.
[54] Lisa: To be a professional paper crane folder.

Conversation 2: Lisa struggles with difficult mathematics homework and feels stressed, possibly while dealing with a mild cold. Jack is supportive, advises her to dress warmly due to weather and to take medicine, and manages household tasks with a robot. The robot assists by handling chores like disposing trash, fetching bananas and water, turning off the TV, and helping mix medicine.
[7] Jack: Hey Lisa is your homework so difficult?
[7] Lisa: So difficult.
[8] Lisa: Absolutely difficult, it is so hard for me.
[8] Lisa: Because you know...
[8] Lisa: I'm not good at mathematics.
[8] Jack: Okay.
[8] Lisa: But my mathematics teacher is really strict with us, he just need us to do homework every day.
[8] Lisa: You know my other hmm...
[8] Lisa: Other teachers like my English teacher she just didn't require me just to finishing her homework every day.
[8] Lisa: But my mathematic teacher is just...
[8] Lisa: Oh do it every day. Ha.
[10] Lisa: Okay definitely hmm...
[10] Lisa: I happen to have no taste in my mouth.
[10] Lisa: You know I'm suffered from my mathematics homework.
[10] Lisa: So just give me one I want some... I want to eat something.
[10] Lisa: Hey robot fetch more bananas for me.
[11] Jack: Thank you robot, here is for you.
[11] Lisa: Okay thank you.
[11] Lisa: I need to rest for a while.
[12] Lisa: And then continue my homework.
[12] Lisa: Goodness I hate mathematics.
[17] Lisa: I felt I'm going to be crazy and my mind, my body will collapse.
[17] Jack: You're going to even had a headache right?
[18] Lisa: Yes.
[18] Jack: Hey robot fetch me a bottle of hot water for Lisa and help her to mix the medicine.

Conversation 1: Lisa and Jack return tired; Jack chooses to relax and watch TV while Lisa plans to do homework and fold paper cranes. Jack encourages Lisa to focus on finishing her homework before resting. A robot assists by fetching a banana for Jack, indicating a supportive environment with a helper present.
[2] Lisa: Alright.
[2] Jack: You just said you wanna do your homework.
[2] Lisa: Yes.
[2] Jack: And fold paper cranes?
[2] Lisa: I need to fetch my bag, my homework is in it.
[3] Jack: And once you finish them you can rest.. rest too.
[3] Lisa: Okay.
[3] Lisa: I'll find my homework.
[3] Lisa: Just do my homework, just...
[3] Jack: Put them here.
[3] Lisa: Okay it's okay.

Conversation 3: Lisa finishes her homework, then starts folding paper cranes and teaches Jack, who finds it too complex. They discuss paper preferences and Lisa’s admiration for an English teacher who taught her crafts. The robot is asked to fetch items (medicine box, juice, scissors) and help, while Jack decides to water wilting flowers using the robot.
[21] Lisa: Okay the last question, and then I will finish my homework. The last one...
[21] Lisa: Okay.
[21] Lisa: I have done my homework goodness finally finished it.
[21] Jack: It's okay.
[21] Lisa: So I just need to fold some paper cranes today.
[22] Lisa: Hmm let me find some papers.
[22] Lisa: Okay hmm...
[22] Lisa: Let me have a rest.
[22] Jack: Yeah if you're sick don't push yourself so hard.
[22] Jack: Take a rest firstly and then we continue to do your homework or whatever.
[23] Lisa: So let's get started for folding my paper cranes.
[23] Jack: Okay.
[23] Lisa: It's a little hard for me to do such hand work you know.
[23] Lisa: Because I'm not so...
[23] Lisa: Hmm I'm not so good at making such delicate things.
[24] Lisa: Hmm I'm not so good at making such delicate...
[29] Jack: I will follow your steps.
[29] Lisa: Hmm but you know there are so many procedures to fold a beautiful paper crane so it costs a little...
[29] Lisa: A lot of time.
[29] Lisa: So I will... I just fold such paper cranes when I was hmm convenient.
[29] Lisa: And when I have some spare time to relax myself.
[31] Lisa: I really love that teacher, she... you know.
[31] Lisa: She is the best teacher I have ever met, hmm, she teaches our English and you know she is very beautiful...
[31] Lisa: Very young and also very professional, she is the best teacher of the whole... the whole grade.
[31] Lisa: So every, every student met her, boy or girl...
[31] Lisa: Just likes her, so the first step... the final step is okay, you can see I have made a paper crane.
[33] Jack: Okay no matter.
[33] Lisa: In a few days.
[33] Lisa: Uh...
[33] Jack: Hey robot take the watering can from the bathroom and pour the flower.

Conversation 4: Lisa felt guilty about damaging flowers, and Jack reassured her, noting the plants are drought-tolerant and offering to replace them. Lisa asked a robot to return the scissors, while Jack requested the robot to boil water and fetch snacks. Lisa mentioned she was only slightly hungry and preferred bread.
[39] Lisa: I'm just a little bit hungry because I have eaten so much.
[39] Jack: Okay.
[39] Lisa: During the lunch.
[39] Lisa: So maybe just pieces of bread is okay.
[40] Jack: Hmm okay well...

Conversation 6: Jack admits staying up late gaming and feeling tired, and Lisa urges him to prioritize sleep for his health. Jack agrees to go to bed earlier due to work the next day, while Lisa plans to wind down and also prepare for sleep. Lisa briefly instructs a robot to return a book, indicating a supportive environment focused on rest and routine.
[68] Lisa: Okay.
[68] Lisa: I will sleep... go to sleep later.
[68] Lisa: Well it's a little sleepy for me.
[69] Lisa: Hello robot, please put the book into its original place for me.
[69] robot: Okay.

[Step 2] Evaluating semantic answer...
Action: [Answer]
Content: Yes, Lisa describes herself as lazy and avoids doing much, indicating she is a slacker.
FINAL ANSWER (from graph):
Yes, Lisa describes herself as lazy and avoids doing much, indicating she is a slacker.
Question: Did Jack watch TV with Lisa?

[Step 1] Searching the graph...
Parse Query Output:
{
  "query_triple": ["<Jack>", "watches TV with", "<Lisa>", 0.95, 0.35, 0.95],
  "spatial_constraint": null,
  "speaker_strict": null,
  "allocation": {
    "k_high_level": 6,
    "k_low_level": 36,
    "k_conversations": 8,
    "total_k": 50,
    "reasoning": "Action co-activity query (did X watch TV with Y) - prioritize low-level edges for specific actions; small high-level for possible relationship/habit clues; minimal conversations for confirmations."
  }
}

Graph Search Results:
**High-Level Information (Character Attributes and Relationships): **

Character Relationships:
- Jack friends with Lisa (85)
- Jack cares for Lisa (85)
- Lisa collaborates with Jack (80)
- Jack supports Lisa (80)
- Lisa advises Jack (80)
- Lisa friends with Jack (70)

**Low-Level Information (Actions and Events): **

[8] Jack listens to Lisa. (bedroom)
[9] Jack talks to Lisa. (bedroom)
[10] Jack talks to Lisa. (bedroom)
[10] Lisa listens to Jack. (bedroom)
[14] Jack looks at Lisa. (bedroom)
[21] Jack sits beside Lisa. (bedroom)
[24] Jack watches Lisa. (bedroom)
[24] Jack talks to Lisa. (bedroom)
[27] Jack watches Lisa. (bedroom)
[28] Jack sits beside Lisa. (bedroom)
[28] Jack watches Lisa. (bedroom)
[29] Jack watches Lisa. (bedroom)
[30] Jack watches Lisa. (bedroom)
[31] Jack watches Lisa. (bedroom)
[31] Jack looks at Lisa. (bedroom)
[32] Jack watches Lisa. (bedroom)
[37] Jack talks to Lisa. (bedroom)
[39] Lisa talks to Jack. (bedroom)
[40] Lisa listens to Jack. (bedroom)
[46] Lisa talks to Jack. (bedroom)
[46] Jack looks at Lisa. (bedroom)
[47] Jack listens to Lisa. (bedroom)
[47] Lisa looks at Jack. (bedroom)
[49] Lisa talks to Jack. (bedroom)
[50] Jack keeps watching Lisa. (bedroom)
[51] Jack talks to Lisa. (bedroom)
[54] Jack watches Lisa. (bedroom)
[55] Jack talks to Lisa. (bedroom)
[59] Jack sits next to Lisa. (bedroom)
[61] Jack listens to Lisa. (bedroom)
[62] Jack sits beside Lisa. (bedroom)
[62] Lisa talks to Jack. (bedroom)
[62] Jack listens to Lisa. (bedroom)
[67] Jack talks to Lisa. (bedroom)
[67] Lisa listens to Jack. (bedroom)
[68] Lisa watches Jack. (bedroom)

**Conversations: **

Conversation 1: Lisa and Jack return tired; Jack chooses to relax and watch TV while Lisa plans to do homework and fold paper cranes. Jack encourages Lisa to focus on finishing her homework before resting. A robot assists by fetching a banana for Jack, indicating a supportive environment with a helper present.
[1] Jack: I'm so tired.
[1] Jack: And I wanna relax well...
[1] Jack: You know I wanna watch TV.
[1] Lisa: Okay you can just watch it by yourself.
[1] Lisa: I have to do my homework and you know I also have to fold some paper cranes.
[1] Jack: Okay.
[2] Jack: Watch TV...
[2] Lisa: Alright.
[2] Jack: You just said you wanna do your homework.

Conversation 5: Jack and Lisa chat casually while preparing instant noodles and discussing food preferences, with Lisa favoring bread and Jack waiting for noodles. They ask a robot to handle reminders and simple tasks like placing items, fetching water, storing juice, and wiping the table. Lisa talks about her laziness, interest in origami, and reading, selecting Sherlock Holmes, and considers gifting Jack a book for his upcoming birthday. Jack mentions his birthday timing and love of strawberry cake.
[60] Jack: Okay robot, by the way, please give me a bottle of water.
[60] Jack: Oh thank you robot.
[60] Lisa: You know Jack.
[61] Lisa: I have read so many kinds of books.
[61] Lisa: Novels, dramas... and you know this one, this one can be said to be the best one I have ever read.
[62] Jack: Oh thank you and my birthday is on the third day after Labor Day and I can also taste my favorite strawberry cake.
[62] Lisa: Yeah I remember you love strawberries right?
[62] Jack: Yes.
[63] Jack: Okay finish eating them.
[63] Jack: Hey robot wipe the table.

Conversation 2: Lisa struggles with difficult mathematics homework and feels stressed, possibly while dealing with a mild cold. Jack is supportive, advises her to dress warmly due to weather and to take medicine, and manages household tasks with a robot. The robot assists by handling chores like disposing trash, fetching bananas and water, turning off the TV, and helping mix medicine.
[7] Jack: Hey Lisa is your homework so difficult?
[7] Lisa: So difficult.
[8] Lisa: Absolutely difficult, it is so hard for me.
[12] Lisa: Hello robot please fetch me a bottle of water from the kettle.
[13] Lisa: Okay thank you robot.
[13] Jack: And Lisa what happened to you?
[13] Jack: You got a cold?
[13] Lisa: Hmm well... surely I feel a little uncomfortable today.
[15] Lisa: Okay.
[15] Jack: Well...
[15] Lisa: Hmm did you find the TV...
[15] Lisa: It's a little boring. I don't want to see it.
[15] Jack: It's a little boring yeah.

Conversation 3: Lisa finishes her homework, then starts folding paper cranes and teaches Jack, who finds it too complex. They discuss paper preferences and Lisa’s admiration for an English teacher who taught her crafts. The robot is asked to fetch items (medicine box, juice, scissors) and help, while Jack decides to water wilting flowers using the robot.
[27] Lisa: Hmm I got refresh.
[27] Lisa: Everything gets better when I finish my homework.
[27] Jack: So Lisa can you teach me how to fold this paper?
[27] Jack: I don't know how to do it, can you teach me?
[27] Lisa: Okay just wait a minute.

[Step 2] Evaluating semantic answer...
Action: [Answer]
Content: No, Jack watched TV by himself while Lisa did her homework.
FINAL ANSWER (from graph):
No, Jack watched TV by himself while Lisa did her homework.
Question: Where should the medicine box be placed back?

[Step 1] Searching the graph...
Parse Query Output:
{
  "query_triple": ["medicine box", "should be placed back at", "?", 0.8, 0.3, 0.15],
  "spatial_constraint": null,
  "speaker_strict": null,
  "allocation": {
    "k_high_level": 4,
    "k_low_level": 40,
    "k_conversations": 6,
    "total_k": 50,
    "reasoning": "Spatial/action query about correct placement; prioritize low-level edges to find prior locations or rules, with minimal conversations for any verbal instructions."
  }
}

Graph Search Results:
**High-Level Information (Character Attributes and Relationships): **

Character Attributes:
- robot is: no visible face (100), camera-holding presence (100)

Character Relationships:
- Jack relies on assistance from robot (95)
- Lisa relies on assistance from robot (95)

**Low-Level Information (Actions and Events): **

[5] robot takes from banana bag. (apartment bedroom)
[16] remote is on bedside cabinet. (bedroom)
[16] Jack speaks about medicine. (bedroom)
[17] Jack suggests medicine. (bedroom)
[17] Jack picks up white storage box. (bedroom)
[17] Jack carries white storage box. (bedroom)
[17] Jack returns with white storage box. (bedroom)
[17] Jack places white storage box. (bedroom)
[17] white storage box is on side table. (bedroom)
[17] Jack opens white storage box. (bedroom)
[17] Jack takes out medicine packet. (bedroom)
[17] Jack prepares medicine packet. (bedroom)
[17] Jack keeps sorting items in white storage box. (bedroom)
[17] Jack holds medicine packet. (bedroom)
[18] Jack holds medicine packet. (bedroom)
[24] white plastic bin contains green medicine box. (bedroom)
[26] black snack box is near sofa. (living room near sofa)
[26] robot pulls out black box. (living room near sofa)
[26] black box is from under table. (living room near sofa)
[26] robot opens black box. (living room near sofa)
[26] robot searches inside black box. (living room near sofa)
[26] bottled drink is from black box. (living room near sofa)
[26] robot places bottle. (living room near sofa)
[26] bottle is on table. (living room near sofa)
[26] robot returns bottle. (living room near sofa)
[32] bottle is on table. (bedroom)
[43] robot pulls out black box. (bedroom)
[43] robot opens box. (bedroom)
[43] clear plastic bottle is in box. (bedroom)
[43] box is under table. (bedroom)
[44] black box is under chair. (bedroom)
[44] robot adjusts box. (bedroom)
[60] black snack box is under side table. (bedroom)
[60] half bottle of juice is in black snack box. (bedroom)
[60] clear bottle of water is from box. (bedroom)
[60] robot closes black box. (bedroom)
[60] black box is under table. (bedroom)
[61] Jack holds bottle. (bedroom)
[61] Jack places bottle. (bedroom)
[61] bottle is on side table. (bedroom)

**Conversations: **

Conversation 3: Lisa finishes her homework, then starts folding paper cranes and teaches Jack, who finds it too complex. They discuss paper preferences and Lisa’s admiration for an English teacher who taught her crafts. The robot is asked to fetch items (medicine box, juice, scissors) and help, while Jack decides to water wilting flowers using the robot.
[21] Lisa: Well thank you robot.
[21] Jack: For you.
[21] Lisa: Okay just put here.
[21] Jack: It's too hot.
[21] Lisa: It's too hot. I will drink it later.
[24] Jack: Okay
[24] Lisa: Just...
[24] Jack: Hey robot put the medicine box back.
[24] robot: Okay.
[25] Lisa: Well compared to the yellow papers I just prefer the white papers.

Conversation 4: Lisa felt guilty about damaging flowers, and Jack reassured her, noting the plants are drought-tolerant and offering to replace them. Lisa asked a robot to return the scissors, while Jack requested the robot to boil water and fetch snacks. Lisa mentioned she was only slightly hungry and preferred bread.
[38] Lisa: Okay so it seems that my scissors have no use of it.
[38] Lisa: So... hello robot please fetch the scissors...
[38] Lisa: Put the scissors in its original place, thank you.
[39] robot: Okay.
[39] Jack: And Lisa if you were hungry and I want some uh like instant noodles? you want what?

Conversation 1: Lisa and Jack return tired; Jack chooses to relax and watch TV while Lisa plans to do homework and fold paper cranes. Jack encourages Lisa to focus on finishing her homework before resting. A robot assists by fetching a banana for Jack, indicating a supportive environment with a helper present.
[3] Lisa: I'll find my homework.
[3] Lisa: Just do my homework, just...
[3] Jack: Put them here.
[3] Lisa: Okay it's okay.
[4] Jack: Hey robot fetch me a banana from the kitchen.

Conversation 2: Lisa struggles with difficult mathematics homework and feels stressed, possibly while dealing with a mild cold. Jack is supportive, advises her to dress warmly due to weather and to take medicine, and manages household tasks with a robot. The robot assists by handling chores like disposing trash, fetching bananas and water, turning off the TV, and helping mix medicine.
[15] Lisa: I'm not interested in it.
[15] Jack: Hey robot turn off the TV and put the remote control back in place.
[16] Jack: I think you should take some medicine.
[17] Lisa: Okay fine.
[17] Lisa: So kind of you.

Conversation 6: Jack admits staying up late gaming and feeling tired, and Lisa urges him to prioritize sleep for his health. Jack agrees to go to bed earlier due to work the next day, while Lisa plans to wind down and also prepare for sleep. Lisa briefly instructs a robot to return a book, indicating a supportive environment focused on rest and routine.
[68] Lisa: I will sleep... go to sleep later.
[68] Lisa: Well it's a little sleepy for me.
[69] Lisa: Hello robot, please put the book into its original place for me.
[69] robot: Okay.
[69] Lisa: Thank you.

[Step 2] Evaluating semantic answer...
Action: [Answer]
Content: In its original place.
FINAL ANSWER (from graph):
In its original place.
Question: Where should the scissors be placed back?

[Step 1] Searching the graph...
Parse Query Output:
{
  "query_triple": ["scissors", "should be placed back at", "?", 0.7, 0.3, 0.15],
  "spatial_constraint": null,
  "speaker_strict": null,
  "allocation": {
    "k_high_level": 4,
    "k_low_level": 40,
    "k_conversations": 6,
    "total_k": 50,
    "reasoning": "This is a spatial/action query about the correct location for an object. Prioritize low-level edges to find placement actions and states (e.g., storage spots, usual location), with minimal high-level edges and a small conversation budget for any spoken instructions."
  }
}

Graph Search Results:
**High-Level Information (Character Attributes and Relationships): **

Character Attributes:
- robot is: no visible face (100), camera-holding presence (100)

Character Relationships:
- Jack relies on assistance from robot (95)
- Lisa relies on assistance from robot (95)

**Low-Level Information (Actions and Events): **

[3] paper is on runner. (bedroom)
[8] Lisa uses pencil. (bedroom)
[8] Lisa gestures with pencil. (bedroom)
[14] Lisa holds in left hand paper. (bedroom)
[15] robot puts back remote. (bedroom)
[18] Lisa writes with pencil. (bedroom)
[21] Lisa puts down paper. (bedroom)
[22] Lisa places paper. (bedroom)
[22] paper is on small side table. (bedroom)
[27] robot fetches scissor. (bedroom)
[27] scissor is from shoe rack. (bedroom)
[28] robot picks up blue-handled scissor. (bedroom)
[28] Lisa receives blue-handled scissor. (bedroom)
[31] folded paper is toward Jack. (bedroom)
[37] Jack holds pair of small scissor. (bedroom)
[37] Jack gestures with scissor. (bedroom)
[38] Jack holds small blue-handled scissor. (bedroom)
[38] Jack gestures with small blue-handled scissor. (bedroom)
[38] Jack raises small blue-handled scissor. (bedroom)
[38] Jack rests small blue-handled scissor. (bedroom)
[38] small blue-handled scissor is near table item. (bedroom)
[38] Jack lifts small blue-handled scissor. (bedroom)
[38] Jack asks robot to fetch small blue-handled scissor. (bedroom)
[38] Jack requests robot to return small blue-handled scissor. (bedroom)
[38] small blue-handled scissor is at original place. (bedroom)
[39] Jack holds small blue-handled scissor. (bedroom)
[39] robot takes small blue-handled scissor. (bedroom)
[39] Jack hands small blue-handled scissor. (bedroom)
[39] small blue-handled scissor is to robot. (bedroom)
[39] robot has small blue-handled scissor. (bedroom)
[39] robot places small blue-handled scissor. (bedroom)
[39] small blue-handled scissor is on marble countertop. (bedroom)
[43] robot sets scissor. (bedroom)
[43] scissor is on counter. (bedroom)
[43] scissor is near kettle. (bedroom)
[45] Jack finds fork. (bedroom)
[45] fork is in noodle package. (bedroom)
[45] Jack uses fork. (bedroom)
[60] robot places into half bottle of juice. (bedroom)
[65] robot puts back noodle cup. (bedroom)

**Conversations: **

Conversation 4: Lisa felt guilty about damaging flowers, and Jack reassured her, noting the plants are drought-tolerant and offering to replace them. Lisa asked a robot to return the scissors, while Jack requested the robot to boil water and fetch snacks. Lisa mentioned she was only slightly hungry and preferred bread.
[38] Jack: Yeah it's no matter.
[38] Lisa: Well what you have said just comforted me a lot.
[38] Lisa: Okay so it seems that my scissors have no use of it.
[38] Lisa: So... hello robot please fetch the scissors...
[38] Lisa: Put the scissors in its original place, thank you.
[39] robot: Okay.
[39] Jack: And Lisa if you were hungry and I want some uh like instant noodles? you want what?

Conversation 1: Lisa and Jack return tired; Jack chooses to relax and watch TV while Lisa plans to do homework and fold paper cranes. Jack encourages Lisa to focus on finishing her homework before resting. A robot assists by fetching a banana for Jack, indicating a supportive environment with a helper present.
[3] Lisa: I'll find my homework.
[3] Lisa: Just do my homework, just...
[3] Jack: Put them here.
[3] Lisa: Okay it's okay.
[4] Jack: Hey robot fetch me a banana from the kitchen.

Conversation 3: Lisa finishes her homework, then starts folding paper cranes and teaches Jack, who finds it too complex. They discuss paper preferences and Lisa’s admiration for an English teacher who taught her crafts. The robot is asked to fetch items (medicine box, juice, scissors) and help, while Jack decides to water wilting flowers using the robot.
[24] Jack: Okay
[24] Lisa: Just...
[24] Jack: Hey robot put the medicine box back.
[24] robot: Okay.
[25] Lisa: Well compared to the yellow papers I just prefer the white papers.
[27] Jack: I don't know how to do it, can you teach me?
[27] Lisa: Okay just wait a minute.
[27] Lisa: Hey robot please fetch the scissors on the shoe rack for me.
[28] Lisa: Okay thank you hmm maybe...
[28] Lisa: I can use it later.

[Step 2] Evaluating semantic answer...
Action: [Answer]
Content: At their original place on the shoe rack.
FINAL ANSWER (from graph):
At their original place on the shoe rack.
Question: Who wants to eat the ham sausage?

[Step 1] Searching the graph...
Parse Query Output:
{
  "query_triple": ["null", "wants to eat", "ham sausage", 0.1, 0.3, 0.9],
  "spatial_constraint": null,
  "speaker_strict": null,
  "allocation": {
    "k_high_level": 5,
    "k_low_level": 35,
    "k_conversations": 10,
    "total_k": 50,
    "reasoning": "Intent/action query focused on a specific object; prioritize low-level edges to find actions or desires related to the ham sausage, with some conversations for expressed intent and a small amount of high-level edges for character traits if relevant."
  }
}

Graph Search Results:
**High-Level Information (Character Attributes and Relationships): **

Character Attributes:
- Lisa is: likes convenient foods (bread, instant noodles) (85)

Character Relationships:
- Jack relies on assistance from robot (95)
- robot serves Jack (85)
- Lisa relies on assistance from robot (95)
- Jack cares for Lisa (85)

**Low-Level Information (Actions and Events): **

[6] Jack eats banana. (bedroom)
[7] Jack eats banana. (bedroom)
[8] Jack eats banana. (bedroom)
[10] Lisa wants to eat banana. (bedroom)
[15] Lisa starts eating banana. (bedroom)
[15] Lisa continues eating banana. (bedroom)
[40] table has food. (bedroom)
[43] robot removes orange packaged sausage. (bedroom)
[44] robot places loaf of bread. (bedroom)
[44] loaf of bread is on table. (bedroom)
[44] Lisa opens slightly bread bag. (bedroom)
[44] Lisa handles bread bag. (bedroom)
[44] Jack prepares noodle cup. (bedroom)
[45] Lisa holds bag of sliced bread. (bedroom)
[45] water is in noodle cup. (bedroom)
[45] Lisa considers trying food. (bedroom)
[45] Lisa continues eating from bread bag. (bedroom)
[45] Lisa wants something easy to eat. (bedroom)
[46] Jack prepares noodle. (bedroom)
[47] Lisa eats piece of bread. (bedroom)
[47] Lisa describes stuffed bread. (bedroom)
[48] Lisa adjusts bread bag. (bedroom)
[48] Lisa opens bread bag. (bedroom)
[48] Lisa holds bread bag. (bedroom)
[49] Lisa snacks from sliced bread bag. (bedroom)
[53] food item is on small table. (bedroom)
[53] Lisa reaches toward sliced bread bag. (bedroom)
[53] packet is in noodle cup. (bedroom)
[58] Jack eats banana. (bedroom)
[58] Jack invites to try noodle. (bedroom)
[58] Jack decides to eat alone noodle. (bedroom)
[64] robot reaches toward sausage. (living room and dining area)
[64] Lisa moves hand near sausage. (living room and dining area)
[64] robot picks up sausage. (living room and dining area)
[64] sausage is from table. (living room and dining area)

**Conversations: **

Conversation 5: Jack and Lisa chat casually while preparing instant noodles and discussing food preferences, with Lisa favoring bread and Jack waiting for noodles. They ask a robot to handle reminders and simple tasks like placing items, fetching water, storing juice, and wiping the table. Lisa talks about her laziness, interest in origami, and reading, selecting Sherlock Holmes, and considers gifting Jack a book for his upcoming birthday. Jack mentions his birthday timing and love of strawberry cake.
[44] Jack: Uh-huh.
[45] Lisa: Sounds great.
[45] Jack: Wanna eat some?
[45] Lisa: Maybe I can try if you...
[45] Lisa: If you have finished making it.
[45] Lisa: You know I'm a little lazy I don't wanna do anything.
[45] Lisa: I just want to eat something that is easy to eat.
[45] Jack: There's no forks in it, it's really no forks.
[45] Lisa: Wow, why?
[47] Lisa: In the past few years but recently I just like eat some bread.
[47] Lisa: Hmm... some bread with stuffed.
[47] Lisa: Maybe some beef stuffed bread or some other kind of bread.
[48] Lisa: I feel that bread is the best hmm is the best gift of the whole world that gives me.
[48] Jack: It's very uh healthy and convenient for you.
[53] Lisa: Okay it is enough.
[53] Lisa: Okay, just put something onto the...
[53] Jack: The sausage is okay.
[53] Lisa: Okay okay maybe.
[53] Jack: Wait for three minutes.
[57] Lisa: Give it to you.
[57] Lisa: Thank you robot.
[58] Jack: I'm hungry now.
[58] robot: The instant noodles were ready.
[58] Jack: Okay the noodles is okay, I'm ready to eat, you wanna try some noodles?
[58] Lisa: I still want to try now, maybe I can read some book now I want to read some book.
[58] Jack: I'll eat it myself.
[58] Lisa: Okay let me to choose a book to read.
[58] Lisa: Maybe let me see what kind of book should I read.

Conversation 2: Lisa struggles with difficult mathematics homework and feels stressed, possibly while dealing with a mild cold. Jack is supportive, advises her to dress warmly due to weather and to take medicine, and manages household tasks with a robot. The robot assists by handling chores like disposing trash, fetching bananas and water, turning off the TV, and helping mix medicine.
[9] Jack: And Lisa there're still many bananas we bought last week so if we leave them for a more few days...
[10] Jack: They would be broken.
[10] Jack: So you wanna eat some bananas?
[10] Lisa: Okay definitely hmm...
[10] Lisa: I happen to have no taste in my mouth.
[10] Lisa: You know I'm suffered from my mathematics homework.
[10] Lisa: So just give me one I want some... I want to eat something.
[10] Lisa: Hey robot fetch more bananas for me.
[11] Jack: Thank you robot, here is for you.
[12] Lisa: And then continue my homework.
[12] Lisa: Goodness I hate mathematics.
[12] Jack: Hmm, yummy.
[12] Lisa: Hello robot please fetch me a bottle of water from the kettle.
[13] Lisa: Okay thank you robot.

[Step 2] Evaluating semantic answer...
Action: [Answer]
Content: Jack wants to eat the ham sausage.
FINAL ANSWER (from graph):
Jack wants to eat the ham sausage.
Question: Where should the book Sherlock Holmes be placed?

[Step 1] Searching the graph...
Parse Query Output:
{
  "query_triple": ["book#Sherlock_Holmes", "should be placed at", "?", 0.95, 0.25, 0.15],
  "spatial_constraint": null,
  "speaker_strict": null,
  "allocation": {
    "k_high_level": 4,
    "k_low_level": 40,
    "k_conversations": 6,
    "total_k": 50,
    "reasoning": "Spatial/placement query for a specific object; prioritize low-level edges to find current/typical locations or placement actions, with minimal high-level and some conversations for any explicit instructions."
  }
}

Graph Search Results:
**High-Level Information (Character Attributes and Relationships): **

Character Attributes:
- character_1 is: dark pants (100), female (100), medium build (100), green jacket (100)

**Low-Level Information (Actions and Events): **

[35] character_1 stands by window. (bedroom)
[35] character_1 looks at potted plant. (bedroom)
[35] character_1 holds phone. (bedroom)
[58] Lisa chooses book. (bedroom)
[59] Lisa reaches to pick blue book from shelf. (bedroom)
[59] Lisa looks at book cover. (bedroom)
[59] Lisa reads book title. (bedroom)
[59] Lisa decides to keep book. (bedroom)
[59] Lisa carries book. (bedroom)
[59] Lisa opens book on Lisa's lap. (bedroom)
[59] Lisa holds book. (bedroom)
[60] Lisa reads book. (bedroom)
[60] book is on <Lisa>'s lap. (bedroom)
[60] Lisa holds <Lisa>'s book. (bedroom)
[61] Lisa reads book. (bedroom)
[61] Lisa keeps open on lap book. (bedroom)
[61] Jack asks about book. (bedroom)
[61] Lisa looks down at book. (bedroom)
[62] Lisa reads book. (bedroom)
[62] Lisa holds book. (bedroom)
[62] Lisa offers giving book. (bedroom)
[62] book is for <Jack>'s birthday gift. (bedroom)
[63] Lisa reads book. (bedroom)
[65] character_1 sits next to Lisa. (bedroom)
[65] character_1 rests. (bedroom)
[67] Lisa keeps on lap open book. (bedroom)
[68] Lisa rests open book. (bedroom)
[68] open book is on <Lisa>'s lap. (bedroom)
[68] Lisa reads book. (bedroom)
[68] Lisa flips page book. (bedroom)
[69] Lisa holds open book. (bedroom and hallway)
[69] open book is in Lisa's lap. (bedroom and hallway)
[69] Lisa closes book. (bedroom and hallway)
[69] Lisa hands over book. (bedroom and hallway)
[69] robot takes book. (bedroom and hallway)
[69] book is from Lisa. (bedroom and hallway)
[69] robot places upright book. (bedroom and hallway)
[69] book is on shelf. (bedroom and hallway)
[69] robot adjusts position book. (bedroom and hallway)
[69] book is at original spot. (bedroom and hallway)

**Conversations: **

Conversation 5: Jack and Lisa chat casually while preparing instant noodles and discussing food preferences, with Lisa favoring bread and Jack waiting for noodles. They ask a robot to handle reminders and simple tasks like placing items, fetching water, storing juice, and wiping the table. Lisa talks about her laziness, interest in origami, and reading, selecting Sherlock Holmes, and considers gifting Jack a book for his upcoming birthday. Jack mentions his birthday timing and love of strawberry cake.
[58] Jack: I'll eat it myself.
[58] Lisa: Okay let me to choose a book to read.
[58] Lisa: Maybe let me see what kind of book should I read.
[59] Lisa: Oh this one...
[59] Lisa: "Sherlock Holmes" the title sounds great.
[59] Lisa: I'll read it.
[59] Lisa: Well I don't want to drink the juice today anymore.
[60] Lisa: You know Jack.
[61] Lisa: I have read so many kinds of books.
[61] Lisa: Novels, dramas... and you know this one, this one can be said to be the best one I have ever read.
[61] Jack: What kind of it, this book? Is it a suspense genre?
[61] Jack: And if I have time I will watch it.
[61] Lisa: Hmm I suppose not, it's a scientific one.

Conversation 6: Jack admits staying up late gaming and feeling tired, and Lisa urges him to prioritize sleep for his health. Jack agrees to go to bed earlier due to work the next day, while Lisa plans to wind down and also prepare for sleep. Lisa briefly instructs a robot to return a book, indicating a supportive environment focused on rest and routine.
[68] Lisa: I will sleep... go to sleep later.
[68] Lisa: Well it's a little sleepy for me.
[69] Lisa: Hello robot, please put the book into its original place for me.
[69] robot: Okay.
[69] Lisa: Thank you.

Conversation 1: Lisa and Jack return tired; Jack chooses to relax and watch TV while Lisa plans to do homework and fold paper cranes. Jack encourages Lisa to focus on finishing her homework before resting. A robot assists by fetching a banana for Jack, indicating a supportive environment with a helper present.
[3] Lisa: I'll find my homework.
[3] Lisa: Just do my homework, just...
[3] Jack: Put them here.
[3] Lisa: Okay it's okay.
[4] Jack: Hey robot fetch me a banana from the kitchen.

[Step 2] Evaluating semantic answer...
Action: [Answer]
Content: Back to its original place on the shelf.
FINAL ANSWER (from graph):
Back to its original place on the shelf.
Question: What does Lisa do?

[Step 1] Searching the graph...
Parse Query Output:
{
  "query_triple": ["<Lisa>", "?", null, 0.95, 0.2, 0.0],
  "spatial_constraint": null,
  "speaker_strict": null,
  "allocation": {
    "k_high_level": 5,
    "k_low_level": 40,
    "k_conversations": 5,
    "total_k": 50,
    "reasoning": "Broad action query about Lisa's activities; prioritize low-level edges to capture specific actions, with minimal high-level for traits/roles and a small portion of conversations for any verbal actions."
  }
}

Graph Search Results:
**High-Level Information (Character Attributes and Relationships): **

Character Attributes:
- Lisa is: female (100), medium build (100), light skin (100), long dark wavy hair (100), white zip hoodie (100)

**Low-Level Information (Actions and Events): **

[1] Lisa enters through decorated door. (apartment living room leading to bedroom)
[1] Jack follows into Lisa. (apartment living room leading to bedroom)
[1] Lisa announces Lisa's return. (apartment living room leading to bedroom)
[1] Lisa asks to close Jack. (apartment living room leading to bedroom)
[1] Lisa sets on Lisa's backpack. (apartment living room leading to bedroom)
[1] Lisa sits down at table. (apartment living room leading to bedroom)
[1] Lisa holds phone. (apartment living room leading to bedroom)
[1] Lisa tells Jack. (apartment living room leading to bedroom)
[1] Lisa says Lisa needs to do homework. (apartment living room leading to bedroom)
[1] Lisa says Lisa needs to fold paper crane. (apartment living room leading to bedroom)
[1] Lisa follows toward Jack. (apartment living room leading to bedroom)
[2] Lisa sits on chair. (bedroom)
[2] Lisa holds phone. (bedroom)
[2] Jack walks toward Lisa. (bedroom)
[2] bench is beside Lisa. (bedroom)
[2] Lisa scrolls Lisa's phone. (bedroom)
[2] Jack speaks toward Lisa. (bedroom)
[2] Lisa answers. (bedroom)
[2] Lisa looks at Lisa's phone. (bedroom)
[2] Jack asks Lisa. (bedroom)
[2] Lisa says. (bedroom)
[2] Lisa needs to fetch Lisa's bag. (bedroom)
[2] Lisa needs for homework. (bedroom)
[2] Lisa stands up from chair. (bedroom)
[2] Lisa walks from bedroom area. (bedroom)
[2] Lisa walks to dining table. (bedroom)
[2] Lisa reaches dining table. (bedroom)
[2] Lisa looks down at tabletop. (bedroom)
[2] Lisa picks up small brown studded backpack. (bedroom)
[3] Lisa stands by dining table. (bedroom)
[3] Lisa reaches toward paper. (bedroom)
[3] Lisa turns. (bedroom)
[3] Lisa walks through hallway. (bedroom)
[3] Lisa walks toward bedroom. (bedroom)
[3] Lisa sits on wooden chair. (bedroom)
[3] Lisa places Lisa's studded brown backpack. (bedroom)
[3] Lisa rummages in Lisa's backpack. (bedroom)
[3] Jack looks toward Lisa. (bedroom)
[3] Lisa pulls out sheet of paper. (bedroom)
[3] Lisa begins writing on paper. (bedroom)

**Conversations: **

Conversation 1: Lisa and Jack return tired; Jack chooses to relax and watch TV while Lisa plans to do homework and fold paper cranes. Jack encourages Lisa to focus on finishing her homework before resting. A robot assists by fetching a banana for Jack, indicating a supportive environment with a helper present.
[2] Lisa: Alright.
[2] Jack: You just said you wanna do your homework.
[2] Lisa: Yes.
[2] Jack: And fold paper cranes?
[2] Lisa: I need to fetch my bag, my homework is in it.

Conversation 2: Lisa struggles with difficult mathematics homework and feels stressed, possibly while dealing with a mild cold. Jack is supportive, advises her to dress warmly due to weather and to take medicine, and manages household tasks with a robot. The robot assists by handling chores like disposing trash, fetching bananas and water, turning off the TV, and helping mix medicine.
[17] Lisa: I felt I'm going to be crazy and my mind, my body will collapse.
[17] Jack: You're going to even had a headache right?
[18] Lisa: Yes.
[18] Jack: Hey robot fetch me a bottle of hot water for Lisa and help her to mix the medicine.

Conversation 5: Jack and Lisa chat casually while preparing instant noodles and discussing food preferences, with Lisa favoring bread and Jack waiting for noodles. They ask a robot to handle reminders and simple tasks like placing items, fetching water, storing juice, and wiping the table. Lisa talks about her laziness, interest in origami, and reading, selecting Sherlock Holmes, and considers gifting Jack a book for his upcoming birthday. Jack mentions his birthday timing and love of strawberry cake.
[49] Lisa: Okay.
[49] Jack: Okay, waiting for the water.
[49] Lisa: Hmm.
[49] Lisa: You know sometimes I even imagine that if something... the water can boil itself.
[49] Lisa: Because...
[52] Jack: I think the water is okay.
[52] Jack: I think...
[52] Lisa: Uh-huh.
[52] Jack: I pour some water.
[52] Lisa: Let me help you.

Conversation 3: Lisa finishes her homework, then starts folding paper cranes and teaches Jack, who finds it too complex. They discuss paper preferences and Lisa’s admiration for an English teacher who taught her crafts. The robot is asked to fetch items (medicine box, juice, scissors) and help, while Jack decides to water wilting flowers using the robot.
[33] Jack: Okay no matter.
[33] Lisa: In a few days.
[33] Lisa: Uh...
[33] Jack: Hey robot take the watering can from the bathroom and pour the flower.

[Step 2] Evaluating semantic answer...
Action: [Search]
Content: [1, 2, 3, 33, 17, 49, 52]
Summary: The graph shows Lisa as a student-like character doing homework, folding paper cranes, and interacting at home with Jack and a helper robot; however, it does not state her occupation or role explicitly, so more video context is needed to determine what Lisa does.

[Step 3] Watching video clips: [1, 2, 3, 33, 17, 49, 52]

   Processing clip 1 (1/7)...
Question: Does Lisa like reading ？

[Step 1] Searching the graph...
Parse Query Output:
{
  "query_triple": ["<Lisa>", "likes", "reading", 0.95, 0.3, 0.6],
  "spatial_constraint": null,
  "speaker_strict": null,
  "allocation": {
    "k_high_level": 9,
    "k_low_level": 11,
    "k_conversations": 30,
    "total_k": 50,
    "reasoning": "Preference/trait query; use high-level edges for character attributes, conversations for evidence (statements about liking reading), and some low-level edges for actions indicating reading behavior."
  }
}

Graph Search Results:
**High-Level Information (Character Attributes and Relationships): **

Character Attributes:
- Lisa is: female (100)

Character Relationships:
- Lisa relies on assistance from robot (95)
- robot cooperates with Lisa (90)
- Lisa trusts robot (85)
- Jack friends with Lisa (85)
- Jack cares for Lisa (85)
- Jack supports Lisa (80)
- Lisa relies on robot (80)
- Lisa collaborates with Jack (80)

**Low-Level Information (Actions and Events): **

[58] Lisa chooses book. (bedroom)
[59] Lisa holds book. (bedroom)
[60] Lisa reads book. (bedroom)
[61] Lisa reads book. (bedroom)
[61] Lisa looks down at book. (bedroom)
[62] Lisa reads book. (bedroom)
[62] Lisa holds book. (bedroom)
[62] Lisa offers giving book. (bedroom)
[63] Lisa reads book. (bedroom)
[68] Lisa reads book. (bedroom)
[69] Lisa closes book. (bedroom and hallway)

**Conversations: **

Conversation 5: Jack and Lisa chat casually while preparing instant noodles and discussing food preferences, with Lisa favoring bread and Jack waiting for noodles. They ask a robot to handle reminders and simple tasks like placing items, fetching water, storing juice, and wiping the table. Lisa talks about her laziness, interest in origami, and reading, selecting Sherlock Holmes, and considers gifting Jack a book for his upcoming birthday. Jack mentions his birthday timing and love of strawberry cake.
[49] Lisa: Okay.
[49] Jack: Okay, waiting for the water.
[49] Lisa: Hmm.
[49] Lisa: You know sometimes I even imagine that if something... the water can boil itself.
[49] Lisa: Because...
[49] Jack: Wow impossible.
[49] Lisa: Yeah.
[50] Lisa: But I really want it comes true.
[50] Lisa: Because I'm so lazy I hope that every every kind of food...
[51] Lisa: I just thinking about myself you know.
[51] Jack: Okay.
[51] Lisa: I'm such an interesting person.
[51] Jack: Fine it's okay.
[51] Jack: It just like a funny joke, make me laugh.
[52] Jack: I think the water is okay.
[52] Jack: I think...
[52] Lisa: Uh-huh.
[52] Jack: I pour some water.
[52] Lisa: Let me help you.
[54] Lisa: Well I have nothing to do but I wanna make some paper cranes.
[54] Jack: That's one of your homework right?
[54] Lisa: Yes but I have done my homework, it is... now it's my free time.
[54] Lisa: I just want to polish my skills.
[54] Lisa: To be a professional paper crane folder.
[55] Jack: And also you are talented in art I think.
[55] Lisa: Yes, how did you know?
[55] Jack: Because the um...
[55] Jack: What's this? It is a...
[58] robot: The instant noodles were ready.
[58] Jack: Okay the noodles is okay, I'm ready to eat, you wanna try some noodles?
[58] Lisa: I still want to try now, maybe I can read some book now I want to read some book.
[58] Jack: I'll eat it myself.
[58] Lisa: Okay let me to choose a book to read.
[58] Lisa: Maybe let me see what kind of book should I read.
[59] Lisa: Oh this one...
[59] Lisa: "Sherlock Holmes" the title sounds great.
[59] Lisa: I'll read it.
[59] Lisa: Well I don't want to drink the juice today anymore.
[59] Lisa: So hello robot please help me to put this half bottle of juice into my black snack... snack box, okay?
[60] Jack: Oh thank you robot.
[60] Lisa: You know Jack.
[61] Lisa: I have read so many kinds of books.
[61] Lisa: Novels, dramas... and you know this one, this one can be said to be the best one I have ever read.
[61] Jack: What kind of it, this book? Is it a suspense genre?
[61] Jack: And if I have time I will watch it.
[61] Lisa: Hmm I suppose not, it's a scientific one.
[61] Jack: Oh okay.
[61] Lisa: Hmm I really love it.
[61] Lisa: You know the plot is so interesting so... you know just gives me so many pleasure.
[62] Lisa: Hmm oh I remember that your birthday is coming right?
[62] Jack: Yeah.
[62] Lisa: Maybe I can give you such a book as your birthday gift.
[62] Jack: Oh thank you and my birthday is on the third day after Labor Day and I can also taste my favorite strawberry cake.
[62] Lisa: Yeah I remember you love strawberries right?
[62] Jack: Yes.
[63] Jack: Okay finish eating them.

Conversation 1: Lisa and Jack return tired; Jack chooses to relax and watch TV while Lisa plans to do homework and fold paper cranes. Jack encourages Lisa to focus on finishing her homework before resting. A robot assists by fetching a banana for Jack, indicating a supportive environment with a helper present.
[2] Lisa: Alright.
[2] Jack: You just said you wanna do your homework.
[2] Lisa: Yes.
[2] Jack: And fold paper cranes?
[2] Lisa: I need to fetch my bag, my homework is in it.

Conversation 2: Lisa struggles with difficult mathematics homework and feels stressed, possibly while dealing with a mild cold. Jack is supportive, advises her to dress warmly due to weather and to take medicine, and manages household tasks with a robot. The robot assists by handling chores like disposing trash, fetching bananas and water, turning off the TV, and helping mix medicine.
[7] Jack: Hey Lisa is your homework so difficult?
[7] Lisa: So difficult.
[8] Lisa: Absolutely difficult, it is so hard for me.
[8] Lisa: I'm not good at mathematics.
[8] Jack: Okay.
[8] Lisa: But my mathematics teacher is really strict with us, he just need us to do homework every day.
[8] Lisa: You know my other hmm...
[8] Lisa: Other teachers like my English teacher she just didn't require me just to finishing her homework every day.
[8] Lisa: But my mathematic teacher is just...
[8] Lisa: Oh do it every day. Ha.
[10] Lisa: Okay definitely hmm...
[10] Lisa: I happen to have no taste in my mouth.
[10] Lisa: You know I'm suffered from my mathematics homework.
[10] Lisa: So just give me one I want some... I want to eat something.
[10] Lisa: Hey robot fetch more bananas for me.
[11] Lisa: Okay thank you.
[11] Lisa: I need to rest for a while.
[12] Lisa: And then continue my homework.
[12] Lisa: Goodness I hate mathematics.
[12] Jack: Hmm, yummy.
[15] Lisa: It's a little boring. I don't want to see it.
[15] Jack: It's a little boring yeah.
[15] Lisa: I'm not interested in it.
[15] Jack: Hey robot turn off the TV and put the remote control back in place.
[16] Jack: I think you should take some medicine.
[17] Lisa: I felt I'm going to be crazy and my mind, my body will collapse.
[17] Jack: You're going to even had a headache right?
[18] Lisa: Yes.
[18] Jack: Hey robot fetch me a bottle of hot water for Lisa and help her to mix the medicine.

Conversation 3: Lisa finishes her homework, then starts folding paper cranes and teaches Jack, who finds it too complex. They discuss paper preferences and Lisa’s admiration for an English teacher who taught her crafts. The robot is asked to fetch items (medicine box, juice, scissors) and help, while Jack decides to water wilting flowers using the robot.
[23] Lisa: So let's get started for folding my paper cranes.
[23] Jack: Okay.
[23] Lisa: It's a little hard for me to do such hand work you know.
[23] Lisa: Because I'm not so...
[23] Lisa: Hmm I'm not so good at making such delicate things.
[26] Lisa: Okay thanks.
[27] Lisa: Hmm I got refresh.
[27] Lisa: Everything gets better when I finish my homework.
[27] Jack: So Lisa can you teach me how to fold this paper?
[27] Jack: I don't know how to do it, can you teach me?
[29] Lisa: A lot of time.
[29] Lisa: So I will... I just fold such paper cranes when I was hmm convenient.
[29] Lisa: And when I have some spare time to relax myself.
[30] Lisa: Okay finally this...
[30] Jack: So have you ever...
[30] Lisa: But we have teacher that good at making such things.
[31] Lisa: She just told me how to make such paper cranes in her spare time.
[31] Lisa: I really love that teacher, she... you know.
[31] Lisa: She is the best teacher I have ever met, hmm, she teaches our English and you know she is very beautiful...
[31] Lisa: Very young and also very professional, she is the best teacher of the whole... the whole grade.
[31] Lisa: So every, every student met her, boy or girl...

Conversation 4: Lisa felt guilty about damaging flowers, and Jack reassured her, noting the plants are drought-tolerant and offering to replace them. Lisa asked a robot to return the scissors, while Jack requested the robot to boil water and fetch snacks. Lisa mentioned she was only slightly hungry and preferred bread.
[38] Jack: If they are going to die...
[38] Jack: It's no matter, I'll buy some new plants.
[38] Lisa: So sweet.
[38] Jack: Yeah it's no matter.
[38] Lisa: Well what you have said just comforted me a lot.

[Step 2] Evaluating semantic answer...
Action: [Answer]
Content: Yes, Lisa likes reading.
FINAL ANSWER (from graph):
Yes, Lisa likes reading.
✓ Updated results.json for living_room_02 (12 questions)
✓ Cleaned up video and frames for living_room_02

============================================================
Processing video: kitchen_03
============================================================
Downloading 1 video(s) to data/videos...

Downloading kitchen_03.mp4...
✓ Successfully downloaded kitchen_03.mp4 to data/videos/kitchen_03.mp4

============================================================
Download Summary:
  Successful: 1/1
============================================================

============================================================
[1/1] Processing: kitchen_03
============================================================
Video: data/videos/kitchen_03.mp4
Subtitles: data/subtitles/robot/kitchen_03.srt
Output: data/frames/kitchen_03
============================================================

Parsing subtitle file: data/subtitles/robot/kitchen_03.srt
Found 463 subtitle entries
Video: 1580x720, 30.00 FPS, 66392 frames, 2213.07s duration

Extracting frames with subtitles...
Grouping frames into folders of 30 frames each
  Saved 10 frames (up to 9s, folder 1)
  Saved 20 frames (up to 19s, folder 1)
  Saved 30 frames (up to 29s, folder 1)
  Saved 40 frames (up to 39s, folder 2)
  Saved 50 frames (up to 49s, folder 2)
  Saved 60 frames (up to 59s, folder 2)
  Saved 70 frames (up to 69s, folder 3)
  Saved 80 frames (up to 79s, folder 3)
  Saved 90 frames (up to 89s, folder 3)
  Saved 100 frames (up to 99s, folder 4)
  Saved 110 frames (up to 109s, folder 4)
  Saved 120 frames (up to 119s, folder 4)
  Saved 130 frames (up to 129s, folder 5)
  Saved 140 frames (up to 139s, folder 5)
  Saved 150 frames (up to 149s, folder 5)
  Saved 160 frames (up to 159s, folder 6)
  Saved 170 frames (up to 169s, folder 6)
  Saved 180 frames (up to 179s, folder 6)
  Saved 190 frames (up to 189s, folder 7)
  Saved 200 frames (up to 199s, folder 7)
  Saved 210 frames (up to 209s, folder 7)
  Saved 220 frames (up to 219s, folder 8)
  Saved 230 frames (up to 229s, folder 8)
  Saved 240 frames (up to 239s, folder 8)
  Saved 250 frames (up to 249s, folder 9)
  Saved 260 frames (up to 259s, folder 9)
  Saved 270 frames (up to 269s, folder 9)
  Saved 280 frames (up to 279s, folder 10)
  Saved 290 frames (up to 289s, folder 10)
  Saved 300 frames (up to 299s, folder 10)
  Saved 310 frames (up to 309s, folder 11)
  Saved 320 frames (up to 319s, folder 11)
  Saved 330 frames (up to 329s, folder 11)
  Saved 340 frames (up to 339s, folder 12)
  Saved 350 frames (up to 349s, folder 12)
  Saved 360 frames (up to 359s, folder 12)
  Saved 370 frames (up to 369s, folder 13)
  Saved 380 frames (up to 379s, folder 13)
  Saved 390 frames (up to 389s, folder 13)
  Saved 400 frames (up to 399s, folder 14)
  Saved 410 frames (up to 409s, folder 14)
  Saved 420 frames (up to 419s, folder 14)
  Saved 430 frames (up to 429s, folder 15)
  Saved 440 frames (up to 439s, folder 15)
  Saved 450 frames (up to 449s, folder 15)
  Saved 460 frames (up to 459s, folder 16)
  Saved 470 frames (up to 469s, folder 16)
  Saved 480 frames (up to 479s, folder 16)
  Saved 490 frames (up to 489s, folder 17)
  Saved 500 frames (up to 499s, folder 17)
  Saved 510 frames (up to 509s, folder 17)
  Saved 520 frames (up to 519s, folder 18)
  Saved 530 frames (up to 529s, folder 18)
  Saved 540 frames (up to 539s, folder 18)
  Saved 550 frames (up to 549s, folder 19)
  Saved 560 frames (up to 559s, folder 19)
  Saved 570 frames (up to 569s, folder 19)
  Saved 580 frames (up to 579s, folder 20)
  Saved 590 frames (up to 589s, folder 20)
  Saved 600 frames (up to 599s, folder 20)
  Saved 610 frames (up to 609s, folder 21)
  Saved 620 frames (up to 619s, folder 21)
  Saved 630 frames (up to 629s, folder 21)
  Saved 640 frames (up to 639s, folder 22)
  Saved 650 frames (up to 649s, folder 22)
  Saved 660 frames (up to 659s, folder 22)
  Saved 670 frames (up to 669s, folder 23)
  Saved 680 frames (up to 679s, folder 23)
  Saved 690 frames (up to 689s, folder 23)
  Saved 700 frames (up to 699s, folder 24)
  Saved 710 frames (up to 709s, folder 24)
  Saved 720 frames (up to 719s, folder 24)
  Saved 730 frames (up to 729s, folder 25)
  Saved 740 frames (up to 739s, folder 25)
  Saved 750 frames (up to 749s, folder 25)
  Saved 760 frames (up to 759s, folder 26)
  Saved 770 frames (up to 769s, folder 26)
  Saved 780 frames (up to 779s, folder 26)
  Saved 790 frames (up to 789s, folder 27)
  Saved 800 frames (up to 799s, folder 27)
  Saved 810 frames (up to 809s, folder 27)
  Saved 820 frames (up to 819s, folder 28)
  Saved 830 frames (up to 829s, folder 28)
  Saved 840 frames (up to 839s, folder 28)
  Saved 850 frames (up to 849s, folder 29)
  Saved 860 frames (up to 859s, folder 29)
  Saved 870 frames (up to 869s, folder 29)
  Saved 880 frames (up to 879s, folder 30)
  Saved 890 frames (up to 889s, folder 30)
  Saved 900 frames (up to 899s, folder 30)
  Saved 910 frames (up to 909s, folder 31)
  Saved 920 frames (up to 919s, folder 31)
  Saved 930 frames (up to 929s, folder 31)
  Saved 940 frames (up to 939s, folder 32)
  Saved 950 frames (up to 949s, folder 32)
  Saved 960 frames (up to 959s, folder 32)
  Saved 970 frames (up to 969s, folder 33)
  Saved 980 frames (up to 979s, folder 33)
  Saved 990 frames (up to 989s, folder 33)
  Saved 1000 frames (up to 999s, folder 34)
  Saved 1010 frames (up to 1009s, folder 34)
  Saved 1020 frames (up to 1019s, folder 34)
  Saved 1030 frames (up to 1029s, folder 35)
  Saved 1040 frames (up to 1039s, folder 35)
  Saved 1050 frames (up to 1049s, folder 35)
  Saved 1060 frames (up to 1059s, folder 36)
  Saved 1070 frames (up to 1069s, folder 36)
  Saved 1080 frames (up to 1079s, folder 36)
  Saved 1090 frames (up to 1089s, folder 37)
  Saved 1100 frames (up to 1099s, folder 37)
  Saved 1110 frames (up to 1109s, folder 37)
  Saved 1120 frames (up to 1119s, folder 38)
  Saved 1130 frames (up to 1129s, folder 38)
  Saved 1140 frames (up to 1139s, folder 38)
  Saved 1150 frames (up to 1149s, folder 39)
  Saved 1160 frames (up to 1159s, folder 39)
  Saved 1170 frames (up to 1169s, folder 39)
  Saved 1180 frames (up to 1179s, folder 40)
  Saved 1190 frames (up to 1189s, folder 40)
  Saved 1200 frames (up to 1199s, folder 40)
  Saved 1210 frames (up to 1209s, folder 41)
  Saved 1220 frames (up to 1219s, folder 41)
  Saved 1230 frames (up to 1229s, folder 41)
  Saved 1240 frames (up to 1239s, folder 42)
  Saved 1250 frames (up to 1249s, folder 42)
  Saved 1260 frames (up to 1259s, folder 42)
  Saved 1270 frames (up to 1269s, folder 43)
  Saved 1280 frames (up to 1279s, folder 43)
  Saved 1290 frames (up to 1289s, folder 43)
  Saved 1300 frames (up to 1299s, folder 44)
  Saved 1310 frames (up to 1309s, folder 44)
  Saved 1320 frames (up to 1319s, folder 44)
  Saved 1330 frames (up to 1329s, folder 45)
  Saved 1340 frames (up to 1339s, folder 45)
  Saved 1350 frames (up to 1349s, folder 45)
  Saved 1360 frames (up to 1359s, folder 46)
  Saved 1370 frames (up to 1369s, folder 46)
  Saved 1380 frames (up to 1379s, folder 46)
  Saved 1390 frames (up to 1389s, folder 47)
  Saved 1400 frames (up to 1399s, folder 47)
  Saved 1410 frames (up to 1409s, folder 47)
  Saved 1420 frames (up to 1419s, folder 48)
  Saved 1430 frames (up to 1429s, folder 48)
  Saved 1440 frames (up to 1439s, folder 48)
  Saved 1450 frames (up to 1449s, folder 49)
  Saved 1460 frames (up to 1459s, folder 49)
  Saved 1470 frames (up to 1469s, folder 49)
  Saved 1480 frames (up to 1479s, folder 50)
  Saved 1490 frames (up to 1489s, folder 50)
  Saved 1500 frames (up to 1499s, folder 50)
  Saved 1510 frames (up to 1509s, folder 51)
  Saved 1520 frames (up to 1519s, folder 51)
  Saved 1530 frames (up to 1529s, folder 51)
  Saved 1540 frames (up to 1539s, folder 52)
  Saved 1550 frames (up to 1549s, folder 52)
  Saved 1560 frames (up to 1559s, folder 52)
  Saved 1570 frames (up to 1569s, folder 53)
  Saved 1580 frames (up to 1579s, folder 53)
  Saved 1590 frames (up to 1589s, folder 53)
  Saved 1600 frames (up to 1599s, folder 54)
  Saved 1610 frames (up to 1609s, folder 54)
  Saved 1620 frames (up to 1619s, folder 54)
  Saved 1630 frames (up to 1629s, folder 55)
  Saved 1640 frames (up to 1639s, folder 55)
  Saved 1650 frames (up to 1649s, folder 55)
  Saved 1660 frames (up to 1659s, folder 56)
  Saved 1670 frames (up to 1669s, folder 56)
  Saved 1680 frames (up to 1679s, folder 56)
  Saved 1690 frames (up to 1689s, folder 57)
  Saved 1700 frames (up to 1699s, folder 57)
  Saved 1710 frames (up to 1709s, folder 57)
  Saved 1720 frames (up to 1719s, folder 58)
  Saved 1730 frames (up to 1729s, folder 58)
  Saved 1740 frames (up to 1739s, folder 58)
  Saved 1750 frames (up to 1749s, folder 59)
  Saved 1760 frames (up to 1759s, folder 59)
  Saved 1770 frames (up to 1769s, folder 59)
  Saved 1780 frames (up to 1779s, folder 60)
  Saved 1790 frames (up to 1789s, folder 60)
  Saved 1800 frames (up to 1799s, folder 60)
  Saved 1810 frames (up to 1809s, folder 61)
  Saved 1820 frames (up to 1819s, folder 61)
  Saved 1830 frames (up to 1829s, folder 61)
  Saved 1840 frames (up to 1839s, folder 62)
  Saved 1850 frames (up to 1849s, folder 62)
  Saved 1860 frames (up to 1859s, folder 62)
  Saved 1870 frames (up to 1869s, folder 63)
  Saved 1880 frames (up to 1879s, folder 63)
  Saved 1890 frames (up to 1889s, folder 63)
  Saved 1900 frames (up to 1899s, folder 64)
  Saved 1910 frames (up to 1909s, folder 64)
  Saved 1920 frames (up to 1919s, folder 64)
  Saved 1930 frames (up to 1929s, folder 65)
  Saved 1940 frames (up to 1939s, folder 65)
  Saved 1950 frames (up to 1949s, folder 65)
  Saved 1960 frames (up to 1959s, folder 66)
  Saved 1970 frames (up to 1969s, folder 66)
  Saved 1980 frames (up to 1979s, folder 66)
  Saved 1990 frames (up to 1989s, folder 67)
  Saved 2000 frames (up to 1999s, folder 67)
  Saved 2010 frames (up to 2009s, folder 67)
  Saved 2020 frames (up to 2019s, folder 68)
  Saved 2030 frames (up to 2029s, folder 68)
  Saved 2040 frames (up to 2039s, folder 68)
  Saved 2050 frames (up to 2049s, folder 69)
  Saved 2060 frames (up to 2059s, folder 69)
  Saved 2070 frames (up to 2069s, folder 69)
  Saved 2080 frames (up to 2079s, folder 70)
  Saved 2090 frames (up to 2089s, folder 70)
  Saved 2100 frames (up to 2099s, folder 70)
  Saved 2110 frames (up to 2109s, folder 71)
  Saved 2120 frames (up to 2119s, folder 71)
  Saved 2130 frames (up to 2129s, folder 71)
  Saved 2140 frames (up to 2139s, folder 72)
  Saved 2150 frames (up to 2149s, folder 72)
  Saved 2160 frames (up to 2159s, folder 72)
  Saved 2170 frames (up to 2169s, folder 73)
  Saved 2180 frames (up to 2179s, folder 73)
  Saved 2190 frames (up to 2189s, folder 73)
  Saved 2200 frames (up to 2199s, folder 74)
  Saved 2210 frames (up to 2209s, folder 74)

✓ Extracted 2214 frames to data/frames/kitchen_03

✓ Successfully processed kitchen_03: 2214 frames saved
--------------------------------
Processing folder:  data/frames/kitchen_03/1
Inserted 23 triples into graph for clip 1
--------------------------------
Processing folder:  data/frames/kitchen_03/2
Inserted 25 triples into graph for clip 2
--------------------------------
Processing folder:  data/frames/kitchen_03/3
Inserted 21 triples into graph for clip 3
--------------------------------
Processing folder:  data/frames/kitchen_03/4
Inserted 19 triples into graph for clip 4
--------------------------------
Processing folder:  data/frames/kitchen_03/5
Inserted 34 triples into graph for clip 5
--------------------------------
Processing folder:  data/frames/kitchen_03/6
Inserted 22 triples into graph for clip 6
--------------------------------
Processing folder:  data/frames/kitchen_03/7
Inserted 24 triples into graph for clip 7
--------------------------------
Processing folder:  data/frames/kitchen_03/8
Extracting summary for completed conversation 1...
✓ Conversation summary extracted. Attributes: 8, Relationships: 3
Inserted 16 triples into graph for clip 8
--------------------------------
Processing folder:  data/frames/kitchen_03/9
Inserted 28 triples into graph for clip 9
--------------------------------
Processing folder:  data/frames/kitchen_03/10
Inserted 28 triples into graph for clip 10
--------------------------------
Processing folder:  data/frames/kitchen_03/11
Inserted 28 triples into graph for clip 11
--------------------------------
Processing folder:  data/frames/kitchen_03/12
Inserted 32 triples into graph for clip 12
--------------------------------
Processing folder:  data/frames/kitchen_03/13
Inserted 37 triples into graph for clip 13
--------------------------------
Processing folder:  data/frames/kitchen_03/14
Inserted 25 triples into graph for clip 14
--------------------------------
Processing folder:  data/frames/kitchen_03/15
Inserted 18 triples into graph for clip 15
--------------------------------
Processing folder:  data/frames/kitchen_03/16
Inserted 24 triples into graph for clip 16
--------------------------------
Processing folder:  data/frames/kitchen_03/17
Inserted 29 triples into graph for clip 17
--------------------------------
Processing folder:  data/frames/kitchen_03/18
Inserted 27 triples into graph for clip 18
--------------------------------
Processing folder:  data/frames/kitchen_03/19
Inserted 21 triples into graph for clip 19
--------------------------------
Processing folder:  data/frames/kitchen_03/20
Inserted 25 triples into graph for clip 20
--------------------------------
Processing folder:  data/frames/kitchen_03/21
Inserted 31 triples into graph for clip 21
--------------------------------
Processing folder:  data/frames/kitchen_03/22
Inserted 39 triples into graph for clip 22
--------------------------------
Processing folder:  data/frames/kitchen_03/23
Inserted 24 triples into graph for clip 23
--------------------------------
Processing folder:  data/frames/kitchen_03/24
Inserted 23 triples into graph for clip 24
--------------------------------
Processing folder:  data/frames/kitchen_03/25
Extracting summary for completed conversation 2...
✓ Conversation summary extracted. Attributes: 8, Relationships: 4
Inserted 20 triples into graph for clip 25
--------------------------------
Processing folder:  data/frames/kitchen_03/26
Inserted 26 triples into graph for clip 26
--------------------------------
Processing folder:  data/frames/kitchen_03/27
Inserted 25 triples into graph for clip 27
--------------------------------
Processing folder:  data/frames/kitchen_03/28
Inserted 33 triples into graph for clip 28
--------------------------------
Processing folder:  data/frames/kitchen_03/29
Inserted 17 triples into graph for clip 29
--------------------------------
Processing folder:  data/frames/kitchen_03/30
Inserted 25 triples into graph for clip 30
--------------------------------
Processing folder:  data/frames/kitchen_03/31
Inserted 19 triples into graph for clip 31
--------------------------------
Processing folder:  data/frames/kitchen_03/32
Inserted 19 triples into graph for clip 32
--------------------------------
Processing folder:  data/frames/kitchen_03/33
Inserted 31 triples into graph for clip 33
--------------------------------
Processing folder:  data/frames/kitchen_03/34
Inserted 27 triples into graph for clip 34
--------------------------------
Processing folder:  data/frames/kitchen_03/35
Inserted 36 triples into graph for clip 35
--------------------------------
Processing folder:  data/frames/kitchen_03/36
Inserted 32 triples into graph for clip 36
--------------------------------
Processing folder:  data/frames/kitchen_03/37
Inserted 34 triples into graph for clip 37
--------------------------------
Processing folder:  data/frames/kitchen_03/38
Inserted 42 triples into graph for clip 38
--------------------------------
Processing folder:  data/frames/kitchen_03/39
Inserted 31 triples into graph for clip 39
--------------------------------
Processing folder:  data/frames/kitchen_03/40
Inserted 17 triples into graph for clip 40
--------------------------------
Processing folder:  data/frames/kitchen_03/41
Inserted 29 triples into graph for clip 41
--------------------------------
Processing folder:  data/frames/kitchen_03/42
Inserted 30 triples into graph for clip 42
--------------------------------
Processing folder:  data/frames/kitchen_03/43
Inserted 30 triples into graph for clip 43
--------------------------------
Processing folder:  data/frames/kitchen_03/44
Inserted 21 triples into graph for clip 44
--------------------------------
Processing folder:  data/frames/kitchen_03/45
Inserted 19 triples into graph for clip 45
--------------------------------
Processing folder:  data/frames/kitchen_03/46
Inserted 13 triples into graph for clip 46
--------------------------------
Processing folder:  data/frames/kitchen_03/47
Inserted 24 triples into graph for clip 47
--------------------------------
Processing folder:  data/frames/kitchen_03/48
Inserted 23 triples into graph for clip 48
--------------------------------
Processing folder:  data/frames/kitchen_03/49
Inserted 26 triples into graph for clip 49
--------------------------------
Processing folder:  data/frames/kitchen_03/50
Inserted 31 triples into graph for clip 50
--------------------------------
Processing folder:  data/frames/kitchen_03/51
Inserted 25 triples into graph for clip 51
--------------------------------
Processing folder:  data/frames/kitchen_03/52
Inserted 24 triples into graph for clip 52
--------------------------------
Processing folder:  data/frames/kitchen_03/53
Inserted 18 triples into graph for clip 53
--------------------------------
Processing folder:  data/frames/kitchen_03/54
Inserted 16 triples into graph for clip 54
--------------------------------
Processing folder:  data/frames/kitchen_03/55
Inserted 27 triples into graph for clip 55
--------------------------------
Processing folder:  data/frames/kitchen_03/56
Inserted 22 triples into graph for clip 56
--------------------------------
Processing folder:  data/frames/kitchen_03/57
Inserted 28 triples into graph for clip 57
--------------------------------
Processing folder:  data/frames/kitchen_03/58
Extracting summary for completed conversation 3...
✓ Conversation summary extracted. Attributes: 9, Relationships: 4
Inserted 22 triples into graph for clip 58
--------------------------------
Processing folder:  data/frames/kitchen_03/59
Inserted 36 triples into graph for clip 59
--------------------------------
Processing folder:  data/frames/kitchen_03/60
Inserted 30 triples into graph for clip 60
--------------------------------
Processing folder:  data/frames/kitchen_03/61
Inserted 37 triples into graph for clip 61
--------------------------------
Processing folder:  data/frames/kitchen_03/62
Inserted 19 triples into graph for clip 62
--------------------------------
Processing folder:  data/frames/kitchen_03/63
Inserted 25 triples into graph for clip 63
--------------------------------
Processing folder:  data/frames/kitchen_03/64
Inserted 19 triples into graph for clip 64
--------------------------------
Processing folder:  data/frames/kitchen_03/65
Inserted 25 triples into graph for clip 65
--------------------------------
Processing folder:  data/frames/kitchen_03/66
Inserted 18 triples into graph for clip 66
--------------------------------
Processing folder:  data/frames/kitchen_03/67
Inserted 26 triples into graph for clip 67
--------------------------------
Processing folder:  data/frames/kitchen_03/68
Inserted 30 triples into graph for clip 68
--------------------------------
Processing folder:  data/frames/kitchen_03/69
Inserted 31 triples into graph for clip 69
--------------------------------
Processing folder:  data/frames/kitchen_03/70
Inserted 24 triples into graph for clip 70
--------------------------------
Processing folder:  data/frames/kitchen_03/71
Extracting summary for completed conversation 4...
✓ Conversation summary extracted. Attributes: 8, Relationships: 3
Inserted 22 triples into graph for clip 71
--------------------------------
Processing folder:  data/frames/kitchen_03/72
Inserted 27 triples into graph for clip 72
--------------------------------
Processing folder:  data/frames/kitchen_03/73
Inserted 16 triples into graph for clip 73
--------------------------------
Processing folder:  data/frames/kitchen_03/74
Inserted 25 triples into graph for clip 74
Extracting summary for final conversation 5...
✓ Final conversation summary extracted. Attributes: 7, Relationships: 5
Inserting character appearances for 3 characters...
✓ Character appearances inserted: 18 appearance edges created
434 node embeddings inserted (3 characters, 431 objects)
1922 edge embeddings inserted
Generating character attributes...
Number of edges:  1922
Character attributes generated.
Number of edges:  1942
Character relationships generated.
Number of edges:  1958
✓ Graph memory built for kitchen_03
Question: Where should the spinach be placed in the silver fridge?

[Step 1] Searching the graph...
Parse Query Output:
{
  "query_triple": ["spinach", "should be placed in", "fridge#silver", 0.8, 0.3, 0.9],
  "spatial_constraint": "fridge#silver",
  "speaker_strict": null,
  "allocation": {
    "k_high_level": 3,
    "k_low_level": 40,
    "k_conversations": 7,
    "total_k": 50,
    "reasoning": "Spatial/placement action query focused on specific objects; prioritize low-level edges to find exact compartment/location within the silver fridge, minimal high-level edges, and a small number of conversations for any explicit instructions mentioned."
  }
}

Graph Search Results:
**High-Level Information (Character Attributes and Relationships): **

Character Relationships:
- Saxon directs tasks to robot (85)
- Saxon directs robot (80)
- robot supports Saxon (80)

**Low-Level Information (Actions and Events): **

[2] robot walks to red refrigerator. (kitchen)
[2] robot opens refrigerator door. (kitchen)
[3] Saxon points toward refrigerator. (kitchen)
[3] Tamera decides where to store green vegetable. (kitchen)
[3] Tamera places inside green vegetable. (kitchen)
[3] green vegetable is in fridge drawer. (kitchen)
[3] leftover vegetable piece is in fridge. (kitchen)
[4] Saxon lifts bag of spinach. (kitchen)
[4] robot puts away spinach. (kitchen)
[4] robot takes spinach bag. (kitchen)
[4] robot walks to refrigerator. (kitchen)
[4] robot opens refrigerator door. (kitchen)
[4] spinach bag is in lower drawer. (kitchen)
[4] robot steps back from refrigerator. (kitchen)
[7] robot takes broccoli. (kitchen)
[7] robot moves toward refrigerator door. (kitchen)
[7] robot opens refrigerator. (kitchen)
[7] robot holds broccoli. (kitchen)
[7] robot places broccoli. (kitchen)
[7] broccoli is near grocery bag. (kitchen)
[8] robot opens refrigerator door. (kitchen)
[8] shelf is in refrigerator. (kitchen)
[9] robot opens refrigerator door. (kitchen)
[12] red cabinet door is in kitchen. (kitchen)
[19] item is in refrigerator. (kitchen)
[19] Saxon walks to red refrigerator. (kitchen)
[19] bagged food is in freezer drawer. (kitchen)
[25] cutting board is in kitchen. (kitchen)
[28] Tamera opens fridge door. (kitchen)
[29] egg carton is on shelf inside fridge. (kitchen)
[30] Tamera looks into fridge interior. (kitchen)
[30] Tamera walks from fridge. (kitchen)
[30] robot walks to red refrigerator. (kitchen)
[30] robot opens refrigerator door. (kitchen)
[30] middle shelf is inside fridge. (kitchen)
[31] robot opens refrigerator door. (kitchen)
[31] robot closes refrigerator door. (kitchen)
[62] Saxon suggests wiping refrigerator. (kitchen)
[63] bag of food is from refrigerator. (kitchen)
[64] Tamera opens red refrigerator. (kitchen)

**Conversations: **

Conversation 1: Tamera and Saxon unpack groceries with help from a robot that opens the fridge and puts items away. They sort produce, check freshness, and decide storage locations to avoid cross-flavors, placing spinach, carrots, and broccoli appropriately. The tone emphasizes not rushing and being organized while cleaning up vegetable scraps.
[3] Tamera: Oh it's fresh and there's no damage or yellow leaves.
[3] Saxon: Sure that's good.
[3] Tamera: Okay so I'll just put it in the fridge drawer.
[3] Tamera: Here.
[3] Tamera: Ah.
[3] Tamera: There are so many pieces of vegetables, I'll throw it away.
[3] Tamera: Hmm the rubbish bin okay.
[4] Saxon: The next, hi robot please put this spinach.
[4] Saxon: Put it away properly thank you.
[4] Saxon: Okay and then maybe we should put the carrots.
[6] Tamera: So where should I put it? I'll check.
[6] Tamera: The carrots.
[6] Saxon: The carrots maybe in the refrigerator.
[6] Tamera: Ah the fruit section okay I'll put in the fruit section.
[6] Tamera: So we won't make some cross flavor.

Conversation 2: Saxon and Tamera discuss packing various meats and seafood, deciding to separate items into storage bags and refrigerate or freeze them. They organize chicken into different portions, consider shrimp for later, and plan to handle fish next. Saxon suggests using a robot to place seafood in the sink and add water. Overall, they coordinate kitchen storage and preparation tasks.
[9] Tamera: Uh beef.
[9] Saxon: Yeah.
[9] Saxon: So should this meat be packed separately or put it directly?
[9] Tamera: I think it should be put separately.
[9] Saxon: Yeah.
[18] Tamera: Oh it's so cool, oh it's so great.
[18] Tamera: Okay so we have packed all the meats.
[19] Saxon: Yeah I think I can put them into the refrigerator.
[19] Tamera: Okay.
[19] Tamera: Uh so what's left in your bag?

Conversation 3: Tamera and Saxon organized their kitchen, directing a robot to tidy bags, bottles, and manage items like yogurt, eggs, milk, and seasonings. They planned a weekly meal schedule (beef stew, stir-fried broccoli with steamed fish and rice, chicken pasta, clear soup hot pot, and salad with roasted chicken) and synced recipes to smart devices. They reviewed inventory, noted black pepper was low, and created a shopping list including milk, chicken breast, potatoes, black pepper, cumin, frozen tofu, fish balls, oranges, and apples. They decided to clean the kitchen further and considered buying onions and other items soon.
[27] Saxon: Oh Tamera.
[27] Saxon: I think I will... uh could you put this yogurt?
[27] Tamera: In the refrigerator?
[27] Saxon: Oh yeah.
[27] Tamera: So I'll check the date.
[28] Tamera: Oh the days...
[28] Tamera: Ah it's still fresh.
[28] Tamera: So I can just put it in the cooling section.
[28] Tamera: Cooling section yeah.
[28] Saxon: Oh maybe you put the eggs on it?

[Step 2] Evaluating semantic answer...
Action: [Answer]
Content: In the lower fridge drawer.
FINAL ANSWER (from graph):
In the lower fridge drawer.
Question: What are wiped by the dishcloth?

[Step 1] Searching the graph...
Parse Query Output:
{
  "query_triple": ["dishcloth", "wipes", "?", 0.8, 0.25, 0.15],
  "spatial_constraint": null,
  "speaker_strict": null,
  "allocation": {
    "k_high_level": 3,
    "k_low_level": 42,
    "k_conversations": 5,
    "total_k": 50,
    "reasoning": "Action/object query focusing on what items are wiped by the dishcloth; prioritize low-level action/state edges. Minimal need for high-level traits or dialogue."
  }
}

Graph Search Results:
**High-Level Information (Character Attributes and Relationships): **

Character Attributes:
- robot is: black gloves (100), camera holder (100), no visible face (100)

**Low-Level Information (Actions and Events): **

[10] Saxon rests hand near cutting board. (kitchen)
[11] Saxon rests hand near cutting board. (kitchen)
[22] Tamera handles cutting board. (kitchen)
[22] Tamera lifts plastic bag. (kitchen)
[25] camera is over cutting board. (kitchen)
[27] robot looks at cutting board. (kitchen)
[27] cutting board has knife. (kitchen)
[27] cutting board has food scrap. (kitchen)
[44] Tamera repeats dish name. (kitchen)
[58] robot wipes stain mark. (kitchen)
[59] robot scans tissue box. (kitchen)
[60] robot wipes dirty table surface. (kitchen-living area)
[60] robot wipes white cloth. (kitchen-living area)
[60] robot continues wiping tabletop. (kitchen-living area)
[61] Tamera washes something at the sink. (kitchen)
[62] Tamera begins wiping countertop. (kitchen)
[62] Tamera wipes with cloth. (kitchen)
[62] Saxon stays by cutting board. (kitchen)
[63] Tamera holds cleaning cloth. (kitchen)
[64] Tamera picks up blue cleaning cloth. (kitchen)
[64] Tamera wipes window. (kitchen)
[65] Saxon holds cloth. (kitchen)
[65] Tamera hands stack of cloth. (kitchen)
[65] Saxon walks with cloth. (kitchen)
[66] robot wipes inside cupboard. (kitchen)
[66] robot wipes with blue cloth. (kitchen)
[66] robot places cloth. (kitchen)
[66] cloth is on counter. (kitchen)
[68] Saxon stands by cutting board. (kitchen)
[69] Saxon pulls out from trash bag. (kitchen)
[69] Saxon carries trash bag. (kitchen)
[70] sink area has metal scrubber. (kitchen)
[71] knife blade is scrubbed with scouring pad. (kitchen sink)
[71] robot rinses surface of cutting board. (kitchen sink)
[71] robot flips cutting board. (kitchen sink)
[71] robot rinses side cutting board. (kitchen sink)
[71] robot holds cutting board. (kitchen sink)
[71] robot sets down near cutting board. (kitchen sink)
[72] robot looks at cutting board. (kitchen and adjoining bathroom)
[72] robot slides to align on cutting board. (kitchen and adjoining bathroom)
[73] robot sweeps kitchen floor. (kitchen and living area)
[73] robot uses broom. (kitchen and living area)

**Conversations: **

Conversation 4: Tamera and Saxon coordinate cleaning a kitchen, addressing grease, dust, and odors. They ask a robot to clean floor scraps, wipe areas, dispose of expired ingredients, and tidy tableware into the dishwasher. They acknowledge the need to periodically manage an overstuffed cabinet to avoid waste and place discarded items by the door.
[60] Tamera: So let's just clean the table?
[61] Saxon: Yeah.
[61] Tamera: Oh.
[61] Saxon: Oh you can put it here?
[61] Saxon: Maybe?
[62] Tamera: The kitchen always gets greasy after being used for a long time.
[62] Saxon: Yeah maybe you can also wipe the refrigerator as it's greasy.
[62] Tamera: Yes okay I'll do it.
[62] Tamera: So fast.
[69] Tamera: Just put it at the door.
[70] Tamera: Is there anything else you wanna see?
[70] Tamera: Hi robot please tidy up the tableware on the table and put it in the dishwasher.

Conversation 3: Tamera and Saxon organized their kitchen, directing a robot to tidy bags, bottles, and manage items like yogurt, eggs, milk, and seasonings. They planned a weekly meal schedule (beef stew, stir-fried broccoli with steamed fish and rice, chicken pasta, clear soup hot pot, and salad with roasted chicken) and synced recipes to smart devices. They reviewed inventory, noted black pepper was low, and created a shopping list including milk, chicken breast, potatoes, black pepper, cumin, frozen tofu, fish balls, oranges, and apples. They decided to clean the kitchen further and considered buying onions and other items soon.
[26] Tamera: Hmm so what should we do for tonight?
[26] Tamera: Um maybe we should just clean the table.
[26] Saxon: Yeah maybe.
[26] Tamera: Uh hi robot please tidy up the empty bags so the place will be saved.

[Step 2] Evaluating semantic answer...
Action: [Answer]
Content: The robot wipes the inside of a cupboard and a white tabletop with the dishcloth.
FINAL ANSWER (from graph):
The robot wipes the inside of a cupboard and a white tabletop with the dishcloth.
Question: Where did the robot throw the expired ingredients?

[Step 1] Searching the graph...
Parse Query Output:
{
  "query_triple": ["<robot>", "throws", "expired ingredients", 0.95, 0.6, 0.6],
  "spatial_constraint": null,
  "speaker_strict": null,
  "allocation": {
    "k_high_level": 5,
    "k_low_level": 40,
    "k_conversations": 5,
    "total_k": 50,
    "reasoning": "Spatial/action query focused on a specific action by a known entity; prioritize low-level edges to find the throw event and its target location. Minimal high-level edges for robot attributes if needed; minimal conversations since dialogue is unlikely to specify the exact throw location."
  }
}

Graph Search Results:
**High-Level Information (Character Attributes and Relationships): **

Character Attributes:
- robot is: black gloves (100), camera holder (100)

Character Relationships:
- robot supports Tamera (80)
- robot supports Saxon (80)
- Tamera trusts robot (85)

**Low-Level Information (Actions and Events): **

[2] robot opens refrigerator door. (kitchen)
[4] robot takes spinach bag. (kitchen)
[4] robot opens refrigerator door. (kitchen)
[7] robot takes broccoli. (kitchen)
[7] robot opens refrigerator. (kitchen)
[7] robot holds broccoli. (kitchen)
[8] robot drops removed leaf. (kitchen)
[8] robot opens refrigerator door. (kitchen)
[8] robot puts onto bagged broccoli. (kitchen)
[9] robot opens refrigerator door. (kitchen)
[9] robot looks into empty refrigerator shelf. (kitchen)
[24] robot points at packaged fish on countertop. (kitchen)
[24] robot picks up with gloved hand packaged fish. (kitchen)
[24] robot places packaged fish. (kitchen)
[24] robot opens package. (kitchen)
[25] robot drops into plastic wrap. (kitchen)
[27] robot throws plastic bag. (kitchen)
[30] robot takes milk carton from <Saxon>. (kitchen)
[30] robot turns milk carton. (kitchen)
[30] robot opens refrigerator door. (kitchen)
[31] robot opens refrigerator door. (kitchen)
[31] robot reaches toward item on fridge shelf. (kitchen)
[33] robot brings seasoning bottle. (kitchen)
[34] robot picks up white-topped seasoning bottle. (kitchen)
[34] robot carries seasoning bottle. (kitchen)
[34] seasoning bottle is from robot. (kitchen)
[40] robot scans item on upper shelf inside cabinet. (kitchen)
[40] robot reports black pepper stock is low. (kitchen)
[56] robot opens jar. (kitchen)
[58] robot holds white plastic bag. (kitchen)
[60] robot looks at spice jar. (kitchen-living area)
[60] robot drops used tissue. (kitchen-living area)
[63] robot picks up bag of food. (kitchen)
[63] robot carries bag of food. (kitchen)
[63] robot drops bag of food. (kitchen)
[64] robot puts into wrapped food item. (kitchen)
[68] robot picks up bag of spice. (kitchen)
[68] robot carries bag of spice. (kitchen)
[68] robot drops expired item. (kitchen)
[71] robot holds cutting board. (kitchen sink)

**Conversations: **

Conversation 4: Tamera and Saxon coordinate cleaning a kitchen, addressing grease, dust, and odors. They ask a robot to clean floor scraps, wipe areas, dispose of expired ingredients, and tidy tableware into the dishwasher. They acknowledge the need to periodically manage an overstuffed cabinet to avoid waste and place discarded items by the door.
[65] Saxon: Oh maybe you can let the robot help us do this.
[65] Saxon: Oh hi robot please clean these things thank you.
[66] Saxon: Oh by the way, there are some expired ingredients in the cabinet that need to be carried out.
[66] Tamera: I'll throw this one.
[66] Tamera: And...
[67] Tamera: Uh-huh?
[67] Tamera: Oh yes these are out dates.
[67] Saxon: Yeah maybe hi robot please help us to throw away all the expired ingredients.
[68] Tamera: Already I can wash my hands.
[69] Tamera: Uh we're not going to touch the rubbish.

Conversation 3: Tamera and Saxon organized their kitchen, directing a robot to tidy bags, bottles, and manage items like yogurt, eggs, milk, and seasonings. They planned a weekly meal schedule (beef stew, stir-fried broccoli with steamed fish and rice, chicken pasta, clear soup hot pot, and salad with roasted chicken) and synced recipes to smart devices. They reviewed inventory, noted black pepper was low, and created a shopping list including milk, chicken breast, potatoes, black pepper, cumin, frozen tofu, fish balls, oranges, and apples. They decided to clean the kitchen further and considered buying onions and other items soon.
[26] Tamera: Um maybe we should just clean the table.
[26] Saxon: Yeah maybe.
[26] Tamera: Uh hi robot please tidy up the empty bags so the place will be saved.
[26] robot: Okay.
[26] Saxon: Yes.
[39] Saxon: Before?
[39] Tamera: So we can just ask robot for help.
[39] Tamera: Hi robot please help me scan the inventory to check which ingredients were still sufficient and which were running low.
[40] robot: Black pepper stock is low, it is recommended to replenish next time.
[40] Tamera: Hmm okay I got it.
[57] Saxon: Yeah it's so messy.
[57] Tamera: And this put here?
[57] Saxon: Hello robot please help put these bags into the recycling bin and also tidy up the bottles on the table.

[Step 2] Evaluating semantic answer...
Action: [Answer]
Content: By the door.
FINAL ANSWER (from graph):
By the door.
Question: What vegetables did Saxon and Tamera buy?

[Step 1] Searching the graph...
Parse Query Output:
{
  "query_triple": ["<Saxon>", "buys", "vegetables", 0.95, 0.35, 0.6],
  "spatial_constraint": null,
  "speaker_strict": null,
  "allocation": {
    "k_high_level": 5,
    "k_low_level": 38,
    "k_conversations": 7,
    "total_k": 50,
    "reasoning": "Action query focused on purchases; prioritize low-level edges for specific buy actions and items. Minimal high-level edges for any relevant traits/relations, small conversations allocation for incidental mentions."
  }
}

Graph Search Results:
**High-Level Information (Character Attributes and Relationships): **

Character Relationships:
- Saxon directs robot (80)
- robot supports Saxon (80)
- Saxon relies on robot (80)
- Tamera collaborates with Saxon (90)
- Saxon collaborates with Tamera (90)

**Low-Level Information (Actions and Events): **

[2] Saxon lifts bundle of leafy green. (kitchen)
[2] Saxon sorts produce. (kitchen)
[4] Saxon lifts bag of spinach. (kitchen)
[4] Saxon suggests putting away carrot. (kitchen)
[5] Saxon sorts grocery. (kitchen)
[7] Saxon pulls out smaller bag containing broccoli. (kitchen)
[7] Saxon holds broccoli bag. (kitchen)
[7] Saxon holds broccoli. (kitchen)
[7] Saxon hands broccoli. (kitchen)
[11] Saxon waits near grocery. (kitchen)
[12] Saxon has grocery. (kitchen)
[13] Saxon shifts food bag. (kitchen)
[13] Saxon begins cutting food. (kitchen)
[13] Saxon keeps preparing food. (kitchen)
[14] Saxon slices meat. (kitchen)
[14] Saxon cuts meat. (kitchen)
[15] Saxon handles raw meat. (kitchen)
[15] Saxon transfers meat piece. (kitchen)
[15] Saxon continues bagging meat. (kitchen)
[15] Saxon places meat. (kitchen)
[16] Saxon handles food item. (kitchen)
[16] Saxon preps food. (kitchen)
[16] Saxon arranges food. (kitchen)
[16] Saxon prepares ingredient. (kitchen)
[19] Saxon picks up bagged food. (kitchen)
[20] Saxon declines shrimp. (kitchen)
[22] Saxon looks at ingredient. (kitchen)
[23] Saxon examines packaged food. (kitchen)
[29] Saxon looks at groceries bag. (kitchen)
[33] Saxon carries grocery. (kitchen)
[33] Saxon opens food package. (kitchen)
[33] Saxon checks food package. (kitchen)
[34] Saxon opens green seasoning packet. (kitchen)
[35] Saxon lifts green bag. (kitchen island)
[43] Saxon suggests meal idea. (kitchen)
[45] Saxon proposes meal idea. (kitchen)
[53] Saxon writes spice. (kitchen)
[68] Saxon stands by cutting board. (kitchen)

**Conversations: **

Conversation 1: Tamera and Saxon unpack groceries with help from a robot that opens the fridge and puts items away. They sort produce, check freshness, and decide storage locations to avoid cross-flavors, placing spinach, carrots, and broccoli appropriately. The tone emphasizes not rushing and being organized while cleaning up vegetable scraps.
[6] Tamera: I'll tackle this.
[6] Tamera: So where should I put it? I'll check.
[6] Tamera: The carrots.
[6] Saxon: The carrots maybe in the refrigerator.
[6] Tamera: Ah the fruit section okay I'll put in the fruit section.

Conversation 3: Tamera and Saxon organized their kitchen, directing a robot to tidy bags, bottles, and manage items like yogurt, eggs, milk, and seasonings. They planned a weekly meal schedule (beef stew, stir-fried broccoli with steamed fish and rice, chicken pasta, clear soup hot pot, and salad with roasted chicken) and synced recipes to smart devices. They reviewed inventory, noted black pepper was low, and created a shopping list including milk, chicken breast, potatoes, black pepper, cumin, frozen tofu, fish balls, oranges, and apples. They decided to clean the kitchen further and considered buying onions and other items soon.
[43] Tamera: I'll just take the leaf stew.
[43] Saxon: Yeah write it down.
[44] Tamera: With potatoes and carrots.
[44] Tamera: Okay finished.
[44] Saxon: Okay let me see hmm and maybe stir fried broccoli on Tuesday.
[44] Tamera: Wow oh it's so hard.
[44] Tamera: Stir fried broccoli.
[45] Tamera: Compute calories stir fried broccoli.
[45] Saxon: Yeah with steamed fish and rice.
[49] Tamera: So I'll check it.
[49] Tamera: Oh uh wait.
[49] Tamera: Do we forgot to buy some onions?
[50] Saxon: Oh sure maybe you can buy it next time?
[50] Tamera: Yes you can check it.
[52] Saxon: Double milk.
[53] Saxon: Chicken breast.
[53] Saxon: And potatoes.
[53] Tamera: Uh...
[53] Tamera: Oh we still need to buy some black pepper.

Conversation 2: Saxon and Tamera discuss packing various meats and seafood, deciding to separate items into storage bags and refrigerate or freeze them. They organize chicken into different portions, consider shrimp for later, and plan to handle fish next. Saxon suggests using a robot to place seafood in the sink and add water. Overall, they coordinate kitchen storage and preparation tasks.
[9] Saxon: And I remember we bought some meats.
[9] Tamera: Yeah I remember it was chicken.
[9] Tamera: Uh beef.
[20] Tamera: And the shrimp.
[20] Tamera: You should tackle this first.
[20] Tamera: Oh Saxon do you want to have some shrimp tonight?
[20] Saxon: Oh no I have had a lot of shrimp recently and I didn't want to eat shrimp for the next day or two.
[21] Tamera: Also we just first put it in the frozen?

[Step 2] Evaluating semantic answer...
Action: [Answer]
Content: Spinach, carrots, and broccoli.
FINAL ANSWER (from graph):
Spinach, carrots, and broccoli.
Question: What is in the cabinet?

[Step 1] Searching the graph...
Parse Query Output:
{
  "query_triple": ["cabinet", "contains", "?", 0.6, 0.3, 0.15],
  "spatial_constraint": "cabinet",
  "speaker_strict": null,
  "allocation": {
    "k_high_level": 3,
    "k_low_level": 42,
    "k_conversations": 5,
    "total_k": 50,
    "reasoning": "Spatial/content query about a location; prioritize low-level edges for containment/location relations. Minimal need for high-level edges or conversations."
  }
}

Graph Search Results:
**High-Level Information (Character Attributes and Relationships): **

Character Attributes:
- robot is: camera holder (100)

Character Relationships:
- robot supports Tamera (80)
- robot supports Saxon (80)

**Low-Level Information (Actions and Events): **

[8] shelf is in refrigerator. (kitchen)
[11] Tamera looks toward cabinet. (kitchen)
[11] Tamera walks toward cabinet. (kitchen)
[11] Tamera walks toward side cabinet. (kitchen)
[11] Tamera examines closely red cabinet door. (kitchen)
[12] Tamera opens red cabinet door. (kitchen)
[12] red cabinet door is in kitchen. (kitchen)
[12] roll of plastic wrap is from cabinet. (kitchen)
[25] cutting board is in kitchen. (kitchen)
[32] Tamera points toward cabinet. (kitchen)
[32] Tamera opens cabinet door. (kitchen)
[32] Saxon steps closer to cabinet. (kitchen)
[32] Tamera looks inside cabinet. (kitchen)
[34] robot walks toward red cabinet. (kitchen)
[34] robot opens red cabinet door. (kitchen)
[34] robot searches inside cabinet. (kitchen)
[38] Tamera reaches toward cabinet. (kitchen)
[38] Tamera holds up to cabinet shelf. (kitchen)
[40] robot opens cabinet door. (kitchen)
[40] robot closes cabinet. (kitchen)
[40] robot moves away from cabinet. (kitchen)
[57] Tamera moves toward cabinet. (kitchen)
[57] Tamera opens red cabinet door. (kitchen)
[57] Tamera searches inside open cabinet. (kitchen)
[57] Tamera takes from cabinet. (kitchen)
[57] Tamera closes cabinet. (kitchen)
[58] robot opens with one hand overhead cabinet. (kitchen)
[58] white plastic bag is inside overhead cabinet. (kitchen)
[59] robot opens cupboard. (kitchen)
[66] robot wipes inside cupboard. (kitchen)
[66] Tamera looks toward tall cabinet. (kitchen)
[66] Tamera opens cabinet door. (kitchen)
[66] Tamera checks item inside cabinet. (kitchen)
[66] Tamera decides to discard item from cabinet. (kitchen)
[66] Tamera examines item in cabinet. (kitchen)
[67] packaged item is out of cabinet. (kitchen)
[67] Saxon turns to watch cabinet. (kitchen)
[67] Tamera returns to cabinet. (kitchen)
[67] Tamera keeps sorting in cabinet. (kitchen)
[67] Tamera closes slightly cabinet door. (kitchen)
[68] robot moves toward cupboard. (kitchen)
[68] robot opens cupboard door. (kitchen)

**Conversations: **

Conversation 2: Saxon and Tamera discuss packing various meats and seafood, deciding to separate items into storage bags and refrigerate or freeze them. They organize chicken into different portions, consider shrimp for later, and plan to handle fish next. Saxon suggests using a robot to place seafood in the sink and add water. Overall, they coordinate kitchen storage and preparation tasks.
[11] Saxon: Me...
[11] Saxon: Oh maybe um you can check the cabinet the kitchen utensils and some necessary items are all placed in the cabinet.
[11] Tamera: Okay the cabinet.
[11] Tamera: The cabinet I need to check it.
[11] Tamera: Wow robot.
[11] Tamera: The storage bag.

Conversation 3: Tamera and Saxon organized their kitchen, directing a robot to tidy bags, bottles, and manage items like yogurt, eggs, milk, and seasonings. They planned a weekly meal schedule (beef stew, stir-fried broccoli with steamed fish and rice, chicken pasta, clear soup hot pot, and salad with roasted chicken) and synced recipes to smart devices. They reviewed inventory, noted black pepper was low, and created a shopping list including milk, chicken breast, potatoes, black pepper, cumin, frozen tofu, fish balls, oranges, and apples. They decided to clean the kitchen further and considered buying onions and other items soon.
[31] Saxon: Yeah maybe you could...
[31] Tamera: I'll put it in the...
[31] Tamera: Oh actually in the cabinet.
[32] Saxon: Oh yeah yeah.
[32] Tamera: Then I should put it here.
[32] Tamera: The cabinet, here.
[32] Saxon: Uh maybe I need a...
[32] Tamera: Seasoning bottle?

Conversation 4: Tamera and Saxon coordinate cleaning a kitchen, addressing grease, dust, and odors. They ask a robot to clean floor scraps, wipe areas, dispose of expired ingredients, and tidy tableware into the dishwasher. They acknowledge the need to periodically manage an overstuffed cabinet to avoid waste and place discarded items by the door.
[66] Tamera: I'll throw this one.
[66] Tamera: And...
[67] Tamera: The cabinet is all stuffed it seems that it need to be dealt with periodically.
[67] Tamera: I'll throw it.
[67] Saxon: Um otherwise many things would expire, and we wouldn't eat them, which is very wasteful.

[Step 2] Evaluating semantic answer...
Action: [Answer]
Content: A roll of plastic wrap and a white plastic bag are in the cabinet.
FINAL ANSWER (from graph):
A roll of plastic wrap and a white plastic bag are in the cabinet.
Question: Do Saxon and Tamera both care about tidiness?

[Step 1] Searching the graph...
Parse Query Output:
{
  "query_triple": ["<Saxon>", "cares about", "tidiness", 0.95, 0.3, 0.6],
  "spatial_constraint": null,
  "speaker_strict": null,
  "allocation": {
    "k_high_level": 9,
    "k_low_level": 6,
    "k_conversations": 35,
    "total_k": 50,
    "reasoning": "Trait/attitude query about two characters. Use high-level edges for character attributes (care about tidiness) and conversations for evidence of attitudes. Include some low-level edges in case there are specific tidy-related actions (cleaning, organizing) that demonstrate care."
  }
}

Graph Search Results:
**High-Level Information (Character Attributes and Relationships): **

Character Attributes:
- Saxon is: female (100), tall (100)

Character Relationships:
- Tamera collaborates with Saxon (90)
- Saxon collaborates with Tamera (90)
- Saxon relies on robot (80)
- Saxon directs tasks to robot (85)
- robot supports Saxon (80)
- Saxon directs robot (80)
- Saxon supports Tamera (80)

**Low-Level Information (Actions and Events): **

[35] Saxon looks at item. (kitchen island)
[52] Saxon takes small item. (kitchen counter)
[61] Saxon considers placement. (kitchen)
[65] Saxon gestures to dirty table surface. (kitchen)
[69] Saxon carries trash bag. (kitchen)
[70] Saxon holds small item. (kitchen)

**Conversations: **

Conversation 3: Tamera and Saxon organized their kitchen, directing a robot to tidy bags, bottles, and manage items like yogurt, eggs, milk, and seasonings. They planned a weekly meal schedule (beef stew, stir-fried broccoli with steamed fish and rice, chicken pasta, clear soup hot pot, and salad with roasted chicken) and synced recipes to smart devices. They reviewed inventory, noted black pepper was low, and created a shopping list including milk, chicken breast, potatoes, black pepper, cumin, frozen tofu, fish balls, oranges, and apples. They decided to clean the kitchen further and considered buying onions and other items soon.
[26] Tamera: Hmm so what should we do for tonight?
[26] Tamera: Um maybe we should just clean the table.
[26] Saxon: Yeah maybe.
[26] Tamera: Uh hi robot please tidy up the empty bags so the place will be saved.
[26] robot: Okay.
[26] Saxon: Yes.
[26] Tamera: Just to tidy it up.
[27] Tamera: Oh thank you robot.
[27] Saxon: Oh Tamera.
[27] Saxon: I think I will... uh could you put this yogurt?
[27] Tamera: In the refrigerator?
[31] Saxon: Maybe we can organise dry goods and seasonings?
[31] Tamera: Oh.
[31] Tamera: Hmm...
[31] Tamera: So I just see there was a spaghetti.
[31] Saxon: Yeah maybe you could...
[36] Tamera: I really didn't uh go into kitchen frequently.
[36] Saxon: Okay.
[36] Tamera: Thank you Saxon.
[36] Saxon: Never mind.
[36] Tamera: Wow.
[37] Saxon: So we have to put these in the...
[38] Saxon: In the...
[38] Tamera: The spice rack?
[38] Tamera: I'll put it.
[38] Tamera: Yes yes yes.
[38] Tamera: Ah should I put it here?
[38] Tamera: I forgot.
[47] Tamera: It's a clear...
[47] Tamera: A clear soup hot pot.
[47] Tamera: Do you like it?
[47] Saxon: Yeah I like it.
[47] Tamera: I'll just make it with vegetables and tofu.
[48] Tamera: Okay salad with roasted chicken.
[48] Saxon: So you finished?
[48] Tamera: Yes.
[48] Saxon: Yeah and hey robot please sync the recipe to smart devices so we can check it anytime.
[49] Tamera: Okay you'll wait for it.
[53] Tamera: Cumin powder.
[53] Saxon: Cumin powder.
[54] Tamera: Uh-huh.
[54] Tamera: If we are having hot pot next week need to buy some frozen tofu and fish balls.
[54] Saxon: Frozen tofu, fish balls.
[55] Saxon: Uh-huh?
[55] Saxon: Oh hi robot, please put the pen back into its original place thank you.
[56] Saxon: Hey Tamera let's tidy up these areas as well, the kitchen needs some cleaning.
[56] Tamera: Hmm good idea.
[56] Tamera: After organizing the ingredients the kitchen looks very messy.
[57] Saxon: Yeah it's so messy.
[57] Tamera: And this put here?
[57] Saxon: Hello robot please help put these bags into the recycling bin and also tidy up the bottles on the table.

Conversation 5: Tamera and Saxon plan to take out the rubbish, check the supermarket closing time, and leave to shop. They receive a reminder from their robot assistant to buy onions and decide to include onions in their shopping. The robot is tasked with cleaning the kitchen floor while they go out.
[72] Tamera: Uh Saxon how about we throw the rubbish now?
[72] Saxon: Yeah we can also check when the supermarket close.
[72] Tamera: Yes.
[72] Tamera: So...we just leave?
[72] Saxon: Yeah. Hi robot please start cleaning the kitchen floor.

Conversation 1: Tamera and Saxon unpack groceries with help from a robot that opens the fridge and puts items away. They sort produce, check freshness, and decide storage locations to avoid cross-flavors, placing spinach, carrots, and broccoli appropriately. The tone emphasizes not rushing and being organized while cleaning up vegetable scraps.
[2] robot: Okay.
[2] Tamera: Okay it is well prepared.
[2] Tamera: This and that one?
[2] Saxon: Oh maybe.
[3] Saxon: Hey Tamera, please put this on the refrigerator.
[3] Tamera: Okay I'll check it.
[3] Tamera: Oh it's fresh and there's no damage or yellow leaves.
[3] Tamera: Hmm the rubbish bin okay.
[4] Saxon: The next, hi robot please put this spinach.
[4] Saxon: Put it away properly thank you.
[4] Saxon: Okay and then maybe we should put the carrots.
[5] Tamera: Okay.
[5] Saxon: Here you are.
[5] Tamera: I'll remove the top of them.
[5] Tamera: Yeah there's a rubbish bin.
[5] Tamera: Oh.
[5] Tamera: It's hard hahaha.

Conversation 2: Saxon and Tamera discuss packing various meats and seafood, deciding to separate items into storage bags and refrigerate or freeze them. They organize chicken into different portions, consider shrimp for later, and plan to handle fish next. Saxon suggests using a robot to place seafood in the sink and add water. Overall, they coordinate kitchen storage and preparation tasks.
[10] Tamera: Yes oh I want to divide them.
[10] Saxon: Uh-huh.
[10] Tamera: Do you remember?
[10] Saxon: Oh I didn't remember maybe I can...
[10] Tamera: Oh I remember you you noted it in your phone.
[11] Tamera: The storage bag.
[12] Tamera: Here okay.
[12] Tamera: Do we need something else?
[12] Tamera: Hmm I don't know just... I'll check it later.
[12] Saxon: No I think we should just put them into the separate storage bags.
[12] Tamera: Yes.
[12] Saxon: So...only three.
[12] Tamera: Only three, one...
[15] Tamera: It is crazy.
[16] Tamera: Well I'll divide the chicken thigh and the kitchen breast.
[16] Tamera: Oh clean the rubbish.
[17] Tamera: Okay, you finished?
[17] Saxon: Yeah I finished.
[20] Tamera: And the shrimp.
[20] Tamera: You should tackle this first.
[20] Tamera: Oh Saxon do you want to have some shrimp tonight?
[20] Saxon: Oh no I have had a lot of shrimp recently and I didn't want to eat shrimp for the next day or two.
[21] Tamera: Also we just first put it in the frozen?
[22] Tamera: Oh my hand is sore.
[23] Tamera: So hmm...
[23] Tamera: Are you finished?
[23] Tamera: The fish?
[23] Saxon: Hmm the fish.

Conversation 4: Tamera and Saxon coordinate cleaning a kitchen, addressing grease, dust, and odors. They ask a robot to clean floor scraps, wipe areas, dispose of expired ingredients, and tidy tableware into the dishwasher. They acknowledge the need to periodically manage an overstuffed cabinet to avoid waste and place discarded items by the door.
[60] Tamera: So let's just clean the table?
[61] Saxon: Yeah.
[61] Tamera: Oh.
[61] Saxon: It's so clean.
[61] Tamera: I should take that...
[61] Tamera: I think yes.
[61] Tamera: Well there's no room.
[61] Saxon: Oh you can put it here?
[61] Saxon: Maybe?
[62] Tamera: The kitchen always gets greasy after being used for a long time.
[62] Saxon: Yeah maybe you can also wipe the refrigerator as it's greasy.
[62] Tamera: Yes okay I'll do it.
[62] Tamera: So fast.
[62] Saxon: It smells not really good.
[62] Tamera: Yes.
[63] Saxon: Oh hi robot please clean the small food scraps on the floor.
[63] robot: Okay.
[64] Tamera: Okay I'll clean the window.
[64] Tamera: And there, there is so much dust.
[64] Saxon: Uh-huh.
[66] Tamera: I'll throw this one.
[66] Tamera: And...
[67] Tamera: The cabinet is all stuffed it seems that it need to be dealt with periodically.
[67] Tamera: I'll throw it.
[67] Saxon: Um otherwise many things would expire, and we wouldn't eat them, which is very wasteful.
[67] Tamera: Uh-huh?
[67] Tamera: Oh yes these are out dates.
[67] Saxon: Yeah maybe hi robot please help us to throw away all the expired ingredients.
[69] Tamera: Uh we're not going to touch the rubbish.
[69] Saxon: Okay.
[69] Tamera: Thank you Saxon.
[69] Saxon: There are a lot of things.
[69] Tamera: Just put it at the door.

[Step 2] Evaluating semantic answer...
Action: [Answer]
Content: Yes, both Saxon and Tamera care about tidiness.
FINAL ANSWER (from graph):
Yes, both Saxon and Tamera care about tidiness.
Question: In which section of the silver fridge did the robot put the broccoli?

[Step 1] Searching the graph...
Parse Query Output:
{
  "query_triple": ["<robot>", "puts", "broccoli#silver_fridge_section", 0.95, 0.3, 0.8],
  "spatial_constraint": "kitchen/fridge#silver",
  "speaker_strict": null,
  "allocation": {
    "k_high_level": 5,
    "k_low_level": 40,
    "k_conversations": 5,
    "total_k": 50,
    "reasoning": "Action with spatial detail; prioritize low-level edges to find exact fridge section where broccoli was placed. Minimal high-level and conversations."
  }
}

Graph Search Results:
**High-Level Information (Character Attributes and Relationships): **

Character Attributes:
- robot is: black gloves (100)

Character Relationships:
- robot supports Saxon (80)
- Saxon directs tasks to robot (85)
- robot supports Tamera (80)
- Tamera trusts robot (85)

**Low-Level Information (Actions and Events): **

[2] robot walks to red refrigerator. (kitchen)
[2] robot opens refrigerator door. (kitchen)
[4] robot puts away spinach. (kitchen)
[4] robot takes spinach bag. (kitchen)
[4] robot walks to refrigerator. (kitchen)
[4] robot opens refrigerator door. (kitchen)
[4] robot places into lower drawer. (kitchen)
[4] robot steps back from refrigerator. (kitchen)
[7] robot takes broccoli. (kitchen)
[7] robot moves toward refrigerator door. (kitchen)
[7] robot opens refrigerator. (kitchen)
[7] robot holds broccoli. (kitchen)
[7] robot places broccoli. (kitchen)
[8] robot holds over head of broccoli. (kitchen)
[8] robot peels broccoli. (kitchen)
[8] robot removes small leaf from broccoli. (kitchen)
[8] robot inspects broccoli floret. (kitchen)
[8] robot cleans broccoli floret. (kitchen)
[8] robot places cleaned broccoli. (kitchen)
[8] robot carries across bagged broccoli. (kitchen)
[8] robot opens refrigerator door. (kitchen)
[8] robot puts onto bagged broccoli. (kitchen)
[9] robot opens refrigerator door. (kitchen)
[9] robot looks into empty refrigerator shelf. (kitchen)
[24] robot uses kitchen knife. (kitchen)
[25] robot places into tray. (kitchen)
[27] robot enters kitchen. (kitchen)
[30] robot takes milk carton from <Saxon>. (kitchen)
[30] robot turns milk carton. (kitchen)
[30] robot reads different side of milk carton. (kitchen)
[30] robot walks to red refrigerator. (kitchen)
[30] robot opens refrigerator door. (kitchen)
[30] robot places milk carton. (kitchen)
[31] robot opens refrigerator door. (kitchen)
[31] robot reaches toward item on fridge shelf. (kitchen)
[31] robot closes refrigerator door. (kitchen)
[59] robot opens cupboard. (kitchen)
[63] robot reaches into refrigerator compartment. (kitchen)
[63] robot drops bag of food. (kitchen)
[64] robot puts into wrapped food item. (kitchen)

**Conversations: **

Conversation 1: Tamera and Saxon unpack groceries with help from a robot that opens the fridge and puts items away. They sort produce, check freshness, and decide storage locations to avoid cross-flavors, placing spinach, carrots, and broccoli appropriately. The tone emphasizes not rushing and being organized while cleaning up vegetable scraps.
[1] Tamera: So just take your time.
[1] Saxon: Okay.
[1] Saxon: Hmm hi, hi robot please open the refrigerator door so we can put this in.
[2] robot: Okay.
[2] Tamera: Okay it is well prepared.
[3] Tamera: There are so many pieces of vegetables, I'll throw it away.
[3] Tamera: Hmm the rubbish bin okay.
[4] Saxon: The next, hi robot please put this spinach.
[4] Saxon: Put it away properly thank you.
[4] Saxon: Okay and then maybe we should put the carrots.
[6] Tamera: So where should I put it? I'll check.
[6] Tamera: The carrots.
[6] Saxon: The carrots maybe in the refrigerator.
[6] Tamera: Ah the fruit section okay I'll put in the fruit section.
[6] Tamera: So we won't make some cross flavor.
[7] Saxon: Yes.
[7] Saxon: And then...
[7] Saxon: Oh hi robot please put the broccoli put it properly thank you.

Conversation 3: Tamera and Saxon organized their kitchen, directing a robot to tidy bags, bottles, and manage items like yogurt, eggs, milk, and seasonings. They planned a weekly meal schedule (beef stew, stir-fried broccoli with steamed fish and rice, chicken pasta, clear soup hot pot, and salad with roasted chicken) and synced recipes to smart devices. They reviewed inventory, noted black pepper was low, and created a shopping list including milk, chicken breast, potatoes, black pepper, cumin, frozen tofu, fish balls, oranges, and apples. They decided to clean the kitchen further and considered buying onions and other items soon.
[27] Saxon: Oh Tamera.
[27] Saxon: I think I will... uh could you put this yogurt?
[27] Tamera: In the refrigerator?
[27] Saxon: Oh yeah.
[27] Tamera: So I'll check the date.

[Step 2] Evaluating semantic answer...
Action: [Answer]
Content: In the fruit section of the fridge.
FINAL ANSWER (from graph):
In the fruit section of the fridge.
Question: What kind of seafood will be in the dinner?

[Step 1] Searching the graph...
Parse Query Output:
{
  "query_triple": [null, "seafood in dinner", "?", 0.1, 0.3, 0.2],
  "spatial_constraint": "dinner",
  "speaker_strict": null,
  "allocation": {
    "k_high_level": 4,
    "k_low_level": 38,
    "k_conversations": 8,
    "total_k": 50,
    "reasoning": "Object/content query about items in a meal; emphasize low-level edges to find specific seafood types present or prepared for dinner, with minimal high-level and some conversations for mentions."
  }
}

Graph Search Results:
**High-Level Information (Character Attributes and Relationships): **

Character Attributes:
- Tamera is: female (100)
- robot is: camera holder (100), black gloves (100), no visible face (100)

**Low-Level Information (Actions and Events): **

[3] Tamera takes green vegetable. (kitchen)
[3] Tamera examines closely green vegetable. (kitchen)
[3] Tamera decides where to store green vegetable. (kitchen)
[3] Tamera places inside green vegetable. (kitchen)
[3] green vegetable is in fridge drawer. (kitchen)
[13] Saxon begins cutting food. (kitchen)
[13] Saxon keeps preparing food. (kitchen)
[16] Saxon handles food item. (kitchen)
[16] Saxon preps food. (kitchen)
[16] Saxon arranges food. (kitchen)
[17] Tamera resumes placing food piece. (kitchen)
[17] food piece is into tray. (kitchen)
[18] Tamera prepares food. (kitchen)
[18] plastic bag is over chicken. (kitchen)
[20] Tamera lifts bag of shrimp. (kitchen)
[20] Saxon declines shrimp. (kitchen)
[20] Tamera sets shrimp. (kitchen)
[21] Tamera prepares food item. (kitchen)
[21] Tamera works with food. (kitchen)
[24] robot points at packaged fish on countertop. (kitchen)
[24] robot picks up with gloved hand packaged fish. (kitchen)
[24] robot places packaged fish. (kitchen)
[24] packaged fish is on cutting board. (kitchen)
[25] plastic is from packaged fish. (kitchen)
[25] packaged fish is beside knife. (kitchen)
[25] tray holds fish. (kitchen)
[25] robot rinses under fish. (kitchen)
[25] fish is under running water. (kitchen)
[25] robot continues rinsing fish. (kitchen)
[25] water flows over fish. (kitchen)
[26] robot pans toward dining area. (kitchen and dining area)
[42] Tamera comments about last week’s meal. (kitchen)
[43] Saxon suggests meal idea. (kitchen)
[44] Tamera repeats dish name. (kitchen)
[45] Saxon proposes meal idea. (kitchen)
[47] Tamera proposes eating something light on Thursday. (kitchen)
[47] Tamera describes clear soup hot pot. (kitchen)
[47] Tamera writes down clear soup hot pot. (kitchen)

**Conversations: **

Conversation 2: Saxon and Tamera discuss packing various meats and seafood, deciding to separate items into storage bags and refrigerate or freeze them. They organize chicken into different portions, consider shrimp for later, and plan to handle fish next. Saxon suggests using a robot to place seafood in the sink and add water. Overall, they coordinate kitchen storage and preparation tasks.
[20] Saxon: Let me check.
[20] Tamera: The fish.
[20] Tamera: And the shrimp.
[20] Tamera: You should tackle this first.
[20] Tamera: Oh Saxon do you want to have some shrimp tonight?
[20] Saxon: Oh no I have had a lot of shrimp recently and I didn't want to eat shrimp for the next day or two.
[21] Tamera: Also we just first put it in the frozen?
[21] Tamera: Frozen with it?
[23] Tamera: So hmm...
[23] Tamera: Are you finished?
[23] Tamera: The fish?
[23] Saxon: Hmm the fish.
[23] Saxon: So maybe...
[23] Tamera: May I say it for robot?
[23] Saxon: Yeah maybe.
[23] Saxon: Uh hi robot please put the seafood for tonight into the sink and pour some water?
[24] robot: Okay.

Conversation 3: Tamera and Saxon organized their kitchen, directing a robot to tidy bags, bottles, and manage items like yogurt, eggs, milk, and seasonings. They planned a weekly meal schedule (beef stew, stir-fried broccoli with steamed fish and rice, chicken pasta, clear soup hot pot, and salad with roasted chicken) and synced recipes to smart devices. They reviewed inventory, noted black pepper was low, and created a shopping list including milk, chicken breast, potatoes, black pepper, cumin, frozen tofu, fish balls, oranges, and apples. They decided to clean the kitchen further and considered buying onions and other items soon.
[44] Tamera: Stir fried broccoli.
[45] Tamera: Compute calories stir fried broccoli.
[45] Saxon: Yeah with steamed fish and rice.
[45] Tamera: Steamed fish and rice.
[45] Saxon: Hmm and maybe uh we can make chicken pasta with creamy mushroom sauce on Wednesday.
[46] Tamera: Wow wouldn't the calories be too high this way?
[54] Tamera: Uh-huh.
[54] Tamera: If we are having hot pot next week need to buy some frozen tofu and fish balls.
[54] Saxon: Frozen tofu, fish balls.
[54] Tamera: Uh maybe we should have some fruits.
[54] Tamera: Maybe I think oranges and apples are fine.

[Step 2] Evaluating semantic answer...
Action: [Answer]
Content: Fish will be used for dinner.
FINAL ANSWER (from graph):
Fish will be used for dinner.
Question: Where does the robot put the milk?

[Step 1] Searching the graph...
Parse Query Output:
{
  "query_triple": ["<robot>", "puts", "milk", 0.9, 0.6, 0.8],
  "spatial_constraint": null,
  "speaker_strict": null,
  "allocation": {
    "k_high_level": 5,
    "k_low_level": 40,
    "k_conversations": 5,
    "total_k": 50,
    "reasoning": "Action-focused spatial query about where an object is placed; prioritize low-level edges capturing actions and resulting locations, minimal high-level and conversation usage."
  }
}

Graph Search Results:
**High-Level Information (Character Attributes and Relationships): **

Character Relationships:
- robot supports Tamera (80)
- robot supports Saxon (80)
- Tamera trusts robot (85)
- Tamera utilizes assistance from robot (85)
- Saxon directs tasks to robot (85)

**Low-Level Information (Actions and Events): **

[2] robot opens refrigerator door. (kitchen)
[4] robot puts away spinach. (kitchen)
[4] robot takes spinach bag. (kitchen)
[4] robot opens refrigerator door. (kitchen)
[7] robot takes broccoli. (kitchen)
[7] robot opens refrigerator. (kitchen)
[7] robot holds broccoli. (kitchen)
[7] robot places broccoli. (kitchen)
[8] robot peels broccoli. (kitchen)
[8] robot places cleaned broccoli. (kitchen)
[8] robot opens refrigerator door. (kitchen)
[8] robot puts onto bagged broccoli. (kitchen)
[9] robot opens refrigerator door. (kitchen)
[24] robot places packaged fish. (kitchen)
[24] robot cuts along plastic. (kitchen)
[25] robot unwraps plastic. (kitchen)
[25] robot places into tray. (kitchen)
[27] robot enters kitchen. (kitchen)
[27] robot throws plastic bag. (kitchen)
[30] robot takes milk carton from <Saxon>. (kitchen)
[30] robot inspects closely milk carton. (kitchen)
[30] robot turns milk carton. (kitchen)
[30] robot reads different side of milk carton. (kitchen)
[30] robot opens refrigerator door. (kitchen)
[30] robot places milk carton. (kitchen)
[30] robot pushes to back of shelf milk carton. (kitchen)
[31] robot opens refrigerator door. (kitchen)
[33] robot looks for bottle. (kitchen)
[55] robot places pen. (kitchen)
[56] robot places pen. (kitchen)
[56] robot puts into pen. (kitchen)
[58] robot holds white plastic bag. (kitchen)
[59] robot picks up bottle. (kitchen)
[59] robot carries bottle. (kitchen)
[59] robot places bottle. (kitchen)
[63] robot drops bag of food. (kitchen)
[64] robot puts into wrapped food item. (kitchen)
[66] robot places cloth. (kitchen)
[73] robot uses broom. (kitchen and living area)
[73] robot moves dust. (kitchen and living area)

**Conversations: **

Conversation 3: Tamera and Saxon organized their kitchen, directing a robot to tidy bags, bottles, and manage items like yogurt, eggs, milk, and seasonings. They planned a weekly meal schedule (beef stew, stir-fried broccoli with steamed fish and rice, chicken pasta, clear soup hot pot, and salad with roasted chicken) and synced recipes to smart devices. They reviewed inventory, noted black pepper was low, and created a shopping list including milk, chicken breast, potatoes, black pepper, cumin, frozen tofu, fish balls, oranges, and apples. They decided to clean the kitchen further and considered buying onions and other items soon.
[29] Tamera: Cooling section yes here.
[30] Saxon: Hmm and then we have the milk uh we need...
[30] Saxon: Hi robot please put the milk.
[30] Saxon: Thank you.
[31] Saxon: Maybe we can organise dry goods and seasonings?
[55] Tamera: Have a rest.
[55] Saxon: Uh-huh?
[55] Saxon: Oh hi robot, please put the pen back into its original place thank you.
[56] Saxon: Hey Tamera let's tidy up these areas as well, the kitchen needs some cleaning.
[56] Tamera: Hmm good idea.
[57] Saxon: Yeah it's so messy.
[57] Tamera: And this put here?
[57] Saxon: Hello robot please help put these bags into the recycling bin and also tidy up the bottles on the table.

Conversation 1: Tamera and Saxon unpack groceries with help from a robot that opens the fridge and puts items away. They sort produce, check freshness, and decide storage locations to avoid cross-flavors, placing spinach, carrots, and broccoli appropriately. The tone emphasizes not rushing and being organized while cleaning up vegetable scraps.
[1] Tamera: So just take your time.
[1] Saxon: Okay.
[1] Saxon: Hmm hi, hi robot please open the refrigerator door so we can put this in.
[2] robot: Okay.
[2] Tamera: Okay it is well prepared.

Conversation 4: Tamera and Saxon coordinate cleaning a kitchen, addressing grease, dust, and odors. They ask a robot to clean floor scraps, wipe areas, dispose of expired ingredients, and tidy tableware into the dishwasher. They acknowledge the need to periodically manage an overstuffed cabinet to avoid waste and place discarded items by the door.
[69] Tamera: Just put it at the door.
[70] Tamera: Is there anything else you wanna see?
[70] Tamera: Hi robot please tidy up the tableware on the table and put it in the dishwasher.

[Step 2] Evaluating semantic answer...
Action: [Answer]
Content: In the refrigerator, pushed to the back of a shelf.
FINAL ANSWER (from graph):
In the refrigerator, pushed to the back of a shelf.
Question: Where does the robot get the seasoning bottle from?

[Step 1] Searching the graph...
Parse Query Output:
{
  "query_triple": ["<robot>", "gets", "seasoning bottle", 0.95, 0.3, 0.7],
  "spatial_constraint": null,
  "speaker_strict": null,
  "allocation": {
    "k_high_level": 4,
    "k_low_level": 40,
    "k_conversations": 6,
    "total_k": 50,
    "reasoning": "Spatial/action query about the source location of an object acquisition; prioritize low-level edges to find where the robot retrieved the seasoning bottle, minimal high-level and conversations."
  }
}

Graph Search Results:
**High-Level Information (Character Attributes and Relationships): **

Character Relationships:
- Tamera trusts robot (85)
- robot supports Tamera (80)
- Tamera utilizes assistance from robot (85)
- robot supports Saxon (80)

**Low-Level Information (Actions and Events): **

[2] robot opens refrigerator door. (kitchen)
[4] robot takes spinach bag. (kitchen)
[4] robot opens refrigerator door. (kitchen)
[8] robot opens refrigerator door. (kitchen)
[8] robot puts onto bagged broccoli. (kitchen)
[9] robot opens refrigerator door. (kitchen)
[24] robot places packaged fish. (kitchen)
[24] robot uses kitchen knife. (kitchen)
[26] robot rinses green pepper. (kitchen and dining area)
[27] robot looks at cutting board. (kitchen)
[27] robot picks up plastic bag. (kitchen)
[27] robot throws plastic bag. (kitchen)
[30] robot takes milk carton from <Saxon>. (kitchen)
[30] robot turns milk carton. (kitchen)
[30] robot opens refrigerator door. (kitchen)
[30] robot places milk carton. (kitchen)
[31] robot reaches toward item on fridge shelf. (kitchen)
[33] robot brings seasoning bottle. (kitchen)
[33] robot looks for bottle. (kitchen)
[34] robot picks up white-topped seasoning bottle. (kitchen)
[34] robot carries seasoning bottle. (kitchen)
[34] seasoning bottle is from robot. (kitchen)
[40] robot scans item on upper shelf inside cabinet. (kitchen)
[40] robot scans item on lower shelf inside cabinet. (kitchen)
[40] robot reports black pepper stock is low. (kitchen)
[58] robot examines small bottle. (kitchen)
[59] robot picks up bottle. (kitchen)
[59] robot carries bottle. (kitchen)
[59] robot places bottle. (kitchen)
[60] robot looks at spice jar. (kitchen-living area)
[63] robot picks up bag of food. (kitchen)
[63] robot drops bag of food. (kitchen)
[64] robot puts into wrapped food item. (kitchen)
[68] robot picks up bag of spice. (kitchen)
[68] robot carries bag of spice. (kitchen)
[68] robot drops expired item. (kitchen)
[71] robot holds under chef's knife. (kitchen sink)
[71] robot flips cutting board. (kitchen sink)
[71] robot holds cutting board. (kitchen sink)
[72] robot looks at cutting board. (kitchen and adjoining bathroom)

**Conversations: **

Conversation 3: Tamera and Saxon organized their kitchen, directing a robot to tidy bags, bottles, and manage items like yogurt, eggs, milk, and seasonings. They planned a weekly meal schedule (beef stew, stir-fried broccoli with steamed fish and rice, chicken pasta, clear soup hot pot, and salad with roasted chicken) and synced recipes to smart devices. They reviewed inventory, noted black pepper was low, and created a shopping list including milk, chicken breast, potatoes, black pepper, cumin, frozen tofu, fish balls, oranges, and apples. They decided to clean the kitchen further and considered buying onions and other items soon.
[29] Tamera: Cooling section yes here.
[30] Saxon: Hmm and then we have the milk uh we need...
[30] Saxon: Hi robot please put the milk.
[30] Saxon: Thank you.
[31] Saxon: Maybe we can organise dry goods and seasonings?
[32] Tamera: The cabinet, here.
[32] Saxon: Uh maybe I need a...
[32] Tamera: Seasoning bottle?
[32] Tamera: Maybe you can put this in that?
[33] Saxon: Yeah this sauce.
[33] Tamera: Soy sauce uh I'll also put the...
[33] Tamera: Oh I also have the olive oil.
[33] Tamera: Hi robot please bring me a seasoning bottle.
[33] Tamera: Huh not here.
[34] Tamera: Yes the seasoning bottle please look it up.
[34] Tamera: Thank you robot.
[35] Tamera: Hold on a minute.
[39] Saxon: Before?
[39] Tamera: So we can just ask robot for help.
[39] Tamera: Hi robot please help me scan the inventory to check which ingredients were still sufficient and which were running low.
[40] robot: Black pepper stock is low, it is recommended to replenish next time.
[40] Tamera: Hmm okay I got it.
[40] Tamera: The black pepper stock is low.

[Step 2] Evaluating semantic answer...
Action: [Answer]
Content: From the kitchen cabinet.
FINAL ANSWER (from graph):
From the kitchen cabinet.
Question: Besides onions, what other ingredient hasn't been bought this week?

[Step 1] Searching the graph...
Parse Query Output:
{
  "query_triple": [null, "not bought this week besides", "onions", 0.1, 0.25, 0.8],
  "spatial_constraint": null,
  "speaker_strict": null,
  "allocation": {
    "k_high_level": 3,
    "k_low_level": 40,
    "k_conversations": 7,
    "total_k": 50,
    "reasoning": "Inventory/action query about purchase status over a time window; prioritize low-level edges for specific buy/not-buy actions and timestamps. Minimal high-level and some conversations in case the status was mentioned verbally."
  }
}

Graph Search Results:
**High-Level Information (Character Attributes and Relationships): **

Character Attributes:
- Tamera is: glasses (100), white sneakers (100), black leggings (100)

**Low-Level Information (Actions and Events): **

[1] bag is on counter. (kitchen)
[5] Tamera peels carrot. (kitchen)
[5] Tamera peels on counter. (kitchen)
[6] large grocery bag is on island. (kitchen)
[8] robot peels broccoli. (kitchen)
[8] bagged broccoli is on shelf. (kitchen)
[9] grocery bag is on island. (kitchen)
[10] plastic bag is on counter. (kitchen)
[10] notes app is on Tamera's phone. (kitchen)
[10] cutting board is on counter. (kitchen)
[10] packaged meat is on counter. (kitchen)
[12] Tamera's phone is on counter. (kitchen)
[14] Saxon slices meat. (kitchen)
[18] plastic bag of meat is on counter. (kitchen)
[18] bag is on cutting board. (kitchen)
[20] plastic grocery bag is on island. (kitchen)
[21] plastic grocery bag is on island. (kitchen)
[21] packaged food is on tray. (kitchen)
[24] packaged fish is on cutting board. (kitchen)
[27] grocery bag is on table. (kitchen)
[28] item is on shelf inside fridge. (kitchen)
[30] milk carton is on middle shelf. (kitchen)
[36] jar is on counter. (kitchen)
[36] phone is on counter. (kitchen)
[37] Tamera smells bottle. (kitchen)
[37] item is on table. (kitchen)
[43] phone is on counter. (kitchen)
[47] <Tamera>'s phone is on counter. (kitchen)
[50] notebook is on table. (kitchen)
[51] notebook is on table. (kitchen)
[54] notebook is on table. (kitchen or dining area)
[55] red pen is on counter. (kitchen)
[59] bottle is on shelf. (kitchen)
[66] cloth is on counter. (kitchen)
[68] jar is on shelf. (kitchen)
[68] package is on shelf. (kitchen)
[68] cutting board is on counter. (kitchen)
[68] knife is on counter. (kitchen)
[69] phone is on counter. (kitchen)
[74] Saxon leaves. (living room)

**Conversations: **

Conversation 3: Tamera and Saxon organized their kitchen, directing a robot to tidy bags, bottles, and manage items like yogurt, eggs, milk, and seasonings. They planned a weekly meal schedule (beef stew, stir-fried broccoli with steamed fish and rice, chicken pasta, clear soup hot pot, and salad with roasted chicken) and synced recipes to smart devices. They reviewed inventory, noted black pepper was low, and created a shopping list including milk, chicken breast, potatoes, black pepper, cumin, frozen tofu, fish balls, oranges, and apples. They decided to clean the kitchen further and considered buying onions and other items soon.
[40] robot: Black pepper stock is low, it is recommended to replenish next time.
[40] Tamera: Hmm okay I got it.
[40] Tamera: The black pepper stock is low.
[40] Saxon: Oh maybe we can buy it next time.
[41] Tamera: Yes then we go into the market.
[41] Saxon: Hmm uh all right all the ingredients are ready uh let's plan what to eat this week.
[41] Tamera: Also the recipe.
[41] Tamera: Yes it wrote our week recipes.
[49] Tamera: So I'll check it.
[49] Tamera: Oh uh wait.
[49] Tamera: Do we forgot to buy some onions?
[50] Saxon: Oh sure maybe you can buy it next time?
[50] Tamera: Yes you can check it.
[53] Saxon: And potatoes.
[53] Tamera: Uh...
[53] Tamera: Oh we still need to buy some black pepper.
[53] Saxon: Black pepper.
[53] Tamera: Cumin powder.
[53] Saxon: Cumin powder.
[54] Tamera: Uh-huh.
[54] Tamera: If we are having hot pot next week need to buy some frozen tofu and fish balls.
[54] Saxon: Frozen tofu, fish balls.
[54] Tamera: Uh maybe we should have some fruits.

Conversation 5: Tamera and Saxon plan to take out the rubbish, check the supermarket closing time, and leave to shop. They receive a reminder from their robot assistant to buy onions and decide to include onions in their shopping. The robot is tasked with cleaning the kitchen floor while they go out.
[73] Tamera: Ok so let us go?
[73] Saxon: Ok. Oh wait Robot is saying.
[73] robot: Don't forget to buy onions.
[73] Tamera: Ok so sweet we just forget to buy some onions...
[74] Saxon: Let us buy it.
[74] Tamera: Ok It is time to go.

[Step 2] Evaluating semantic answer...
Action: [Answer]
Content: Black pepper.
FINAL ANSWER (from graph):
Black pepper.
Question: Where did the robot get the notebook for recording the shopping list from?

[Step 1] Searching the graph...
Parse Query Output:
{
  "query_triple": ["<robot>", "gets notebook from", "?", 0.95, 0.25, 0.15],
  "spatial_constraint": null,
  "speaker_strict": null,
  "allocation": {
    "k_high_level": 4,
    "k_low_level": 41,
    "k_conversations": 5,
    "total_k": 50,
    "reasoning": "Action + provenance query about where the robot obtained the notebook; prioritize low-level edges to trace pick-up/source events. Minimal high-level/context and limited conversations in case of brief mentions."
  }
}

Graph Search Results:
**High-Level Information (Character Attributes and Relationships): **

Character Attributes:
- robot is: camera holder (100), no visible face (100), black gloves (100), obedient (95)

**Low-Level Information (Actions and Events): **

[1] Saxon asks robot. (kitchen)
[2] Saxon asks robot. (kitchen)
[2] robot opens refrigerator door. (kitchen)
[4] Saxon asks robot. (kitchen)
[4] robot takes from Saxon. (kitchen)
[4] robot opens refrigerator door. (kitchen)
[4] robot steps back from refrigerator. (kitchen)
[7] robot opens refrigerator. (kitchen)
[8] robot opens refrigerator door. (kitchen)
[9] robot opens refrigerator door. (kitchen)
[9] robot looks into empty refrigerator shelf. (kitchen)
[24] robot opens package. (kitchen)
[25] robot returns to sink area. (kitchen)
[27] robot looks at cutting board. (kitchen)
[30] robot opens refrigerator door. (kitchen)
[31] robot opens refrigerator door. (kitchen)
[33] robot looks for bottle. (kitchen)
[34] robot opens red cabinet door. (kitchen)
[34] robot searches inside cabinet. (kitchen)
[34] robot searches among jar. (kitchen)
[34] robot searches among packet. (kitchen)
[34] seasoning bottle is from robot. (kitchen)
[40] robot opens cabinet door. (kitchen)
[51] notebook is from robot. (kitchen)
[56] robot opens jar. (kitchen)
[58] robot examines small bottle. (kitchen)
[59] robot looks inside trash can. (kitchen)
[59] robot opens cupboard. (kitchen)
[59] robot returns to island. (kitchen)
[59] robot steps back from shelf. (kitchen)
[60] robot opens kitchen cabinet. (kitchen-living area)
[60] robot looks at spice jar. (kitchen-living area)
[60] robot moves from kitchen. (kitchen-living area)
[60] robot returns to girl. (kitchen-living area)
[63] Tamera looks at robot. (kitchen)
[63] robot reaches into refrigerator compartment. (kitchen)
[68] robot opens cupboard door. (kitchen)
[72] robot looks at cutting board. (kitchen and adjoining bathroom)
[72] robot looks at jar. (kitchen and adjoining bathroom)
[72] robot looks at shelf. (kitchen and adjoining bathroom)
[72] robot looks at mirror. (kitchen and adjoining bathroom)

**Conversations: **

Conversation 3: Tamera and Saxon organized their kitchen, directing a robot to tidy bags, bottles, and manage items like yogurt, eggs, milk, and seasonings. They planned a weekly meal schedule (beef stew, stir-fried broccoli with steamed fish and rice, chicken pasta, clear soup hot pot, and salad with roasted chicken) and synced recipes to smart devices. They reviewed inventory, noted black pepper was low, and created a shopping list including milk, chicken breast, potatoes, black pepper, cumin, frozen tofu, fish balls, oranges, and apples. They decided to clean the kitchen further and considered buying onions and other items soon.
[39] Saxon: Before?
[39] Tamera: So we can just ask robot for help.
[39] Tamera: Hi robot please help me scan the inventory to check which ingredients were still sufficient and which were running low.
[40] robot: Black pepper stock is low, it is recommended to replenish next time.
[40] Tamera: Hmm okay I got it.
[48] Saxon: Yeah and hey robot please sync the recipe to smart devices so we can check it anytime.
[49] Tamera: Okay you'll wait for it.
[49] robot: It has been stored and set up daily reminders.
[49] Tamera: It's over.
[49] Tamera: So I'll check it.
[50] Saxon: Yeah then hmm the market uh the supermarket should still be open.
[51] Saxon: We can first jot down the ingredients we need for next week and then hang out.
[51] Saxon: Hi robot please fetch me the notebook for uh for shopping list.
[51] Saxon: Thank you robot.
[51] Tamera: Use a black pen.
[55] Tamera: Have a rest.
[55] Saxon: Uh-huh?
[55] Saxon: Oh hi robot, please put the pen back into its original place thank you.
[56] Saxon: Hey Tamera let's tidy up these areas as well, the kitchen needs some cleaning.
[56] Tamera: Hmm good idea.

Conversation 5: Tamera and Saxon plan to take out the rubbish, check the supermarket closing time, and leave to shop. They receive a reminder from their robot assistant to buy onions and decide to include onions in their shopping. The robot is tasked with cleaning the kitchen floor while they go out.
[73] Tamera: Ok so let us go?
[73] Saxon: Ok. Oh wait Robot is saying.
[73] robot: Don't forget to buy onions.
[73] Tamera: Ok so sweet we just forget to buy some onions...
[74] Saxon: Let us buy it.

[Step 2] Evaluating semantic answer...
Action: [Answer]
Content: From the kitchen.
FINAL ANSWER (from graph):
From the kitchen.
Question: How many pieces of information are newly added in the shopping list?

[Step 1] Searching the graph...
Parse Query Output:
{
  "query_triple": ["shopping list", "newly added items count", "?", 0.7, 0.25, 0.15],
  "spatial_constraint": null,
  "speaker_strict": null,
  "allocation": {
    "k_high_level": 4,
    "k_low_level": 38,
    "k_conversations": 8,
    "total_k": 50,
    "reasoning": "Quantitative action/state query about updates to an object. Emphasize low-level edges to track add events and item states; minimal high-level edges; some conversations in case dialogue mentions newly added entries."
  }
}

Graph Search Results:
**High-Level Information (Character Attributes and Relationships): **

Character Attributes:
- robot is: no visible face (100), black gloves (100), camera holder (100), helpful (90)

**Low-Level Information (Actions and Events): **

[1] Saxon carries shopping bag. (kitchen)
[2] Saxon gestures toward shopping bag. (kitchen)
[2] Tamera moves to shopping bag. (kitchen)
[2] Saxon moves to shopping bag. (kitchen)
[3] Tamera takes from grocery bag. (kitchen)
[3] item is in grocery bag. (kitchen)
[4] Saxon opens grocery bag. (kitchen)
[5] grocery bag is with Saxon. (kitchen)
[5] Saxon sorts grocery. (kitchen)
[7] Tamera looks at grocery. (kitchen)
[7] broccoli is near grocery bag. (kitchen)
[9] Saxon places grocery bag. (kitchen)
[9] grocery bag is on island. (kitchen)
[9] Saxon opens grocery bag. (kitchen)
[9] Saxon looks inside grocery bag. (kitchen)
[9] Saxon takes out from grocery bag. (kitchen)
[9] Tamera glances into grocery bag. (kitchen)
[11] Tamera points at item on counter. (kitchen)
[11] Saxon waits near grocery. (kitchen)
[12] Saxon has grocery. (kitchen)
[12] small plastic bag is near grocery. (kitchen)
[16] Saxon handles food item. (kitchen)
[20] Tamera lifts from groceries. (kitchen)
[27] Saxon stands beside grocery bag. (kitchen)
[27] grocery bag is on table. (kitchen)
[27] pack of yogurt is from grocery bag. (kitchen)
[28] Saxon looks into shopping bag. (kitchen)
[29] Saxon looks at groceries bag. (kitchen)
[31] robot reaches toward item on fridge shelf. (kitchen)
[33] Saxon carries grocery. (kitchen)
[33] Saxon checks food package. (kitchen)
[37] Saxon reaches into shopping bag. (kitchen)
[41] Saxon stays by bag of grocery. (kitchen)
[49] Tamera checks list. (kitchen)
[50] Tamera points at list. (kitchen)
[50] Tamera shows list. (kitchen)
[51] Saxon suggests writing a list. (kitchen)
[67] packaged item is in trash bin. (kitchen)

**Conversations: **

Conversation 3: Tamera and Saxon organized their kitchen, directing a robot to tidy bags, bottles, and manage items like yogurt, eggs, milk, and seasonings. They planned a weekly meal schedule (beef stew, stir-fried broccoli with steamed fish and rice, chicken pasta, clear soup hot pot, and salad with roasted chicken) and synced recipes to smart devices. They reviewed inventory, noted black pepper was low, and created a shopping list including milk, chicken breast, potatoes, black pepper, cumin, frozen tofu, fish balls, oranges, and apples. They decided to clean the kitchen further and considered buying onions and other items soon.
[39] Tamera: So we going to do next.
[39] Saxon: Uh-huh maybe.
[39] Tamera: Uh so that's all the things we bought today.
[39] Tamera: Let's check what we have.
[39] Tamera: Hmm I'll see...
[39] Saxon: Before?
[39] Tamera: So we can just ask robot for help.
[39] Tamera: Hi robot please help me scan the inventory to check which ingredients were still sufficient and which were running low.
[40] robot: Black pepper stock is low, it is recommended to replenish next time.
[40] Tamera: Hmm okay I got it.
[40] Tamera: The black pepper stock is low.
[40] Saxon: Oh maybe we can buy it next time.
[41] Tamera: Yes then we go into the market.
[41] Saxon: Hmm uh all right all the ingredients are ready uh let's plan what to eat this week.
[41] Tamera: Also the recipe.
[41] Tamera: Yes it wrote our week recipes.
[50] Tamera: Now check the time.
[50] Saxon: Yeah then hmm the market uh the supermarket should still be open.
[51] Saxon: We can first jot down the ingredients we need for next week and then hang out.
[51] Saxon: Hi robot please fetch me the notebook for uh for shopping list.
[51] Saxon: Thank you robot.
[51] Tamera: Use a black pen.
[52] Saxon: Oh I will write down the weekly must buy items.
[52] Saxon: Double milk.
[53] Saxon: Chicken breast.

Conversation 1: Tamera and Saxon unpack groceries with help from a robot that opens the fridge and puts items away. They sort produce, check freshness, and decide storage locations to avoid cross-flavors, placing spinach, carrots, and broccoli appropriately. The tone emphasizes not rushing and being organized while cleaning up vegetable scraps.
[6] Tamera: The carrots.
[6] Saxon: The carrots maybe in the refrigerator.
[6] Tamera: Ah the fruit section okay I'll put in the fruit section.
[6] Tamera: So we won't make some cross flavor.
[7] Saxon: Yes.

[Step 2] Evaluating semantic answer...
Action: [Answer]
Content: Nine items.
FINAL ANSWER (from graph):
Nine items.
Question: Where does the robot put the pen back?

[Step 1] Searching the graph...
Parse Query Output:
{
  "query_triple": ["<robot>", "puts back", "pen", 0.95, 0.35, 0.7],
  "spatial_constraint": null,
  "speaker_strict": null,
  "allocation": {
    "k_high_level": 5,
    "k_low_level": 40,
    "k_conversations": 5,
    "total_k": 50,
    "reasoning": "Spatial/action query focused on where the robot places the pen; prioritize low-level edges capturing actions and locations. Minimal need for conversations; a few high-level edges for roles or persistent states."
  }
}

Graph Search Results:
**High-Level Information (Character Attributes and Relationships): **

Character Relationships:
- Tamera trusts robot (85)
- Saxon directs tasks to robot (85)
- robot supports Tamera (80)
- Tamera utilizes assistance from robot (85)
- robot supports Saxon (80)

**Low-Level Information (Actions and Events): **

[4] robot puts away spinach. (kitchen)
[4] robot places into lower drawer. (kitchen)
[4] robot closes drawer. (kitchen)
[24] robot walks to sink. (kitchen)
[24] robot sets down near knife. (kitchen)
[25] robot holds over camera. (kitchen)
[25] robot places into tray. (kitchen)
[25] robot turns on faucet. (kitchen)
[26] robot turns off faucet. (kitchen and dining area)
[30] robot pushes to back of shelf milk carton. (kitchen)
[51] robot picks up yellow notebook. (kitchen)
[51] robot hands notebook. (kitchen)
[55] robot reaches for red pen. (kitchen)
[55] robot places pen. (kitchen)
[56] robot picks up pen. (kitchen)
[56] robot places pen. (kitchen)
[56] robot twists lid jar. (kitchen)
[56] robot opens jar. (kitchen)
[56] robot puts into pen. (kitchen)
[56] robot closes jar. (kitchen)
[56] robot carries jar. (kitchen)
[57] robot acknowledges from behind camera. (kitchen)
[59] robot walks to paper. (kitchen)
[59] robot inspects jar. (kitchen)
[59] robot picks up bottle. (kitchen)
[59] robot steps back from shelf. (kitchen)
[60] robot returns to girl. (kitchen-living area)
[64] robot puts into wrapped food item. (kitchen)
[65] robot moves camera. (kitchen)
[65] robot reaches toward corner beside sink. (kitchen)
[65] robot lowers camera. (kitchen)
[66] robot moves to sink. (kitchen)
[68] robot inspects jar. (kitchen)
[70] robot focuses on knife. (kitchen)
[70] robot turns on faucet. (kitchen)
[70] robot rinses under knife. (kitchen)
[71] robot turns on faucet. (kitchen sink)
[71] robot rinses until clean knife. (kitchen sink)
[71] robot places aside near knife. (kitchen sink)
[72] robot looks at jar. (kitchen and adjoining bathroom)

**Conversations: **

Conversation 3: Tamera and Saxon organized their kitchen, directing a robot to tidy bags, bottles, and manage items like yogurt, eggs, milk, and seasonings. They planned a weekly meal schedule (beef stew, stir-fried broccoli with steamed fish and rice, chicken pasta, clear soup hot pot, and salad with roasted chicken) and synced recipes to smart devices. They reviewed inventory, noted black pepper was low, and created a shopping list including milk, chicken breast, potatoes, black pepper, cumin, frozen tofu, fish balls, oranges, and apples. They decided to clean the kitchen further and considered buying onions and other items soon.
[26] Tamera: Um maybe we should just clean the table.
[26] Saxon: Yeah maybe.
[26] Tamera: Uh hi robot please tidy up the empty bags so the place will be saved.
[26] robot: Okay.
[26] Saxon: Yes.
[29] Tamera: Cooling section yes here.
[30] Saxon: Hmm and then we have the milk uh we need...
[30] Saxon: Hi robot please put the milk.
[30] Saxon: Thank you.
[31] Saxon: Maybe we can organise dry goods and seasonings?
[50] Saxon: Yeah then hmm the market uh the supermarket should still be open.
[51] Saxon: We can first jot down the ingredients we need for next week and then hang out.
[51] Saxon: Hi robot please fetch me the notebook for uh for shopping list.
[51] Saxon: Thank you robot.
[51] Tamera: Use a black pen.
[55] Tamera: Have a rest.
[55] Saxon: Uh-huh?
[55] Saxon: Oh hi robot, please put the pen back into its original place thank you.
[56] Saxon: Hey Tamera let's tidy up these areas as well, the kitchen needs some cleaning.
[56] Tamera: Hmm good idea.

Conversation 4: Tamera and Saxon coordinate cleaning a kitchen, addressing grease, dust, and odors. They ask a robot to clean floor scraps, wipe areas, dispose of expired ingredients, and tidy tableware into the dishwasher. They acknowledge the need to periodically manage an overstuffed cabinet to avoid waste and place discarded items by the door.
[69] Tamera: Just put it at the door.
[70] Tamera: Is there anything else you wanna see?
[70] Tamera: Hi robot please tidy up the tableware on the table and put it in the dishwasher.

[Step 2] Evaluating semantic answer...
Action: [Answer]
Content: Back into its original place.
FINAL ANSWER (from graph):
Back into its original place.
✓ Updated results.json for kitchen_03 (14 questions)
✓ Cleaned up video and frames for kitchen_03

============================================================
Processing video: meeting_room_04
============================================================
Downloading 1 video(s) to data/videos...

Downloading meeting_room_04.mp4...
✗ Error downloading meeting_room_04.mp4: ('Connection broken: IncompleteRead(854166197 bytes read, 791792741 more expected)', IncompleteRead(854166197 bytes read, 791792741 more expected))

============================================================
Download Summary:
  Successful: 0/1
  Failed: meeting_room_04
============================================================
✗ Video file not found: data/videos/meeting_room_04.mp4
No valid videos to process.
✗ Graph processing failed for meeting_room_04

============================================================
Processing video: living_room_23
============================================================
Downloading 1 video(s) to data/videos...

Downloading living_room_23.mp4...
✓ Successfully downloaded living_room_23.mp4 to data/videos/living_room_23.mp4

============================================================
Download Summary:
  Successful: 1/1
============================================================

============================================================
[1/1] Processing: living_room_23
============================================================
Video: data/videos/living_room_23.mp4
Subtitles: data/subtitles/robot/living_room_23.srt
Output: data/frames/living_room_23
============================================================

Parsing subtitle file: data/subtitles/robot/living_room_23.srt
Found 555 subtitle entries
Video: 1280x720, 30.00 FPS, 57789 frames, 1926.30s duration

Extracting frames with subtitles...
Grouping frames into folders of 30 frames each
  Saved 10 frames (up to 9s, folder 1)
  Saved 20 frames (up to 19s, folder 1)
  Saved 30 frames (up to 29s, folder 1)
  Saved 40 frames (up to 39s, folder 2)
  Saved 50 frames (up to 49s, folder 2)
  Saved 60 frames (up to 59s, folder 2)
  Saved 70 frames (up to 69s, folder 3)
  Saved 80 frames (up to 79s, folder 3)
  Saved 90 frames (up to 89s, folder 3)
  Saved 100 frames (up to 99s, folder 4)
  Saved 110 frames (up to 109s, folder 4)
  Saved 120 frames (up to 119s, folder 4)
  Saved 130 frames (up to 129s, folder 5)
  Saved 140 frames (up to 139s, folder 5)
  Saved 150 frames (up to 149s, folder 5)
  Saved 160 frames (up to 159s, folder 6)
  Saved 170 frames (up to 169s, folder 6)
  Saved 180 frames (up to 179s, folder 6)
  Saved 190 frames (up to 189s, folder 7)
  Saved 200 frames (up to 199s, folder 7)
  Saved 210 frames (up to 209s, folder 7)
  Saved 220 frames (up to 219s, folder 8)
  Saved 230 frames (up to 229s, folder 8)
  Saved 240 frames (up to 239s, folder 8)
  Saved 250 frames (up to 249s, folder 9)
  Saved 260 frames (up to 259s, folder 9)
  Saved 270 frames (up to 269s, folder 9)
  Saved 280 frames (up to 279s, folder 10)
  Saved 290 frames (up to 289s, folder 10)
  Saved 300 frames (up to 299s, folder 10)
  Saved 310 frames (up to 309s, folder 11)
  Saved 320 frames (up to 319s, folder 11)
  Saved 330 frames (up to 329s, folder 11)
  Saved 340 frames (up to 339s, folder 12)
  Saved 350 frames (up to 349s, folder 12)
  Saved 360 frames (up to 359s, folder 12)
  Saved 370 frames (up to 369s, folder 13)
  Saved 380 frames (up to 379s, folder 13)
  Saved 390 frames (up to 389s, folder 13)
  Saved 400 frames (up to 399s, folder 14)
  Saved 410 frames (up to 409s, folder 14)
  Saved 420 frames (up to 419s, folder 14)
  Saved 430 frames (up to 429s, folder 15)
  Saved 440 frames (up to 439s, folder 15)
  Saved 450 frames (up to 449s, folder 15)
  Saved 460 frames (up to 459s, folder 16)
  Saved 470 frames (up to 469s, folder 16)
  Saved 480 frames (up to 479s, folder 16)
  Saved 490 frames (up to 489s, folder 17)
  Saved 500 frames (up to 499s, folder 17)
  Saved 510 frames (up to 509s, folder 17)
  Saved 520 frames (up to 519s, folder 18)
  Saved 530 frames (up to 529s, folder 18)
  Saved 540 frames (up to 539s, folder 18)
  Saved 550 frames (up to 549s, folder 19)
  Saved 560 frames (up to 559s, folder 19)
  Saved 570 frames (up to 569s, folder 19)
  Saved 580 frames (up to 579s, folder 20)
  Saved 590 frames (up to 589s, folder 20)
  Saved 600 frames (up to 599s, folder 20)
  Saved 610 frames (up to 609s, folder 21)
  Saved 620 frames (up to 619s, folder 21)
  Saved 630 frames (up to 629s, folder 21)
  Saved 640 frames (up to 639s, folder 22)
  Saved 650 frames (up to 649s, folder 22)
  Saved 660 frames (up to 659s, folder 22)
  Saved 670 frames (up to 669s, folder 23)
  Saved 680 frames (up to 679s, folder 23)
  Saved 690 frames (up to 689s, folder 23)
  Saved 700 frames (up to 699s, folder 24)
  Saved 710 frames (up to 709s, folder 24)
  Saved 720 frames (up to 719s, folder 24)
  Saved 730 frames (up to 729s, folder 25)
  Saved 740 frames (up to 739s, folder 25)
  Saved 750 frames (up to 749s, folder 25)
  Saved 760 frames (up to 759s, folder 26)
  Saved 770 frames (up to 769s, folder 26)
  Saved 780 frames (up to 779s, folder 26)
  Saved 790 frames (up to 789s, folder 27)
  Saved 800 frames (up to 799s, folder 27)
  Saved 810 frames (up to 809s, folder 27)
  Saved 820 frames (up to 819s, folder 28)
  Saved 830 frames (up to 829s, folder 28)
  Saved 840 frames (up to 839s, folder 28)
  Saved 850 frames (up to 849s, folder 29)
  Saved 860 frames (up to 859s, folder 29)
  Saved 870 frames (up to 869s, folder 29)
  Saved 880 frames (up to 879s, folder 30)
  Saved 890 frames (up to 889s, folder 30)
  Saved 900 frames (up to 899s, folder 30)
  Saved 910 frames (up to 909s, folder 31)
  Saved 920 frames (up to 919s, folder 31)
  Saved 930 frames (up to 929s, folder 31)
  Saved 940 frames (up to 939s, folder 32)
  Saved 950 frames (up to 949s, folder 32)
  Saved 960 frames (up to 959s, folder 32)
  Saved 970 frames (up to 969s, folder 33)
  Saved 980 frames (up to 979s, folder 33)
  Saved 990 frames (up to 989s, folder 33)
  Saved 1000 frames (up to 999s, folder 34)
  Saved 1010 frames (up to 1009s, folder 34)
  Saved 1020 frames (up to 1019s, folder 34)
  Saved 1030 frames (up to 1029s, folder 35)
  Saved 1040 frames (up to 1039s, folder 35)
  Saved 1050 frames (up to 1049s, folder 35)
  Saved 1060 frames (up to 1059s, folder 36)
  Saved 1070 frames (up to 1069s, folder 36)
  Saved 1080 frames (up to 1079s, folder 36)
  Saved 1090 frames (up to 1089s, folder 37)
  Saved 1100 frames (up to 1099s, folder 37)
  Saved 1110 frames (up to 1109s, folder 37)
  Saved 1120 frames (up to 1119s, folder 38)
  Saved 1130 frames (up to 1129s, folder 38)
  Saved 1140 frames (up to 1139s, folder 38)
  Saved 1150 frames (up to 1149s, folder 39)
  Saved 1160 frames (up to 1159s, folder 39)
  Saved 1170 frames (up to 1169s, folder 39)
  Saved 1180 frames (up to 1179s, folder 40)
  Saved 1190 frames (up to 1189s, folder 40)
  Saved 1200 frames (up to 1199s, folder 40)
  Saved 1210 frames (up to 1209s, folder 41)
  Saved 1220 frames (up to 1219s, folder 41)
  Saved 1230 frames (up to 1229s, folder 41)
  Saved 1240 frames (up to 1239s, folder 42)
  Saved 1250 frames (up to 1249s, folder 42)
  Saved 1260 frames (up to 1259s, folder 42)
  Saved 1270 frames (up to 1269s, folder 43)
  Saved 1280 frames (up to 1279s, folder 43)
  Saved 1290 frames (up to 1289s, folder 43)
  Saved 1300 frames (up to 1299s, folder 44)
  Saved 1310 frames (up to 1309s, folder 44)
  Saved 1320 frames (up to 1319s, folder 44)
  Saved 1330 frames (up to 1329s, folder 45)
  Saved 1340 frames (up to 1339s, folder 45)
  Saved 1350 frames (up to 1349s, folder 45)
  Saved 1360 frames (up to 1359s, folder 46)
  Saved 1370 frames (up to 1369s, folder 46)
  Saved 1380 frames (up to 1379s, folder 46)
  Saved 1390 frames (up to 1389s, folder 47)
  Saved 1400 frames (up to 1399s, folder 47)
  Saved 1410 frames (up to 1409s, folder 47)
  Saved 1420 frames (up to 1419s, folder 48)
  Saved 1430 frames (up to 1429s, folder 48)
  Saved 1440 frames (up to 1439s, folder 48)
  Saved 1450 frames (up to 1449s, folder 49)
  Saved 1460 frames (up to 1459s, folder 49)
  Saved 1470 frames (up to 1469s, folder 49)
  Saved 1480 frames (up to 1479s, folder 50)
  Saved 1490 frames (up to 1489s, folder 50)
  Saved 1500 frames (up to 1499s, folder 50)
  Saved 1510 frames (up to 1509s, folder 51)
  Saved 1520 frames (up to 1519s, folder 51)
  Saved 1530 frames (up to 1529s, folder 51)
  Saved 1540 frames (up to 1539s, folder 52)
  Saved 1550 frames (up to 1549s, folder 52)
  Saved 1560 frames (up to 1559s, folder 52)
  Saved 1570 frames (up to 1569s, folder 53)
  Saved 1580 frames (up to 1579s, folder 53)
  Saved 1590 frames (up to 1589s, folder 53)
  Saved 1600 frames (up to 1599s, folder 54)
  Saved 1610 frames (up to 1609s, folder 54)
  Saved 1620 frames (up to 1619s, folder 54)
  Saved 1630 frames (up to 1629s, folder 55)
  Saved 1640 frames (up to 1639s, folder 55)
  Saved 1650 frames (up to 1649s, folder 55)
  Saved 1660 frames (up to 1659s, folder 56)
  Saved 1670 frames (up to 1669s, folder 56)
  Saved 1680 frames (up to 1679s, folder 56)
  Saved 1690 frames (up to 1689s, folder 57)
  Saved 1700 frames (up to 1699s, folder 57)
  Saved 1710 frames (up to 1709s, folder 57)
  Saved 1720 frames (up to 1719s, folder 58)
  Saved 1730 frames (up to 1729s, folder 58)
  Saved 1740 frames (up to 1739s, folder 58)
  Saved 1750 frames (up to 1749s, folder 59)
  Saved 1760 frames (up to 1759s, folder 59)
  Saved 1770 frames (up to 1769s, folder 59)
  Saved 1780 frames (up to 1779s, folder 60)
  Saved 1790 frames (up to 1789s, folder 60)
  Saved 1800 frames (up to 1799s, folder 60)
  Saved 1810 frames (up to 1809s, folder 61)
  Saved 1820 frames (up to 1819s, folder 61)
  Saved 1830 frames (up to 1829s, folder 61)
  Saved 1840 frames (up to 1839s, folder 62)
  Saved 1850 frames (up to 1849s, folder 62)
  Saved 1860 frames (up to 1859s, folder 62)
  Saved 1870 frames (up to 1869s, folder 63)
  Saved 1880 frames (up to 1879s, folder 63)
  Saved 1890 frames (up to 1889s, folder 63)
  Saved 1900 frames (up to 1899s, folder 64)
  Saved 1910 frames (up to 1909s, folder 64)
  Saved 1920 frames (up to 1919s, folder 64)

✓ Extracted 1927 frames to data/frames/living_room_23

✓ Successfully processed living_room_23: 1927 frames saved
--------------------------------
Processing folder:  data/frames/living_room_23/1
Inserted 21 triples into graph for clip 1
--------------------------------
Processing folder:  data/frames/living_room_23/2
Inserted 24 triples into graph for clip 2
--------------------------------
Processing folder:  data/frames/living_room_23/3
Inserted 28 triples into graph for clip 3
--------------------------------
Processing folder:  data/frames/living_room_23/4
Inserted 21 triples into graph for clip 4
--------------------------------
Processing folder:  data/frames/living_room_23/5
Inserted 23 triples into graph for clip 5
--------------------------------
Processing folder:  data/frames/living_room_23/6
Inserted 29 triples into graph for clip 6
--------------------------------
Processing folder:  data/frames/living_room_23/7
Inserted 22 triples into graph for clip 7
--------------------------------
Processing folder:  data/frames/living_room_23/8
Inserted 21 triples into graph for clip 8
--------------------------------
Processing folder:  data/frames/living_room_23/9
Inserted 29 triples into graph for clip 9
--------------------------------
Processing folder:  data/frames/living_room_23/10
Inserted 10 triples into graph for clip 10
--------------------------------
Processing folder:  data/frames/living_room_23/11
Inserted 22 triples into graph for clip 11
--------------------------------
Processing folder:  data/frames/living_room_23/12
Inserted 30 triples into graph for clip 12
--------------------------------
Processing folder:  data/frames/living_room_23/13
Inserted 23 triples into graph for clip 13
--------------------------------
Processing folder:  data/frames/living_room_23/14
Inserted 42 triples into graph for clip 14
--------------------------------
Processing folder:  data/frames/living_room_23/15
Inserted 36 triples into graph for clip 15
--------------------------------
Processing folder:  data/frames/living_room_23/16
Inserted 25 triples into graph for clip 16
--------------------------------
Processing folder:  data/frames/living_room_23/17
Inserted 26 triples into graph for clip 17
--------------------------------
Processing folder:  data/frames/living_room_23/18
Inserted 25 triples into graph for clip 18
--------------------------------
Processing folder:  data/frames/living_room_23/19
Inserted 20 triples into graph for clip 19
--------------------------------
Processing folder:  data/frames/living_room_23/20
Inserted 15 triples into graph for clip 20
--------------------------------
Processing folder:  data/frames/living_room_23/21
Inserted 19 triples into graph for clip 21
--------------------------------
Processing folder:  data/frames/living_room_23/22
Inserted 31 triples into graph for clip 22
--------------------------------
Processing folder:  data/frames/living_room_23/23
Inserted 19 triples into graph for clip 23
--------------------------------
Processing folder:  data/frames/living_room_23/24
Inserted 15 triples into graph for clip 24
--------------------------------
Processing folder:  data/frames/living_room_23/25
Inserted 21 triples into graph for clip 25
--------------------------------
Processing folder:  data/frames/living_room_23/26
Inserted 18 triples into graph for clip 26
--------------------------------
Processing folder:  data/frames/living_room_23/27
Inserted 19 triples into graph for clip 27
--------------------------------
Processing folder:  data/frames/living_room_23/28
Inserted 27 triples into graph for clip 28
--------------------------------
Processing folder:  data/frames/living_room_23/29
Inserted 25 triples into graph for clip 29
--------------------------------
Processing folder:  data/frames/living_room_23/30
Inserted 26 triples into graph for clip 30
--------------------------------
Processing folder:  data/frames/living_room_23/31
Inserted 25 triples into graph for clip 31
--------------------------------
Processing folder:  data/frames/living_room_23/32
Inserted 35 triples into graph for clip 32
--------------------------------
Processing folder:  data/frames/living_room_23/33
Inserted 20 triples into graph for clip 33
--------------------------------
Processing folder:  data/frames/living_room_23/34
Inserted 31 triples into graph for clip 34
--------------------------------
Processing folder:  data/frames/living_room_23/35
Inserted 24 triples into graph for clip 35
--------------------------------
Processing folder:  data/frames/living_room_23/36
Inserted 28 triples into graph for clip 36
--------------------------------
Processing folder:  data/frames/living_room_23/37
Inserted 31 triples into graph for clip 37
--------------------------------
Processing folder:  data/frames/living_room_23/38
Inserted 17 triples into graph for clip 38
--------------------------------
Processing folder:  data/frames/living_room_23/39
Inserted 20 triples into graph for clip 39
--------------------------------
Processing folder:  data/frames/living_room_23/40
Inserted 27 triples into graph for clip 40
--------------------------------
Processing folder:  data/frames/living_room_23/41
Inserted 26 triples into graph for clip 41
--------------------------------
Processing folder:  data/frames/living_room_23/42
Inserted 28 triples into graph for clip 42
--------------------------------
Processing folder:  data/frames/living_room_23/43
Inserted 18 triples into graph for clip 43
--------------------------------
Processing folder:  data/frames/living_room_23/44
Extracting summary for completed conversation 1...
✓ Conversation summary extracted. Attributes: 9, Relationships: 4
Inserted 20 triples into graph for clip 44
--------------------------------
Processing folder:  data/frames/living_room_23/45
Inserted 34 triples into graph for clip 45
--------------------------------
Processing folder:  data/frames/living_room_23/46
Inserted 38 triples into graph for clip 46
--------------------------------
Processing folder:  data/frames/living_room_23/47
Inserted 17 triples into graph for clip 47
--------------------------------
Processing folder:  data/frames/living_room_23/48
Inserted 27 triples into graph for clip 48
--------------------------------
Processing folder:  data/frames/living_room_23/49
Inserted 37 triples into graph for clip 49
--------------------------------
Processing folder:  data/frames/living_room_23/50
Inserted 24 triples into graph for clip 50
--------------------------------
Processing folder:  data/frames/living_room_23/51
Inserted 26 triples into graph for clip 51
--------------------------------
Processing folder:  data/frames/living_room_23/52
Inserted 18 triples into graph for clip 52
--------------------------------
Processing folder:  data/frames/living_room_23/53
Inserted 17 triples into graph for clip 53
--------------------------------
Processing folder:  data/frames/living_room_23/54
Inserted 27 triples into graph for clip 54
--------------------------------
Processing folder:  data/frames/living_room_23/55
Inserted 20 triples into graph for clip 55
--------------------------------
Processing folder:  data/frames/living_room_23/56
Inserted 37 triples into graph for clip 56
--------------------------------
Processing folder:  data/frames/living_room_23/57
Inserted 35 triples into graph for clip 57
--------------------------------
Processing folder:  data/frames/living_room_23/58
Inserted 30 triples into graph for clip 58
--------------------------------
Processing folder:  data/frames/living_room_23/59
Inserted 43 triples into graph for clip 59
--------------------------------
Processing folder:  data/frames/living_room_23/60
Inserted 41 triples into graph for clip 60
--------------------------------
Processing folder:  data/frames/living_room_23/61
Inserted 21 triples into graph for clip 61
--------------------------------
Processing folder:  data/frames/living_room_23/62
Inserted 31 triples into graph for clip 62
--------------------------------
Processing folder:  data/frames/living_room_23/63
Inserted 39 triples into graph for clip 63
--------------------------------
Processing folder:  data/frames/living_room_23/64
Inserted 39 triples into graph for clip 64
--------------------------------
Processing folder:  data/frames/living_room_23/65
Inserted 14 triples into graph for clip 65
Extracting summary for final conversation 2...
✓ Final conversation summary extracted. Attributes: 8, Relationships: 5
Inserting character appearances for 5 characters...
Warning: Character '<<Amy)>' not found in graph, skipping appearance
✓ Character appearances inserted: 19 appearance edges created
334 node embeddings inserted (4 characters, 330 objects)
1700 edge embeddings inserted
Generating character attributes...
Number of edges:  1700
Character attributes generated.
Number of edges:  1735
Character relationships generated.
Number of edges:  1762
✓ Graph memory built for living_room_23
Question: Where did the robot take the black cardboard paper from？

[Step 1] Searching the graph...
Parse Query Output:
{
  "query_triple": ["<robot>", "takes from", "cardboard_paper#black", 0.95, 0.35, 0.9],
  "spatial_constraint": null,
  "speaker_strict": null,
  "allocation": {
    "k_high_level": 4,
    "k_low_level": 40,
    "k_conversations": 6,
    "total_k": 50,
    "reasoning": "Spatial/temporal action query about the source location of an object retrieval; prioritize low-level edges that encode actions and locations. Minimal high-level edges for any robot traits or roles if present; limited conversations."
  }
}

Graph Search Results:
**High-Level Information (Character Attributes and Relationships): **

Character Attributes:
- robot is: camera-holder perspective (100), no visible face (100), black gloves (100)

Character Relationships:
- robot assists Amy (90)

**Low-Level Information (Actions and Events): **

[5] robot walks to TV console area. (living room)
[5] robot places back under white sheet. (living room)
[5] robot picks up black sheet. (living room)
[5] robot hands black sheet. (living room)
[5] robot brings black sheet. (living room)
[17] robot opens white storage box. (living room)
[17] robot hands packaged pair of scissor. (living room)
[35] robot places white-lidded plastic box. (living room)
[35] robot opens white-lidded plastic box. (living room)
[35] robot takes out green glue stick. (living room)
[51] robot walks to TV stand. (living room)
[51] robot searches shelf. (living room)
[51] robot searches for paper. (living room)
[51] robot picks up dark brown paper sheet. (living room)
[51] dark brown paper sheet is carried by robot. (living room)
[51] robot hands dark brown paper sheet. (living room)
[54] robot walks toward TV stand. (living room)
[59] robot receives red broom. (living room)
[59] robot carries dustpan handle. (living room)
[59] robot carries red broom. (living room)
[59] robot approaches trash bin. (living room)
[60] robot looks at small stool. (living room)
[60] robot picks up red-handled broomstick. (living room)
[61] robot handles plastic case. (living room)
[61] robot closes lid white container. (living room)
[62] robot moves toward TV stand area. (living room)
[62] robot picks up white rag. (living room)
[62] robot walks back to coffee table. (living room)
[62] rag is from robot. (living room)
[63] stack is to robot. (living room)
[63] robot takes paper stack. (living room)
[63] robot carries stack. (living room)
[63] robot places paper. (living room)
[63] robot straightens paper. (living room)
[63] robot stacks paper. (living room)
[64] robot takes scissor. (living room)
[64] robot takes from Amy. (living room)
[64] robot cuts tape. (living room)
[64] robot opens box lid. (living room)
[64] robot looks inside box. (living room)

**Conversations: **

Conversation 2: Amy, Andy, and Linda collaborate on decorating a hat for a witch-themed costume, adding spiders and feathers and crafting a wand with a small crystal ball. They agree on using feathers instead of spider webs and choose dark brown paper for the wand. After finishing, they clean up the workspace together, delegating tasks and ensuring the room is tidy.
[50] Andy: Okay so—
[50] Andy: We need a dark brown.
[50] Andy: Paper jam.
[50] Andy: Do you like the color?
[50] Amy: Yes, I love it.
[50] Andy: Okay.
[50] Andy: Can you take the dark brown paper jam for me?
[51] Andy: can you take the dark brown paper jam for me
[51] Andy: thank you
[51] Andy: thank you so much
[62] Amy: Linda please put the rag to me
[62] Andy: oh Amy there are some
[63] Andy: paper jams right here
[63] Amy: I think we don't need it anymore
[63] Amy: please put it back
[64] Andy: oh Linda
[64] Andy: please take the scissor back
[65] Amy: have a robot to help cleaning is so convenient
[65] Andy: yes of course

Conversation 1: Amy and Andy chat about puppies, hot weather, and Halloween plans. They decide to host a Halloween party at home, choose a black witch hat, and collaborate to make and decorate it with stars and moons. They discuss possibly visiting a swimming pool and confirm that evening might be better due to heat.
[5] Andy: mysterious of the witch
[5] Amy: alright Linda
[5] Amy: put it back and take a black one for me
[5] Amy: thank you
[6] Amy: do you know how to do

[Step 2] Evaluating semantic answer...
Action: [Answer]
Content: From the TV stand area in the living room.
FINAL ANSWER (from graph):
From the TV stand area in the living room.
Question: What prop did Lotta and Keane make together?

[Step 1] Searching the graph...
Parse Query Output:
{
  "query_triple": ["<Lotta>", "makes", "prop#?", 0.95, 0.3, 0.2],
  "spatial_constraint": null,
  "speaker_strict": ["<Lotta>", "<Keane>"],
  "allocation": {
    "k_high_level": 5,
    "k_low_level": 30,
    "k_conversations": 15,
    "total_k": 50,
    "reasoning": "Action/object identity query about a collaborative creation. Use low-level edges to find making/creating actions involving both Lotta and Keane and the resulting prop object; include some conversations in case they discuss the prop while making it; a few high-level edges for collaboration/relationship context."
  }
}

Graph Search Results:
**High-Level Information (Character Attributes and Relationships): **

Character Attributes:
- Amy is: female (100), glasses (100)
- Andy is: female (100), creative (90)
- Linda is: female (100)

**Low-Level Information (Actions and Events): **

[3] Amy agrees to make hat. (living room)
[8] Andy places something. (living room)
[15] Amy points to spot. (living room)
[15] spot is on pad. (living room)
[17] Amy calls Linda. (living room)
[23] Andy sets folder. (living room)
[32] Andy points to spot. (living room)
[32] spot is on piece. (living room)
[32] Andy evaluates length. (living room)
[32] length is of cut piece. (living room)
[37] Amy moves item. (living room)
[39] Amy adjusts hat. (living room)
[41] Amy shows hat. (living room)
[41] Amy passes hat. (living room)
[49] Andy raises hat. (living room)
[49] Andy places hat. (living room)
[49] Andy wears hat. (living room)
[49] Andy holds hat. (living room)
[49] Andy removes hat. (living room)
[50] Andy adjusts something. (living room)
[54] robot places ball. (living room)
[54] ball is on table. (living room)
[56] Andy faces room. (living room)
[57] Andy uses wand. (living room)
[59] clutter is on table. (living room)
[60] item is from table. (living room)
[62] Amy takes rag. (living room)
[63] Amy hands stack. (living room)
[63] robot takes paper stack. (living room)
[63] robot carries stack. (living room)


[Step 2] Evaluating semantic answer...
Action: [Search]
Content: [3, 41, 49, 39]
Summary: The graph involves Amy, Andy, and Linda in the living room making and handling a hat (Amy agrees to make hat, adjusts and shows it; Andy wears and removes it). There is no mention of characters named Lotta or Keane, so the extracted information cannot directly answer what prop they made together.

[Step 3] Watching video clips: [3, 41, 49, 39]

   Processing clip 3 (1/4)...
Question: What's the date today?

[Step 1] Searching the graph...
Parse Query Output:
{
  "query_triple": [null, "current date", "?", 0.1, 0.2, 0.15],
  "spatial_constraint": null,
  "speaker_strict": null,
  "allocation": {
    "k_high_level": 2,
    "k_low_level": 3,
    "k_conversations": 5,
    "total_k": 10,
    "reasoning": "The query is meta (system/time) and not about the video graph. Minimal allocation with low weights; remaining budget unused."
  }
}

Graph Search Results:
**High-Level Information (Character Attributes and Relationships): **

Character Attributes:
- robot is: black gloves (100), camera-holder perspective (100)

**Low-Level Information (Actions and Events): **

[2] Amy asks about tomorrow being Halloween. (living room)
[46] Andy looks at table item. (living room)
[46] Andy mentions last Halloween. (living room)

**Conversations: **

Conversation 1: Amy and Andy chat about puppies, hot weather, and Halloween plans. They decide to host a Halloween party at home, choose a black witch hat, and collaborate to make and decorate it with stars and moons. They discuss possibly visiting a swimming pool and confirm that evening might be better due to heat.
[11] Amy: the paper
[11] Amy: is enough
[11] Amy: today is very hot
[11] Andy: yes you right
[11] Andy: why don't we
[11] Andy: the swimming pool
[11] Andy: do you want
[11] Amy: today
[11] Amy: what time
[12] Andy: maybe next weekend
[22] Andy: so I will
[23] Amy: how about tomorrow's weather
[23] Andy: Tomorrow's weather
[23] Andy: always hot
[23] Amy: but I want to play outside tomorrow
[24] Andy: tomorrow
[24] Amy: evening or day
[24] Andy: day
[24] Amy: day
[24] Andy: and I and I will get a set of
[24] Andy: Halloween party

[Step 2] Evaluating semantic answer...
Action: [Answer]
Content: Today is very hot, but the exact date is not provided.
FINAL ANSWER (from graph):
Today is very hot, but the exact date is not provided.
Question: How many colors of cardboard paper are there in the cabinet under the TV?

[Step 1] Searching the graph...
Parse Query Output:
{
  "query_triple": ["cardboard paper", "colors count", "cabinet under the TV", 0.6, 0.3, 0.7],
  "spatial_constraint": "cabinet under the TV",
  "speaker_strict": null,
  "allocation": {
    "k_high_level": 3,
    "k_low_level": 40,
    "k_conversations": 7,
    "total_k": 50,
    "reasoning": "Quantity and spatial query about objects in a specific location; prioritize low-level edges to enumerate paper color instances and their storage location, minimal high-level and conversations."
  }
}

Graph Search Results:
**High-Level Information (Character Attributes and Relationships): **

Character Attributes:
- robot is: black gloves (100)

Character Relationships:
- Amy collaborates with Andy (95)
- Amy friends with Andy (90)

**Low-Level Information (Actions and Events): **

[3] Andy organizes shelf under TV. (living room)
[4] large white paper sheet is from TV stand. (living room)
[4] large white paper sheet is on coffee table. (living room)
[5] white sheet is on coffee table. (living room)
[5] robot walks to TV console area. (living room)
[5] white sheet is under console shelf. (living room)
[5] black sheet is from console shelf. (living room)
[8] black paper sheet is on table. (living room)
[11] paper is on table. (living room)
[12] paper is on table. (living room)
[18] paper is in tray. (living room)
[22] paper is on coffee table. (living room)
[23] paper is on table. (living room)
[24] paper is on table. (living room)
[25] black craft paper is on table. (living room)
[31] paper is on table. (living room)
[31] paper is on tabletop. (living room)
[32] paper is on coffee table. (living room)
[35] white-lidded plastic box is on coffee table. (living room)
[37] plastic box is from coffee table. (living room)
[40] paper is on coffee table. (living room)
[41] paper material is on coffee table. (living room)
[46] Amy walks toward TV cabinet. (living room)
[46] Andy checks decoration near TV. (living room)
[47] paper is on coffee table. (living room)
[48] Linda stands near TV console. (living room)
[51] robot walks to TV stand. (living room)
[52] piece of brown craft paper is on table. (living room)
[53] rolled brown sheet is on coffee table. (living room)
[54] robot walks toward TV stand. (living room)
[54] small blue crystal ball is from TV stand. (living room)
[59] Amy stands near TV console. (living room)
[62] Amy points toward TV stand. (living room)
[62] robot moves toward TV stand area. (living room)
[62] white rag is from TV cabinet. (living room)
[63] stack moves toward TV stand. (living room)
[63] paper is on shelf under the TV. (living room)
[63] robot stacks paper. (living room)
[63] paper is on shelf. (living room)
[64] white plastic box is on coffee table. (living room)

**Conversations: **

Conversation 2: Amy, Andy, and Linda collaborate on decorating a hat for a witch-themed costume, adding spiders and feathers and crafting a wand with a small crystal ball. They agree on using feathers instead of spider webs and choose dark brown paper for the wand. After finishing, they clean up the workspace together, delegating tasks and ensuring the room is tidy.
[50] Andy: That's a good choice.
[50] Andy: Okay so—
[50] Andy: We need a dark brown.
[50] Andy: Paper jam.
[50] Andy: Do you like the color?
[50] Amy: Yes, I love it.
[50] Andy: Okay.
[50] Andy: Can you take the dark brown paper jam for me?
[51] Andy: can you take the dark brown paper jam for me
[51] Andy: thank you
[51] Andy: thank you so much
[62] Amy: Linda please put the rag to me
[62] Andy: oh Amy there are some
[63] Andy: paper jams right here
[63] Amy: I think we don't need it anymore
[63] Amy: please put it back

Conversation 1: Amy and Andy chat about puppies, hot weather, and Halloween plans. They decide to host a Halloween party at home, choose a black witch hat, and collaborate to make and decorate it with stars and moons. They discuss possibly visiting a swimming pool and confirm that evening might be better due to heat.
[4] Andy: oh thank you
[4] Amy: look this
[4] Andy: the white color
[4] Andy: I think the black
[4] Andy: paper jam more suitable wizard hat

[Step 2] Evaluating semantic answer...
Action: [Answer]
Content: Two colors—white and black.
FINAL ANSWER (from graph):
Two colors—white and black.
Question: How many items were taken out from the toolbox?

[Step 1] Searching the graph...
Parse Query Output:
{
  "query_triple": ["toolbox", "items taken out count", "?", 0.6, 0.25, 0.15],
  "spatial_constraint": null,
  "speaker_strict": null,
  "allocation": {
    "k_high_level": 4,
    "k_low_level": 40,
    "k_conversations": 6,
    "total_k": 50,
    "reasoning": "Quantitative action query about removals from an object; prioritize low-level edges to aggregate specific 'takes out' actions. Minimal high-level and conversations for context or mentions."
  }
}

Graph Search Results:
**High-Level Information (Character Attributes and Relationships): **

Character Attributes:
- robot is: no visible face (100), black gloves (100), camera-holder perspective (100), task-oriented (90)

**Low-Level Information (Actions and Events): **

[6] Amy takes out item. (living room)
[6] Amy passes box. (living room)
[8] Amy points toward container. (living room)
[8] something is in container. (living room)
[9] Amy picks up tool. (living room)
[17] Amy checks box contents. (living room)
[18] Amy reaches for tool. (living room)
[18] Andy checks tool. (living room)
[18] tool is in tray. (living room)
[19] Amy arranges tool. (living room)
[19] Amy holds small tool. (living room)
[20] Amy places hand near tool. (living room)
[22] Amy places tool. (living room)
[22] tool is on coffee table. (living room)
[29] Andy arranges tool. (living room)
[29] tool is on table. (living room)
[29] Amy picks up tool. (living room)
[31] Andy points toward tool. (living room)
[31] tool is on table. (living room)
[32] Amy gathers tool. (living room)
[32] tool is on coffee table. (living room)
[32] Amy cuts with tool. (living room)
[33] Amy places tool. (living room)
[33] tool is on table. (living room)
[36] Amy grabs tool. (living room)
[36] tool is from tabletop. (living room)
[40] Amy arranges tool. (living room)
[40] tool is on coffee table. (living room)
[44] Amy handles tool. (living room)
[44] tool is on table. (living room)
[47] Andy adjusts tool. (living room)
[47] tool is on coffee table. (living room)
[52] Amy picks up from small tool. (living room)
[52] small tool is from table. (living room)
[56] Amy holds small tool. (living room)
[60] Amy continues organizing tool. (living room)
[60] tool is on table. (living room)
[60] Amy keeps working with tool. (living room)
[61] Andy asks to help take back tool. (living room)
[64] robot looks inside box. (living room)

**Conversations: **

Conversation 2: Amy, Andy, and Linda collaborate on decorating a hat for a witch-themed costume, adding spiders and feathers and crafting a wand with a small crystal ball. They agree on using feathers instead of spider webs and choose dark brown paper for the wand. After finishing, they clean up the workspace together, delegating tasks and ensuring the room is tidy.
[45] Andy: forget
[46] Andy: last Halloween
[46] Andy: we left the material
[46] Andy: how do you think
[46] Andy: the spider
[59] Amy: Linda take out the rubbish
[60] Andy: oh this too much
[60] Andy: tools
[60] Andy: another
[60] Andy: much tools
[61] Andy: Linda help me take the all tools back
[61] Andy: oh there are some glue marks
[62] Amy: hmm okay let me clean it

Conversation 1: Amy and Andy chat about puppies, hot weather, and Halloween plans. They decide to host a Halloween party at home, choose a black witch hat, and collaborate to make and decorate it with stars and moons. They discuss possibly visiting a swimming pool and confirm that evening might be better due to heat.
[5] Andy: mysterious of the witch
[5] Amy: alright Linda
[5] Amy: put it back and take a black one for me
[5] Amy: thank you
[6] Amy: do you know how to do
[30] Andy: a key step
[30] Andy: maybe we use this
[31] Andy: this tool
[31] Andy: 120
[31] Andy: maybe we should

[Step 2] Evaluating semantic answer...
Action: [Search]
Content: [6, 8, 9, 17, 18, 20, 22, 29, 31, 32, 33, 36, 40, 44, 47, 52, 56, 60, 64]
Summary: The graph shows multiple interactions with tools and a box/container in the living room, including Amy taking out an item [6], pointing to/confirming items in a container [8], picking up tools [9, 29, 32, 36, 52], checking box contents [17], reaching for tools [18], placing and arranging tools across clips, and the robot looking inside the box [64]. However, it does not explicitly enumerate how many distinct items were taken out from the toolbox, requiring a review of the referenced clips to count actual removals.

[Step 3] Watching video clips: [6, 8, 9, 17, 18, 20, 22, 29, 31, 32, 33, 36, 40, 44, 47, 52, 56, 60, 64]

   Processing clip 6 (1/19)...
Question: Where did the robot put back the cardboard paper in Andy's hand?

[Step 1] Searching the graph...
Parse Query Output:
{
  "query_triple": ["<robot>", "puts back", "cardboard paper#in_Andy_hand", 0.9, 0.6, 0.85],
  "spatial_constraint": null,
  "speaker_strict": null,
  "allocation": {
    "k_high_level": 5,
    "k_low_level": 40,
    "k_conversations": 5,
    "total_k": 50,
    "reasoning": "Spatial/action query about where an object was put back; prioritize low-level edges for precise actions and locations. Minimal high-level/context and conversations."
  }
}

Graph Search Results:
**High-Level Information (Character Attributes and Relationships): **

Character Attributes:
- robot is: black gloves (100), no visible face (100)

Character Relationships:
- robot is helpful toward Andy (90)
- Andy requests assistance from robot (85)
- Andy shows appreciation toward robot (80)

**Low-Level Information (Actions and Events): **

[5] robot places back under white sheet. (living room)
[5] robot picks up black sheet. (living room)
[5] robot hands black sheet. (living room)
[5] robot brings black sheet. (living room)
[17] robot opens white storage box. (living room)
[17] robot hands packaged pair of scissor. (living room)
[35] robot places white-lidded plastic box. (living room)
[35] robot opens white-lidded plastic box. (living room)
[35] robot takes out green glue stick. (living room)
[35] robot hands toward Andy. (living room)
[35] Andy accepts from robot. (living room)
[51] Andy asks robot. (living room)
[51] robot searches shelf. (living room)
[51] robot searches for paper. (living room)
[51] robot picks up dark brown paper sheet. (living room)
[51] dark brown paper sheet is carried by robot. (living room)
[51] robot hands dark brown paper sheet. (living room)
[51] Andy thanks robot. (living room)
[54] Andy asks to bring robot. (living room)
[54] Andy thanks robot. (living room)
[59] robot receives red broom. (living room)
[59] robot carries dustpan handle. (living room)
[60] robot picks up red-handled broomstick. (living room)
[61] robot picks up with black glove small tool. (living room)
[61] robot handles plastic case. (living room)
[61] robot closes lid white container. (living room)
[62] robot picks up white rag. (living room)
[62] robot walks back to coffee table. (living room)
[62] robot holds rag. (living room)
[63] robot takes paper stack. (living room)
[63] robot carries stack. (living room)
[63] robot places paper. (living room)
[63] robot straightens paper. (living room)
[63] robot stacks paper. (living room)
[64] robot takes scissor. (living room)
[64] robot takes from Amy. (living room)
[64] robot cuts tape. (living room)
[64] robot opens box lid. (living room)
[64] robot looks inside box. (living room)
[64] robot closes box latch. (living room)

**Conversations: **

Conversation 2: Amy, Andy, and Linda collaborate on decorating a hat for a witch-themed costume, adding spiders and feathers and crafting a wand with a small crystal ball. They agree on using feathers instead of spider webs and choose dark brown paper for the wand. After finishing, they clean up the workspace together, delegating tasks and ensuring the room is tidy.
[49] Amy: hmm but
[50] Amy: I still want something in my hand.
[50] Andy: In your hand.
[50] Andy: So what about—
[50] Andy: Which ward you want?
[50] Andy: Okay so—
[50] Andy: We need a dark brown.
[50] Andy: Paper jam.
[50] Andy: Do you like the color?
[50] Amy: Yes, I love it.
[50] Andy: Okay.
[50] Andy: Can you take the dark brown paper jam for me?
[51] Andy: can you take the dark brown paper jam for me
[51] Andy: thank you
[51] Andy: thank you so much
[62] Amy: Linda please put the rag to me
[62] Andy: oh Amy there are some
[63] Andy: paper jams right here
[63] Amy: I think we don't need it anymore
[63] Amy: please put it back

[Step 2] Evaluating semantic answer...
Action: [Answer]
Content: In the living room.
FINAL ANSWER (from graph):
In the living room.
Question: Where did the robot take the glue from?

[Step 1] Searching the graph...
Parse Query Output:
{
  "query_triple": ["<robot>", "takes from", "glue", 0.95, 0.3, 0.6],
  "spatial_constraint": null,
  "speaker_strict": null,
  "allocation": {
    "k_high_level": 4,
    "k_low_level": 40,
    "k_conversations": 6,
    "total_k": 50,
    "reasoning": "Spatial/action query about the source location of an object; prioritize low-level edges to find where the robot took the glue from, minimal high-level and conversations."
  }
}

Graph Search Results:
**High-Level Information (Character Attributes and Relationships): **

Character Attributes:
- robot is: camera-holder perspective (100), no visible face (100), black gloves (100)

Character Relationships:
- robot assists Amy (90)

**Low-Level Information (Actions and Events): **

[5] robot picks up black sheet. (living room)
[5] robot brings black sheet. (living room)
[35] robot takes out green glue stick. (living room)
[35] Andy accepts from robot. (living room)
[51] robot walks to TV stand. (living room)
[51] robot searches shelf. (living room)
[51] robot searches for paper. (living room)
[51] robot picks up dark brown paper sheet. (living room)
[51] robot carries toward couch. (living room)
[54] robot walks toward TV stand. (living room)
[54] robot carries crystal ball. (living room)
[54] robot places ball. (living room)
[59] robot receives red broom. (living room)
[59] robot moves toward doorway. (living room)
[59] robot carries dustpan handle. (living room)
[59] robot carries red broom. (living room)
[60] robot looks at small stool. (living room)
[60] robot picks up red-handled broomstick. (living room)
[60] robot stands upright against wall. (living room)
[61] robot films table. (living room)
[61] robot picks up with black glove small tool. (living room)
[61] robot handles plastic case. (living room)
[62] robot picks up white rag. (living room)
[62] robot walks back to coffee table. (living room)
[62] robot holds rag. (living room)
[62] rag is from robot. (living room)
[63] stack is to robot. (living room)
[63] robot takes paper stack. (living room)
[63] robot carries stack. (living room)
[63] robot places paper. (living room)
[63] robot straightens paper. (living room)
[63] robot stacks paper. (living room)
[63] robot looks around in living room. (living room)
[64] robot takes scissor. (living room)
[64] robot takes from Amy. (living room)
[64] robot cuts tape. (living room)
[64] robot opens box lid. (living room)
[64] robot looks inside box. (living room)
[64] robot closes box latch. (living room)
[64] robot locks box latch. (living room)

**Conversations: **

Conversation 1: Amy and Andy chat about puppies, hot weather, and Halloween plans. They decide to host a Halloween party at home, choose a black witch hat, and collaborate to make and decorate it with stars and moons. They discuss possibly visiting a swimming pool and confirm that evening might be better due to heat.
[34] Amy: perfect
[34] Amy: next step
[34] Amy: you need glue right
[34] Andy: right
[34] Andy: we need a glue so Linda
[34] Andy: can you give me a glue please
[35] Andy: thank you so much
[35] Andy: I
[35] Andy: stick them down
[36] Andy: we can take your head
[36] Amy: do you need scissors

Conversation 2: Amy, Andy, and Linda collaborate on decorating a hat for a witch-themed costume, adding spiders and feathers and crafting a wand with a small crystal ball. They agree on using feathers instead of spider webs and choose dark brown paper for the wand. After finishing, they clean up the workspace together, delegating tasks and ensuring the room is tidy.
[60] Andy: much tools
[61] Andy: Linda help me take the all tools back
[61] Andy: oh there are some glue marks
[62] Amy: hmm okay let me clean it
[62] Amy: Linda please put the rag to me
[64] Andy: oh Linda
[64] Andy: please take the scissor back
[65] Amy: have a robot to help cleaning is so convenient
[65] Andy: yes of course

[Step 2] Evaluating semantic answer...
Action: [Answer]
Content: From the living room.
FINAL ANSWER (from graph):
From the living room.
Question: Where should the robot pour the garbage in the dustpan?

[Step 1] Searching the graph...
Parse Query Output:
{
  "query_triple": ["<robot>", "should pour garbage into", "?", 0.9, 0.25, 0.15],
  "spatial_constraint": null,
  "speaker_strict": null,
  "allocation": {
    "k_high_level": 4,
    "k_low_level": 40,
    "k_conversations": 6,
    "total_k": 50,
    "reasoning": "Location/action query about where to pour garbage—prioritize low-level edges for concrete actions and destinations; minimal high-level and conversations for any instructional hints."
  }
}

Graph Search Results:
